 --- modulename: s602827233, funcname: <module>
s602827233.py(2): N = int(input())
 --- modulename: codecs, funcname: getstate
codecs.py(333):         return (self.buffer, 0)
 --- modulename: codecs, funcname: decode
codecs.py(321):         data = self.buffer + input
codecs.py(322):         (result, consumed) = self._buffer_decode(data, self.errors, final)
codecs.py(324):         self.buffer = data[consumed:]
codecs.py(325):         return result
s602827233.py(3): *P, = map(int, input().split())
s602827233.py(4): M = [0]*(N+1)
s602827233.py(5): for i, p in enumerate(P):
s602827233.py(6):     M[p] = i
s602827233.py(5): for i, p in enumerate(P):
s602827233.py(6):     M[p] = i
s602827233.py(5): for i, p in enumerate(P):
s602827233.py(6):     M[p] = i
s602827233.py(5): for i, p in enumerate(P):
s602827233.py(6):     M[p] = i
s602827233.py(5): for i, p in enumerate(P):
s602827233.py(8): INF = 10**9
s602827233.py(9): def init(P, n):
s602827233.py(17): def get_data(data, l, r):
s602827233.py(31): def get(data, l, r):
s602827233.py(34): d0 = init(P[0::2], N//2)
 --- modulename: s602827233, funcname: init
s602827233.py(10):     n0 = 2 ** (n-1).bit_length()
s602827233.py(11):     data = [INF]*(n0*2)
s602827233.py(12):     data[n0-1:n0+n-1] = P
s602827233.py(13):     for i in range(n0-2, -1, -1):
s602827233.py(14):         data[i] = min(data[2*i+1], data[2*i+2])
s602827233.py(13):     for i in range(n0-2, -1, -1):
s602827233.py(15):     return data
s602827233.py(35): d1 = init(P[1::2], N//2)
 --- modulename: s602827233, funcname: init
s602827233.py(10):     n0 = 2 ** (n-1).bit_length()
s602827233.py(11):     data = [INF]*(n0*2)
s602827233.py(12):     data[n0-1:n0+n-1] = P
s602827233.py(13):     for i in range(n0-2, -1, -1):
s602827233.py(14):         data[i] = min(data[2*i+1], data[2*i+2])
s602827233.py(13):     for i in range(n0-2, -1, -1):
s602827233.py(15):     return data
s602827233.py(37): def query_x(l, r):
s602827233.py(43): def query_y(l, r):
s602827233.py(50): from heapq import heappush, heappop
s602827233.py(51): que = [(query_x(0, N), 0, N)]
 --- modulename: s602827233, funcname: query_x
s602827233.py(38):     if l % 2 == 0:
s602827233.py(39):         x = get(d0, l//2, r//2)
 --- modulename: s602827233, funcname: get
s602827233.py(32):     return min(get_data(data, l, r))
 --- modulename: s602827233, funcname: get_data
s602827233.py(18):     n0 = len(data)//2
s602827233.py(19):     l += n0
s602827233.py(20):     r += n0
s602827233.py(21):     while l < r:
s602827233.py(22):         if r&1:
s602827233.py(25):         if l&1:
s602827233.py(28):         l >>= 1
s602827233.py(29):         r >>= 1
s602827233.py(21):     while l < r:
s602827233.py(22):         if r&1:
s602827233.py(25):         if l&1:
s602827233.py(26):             yield data[l-1]
 --- modulename: s602827233, funcname: get_data
s602827233.py(27):             l += 1
s602827233.py(28):         l >>= 1
s602827233.py(29):         r >>= 1
s602827233.py(21):     while l < r:
s602827233.py(42):     return x
s602827233.py(52): ans = []
s602827233.py(53): while que:
s602827233.py(54):     x, l, r = heappop(que)
s602827233.py(55):     if l+2 < r:
s602827233.py(56):         xi = M[x]
s602827233.py(57):         y = query_y(xi, r)
 --- modulename: s602827233, funcname: query_y
s602827233.py(44):     if l % 2 == 0:
s602827233.py(45):         y = get(d1, l//2, r//2)
 --- modulename: s602827233, funcname: get
s602827233.py(32):     return min(get_data(data, l, r))
 --- modulename: s602827233, funcname: get_data
s602827233.py(18):     n0 = len(data)//2
s602827233.py(19):     l += n0
s602827233.py(20):     r += n0
s602827233.py(21):     while l < r:
s602827233.py(22):         if r&1:
s602827233.py(25):         if l&1:
s602827233.py(28):         l >>= 1
s602827233.py(29):         r >>= 1
s602827233.py(21):     while l < r:
s602827233.py(22):         if r&1:
s602827233.py(25):         if l&1:
s602827233.py(26):             yield data[l-1]
 --- modulename: s602827233, funcname: get_data
s602827233.py(27):             l += 1
s602827233.py(28):         l >>= 1
s602827233.py(29):         r >>= 1
s602827233.py(21):     while l < r:
s602827233.py(48):     return y
s602827233.py(59):         yi = M[y]
s602827233.py(62):         if l < xi:
s602827233.py(65):         if xi+1 < yi:
s602827233.py(66):             heappush(que, (query_x(xi+1, yi), xi+1, yi))
 --- modulename: s602827233, funcname: query_x
s602827233.py(38):     if l % 2 == 0:
s602827233.py(41):         x = get(d1, l//2, r//2)
 --- modulename: s602827233, funcname: get
s602827233.py(32):     return min(get_data(data, l, r))
 --- modulename: s602827233, funcname: get_data
s602827233.py(18):     n0 = len(data)//2
s602827233.py(19):     l += n0
s602827233.py(20):     r += n0
s602827233.py(21):     while l < r:
s602827233.py(22):         if r&1:
s602827233.py(23):             r -= 1
s602827233.py(24):             yield data[r-1]
 --- modulename: s602827233, funcname: get_data
s602827233.py(25):         if l&1:
s602827233.py(28):         l >>= 1
s602827233.py(29):         r >>= 1
s602827233.py(21):     while l < r:
s602827233.py(42):     return x
s602827233.py(68):         if yi+1 < r:
s602827233.py(73):     ans.append("%d %d" % (x, y))
s602827233.py(53): while que:
s602827233.py(54):     x, l, r = heappop(que)
s602827233.py(55):     if l+2 < r:
s602827233.py(71):         y = P[r-1]
s602827233.py(73):     ans.append("%d %d" % (x, y))
s602827233.py(53): while que:
s602827233.py(74): print(*ans)
3 1 2 4
