 --- modulename: s607445265, funcname: <module>
s607445265.py(2): import sys
s607445265.py(5): def solve(N: int, W: int, w: "List[int]", v: "List[int]"):
s607445265.py(18): def main():
s607445265.py(33): if __name__ == '__main__':
s607445265.py(34):     main()
 --- modulename: s607445265, funcname: main
s607445265.py(19):     def iterate_tokens():
s607445265.py(23):     tokens = iterate_tokens()
s607445265.py(24):     N = int(next(tokens))  # type: int
 --- modulename: s607445265, funcname: iterate_tokens
s607445265.py(20):         for line in sys.stdin:
 --- modulename: codecs, funcname: decode
codecs.py(321):         data = self.buffer + input
codecs.py(322):         (result, consumed) = self._buffer_decode(data, self.errors, final)
codecs.py(324):         self.buffer = data[consumed:]
codecs.py(325):         return result
s607445265.py(21):             for word in line.split():
s607445265.py(22):                 yield word
s607445265.py(25):     W = int(next(tokens))  # type: int
 --- modulename: s607445265, funcname: iterate_tokens
s607445265.py(21):             for word in line.split():
s607445265.py(22):                 yield word
s607445265.py(26):     w = [int()] * (N)  # type: "List[int]"
s607445265.py(27):     v = [int()] * (N)  # type: "List[int]"
s607445265.py(28):     for i in range(N):
s607445265.py(29):         w[i] = int(next(tokens))
 --- modulename: s607445265, funcname: iterate_tokens
s607445265.py(21):             for word in line.split():
s607445265.py(20):         for line in sys.stdin:
s607445265.py(21):             for word in line.split():
s607445265.py(22):                 yield word
s607445265.py(30):         v[i] = int(next(tokens))
 --- modulename: s607445265, funcname: iterate_tokens
s607445265.py(21):             for word in line.split():
s607445265.py(22):                 yield word
s607445265.py(28):     for i in range(N):
s607445265.py(29):         w[i] = int(next(tokens))
 --- modulename: s607445265, funcname: iterate_tokens
s607445265.py(21):             for word in line.split():
s607445265.py(20):         for line in sys.stdin:
s607445265.py(21):             for word in line.split():
s607445265.py(22):                 yield word
s607445265.py(30):         v[i] = int(next(tokens))
 --- modulename: s607445265, funcname: iterate_tokens
s607445265.py(21):             for word in line.split():
s607445265.py(22):                 yield word
s607445265.py(28):     for i in range(N):
s607445265.py(29):         w[i] = int(next(tokens))
 --- modulename: s607445265, funcname: iterate_tokens
s607445265.py(21):             for word in line.split():
s607445265.py(20):         for line in sys.stdin:
s607445265.py(21):             for word in line.split():
s607445265.py(22):                 yield word
s607445265.py(30):         v[i] = int(next(tokens))
 --- modulename: s607445265, funcname: iterate_tokens
s607445265.py(21):             for word in line.split():
s607445265.py(22):                 yield word
s607445265.py(28):     for i in range(N):
s607445265.py(31):     solve(N, W, w, v)
 --- modulename: s607445265, funcname: solve
s607445265.py(6):     dp=[[0]*(W+1) for _ in range(N+1)]
 --- modulename: s607445265, funcname: <listcomp>
s607445265.py(6):     dp=[[0]*(W+1) for _ in range(N+1)]
s607445265.py(6):     dp=[[0]*(W+1) for _ in range(N+1)]
s607445265.py(6):     dp=[[0]*(W+1) for _ in range(N+1)]
s607445265.py(6):     dp=[[0]*(W+1) for _ in range(N+1)]
s607445265.py(6):     dp=[[0]*(W+1) for _ in range(N+1)]
s607445265.py(7):     for i in range(1, N+1):
s607445265.py(8):         for j in range(1,W+1):
s607445265.py(9):             if j>w[i-1]-1:
s607445265.py(12):                 dp[i][j]=dp[i-1][j]
s607445265.py(8):         for j in range(1,W+1):
s607445265.py(9):             if j>w[i-1]-1:
s607445265.py(12):                 dp[i][j]=dp[i-1][j]
s607445265.py(8):         for j in range(1,W+1):
s607445265.py(9):             if j>w[i-1]-1:
s607445265.py(10):                 dp[i][j]=max(dp[i-1][j],dp[i-1][j-w[i-1]]+v[i-1])
s607445265.py(8):         for j in range(1,W+1):
s607445265.py(9):             if j>w[i-1]-1:
s607445265.py(10):                 dp[i][j]=max(dp[i-1][j],dp[i-1][j-w[i-1]]+v[i-1])
s607445265.py(8):         for j in range(1,W+1):
s607445265.py(9):             if j>w[i-1]-1:
s607445265.py(10):                 dp[i][j]=max(dp[i-1][j],dp[i-1][j-w[i-1]]+v[i-1])
s607445265.py(8):         for j in range(1,W+1):
s607445265.py(9):             if j>w[i-1]-1:
s607445265.py(10):                 dp[i][j]=max(dp[i-1][j],dp[i-1][j-w[i-1]]+v[i-1])
s607445265.py(8):         for j in range(1,W+1):
s607445265.py(9):             if j>w[i-1]-1:
s607445265.py(10):                 dp[i][j]=max(dp[i-1][j],dp[i-1][j-w[i-1]]+v[i-1])
s607445265.py(8):         for j in range(1,W+1):
s607445265.py(9):             if j>w[i-1]-1:
s607445265.py(10):                 dp[i][j]=max(dp[i-1][j],dp[i-1][j-w[i-1]]+v[i-1])
s607445265.py(8):         for j in range(1,W+1):
s607445265.py(7):     for i in range(1, N+1):
s607445265.py(8):         for j in range(1,W+1):
s607445265.py(9):             if j>w[i-1]-1:
s607445265.py(12):                 dp[i][j]=dp[i-1][j]
s607445265.py(8):         for j in range(1,W+1):
s607445265.py(9):             if j>w[i-1]-1:
s607445265.py(12):                 dp[i][j]=dp[i-1][j]
s607445265.py(8):         for j in range(1,W+1):
s607445265.py(9):             if j>w[i-1]-1:
s607445265.py(12):                 dp[i][j]=dp[i-1][j]
s607445265.py(8):         for j in range(1,W+1):
s607445265.py(9):             if j>w[i-1]-1:
s607445265.py(10):                 dp[i][j]=max(dp[i-1][j],dp[i-1][j-w[i-1]]+v[i-1])
s607445265.py(8):         for j in range(1,W+1):
s607445265.py(9):             if j>w[i-1]-1:
s607445265.py(10):                 dp[i][j]=max(dp[i-1][j],dp[i-1][j-w[i-1]]+v[i-1])
s607445265.py(8):         for j in range(1,W+1):
s607445265.py(9):             if j>w[i-1]-1:
s607445265.py(10):                 dp[i][j]=max(dp[i-1][j],dp[i-1][j-w[i-1]]+v[i-1])
s607445265.py(8):         for j in range(1,W+1):
s607445265.py(9):             if j>w[i-1]-1:
s607445265.py(10):                 dp[i][j]=max(dp[i-1][j],dp[i-1][j-w[i-1]]+v[i-1])
s607445265.py(8):         for j in range(1,W+1):
s607445265.py(9):             if j>w[i-1]-1:
s607445265.py(10):                 dp[i][j]=max(dp[i-1][j],dp[i-1][j-w[i-1]]+v[i-1])
s607445265.py(8):         for j in range(1,W+1):
s607445265.py(7):     for i in range(1, N+1):
s607445265.py(8):         for j in range(1,W+1):
s607445265.py(9):             if j>w[i-1]-1:
s607445265.py(12):                 dp[i][j]=dp[i-1][j]
s607445265.py(8):         for j in range(1,W+1):
s607445265.py(9):             if j>w[i-1]-1:
s607445265.py(12):                 dp[i][j]=dp[i-1][j]
s607445265.py(8):         for j in range(1,W+1):
s607445265.py(9):             if j>w[i-1]-1:
s607445265.py(12):                 dp[i][j]=dp[i-1][j]
s607445265.py(8):         for j in range(1,W+1):
s607445265.py(9):             if j>w[i-1]-1:
s607445265.py(12):                 dp[i][j]=dp[i-1][j]
s607445265.py(8):         for j in range(1,W+1):
s607445265.py(9):             if j>w[i-1]-1:
s607445265.py(10):                 dp[i][j]=max(dp[i-1][j],dp[i-1][j-w[i-1]]+v[i-1])
s607445265.py(8):         for j in range(1,W+1):
s607445265.py(9):             if j>w[i-1]-1:
s607445265.py(10):                 dp[i][j]=max(dp[i-1][j],dp[i-1][j-w[i-1]]+v[i-1])
s607445265.py(8):         for j in range(1,W+1):
s607445265.py(9):             if j>w[i-1]-1:
s607445265.py(10):                 dp[i][j]=max(dp[i-1][j],dp[i-1][j-w[i-1]]+v[i-1])
s607445265.py(8):         for j in range(1,W+1):
s607445265.py(9):             if j>w[i-1]-1:
s607445265.py(10):                 dp[i][j]=max(dp[i-1][j],dp[i-1][j-w[i-1]]+v[i-1])
s607445265.py(8):         for j in range(1,W+1):
s607445265.py(7):     for i in range(1, N+1):
s607445265.py(13):     print(dp[N][W])
90
s607445265.py(14):     return
 --- modulename: s607445265, funcname: iterate_tokens
