 --- modulename: s607251166, funcname: <module>
s607251166.py(2): import sys
s607251166.py(5): def solve(N: int, K: int):
s607251166.py(13): def main():
s607251166.py(23): if __name__ == '__main__':
s607251166.py(24):     main()
 --- modulename: s607251166, funcname: main
s607251166.py(14):     def iterate_tokens():
s607251166.py(18):     tokens = iterate_tokens()
s607251166.py(19):     N = int(next(tokens))  # type: int
 --- modulename: s607251166, funcname: iterate_tokens
s607251166.py(15):         for line in sys.stdin:
 --- modulename: codecs, funcname: decode
codecs.py(321):         data = self.buffer + input
codecs.py(322):         (result, consumed) = self._buffer_decode(data, self.errors, final)
codecs.py(324):         self.buffer = data[consumed:]
codecs.py(325):         return result
s607251166.py(16):             for word in line.split():
s607251166.py(17):                 yield word
s607251166.py(20):     K = int(next(tokens))  # type: int
 --- modulename: s607251166, funcname: iterate_tokens
s607251166.py(16):             for word in line.split():
s607251166.py(17):                 yield word
s607251166.py(21):     solve(N, K)
 --- modulename: s607251166, funcname: solve
s607251166.py(6):     n = N % K
s607251166.py(7):     for _ in range(100):
s607251166.py(8):         n = min(n, abs(n - K))
s607251166.py(7):     for _ in range(100):
s607251166.py(8):         n = min(n, abs(n - K))
s607251166.py(7):     for _ in range(100):
s607251166.py(8):         n = min(n, abs(n - K))
s607251166.py(7):     for _ in range(100):
s607251166.py(8):         n = min(n, abs(n - K))
s607251166.py(7):     for _ in range(100):
s607251166.py(8):         n = min(n, abs(n - K))
s607251166.py(7):     for _ in range(100):
s607251166.py(8):         n = min(n, abs(n - K))
s607251166.py(7):     for _ in range(100):
s607251166.py(8):         n = min(n, abs(n - K))
s607251166.py(7):     for _ in range(100):
s607251166.py(8):         n = min(n, abs(n - K))
s607251166.py(7):     for _ in range(100):
s607251166.py(8):         n = min(n, abs(n - K))
s607251166.py(7):     for _ in range(100):
s607251166.py(8):         n = min(n, abs(n - K))
s607251166.py(7):     for _ in range(100):
s607251166.py(8):         n = min(n, abs(n - K))
s607251166.py(7):     for _ in range(100):
s607251166.py(8):         n = min(n, abs(n - K))
s607251166.py(7):     for _ in range(100):
s607251166.py(8):         n = min(n, abs(n - K))
s607251166.py(7):     for _ in range(100):
s607251166.py(8):         n = min(n, abs(n - K))
s607251166.py(7):     for _ in range(100):
s607251166.py(8):         n = min(n, abs(n - K))
s607251166.py(7):     for _ in range(100):
s607251166.py(8):         n = min(n, abs(n - K))
s607251166.py(7):     for _ in range(100):
s607251166.py(8):         n = min(n, abs(n - K))
s607251166.py(7):     for _ in range(100):
s607251166.py(8):         n = min(n, abs(n - K))
s607251166.py(7):     for _ in range(100):
s607251166.py(8):         n = min(n, abs(n - K))
s607251166.py(7):     for _ in range(100):
s607251166.py(8):         n = min(n, abs(n - K))
s607251166.py(7):     for _ in range(100):
s607251166.py(8):         n = min(n, abs(n - K))
s607251166.py(7):     for _ in range(100):
s607251166.py(8):         n = min(n, abs(n - K))
s607251166.py(7):     for _ in range(100):
s607251166.py(8):         n = min(n, abs(n - K))
s607251166.py(7):     for _ in range(100):
s607251166.py(8):         n = min(n, abs(n - K))
s607251166.py(7):     for _ in range(100):
s607251166.py(8):         n = min(n, abs(n - K))
s607251166.py(7):     for _ in range(100):
s607251166.py(8):         n = min(n, abs(n - K))
s607251166.py(7):     for _ in range(100):
s607251166.py(8):         n = min(n, abs(n - K))
s607251166.py(7):     for _ in range(100):
s607251166.py(8):         n = min(n, abs(n - K))
s607251166.py(7):     for _ in range(100):
s607251166.py(8):         n = min(n, abs(n - K))
s607251166.py(7):     for _ in range(100):
s607251166.py(8):         n = min(n, abs(n - K))
s607251166.py(7):     for _ in range(100):
s607251166.py(8):         n = min(n, abs(n - K))
s607251166.py(7):     for _ in range(100):
s607251166.py(8):         n = min(n, abs(n - K))
s607251166.py(7):     for _ in range(100):
s607251166.py(8):         n = min(n, abs(n - K))
s607251166.py(7):     for _ in range(100):
s607251166.py(8):         n = min(n, abs(n - K))
s607251166.py(7):     for _ in range(100):
s607251166.py(8):         n = min(n, abs(n - K))
s607251166.py(7):     for _ in range(100):
s607251166.py(8):         n = min(n, abs(n - K))
s607251166.py(7):     for _ in range(100):
s607251166.py(8):         n = min(n, abs(n - K))
s607251166.py(7):     for _ in range(100):
s607251166.py(8):         n = min(n, abs(n - K))
s607251166.py(7):     for _ in range(100):
s607251166.py(8):         n = min(n, abs(n - K))
s607251166.py(7):     for _ in range(100):
s607251166.py(8):         n = min(n, abs(n - K))
s607251166.py(7):     for _ in range(100):
s607251166.py(8):         n = min(n, abs(n - K))
s607251166.py(7):     for _ in range(100):
s607251166.py(8):         n = min(n, abs(n - K))
s607251166.py(7):     for _ in range(100):
s607251166.py(8):         n = min(n, abs(n - K))
s607251166.py(7):     for _ in range(100):
s607251166.py(8):         n = min(n, abs(n - K))
s607251166.py(7):     for _ in range(100):
s607251166.py(8):         n = min(n, abs(n - K))
s607251166.py(7):     for _ in range(100):
s607251166.py(8):         n = min(n, abs(n - K))
s607251166.py(7):     for _ in range(100):
s607251166.py(8):         n = min(n, abs(n - K))
s607251166.py(7):     for _ in range(100):
s607251166.py(8):         n = min(n, abs(n - K))
s607251166.py(7):     for _ in range(100):
s607251166.py(8):         n = min(n, abs(n - K))
s607251166.py(7):     for _ in range(100):
s607251166.py(8):         n = min(n, abs(n - K))
s607251166.py(7):     for _ in range(100):
s607251166.py(8):         n = min(n, abs(n - K))
s607251166.py(7):     for _ in range(100):
s607251166.py(8):         n = min(n, abs(n - K))
s607251166.py(7):     for _ in range(100):
s607251166.py(8):         n = min(n, abs(n - K))
s607251166.py(7):     for _ in range(100):
s607251166.py(8):         n = min(n, abs(n - K))
s607251166.py(7):     for _ in range(100):
s607251166.py(8):         n = min(n, abs(n - K))
s607251166.py(7):     for _ in range(100):
s607251166.py(8):         n = min(n, abs(n - K))
s607251166.py(7):     for _ in range(100):
s607251166.py(8):         n = min(n, abs(n - K))
s607251166.py(7):     for _ in range(100):
s607251166.py(8):         n = min(n, abs(n - K))
s607251166.py(7):     for _ in range(100):
s607251166.py(8):         n = min(n, abs(n - K))
s607251166.py(7):     for _ in range(100):
s607251166.py(8):         n = min(n, abs(n - K))
s607251166.py(7):     for _ in range(100):
s607251166.py(8):         n = min(n, abs(n - K))
s607251166.py(7):     for _ in range(100):
s607251166.py(8):         n = min(n, abs(n - K))
s607251166.py(7):     for _ in range(100):
s607251166.py(8):         n = min(n, abs(n - K))
s607251166.py(7):     for _ in range(100):
s607251166.py(8):         n = min(n, abs(n - K))
s607251166.py(7):     for _ in range(100):
s607251166.py(8):         n = min(n, abs(n - K))
s607251166.py(7):     for _ in range(100):
s607251166.py(8):         n = min(n, abs(n - K))
s607251166.py(7):     for _ in range(100):
s607251166.py(8):         n = min(n, abs(n - K))
s607251166.py(7):     for _ in range(100):
s607251166.py(8):         n = min(n, abs(n - K))
s607251166.py(7):     for _ in range(100):
s607251166.py(8):         n = min(n, abs(n - K))
s607251166.py(7):     for _ in range(100):
s607251166.py(8):         n = min(n, abs(n - K))
s607251166.py(7):     for _ in range(100):
s607251166.py(8):         n = min(n, abs(n - K))
s607251166.py(7):     for _ in range(100):
s607251166.py(8):         n = min(n, abs(n - K))
s607251166.py(7):     for _ in range(100):
s607251166.py(8):         n = min(n, abs(n - K))
s607251166.py(7):     for _ in range(100):
s607251166.py(8):         n = min(n, abs(n - K))
s607251166.py(7):     for _ in range(100):
s607251166.py(8):         n = min(n, abs(n - K))
s607251166.py(7):     for _ in range(100):
s607251166.py(8):         n = min(n, abs(n - K))
s607251166.py(7):     for _ in range(100):
s607251166.py(8):         n = min(n, abs(n - K))
s607251166.py(7):     for _ in range(100):
s607251166.py(8):         n = min(n, abs(n - K))
s607251166.py(7):     for _ in range(100):
s607251166.py(8):         n = min(n, abs(n - K))
s607251166.py(7):     for _ in range(100):
s607251166.py(8):         n = min(n, abs(n - K))
s607251166.py(7):     for _ in range(100):
s607251166.py(8):         n = min(n, abs(n - K))
s607251166.py(7):     for _ in range(100):
s607251166.py(8):         n = min(n, abs(n - K))
s607251166.py(7):     for _ in range(100):
s607251166.py(8):         n = min(n, abs(n - K))
s607251166.py(7):     for _ in range(100):
s607251166.py(8):         n = min(n, abs(n - K))
s607251166.py(7):     for _ in range(100):
s607251166.py(8):         n = min(n, abs(n - K))
s607251166.py(7):     for _ in range(100):
s607251166.py(8):         n = min(n, abs(n - K))
s607251166.py(7):     for _ in range(100):
s607251166.py(8):         n = min(n, abs(n - K))
s607251166.py(7):     for _ in range(100):
s607251166.py(8):         n = min(n, abs(n - K))
s607251166.py(7):     for _ in range(100):
s607251166.py(8):         n = min(n, abs(n - K))
s607251166.py(7):     for _ in range(100):
s607251166.py(8):         n = min(n, abs(n - K))
s607251166.py(7):     for _ in range(100):
s607251166.py(8):         n = min(n, abs(n - K))
s607251166.py(7):     for _ in range(100):
s607251166.py(8):         n = min(n, abs(n - K))
s607251166.py(7):     for _ in range(100):
s607251166.py(8):         n = min(n, abs(n - K))
s607251166.py(7):     for _ in range(100):
s607251166.py(8):         n = min(n, abs(n - K))
s607251166.py(7):     for _ in range(100):
s607251166.py(8):         n = min(n, abs(n - K))
s607251166.py(7):     for _ in range(100):
s607251166.py(8):         n = min(n, abs(n - K))
s607251166.py(7):     for _ in range(100):
s607251166.py(8):         n = min(n, abs(n - K))
s607251166.py(7):     for _ in range(100):
s607251166.py(8):         n = min(n, abs(n - K))
s607251166.py(7):     for _ in range(100):
s607251166.py(8):         n = min(n, abs(n - K))
s607251166.py(7):     for _ in range(100):
s607251166.py(8):         n = min(n, abs(n - K))
s607251166.py(7):     for _ in range(100):
s607251166.py(9):     print(n)
1
 --- modulename: s607251166, funcname: iterate_tokens
