 --- modulename: s612016899, funcname: <module>
s612016899.py(2): class UnionFind():
 --- modulename: s612016899, funcname: UnionFind
s612016899.py(2): class UnionFind():
s612016899.py(3):     def __init__(self, n):
s612016899.py(7):     def find(self, x): #要素xが属するグループの根を返す
s612016899.py(14):     def union(self,x,y): #要素xが属するグループと要素yが属するグループとを併合する
s612016899.py(27):     def size(self,x): #要素xが属するグループのサイズ（要素数）を返す
s612016899.py(30):     def same(self,x,y): #要素x, yが同じグループに属するかどうかを返す
s612016899.py(33):     def members(self,x): #要素xが属するグループに属する要素をリストで返す
s612016899.py(37):     def roots(self): #すべての根の要素をリストで返す
s612016899.py(40):     def group_count(self): #グループの数を返す
s612016899.py(43):     def all_group_members(self): #{ルート要素: [そのグループに含まれる要素のリスト], ...}の辞書を返す
s612016899.py(46):     def __str__(self):
s612016899.py(51): def main():
s612016899.py(68): if __name__=="__main__" :
s612016899.py(69):     main()
 --- modulename: s612016899, funcname: main
s612016899.py(52):     n,k,l=map(int,input().split())
 --- modulename: codecs, funcname: getstate
codecs.py(333):         return (self.buffer, 0)
 --- modulename: codecs, funcname: decode
codecs.py(321):         data = self.buffer + input
codecs.py(322):         (result, consumed) = self._buffer_decode(data, self.errors, final)
codecs.py(324):         self.buffer = data[consumed:]
codecs.py(325):         return result
s612016899.py(53):     ufr=UnionFind(n)
 --- modulename: s612016899, funcname: __init__
s612016899.py(4):         self.n=n
s612016899.py(5):         self.parents=[-1]*n #各要素の親要素の番号を格納するリスト
s612016899.py(54):     uft=UnionFind(n)
 --- modulename: s612016899, funcname: __init__
s612016899.py(4):         self.n=n
s612016899.py(5):         self.parents=[-1]*n #各要素の親要素の番号を格納するリスト
s612016899.py(55):     for i in range(k):
s612016899.py(56):         x,y=map(int,input().split())
s612016899.py(57):         ufr.union(x-1,y-1)
 --- modulename: s612016899, funcname: union
s612016899.py(15):         x=self.find(x)
 --- modulename: s612016899, funcname: find
s612016899.py(8):         if self.parents[x]<0:
s612016899.py(9):             return x
s612016899.py(16):         y=self.find(y)
 --- modulename: s612016899, funcname: find
s612016899.py(8):         if self.parents[x]<0:
s612016899.py(9):             return x
s612016899.py(18):         if x==y:
s612016899.py(21):         if self.parents[x]>self.parents[y]:
s612016899.py(24):         self.parents[x]+=self.parents[y]
s612016899.py(25):         self.parents[y]=x
s612016899.py(55):     for i in range(k):
s612016899.py(56):         x,y=map(int,input().split())
s612016899.py(57):         ufr.union(x-1,y-1)
 --- modulename: s612016899, funcname: union
s612016899.py(15):         x=self.find(x)
 --- modulename: s612016899, funcname: find
s612016899.py(8):         if self.parents[x]<0:
s612016899.py(11):             self.parents[x]=self.find(self.parents[x])
 --- modulename: s612016899, funcname: find
s612016899.py(8):         if self.parents[x]<0:
s612016899.py(9):             return x
s612016899.py(12):             return self.parents[x]
s612016899.py(16):         y=self.find(y)
 --- modulename: s612016899, funcname: find
s612016899.py(8):         if self.parents[x]<0:
s612016899.py(9):             return x
s612016899.py(18):         if x==y:
s612016899.py(21):         if self.parents[x]>self.parents[y]:
s612016899.py(24):         self.parents[x]+=self.parents[y]
s612016899.py(25):         self.parents[y]=x
s612016899.py(55):     for i in range(k):
s612016899.py(56):         x,y=map(int,input().split())
s612016899.py(57):         ufr.union(x-1,y-1)
 --- modulename: s612016899, funcname: union
s612016899.py(15):         x=self.find(x)
 --- modulename: s612016899, funcname: find
s612016899.py(8):         if self.parents[x]<0:
s612016899.py(11):             self.parents[x]=self.find(self.parents[x])
 --- modulename: s612016899, funcname: find
s612016899.py(8):         if self.parents[x]<0:
s612016899.py(9):             return x
s612016899.py(12):             return self.parents[x]
s612016899.py(16):         y=self.find(y)
 --- modulename: s612016899, funcname: find
s612016899.py(8):         if self.parents[x]<0:
s612016899.py(9):             return x
s612016899.py(18):         if x==y:
s612016899.py(21):         if self.parents[x]>self.parents[y]:
s612016899.py(24):         self.parents[x]+=self.parents[y]
s612016899.py(25):         self.parents[y]=x
s612016899.py(55):     for i in range(k):
s612016899.py(58):     for i in range(l):
s612016899.py(59):         x,y=map(int,input().split())
s612016899.py(60):         uft.union(x-1,y-1)
 --- modulename: s612016899, funcname: union
s612016899.py(15):         x=self.find(x)
 --- modulename: s612016899, funcname: find
s612016899.py(8):         if self.parents[x]<0:
s612016899.py(9):             return x
s612016899.py(16):         y=self.find(y)
 --- modulename: s612016899, funcname: find
s612016899.py(8):         if self.parents[x]<0:
s612016899.py(9):             return x
s612016899.py(18):         if x==y:
s612016899.py(21):         if self.parents[x]>self.parents[y]:
s612016899.py(24):         self.parents[x]+=self.parents[y]
s612016899.py(25):         self.parents[y]=x
s612016899.py(58):     for i in range(l):
s612016899.py(62):     pairs = [(ufr.find(i), uft.find(i)) for i in range(n)]
 --- modulename: s612016899, funcname: <listcomp>
s612016899.py(62):     pairs = [(ufr.find(i), uft.find(i)) for i in range(n)]
 --- modulename: s612016899, funcname: find
s612016899.py(8):         if self.parents[x]<0:
s612016899.py(9):             return x
 --- modulename: s612016899, funcname: find
s612016899.py(8):         if self.parents[x]<0:
s612016899.py(9):             return x
s612016899.py(62):     pairs = [(ufr.find(i), uft.find(i)) for i in range(n)]
 --- modulename: s612016899, funcname: find
s612016899.py(8):         if self.parents[x]<0:
s612016899.py(11):             self.parents[x]=self.find(self.parents[x])
 --- modulename: s612016899, funcname: find
s612016899.py(8):         if self.parents[x]<0:
s612016899.py(9):             return x
s612016899.py(12):             return self.parents[x]
 --- modulename: s612016899, funcname: find
s612016899.py(8):         if self.parents[x]<0:
s612016899.py(9):             return x
s612016899.py(62):     pairs = [(ufr.find(i), uft.find(i)) for i in range(n)]
 --- modulename: s612016899, funcname: find
s612016899.py(8):         if self.parents[x]<0:
s612016899.py(11):             self.parents[x]=self.find(self.parents[x])
 --- modulename: s612016899, funcname: find
s612016899.py(8):         if self.parents[x]<0:
s612016899.py(9):             return x
s612016899.py(12):             return self.parents[x]
 --- modulename: s612016899, funcname: find
s612016899.py(8):         if self.parents[x]<0:
s612016899.py(11):             self.parents[x]=self.find(self.parents[x])
 --- modulename: s612016899, funcname: find
s612016899.py(8):         if self.parents[x]<0:
s612016899.py(9):             return x
s612016899.py(12):             return self.parents[x]
s612016899.py(62):     pairs = [(ufr.find(i), uft.find(i)) for i in range(n)]
 --- modulename: s612016899, funcname: find
s612016899.py(8):         if self.parents[x]<0:
s612016899.py(11):             self.parents[x]=self.find(self.parents[x])
 --- modulename: s612016899, funcname: find
s612016899.py(8):         if self.parents[x]<0:
s612016899.py(9):             return x
s612016899.py(12):             return self.parents[x]
 --- modulename: s612016899, funcname: find
s612016899.py(8):         if self.parents[x]<0:
s612016899.py(9):             return x
s612016899.py(62):     pairs = [(ufr.find(i), uft.find(i)) for i in range(n)]
s612016899.py(63):     from collections import Counter
 --- modulename: _bootstrap, funcname: _handle_fromlist
<frozen importlib._bootstrap>(1043): <frozen importlib._bootstrap>(1044): <frozen importlib._bootstrap>(1051): <frozen importlib._bootstrap>(1055): <frozen importlib._bootstrap>(1043): <frozen importlib._bootstrap>(1067): s612016899.py(64):     pairs_counter = Counter(pairs)
 --- modulename: __init__, funcname: __init__
__init__.py(592):         super().__init__()
__init__.py(593):         self.update(iterable, **kwds)
 --- modulename: __init__, funcname: update
__init__.py(669):         if iterable is not None:
__init__.py(670):             if isinstance(iterable, _collections_abc.Mapping):
 --- modulename: abc, funcname: __instancecheck__
abc.py(119):             return _abc_instancecheck(cls, instance)
 --- modulename: abc, funcname: __subclasscheck__
abc.py(123):             return _abc_subclasscheck(cls, subclass)
 --- modulename: _collections_abc, funcname: __subclasshook__
_collections_abc.py(411):         if cls is Collection:
_collections_abc.py(413):         return NotImplemented
 --- modulename: abc, funcname: __subclasscheck__
abc.py(123):             return _abc_subclasscheck(cls, subclass)
 --- modulename: _collections_abc, funcname: __subclasshook__
_collections_abc.py(411):         if cls is Collection:
_collections_abc.py(413):         return NotImplemented
 --- modulename: abc, funcname: __subclasscheck__
abc.py(123):             return _abc_subclasscheck(cls, subclass)
 --- modulename: _collections_abc, funcname: __subclasshook__
_collections_abc.py(411):         if cls is Collection:
_collections_abc.py(413):         return NotImplemented
 --- modulename: abc, funcname: __subclasscheck__
abc.py(123):             return _abc_subclasscheck(cls, subclass)
 --- modulename: _collections_abc, funcname: __subclasshook__
_collections_abc.py(411):         if cls is Collection:
_collections_abc.py(413):         return NotImplemented
 --- modulename: abc, funcname: __subclasscheck__
abc.py(123):             return _abc_subclasscheck(cls, subclass)
 --- modulename: _collections_abc, funcname: __subclasshook__
_collections_abc.py(411):         if cls is Collection:
_collections_abc.py(413):         return NotImplemented
 --- modulename: abc, funcname: __subclasscheck__
abc.py(123):             return _abc_subclasscheck(cls, subclass)
 --- modulename: _collections_abc, funcname: __subclasshook__
_collections_abc.py(411):         if cls is Collection:
_collections_abc.py(413):         return NotImplemented
 --- modulename: abc, funcname: __subclasscheck__
abc.py(123):             return _abc_subclasscheck(cls, subclass)
 --- modulename: _collections_abc, funcname: __subclasshook__
_collections_abc.py(411):         if cls is Collection:
_collections_abc.py(413):         return NotImplemented
__init__.py(679):                 _count_elements(self, iterable)
__init__.py(680):         if kwds:
s612016899.py(65):     ans = [pairs_counter[pair] for pair in pairs]
 --- modulename: s612016899, funcname: <listcomp>
s612016899.py(65):     ans = [pairs_counter[pair] for pair in pairs]
s612016899.py(65):     ans = [pairs_counter[pair] for pair in pairs]
s612016899.py(65):     ans = [pairs_counter[pair] for pair in pairs]
s612016899.py(65):     ans = [pairs_counter[pair] for pair in pairs]
s612016899.py(65):     ans = [pairs_counter[pair] for pair in pairs]
s612016899.py(66):     print(*ans)
1 2 2 1
