 --- modulename: s620116160, funcname: <module>
s620116160.py(3): """
s620116160.py(7): import sys
s620116160.py(8): def input(): return sys.stdin.readline().strip()
s620116160.py(9): sys.setrecursionlimit(10 ** 9)
s620116160.py(11): from operator import itemgetter
s620116160.py(14): class UnionFind:
 --- modulename: s620116160, funcname: UnionFind
s620116160.py(14): class UnionFind:
s620116160.py(15):     def __init__(self, n):
s620116160.py(23):     def find(self, x):
s620116160.py(33):     def union(self, x, y):
s620116160.py(47):     def same(self, x, y):
s620116160.py(50): N = int(input())
 --- modulename: s620116160, funcname: input
s620116160.py(8): def input(): return sys.stdin.readline().strip()
 --- modulename: codecs, funcname: getstate
codecs.py(333):         return (self.buffer, 0)
 --- modulename: codecs, funcname: decode
codecs.py(321):         data = self.buffer + input
codecs.py(322):         (result, consumed) = self._buffer_decode(data, self.errors, final)
codecs.py(324):         self.buffer = data[consumed:]
codecs.py(325):         return result
s620116160.py(51): X = [[0] * 2 for i in range(N)]
 --- modulename: s620116160, funcname: <listcomp>
s620116160.py(51): X = [[0] * 2 for i in range(N)]
s620116160.py(51): X = [[0] * 2 for i in range(N)]
s620116160.py(51): X = [[0] * 2 for i in range(N)]
s620116160.py(51): X = [[0] * 2 for i in range(N)]
s620116160.py(52): Y = [[0] * 2 for i in range(N)]
 --- modulename: s620116160, funcname: <listcomp>
s620116160.py(52): Y = [[0] * 2 for i in range(N)]
s620116160.py(52): Y = [[0] * 2 for i in range(N)]
s620116160.py(52): Y = [[0] * 2 for i in range(N)]
s620116160.py(52): Y = [[0] * 2 for i in range(N)]
s620116160.py(53): for i in range(N):
s620116160.py(54):     x, y = map(int, input().split())
 --- modulename: s620116160, funcname: input
s620116160.py(8): def input(): return sys.stdin.readline().strip()
s620116160.py(55):     X[i][0] = x
s620116160.py(56):     X[i][1] = i
s620116160.py(57):     Y[i][0] = y
s620116160.py(58):     Y[i][1] = i
s620116160.py(53): for i in range(N):
s620116160.py(54):     x, y = map(int, input().split())
 --- modulename: s620116160, funcname: input
s620116160.py(8): def input(): return sys.stdin.readline().strip()
s620116160.py(55):     X[i][0] = x
s620116160.py(56):     X[i][1] = i
s620116160.py(57):     Y[i][0] = y
s620116160.py(58):     Y[i][1] = i
s620116160.py(53): for i in range(N):
s620116160.py(54):     x, y = map(int, input().split())
 --- modulename: s620116160, funcname: input
s620116160.py(8): def input(): return sys.stdin.readline().strip()
s620116160.py(55):     X[i][0] = x
s620116160.py(56):     X[i][1] = i
s620116160.py(57):     Y[i][0] = y
s620116160.py(58):     Y[i][1] = i
s620116160.py(53): for i in range(N):
s620116160.py(60): X.sort(key=itemgetter(0))
s620116160.py(61): Y.sort(key=itemgetter(0))
s620116160.py(63): edges = []
s620116160.py(64): for i in range(1, N):
s620116160.py(66):     edges.append((X[i-1][1], X[i][1], X[i][0] - X[i-1][0]))
s620116160.py(67):     edges.append((Y[i-1][1], Y[i][1], Y[i][0] - Y[i-1][0]))
s620116160.py(64): for i in range(1, N):
s620116160.py(66):     edges.append((X[i-1][1], X[i][1], X[i][0] - X[i-1][0]))
s620116160.py(67):     edges.append((Y[i-1][1], Y[i][1], Y[i][0] - Y[i-1][0]))
s620116160.py(64): for i in range(1, N):
s620116160.py(69): edges.sort(key=itemgetter(2))
s620116160.py(71): uf = UnionFind(N)
 --- modulename: s620116160, funcname: __init__
s620116160.py(18):         self.par = [i for i in range(n+1)]
 --- modulename: s620116160, funcname: <listcomp>
s620116160.py(18):         self.par = [i for i in range(n+1)]
s620116160.py(18):         self.par = [i for i in range(n+1)]
s620116160.py(18):         self.par = [i for i in range(n+1)]
s620116160.py(18):         self.par = [i for i in range(n+1)]
s620116160.py(18):         self.par = [i for i in range(n+1)]
s620116160.py(20):         self.rank = [0] * (n+1)
s620116160.py(72): ans = 0
s620116160.py(73): grp = N
s620116160.py(75): for x, y, w in edges:
s620116160.py(76):     if not uf.same(x, y):
 --- modulename: s620116160, funcname: same
s620116160.py(48):         return self.find(x) == self.find(y)
 --- modulename: s620116160, funcname: find
s620116160.py(25):         if self.par[x] == x:
s620116160.py(26):             return x
 --- modulename: s620116160, funcname: find
s620116160.py(25):         if self.par[x] == x:
s620116160.py(26):             return x
s620116160.py(77):         uf.union(x, y)
 --- modulename: s620116160, funcname: union
s620116160.py(35):         x = self.find(x)
 --- modulename: s620116160, funcname: find
s620116160.py(25):         if self.par[x] == x:
s620116160.py(26):             return x
s620116160.py(36):         y = self.find(y)
 --- modulename: s620116160, funcname: find
s620116160.py(25):         if self.par[x] == x:
s620116160.py(26):             return x
s620116160.py(38):         if self.rank[x] < self.rank[y]:
s620116160.py(41):             self.par[y] = x
s620116160.py(43):             if self.rank[x] == self.rank[y]:
s620116160.py(44):                 self.rank[x] += 1
s620116160.py(78):         ans += w
s620116160.py(79):         grp -= 1
s620116160.py(81):     if grp == 1:
s620116160.py(75): for x, y, w in edges:
s620116160.py(76):     if not uf.same(x, y):
 --- modulename: s620116160, funcname: same
s620116160.py(48):         return self.find(x) == self.find(y)
 --- modulename: s620116160, funcname: find
s620116160.py(25):         if self.par[x] == x:
s620116160.py(26):             return x
 --- modulename: s620116160, funcname: find
s620116160.py(25):         if self.par[x] == x:
s620116160.py(29):             self.par[x] = self.find(self.par[x])
 --- modulename: s620116160, funcname: find
s620116160.py(25):         if self.par[x] == x:
s620116160.py(26):             return x
s620116160.py(30):             return self.par[x]
s620116160.py(77):         uf.union(x, y)
 --- modulename: s620116160, funcname: union
s620116160.py(35):         x = self.find(x)
 --- modulename: s620116160, funcname: find
s620116160.py(25):         if self.par[x] == x:
s620116160.py(26):             return x
s620116160.py(36):         y = self.find(y)
 --- modulename: s620116160, funcname: find
s620116160.py(25):         if self.par[x] == x:
s620116160.py(29):             self.par[x] = self.find(self.par[x])
 --- modulename: s620116160, funcname: find
s620116160.py(25):         if self.par[x] == x:
s620116160.py(26):             return x
s620116160.py(30):             return self.par[x]
s620116160.py(38):         if self.rank[x] < self.rank[y]:
s620116160.py(39):             self.par[x] = y
s620116160.py(78):         ans += w
s620116160.py(79):         grp -= 1
s620116160.py(81):     if grp == 1:
s620116160.py(82):         break
s620116160.py(83): print(ans)
3
