 --- modulename: s376997330, funcname: <module>
s376997330.py(1): def hasTri(arrs):
s376997330.py(9): def hascol(arrs):
s376997330.py(15): def hasrow(arrs):
s376997330.py(21): A = [[0,0,0],[0,0,0],[0,0,0]]
s376997330.py(22): B = [[False,False,False],[False,False,False],[False,False,False]]
s376997330.py(23): for i in range(3):
s376997330.py(24):     A[i][0],A[i][1],A[i][2] = map(int, input().split())
 --- modulename: codecs, funcname: getstate
codecs.py(333):         return (self.buffer, 0)
 --- modulename: codecs, funcname: decode
codecs.py(321):         data = self.buffer + input
codecs.py(322):         (result, consumed) = self._buffer_decode(data, self.errors, final)
codecs.py(324):         self.buffer = data[consumed:]
codecs.py(325):         return result
s376997330.py(23): for i in range(3):
s376997330.py(24):     A[i][0],A[i][1],A[i][2] = map(int, input().split())
s376997330.py(23): for i in range(3):
s376997330.py(24):     A[i][0],A[i][1],A[i][2] = map(int, input().split())
s376997330.py(23): for i in range(3):
s376997330.py(25): N = int(input())
s376997330.py(26): Al = [i for x in A for i in x]
 --- modulename: s376997330, funcname: <listcomp>
s376997330.py(26): Al = [i for x in A for i in x]
s376997330.py(26): Al = [i for x in A for i in x]
s376997330.py(26): Al = [i for x in A for i in x]
s376997330.py(26): Al = [i for x in A for i in x]
s376997330.py(26): Al = [i for x in A for i in x]
s376997330.py(26): Al = [i for x in A for i in x]
s376997330.py(26): Al = [i for x in A for i in x]
s376997330.py(26): Al = [i for x in A for i in x]
s376997330.py(26): Al = [i for x in A for i in x]
s376997330.py(26): Al = [i for x in A for i in x]
s376997330.py(26): Al = [i for x in A for i in x]
s376997330.py(26): Al = [i for x in A for i in x]
s376997330.py(26): Al = [i for x in A for i in x]
s376997330.py(27): have = []
s376997330.py(28): for _ in range(N):
s376997330.py(29):     a = int(input())
s376997330.py(30):     if a in Al:
s376997330.py(31):         have.append(a)
s376997330.py(28): for _ in range(N):
s376997330.py(29):     a = int(input())
s376997330.py(30):     if a in Al:
s376997330.py(31):         have.append(a)
s376997330.py(28): for _ in range(N):
s376997330.py(29):     a = int(input())
s376997330.py(30):     if a in Al:
s376997330.py(28): for _ in range(N):
s376997330.py(29):     a = int(input())
s376997330.py(30):     if a in Al:
s376997330.py(31):         have.append(a)
s376997330.py(28): for _ in range(N):
s376997330.py(29):     a = int(input())
s376997330.py(30):     if a in Al:
s376997330.py(28): for _ in range(N):
s376997330.py(29):     a = int(input())
s376997330.py(30):     if a in Al:
s376997330.py(31):         have.append(a)
s376997330.py(28): for _ in range(N):
s376997330.py(29):     a = int(input())
s376997330.py(30):     if a in Al:
s376997330.py(28): for _ in range(N):
s376997330.py(32): indexs = [[]]
s376997330.py(33): for k in have:
s376997330.py(34):     index = [[ix,iy] for ix, row in enumerate(A) for iy, j in enumerate(row) if j == k]
 --- modulename: s376997330, funcname: <listcomp>
s376997330.py(34):     index = [[ix,iy] for ix, row in enumerate(A) for iy, j in enumerate(row) if j == k]
s376997330.py(34):     index = [[ix,iy] for ix, row in enumerate(A) for iy, j in enumerate(row) if j == k]
s376997330.py(34):     index = [[ix,iy] for ix, row in enumerate(A) for iy, j in enumerate(row) if j == k]
s376997330.py(34):     index = [[ix,iy] for ix, row in enumerate(A) for iy, j in enumerate(row) if j == k]
s376997330.py(34):     index = [[ix,iy] for ix, row in enumerate(A) for iy, j in enumerate(row) if j == k]
s376997330.py(34):     index = [[ix,iy] for ix, row in enumerate(A) for iy, j in enumerate(row) if j == k]
s376997330.py(34):     index = [[ix,iy] for ix, row in enumerate(A) for iy, j in enumerate(row) if j == k]
s376997330.py(34):     index = [[ix,iy] for ix, row in enumerate(A) for iy, j in enumerate(row) if j == k]
s376997330.py(34):     index = [[ix,iy] for ix, row in enumerate(A) for iy, j in enumerate(row) if j == k]
s376997330.py(34):     index = [[ix,iy] for ix, row in enumerate(A) for iy, j in enumerate(row) if j == k]
s376997330.py(34):     index = [[ix,iy] for ix, row in enumerate(A) for iy, j in enumerate(row) if j == k]
s376997330.py(34):     index = [[ix,iy] for ix, row in enumerate(A) for iy, j in enumerate(row) if j == k]
s376997330.py(34):     index = [[ix,iy] for ix, row in enumerate(A) for iy, j in enumerate(row) if j == k]
s376997330.py(35):     if len(index[0]) == 2:
s376997330.py(36):         indexs = indexs + index
s376997330.py(37):         B[index[0][0]][index[0][1]] = k
s376997330.py(33): for k in have:
s376997330.py(34):     index = [[ix,iy] for ix, row in enumerate(A) for iy, j in enumerate(row) if j == k]
 --- modulename: s376997330, funcname: <listcomp>
s376997330.py(34):     index = [[ix,iy] for ix, row in enumerate(A) for iy, j in enumerate(row) if j == k]
s376997330.py(34):     index = [[ix,iy] for ix, row in enumerate(A) for iy, j in enumerate(row) if j == k]
s376997330.py(34):     index = [[ix,iy] for ix, row in enumerate(A) for iy, j in enumerate(row) if j == k]
s376997330.py(34):     index = [[ix,iy] for ix, row in enumerate(A) for iy, j in enumerate(row) if j == k]
s376997330.py(34):     index = [[ix,iy] for ix, row in enumerate(A) for iy, j in enumerate(row) if j == k]
s376997330.py(34):     index = [[ix,iy] for ix, row in enumerate(A) for iy, j in enumerate(row) if j == k]
s376997330.py(34):     index = [[ix,iy] for ix, row in enumerate(A) for iy, j in enumerate(row) if j == k]
s376997330.py(34):     index = [[ix,iy] for ix, row in enumerate(A) for iy, j in enumerate(row) if j == k]
s376997330.py(34):     index = [[ix,iy] for ix, row in enumerate(A) for iy, j in enumerate(row) if j == k]
s376997330.py(34):     index = [[ix,iy] for ix, row in enumerate(A) for iy, j in enumerate(row) if j == k]
s376997330.py(34):     index = [[ix,iy] for ix, row in enumerate(A) for iy, j in enumerate(row) if j == k]
s376997330.py(34):     index = [[ix,iy] for ix, row in enumerate(A) for iy, j in enumerate(row) if j == k]
s376997330.py(34):     index = [[ix,iy] for ix, row in enumerate(A) for iy, j in enumerate(row) if j == k]
s376997330.py(35):     if len(index[0]) == 2:
s376997330.py(36):         indexs = indexs + index
s376997330.py(37):         B[index[0][0]][index[0][1]] = k
s376997330.py(33): for k in have:
s376997330.py(34):     index = [[ix,iy] for ix, row in enumerate(A) for iy, j in enumerate(row) if j == k]
 --- modulename: s376997330, funcname: <listcomp>
s376997330.py(34):     index = [[ix,iy] for ix, row in enumerate(A) for iy, j in enumerate(row) if j == k]
s376997330.py(34):     index = [[ix,iy] for ix, row in enumerate(A) for iy, j in enumerate(row) if j == k]
s376997330.py(34):     index = [[ix,iy] for ix, row in enumerate(A) for iy, j in enumerate(row) if j == k]
s376997330.py(34):     index = [[ix,iy] for ix, row in enumerate(A) for iy, j in enumerate(row) if j == k]
s376997330.py(34):     index = [[ix,iy] for ix, row in enumerate(A) for iy, j in enumerate(row) if j == k]
s376997330.py(34):     index = [[ix,iy] for ix, row in enumerate(A) for iy, j in enumerate(row) if j == k]
s376997330.py(34):     index = [[ix,iy] for ix, row in enumerate(A) for iy, j in enumerate(row) if j == k]
s376997330.py(34):     index = [[ix,iy] for ix, row in enumerate(A) for iy, j in enumerate(row) if j == k]
s376997330.py(34):     index = [[ix,iy] for ix, row in enumerate(A) for iy, j in enumerate(row) if j == k]
s376997330.py(34):     index = [[ix,iy] for ix, row in enumerate(A) for iy, j in enumerate(row) if j == k]
s376997330.py(34):     index = [[ix,iy] for ix, row in enumerate(A) for iy, j in enumerate(row) if j == k]
s376997330.py(34):     index = [[ix,iy] for ix, row in enumerate(A) for iy, j in enumerate(row) if j == k]
s376997330.py(34):     index = [[ix,iy] for ix, row in enumerate(A) for iy, j in enumerate(row) if j == k]
s376997330.py(35):     if len(index[0]) == 2:
s376997330.py(36):         indexs = indexs + index
s376997330.py(37):         B[index[0][0]][index[0][1]] = k
s376997330.py(33): for k in have:
s376997330.py(34):     index = [[ix,iy] for ix, row in enumerate(A) for iy, j in enumerate(row) if j == k]
 --- modulename: s376997330, funcname: <listcomp>
s376997330.py(34):     index = [[ix,iy] for ix, row in enumerate(A) for iy, j in enumerate(row) if j == k]
s376997330.py(34):     index = [[ix,iy] for ix, row in enumerate(A) for iy, j in enumerate(row) if j == k]
s376997330.py(34):     index = [[ix,iy] for ix, row in enumerate(A) for iy, j in enumerate(row) if j == k]
s376997330.py(34):     index = [[ix,iy] for ix, row in enumerate(A) for iy, j in enumerate(row) if j == k]
s376997330.py(34):     index = [[ix,iy] for ix, row in enumerate(A) for iy, j in enumerate(row) if j == k]
s376997330.py(34):     index = [[ix,iy] for ix, row in enumerate(A) for iy, j in enumerate(row) if j == k]
s376997330.py(34):     index = [[ix,iy] for ix, row in enumerate(A) for iy, j in enumerate(row) if j == k]
s376997330.py(34):     index = [[ix,iy] for ix, row in enumerate(A) for iy, j in enumerate(row) if j == k]
s376997330.py(34):     index = [[ix,iy] for ix, row in enumerate(A) for iy, j in enumerate(row) if j == k]
s376997330.py(34):     index = [[ix,iy] for ix, row in enumerate(A) for iy, j in enumerate(row) if j == k]
s376997330.py(34):     index = [[ix,iy] for ix, row in enumerate(A) for iy, j in enumerate(row) if j == k]
s376997330.py(34):     index = [[ix,iy] for ix, row in enumerate(A) for iy, j in enumerate(row) if j == k]
s376997330.py(34):     index = [[ix,iy] for ix, row in enumerate(A) for iy, j in enumerate(row) if j == k]
s376997330.py(35):     if len(index[0]) == 2:
s376997330.py(36):         indexs = indexs + index
s376997330.py(37):         B[index[0][0]][index[0][1]] = k
s376997330.py(33): for k in have:
s376997330.py(38): if hasTri(B) or hasrow(B ) or hascol(B):
 --- modulename: s376997330, funcname: hasTri
s376997330.py(2):     k = [arrs[0][0], arrs[1][1], arrs[2][2]]
s376997330.py(3):     l = [arrs[0][2], arrs[1][1], arrs[2][0]]
s376997330.py(4):     if not False in k:
s376997330.py(5):         return True
s376997330.py(39):     print("Yes")
Yes
