 --- modulename: s377688370, funcname: <module>
s377688370.py(1): import sys
s377688370.py(2): from collections import Counter
 --- modulename: _bootstrap, funcname: _handle_fromlist
<frozen importlib._bootstrap>(1043): <frozen importlib._bootstrap>(1044): <frozen importlib._bootstrap>(1051): <frozen importlib._bootstrap>(1055): <frozen importlib._bootstrap>(1043): <frozen importlib._bootstrap>(1067): s377688370.py(3): input = sys.stdin.readline
s377688370.py(4): N, M = map(int, input().split())
 --- modulename: codecs, funcname: getstate
codecs.py(333):         return (self.buffer, 0)
 --- modulename: codecs, funcname: decode
codecs.py(321):         data = self.buffer + input
codecs.py(322):         (result, consumed) = self._buffer_decode(data, self.errors, final)
codecs.py(324):         self.buffer = data[consumed:]
codecs.py(325):         return result
s377688370.py(5): a = list(map(int, input().split()))
s377688370.py(6): e = []
s377688370.py(7): ee = [[] for _ in range(N + 1)]
 --- modulename: s377688370, funcname: <listcomp>
s377688370.py(7): ee = [[] for _ in range(N + 1)]
s377688370.py(7): ee = [[] for _ in range(N + 1)]
s377688370.py(7): ee = [[] for _ in range(N + 1)]
s377688370.py(7): ee = [[] for _ in range(N + 1)]
s377688370.py(7): ee = [[] for _ in range(N + 1)]
s377688370.py(7): ee = [[] for _ in range(N + 1)]
s377688370.py(8): for _ in range(M):
s377688370.py(9):   u, v, c = map(int, input().split())
s377688370.py(10):   e.append((c, u, v))
s377688370.py(11):   ee[u].append((v, c))
s377688370.py(12):   ee[v].append((u, c))
s377688370.py(8): for _ in range(M):
s377688370.py(9):   u, v, c = map(int, input().split())
s377688370.py(10):   e.append((c, u, v))
s377688370.py(11):   ee[u].append((v, c))
s377688370.py(12):   ee[v].append((u, c))
s377688370.py(8): for _ in range(M):
s377688370.py(9):   u, v, c = map(int, input().split())
s377688370.py(10):   e.append((c, u, v))
s377688370.py(11):   ee[u].append((v, c))
s377688370.py(12):   ee[v].append((u, c))
s377688370.py(8): for _ in range(M):
s377688370.py(9):   u, v, c = map(int, input().split())
s377688370.py(10):   e.append((c, u, v))
s377688370.py(11):   ee[u].append((v, c))
s377688370.py(12):   ee[v].append((u, c))
s377688370.py(8): for _ in range(M):
s377688370.py(13): e.sort()
s377688370.py(15): table = [0] + a[: ]
s377688370.py(17): class UnionFind():
 --- modulename: s377688370, funcname: UnionFind
s377688370.py(17): class UnionFind():
s377688370.py(18):   def __init__(self, n):
s377688370.py(23):   def Find_Root(self, x):
s377688370.py(30):   def Unite(self, x, y):
s377688370.py(44):   def isSameGroup(self, x, y):
s377688370.py(47):   def Count(self, x):
s377688370.py(50): uf = UnionFind(N)
 --- modulename: s377688370, funcname: __init__
s377688370.py(19):     self.n = n
s377688370.py(20):     self.root = [-1] * (n + 1)
s377688370.py(21):     self.rnk = [0] * (n + 1)
s377688370.py(51): edges = []
s377688370.py(52): etable = [0] * (N + 1)
s377688370.py(53): for i in range(M):
s377688370.py(54):   c, u, v = e[i]
s377688370.py(55):   if uf.isSameGroup(u, v):
 --- modulename: s377688370, funcname: isSameGroup
s377688370.py(45):     return self.Find_Root(x) == self.Find_Root(y)
 --- modulename: s377688370, funcname: Find_Root
s377688370.py(24):     if self.root[x] < 0:
s377688370.py(25):       return x
 --- modulename: s377688370, funcname: Find_Root
s377688370.py(24):     if self.root[x] < 0:
s377688370.py(25):       return x
s377688370.py(61):     ur = uf.Find_Root(u)
 --- modulename: s377688370, funcname: Find_Root
s377688370.py(24):     if self.root[x] < 0:
s377688370.py(25):       return x
s377688370.py(62):     vr = uf.Find_Root(v)
 --- modulename: s377688370, funcname: Find_Root
s377688370.py(24):     if self.root[x] < 0:
s377688370.py(25):       return x
s377688370.py(63):     uf.Unite(u, v)
 --- modulename: s377688370, funcname: Unite
s377688370.py(31):     x = self.Find_Root(x)
 --- modulename: s377688370, funcname: Find_Root
s377688370.py(24):     if self.root[x] < 0:
s377688370.py(25):       return x
s377688370.py(32):     y = self.Find_Root(y)
 --- modulename: s377688370, funcname: Find_Root
s377688370.py(24):     if self.root[x] < 0:
s377688370.py(25):       return x
s377688370.py(33):     if x == y:
s377688370.py(35):     elif self.rnk[x] > self.rnk[y]:
s377688370.py(39):       self.root[y] += self.root[x]
s377688370.py(40):       self.root[x] = y
s377688370.py(41):       if self.rnk[x] == self.rnk[y]:
s377688370.py(42):         self.rnk[y] += 1
s377688370.py(64):     rt = uf.Find_Root(u)
 --- modulename: s377688370, funcname: Find_Root
s377688370.py(24):     if self.root[x] < 0:
s377688370.py(27):       self.root[x] = self.Find_Root(self.root[x])
 --- modulename: s377688370, funcname: Find_Root
s377688370.py(24):     if self.root[x] < 0:
s377688370.py(25):       return x
s377688370.py(28):       return self.root[x]
s377688370.py(65):     cmx = max(etable[ur], etable[vr], c)
s377688370.py(66):     etable[rt] = cmx
s377688370.py(67):     if table[ur] + table[vr] >= cmx: edges.append(i)
s377688370.py(69):     table[rt] = table[ur] + table[vr]
s377688370.py(53): for i in range(M):
s377688370.py(54):   c, u, v = e[i]
s377688370.py(55):   if uf.isSameGroup(u, v):
 --- modulename: s377688370, funcname: isSameGroup
s377688370.py(45):     return self.Find_Root(x) == self.Find_Root(y)
 --- modulename: s377688370, funcname: Find_Root
s377688370.py(24):     if self.root[x] < 0:
s377688370.py(27):       self.root[x] = self.Find_Root(self.root[x])
 --- modulename: s377688370, funcname: Find_Root
s377688370.py(24):     if self.root[x] < 0:
s377688370.py(25):       return x
s377688370.py(28):       return self.root[x]
 --- modulename: s377688370, funcname: Find_Root
s377688370.py(24):     if self.root[x] < 0:
s377688370.py(25):       return x
s377688370.py(61):     ur = uf.Find_Root(u)
 --- modulename: s377688370, funcname: Find_Root
s377688370.py(24):     if self.root[x] < 0:
s377688370.py(27):       self.root[x] = self.Find_Root(self.root[x])
 --- modulename: s377688370, funcname: Find_Root
s377688370.py(24):     if self.root[x] < 0:
s377688370.py(25):       return x
s377688370.py(28):       return self.root[x]
s377688370.py(62):     vr = uf.Find_Root(v)
 --- modulename: s377688370, funcname: Find_Root
s377688370.py(24):     if self.root[x] < 0:
s377688370.py(25):       return x
s377688370.py(63):     uf.Unite(u, v)
 --- modulename: s377688370, funcname: Unite
s377688370.py(31):     x = self.Find_Root(x)
 --- modulename: s377688370, funcname: Find_Root
s377688370.py(24):     if self.root[x] < 0:
s377688370.py(27):       self.root[x] = self.Find_Root(self.root[x])
 --- modulename: s377688370, funcname: Find_Root
s377688370.py(24):     if self.root[x] < 0:
s377688370.py(25):       return x
s377688370.py(28):       return self.root[x]
s377688370.py(32):     y = self.Find_Root(y)
 --- modulename: s377688370, funcname: Find_Root
s377688370.py(24):     if self.root[x] < 0:
s377688370.py(25):       return x
s377688370.py(33):     if x == y:
s377688370.py(35):     elif self.rnk[x] > self.rnk[y]:
s377688370.py(36):       self.root[x] += self.root[y]
s377688370.py(37):       self.root[y] = x
s377688370.py(64):     rt = uf.Find_Root(u)
 --- modulename: s377688370, funcname: Find_Root
s377688370.py(24):     if self.root[x] < 0:
s377688370.py(27):       self.root[x] = self.Find_Root(self.root[x])
 --- modulename: s377688370, funcname: Find_Root
s377688370.py(24):     if self.root[x] < 0:
s377688370.py(25):       return x
s377688370.py(28):       return self.root[x]
s377688370.py(65):     cmx = max(etable[ur], etable[vr], c)
s377688370.py(66):     etable[rt] = cmx
s377688370.py(67):     if table[ur] + table[vr] >= cmx: edges.append(i)
s377688370.py(69):     table[rt] = table[ur] + table[vr]
s377688370.py(53): for i in range(M):
s377688370.py(54):   c, u, v = e[i]
s377688370.py(55):   if uf.isSameGroup(u, v):
 --- modulename: s377688370, funcname: isSameGroup
s377688370.py(45):     return self.Find_Root(x) == self.Find_Root(y)
 --- modulename: s377688370, funcname: Find_Root
s377688370.py(24):     if self.root[x] < 0:
s377688370.py(25):       return x
 --- modulename: s377688370, funcname: Find_Root
s377688370.py(24):     if self.root[x] < 0:
s377688370.py(27):       self.root[x] = self.Find_Root(self.root[x])
 --- modulename: s377688370, funcname: Find_Root
s377688370.py(24):     if self.root[x] < 0:
s377688370.py(25):       return x
s377688370.py(28):       return self.root[x]
s377688370.py(56):     rt = uf.Find_Root(u)
 --- modulename: s377688370, funcname: Find_Root
s377688370.py(24):     if self.root[x] < 0:
s377688370.py(25):       return x
s377688370.py(57):     etable[rt] = max(etable[rt], c)
s377688370.py(58):     if table[rt] >= etable[rt]: edges.append(i)
s377688370.py(53): for i in range(M):
s377688370.py(54):   c, u, v = e[i]
s377688370.py(55):   if uf.isSameGroup(u, v):
 --- modulename: s377688370, funcname: isSameGroup
s377688370.py(45):     return self.Find_Root(x) == self.Find_Root(y)
 --- modulename: s377688370, funcname: Find_Root
s377688370.py(24):     if self.root[x] < 0:
s377688370.py(27):       self.root[x] = self.Find_Root(self.root[x])
 --- modulename: s377688370, funcname: Find_Root
s377688370.py(24):     if self.root[x] < 0:
s377688370.py(25):       return x
s377688370.py(28):       return self.root[x]
 --- modulename: s377688370, funcname: Find_Root
s377688370.py(24):     if self.root[x] < 0:
s377688370.py(25):       return x
s377688370.py(61):     ur = uf.Find_Root(u)
 --- modulename: s377688370, funcname: Find_Root
s377688370.py(24):     if self.root[x] < 0:
s377688370.py(27):       self.root[x] = self.Find_Root(self.root[x])
 --- modulename: s377688370, funcname: Find_Root
s377688370.py(24):     if self.root[x] < 0:
s377688370.py(25):       return x
s377688370.py(28):       return self.root[x]
s377688370.py(62):     vr = uf.Find_Root(v)
 --- modulename: s377688370, funcname: Find_Root
s377688370.py(24):     if self.root[x] < 0:
s377688370.py(25):       return x
s377688370.py(63):     uf.Unite(u, v)
 --- modulename: s377688370, funcname: Unite
s377688370.py(31):     x = self.Find_Root(x)
 --- modulename: s377688370, funcname: Find_Root
s377688370.py(24):     if self.root[x] < 0:
s377688370.py(27):       self.root[x] = self.Find_Root(self.root[x])
 --- modulename: s377688370, funcname: Find_Root
s377688370.py(24):     if self.root[x] < 0:
s377688370.py(25):       return x
s377688370.py(28):       return self.root[x]
s377688370.py(32):     y = self.Find_Root(y)
 --- modulename: s377688370, funcname: Find_Root
s377688370.py(24):     if self.root[x] < 0:
s377688370.py(25):       return x
s377688370.py(33):     if x == y:
s377688370.py(35):     elif self.rnk[x] > self.rnk[y]:
s377688370.py(36):       self.root[x] += self.root[y]
s377688370.py(37):       self.root[y] = x
s377688370.py(64):     rt = uf.Find_Root(u)
 --- modulename: s377688370, funcname: Find_Root
s377688370.py(24):     if self.root[x] < 0:
s377688370.py(27):       self.root[x] = self.Find_Root(self.root[x])
 --- modulename: s377688370, funcname: Find_Root
s377688370.py(24):     if self.root[x] < 0:
s377688370.py(25):       return x
s377688370.py(28):       return self.root[x]
s377688370.py(65):     cmx = max(etable[ur], etable[vr], c)
s377688370.py(66):     etable[rt] = cmx
s377688370.py(67):     if table[ur] + table[vr] >= cmx: edges.append(i)
s377688370.py(69):     table[rt] = table[ur] + table[vr]
s377688370.py(53): for i in range(M):
s377688370.py(70): edges.reverse()
s377688370.py(71): vis = [0] * (N + 1)
s377688370.py(72): evis = Counter()
 --- modulename: __init__, funcname: __init__
__init__.py(592):         super().__init__()
__init__.py(593):         self.update(iterable, **kwds)
 --- modulename: __init__, funcname: update
__init__.py(669):         if iterable is not None:
__init__.py(680):         if kwds:
s377688370.py(73): res = M
s377688370.py(75): for i in edges:
s377688370.py(76):   mx, s, _ = e[i]
s377688370.py(77):   if vis[s]: continue
s377688370.py(78):   sta = [s]
s377688370.py(79):   vis[s] = 1
s377688370.py(80):   while len(sta):
s377688370.py(81):     x = sta.pop()
s377688370.py(82):     for y, c in ee[x]:
s377688370.py(83):       if c > mx: continue
s377688370.py(84):       if evis[(min(x, y), max(x, y))]: continue
 --- modulename: __init__, funcname: __missing__
__init__.py(598):         return 0
s377688370.py(85):       evis[(min(x, y), max(x, y))] = 1
s377688370.py(86):       res -= 1
s377688370.py(87):       if vis[y]: continue
s377688370.py(88):       sta.append(y)
s377688370.py(89):       vis[y] = 1
s377688370.py(82):     for y, c in ee[x]:
s377688370.py(83):       if c > mx: continue
s377688370.py(84):       if evis[(min(x, y), max(x, y))]: continue
 --- modulename: __init__, funcname: __missing__
__init__.py(598):         return 0
s377688370.py(85):       evis[(min(x, y), max(x, y))] = 1
s377688370.py(86):       res -= 1
s377688370.py(87):       if vis[y]: continue
s377688370.py(88):       sta.append(y)
s377688370.py(89):       vis[y] = 1
s377688370.py(82):     for y, c in ee[x]:
s377688370.py(80):   while len(sta):
s377688370.py(81):     x = sta.pop()
s377688370.py(82):     for y, c in ee[x]:
s377688370.py(83):       if c > mx: continue
s377688370.py(84):       if evis[(min(x, y), max(x, y))]: continue
s377688370.py(82):     for y, c in ee[x]:
s377688370.py(83):       if c > mx: continue
s377688370.py(82):     for y, c in ee[x]:
s377688370.py(83):       if c > mx: continue
s377688370.py(82):     for y, c in ee[x]:
s377688370.py(80):   while len(sta):
s377688370.py(81):     x = sta.pop()
s377688370.py(82):     for y, c in ee[x]:
s377688370.py(83):       if c > mx: continue
s377688370.py(84):       if evis[(min(x, y), max(x, y))]: continue
s377688370.py(82):     for y, c in ee[x]:
s377688370.py(83):       if c > mx: continue
s377688370.py(82):     for y, c in ee[x]:
s377688370.py(80):   while len(sta):
s377688370.py(75): for i in edges:
s377688370.py(91): print(res)
2
