 --- modulename: s378573716, funcname: <module>
s378573716.py(2): import sys
s378573716.py(5): def solve(A: int, B: int, C: int):
s378573716.py(10): def main():
s378573716.py(21): if __name__ == '__main__':
s378573716.py(22):     main()
 --- modulename: s378573716, funcname: main
s378573716.py(11):     def iterate_tokens():
s378573716.py(15):     tokens = iterate_tokens()
s378573716.py(16):     A = int(next(tokens))  # type: int
 --- modulename: s378573716, funcname: iterate_tokens
s378573716.py(12):         for line in sys.stdin:
 --- modulename: codecs, funcname: decode
codecs.py(321):         data = self.buffer + input
codecs.py(322):         (result, consumed) = self._buffer_decode(data, self.errors, final)
codecs.py(324):         self.buffer = data[consumed:]
codecs.py(325):         return result
s378573716.py(13):             for word in line.split():
s378573716.py(14):                 yield word
s378573716.py(17):     B = int(next(tokens))  # type: int
 --- modulename: s378573716, funcname: iterate_tokens
s378573716.py(13):             for word in line.split():
s378573716.py(14):                 yield word
s378573716.py(18):     C = int(next(tokens))  # type: int
 --- modulename: s378573716, funcname: iterate_tokens
s378573716.py(13):             for word in line.split():
s378573716.py(14):                 yield word
s378573716.py(19):     solve(A, B, C)
 --- modulename: s378573716, funcname: solve
s378573716.py(6):     print(max(0,B+C-A))
1
 --- modulename: s378573716, funcname: iterate_tokens
