 --- modulename: s378722439, funcname: <module>
s378722439.py(1): import sys
s378722439.py(2): input = sys.stdin.readline
s378722439.py(4): def SA_IS(s, upper=127):
s378722439.py(93): def suffix_array(s):
s378722439.py(98): def lcp_array(s, sa):
s378722439.py(118): def main():
s378722439.py(129): if __name__ == "__main__":
s378722439.py(130):     main()
 --- modulename: s378722439, funcname: main
s378722439.py(119):     s = input()[:-1]
 --- modulename: codecs, funcname: getstate
codecs.py(333):         return (self.buffer, 0)
 --- modulename: codecs, funcname: decode
codecs.py(321):         data = self.buffer + input
codecs.py(322):         (result, consumed) = self._buffer_decode(data, self.errors, final)
codecs.py(324):         self.buffer = data[consumed:]
codecs.py(325):         return result
s378722439.py(120):     n = len(s)
s378722439.py(121):     sa = suffix_array(s)
 --- modulename: s378722439, funcname: suffix_array
s378722439.py(94):     lis = [ord(x)-96 for x in s] + [0]
 --- modulename: s378722439, funcname: <listcomp>
s378722439.py(94):     lis = [ord(x)-96 for x in s] + [0]
s378722439.py(94):     lis = [ord(x)-96 for x in s] + [0]
s378722439.py(94):     lis = [ord(x)-96 for x in s] + [0]
s378722439.py(94):     lis = [ord(x)-96 for x in s] + [0]
s378722439.py(94):     lis = [ord(x)-96 for x in s] + [0]
s378722439.py(94):     lis = [ord(x)-96 for x in s] + [0]
s378722439.py(94):     lis = [ord(x)-96 for x in s] + [0]
s378722439.py(94):     lis = [ord(x)-96 for x in s] + [0]
s378722439.py(95):     sa = SA_IS(lis, 30)[1:]
 --- modulename: s378722439, funcname: SA_IS
s378722439.py(5):     n = len(s)
s378722439.py(6):     sa = [-1 for _ in range(n)]
 --- modulename: s378722439, funcname: <listcomp>
s378722439.py(6):     sa = [-1 for _ in range(n)]
s378722439.py(6):     sa = [-1 for _ in range(n)]
s378722439.py(6):     sa = [-1 for _ in range(n)]
s378722439.py(6):     sa = [-1 for _ in range(n)]
s378722439.py(6):     sa = [-1 for _ in range(n)]
s378722439.py(6):     sa = [-1 for _ in range(n)]
s378722439.py(6):     sa = [-1 for _ in range(n)]
s378722439.py(6):     sa = [-1 for _ in range(n)]
s378722439.py(6):     sa = [-1 for _ in range(n)]
s378722439.py(7):     bucket = [0 for _ in range(upper + 1)]
 --- modulename: s378722439, funcname: <listcomp>
s378722439.py(7):     bucket = [0 for _ in range(upper + 1)]
s378722439.py(7):     bucket = [0 for _ in range(upper + 1)]
s378722439.py(7):     bucket = [0 for _ in range(upper + 1)]
s378722439.py(7):     bucket = [0 for _ in range(upper + 1)]
s378722439.py(7):     bucket = [0 for _ in range(upper + 1)]
s378722439.py(7):     bucket = [0 for _ in range(upper + 1)]
s378722439.py(7):     bucket = [0 for _ in range(upper + 1)]
s378722439.py(7):     bucket = [0 for _ in range(upper + 1)]
s378722439.py(7):     bucket = [0 for _ in range(upper + 1)]
s378722439.py(7):     bucket = [0 for _ in range(upper + 1)]
s378722439.py(7):     bucket = [0 for _ in range(upper + 1)]
s378722439.py(7):     bucket = [0 for _ in range(upper + 1)]
s378722439.py(7):     bucket = [0 for _ in range(upper + 1)]
s378722439.py(7):     bucket = [0 for _ in range(upper + 1)]
s378722439.py(7):     bucket = [0 for _ in range(upper + 1)]
s378722439.py(7):     bucket = [0 for _ in range(upper + 1)]
s378722439.py(7):     bucket = [0 for _ in range(upper + 1)]
s378722439.py(7):     bucket = [0 for _ in range(upper + 1)]
s378722439.py(7):     bucket = [0 for _ in range(upper + 1)]
s378722439.py(7):     bucket = [0 for _ in range(upper + 1)]
s378722439.py(7):     bucket = [0 for _ in range(upper + 1)]
s378722439.py(7):     bucket = [0 for _ in range(upper + 1)]
s378722439.py(7):     bucket = [0 for _ in range(upper + 1)]
s378722439.py(7):     bucket = [0 for _ in range(upper + 1)]
s378722439.py(7):     bucket = [0 for _ in range(upper + 1)]
s378722439.py(7):     bucket = [0 for _ in range(upper + 1)]
s378722439.py(7):     bucket = [0 for _ in range(upper + 1)]
s378722439.py(7):     bucket = [0 for _ in range(upper + 1)]
s378722439.py(7):     bucket = [0 for _ in range(upper + 1)]
s378722439.py(7):     bucket = [0 for _ in range(upper + 1)]
s378722439.py(7):     bucket = [0 for _ in range(upper + 1)]
s378722439.py(7):     bucket = [0 for _ in range(upper + 1)]
s378722439.py(8):     smaller = [True for _ in range(n)]
 --- modulename: s378722439, funcname: <listcomp>
s378722439.py(8):     smaller = [True for _ in range(n)]
s378722439.py(8):     smaller = [True for _ in range(n)]
s378722439.py(8):     smaller = [True for _ in range(n)]
s378722439.py(8):     smaller = [True for _ in range(n)]
s378722439.py(8):     smaller = [True for _ in range(n)]
s378722439.py(8):     smaller = [True for _ in range(n)]
s378722439.py(8):     smaller = [True for _ in range(n)]
s378722439.py(8):     smaller = [True for _ in range(n)]
s378722439.py(8):     smaller = [True for _ in range(n)]
s378722439.py(9):     is_lms = [False for _ in range(n)]
 --- modulename: s378722439, funcname: <listcomp>
s378722439.py(9):     is_lms = [False for _ in range(n)]
s378722439.py(9):     is_lms = [False for _ in range(n)]
s378722439.py(9):     is_lms = [False for _ in range(n)]
s378722439.py(9):     is_lms = [False for _ in range(n)]
s378722439.py(9):     is_lms = [False for _ in range(n)]
s378722439.py(9):     is_lms = [False for _ in range(n)]
s378722439.py(9):     is_lms = [False for _ in range(n)]
s378722439.py(9):     is_lms = [False for _ in range(n)]
s378722439.py(9):     is_lms = [False for _ in range(n)]
s378722439.py(10):     lmss = []
s378722439.py(12):     for x in s:
s378722439.py(13):         bucket[x+1] += 1
s378722439.py(12):     for x in s:
s378722439.py(13):         bucket[x+1] += 1
s378722439.py(12):     for x in s:
s378722439.py(13):         bucket[x+1] += 1
s378722439.py(12):     for x in s:
s378722439.py(13):         bucket[x+1] += 1
s378722439.py(12):     for x in s:
s378722439.py(13):         bucket[x+1] += 1
s378722439.py(12):     for x in s:
s378722439.py(13):         bucket[x+1] += 1
s378722439.py(12):     for x in s:
s378722439.py(13):         bucket[x+1] += 1
s378722439.py(12):     for x in s:
s378722439.py(13):         bucket[x+1] += 1
s378722439.py(12):     for x in s:
s378722439.py(14):     for i in range(upper):
s378722439.py(15):         bucket[i+1] += bucket[i]
s378722439.py(14):     for i in range(upper):
s378722439.py(15):         bucket[i+1] += bucket[i]
s378722439.py(14):     for i in range(upper):
s378722439.py(15):         bucket[i+1] += bucket[i]
s378722439.py(14):     for i in range(upper):
s378722439.py(15):         bucket[i+1] += bucket[i]
s378722439.py(14):     for i in range(upper):
s378722439.py(15):         bucket[i+1] += bucket[i]
s378722439.py(14):     for i in range(upper):
s378722439.py(15):         bucket[i+1] += bucket[i]
s378722439.py(14):     for i in range(upper):
s378722439.py(15):         bucket[i+1] += bucket[i]
s378722439.py(14):     for i in range(upper):
s378722439.py(15):         bucket[i+1] += bucket[i]
s378722439.py(14):     for i in range(upper):
s378722439.py(15):         bucket[i+1] += bucket[i]
s378722439.py(14):     for i in range(upper):
s378722439.py(15):         bucket[i+1] += bucket[i]
s378722439.py(14):     for i in range(upper):
s378722439.py(15):         bucket[i+1] += bucket[i]
s378722439.py(14):     for i in range(upper):
s378722439.py(15):         bucket[i+1] += bucket[i]
s378722439.py(14):     for i in range(upper):
s378722439.py(15):         bucket[i+1] += bucket[i]
s378722439.py(14):     for i in range(upper):
s378722439.py(15):         bucket[i+1] += bucket[i]
s378722439.py(14):     for i in range(upper):
s378722439.py(15):         bucket[i+1] += bucket[i]
s378722439.py(14):     for i in range(upper):
s378722439.py(15):         bucket[i+1] += bucket[i]
s378722439.py(14):     for i in range(upper):
s378722439.py(15):         bucket[i+1] += bucket[i]
s378722439.py(14):     for i in range(upper):
s378722439.py(15):         bucket[i+1] += bucket[i]
s378722439.py(14):     for i in range(upper):
s378722439.py(15):         bucket[i+1] += bucket[i]
s378722439.py(14):     for i in range(upper):
s378722439.py(15):         bucket[i+1] += bucket[i]
s378722439.py(14):     for i in range(upper):
s378722439.py(15):         bucket[i+1] += bucket[i]
s378722439.py(14):     for i in range(upper):
s378722439.py(15):         bucket[i+1] += bucket[i]
s378722439.py(14):     for i in range(upper):
s378722439.py(15):         bucket[i+1] += bucket[i]
s378722439.py(14):     for i in range(upper):
s378722439.py(15):         bucket[i+1] += bucket[i]
s378722439.py(14):     for i in range(upper):
s378722439.py(15):         bucket[i+1] += bucket[i]
s378722439.py(14):     for i in range(upper):
s378722439.py(15):         bucket[i+1] += bucket[i]
s378722439.py(14):     for i in range(upper):
s378722439.py(15):         bucket[i+1] += bucket[i]
s378722439.py(14):     for i in range(upper):
s378722439.py(15):         bucket[i+1] += bucket[i]
s378722439.py(14):     for i in range(upper):
s378722439.py(15):         bucket[i+1] += bucket[i]
s378722439.py(14):     for i in range(upper):
s378722439.py(15):         bucket[i+1] += bucket[i]
s378722439.py(14):     for i in range(upper):
s378722439.py(17):     for i in range(n-2, -1, -1):
s378722439.py(18):         if s[i] > s[i+1] or (s[i] == s[i+1] and not smaller[i+1]):
s378722439.py(19):             smaller[i] = False
s378722439.py(20):             if smaller[i+1]:
s378722439.py(21):                 is_lms[i+1] = True
s378722439.py(22):                 lmss.append(i+1)
s378722439.py(17):     for i in range(n-2, -1, -1):
s378722439.py(18):         if s[i] > s[i+1] or (s[i] == s[i+1] and not smaller[i+1]):
s378722439.py(19):             smaller[i] = False
s378722439.py(20):             if smaller[i+1]:
s378722439.py(17):     for i in range(n-2, -1, -1):
s378722439.py(18):         if s[i] > s[i+1] or (s[i] == s[i+1] and not smaller[i+1]):
s378722439.py(19):             smaller[i] = False
s378722439.py(20):             if smaller[i+1]:
s378722439.py(17):     for i in range(n-2, -1, -1):
s378722439.py(18):         if s[i] > s[i+1] or (s[i] == s[i+1] and not smaller[i+1]):
s378722439.py(17):     for i in range(n-2, -1, -1):
s378722439.py(18):         if s[i] > s[i+1] or (s[i] == s[i+1] and not smaller[i+1]):
s378722439.py(19):             smaller[i] = False
s378722439.py(20):             if smaller[i+1]:
s378722439.py(21):                 is_lms[i+1] = True
s378722439.py(22):                 lmss.append(i+1)
s378722439.py(17):     for i in range(n-2, -1, -1):
s378722439.py(18):         if s[i] > s[i+1] or (s[i] == s[i+1] and not smaller[i+1]):
s378722439.py(17):     for i in range(n-2, -1, -1):
s378722439.py(18):         if s[i] > s[i+1] or (s[i] == s[i+1] and not smaller[i+1]):
s378722439.py(17):     for i in range(n-2, -1, -1):
s378722439.py(24):     count = [0 for _ in range(upper + 1)]
 --- modulename: s378722439, funcname: <listcomp>
s378722439.py(24):     count = [0 for _ in range(upper + 1)]
s378722439.py(24):     count = [0 for _ in range(upper + 1)]
s378722439.py(24):     count = [0 for _ in range(upper + 1)]
s378722439.py(24):     count = [0 for _ in range(upper + 1)]
s378722439.py(24):     count = [0 for _ in range(upper + 1)]
s378722439.py(24):     count = [0 for _ in range(upper + 1)]
s378722439.py(24):     count = [0 for _ in range(upper + 1)]
s378722439.py(24):     count = [0 for _ in range(upper + 1)]
s378722439.py(24):     count = [0 for _ in range(upper + 1)]
s378722439.py(24):     count = [0 for _ in range(upper + 1)]
s378722439.py(24):     count = [0 for _ in range(upper + 1)]
s378722439.py(24):     count = [0 for _ in range(upper + 1)]
s378722439.py(24):     count = [0 for _ in range(upper + 1)]
s378722439.py(24):     count = [0 for _ in range(upper + 1)]
s378722439.py(24):     count = [0 for _ in range(upper + 1)]
s378722439.py(24):     count = [0 for _ in range(upper + 1)]
s378722439.py(24):     count = [0 for _ in range(upper + 1)]
s378722439.py(24):     count = [0 for _ in range(upper + 1)]
s378722439.py(24):     count = [0 for _ in range(upper + 1)]
s378722439.py(24):     count = [0 for _ in range(upper + 1)]
s378722439.py(24):     count = [0 for _ in range(upper + 1)]
s378722439.py(24):     count = [0 for _ in range(upper + 1)]
s378722439.py(24):     count = [0 for _ in range(upper + 1)]
s378722439.py(24):     count = [0 for _ in range(upper + 1)]
s378722439.py(24):     count = [0 for _ in range(upper + 1)]
s378722439.py(24):     count = [0 for _ in range(upper + 1)]
s378722439.py(24):     count = [0 for _ in range(upper + 1)]
s378722439.py(24):     count = [0 for _ in range(upper + 1)]
s378722439.py(24):     count = [0 for _ in range(upper + 1)]
s378722439.py(24):     count = [0 for _ in range(upper + 1)]
s378722439.py(24):     count = [0 for _ in range(upper + 1)]
s378722439.py(24):     count = [0 for _ in range(upper + 1)]
s378722439.py(25):     for i in lmss:
s378722439.py(26):         sa[bucket[s[i] + 1] - 1 - count[s[i] + 1]] = i
s378722439.py(27):         count[s[i] + 1] += 1
s378722439.py(25):     for i in lmss:
s378722439.py(26):         sa[bucket[s[i] + 1] - 1 - count[s[i] + 1]] = i
s378722439.py(27):         count[s[i] + 1] += 1
s378722439.py(25):     for i in lmss:
s378722439.py(29):     count = [0 for _ in range(upper + 1)]
 --- modulename: s378722439, funcname: <listcomp>
s378722439.py(29):     count = [0 for _ in range(upper + 1)]
s378722439.py(29):     count = [0 for _ in range(upper + 1)]
s378722439.py(29):     count = [0 for _ in range(upper + 1)]
s378722439.py(29):     count = [0 for _ in range(upper + 1)]
s378722439.py(29):     count = [0 for _ in range(upper + 1)]
s378722439.py(29):     count = [0 for _ in range(upper + 1)]
s378722439.py(29):     count = [0 for _ in range(upper + 1)]
s378722439.py(29):     count = [0 for _ in range(upper + 1)]
s378722439.py(29):     count = [0 for _ in range(upper + 1)]
s378722439.py(29):     count = [0 for _ in range(upper + 1)]
s378722439.py(29):     count = [0 for _ in range(upper + 1)]
s378722439.py(29):     count = [0 for _ in range(upper + 1)]
s378722439.py(29):     count = [0 for _ in range(upper + 1)]
s378722439.py(29):     count = [0 for _ in range(upper + 1)]
s378722439.py(29):     count = [0 for _ in range(upper + 1)]
s378722439.py(29):     count = [0 for _ in range(upper + 1)]
s378722439.py(29):     count = [0 for _ in range(upper + 1)]
s378722439.py(29):     count = [0 for _ in range(upper + 1)]
s378722439.py(29):     count = [0 for _ in range(upper + 1)]
s378722439.py(29):     count = [0 for _ in range(upper + 1)]
s378722439.py(29):     count = [0 for _ in range(upper + 1)]
s378722439.py(29):     count = [0 for _ in range(upper + 1)]
s378722439.py(29):     count = [0 for _ in range(upper + 1)]
s378722439.py(29):     count = [0 for _ in range(upper + 1)]
s378722439.py(29):     count = [0 for _ in range(upper + 1)]
s378722439.py(29):     count = [0 for _ in range(upper + 1)]
s378722439.py(29):     count = [0 for _ in range(upper + 1)]
s378722439.py(29):     count = [0 for _ in range(upper + 1)]
s378722439.py(29):     count = [0 for _ in range(upper + 1)]
s378722439.py(29):     count = [0 for _ in range(upper + 1)]
s378722439.py(29):     count = [0 for _ in range(upper + 1)]
s378722439.py(29):     count = [0 for _ in range(upper + 1)]
s378722439.py(30):     for i in range(n):
s378722439.py(31):         if sa[i] > 0 and not smaller[sa[i] - 1]:
s378722439.py(32):             sa[bucket[s[sa[i] - 1]] + count[s[sa[i] - 1] + 1]] = sa[i] - 1
s378722439.py(33):             count[s[sa[i] - 1] + 1] += 1
s378722439.py(30):     for i in range(n):
s378722439.py(31):         if sa[i] > 0 and not smaller[sa[i] - 1]:
s378722439.py(32):             sa[bucket[s[sa[i] - 1]] + count[s[sa[i] - 1] + 1]] = sa[i] - 1
s378722439.py(33):             count[s[sa[i] - 1] + 1] += 1
s378722439.py(30):     for i in range(n):
s378722439.py(31):         if sa[i] > 0 and not smaller[sa[i] - 1]:
s378722439.py(30):     for i in range(n):
s378722439.py(31):         if sa[i] > 0 and not smaller[sa[i] - 1]:
s378722439.py(32):             sa[bucket[s[sa[i] - 1]] + count[s[sa[i] - 1] + 1]] = sa[i] - 1
s378722439.py(33):             count[s[sa[i] - 1] + 1] += 1
s378722439.py(30):     for i in range(n):
s378722439.py(31):         if sa[i] > 0 and not smaller[sa[i] - 1]:
s378722439.py(30):     for i in range(n):
s378722439.py(31):         if sa[i] > 0 and not smaller[sa[i] - 1]:
s378722439.py(32):             sa[bucket[s[sa[i] - 1]] + count[s[sa[i] - 1] + 1]] = sa[i] - 1
s378722439.py(33):             count[s[sa[i] - 1] + 1] += 1
s378722439.py(30):     for i in range(n):
s378722439.py(31):         if sa[i] > 0 and not smaller[sa[i] - 1]:
s378722439.py(30):     for i in range(n):
s378722439.py(31):         if sa[i] > 0 and not smaller[sa[i] - 1]:
s378722439.py(30):     for i in range(n):
s378722439.py(35):     count = [0 for _ in range(upper + 1)]
 --- modulename: s378722439, funcname: <listcomp>
s378722439.py(35):     count = [0 for _ in range(upper + 1)]
s378722439.py(35):     count = [0 for _ in range(upper + 1)]
s378722439.py(35):     count = [0 for _ in range(upper + 1)]
s378722439.py(35):     count = [0 for _ in range(upper + 1)]
s378722439.py(35):     count = [0 for _ in range(upper + 1)]
s378722439.py(35):     count = [0 for _ in range(upper + 1)]
s378722439.py(35):     count = [0 for _ in range(upper + 1)]
s378722439.py(35):     count = [0 for _ in range(upper + 1)]
s378722439.py(35):     count = [0 for _ in range(upper + 1)]
s378722439.py(35):     count = [0 for _ in range(upper + 1)]
s378722439.py(35):     count = [0 for _ in range(upper + 1)]
s378722439.py(35):     count = [0 for _ in range(upper + 1)]
s378722439.py(35):     count = [0 for _ in range(upper + 1)]
s378722439.py(35):     count = [0 for _ in range(upper + 1)]
s378722439.py(35):     count = [0 for _ in range(upper + 1)]
s378722439.py(35):     count = [0 for _ in range(upper + 1)]
s378722439.py(35):     count = [0 for _ in range(upper + 1)]
s378722439.py(35):     count = [0 for _ in range(upper + 1)]
s378722439.py(35):     count = [0 for _ in range(upper + 1)]
s378722439.py(35):     count = [0 for _ in range(upper + 1)]
s378722439.py(35):     count = [0 for _ in range(upper + 1)]
s378722439.py(35):     count = [0 for _ in range(upper + 1)]
s378722439.py(35):     count = [0 for _ in range(upper + 1)]
s378722439.py(35):     count = [0 for _ in range(upper + 1)]
s378722439.py(35):     count = [0 for _ in range(upper + 1)]
s378722439.py(35):     count = [0 for _ in range(upper + 1)]
s378722439.py(35):     count = [0 for _ in range(upper + 1)]
s378722439.py(35):     count = [0 for _ in range(upper + 1)]
s378722439.py(35):     count = [0 for _ in range(upper + 1)]
s378722439.py(35):     count = [0 for _ in range(upper + 1)]
s378722439.py(35):     count = [0 for _ in range(upper + 1)]
s378722439.py(35):     count = [0 for _ in range(upper + 1)]
s378722439.py(36):     for i in range(n-1, -1, -1):
s378722439.py(37):         if sa[i] > 0 and smaller[sa[i] - 1]:
s378722439.py(38):             sa[bucket[s[sa[i] - 1] + 1] - 1 - count[s[sa[i] - 1] + 1]] = sa[i] - 1
s378722439.py(39):             count[s[sa[i] - 1] + 1] += 1
s378722439.py(36):     for i in range(n-1, -1, -1):
s378722439.py(37):         if sa[i] > 0 and smaller[sa[i] - 1]:
s378722439.py(38):             sa[bucket[s[sa[i] - 1] + 1] - 1 - count[s[sa[i] - 1] + 1]] = sa[i] - 1
s378722439.py(39):             count[s[sa[i] - 1] + 1] += 1
s378722439.py(36):     for i in range(n-1, -1, -1):
s378722439.py(37):         if sa[i] > 0 and smaller[sa[i] - 1]:
s378722439.py(38):             sa[bucket[s[sa[i] - 1] + 1] - 1 - count[s[sa[i] - 1] + 1]] = sa[i] - 1
s378722439.py(39):             count[s[sa[i] - 1] + 1] += 1
s378722439.py(36):     for i in range(n-1, -1, -1):
s378722439.py(37):         if sa[i] > 0 and smaller[sa[i] - 1]:
s378722439.py(36):     for i in range(n-1, -1, -1):
s378722439.py(37):         if sa[i] > 0 and smaller[sa[i] - 1]:
s378722439.py(36):     for i in range(n-1, -1, -1):
s378722439.py(37):         if sa[i] > 0 and smaller[sa[i] - 1]:
s378722439.py(36):     for i in range(n-1, -1, -1):
s378722439.py(37):         if sa[i] > 0 and smaller[sa[i] - 1]:
s378722439.py(36):     for i in range(n-1, -1, -1):
s378722439.py(37):         if sa[i] > 0 and smaller[sa[i] - 1]:
s378722439.py(36):     for i in range(n-1, -1, -1):
s378722439.py(41):     new_num = 0
s378722439.py(42):     new_array = [-1 for _ in range(len(lmss))]
 --- modulename: s378722439, funcname: <listcomp>
s378722439.py(42):     new_array = [-1 for _ in range(len(lmss))]
s378722439.py(42):     new_array = [-1 for _ in range(len(lmss))]
s378722439.py(42):     new_array = [-1 for _ in range(len(lmss))]
s378722439.py(43):     lms_to_ind = dict()
s378722439.py(44):     for i, x in enumerate(lmss):
s378722439.py(45):         lms_to_ind[x] = len(lmss) - 1 - i
s378722439.py(44):     for i, x in enumerate(lmss):
s378722439.py(45):         lms_to_ind[x] = len(lmss) - 1 - i
s378722439.py(44):     for i, x in enumerate(lmss):
s378722439.py(46):     last = sa[0]
s378722439.py(47):     new_array[lms_to_ind[sa[0]]] = 0
s378722439.py(48):     for i in range(1, n):
s378722439.py(49):         if is_lms[sa[i]]:
s378722439.py(48):     for i in range(1, n):
s378722439.py(49):         if is_lms[sa[i]]:
s378722439.py(48):     for i in range(1, n):
s378722439.py(49):         if is_lms[sa[i]]:
s378722439.py(48):     for i in range(1, n):
s378722439.py(49):         if is_lms[sa[i]]:
s378722439.py(50):             tmp, j = sa[i], 0
s378722439.py(52):                 if s[last + j] != s[tmp + j]:
s378722439.py(53):                     new_num += 1
s378722439.py(54):                     break
s378722439.py(58):             new_array[lms_to_ind[tmp]] = new_num
s378722439.py(59):             last = tmp
s378722439.py(48):     for i in range(1, n):
s378722439.py(49):         if is_lms[sa[i]]:
s378722439.py(48):     for i in range(1, n):
s378722439.py(49):         if is_lms[sa[i]]:
s378722439.py(48):     for i in range(1, n):
s378722439.py(49):         if is_lms[sa[i]]:
s378722439.py(48):     for i in range(1, n):
s378722439.py(61):     if new_num == len(lmss) - 1:
s378722439.py(62):         seed = [-1 for _ in range(len(lmss))]
 --- modulename: s378722439, funcname: <listcomp>
s378722439.py(62):         seed = [-1 for _ in range(len(lmss))]
s378722439.py(62):         seed = [-1 for _ in range(len(lmss))]
s378722439.py(62):         seed = [-1 for _ in range(len(lmss))]
s378722439.py(63):         for i, x in enumerate(new_array):
s378722439.py(64):             seed[x] = i
s378722439.py(63):         for i, x in enumerate(new_array):
s378722439.py(64):             seed[x] = i
s378722439.py(63):         for i, x in enumerate(new_array):
s378722439.py(69):     new_lmss = [-1 for _ in range(len(lmss))]
 --- modulename: s378722439, funcname: <listcomp>
s378722439.py(69):     new_lmss = [-1 for _ in range(len(lmss))]
s378722439.py(69):     new_lmss = [-1 for _ in range(len(lmss))]
s378722439.py(69):     new_lmss = [-1 for _ in range(len(lmss))]
s378722439.py(70):     for i, x in enumerate(seed):
s378722439.py(71):         new_lmss[len(lmss) - 1 - i] = lmss[len(lmss) - 1 - x]
s378722439.py(70):     for i, x in enumerate(seed):
s378722439.py(71):         new_lmss[len(lmss) - 1 - i] = lmss[len(lmss) - 1 - x]
s378722439.py(70):     for i, x in enumerate(seed):
s378722439.py(73):     sa = [-1 for _ in range(n)]
 --- modulename: s378722439, funcname: <listcomp>
s378722439.py(73):     sa = [-1 for _ in range(n)]
s378722439.py(73):     sa = [-1 for _ in range(n)]
s378722439.py(73):     sa = [-1 for _ in range(n)]
s378722439.py(73):     sa = [-1 for _ in range(n)]
s378722439.py(73):     sa = [-1 for _ in range(n)]
s378722439.py(73):     sa = [-1 for _ in range(n)]
s378722439.py(73):     sa = [-1 for _ in range(n)]
s378722439.py(73):     sa = [-1 for _ in range(n)]
s378722439.py(73):     sa = [-1 for _ in range(n)]
s378722439.py(74):     count = [0 for _ in range(upper + 1)]
 --- modulename: s378722439, funcname: <listcomp>
s378722439.py(74):     count = [0 for _ in range(upper + 1)]
s378722439.py(74):     count = [0 for _ in range(upper + 1)]
s378722439.py(74):     count = [0 for _ in range(upper + 1)]
s378722439.py(74):     count = [0 for _ in range(upper + 1)]
s378722439.py(74):     count = [0 for _ in range(upper + 1)]
s378722439.py(74):     count = [0 for _ in range(upper + 1)]
s378722439.py(74):     count = [0 for _ in range(upper + 1)]
s378722439.py(74):     count = [0 for _ in range(upper + 1)]
s378722439.py(74):     count = [0 for _ in range(upper + 1)]
s378722439.py(74):     count = [0 for _ in range(upper + 1)]
s378722439.py(74):     count = [0 for _ in range(upper + 1)]
s378722439.py(74):     count = [0 for _ in range(upper + 1)]
s378722439.py(74):     count = [0 for _ in range(upper + 1)]
s378722439.py(74):     count = [0 for _ in range(upper + 1)]
s378722439.py(74):     count = [0 for _ in range(upper + 1)]
s378722439.py(74):     count = [0 for _ in range(upper + 1)]
s378722439.py(74):     count = [0 for _ in range(upper + 1)]
s378722439.py(74):     count = [0 for _ in range(upper + 1)]
s378722439.py(74):     count = [0 for _ in range(upper + 1)]
s378722439.py(74):     count = [0 for _ in range(upper + 1)]
s378722439.py(74):     count = [0 for _ in range(upper + 1)]
s378722439.py(74):     count = [0 for _ in range(upper + 1)]
s378722439.py(74):     count = [0 for _ in range(upper + 1)]
s378722439.py(74):     count = [0 for _ in range(upper + 1)]
s378722439.py(74):     count = [0 for _ in range(upper + 1)]
s378722439.py(74):     count = [0 for _ in range(upper + 1)]
s378722439.py(74):     count = [0 for _ in range(upper + 1)]
s378722439.py(74):     count = [0 for _ in range(upper + 1)]
s378722439.py(74):     count = [0 for _ in range(upper + 1)]
s378722439.py(74):     count = [0 for _ in range(upper + 1)]
s378722439.py(74):     count = [0 for _ in range(upper + 1)]
s378722439.py(74):     count = [0 for _ in range(upper + 1)]
s378722439.py(75):     for i in new_lmss:
s378722439.py(76):         sa[bucket[s[i] + 1] - 1 - count[s[i] + 1]] = i
s378722439.py(77):         count[s[i] + 1] += 1
s378722439.py(75):     for i in new_lmss:
s378722439.py(76):         sa[bucket[s[i] + 1] - 1 - count[s[i] + 1]] = i
s378722439.py(77):         count[s[i] + 1] += 1
s378722439.py(75):     for i in new_lmss:
s378722439.py(79):     count = [0 for _ in range(upper + 1)]
 --- modulename: s378722439, funcname: <listcomp>
s378722439.py(79):     count = [0 for _ in range(upper + 1)]
s378722439.py(79):     count = [0 for _ in range(upper + 1)]
s378722439.py(79):     count = [0 for _ in range(upper + 1)]
s378722439.py(79):     count = [0 for _ in range(upper + 1)]
s378722439.py(79):     count = [0 for _ in range(upper + 1)]
s378722439.py(79):     count = [0 for _ in range(upper + 1)]
s378722439.py(79):     count = [0 for _ in range(upper + 1)]
s378722439.py(79):     count = [0 for _ in range(upper + 1)]
s378722439.py(79):     count = [0 for _ in range(upper + 1)]
s378722439.py(79):     count = [0 for _ in range(upper + 1)]
s378722439.py(79):     count = [0 for _ in range(upper + 1)]
s378722439.py(79):     count = [0 for _ in range(upper + 1)]
s378722439.py(79):     count = [0 for _ in range(upper + 1)]
s378722439.py(79):     count = [0 for _ in range(upper + 1)]
s378722439.py(79):     count = [0 for _ in range(upper + 1)]
s378722439.py(79):     count = [0 for _ in range(upper + 1)]
s378722439.py(79):     count = [0 for _ in range(upper + 1)]
s378722439.py(79):     count = [0 for _ in range(upper + 1)]
s378722439.py(79):     count = [0 for _ in range(upper + 1)]
s378722439.py(79):     count = [0 for _ in range(upper + 1)]
s378722439.py(79):     count = [0 for _ in range(upper + 1)]
s378722439.py(79):     count = [0 for _ in range(upper + 1)]
s378722439.py(79):     count = [0 for _ in range(upper + 1)]
s378722439.py(79):     count = [0 for _ in range(upper + 1)]
s378722439.py(79):     count = [0 for _ in range(upper + 1)]
s378722439.py(79):     count = [0 for _ in range(upper + 1)]
s378722439.py(79):     count = [0 for _ in range(upper + 1)]
s378722439.py(79):     count = [0 for _ in range(upper + 1)]
s378722439.py(79):     count = [0 for _ in range(upper + 1)]
s378722439.py(79):     count = [0 for _ in range(upper + 1)]
s378722439.py(79):     count = [0 for _ in range(upper + 1)]
s378722439.py(79):     count = [0 for _ in range(upper + 1)]
s378722439.py(80):     for i in range(n):
s378722439.py(81):         if sa[i] > 0 and not smaller[sa[i] - 1]:
s378722439.py(82):             sa[bucket[s[sa[i] - 1]] + count[s[sa[i] - 1] + 1]] = sa[i] - 1
s378722439.py(83):             count[s[sa[i] - 1] + 1] += 1
s378722439.py(80):     for i in range(n):
s378722439.py(81):         if sa[i] > 0 and not smaller[sa[i] - 1]:
s378722439.py(82):             sa[bucket[s[sa[i] - 1]] + count[s[sa[i] - 1] + 1]] = sa[i] - 1
s378722439.py(83):             count[s[sa[i] - 1] + 1] += 1
s378722439.py(80):     for i in range(n):
s378722439.py(81):         if sa[i] > 0 and not smaller[sa[i] - 1]:
s378722439.py(80):     for i in range(n):
s378722439.py(81):         if sa[i] > 0 and not smaller[sa[i] - 1]:
s378722439.py(82):             sa[bucket[s[sa[i] - 1]] + count[s[sa[i] - 1] + 1]] = sa[i] - 1
s378722439.py(83):             count[s[sa[i] - 1] + 1] += 1
s378722439.py(80):     for i in range(n):
s378722439.py(81):         if sa[i] > 0 and not smaller[sa[i] - 1]:
s378722439.py(80):     for i in range(n):
s378722439.py(81):         if sa[i] > 0 and not smaller[sa[i] - 1]:
s378722439.py(82):             sa[bucket[s[sa[i] - 1]] + count[s[sa[i] - 1] + 1]] = sa[i] - 1
s378722439.py(83):             count[s[sa[i] - 1] + 1] += 1
s378722439.py(80):     for i in range(n):
s378722439.py(81):         if sa[i] > 0 and not smaller[sa[i] - 1]:
s378722439.py(80):     for i in range(n):
s378722439.py(81):         if sa[i] > 0 and not smaller[sa[i] - 1]:
s378722439.py(80):     for i in range(n):
s378722439.py(85):     count = [0 for _ in range(upper + 1)]
 --- modulename: s378722439, funcname: <listcomp>
s378722439.py(85):     count = [0 for _ in range(upper + 1)]
s378722439.py(85):     count = [0 for _ in range(upper + 1)]
s378722439.py(85):     count = [0 for _ in range(upper + 1)]
s378722439.py(85):     count = [0 for _ in range(upper + 1)]
s378722439.py(85):     count = [0 for _ in range(upper + 1)]
s378722439.py(85):     count = [0 for _ in range(upper + 1)]
s378722439.py(85):     count = [0 for _ in range(upper + 1)]
s378722439.py(85):     count = [0 for _ in range(upper + 1)]
s378722439.py(85):     count = [0 for _ in range(upper + 1)]
s378722439.py(85):     count = [0 for _ in range(upper + 1)]
s378722439.py(85):     count = [0 for _ in range(upper + 1)]
s378722439.py(85):     count = [0 for _ in range(upper + 1)]
s378722439.py(85):     count = [0 for _ in range(upper + 1)]
s378722439.py(85):     count = [0 for _ in range(upper + 1)]
s378722439.py(85):     count = [0 for _ in range(upper + 1)]
s378722439.py(85):     count = [0 for _ in range(upper + 1)]
s378722439.py(85):     count = [0 for _ in range(upper + 1)]
s378722439.py(85):     count = [0 for _ in range(upper + 1)]
s378722439.py(85):     count = [0 for _ in range(upper + 1)]
s378722439.py(85):     count = [0 for _ in range(upper + 1)]
s378722439.py(85):     count = [0 for _ in range(upper + 1)]
s378722439.py(85):     count = [0 for _ in range(upper + 1)]
s378722439.py(85):     count = [0 for _ in range(upper + 1)]
s378722439.py(85):     count = [0 for _ in range(upper + 1)]
s378722439.py(85):     count = [0 for _ in range(upper + 1)]
s378722439.py(85):     count = [0 for _ in range(upper + 1)]
s378722439.py(85):     count = [0 for _ in range(upper + 1)]
s378722439.py(85):     count = [0 for _ in range(upper + 1)]
s378722439.py(85):     count = [0 for _ in range(upper + 1)]
s378722439.py(85):     count = [0 for _ in range(upper + 1)]
s378722439.py(85):     count = [0 for _ in range(upper + 1)]
s378722439.py(85):     count = [0 for _ in range(upper + 1)]
s378722439.py(86):     for i in range(n-1, -1, -1):
s378722439.py(87):         if sa[i] > 0 and smaller[sa[i] - 1]:
s378722439.py(88):             sa[bucket[s[sa[i] - 1] + 1] - 1 - count[s[sa[i] - 1] + 1]] = sa[i] - 1
s378722439.py(89):             count[s[sa[i] - 1] + 1] += 1
s378722439.py(86):     for i in range(n-1, -1, -1):
s378722439.py(87):         if sa[i] > 0 and smaller[sa[i] - 1]:
s378722439.py(88):             sa[bucket[s[sa[i] - 1] + 1] - 1 - count[s[sa[i] - 1] + 1]] = sa[i] - 1
s378722439.py(89):             count[s[sa[i] - 1] + 1] += 1
s378722439.py(86):     for i in range(n-1, -1, -1):
s378722439.py(87):         if sa[i] > 0 and smaller[sa[i] - 1]:
s378722439.py(88):             sa[bucket[s[sa[i] - 1] + 1] - 1 - count[s[sa[i] - 1] + 1]] = sa[i] - 1
s378722439.py(89):             count[s[sa[i] - 1] + 1] += 1
s378722439.py(86):     for i in range(n-1, -1, -1):
s378722439.py(87):         if sa[i] > 0 and smaller[sa[i] - 1]:
s378722439.py(86):     for i in range(n-1, -1, -1):
s378722439.py(87):         if sa[i] > 0 and smaller[sa[i] - 1]:
s378722439.py(86):     for i in range(n-1, -1, -1):
s378722439.py(87):         if sa[i] > 0 and smaller[sa[i] - 1]:
s378722439.py(86):     for i in range(n-1, -1, -1):
s378722439.py(87):         if sa[i] > 0 and smaller[sa[i] - 1]:
s378722439.py(86):     for i in range(n-1, -1, -1):
s378722439.py(87):         if sa[i] > 0 and smaller[sa[i] - 1]:
s378722439.py(86):     for i in range(n-1, -1, -1):
s378722439.py(91):     return sa
s378722439.py(96):     return sa
s378722439.py(123):     lcp = lcp_array(s, sa)
 --- modulename: s378722439, funcname: lcp_array
s378722439.py(99):     n = len(s)
s378722439.py(100):     rnk = [0] * n
s378722439.py(101):     for i in range(n):
s378722439.py(102):         rnk[sa[i]] = i
s378722439.py(101):     for i in range(n):
s378722439.py(102):         rnk[sa[i]] = i
s378722439.py(101):     for i in range(n):
s378722439.py(102):         rnk[sa[i]] = i
s378722439.py(101):     for i in range(n):
s378722439.py(102):         rnk[sa[i]] = i
s378722439.py(101):     for i in range(n):
s378722439.py(102):         rnk[sa[i]] = i
s378722439.py(101):     for i in range(n):
s378722439.py(102):         rnk[sa[i]] = i
s378722439.py(101):     for i in range(n):
s378722439.py(102):         rnk[sa[i]] = i
s378722439.py(101):     for i in range(n):
s378722439.py(103):     lcp = [0] * (n - 1)
s378722439.py(104):     h = 0
s378722439.py(105):     for i in range(n):
s378722439.py(106):         if h > 0:
s378722439.py(108):         if rnk[i] == 0:
s378722439.py(110):         j = sa[rnk[i] - 1]
s378722439.py(111):         while j + h < n and i + h < n:
s378722439.py(112):             if s[j + h] != s[i + h]:
s378722439.py(114):             h += 1
s378722439.py(111):         while j + h < n and i + h < n:
s378722439.py(115):         lcp[rnk[i] - 1] = h
s378722439.py(105):     for i in range(n):
s378722439.py(106):         if h > 0:
s378722439.py(107):             h -= 1
s378722439.py(108):         if rnk[i] == 0:
s378722439.py(110):         j = sa[rnk[i] - 1]
s378722439.py(111):         while j + h < n and i + h < n:
s378722439.py(112):             if s[j + h] != s[i + h]:
s378722439.py(114):             h += 1
s378722439.py(111):         while j + h < n and i + h < n:
s378722439.py(112):             if s[j + h] != s[i + h]:
s378722439.py(114):             h += 1
s378722439.py(111):         while j + h < n and i + h < n:
s378722439.py(112):             if s[j + h] != s[i + h]:
s378722439.py(114):             h += 1
s378722439.py(111):         while j + h < n and i + h < n:
s378722439.py(112):             if s[j + h] != s[i + h]:
s378722439.py(113):                 break
s378722439.py(115):         lcp[rnk[i] - 1] = h
s378722439.py(105):     for i in range(n):
s378722439.py(106):         if h > 0:
s378722439.py(107):             h -= 1
s378722439.py(108):         if rnk[i] == 0:
s378722439.py(110):         j = sa[rnk[i] - 1]
s378722439.py(111):         while j + h < n and i + h < n:
s378722439.py(112):             if s[j + h] != s[i + h]:
s378722439.py(113):                 break
s378722439.py(115):         lcp[rnk[i] - 1] = h
s378722439.py(105):     for i in range(n):
s378722439.py(106):         if h > 0:
s378722439.py(107):             h -= 1
s378722439.py(108):         if rnk[i] == 0:
s378722439.py(110):         j = sa[rnk[i] - 1]
s378722439.py(111):         while j + h < n and i + h < n:
s378722439.py(112):             if s[j + h] != s[i + h]:
s378722439.py(113):                 break
s378722439.py(115):         lcp[rnk[i] - 1] = h
s378722439.py(105):     for i in range(n):
s378722439.py(106):         if h > 0:
s378722439.py(107):             h -= 1
s378722439.py(108):         if rnk[i] == 0:
s378722439.py(110):         j = sa[rnk[i] - 1]
s378722439.py(111):         while j + h < n and i + h < n:
s378722439.py(112):             if s[j + h] != s[i + h]:
s378722439.py(113):                 break
s378722439.py(115):         lcp[rnk[i] - 1] = h
s378722439.py(105):     for i in range(n):
s378722439.py(106):         if h > 0:
s378722439.py(108):         if rnk[i] == 0:
s378722439.py(110):         j = sa[rnk[i] - 1]
s378722439.py(111):         while j + h < n and i + h < n:
s378722439.py(112):             if s[j + h] != s[i + h]:
s378722439.py(113):                 break
s378722439.py(115):         lcp[rnk[i] - 1] = h
s378722439.py(105):     for i in range(n):
s378722439.py(106):         if h > 0:
s378722439.py(108):         if rnk[i] == 0:
s378722439.py(109):             continue
s378722439.py(105):     for i in range(n):
s378722439.py(116):     return lcp
s378722439.py(125):     ans = n * (n+1) // 2 - sum(lcp)
s378722439.py(126):     print(ans)
21
