 --- modulename: s383138014, funcname: <module>
s383138014.py(1): from collections import defaultdict
 --- modulename: _bootstrap, funcname: _handle_fromlist
<frozen importlib._bootstrap>(1043): <frozen importlib._bootstrap>(1044): <frozen importlib._bootstrap>(1051): <frozen importlib._bootstrap>(1055): <frozen importlib._bootstrap>(1043): <frozen importlib._bootstrap>(1067): s383138014.py(2): import sys
s383138014.py(3): input = lambda: sys.stdin.readline().rstrip()
s383138014.py(5): M = 998244353
s383138014.py(6): B = pow(10, 18, M)
s383138014.py(7): N = int(input())
 --- modulename: s383138014, funcname: <lambda>
s383138014.py(3): input = lambda: sys.stdin.readline().rstrip()
 --- modulename: codecs, funcname: getstate
codecs.py(333):         return (self.buffer, 0)
 --- modulename: codecs, funcname: decode
codecs.py(321):         data = self.buffer + input
codecs.py(322):         (result, consumed) = self._buffer_decode(data, self.errors, final)
codecs.py(324):         self.buffer = data[consumed:]
codecs.py(325):         return result
s383138014.py(9): def geometric_mod(a, r, m, n):
s383138014.py(15): BB = list(geometric_mod(1, B, M, N+2))
 --- modulename: s383138014, funcname: geometric_mod
s383138014.py(10):   x = a
s383138014.py(11):   for i in range(n):
s383138014.py(12):     yield x
 --- modulename: s383138014, funcname: geometric_mod
s383138014.py(13):     x = (x*r)%m
s383138014.py(11):   for i in range(n):
s383138014.py(12):     yield x
 --- modulename: s383138014, funcname: geometric_mod
s383138014.py(13):     x = (x*r)%m
s383138014.py(11):   for i in range(n):
s383138014.py(12):     yield x
 --- modulename: s383138014, funcname: geometric_mod
s383138014.py(13):     x = (x*r)%m
s383138014.py(11):   for i in range(n):
s383138014.py(12):     yield x
 --- modulename: s383138014, funcname: geometric_mod
s383138014.py(13):     x = (x*r)%m
s383138014.py(11):   for i in range(n):
s383138014.py(17): def ext_euc(a, b):
s383138014.py(27): def inv_mod(a, b, m):
s383138014.py(31): def mex(s):
s383138014.py(36): def calc_grundy(e):
s383138014.py(51): def read_edge():
s383138014.py(59): def solve(N, edge):
s383138014.py(71): edge = [read_edge() for i in range(3)]
 --- modulename: s383138014, funcname: <listcomp>
s383138014.py(71): edge = [read_edge() for i in range(3)]
 --- modulename: s383138014, funcname: read_edge
s383138014.py(52):   M = int(input())
 --- modulename: s383138014, funcname: <lambda>
s383138014.py(3): input = lambda: sys.stdin.readline().rstrip()
s383138014.py(53):   e = defaultdict(list)
s383138014.py(54):   for i in range(M):
s383138014.py(55):     a, b = sorted(map(int, input().split()))
 --- modulename: s383138014, funcname: <lambda>
s383138014.py(3): input = lambda: sys.stdin.readline().rstrip()
s383138014.py(56):     e[a].append(b)
s383138014.py(54):   for i in range(M):
s383138014.py(57):   return e
s383138014.py(71): edge = [read_edge() for i in range(3)]
 --- modulename: s383138014, funcname: read_edge
s383138014.py(52):   M = int(input())
 --- modulename: s383138014, funcname: <lambda>
s383138014.py(3): input = lambda: sys.stdin.readline().rstrip()
s383138014.py(53):   e = defaultdict(list)
s383138014.py(54):   for i in range(M):
s383138014.py(55):     a, b = sorted(map(int, input().split()))
 --- modulename: s383138014, funcname: <lambda>
s383138014.py(3): input = lambda: sys.stdin.readline().rstrip()
s383138014.py(56):     e[a].append(b)
s383138014.py(54):   for i in range(M):
s383138014.py(57):   return e
s383138014.py(71): edge = [read_edge() for i in range(3)]
 --- modulename: s383138014, funcname: read_edge
s383138014.py(52):   M = int(input())
 --- modulename: s383138014, funcname: <lambda>
s383138014.py(3): input = lambda: sys.stdin.readline().rstrip()
s383138014.py(53):   e = defaultdict(list)
s383138014.py(54):   for i in range(M):
s383138014.py(55):     a, b = sorted(map(int, input().split()))
 --- modulename: s383138014, funcname: <lambda>
s383138014.py(3): input = lambda: sys.stdin.readline().rstrip()
s383138014.py(56):     e[a].append(b)
s383138014.py(54):   for i in range(M):
s383138014.py(57):   return e
s383138014.py(71): edge = [read_edge() for i in range(3)]
s383138014.py(73): print(solve(N, edge))
 --- modulename: s383138014, funcname: solve
s383138014.py(60):   sum_g = list(map(calc_grundy, edge))
 --- modulename: s383138014, funcname: calc_grundy
s383138014.py(37):   g = {}
s383138014.py(38):   sum_g = defaultdict(int)
s383138014.py(39):   sum_g[0] = inv_mod(B-1, pow(B, N+1, M)-B, M)
 --- modulename: s383138014, funcname: inv_mod
s383138014.py(28):   x, y = ext_euc(a, m)
 --- modulename: s383138014, funcname: ext_euc
s383138014.py(18):   x1, y1, z1 = 1, 0, a
s383138014.py(19):   x2, y2, z2 = 0, 1, b
s383138014.py(20):   while z1 != 1:
s383138014.py(21):     d, m = divmod(z2,z1)
s383138014.py(22):     x1, x2 = x2-d*x1, x1
s383138014.py(23):     y1, y2 = y2-d*y1, y1
s383138014.py(24):     z1, z2 = m, z1
s383138014.py(20):   while z1 != 1:
s383138014.py(21):     d, m = divmod(z2,z1)
s383138014.py(22):     x1, x2 = x2-d*x1, x1
s383138014.py(23):     y1, y2 = y2-d*y1, y1
s383138014.py(24):     z1, z2 = m, z1
s383138014.py(20):   while z1 != 1:
s383138014.py(21):     d, m = divmod(z2,z1)
s383138014.py(22):     x1, x2 = x2-d*x1, x1
s383138014.py(23):     y1, y2 = y2-d*y1, y1
s383138014.py(24):     z1, z2 = m, z1
s383138014.py(20):   while z1 != 1:
s383138014.py(21):     d, m = divmod(z2,z1)
s383138014.py(22):     x1, x2 = x2-d*x1, x1
s383138014.py(23):     y1, y2 = y2-d*y1, y1
s383138014.py(24):     z1, z2 = m, z1
s383138014.py(20):   while z1 != 1:
s383138014.py(21):     d, m = divmod(z2,z1)
s383138014.py(22):     x1, x2 = x2-d*x1, x1
s383138014.py(23):     y1, y2 = y2-d*y1, y1
s383138014.py(24):     z1, z2 = m, z1
s383138014.py(20):   while z1 != 1:
s383138014.py(21):     d, m = divmod(z2,z1)
s383138014.py(22):     x1, x2 = x2-d*x1, x1
s383138014.py(23):     y1, y2 = y2-d*y1, y1
s383138014.py(24):     z1, z2 = m, z1
s383138014.py(20):   while z1 != 1:
s383138014.py(21):     d, m = divmod(z2,z1)
s383138014.py(22):     x1, x2 = x2-d*x1, x1
s383138014.py(23):     y1, y2 = y2-d*y1, y1
s383138014.py(24):     z1, z2 = m, z1
s383138014.py(20):   while z1 != 1:
s383138014.py(21):     d, m = divmod(z2,z1)
s383138014.py(22):     x1, x2 = x2-d*x1, x1
s383138014.py(23):     y1, y2 = y2-d*y1, y1
s383138014.py(24):     z1, z2 = m, z1
s383138014.py(20):   while z1 != 1:
s383138014.py(21):     d, m = divmod(z2,z1)
s383138014.py(22):     x1, x2 = x2-d*x1, x1
s383138014.py(23):     y1, y2 = y2-d*y1, y1
s383138014.py(24):     z1, z2 = m, z1
s383138014.py(20):   while z1 != 1:
s383138014.py(21):     d, m = divmod(z2,z1)
s383138014.py(22):     x1, x2 = x2-d*x1, x1
s383138014.py(23):     y1, y2 = y2-d*y1, y1
s383138014.py(24):     z1, z2 = m, z1
s383138014.py(20):   while z1 != 1:
s383138014.py(21):     d, m = divmod(z2,z1)
s383138014.py(22):     x1, x2 = x2-d*x1, x1
s383138014.py(23):     y1, y2 = y2-d*y1, y1
s383138014.py(24):     z1, z2 = m, z1
s383138014.py(20):   while z1 != 1:
s383138014.py(21):     d, m = divmod(z2,z1)
s383138014.py(22):     x1, x2 = x2-d*x1, x1
s383138014.py(23):     y1, y2 = y2-d*y1, y1
s383138014.py(24):     z1, z2 = m, z1
s383138014.py(20):   while z1 != 1:
s383138014.py(21):     d, m = divmod(z2,z1)
s383138014.py(22):     x1, x2 = x2-d*x1, x1
s383138014.py(23):     y1, y2 = y2-d*y1, y1
s383138014.py(24):     z1, z2 = m, z1
s383138014.py(20):   while z1 != 1:
s383138014.py(21):     d, m = divmod(z2,z1)
s383138014.py(22):     x1, x2 = x2-d*x1, x1
s383138014.py(23):     y1, y2 = y2-d*y1, y1
s383138014.py(24):     z1, z2 = m, z1
s383138014.py(20):   while z1 != 1:
s383138014.py(21):     d, m = divmod(z2,z1)
s383138014.py(22):     x1, x2 = x2-d*x1, x1
s383138014.py(23):     y1, y2 = y2-d*y1, y1
s383138014.py(24):     z1, z2 = m, z1
s383138014.py(20):   while z1 != 1:
s383138014.py(21):     d, m = divmod(z2,z1)
s383138014.py(22):     x1, x2 = x2-d*x1, x1
s383138014.py(23):     y1, y2 = y2-d*y1, y1
s383138014.py(24):     z1, z2 = m, z1
s383138014.py(20):   while z1 != 1:
s383138014.py(21):     d, m = divmod(z2,z1)
s383138014.py(22):     x1, x2 = x2-d*x1, x1
s383138014.py(23):     y1, y2 = y2-d*y1, y1
s383138014.py(24):     z1, z2 = m, z1
s383138014.py(20):   while z1 != 1:
s383138014.py(21):     d, m = divmod(z2,z1)
s383138014.py(22):     x1, x2 = x2-d*x1, x1
s383138014.py(23):     y1, y2 = y2-d*y1, y1
s383138014.py(24):     z1, z2 = m, z1
s383138014.py(20):   while z1 != 1:
s383138014.py(21):     d, m = divmod(z2,z1)
s383138014.py(22):     x1, x2 = x2-d*x1, x1
s383138014.py(23):     y1, y2 = y2-d*y1, y1
s383138014.py(24):     z1, z2 = m, z1
s383138014.py(20):   while z1 != 1:
s383138014.py(25):   return x1, y1
s383138014.py(29):   return (x * b % m)
s383138014.py(40):   for i in range(N, 0, -1):
s383138014.py(41):     if i not in e:
s383138014.py(42):       continue
s383138014.py(40):   for i in range(N, 0, -1):
s383138014.py(41):     if i not in e:
s383138014.py(43):     m = mex({g.get(j, 0) for j in set(e[i])})
 --- modulename: s383138014, funcname: <setcomp>
s383138014.py(43):     m = mex({g.get(j, 0) for j in set(e[i])})
s383138014.py(43):     m = mex({g.get(j, 0) for j in set(e[i])})
 --- modulename: s383138014, funcname: mex
s383138014.py(32):   for i in range(N+1):
s383138014.py(33):     if i not in s:
s383138014.py(32):   for i in range(N+1):
s383138014.py(33):     if i not in s:
s383138014.py(34):       return i
s383138014.py(44):     if m:
s383138014.py(45):       g[i] = m
s383138014.py(46):       sum_g[g[i]] = (sum_g[g[i]] + BB[i]) % M
s383138014.py(47):       sum_g[0]  = (sum_g[0] - BB[i]) % M
s383138014.py(40):   for i in range(N, 0, -1):
s383138014.py(49):   return sum_g
 --- modulename: s383138014, funcname: calc_grundy
s383138014.py(37):   g = {}
s383138014.py(38):   sum_g = defaultdict(int)
s383138014.py(39):   sum_g[0] = inv_mod(B-1, pow(B, N+1, M)-B, M)
 --- modulename: s383138014, funcname: inv_mod
s383138014.py(28):   x, y = ext_euc(a, m)
 --- modulename: s383138014, funcname: ext_euc
s383138014.py(18):   x1, y1, z1 = 1, 0, a
s383138014.py(19):   x2, y2, z2 = 0, 1, b
s383138014.py(20):   while z1 != 1:
s383138014.py(21):     d, m = divmod(z2,z1)
s383138014.py(22):     x1, x2 = x2-d*x1, x1
s383138014.py(23):     y1, y2 = y2-d*y1, y1
s383138014.py(24):     z1, z2 = m, z1
s383138014.py(20):   while z1 != 1:
s383138014.py(21):     d, m = divmod(z2,z1)
s383138014.py(22):     x1, x2 = x2-d*x1, x1
s383138014.py(23):     y1, y2 = y2-d*y1, y1
s383138014.py(24):     z1, z2 = m, z1
s383138014.py(20):   while z1 != 1:
s383138014.py(21):     d, m = divmod(z2,z1)
s383138014.py(22):     x1, x2 = x2-d*x1, x1
s383138014.py(23):     y1, y2 = y2-d*y1, y1
s383138014.py(24):     z1, z2 = m, z1
s383138014.py(20):   while z1 != 1:
s383138014.py(21):     d, m = divmod(z2,z1)
s383138014.py(22):     x1, x2 = x2-d*x1, x1
s383138014.py(23):     y1, y2 = y2-d*y1, y1
s383138014.py(24):     z1, z2 = m, z1
s383138014.py(20):   while z1 != 1:
s383138014.py(21):     d, m = divmod(z2,z1)
s383138014.py(22):     x1, x2 = x2-d*x1, x1
s383138014.py(23):     y1, y2 = y2-d*y1, y1
s383138014.py(24):     z1, z2 = m, z1
s383138014.py(20):   while z1 != 1:
s383138014.py(21):     d, m = divmod(z2,z1)
s383138014.py(22):     x1, x2 = x2-d*x1, x1
s383138014.py(23):     y1, y2 = y2-d*y1, y1
s383138014.py(24):     z1, z2 = m, z1
s383138014.py(20):   while z1 != 1:
s383138014.py(21):     d, m = divmod(z2,z1)
s383138014.py(22):     x1, x2 = x2-d*x1, x1
s383138014.py(23):     y1, y2 = y2-d*y1, y1
s383138014.py(24):     z1, z2 = m, z1
s383138014.py(20):   while z1 != 1:
s383138014.py(21):     d, m = divmod(z2,z1)
s383138014.py(22):     x1, x2 = x2-d*x1, x1
s383138014.py(23):     y1, y2 = y2-d*y1, y1
s383138014.py(24):     z1, z2 = m, z1
s383138014.py(20):   while z1 != 1:
s383138014.py(21):     d, m = divmod(z2,z1)
s383138014.py(22):     x1, x2 = x2-d*x1, x1
s383138014.py(23):     y1, y2 = y2-d*y1, y1
s383138014.py(24):     z1, z2 = m, z1
s383138014.py(20):   while z1 != 1:
s383138014.py(21):     d, m = divmod(z2,z1)
s383138014.py(22):     x1, x2 = x2-d*x1, x1
s383138014.py(23):     y1, y2 = y2-d*y1, y1
s383138014.py(24):     z1, z2 = m, z1
s383138014.py(20):   while z1 != 1:
s383138014.py(21):     d, m = divmod(z2,z1)
s383138014.py(22):     x1, x2 = x2-d*x1, x1
s383138014.py(23):     y1, y2 = y2-d*y1, y1
s383138014.py(24):     z1, z2 = m, z1
s383138014.py(20):   while z1 != 1:
s383138014.py(21):     d, m = divmod(z2,z1)
s383138014.py(22):     x1, x2 = x2-d*x1, x1
s383138014.py(23):     y1, y2 = y2-d*y1, y1
s383138014.py(24):     z1, z2 = m, z1
s383138014.py(20):   while z1 != 1:
s383138014.py(21):     d, m = divmod(z2,z1)
s383138014.py(22):     x1, x2 = x2-d*x1, x1
s383138014.py(23):     y1, y2 = y2-d*y1, y1
s383138014.py(24):     z1, z2 = m, z1
s383138014.py(20):   while z1 != 1:
s383138014.py(21):     d, m = divmod(z2,z1)
s383138014.py(22):     x1, x2 = x2-d*x1, x1
s383138014.py(23):     y1, y2 = y2-d*y1, y1
s383138014.py(24):     z1, z2 = m, z1
s383138014.py(20):   while z1 != 1:
s383138014.py(21):     d, m = divmod(z2,z1)
s383138014.py(22):     x1, x2 = x2-d*x1, x1
s383138014.py(23):     y1, y2 = y2-d*y1, y1
s383138014.py(24):     z1, z2 = m, z1
s383138014.py(20):   while z1 != 1:
s383138014.py(21):     d, m = divmod(z2,z1)
s383138014.py(22):     x1, x2 = x2-d*x1, x1
s383138014.py(23):     y1, y2 = y2-d*y1, y1
s383138014.py(24):     z1, z2 = m, z1
s383138014.py(20):   while z1 != 1:
s383138014.py(21):     d, m = divmod(z2,z1)
s383138014.py(22):     x1, x2 = x2-d*x1, x1
s383138014.py(23):     y1, y2 = y2-d*y1, y1
s383138014.py(24):     z1, z2 = m, z1
s383138014.py(20):   while z1 != 1:
s383138014.py(21):     d, m = divmod(z2,z1)
s383138014.py(22):     x1, x2 = x2-d*x1, x1
s383138014.py(23):     y1, y2 = y2-d*y1, y1
s383138014.py(24):     z1, z2 = m, z1
s383138014.py(20):   while z1 != 1:
s383138014.py(21):     d, m = divmod(z2,z1)
s383138014.py(22):     x1, x2 = x2-d*x1, x1
s383138014.py(23):     y1, y2 = y2-d*y1, y1
s383138014.py(24):     z1, z2 = m, z1
s383138014.py(20):   while z1 != 1:
s383138014.py(25):   return x1, y1
s383138014.py(29):   return (x * b % m)
s383138014.py(40):   for i in range(N, 0, -1):
s383138014.py(41):     if i not in e:
s383138014.py(42):       continue
s383138014.py(40):   for i in range(N, 0, -1):
s383138014.py(41):     if i not in e:
s383138014.py(43):     m = mex({g.get(j, 0) for j in set(e[i])})
 --- modulename: s383138014, funcname: <setcomp>
s383138014.py(43):     m = mex({g.get(j, 0) for j in set(e[i])})
s383138014.py(43):     m = mex({g.get(j, 0) for j in set(e[i])})
 --- modulename: s383138014, funcname: mex
s383138014.py(32):   for i in range(N+1):
s383138014.py(33):     if i not in s:
s383138014.py(32):   for i in range(N+1):
s383138014.py(33):     if i not in s:
s383138014.py(34):       return i
s383138014.py(44):     if m:
s383138014.py(45):       g[i] = m
s383138014.py(46):       sum_g[g[i]] = (sum_g[g[i]] + BB[i]) % M
s383138014.py(47):       sum_g[0]  = (sum_g[0] - BB[i]) % M
s383138014.py(40):   for i in range(N, 0, -1):
s383138014.py(49):   return sum_g
 --- modulename: s383138014, funcname: calc_grundy
s383138014.py(37):   g = {}
s383138014.py(38):   sum_g = defaultdict(int)
s383138014.py(39):   sum_g[0] = inv_mod(B-1, pow(B, N+1, M)-B, M)
 --- modulename: s383138014, funcname: inv_mod
s383138014.py(28):   x, y = ext_euc(a, m)
 --- modulename: s383138014, funcname: ext_euc
s383138014.py(18):   x1, y1, z1 = 1, 0, a
s383138014.py(19):   x2, y2, z2 = 0, 1, b
s383138014.py(20):   while z1 != 1:
s383138014.py(21):     d, m = divmod(z2,z1)
s383138014.py(22):     x1, x2 = x2-d*x1, x1
s383138014.py(23):     y1, y2 = y2-d*y1, y1
s383138014.py(24):     z1, z2 = m, z1
s383138014.py(20):   while z1 != 1:
s383138014.py(21):     d, m = divmod(z2,z1)
s383138014.py(22):     x1, x2 = x2-d*x1, x1
s383138014.py(23):     y1, y2 = y2-d*y1, y1
s383138014.py(24):     z1, z2 = m, z1
s383138014.py(20):   while z1 != 1:
s383138014.py(21):     d, m = divmod(z2,z1)
s383138014.py(22):     x1, x2 = x2-d*x1, x1
s383138014.py(23):     y1, y2 = y2-d*y1, y1
s383138014.py(24):     z1, z2 = m, z1
s383138014.py(20):   while z1 != 1:
s383138014.py(21):     d, m = divmod(z2,z1)
s383138014.py(22):     x1, x2 = x2-d*x1, x1
s383138014.py(23):     y1, y2 = y2-d*y1, y1
s383138014.py(24):     z1, z2 = m, z1
s383138014.py(20):   while z1 != 1:
s383138014.py(21):     d, m = divmod(z2,z1)
s383138014.py(22):     x1, x2 = x2-d*x1, x1
s383138014.py(23):     y1, y2 = y2-d*y1, y1
s383138014.py(24):     z1, z2 = m, z1
s383138014.py(20):   while z1 != 1:
s383138014.py(21):     d, m = divmod(z2,z1)
s383138014.py(22):     x1, x2 = x2-d*x1, x1
s383138014.py(23):     y1, y2 = y2-d*y1, y1
s383138014.py(24):     z1, z2 = m, z1
s383138014.py(20):   while z1 != 1:
s383138014.py(21):     d, m = divmod(z2,z1)
s383138014.py(22):     x1, x2 = x2-d*x1, x1
s383138014.py(23):     y1, y2 = y2-d*y1, y1
s383138014.py(24):     z1, z2 = m, z1
s383138014.py(20):   while z1 != 1:
s383138014.py(21):     d, m = divmod(z2,z1)
s383138014.py(22):     x1, x2 = x2-d*x1, x1
s383138014.py(23):     y1, y2 = y2-d*y1, y1
s383138014.py(24):     z1, z2 = m, z1
s383138014.py(20):   while z1 != 1:
s383138014.py(21):     d, m = divmod(z2,z1)
s383138014.py(22):     x1, x2 = x2-d*x1, x1
s383138014.py(23):     y1, y2 = y2-d*y1, y1
s383138014.py(24):     z1, z2 = m, z1
s383138014.py(20):   while z1 != 1:
s383138014.py(21):     d, m = divmod(z2,z1)
s383138014.py(22):     x1, x2 = x2-d*x1, x1
s383138014.py(23):     y1, y2 = y2-d*y1, y1
s383138014.py(24):     z1, z2 = m, z1
s383138014.py(20):   while z1 != 1:
s383138014.py(21):     d, m = divmod(z2,z1)
s383138014.py(22):     x1, x2 = x2-d*x1, x1
s383138014.py(23):     y1, y2 = y2-d*y1, y1
s383138014.py(24):     z1, z2 = m, z1
s383138014.py(20):   while z1 != 1:
s383138014.py(21):     d, m = divmod(z2,z1)
s383138014.py(22):     x1, x2 = x2-d*x1, x1
s383138014.py(23):     y1, y2 = y2-d*y1, y1
s383138014.py(24):     z1, z2 = m, z1
s383138014.py(20):   while z1 != 1:
s383138014.py(21):     d, m = divmod(z2,z1)
s383138014.py(22):     x1, x2 = x2-d*x1, x1
s383138014.py(23):     y1, y2 = y2-d*y1, y1
s383138014.py(24):     z1, z2 = m, z1
s383138014.py(20):   while z1 != 1:
s383138014.py(21):     d, m = divmod(z2,z1)
s383138014.py(22):     x1, x2 = x2-d*x1, x1
s383138014.py(23):     y1, y2 = y2-d*y1, y1
s383138014.py(24):     z1, z2 = m, z1
s383138014.py(20):   while z1 != 1:
s383138014.py(21):     d, m = divmod(z2,z1)
s383138014.py(22):     x1, x2 = x2-d*x1, x1
s383138014.py(23):     y1, y2 = y2-d*y1, y1
s383138014.py(24):     z1, z2 = m, z1
s383138014.py(20):   while z1 != 1:
s383138014.py(21):     d, m = divmod(z2,z1)
s383138014.py(22):     x1, x2 = x2-d*x1, x1
s383138014.py(23):     y1, y2 = y2-d*y1, y1
s383138014.py(24):     z1, z2 = m, z1
s383138014.py(20):   while z1 != 1:
s383138014.py(21):     d, m = divmod(z2,z1)
s383138014.py(22):     x1, x2 = x2-d*x1, x1
s383138014.py(23):     y1, y2 = y2-d*y1, y1
s383138014.py(24):     z1, z2 = m, z1
s383138014.py(20):   while z1 != 1:
s383138014.py(21):     d, m = divmod(z2,z1)
s383138014.py(22):     x1, x2 = x2-d*x1, x1
s383138014.py(23):     y1, y2 = y2-d*y1, y1
s383138014.py(24):     z1, z2 = m, z1
s383138014.py(20):   while z1 != 1:
s383138014.py(21):     d, m = divmod(z2,z1)
s383138014.py(22):     x1, x2 = x2-d*x1, x1
s383138014.py(23):     y1, y2 = y2-d*y1, y1
s383138014.py(24):     z1, z2 = m, z1
s383138014.py(20):   while z1 != 1:
s383138014.py(25):   return x1, y1
s383138014.py(29):   return (x * b % m)
s383138014.py(40):   for i in range(N, 0, -1):
s383138014.py(41):     if i not in e:
s383138014.py(42):       continue
s383138014.py(40):   for i in range(N, 0, -1):
s383138014.py(41):     if i not in e:
s383138014.py(43):     m = mex({g.get(j, 0) for j in set(e[i])})
 --- modulename: s383138014, funcname: <setcomp>
s383138014.py(43):     m = mex({g.get(j, 0) for j in set(e[i])})
s383138014.py(43):     m = mex({g.get(j, 0) for j in set(e[i])})
 --- modulename: s383138014, funcname: mex
s383138014.py(32):   for i in range(N+1):
s383138014.py(33):     if i not in s:
s383138014.py(32):   for i in range(N+1):
s383138014.py(33):     if i not in s:
s383138014.py(34):       return i
s383138014.py(44):     if m:
s383138014.py(45):       g[i] = m
s383138014.py(46):       sum_g[g[i]] = (sum_g[g[i]] + BB[i]) % M
s383138014.py(47):       sum_g[0]  = (sum_g[0] - BB[i]) % M
s383138014.py(40):   for i in range(N, 0, -1):
s383138014.py(49):   return sum_g
s383138014.py(61):   ret = 0
s383138014.py(62):   for gx, sx in sum_g[0].items():
s383138014.py(63):     for gy, sy in sum_g[1].items():
s383138014.py(64):       gz = gx^gy
s383138014.py(65):       sz = sum_g[2][gz]
s383138014.py(66):       if sz:
s383138014.py(67):         ret = (ret + sx*sy*sz) % M
s383138014.py(63):     for gy, sy in sum_g[1].items():
s383138014.py(64):       gz = gx^gy
s383138014.py(65):       sz = sum_g[2][gz]
s383138014.py(66):       if sz:
s383138014.py(67):         ret = (ret + sx*sy*sz) % M
s383138014.py(63):     for gy, sy in sum_g[1].items():
s383138014.py(62):   for gx, sx in sum_g[0].items():
s383138014.py(63):     for gy, sy in sum_g[1].items():
s383138014.py(64):       gz = gx^gy
s383138014.py(65):       sz = sum_g[2][gz]
s383138014.py(66):       if sz:
s383138014.py(67):         ret = (ret + sx*sy*sz) % M
s383138014.py(63):     for gy, sy in sum_g[1].items():
s383138014.py(64):       gz = gx^gy
s383138014.py(65):       sz = sum_g[2][gz]
s383138014.py(66):       if sz:
s383138014.py(67):         ret = (ret + sx*sy*sz) % M
s383138014.py(63):     for gy, sy in sum_g[1].items():
s383138014.py(62):   for gx, sx in sum_g[0].items():
s383138014.py(68):   return ret
46494701
