 --- modulename: s389055484, funcname: <module>
s389055484.py(6): mod=10**9+7
s389055484.py(7): def factorial(x): #階乗計算
s389055484.py(13): def gcd(a, b):
s389055484.py(18): def lcm(a, b):
s389055484.py(20): def div(x): #約数配列
s389055484.py(32): def div2(x): #素因数分解配列
s389055484.py(44): def main():
s389055484.py(140): main()
 --- modulename: s389055484, funcname: main
s389055484.py(55):     n=int(input())
 --- modulename: codecs, funcname: getstate
codecs.py(333):         return (self.buffer, 0)
 --- modulename: codecs, funcname: decode
codecs.py(321):         data = self.buffer + input
codecs.py(322):         (result, consumed) = self._buffer_decode(data, self.errors, final)
codecs.py(324):         self.buffer = data[consumed:]
codecs.py(325):         return result
s389055484.py(56):     a = list(map(int,input().split())) 
s389055484.py(57):     if a==[0 for _ in range(n)]:
 --- modulename: s389055484, funcname: <listcomp>
s389055484.py(57):     if a==[0 for _ in range(n)]:
s389055484.py(57):     if a==[0 for _ in range(n)]:
s389055484.py(57):     if a==[0 for _ in range(n)]:
s389055484.py(57):     if a==[0 for _ in range(n)]:
s389055484.py(60):     if n%3!=0:
s389055484.py(64):         a.sort()
s389055484.py(65):         x=a[0]
s389055484.py(66):         z=a[n-1]
s389055484.py(67):         if n%2==0:
s389055484.py(70):             y=a[((n+1)//2)-1]
s389055484.py(71):         x0=y0=z0=0
s389055484.py(72):         for i in range(n):
s389055484.py(73):             if a[i]==x:
s389055484.py(74):                 x0+=1
s389055484.py(75):             if a[i]==y:
s389055484.py(77):             if a[i]==z:
s389055484.py(72):         for i in range(n):
s389055484.py(73):             if a[i]==x:
s389055484.py(75):             if a[i]==y:
s389055484.py(76):                 y0+=1
s389055484.py(77):             if a[i]==z:
s389055484.py(72):         for i in range(n):
s389055484.py(73):             if a[i]==x:
s389055484.py(75):             if a[i]==y:
s389055484.py(77):             if a[i]==z:
s389055484.py(78):                 z0+=1
s389055484.py(72):         for i in range(n):
s389055484.py(79):         if x==0 and x0==n//3 and y==z:
s389055484.py(82):         if x0!=n//3 or y0!=n//3 or z0!=n//3:
s389055484.py(85):         cnt={}
s389055484.py(86):         index=0
s389055484.py(87):         while x != 0:
s389055484.py(88):             if x//2>0:
s389055484.py(97):                 if index not in cnt:
s389055484.py(98):                     cnt[index]=1
s389055484.py(101):                 x=0
s389055484.py(87):         while x != 0:
s389055484.py(102):         index=0
s389055484.py(103):         while y != 0:
s389055484.py(104):             if y//2>0:
s389055484.py(105):                 if y%2!=0:
s389055484.py(110):                 y=y//2
s389055484.py(111):                 index+=1
s389055484.py(103):         while y != 0:
s389055484.py(104):             if y//2>0:
s389055484.py(113):                 if index not in cnt:
s389055484.py(114):                     cnt[index]=1
s389055484.py(117):                 y=0
s389055484.py(103):         while y != 0:
s389055484.py(118):         index=0
s389055484.py(119):         while z != 0:
s389055484.py(120):             if z//2>0:
s389055484.py(121):                 if z%2!=0:
s389055484.py(122):                     if index not in cnt:
s389055484.py(125):                         cnt[index]+=1
s389055484.py(126):                 z=z//2
s389055484.py(127):                 index+=1
s389055484.py(119):         while z != 0:
s389055484.py(120):             if z//2>0:
s389055484.py(129):                 if index not in cnt:
s389055484.py(132):                     cnt[index]+=1
s389055484.py(133):                 z=0
s389055484.py(119):         while z != 0:
s389055484.py(134):         for i in cnt:
s389055484.py(135):             if cnt[i]%2==1:
s389055484.py(134):         for i in cnt:
s389055484.py(135):             if cnt[i]%2==1:
s389055484.py(134):         for i in cnt:
s389055484.py(138):         print("Yes")
Yes
