 --- modulename: s391086059, funcname: <module>
s391086059.py(1): def INT(): return int(input())
s391086059.py(2): def MAP(): return map(int, input().split())
s391086059.py(3): def LIST(): return list(map(int, input().split()))
s391086059.py(6): N = INT()
 --- modulename: s391086059, funcname: INT
s391086059.py(1): def INT(): return int(input())
 --- modulename: codecs, funcname: getstate
codecs.py(333):         return (self.buffer, 0)
 --- modulename: codecs, funcname: decode
codecs.py(321):         data = self.buffer + input
codecs.py(322):         (result, consumed) = self._buffer_decode(data, self.errors, final)
codecs.py(324):         self.buffer = data[consumed:]
codecs.py(325):         return result
s391086059.py(7): A = LIST()
 --- modulename: s391086059, funcname: LIST
s391086059.py(3): def LIST(): return list(map(int, input().split()))
s391086059.py(8): B = LIST()
 --- modulename: s391086059, funcname: LIST
s391086059.py(3): def LIST(): return list(map(int, input().split()))
s391086059.py(9): C = LIST()
 --- modulename: s391086059, funcname: LIST
s391086059.py(3): def LIST(): return list(map(int, input().split()))
s391086059.py(11): A.sort()
s391086059.py(12): B.sort()
s391086059.py(13): C.sort()
s391086059.py(15): def binsearch(lst, th, ud="up"):
s391086059.py(33): ans = 0
s391086059.py(40): for bi in B:
s391086059.py(41):     i = binsearch(A, bi, "down")
 --- modulename: s391086059, funcname: binsearch
s391086059.py(16):     left, right = -1, len(lst)
s391086059.py(17):     while right - left > 1:
s391086059.py(18):         mid = (left + right) // 2
s391086059.py(19):         if ud == "up":
s391086059.py(25):             if lst[mid] >= th:
s391086059.py(28):                 left = mid
s391086059.py(17):     while right - left > 1:
s391086059.py(18):         mid = (left + right) // 2
s391086059.py(19):         if ud == "up":
s391086059.py(25):             if lst[mid] >= th:
s391086059.py(26):                 right = mid
s391086059.py(17):     while right - left > 1:
s391086059.py(30):     return right if ud == "up" else left
s391086059.py(42):     j = binsearch(C, bi, "up")
 --- modulename: s391086059, funcname: binsearch
s391086059.py(16):     left, right = -1, len(lst)
s391086059.py(17):     while right - left > 1:
s391086059.py(18):         mid = (left + right) // 2
s391086059.py(19):         if ud == "up":
s391086059.py(20):             if lst[mid] > th:
s391086059.py(21):                 right = mid
s391086059.py(17):     while right - left > 1:
s391086059.py(30):     return right if ud == "up" else left
s391086059.py(43):     ans += (i+1) * (N-j)
s391086059.py(40): for bi in B:
s391086059.py(41):     i = binsearch(A, bi, "down")
 --- modulename: s391086059, funcname: binsearch
s391086059.py(16):     left, right = -1, len(lst)
s391086059.py(17):     while right - left > 1:
s391086059.py(18):         mid = (left + right) // 2
s391086059.py(19):         if ud == "up":
s391086059.py(25):             if lst[mid] >= th:
s391086059.py(28):                 left = mid
s391086059.py(17):     while right - left > 1:
s391086059.py(18):         mid = (left + right) // 2
s391086059.py(19):         if ud == "up":
s391086059.py(25):             if lst[mid] >= th:
s391086059.py(26):                 right = mid
s391086059.py(17):     while right - left > 1:
s391086059.py(30):     return right if ud == "up" else left
s391086059.py(42):     j = binsearch(C, bi, "up")
 --- modulename: s391086059, funcname: binsearch
s391086059.py(16):     left, right = -1, len(lst)
s391086059.py(17):     while right - left > 1:
s391086059.py(18):         mid = (left + right) // 2
s391086059.py(19):         if ud == "up":
s391086059.py(20):             if lst[mid] > th:
s391086059.py(23):                 left = mid
s391086059.py(17):     while right - left > 1:
s391086059.py(18):         mid = (left + right) // 2
s391086059.py(19):         if ud == "up":
s391086059.py(20):             if lst[mid] > th:
s391086059.py(21):                 right = mid
s391086059.py(17):     while right - left > 1:
s391086059.py(30):     return right if ud == "up" else left
s391086059.py(43):     ans += (i+1) * (N-j)
s391086059.py(40): for bi in B:
s391086059.py(46): print(ans)
3
