 --- modulename: s392160879, funcname: <module>
s392160879.py(1): N, X = map(int, input().split())
 --- modulename: codecs, funcname: getstate
codecs.py(333):         return (self.buffer, 0)
 --- modulename: codecs, funcname: decode
codecs.py(321):         data = self.buffer + input
codecs.py(322):         (result, consumed) = self._buffer_decode(data, self.errors, final)
codecs.py(324):         self.buffer = data[consumed:]
codecs.py(325):         return result
s392160879.py(3): def a(L):
s392160879.py(8): def p(L):
s392160879.py(13): def solve(L, X):
s392160879.py(27): print(solve(N, X))
 --- modulename: s392160879, funcname: solve
s392160879.py(14):     if L == 0:
s392160879.py(16):     if X == 1:
s392160879.py(18):     if 1 < X <= 1 + a(L-1):
 --- modulename: s392160879, funcname: a
s392160879.py(4):     if L == 0:
s392160879.py(6):     return 2 * a(L-1) + 3
 --- modulename: s392160879, funcname: a
s392160879.py(4):     if L == 0:
s392160879.py(5):         return 1
s392160879.py(20):     if X == 2 + a(L-1):
 --- modulename: s392160879, funcname: a
s392160879.py(4):     if L == 0:
s392160879.py(6):     return 2 * a(L-1) + 3
 --- modulename: s392160879, funcname: a
s392160879.py(4):     if L == 0:
s392160879.py(5):         return 1
s392160879.py(21):         return p(L-1) + 1
 --- modulename: s392160879, funcname: p
s392160879.py(9):     if L == 0:
s392160879.py(11):     return 2 * p(L-1) + 1
 --- modulename: s392160879, funcname: p
s392160879.py(9):     if L == 0:
s392160879.py(10):         return 1
4
