 --- modulename: s858491264, funcname: <module>
s858491264.py(3): import sys
s858491264.py(4): input= lambda: sys.stdin.readline().rstrip()
s858491264.py(5): sys.setrecursionlimit(10**9)
s858491264.py(6): def pin(type=int):return map(type,input().split())
s858491264.py(7): def tupin(t=int):return tuple(pin(t))
s858491264.py(8): def lispin(t=int):return list(pin(t))
s858491264.py(10): def resolve():
s858491264.py(25): resolve()
 --- modulename: s858491264, funcname: resolve
s858491264.py(11):     a=sys.stdin.readlines()
 --- modulename: codecs, funcname: decode
codecs.py(321):         data = self.buffer + input
codecs.py(322):         (result, consumed) = self._buffer_decode(data, self.errors, final)
codecs.py(324):         self.buffer = data[consumed:]
codecs.py(325):         return result
 --- modulename: codecs, funcname: decode
codecs.py(321):         data = self.buffer + input
codecs.py(322):         (result, consumed) = self._buffer_decode(data, self.errors, final)
codecs.py(324):         self.buffer = data[consumed:]
codecs.py(325):         return result
s858491264.py(13):     N,X=int(a[0].rstrip()),a[-1].rstrip()
s858491264.py(15):     slept=0
s858491264.py(16):     ans=0
s858491264.py(17):     for i in range(1,1+N):
s858491264.py(18):         t,l=a[i].rstrip().split()
s858491264.py(21):         if slept:ans+=int(l)
s858491264.py(22):         if t==X:slept=1
s858491264.py(17):     for i in range(1,1+N):
s858491264.py(18):         t,l=a[i].rstrip().split()
s858491264.py(21):         if slept:ans+=int(l)
s858491264.py(22):         if t==X:slept=1
s858491264.py(17):     for i in range(1,1+N):
s858491264.py(18):         t,l=a[i].rstrip().split()
s858491264.py(21):         if slept:ans+=int(l)
s858491264.py(22):         if t==X:slept=1
s858491264.py(17):     for i in range(1,1+N):
s858491264.py(23):     print(ans)
30
