 --- modulename: s861010466, funcname: <module>
s861010466.py(1): import sys
s861010466.py(2): stdin = sys.stdin
s861010466.py(4): sys.setrecursionlimit(10 ** 7)
s861010466.py(6): def li(): return map(int, stdin.readline().split())
s861010466.py(7): def li_(): return map(lambda x: int(x) - 1, stdin.readline().split())
s861010466.py(8): def lf(): return map(float, stdin.readline().split())
s861010466.py(9): def ls(): return stdin.readline().split()
s861010466.py(10): def ns(): return stdin.readline().rstrip()
s861010466.py(11): def lc(): return list(ns())
s861010466.py(12): def ni(): return int(stdin.readline())
s861010466.py(13): def nf(): return float(stdin.readline())
s861010466.py(15): n = ni()
 --- modulename: s861010466, funcname: ni
s861010466.py(12): def ni(): return int(stdin.readline())
 --- modulename: codecs, funcname: getstate
codecs.py(333):         return (self.buffer, 0)
 --- modulename: codecs, funcname: decode
codecs.py(321):         data = self.buffer + input
codecs.py(322):         (result, consumed) = self._buffer_decode(data, self.errors, final)
codecs.py(324):         self.buffer = data[consumed:]
codecs.py(325):         return result
s861010466.py(16): ga, sa, ba = li()
 --- modulename: s861010466, funcname: li
s861010466.py(6): def li(): return map(int, stdin.readline().split())
s861010466.py(17): gb, sb, bb = li()
 --- modulename: s861010466, funcname: li
s861010466.py(6): def li(): return map(int, stdin.readline().split())
s861010466.py(19): vg1, vg2 = gb - ga, ga - gb
s861010466.py(20): vs1, vs2 = sb - sa, sa - sb
s861010466.py(21): vb1, vb2 = bb - ba, ba - bb
s861010466.py(23): dp1 = [0]*(n+1)
s861010466.py(25): for i in range(1,n+1):
s861010466.py(26):     dp1[i] = max(dp1[i-1]+1,
s861010466.py(27):                   dp1[i-ga] + gb if i-ga >= 0 else 0,
s861010466.py(28):                   dp1[i-sa] + sb if i-sa >= 0 else 0,
s861010466.py(29):                   dp1[i-ba] + bb if i-ba >= 0 else 0)
s861010466.py(26):     dp1[i] = max(dp1[i-1]+1,
s861010466.py(25): for i in range(1,n+1):
s861010466.py(26):     dp1[i] = max(dp1[i-1]+1,
s861010466.py(27):                   dp1[i-ga] + gb if i-ga >= 0 else 0,
s861010466.py(28):                   dp1[i-sa] + sb if i-sa >= 0 else 0,
s861010466.py(29):                   dp1[i-ba] + bb if i-ba >= 0 else 0)
s861010466.py(26):     dp1[i] = max(dp1[i-1]+1,
s861010466.py(25): for i in range(1,n+1):
s861010466.py(26):     dp1[i] = max(dp1[i-1]+1,
s861010466.py(27):                   dp1[i-ga] + gb if i-ga >= 0 else 0,
s861010466.py(28):                   dp1[i-sa] + sb if i-sa >= 0 else 0,
s861010466.py(29):                   dp1[i-ba] + bb if i-ba >= 0 else 0)
s861010466.py(26):     dp1[i] = max(dp1[i-1]+1,
s861010466.py(25): for i in range(1,n+1):
s861010466.py(26):     dp1[i] = max(dp1[i-1]+1,
s861010466.py(27):                   dp1[i-ga] + gb if i-ga >= 0 else 0,
s861010466.py(28):                   dp1[i-sa] + sb if i-sa >= 0 else 0,
s861010466.py(29):                   dp1[i-ba] + bb if i-ba >= 0 else 0)
s861010466.py(26):     dp1[i] = max(dp1[i-1]+1,
s861010466.py(25): for i in range(1,n+1):
s861010466.py(26):     dp1[i] = max(dp1[i-1]+1,
s861010466.py(27):                   dp1[i-ga] + gb if i-ga >= 0 else 0,
s861010466.py(28):                   dp1[i-sa] + sb if i-sa >= 0 else 0,
s861010466.py(29):                   dp1[i-ba] + bb if i-ba >= 0 else 0)
s861010466.py(26):     dp1[i] = max(dp1[i-1]+1,
s861010466.py(25): for i in range(1,n+1):
s861010466.py(26):     dp1[i] = max(dp1[i-1]+1,
s861010466.py(27):                   dp1[i-ga] + gb if i-ga >= 0 else 0,
s861010466.py(28):                   dp1[i-sa] + sb if i-sa >= 0 else 0,
s861010466.py(29):                   dp1[i-ba] + bb if i-ba >= 0 else 0)
s861010466.py(26):     dp1[i] = max(dp1[i-1]+1,
s861010466.py(25): for i in range(1,n+1):
s861010466.py(26):     dp1[i] = max(dp1[i-1]+1,
s861010466.py(27):                   dp1[i-ga] + gb if i-ga >= 0 else 0,
s861010466.py(28):                   dp1[i-sa] + sb if i-sa >= 0 else 0,
s861010466.py(29):                   dp1[i-ba] + bb if i-ba >= 0 else 0)
s861010466.py(26):     dp1[i] = max(dp1[i-1]+1,
s861010466.py(25): for i in range(1,n+1):
s861010466.py(26):     dp1[i] = max(dp1[i-1]+1,
s861010466.py(27):                   dp1[i-ga] + gb if i-ga >= 0 else 0,
s861010466.py(28):                   dp1[i-sa] + sb if i-sa >= 0 else 0,
s861010466.py(29):                   dp1[i-ba] + bb if i-ba >= 0 else 0)
s861010466.py(26):     dp1[i] = max(dp1[i-1]+1,
s861010466.py(25): for i in range(1,n+1):
s861010466.py(26):     dp1[i] = max(dp1[i-1]+1,
s861010466.py(27):                   dp1[i-ga] + gb if i-ga >= 0 else 0,
s861010466.py(28):                   dp1[i-sa] + sb if i-sa >= 0 else 0,
s861010466.py(29):                   dp1[i-ba] + bb if i-ba >= 0 else 0)
s861010466.py(26):     dp1[i] = max(dp1[i-1]+1,
s861010466.py(25): for i in range(1,n+1):
s861010466.py(26):     dp1[i] = max(dp1[i-1]+1,
s861010466.py(27):                   dp1[i-ga] + gb if i-ga >= 0 else 0,
s861010466.py(28):                   dp1[i-sa] + sb if i-sa >= 0 else 0,
s861010466.py(29):                   dp1[i-ba] + bb if i-ba >= 0 else 0)
s861010466.py(26):     dp1[i] = max(dp1[i-1]+1,
s861010466.py(25): for i in range(1,n+1):
s861010466.py(26):     dp1[i] = max(dp1[i-1]+1,
s861010466.py(27):                   dp1[i-ga] + gb if i-ga >= 0 else 0,
s861010466.py(28):                   dp1[i-sa] + sb if i-sa >= 0 else 0,
s861010466.py(29):                   dp1[i-ba] + bb if i-ba >= 0 else 0)
s861010466.py(26):     dp1[i] = max(dp1[i-1]+1,
s861010466.py(25): for i in range(1,n+1):
s861010466.py(26):     dp1[i] = max(dp1[i-1]+1,
s861010466.py(27):                   dp1[i-ga] + gb if i-ga >= 0 else 0,
s861010466.py(28):                   dp1[i-sa] + sb if i-sa >= 0 else 0,
s861010466.py(29):                   dp1[i-ba] + bb if i-ba >= 0 else 0)
s861010466.py(26):     dp1[i] = max(dp1[i-1]+1,
s861010466.py(25): for i in range(1,n+1):
s861010466.py(26):     dp1[i] = max(dp1[i-1]+1,
s861010466.py(27):                   dp1[i-ga] + gb if i-ga >= 0 else 0,
s861010466.py(28):                   dp1[i-sa] + sb if i-sa >= 0 else 0,
s861010466.py(29):                   dp1[i-ba] + bb if i-ba >= 0 else 0)
s861010466.py(26):     dp1[i] = max(dp1[i-1]+1,
s861010466.py(25): for i in range(1,n+1):
s861010466.py(26):     dp1[i] = max(dp1[i-1]+1,
s861010466.py(27):                   dp1[i-ga] + gb if i-ga >= 0 else 0,
s861010466.py(28):                   dp1[i-sa] + sb if i-sa >= 0 else 0,
s861010466.py(29):                   dp1[i-ba] + bb if i-ba >= 0 else 0)
s861010466.py(26):     dp1[i] = max(dp1[i-1]+1,
s861010466.py(25): for i in range(1,n+1):
s861010466.py(26):     dp1[i] = max(dp1[i-1]+1,
s861010466.py(27):                   dp1[i-ga] + gb if i-ga >= 0 else 0,
s861010466.py(28):                   dp1[i-sa] + sb if i-sa >= 0 else 0,
s861010466.py(29):                   dp1[i-ba] + bb if i-ba >= 0 else 0)
s861010466.py(26):     dp1[i] = max(dp1[i-1]+1,
s861010466.py(25): for i in range(1,n+1):
s861010466.py(26):     dp1[i] = max(dp1[i-1]+1,
s861010466.py(27):                   dp1[i-ga] + gb if i-ga >= 0 else 0,
s861010466.py(28):                   dp1[i-sa] + sb if i-sa >= 0 else 0,
s861010466.py(29):                   dp1[i-ba] + bb if i-ba >= 0 else 0)
s861010466.py(26):     dp1[i] = max(dp1[i-1]+1,
s861010466.py(25): for i in range(1,n+1):
s861010466.py(26):     dp1[i] = max(dp1[i-1]+1,
s861010466.py(27):                   dp1[i-ga] + gb if i-ga >= 0 else 0,
s861010466.py(28):                   dp1[i-sa] + sb if i-sa >= 0 else 0,
s861010466.py(29):                   dp1[i-ba] + bb if i-ba >= 0 else 0)
s861010466.py(26):     dp1[i] = max(dp1[i-1]+1,
s861010466.py(25): for i in range(1,n+1):
s861010466.py(26):     dp1[i] = max(dp1[i-1]+1,
s861010466.py(27):                   dp1[i-ga] + gb if i-ga >= 0 else 0,
s861010466.py(28):                   dp1[i-sa] + sb if i-sa >= 0 else 0,
s861010466.py(29):                   dp1[i-ba] + bb if i-ba >= 0 else 0)
s861010466.py(26):     dp1[i] = max(dp1[i-1]+1,
s861010466.py(25): for i in range(1,n+1):
s861010466.py(26):     dp1[i] = max(dp1[i-1]+1,
s861010466.py(27):                   dp1[i-ga] + gb if i-ga >= 0 else 0,
s861010466.py(28):                   dp1[i-sa] + sb if i-sa >= 0 else 0,
s861010466.py(29):                   dp1[i-ba] + bb if i-ba >= 0 else 0)
s861010466.py(26):     dp1[i] = max(dp1[i-1]+1,
s861010466.py(25): for i in range(1,n+1):
s861010466.py(26):     dp1[i] = max(dp1[i-1]+1,
s861010466.py(27):                   dp1[i-ga] + gb if i-ga >= 0 else 0,
s861010466.py(28):                   dp1[i-sa] + sb if i-sa >= 0 else 0,
s861010466.py(29):                   dp1[i-ba] + bb if i-ba >= 0 else 0)
s861010466.py(26):     dp1[i] = max(dp1[i-1]+1,
s861010466.py(25): for i in range(1,n+1):
s861010466.py(26):     dp1[i] = max(dp1[i-1]+1,
s861010466.py(27):                   dp1[i-ga] + gb if i-ga >= 0 else 0,
s861010466.py(28):                   dp1[i-sa] + sb if i-sa >= 0 else 0,
s861010466.py(29):                   dp1[i-ba] + bb if i-ba >= 0 else 0)
s861010466.py(26):     dp1[i] = max(dp1[i-1]+1,
s861010466.py(25): for i in range(1,n+1):
s861010466.py(26):     dp1[i] = max(dp1[i-1]+1,
s861010466.py(27):                   dp1[i-ga] + gb if i-ga >= 0 else 0,
s861010466.py(28):                   dp1[i-sa] + sb if i-sa >= 0 else 0,
s861010466.py(29):                   dp1[i-ba] + bb if i-ba >= 0 else 0)
s861010466.py(26):     dp1[i] = max(dp1[i-1]+1,
s861010466.py(25): for i in range(1,n+1):
s861010466.py(26):     dp1[i] = max(dp1[i-1]+1,
s861010466.py(27):                   dp1[i-ga] + gb if i-ga >= 0 else 0,
s861010466.py(28):                   dp1[i-sa] + sb if i-sa >= 0 else 0,
s861010466.py(29):                   dp1[i-ba] + bb if i-ba >= 0 else 0)
s861010466.py(26):     dp1[i] = max(dp1[i-1]+1,
s861010466.py(25): for i in range(1,n+1):
s861010466.py(31): m = max(n, dp1[n])
s861010466.py(32): dp2 = [0] * (m+1)
s861010466.py(34): for i in range(1, m+1):
s861010466.py(35):     dp2[i] = max(dp2[i-1]+1,
s861010466.py(36):                  dp2[i-gb] + ga if i-gb >= 0 else 0,
s861010466.py(37):                  dp2[i-sb] + sa if i-sb >= 0 else 0,
s861010466.py(38):                  dp2[i-bb] + ba if i-bb >= 0 else 0)
s861010466.py(35):     dp2[i] = max(dp2[i-1]+1,
s861010466.py(34): for i in range(1, m+1):
s861010466.py(35):     dp2[i] = max(dp2[i-1]+1,
s861010466.py(36):                  dp2[i-gb] + ga if i-gb >= 0 else 0,
s861010466.py(37):                  dp2[i-sb] + sa if i-sb >= 0 else 0,
s861010466.py(38):                  dp2[i-bb] + ba if i-bb >= 0 else 0)
s861010466.py(35):     dp2[i] = max(dp2[i-1]+1,
s861010466.py(34): for i in range(1, m+1):
s861010466.py(35):     dp2[i] = max(dp2[i-1]+1,
s861010466.py(36):                  dp2[i-gb] + ga if i-gb >= 0 else 0,
s861010466.py(37):                  dp2[i-sb] + sa if i-sb >= 0 else 0,
s861010466.py(38):                  dp2[i-bb] + ba if i-bb >= 0 else 0)
s861010466.py(35):     dp2[i] = max(dp2[i-1]+1,
s861010466.py(34): for i in range(1, m+1):
s861010466.py(35):     dp2[i] = max(dp2[i-1]+1,
s861010466.py(36):                  dp2[i-gb] + ga if i-gb >= 0 else 0,
s861010466.py(37):                  dp2[i-sb] + sa if i-sb >= 0 else 0,
s861010466.py(38):                  dp2[i-bb] + ba if i-bb >= 0 else 0)
s861010466.py(35):     dp2[i] = max(dp2[i-1]+1,
s861010466.py(34): for i in range(1, m+1):
s861010466.py(35):     dp2[i] = max(dp2[i-1]+1,
s861010466.py(36):                  dp2[i-gb] + ga if i-gb >= 0 else 0,
s861010466.py(37):                  dp2[i-sb] + sa if i-sb >= 0 else 0,
s861010466.py(38):                  dp2[i-bb] + ba if i-bb >= 0 else 0)
s861010466.py(35):     dp2[i] = max(dp2[i-1]+1,
s861010466.py(34): for i in range(1, m+1):
s861010466.py(35):     dp2[i] = max(dp2[i-1]+1,
s861010466.py(36):                  dp2[i-gb] + ga if i-gb >= 0 else 0,
s861010466.py(37):                  dp2[i-sb] + sa if i-sb >= 0 else 0,
s861010466.py(38):                  dp2[i-bb] + ba if i-bb >= 0 else 0)
s861010466.py(35):     dp2[i] = max(dp2[i-1]+1,
s861010466.py(34): for i in range(1, m+1):
s861010466.py(35):     dp2[i] = max(dp2[i-1]+1,
s861010466.py(36):                  dp2[i-gb] + ga if i-gb >= 0 else 0,
s861010466.py(37):                  dp2[i-sb] + sa if i-sb >= 0 else 0,
s861010466.py(38):                  dp2[i-bb] + ba if i-bb >= 0 else 0)
s861010466.py(35):     dp2[i] = max(dp2[i-1]+1,
s861010466.py(34): for i in range(1, m+1):
s861010466.py(35):     dp2[i] = max(dp2[i-1]+1,
s861010466.py(36):                  dp2[i-gb] + ga if i-gb >= 0 else 0,
s861010466.py(37):                  dp2[i-sb] + sa if i-sb >= 0 else 0,
s861010466.py(38):                  dp2[i-bb] + ba if i-bb >= 0 else 0)
s861010466.py(35):     dp2[i] = max(dp2[i-1]+1,
s861010466.py(34): for i in range(1, m+1):
s861010466.py(35):     dp2[i] = max(dp2[i-1]+1,
s861010466.py(36):                  dp2[i-gb] + ga if i-gb >= 0 else 0,
s861010466.py(37):                  dp2[i-sb] + sa if i-sb >= 0 else 0,
s861010466.py(38):                  dp2[i-bb] + ba if i-bb >= 0 else 0)
s861010466.py(35):     dp2[i] = max(dp2[i-1]+1,
s861010466.py(34): for i in range(1, m+1):
s861010466.py(35):     dp2[i] = max(dp2[i-1]+1,
s861010466.py(36):                  dp2[i-gb] + ga if i-gb >= 0 else 0,
s861010466.py(37):                  dp2[i-sb] + sa if i-sb >= 0 else 0,
s861010466.py(38):                  dp2[i-bb] + ba if i-bb >= 0 else 0)
s861010466.py(35):     dp2[i] = max(dp2[i-1]+1,
s861010466.py(34): for i in range(1, m+1):
s861010466.py(35):     dp2[i] = max(dp2[i-1]+1,
s861010466.py(36):                  dp2[i-gb] + ga if i-gb >= 0 else 0,
s861010466.py(37):                  dp2[i-sb] + sa if i-sb >= 0 else 0,
s861010466.py(38):                  dp2[i-bb] + ba if i-bb >= 0 else 0)
s861010466.py(35):     dp2[i] = max(dp2[i-1]+1,
s861010466.py(34): for i in range(1, m+1):
s861010466.py(35):     dp2[i] = max(dp2[i-1]+1,
s861010466.py(36):                  dp2[i-gb] + ga if i-gb >= 0 else 0,
s861010466.py(37):                  dp2[i-sb] + sa if i-sb >= 0 else 0,
s861010466.py(38):                  dp2[i-bb] + ba if i-bb >= 0 else 0)
s861010466.py(35):     dp2[i] = max(dp2[i-1]+1,
s861010466.py(34): for i in range(1, m+1):
s861010466.py(35):     dp2[i] = max(dp2[i-1]+1,
s861010466.py(36):                  dp2[i-gb] + ga if i-gb >= 0 else 0,
s861010466.py(37):                  dp2[i-sb] + sa if i-sb >= 0 else 0,
s861010466.py(38):                  dp2[i-bb] + ba if i-bb >= 0 else 0)
s861010466.py(35):     dp2[i] = max(dp2[i-1]+1,
s861010466.py(34): for i in range(1, m+1):
s861010466.py(35):     dp2[i] = max(dp2[i-1]+1,
s861010466.py(36):                  dp2[i-gb] + ga if i-gb >= 0 else 0,
s861010466.py(37):                  dp2[i-sb] + sa if i-sb >= 0 else 0,
s861010466.py(38):                  dp2[i-bb] + ba if i-bb >= 0 else 0)
s861010466.py(35):     dp2[i] = max(dp2[i-1]+1,
s861010466.py(34): for i in range(1, m+1):
s861010466.py(35):     dp2[i] = max(dp2[i-1]+1,
s861010466.py(36):                  dp2[i-gb] + ga if i-gb >= 0 else 0,
s861010466.py(37):                  dp2[i-sb] + sa if i-sb >= 0 else 0,
s861010466.py(38):                  dp2[i-bb] + ba if i-bb >= 0 else 0)
s861010466.py(35):     dp2[i] = max(dp2[i-1]+1,
s861010466.py(34): for i in range(1, m+1):
s861010466.py(35):     dp2[i] = max(dp2[i-1]+1,
s861010466.py(36):                  dp2[i-gb] + ga if i-gb >= 0 else 0,
s861010466.py(37):                  dp2[i-sb] + sa if i-sb >= 0 else 0,
s861010466.py(38):                  dp2[i-bb] + ba if i-bb >= 0 else 0)
s861010466.py(35):     dp2[i] = max(dp2[i-1]+1,
s861010466.py(34): for i in range(1, m+1):
s861010466.py(35):     dp2[i] = max(dp2[i-1]+1,
s861010466.py(36):                  dp2[i-gb] + ga if i-gb >= 0 else 0,
s861010466.py(37):                  dp2[i-sb] + sa if i-sb >= 0 else 0,
s861010466.py(38):                  dp2[i-bb] + ba if i-bb >= 0 else 0)
s861010466.py(35):     dp2[i] = max(dp2[i-1]+1,
s861010466.py(34): for i in range(1, m+1):
s861010466.py(35):     dp2[i] = max(dp2[i-1]+1,
s861010466.py(36):                  dp2[i-gb] + ga if i-gb >= 0 else 0,
s861010466.py(37):                  dp2[i-sb] + sa if i-sb >= 0 else 0,
s861010466.py(38):                  dp2[i-bb] + ba if i-bb >= 0 else 0)
s861010466.py(35):     dp2[i] = max(dp2[i-1]+1,
s861010466.py(34): for i in range(1, m+1):
s861010466.py(35):     dp2[i] = max(dp2[i-1]+1,
s861010466.py(36):                  dp2[i-gb] + ga if i-gb >= 0 else 0,
s861010466.py(37):                  dp2[i-sb] + sa if i-sb >= 0 else 0,
s861010466.py(38):                  dp2[i-bb] + ba if i-bb >= 0 else 0)
s861010466.py(35):     dp2[i] = max(dp2[i-1]+1,
s861010466.py(34): for i in range(1, m+1):
s861010466.py(35):     dp2[i] = max(dp2[i-1]+1,
s861010466.py(36):                  dp2[i-gb] + ga if i-gb >= 0 else 0,
s861010466.py(37):                  dp2[i-sb] + sa if i-sb >= 0 else 0,
s861010466.py(38):                  dp2[i-bb] + ba if i-bb >= 0 else 0)
s861010466.py(35):     dp2[i] = max(dp2[i-1]+1,
s861010466.py(34): for i in range(1, m+1):
s861010466.py(35):     dp2[i] = max(dp2[i-1]+1,
s861010466.py(36):                  dp2[i-gb] + ga if i-gb >= 0 else 0,
s861010466.py(37):                  dp2[i-sb] + sa if i-sb >= 0 else 0,
s861010466.py(38):                  dp2[i-bb] + ba if i-bb >= 0 else 0)
s861010466.py(35):     dp2[i] = max(dp2[i-1]+1,
s861010466.py(34): for i in range(1, m+1):
s861010466.py(35):     dp2[i] = max(dp2[i-1]+1,
s861010466.py(36):                  dp2[i-gb] + ga if i-gb >= 0 else 0,
s861010466.py(37):                  dp2[i-sb] + sa if i-sb >= 0 else 0,
s861010466.py(38):                  dp2[i-bb] + ba if i-bb >= 0 else 0)
s861010466.py(35):     dp2[i] = max(dp2[i-1]+1,
s861010466.py(34): for i in range(1, m+1):
s861010466.py(35):     dp2[i] = max(dp2[i-1]+1,
s861010466.py(36):                  dp2[i-gb] + ga if i-gb >= 0 else 0,
s861010466.py(37):                  dp2[i-sb] + sa if i-sb >= 0 else 0,
s861010466.py(38):                  dp2[i-bb] + ba if i-bb >= 0 else 0)
s861010466.py(35):     dp2[i] = max(dp2[i-1]+1,
s861010466.py(34): for i in range(1, m+1):
s861010466.py(35):     dp2[i] = max(dp2[i-1]+1,
s861010466.py(36):                  dp2[i-gb] + ga if i-gb >= 0 else 0,
s861010466.py(37):                  dp2[i-sb] + sa if i-sb >= 0 else 0,
s861010466.py(38):                  dp2[i-bb] + ba if i-bb >= 0 else 0)
s861010466.py(35):     dp2[i] = max(dp2[i-1]+1,
s861010466.py(34): for i in range(1, m+1):
s861010466.py(35):     dp2[i] = max(dp2[i-1]+1,
s861010466.py(36):                  dp2[i-gb] + ga if i-gb >= 0 else 0,
s861010466.py(37):                  dp2[i-sb] + sa if i-sb >= 0 else 0,
s861010466.py(38):                  dp2[i-bb] + ba if i-bb >= 0 else 0)
s861010466.py(35):     dp2[i] = max(dp2[i-1]+1,
s861010466.py(34): for i in range(1, m+1):
s861010466.py(35):     dp2[i] = max(dp2[i-1]+1,
s861010466.py(36):                  dp2[i-gb] + ga if i-gb >= 0 else 0,
s861010466.py(37):                  dp2[i-sb] + sa if i-sb >= 0 else 0,
s861010466.py(38):                  dp2[i-bb] + ba if i-bb >= 0 else 0)
s861010466.py(35):     dp2[i] = max(dp2[i-1]+1,
s861010466.py(34): for i in range(1, m+1):
s861010466.py(35):     dp2[i] = max(dp2[i-1]+1,
s861010466.py(36):                  dp2[i-gb] + ga if i-gb >= 0 else 0,
s861010466.py(37):                  dp2[i-sb] + sa if i-sb >= 0 else 0,
s861010466.py(38):                  dp2[i-bb] + ba if i-bb >= 0 else 0)
s861010466.py(35):     dp2[i] = max(dp2[i-1]+1,
s861010466.py(34): for i in range(1, m+1):
s861010466.py(35):     dp2[i] = max(dp2[i-1]+1,
s861010466.py(36):                  dp2[i-gb] + ga if i-gb >= 0 else 0,
s861010466.py(37):                  dp2[i-sb] + sa if i-sb >= 0 else 0,
s861010466.py(38):                  dp2[i-bb] + ba if i-bb >= 0 else 0)
s861010466.py(35):     dp2[i] = max(dp2[i-1]+1,
s861010466.py(34): for i in range(1, m+1):
s861010466.py(35):     dp2[i] = max(dp2[i-1]+1,
s861010466.py(36):                  dp2[i-gb] + ga if i-gb >= 0 else 0,
s861010466.py(37):                  dp2[i-sb] + sa if i-sb >= 0 else 0,
s861010466.py(38):                  dp2[i-bb] + ba if i-bb >= 0 else 0)
s861010466.py(35):     dp2[i] = max(dp2[i-1]+1,
s861010466.py(34): for i in range(1, m+1):
s861010466.py(35):     dp2[i] = max(dp2[i-1]+1,
s861010466.py(36):                  dp2[i-gb] + ga if i-gb >= 0 else 0,
s861010466.py(37):                  dp2[i-sb] + sa if i-sb >= 0 else 0,
s861010466.py(38):                  dp2[i-bb] + ba if i-bb >= 0 else 0)
s861010466.py(35):     dp2[i] = max(dp2[i-1]+1,
s861010466.py(34): for i in range(1, m+1):
s861010466.py(35):     dp2[i] = max(dp2[i-1]+1,
s861010466.py(36):                  dp2[i-gb] + ga if i-gb >= 0 else 0,
s861010466.py(37):                  dp2[i-sb] + sa if i-sb >= 0 else 0,
s861010466.py(38):                  dp2[i-bb] + ba if i-bb >= 0 else 0)
s861010466.py(35):     dp2[i] = max(dp2[i-1]+1,
s861010466.py(34): for i in range(1, m+1):
s861010466.py(35):     dp2[i] = max(dp2[i-1]+1,
s861010466.py(36):                  dp2[i-gb] + ga if i-gb >= 0 else 0,
s861010466.py(37):                  dp2[i-sb] + sa if i-sb >= 0 else 0,
s861010466.py(38):                  dp2[i-bb] + ba if i-bb >= 0 else 0)
s861010466.py(35):     dp2[i] = max(dp2[i-1]+1,
s861010466.py(34): for i in range(1, m+1):
s861010466.py(35):     dp2[i] = max(dp2[i-1]+1,
s861010466.py(36):                  dp2[i-gb] + ga if i-gb >= 0 else 0,
s861010466.py(37):                  dp2[i-sb] + sa if i-sb >= 0 else 0,
s861010466.py(38):                  dp2[i-bb] + ba if i-bb >= 0 else 0)
s861010466.py(35):     dp2[i] = max(dp2[i-1]+1,
s861010466.py(34): for i in range(1, m+1):
s861010466.py(35):     dp2[i] = max(dp2[i-1]+1,
s861010466.py(36):                  dp2[i-gb] + ga if i-gb >= 0 else 0,
s861010466.py(37):                  dp2[i-sb] + sa if i-sb >= 0 else 0,
s861010466.py(38):                  dp2[i-bb] + ba if i-bb >= 0 else 0)
s861010466.py(35):     dp2[i] = max(dp2[i-1]+1,
s861010466.py(34): for i in range(1, m+1):
s861010466.py(35):     dp2[i] = max(dp2[i-1]+1,
s861010466.py(36):                  dp2[i-gb] + ga if i-gb >= 0 else 0,
s861010466.py(37):                  dp2[i-sb] + sa if i-sb >= 0 else 0,
s861010466.py(38):                  dp2[i-bb] + ba if i-bb >= 0 else 0)
s861010466.py(35):     dp2[i] = max(dp2[i-1]+1,
s861010466.py(34): for i in range(1, m+1):
s861010466.py(35):     dp2[i] = max(dp2[i-1]+1,
s861010466.py(36):                  dp2[i-gb] + ga if i-gb >= 0 else 0,
s861010466.py(37):                  dp2[i-sb] + sa if i-sb >= 0 else 0,
s861010466.py(38):                  dp2[i-bb] + ba if i-bb >= 0 else 0)
s861010466.py(35):     dp2[i] = max(dp2[i-1]+1,
s861010466.py(34): for i in range(1, m+1):
s861010466.py(35):     dp2[i] = max(dp2[i-1]+1,
s861010466.py(36):                  dp2[i-gb] + ga if i-gb >= 0 else 0,
s861010466.py(37):                  dp2[i-sb] + sa if i-sb >= 0 else 0,
s861010466.py(38):                  dp2[i-bb] + ba if i-bb >= 0 else 0)
s861010466.py(35):     dp2[i] = max(dp2[i-1]+1,
s861010466.py(34): for i in range(1, m+1):
s861010466.py(35):     dp2[i] = max(dp2[i-1]+1,
s861010466.py(36):                  dp2[i-gb] + ga if i-gb >= 0 else 0,
s861010466.py(37):                  dp2[i-sb] + sa if i-sb >= 0 else 0,
s861010466.py(38):                  dp2[i-bb] + ba if i-bb >= 0 else 0)
s861010466.py(35):     dp2[i] = max(dp2[i-1]+1,
s861010466.py(34): for i in range(1, m+1):
s861010466.py(35):     dp2[i] = max(dp2[i-1]+1,
s861010466.py(36):                  dp2[i-gb] + ga if i-gb >= 0 else 0,
s861010466.py(37):                  dp2[i-sb] + sa if i-sb >= 0 else 0,
s861010466.py(38):                  dp2[i-bb] + ba if i-bb >= 0 else 0)
s861010466.py(35):     dp2[i] = max(dp2[i-1]+1,
s861010466.py(34): for i in range(1, m+1):
s861010466.py(35):     dp2[i] = max(dp2[i-1]+1,
s861010466.py(36):                  dp2[i-gb] + ga if i-gb >= 0 else 0,
s861010466.py(37):                  dp2[i-sb] + sa if i-sb >= 0 else 0,
s861010466.py(38):                  dp2[i-bb] + ba if i-bb >= 0 else 0)
s861010466.py(35):     dp2[i] = max(dp2[i-1]+1,
s861010466.py(34): for i in range(1, m+1):
s861010466.py(35):     dp2[i] = max(dp2[i-1]+1,
s861010466.py(36):                  dp2[i-gb] + ga if i-gb >= 0 else 0,
s861010466.py(37):                  dp2[i-sb] + sa if i-sb >= 0 else 0,
s861010466.py(38):                  dp2[i-bb] + ba if i-bb >= 0 else 0)
s861010466.py(35):     dp2[i] = max(dp2[i-1]+1,
s861010466.py(34): for i in range(1, m+1):
s861010466.py(35):     dp2[i] = max(dp2[i-1]+1,
s861010466.py(36):                  dp2[i-gb] + ga if i-gb >= 0 else 0,
s861010466.py(37):                  dp2[i-sb] + sa if i-sb >= 0 else 0,
s861010466.py(38):                  dp2[i-bb] + ba if i-bb >= 0 else 0)
s861010466.py(35):     dp2[i] = max(dp2[i-1]+1,
s861010466.py(34): for i in range(1, m+1):
s861010466.py(35):     dp2[i] = max(dp2[i-1]+1,
s861010466.py(36):                  dp2[i-gb] + ga if i-gb >= 0 else 0,
s861010466.py(37):                  dp2[i-sb] + sa if i-sb >= 0 else 0,
s861010466.py(38):                  dp2[i-bb] + ba if i-bb >= 0 else 0)
s861010466.py(35):     dp2[i] = max(dp2[i-1]+1,
s861010466.py(34): for i in range(1, m+1):
s861010466.py(35):     dp2[i] = max(dp2[i-1]+1,
s861010466.py(36):                  dp2[i-gb] + ga if i-gb >= 0 else 0,
s861010466.py(37):                  dp2[i-sb] + sa if i-sb >= 0 else 0,
s861010466.py(38):                  dp2[i-bb] + ba if i-bb >= 0 else 0)
s861010466.py(35):     dp2[i] = max(dp2[i-1]+1,
s861010466.py(34): for i in range(1, m+1):
s861010466.py(35):     dp2[i] = max(dp2[i-1]+1,
s861010466.py(36):                  dp2[i-gb] + ga if i-gb >= 0 else 0,
s861010466.py(37):                  dp2[i-sb] + sa if i-sb >= 0 else 0,
s861010466.py(38):                  dp2[i-bb] + ba if i-bb >= 0 else 0)
s861010466.py(35):     dp2[i] = max(dp2[i-1]+1,
s861010466.py(34): for i in range(1, m+1):
s861010466.py(35):     dp2[i] = max(dp2[i-1]+1,
s861010466.py(36):                  dp2[i-gb] + ga if i-gb >= 0 else 0,
s861010466.py(37):                  dp2[i-sb] + sa if i-sb >= 0 else 0,
s861010466.py(38):                  dp2[i-bb] + ba if i-bb >= 0 else 0)
s861010466.py(35):     dp2[i] = max(dp2[i-1]+1,
s861010466.py(34): for i in range(1, m+1):
s861010466.py(40): print(max(m, dp2[m]))
46
