 --- modulename: s863543826, funcname: <module>
s863543826.py(2): from heapq import heappush, heappop
s863543826.py(4): H,W,T,Q = map(int,input().split())
 --- modulename: codecs, funcname: getstate
codecs.py(333):         return (self.buffer, 0)
 --- modulename: codecs, funcname: decode
codecs.py(321):         data = self.buffer + input
codecs.py(322):         (result, consumed) = self._buffer_decode(data, self.errors, final)
codecs.py(324):         self.buffer = data[consumed:]
codecs.py(325):         return result
s863543826.py(6): pint = [[0]*(W+1) for _ in range(H+1)]
 --- modulename: s863543826, funcname: <listcomp>
s863543826.py(6): pint = [[0]*(W+1) for _ in range(H+1)]
s863543826.py(6): pint = [[0]*(W+1) for _ in range(H+1)]
s863543826.py(6): pint = [[0]*(W+1) for _ in range(H+1)]
s863543826.py(6): pint = [[0]*(W+1) for _ in range(H+1)]
s863543826.py(6): pint = [[0]*(W+1) for _ in range(H+1)]
s863543826.py(8): class Bit2D:
 --- modulename: s863543826, funcname: Bit2D
s863543826.py(8): class Bit2D:
s863543826.py(9):     def __init__(self,H,W):
s863543826.py(11):     def add(self,a,b,Z):
s863543826.py(20):     def s_sum(self,a,b):
s863543826.py(32):     def ssum(self,x1,y1,x2,y2):
s863543826.py(35):     def pprint(self):
s863543826.py(39):     def psum(self,x1,y1,x2,y2):
s863543826.py(42): q = []
s863543826.py(43): Yet = Bit2D(H,W)
 --- modulename: s863543826, funcname: __init__
s863543826.py(10):         self.bit = [[0]*(W+1) for _ in range(H+1)]
 --- modulename: s863543826, funcname: <listcomp>
s863543826.py(10):         self.bit = [[0]*(W+1) for _ in range(H+1)]
s863543826.py(10):         self.bit = [[0]*(W+1) for _ in range(H+1)]
s863543826.py(10):         self.bit = [[0]*(W+1) for _ in range(H+1)]
s863543826.py(10):         self.bit = [[0]*(W+1) for _ in range(H+1)]
s863543826.py(10):         self.bit = [[0]*(W+1) for _ in range(H+1)]
s863543826.py(44): Fin = Bit2D(H,W)
 --- modulename: s863543826, funcname: __init__
s863543826.py(10):         self.bit = [[0]*(W+1) for _ in range(H+1)]
 --- modulename: s863543826, funcname: <listcomp>
s863543826.py(10):         self.bit = [[0]*(W+1) for _ in range(H+1)]
s863543826.py(10):         self.bit = [[0]*(W+1) for _ in range(H+1)]
s863543826.py(10):         self.bit = [[0]*(W+1) for _ in range(H+1)]
s863543826.py(10):         self.bit = [[0]*(W+1) for _ in range(H+1)]
s863543826.py(10):         self.bit = [[0]*(W+1) for _ in range(H+1)]
s863543826.py(45): for i in range(Q):
s863543826.py(46):     t,c,*pos=map(int,input().split())
s863543826.py(47):     while q and q[0][0] <= t:
s863543826.py(53):     if c == 0:
s863543826.py(54):         h,w = pos
s863543826.py(55):         pint[h][w] = 1
s863543826.py(56):         Yet.add(h,w,1)
 --- modulename: s863543826, funcname: add
s863543826.py(12):         x = a
s863543826.py(13):         while x<=H:
s863543826.py(14):             y = b
s863543826.py(15):             yl = self.bit[x]
s863543826.py(16):             while y<=W:
s863543826.py(17):                 yl[y]+=Z
s863543826.py(18):                 y+=y&-y
s863543826.py(16):             while y<=W:
s863543826.py(17):                 yl[y]+=Z
s863543826.py(18):                 y+=y&-y
s863543826.py(16):             while y<=W:
s863543826.py(19):             x+=x&-x
s863543826.py(13):         while x<=H:
s863543826.py(14):             y = b
s863543826.py(15):             yl = self.bit[x]
s863543826.py(16):             while y<=W:
s863543826.py(17):                 yl[y]+=Z
s863543826.py(18):                 y+=y&-y
s863543826.py(16):             while y<=W:
s863543826.py(17):                 yl[y]+=Z
s863543826.py(18):                 y+=y&-y
s863543826.py(16):             while y<=W:
s863543826.py(19):             x+=x&-x
s863543826.py(13):         while x<=H:
s863543826.py(57):         heappush(q,(t+T,h,w))
s863543826.py(45): for i in range(Q):
s863543826.py(46):     t,c,*pos=map(int,input().split())
s863543826.py(47):     while q and q[0][0] <= t:
s863543826.py(53):     if c == 0:
s863543826.py(58):     elif c == 1:
s863543826.py(64):         h1,w1,h2,w2 = pos
s863543826.py(66):         print(Fin.ssum(h1,w1,h2,w2),Yet.ssum(h1,w1,h2,w2))
 --- modulename: s863543826, funcname: ssum
s863543826.py(33):         return self.s_sum(x2,y2) - self.s_sum(x1-1,y2) - self.s_sum(x2,y1-1) + self.s_sum(x1-1,y1-1)
 --- modulename: s863543826, funcname: s_sum
s863543826.py(21):         ret = 0
s863543826.py(22):         x = a
s863543826.py(23):         while x>0:
s863543826.py(24):             y = b
s863543826.py(25):             yl = self.bit[x]
s863543826.py(26):             while y>0:
s863543826.py(27):                 ret+=yl[y]
s863543826.py(28):                 y-=y&-y
s863543826.py(26):             while y>0:
s863543826.py(29):             x-=x&-x
s863543826.py(23):         while x>0:
s863543826.py(30):         return ret
 --- modulename: s863543826, funcname: s_sum
s863543826.py(21):         ret = 0
s863543826.py(22):         x = a
s863543826.py(23):         while x>0:
s863543826.py(30):         return ret
 --- modulename: s863543826, funcname: s_sum
s863543826.py(21):         ret = 0
s863543826.py(22):         x = a
s863543826.py(23):         while x>0:
s863543826.py(24):             y = b
s863543826.py(25):             yl = self.bit[x]
s863543826.py(26):             while y>0:
s863543826.py(29):             x-=x&-x
s863543826.py(23):         while x>0:
s863543826.py(30):         return ret
 --- modulename: s863543826, funcname: s_sum
s863543826.py(21):         ret = 0
s863543826.py(22):         x = a
s863543826.py(23):         while x>0:
s863543826.py(30):         return ret
 --- modulename: s863543826, funcname: ssum
s863543826.py(33):         return self.s_sum(x2,y2) - self.s_sum(x1-1,y2) - self.s_sum(x2,y1-1) + self.s_sum(x1-1,y1-1)
 --- modulename: s863543826, funcname: s_sum
s863543826.py(21):         ret = 0
s863543826.py(22):         x = a
s863543826.py(23):         while x>0:
s863543826.py(24):             y = b
s863543826.py(25):             yl = self.bit[x]
s863543826.py(26):             while y>0:
s863543826.py(27):                 ret+=yl[y]
s863543826.py(28):                 y-=y&-y
s863543826.py(26):             while y>0:
s863543826.py(29):             x-=x&-x
s863543826.py(23):         while x>0:
s863543826.py(30):         return ret
 --- modulename: s863543826, funcname: s_sum
s863543826.py(21):         ret = 0
s863543826.py(22):         x = a
s863543826.py(23):         while x>0:
s863543826.py(30):         return ret
 --- modulename: s863543826, funcname: s_sum
s863543826.py(21):         ret = 0
s863543826.py(22):         x = a
s863543826.py(23):         while x>0:
s863543826.py(24):             y = b
s863543826.py(25):             yl = self.bit[x]
s863543826.py(26):             while y>0:
s863543826.py(29):             x-=x&-x
s863543826.py(23):         while x>0:
s863543826.py(30):         return ret
 --- modulename: s863543826, funcname: s_sum
s863543826.py(21):         ret = 0
s863543826.py(22):         x = a
s863543826.py(23):         while x>0:
s863543826.py(30):         return ret
0 1
s863543826.py(45): for i in range(Q):
s863543826.py(46):     t,c,*pos=map(int,input().split())
s863543826.py(47):     while q and q[0][0] <= t:
s863543826.py(53):     if c == 0:
s863543826.py(58):     elif c == 1:
s863543826.py(59):         h,w = pos
s863543826.py(60):         if pint[h][w] == 2:
s863543826.py(45): for i in range(Q):
s863543826.py(46):     t,c,*pos=map(int,input().split())
s863543826.py(47):     while q and q[0][0] <= t:
s863543826.py(48):         _,x,y= heappop(q)
s863543826.py(49):         Yet.add(x,y,-1)
 --- modulename: s863543826, funcname: add
s863543826.py(12):         x = a
s863543826.py(13):         while x<=H:
s863543826.py(14):             y = b
s863543826.py(15):             yl = self.bit[x]
s863543826.py(16):             while y<=W:
s863543826.py(17):                 yl[y]+=Z
s863543826.py(18):                 y+=y&-y
s863543826.py(16):             while y<=W:
s863543826.py(17):                 yl[y]+=Z
s863543826.py(18):                 y+=y&-y
s863543826.py(16):             while y<=W:
s863543826.py(19):             x+=x&-x
s863543826.py(13):         while x<=H:
s863543826.py(14):             y = b
s863543826.py(15):             yl = self.bit[x]
s863543826.py(16):             while y<=W:
s863543826.py(17):                 yl[y]+=Z
s863543826.py(18):                 y+=y&-y
s863543826.py(16):             while y<=W:
s863543826.py(17):                 yl[y]+=Z
s863543826.py(18):                 y+=y&-y
s863543826.py(16):             while y<=W:
s863543826.py(19):             x+=x&-x
s863543826.py(13):         while x<=H:
s863543826.py(50):         Fin.add(x,y,1)
 --- modulename: s863543826, funcname: add
s863543826.py(12):         x = a
s863543826.py(13):         while x<=H:
s863543826.py(14):             y = b
s863543826.py(15):             yl = self.bit[x]
s863543826.py(16):             while y<=W:
s863543826.py(17):                 yl[y]+=Z
s863543826.py(18):                 y+=y&-y
s863543826.py(16):             while y<=W:
s863543826.py(17):                 yl[y]+=Z
s863543826.py(18):                 y+=y&-y
s863543826.py(16):             while y<=W:
s863543826.py(19):             x+=x&-x
s863543826.py(13):         while x<=H:
s863543826.py(14):             y = b
s863543826.py(15):             yl = self.bit[x]
s863543826.py(16):             while y<=W:
s863543826.py(17):                 yl[y]+=Z
s863543826.py(18):                 y+=y&-y
s863543826.py(16):             while y<=W:
s863543826.py(17):                 yl[y]+=Z
s863543826.py(18):                 y+=y&-y
s863543826.py(16):             while y<=W:
s863543826.py(19):             x+=x&-x
s863543826.py(13):         while x<=H:
s863543826.py(51):         pint[x][y] = 2
s863543826.py(47):     while q and q[0][0] <= t:
s863543826.py(53):     if c == 0:
s863543826.py(54):         h,w = pos
s863543826.py(55):         pint[h][w] = 1
s863543826.py(56):         Yet.add(h,w,1)
 --- modulename: s863543826, funcname: add
s863543826.py(12):         x = a
s863543826.py(13):         while x<=H:
s863543826.py(14):             y = b
s863543826.py(15):             yl = self.bit[x]
s863543826.py(16):             while y<=W:
s863543826.py(17):                 yl[y]+=Z
s863543826.py(18):                 y+=y&-y
s863543826.py(16):             while y<=W:
s863543826.py(17):                 yl[y]+=Z
s863543826.py(18):                 y+=y&-y
s863543826.py(16):             while y<=W:
s863543826.py(19):             x+=x&-x
s863543826.py(13):         while x<=H:
s863543826.py(57):         heappush(q,(t+T,h,w))
s863543826.py(45): for i in range(Q):
s863543826.py(46):     t,c,*pos=map(int,input().split())
s863543826.py(47):     while q and q[0][0] <= t:
s863543826.py(53):     if c == 0:
s863543826.py(58):     elif c == 1:
s863543826.py(64):         h1,w1,h2,w2 = pos
s863543826.py(66):         print(Fin.ssum(h1,w1,h2,w2),Yet.ssum(h1,w1,h2,w2))
 --- modulename: s863543826, funcname: ssum
s863543826.py(33):         return self.s_sum(x2,y2) - self.s_sum(x1-1,y2) - self.s_sum(x2,y1-1) + self.s_sum(x1-1,y1-1)
 --- modulename: s863543826, funcname: s_sum
s863543826.py(21):         ret = 0
s863543826.py(22):         x = a
s863543826.py(23):         while x>0:
s863543826.py(24):             y = b
s863543826.py(25):             yl = self.bit[x]
s863543826.py(26):             while y>0:
s863543826.py(27):                 ret+=yl[y]
s863543826.py(28):                 y-=y&-y
s863543826.py(26):             while y>0:
s863543826.py(29):             x-=x&-x
s863543826.py(23):         while x>0:
s863543826.py(30):         return ret
 --- modulename: s863543826, funcname: s_sum
s863543826.py(21):         ret = 0
s863543826.py(22):         x = a
s863543826.py(23):         while x>0:
s863543826.py(30):         return ret
 --- modulename: s863543826, funcname: s_sum
s863543826.py(21):         ret = 0
s863543826.py(22):         x = a
s863543826.py(23):         while x>0:
s863543826.py(24):             y = b
s863543826.py(25):             yl = self.bit[x]
s863543826.py(26):             while y>0:
s863543826.py(29):             x-=x&-x
s863543826.py(23):         while x>0:
s863543826.py(30):         return ret
 --- modulename: s863543826, funcname: s_sum
s863543826.py(21):         ret = 0
s863543826.py(22):         x = a
s863543826.py(23):         while x>0:
s863543826.py(30):         return ret
 --- modulename: s863543826, funcname: ssum
s863543826.py(33):         return self.s_sum(x2,y2) - self.s_sum(x1-1,y2) - self.s_sum(x2,y1-1) + self.s_sum(x1-1,y1-1)
 --- modulename: s863543826, funcname: s_sum
s863543826.py(21):         ret = 0
s863543826.py(22):         x = a
s863543826.py(23):         while x>0:
s863543826.py(24):             y = b
s863543826.py(25):             yl = self.bit[x]
s863543826.py(26):             while y>0:
s863543826.py(27):                 ret+=yl[y]
s863543826.py(28):                 y-=y&-y
s863543826.py(26):             while y>0:
s863543826.py(29):             x-=x&-x
s863543826.py(23):         while x>0:
s863543826.py(30):         return ret
 --- modulename: s863543826, funcname: s_sum
s863543826.py(21):         ret = 0
s863543826.py(22):         x = a
s863543826.py(23):         while x>0:
s863543826.py(30):         return ret
 --- modulename: s863543826, funcname: s_sum
s863543826.py(21):         ret = 0
s863543826.py(22):         x = a
s863543826.py(23):         while x>0:
s863543826.py(24):             y = b
s863543826.py(25):             yl = self.bit[x]
s863543826.py(26):             while y>0:
s863543826.py(29):             x-=x&-x
s863543826.py(23):         while x>0:
s863543826.py(30):         return ret
 --- modulename: s863543826, funcname: s_sum
s863543826.py(21):         ret = 0
s863543826.py(22):         x = a
s863543826.py(23):         while x>0:
s863543826.py(30):         return ret
1 1
s863543826.py(45): for i in range(Q):
s863543826.py(46):     t,c,*pos=map(int,input().split())
s863543826.py(47):     while q and q[0][0] <= t:
s863543826.py(53):     if c == 0:
s863543826.py(58):     elif c == 1:
s863543826.py(64):         h1,w1,h2,w2 = pos
s863543826.py(66):         print(Fin.ssum(h1,w1,h2,w2),Yet.ssum(h1,w1,h2,w2))
 --- modulename: s863543826, funcname: ssum
s863543826.py(33):         return self.s_sum(x2,y2) - self.s_sum(x1-1,y2) - self.s_sum(x2,y1-1) + self.s_sum(x1-1,y1-1)
 --- modulename: s863543826, funcname: s_sum
s863543826.py(21):         ret = 0
s863543826.py(22):         x = a
s863543826.py(23):         while x>0:
s863543826.py(24):             y = b
s863543826.py(25):             yl = self.bit[x]
s863543826.py(26):             while y>0:
s863543826.py(27):                 ret+=yl[y]
s863543826.py(28):                 y-=y&-y
s863543826.py(26):             while y>0:
s863543826.py(27):                 ret+=yl[y]
s863543826.py(28):                 y-=y&-y
s863543826.py(26):             while y>0:
s863543826.py(29):             x-=x&-x
s863543826.py(23):         while x>0:
s863543826.py(24):             y = b
s863543826.py(25):             yl = self.bit[x]
s863543826.py(26):             while y>0:
s863543826.py(27):                 ret+=yl[y]
s863543826.py(28):                 y-=y&-y
s863543826.py(26):             while y>0:
s863543826.py(27):                 ret+=yl[y]
s863543826.py(28):                 y-=y&-y
s863543826.py(26):             while y>0:
s863543826.py(29):             x-=x&-x
s863543826.py(23):         while x>0:
s863543826.py(30):         return ret
 --- modulename: s863543826, funcname: s_sum
s863543826.py(21):         ret = 0
s863543826.py(22):         x = a
s863543826.py(23):         while x>0:
s863543826.py(24):             y = b
s863543826.py(25):             yl = self.bit[x]
s863543826.py(26):             while y>0:
s863543826.py(27):                 ret+=yl[y]
s863543826.py(28):                 y-=y&-y
s863543826.py(26):             while y>0:
s863543826.py(27):                 ret+=yl[y]
s863543826.py(28):                 y-=y&-y
s863543826.py(26):             while y>0:
s863543826.py(29):             x-=x&-x
s863543826.py(23):         while x>0:
s863543826.py(30):         return ret
 --- modulename: s863543826, funcname: s_sum
s863543826.py(21):         ret = 0
s863543826.py(22):         x = a
s863543826.py(23):         while x>0:
s863543826.py(24):             y = b
s863543826.py(25):             yl = self.bit[x]
s863543826.py(26):             while y>0:
s863543826.py(29):             x-=x&-x
s863543826.py(23):         while x>0:
s863543826.py(24):             y = b
s863543826.py(25):             yl = self.bit[x]
s863543826.py(26):             while y>0:
s863543826.py(29):             x-=x&-x
s863543826.py(23):         while x>0:
s863543826.py(30):         return ret
 --- modulename: s863543826, funcname: s_sum
s863543826.py(21):         ret = 0
s863543826.py(22):         x = a
s863543826.py(23):         while x>0:
s863543826.py(24):             y = b
s863543826.py(25):             yl = self.bit[x]
s863543826.py(26):             while y>0:
s863543826.py(29):             x-=x&-x
s863543826.py(23):         while x>0:
s863543826.py(30):         return ret
 --- modulename: s863543826, funcname: ssum
s863543826.py(33):         return self.s_sum(x2,y2) - self.s_sum(x1-1,y2) - self.s_sum(x2,y1-1) + self.s_sum(x1-1,y1-1)
 --- modulename: s863543826, funcname: s_sum
s863543826.py(21):         ret = 0
s863543826.py(22):         x = a
s863543826.py(23):         while x>0:
s863543826.py(24):             y = b
s863543826.py(25):             yl = self.bit[x]
s863543826.py(26):             while y>0:
s863543826.py(27):                 ret+=yl[y]
s863543826.py(28):                 y-=y&-y
s863543826.py(26):             while y>0:
s863543826.py(27):                 ret+=yl[y]
s863543826.py(28):                 y-=y&-y
s863543826.py(26):             while y>0:
s863543826.py(29):             x-=x&-x
s863543826.py(23):         while x>0:
s863543826.py(24):             y = b
s863543826.py(25):             yl = self.bit[x]
s863543826.py(26):             while y>0:
s863543826.py(27):                 ret+=yl[y]
s863543826.py(28):                 y-=y&-y
s863543826.py(26):             while y>0:
s863543826.py(27):                 ret+=yl[y]
s863543826.py(28):                 y-=y&-y
s863543826.py(26):             while y>0:
s863543826.py(29):             x-=x&-x
s863543826.py(23):         while x>0:
s863543826.py(30):         return ret
 --- modulename: s863543826, funcname: s_sum
s863543826.py(21):         ret = 0
s863543826.py(22):         x = a
s863543826.py(23):         while x>0:
s863543826.py(24):             y = b
s863543826.py(25):             yl = self.bit[x]
s863543826.py(26):             while y>0:
s863543826.py(27):                 ret+=yl[y]
s863543826.py(28):                 y-=y&-y
s863543826.py(26):             while y>0:
s863543826.py(27):                 ret+=yl[y]
s863543826.py(28):                 y-=y&-y
s863543826.py(26):             while y>0:
s863543826.py(29):             x-=x&-x
s863543826.py(23):         while x>0:
s863543826.py(30):         return ret
 --- modulename: s863543826, funcname: s_sum
s863543826.py(21):         ret = 0
s863543826.py(22):         x = a
s863543826.py(23):         while x>0:
s863543826.py(24):             y = b
s863543826.py(25):             yl = self.bit[x]
s863543826.py(26):             while y>0:
s863543826.py(29):             x-=x&-x
s863543826.py(23):         while x>0:
s863543826.py(24):             y = b
s863543826.py(25):             yl = self.bit[x]
s863543826.py(26):             while y>0:
s863543826.py(29):             x-=x&-x
s863543826.py(23):         while x>0:
s863543826.py(30):         return ret
 --- modulename: s863543826, funcname: s_sum
s863543826.py(21):         ret = 0
s863543826.py(22):         x = a
s863543826.py(23):         while x>0:
s863543826.py(24):             y = b
s863543826.py(25):             yl = self.bit[x]
s863543826.py(26):             while y>0:
s863543826.py(29):             x-=x&-x
s863543826.py(23):         while x>0:
s863543826.py(30):         return ret
0 1
s863543826.py(45): for i in range(Q):
