 --- modulename: s865431986, funcname: <module>
s865431986.py(1): from collections import Counter
 --- modulename: _bootstrap, funcname: _handle_fromlist
<frozen importlib._bootstrap>(1043): <frozen importlib._bootstrap>(1044): <frozen importlib._bootstrap>(1051): <frozen importlib._bootstrap>(1055): <frozen importlib._bootstrap>(1043): <frozen importlib._bootstrap>(1067): s865431986.py(2): n, m = map(int, input().split())
 --- modulename: codecs, funcname: getstate
codecs.py(333):         return (self.buffer, 0)
 --- modulename: codecs, funcname: decode
codecs.py(321):         data = self.buffer + input
codecs.py(322):         (result, consumed) = self._buffer_decode(data, self.errors, final)
codecs.py(324):         self.buffer = data[consumed:]
codecs.py(325):         return result
s865431986.py(3): ab = [tuple(map(int, input().split())) for _ in range(m)]
 --- modulename: s865431986, funcname: <listcomp>
s865431986.py(3): ab = [tuple(map(int, input().split())) for _ in range(m)]
s865431986.py(3): ab = [tuple(map(int, input().split())) for _ in range(m)]
s865431986.py(3): ab = [tuple(map(int, input().split())) for _ in range(m)]
s865431986.py(3): ab = [tuple(map(int, input().split())) for _ in range(m)]
s865431986.py(5): class UnionFind:
 --- modulename: s865431986, funcname: UnionFind
s865431986.py(5): class UnionFind:
s865431986.py(7):     def __init__(self, N):
s865431986.py(14):     def root(self, a):
s865431986.py(22):     def is_same(self, a, b):
s865431986.py(26):     def unite(self, a, b):
s865431986.py(41): uf = UnionFind(n)
 --- modulename: s865431986, funcname: __init__
s865431986.py(9):         self.parent = [i for i in range(N)]
 --- modulename: s865431986, funcname: <listcomp>
s865431986.py(9):         self.parent = [i for i in range(N)]
s865431986.py(9):         self.parent = [i for i in range(N)]
s865431986.py(9):         self.parent = [i for i in range(N)]
s865431986.py(9):         self.parent = [i for i in range(N)]
s865431986.py(9):         self.parent = [i for i in range(N)]
s865431986.py(9):         self.parent = [i for i in range(N)]
s865431986.py(10):         self.rank = [0] * N
s865431986.py(11):         self.count = 0
s865431986.py(42): for a, b in ab:
s865431986.py(43):     a, b = a-1, b-1
s865431986.py(45):     if uf.is_same(a, b): continue
 --- modulename: s865431986, funcname: is_same
s865431986.py(23):         return self.root(a) == self.root(b)
 --- modulename: s865431986, funcname: root
s865431986.py(15):         if self.parent[a] == a:
s865431986.py(16):             return a
 --- modulename: s865431986, funcname: root
s865431986.py(15):         if self.parent[a] == a:
s865431986.py(16):             return a
s865431986.py(47):     uf.unite(a, b)
 --- modulename: s865431986, funcname: unite
s865431986.py(27):         ra = self.root(a)
 --- modulename: s865431986, funcname: root
s865431986.py(15):         if self.parent[a] == a:
s865431986.py(16):             return a
s865431986.py(28):         rb = self.root(b)
 --- modulename: s865431986, funcname: root
s865431986.py(15):         if self.parent[a] == a:
s865431986.py(16):             return a
s865431986.py(30):         if ra == rb: return
s865431986.py(33):         if self.rank[ra] < self.rank[rb]:
s865431986.py(36):             self.parent[rb] = ra
s865431986.py(37):             if self.rank[ra] == self.rank[rb]: self.rank[ra] += 1
s865431986.py(38):         self.count += 1
s865431986.py(42): for a, b in ab:
s865431986.py(43):     a, b = a-1, b-1
s865431986.py(45):     if uf.is_same(a, b): continue
 --- modulename: s865431986, funcname: is_same
s865431986.py(23):         return self.root(a) == self.root(b)
 --- modulename: s865431986, funcname: root
s865431986.py(15):         if self.parent[a] == a:
s865431986.py(16):             return a
 --- modulename: s865431986, funcname: root
s865431986.py(15):         if self.parent[a] == a:
s865431986.py(16):             return a
s865431986.py(47):     uf.unite(a, b)
 --- modulename: s865431986, funcname: unite
s865431986.py(27):         ra = self.root(a)
 --- modulename: s865431986, funcname: root
s865431986.py(15):         if self.parent[a] == a:
s865431986.py(16):             return a
s865431986.py(28):         rb = self.root(b)
 --- modulename: s865431986, funcname: root
s865431986.py(15):         if self.parent[a] == a:
s865431986.py(16):             return a
s865431986.py(30):         if ra == rb: return
s865431986.py(33):         if self.rank[ra] < self.rank[rb]:
s865431986.py(36):             self.parent[rb] = ra
s865431986.py(37):             if self.rank[ra] == self.rank[rb]: self.rank[ra] += 1
s865431986.py(38):         self.count += 1
s865431986.py(42): for a, b in ab:
s865431986.py(43):     a, b = a-1, b-1
s865431986.py(45):     if uf.is_same(a, b): continue
 --- modulename: s865431986, funcname: is_same
s865431986.py(23):         return self.root(a) == self.root(b)
 --- modulename: s865431986, funcname: root
s865431986.py(15):         if self.parent[a] == a:
s865431986.py(16):             return a
 --- modulename: s865431986, funcname: root
s865431986.py(15):         if self.parent[a] == a:
s865431986.py(16):             return a
s865431986.py(47):     uf.unite(a, b)
 --- modulename: s865431986, funcname: unite
s865431986.py(27):         ra = self.root(a)
 --- modulename: s865431986, funcname: root
s865431986.py(15):         if self.parent[a] == a:
s865431986.py(16):             return a
s865431986.py(28):         rb = self.root(b)
 --- modulename: s865431986, funcname: root
s865431986.py(15):         if self.parent[a] == a:
s865431986.py(16):             return a
s865431986.py(30):         if ra == rb: return
s865431986.py(33):         if self.rank[ra] < self.rank[rb]:
s865431986.py(34):             self.parent[ra] = rb
s865431986.py(38):         self.count += 1
s865431986.py(42): for a, b in ab:
s865431986.py(49): for i in range(n):
s865431986.py(50):     uf.root(i)
 --- modulename: s865431986, funcname: root
s865431986.py(15):         if self.parent[a] == a:
s865431986.py(16):             return a
s865431986.py(49): for i in range(n):
s865431986.py(50):     uf.root(i)
 --- modulename: s865431986, funcname: root
s865431986.py(15):         if self.parent[a] == a:
s865431986.py(18):             self.parent[a] = self.root(self.parent[a])
 --- modulename: s865431986, funcname: root
s865431986.py(15):         if self.parent[a] == a:
s865431986.py(16):             return a
s865431986.py(19):             return self.parent[a]
s865431986.py(49): for i in range(n):
s865431986.py(50):     uf.root(i)
 --- modulename: s865431986, funcname: root
s865431986.py(15):         if self.parent[a] == a:
s865431986.py(16):             return a
s865431986.py(49): for i in range(n):
s865431986.py(50):     uf.root(i)
 --- modulename: s865431986, funcname: root
s865431986.py(15):         if self.parent[a] == a:
s865431986.py(18):             self.parent[a] = self.root(self.parent[a])
 --- modulename: s865431986, funcname: root
s865431986.py(15):         if self.parent[a] == a:
s865431986.py(16):             return a
s865431986.py(19):             return self.parent[a]
s865431986.py(49): for i in range(n):
s865431986.py(50):     uf.root(i)
 --- modulename: s865431986, funcname: root
s865431986.py(15):         if self.parent[a] == a:
s865431986.py(18):             self.parent[a] = self.root(self.parent[a])
 --- modulename: s865431986, funcname: root
s865431986.py(15):         if self.parent[a] == a:
s865431986.py(16):             return a
s865431986.py(19):             return self.parent[a]
s865431986.py(49): for i in range(n):
s865431986.py(51): tmp = sorted(Counter(uf.parent).items(), key=lambda x:x[1])
 --- modulename: __init__, funcname: __init__
__init__.py(592):         super().__init__()
__init__.py(593):         self.update(iterable, **kwds)
 --- modulename: __init__, funcname: update
__init__.py(669):         if iterable is not None:
__init__.py(670):             if isinstance(iterable, _collections_abc.Mapping):
 --- modulename: abc, funcname: __instancecheck__
abc.py(119):             return _abc_instancecheck(cls, instance)
 --- modulename: abc, funcname: __subclasscheck__
abc.py(123):             return _abc_subclasscheck(cls, subclass)
 --- modulename: _collections_abc, funcname: __subclasshook__
_collections_abc.py(411):         if cls is Collection:
_collections_abc.py(413):         return NotImplemented
 --- modulename: abc, funcname: __subclasscheck__
abc.py(123):             return _abc_subclasscheck(cls, subclass)
 --- modulename: _collections_abc, funcname: __subclasshook__
_collections_abc.py(411):         if cls is Collection:
_collections_abc.py(413):         return NotImplemented
 --- modulename: abc, funcname: __subclasscheck__
abc.py(123):             return _abc_subclasscheck(cls, subclass)
 --- modulename: _collections_abc, funcname: __subclasshook__
_collections_abc.py(411):         if cls is Collection:
_collections_abc.py(413):         return NotImplemented
 --- modulename: abc, funcname: __subclasscheck__
abc.py(123):             return _abc_subclasscheck(cls, subclass)
 --- modulename: _collections_abc, funcname: __subclasshook__
_collections_abc.py(411):         if cls is Collection:
_collections_abc.py(413):         return NotImplemented
 --- modulename: abc, funcname: __subclasscheck__
abc.py(123):             return _abc_subclasscheck(cls, subclass)
 --- modulename: _collections_abc, funcname: __subclasshook__
_collections_abc.py(411):         if cls is Collection:
_collections_abc.py(413):         return NotImplemented
 --- modulename: abc, funcname: __subclasscheck__
abc.py(123):             return _abc_subclasscheck(cls, subclass)
 --- modulename: _collections_abc, funcname: __subclasshook__
_collections_abc.py(411):         if cls is Collection:
_collections_abc.py(413):         return NotImplemented
 --- modulename: abc, funcname: __subclasscheck__
abc.py(123):             return _abc_subclasscheck(cls, subclass)
 --- modulename: _collections_abc, funcname: __subclasshook__
_collections_abc.py(411):         if cls is Collection:
_collections_abc.py(413):         return NotImplemented
__init__.py(679):                 _count_elements(self, iterable)
__init__.py(680):         if kwds:
 --- modulename: s865431986, funcname: <lambda>
s865431986.py(51): tmp = sorted(Counter(uf.parent).items(), key=lambda x:x[1])
 --- modulename: s865431986, funcname: <lambda>
s865431986.py(51): tmp = sorted(Counter(uf.parent).items(), key=lambda x:x[1])
s865431986.py(52): print(tmp[-1][1])
3
