 --- modulename: s870159583, funcname: <module>
s870159583.py(1): from collections import Counter
 --- modulename: _bootstrap, funcname: _handle_fromlist
<frozen importlib._bootstrap>(1043): <frozen importlib._bootstrap>(1044): <frozen importlib._bootstrap>(1051): <frozen importlib._bootstrap>(1055): <frozen importlib._bootstrap>(1043): <frozen importlib._bootstrap>(1067): s870159583.py(2): class uf(object):
 --- modulename: s870159583, funcname: uf
s870159583.py(2): class uf(object):
s870159583.py(3):     def __init__(self, n=1):
s870159583.py(6):     def find(self, x):
s870159583.py(12):     def union(self, x, y):
s870159583.py(21):     def is_same(self, x, y):
s870159583.py(24): def alte(h,w,s):
s870159583.py(51): h,w=map(int,input().split())
 --- modulename: codecs, funcname: getstate
codecs.py(333):         return (self.buffer, 0)
 --- modulename: codecs, funcname: decode
codecs.py(321):         data = self.buffer + input
codecs.py(322):         (result, consumed) = self._buffer_decode(data, self.errors, final)
codecs.py(324):         self.buffer = data[consumed:]
codecs.py(325):         return result
s870159583.py(52): print(alte(h,w,[input() for i in range(h)]))
 --- modulename: s870159583, funcname: <listcomp>
s870159583.py(52): print(alte(h,w,[input() for i in range(h)]))
s870159583.py(52): print(alte(h,w,[input() for i in range(h)]))
s870159583.py(52): print(alte(h,w,[input() for i in range(h)]))
s870159583.py(52): print(alte(h,w,[input() for i in range(h)]))
 --- modulename: s870159583, funcname: alte
s870159583.py(25):     ufa=uf(h*w)
 --- modulename: s870159583, funcname: __init__
s870159583.py(4):         self.par = [i for i in range(n)]
 --- modulename: s870159583, funcname: <listcomp>
s870159583.py(4):         self.par = [i for i in range(n)]
s870159583.py(4):         self.par = [i for i in range(n)]
s870159583.py(4):         self.par = [i for i in range(n)]
s870159583.py(4):         self.par = [i for i in range(n)]
s870159583.py(4):         self.par = [i for i in range(n)]
s870159583.py(4):         self.par = [i for i in range(n)]
s870159583.py(4):         self.par = [i for i in range(n)]
s870159583.py(4):         self.par = [i for i in range(n)]
s870159583.py(4):         self.par = [i for i in range(n)]
s870159583.py(4):         self.par = [i for i in range(n)]
s870159583.py(5):         self.rank = [0 for _ in range(n)]
 --- modulename: s870159583, funcname: <listcomp>
s870159583.py(5):         self.rank = [0 for _ in range(n)]
s870159583.py(5):         self.rank = [0 for _ in range(n)]
s870159583.py(5):         self.rank = [0 for _ in range(n)]
s870159583.py(5):         self.rank = [0 for _ in range(n)]
s870159583.py(5):         self.rank = [0 for _ in range(n)]
s870159583.py(5):         self.rank = [0 for _ in range(n)]
s870159583.py(5):         self.rank = [0 for _ in range(n)]
s870159583.py(5):         self.rank = [0 for _ in range(n)]
s870159583.py(5):         self.rank = [0 for _ in range(n)]
s870159583.py(5):         self.rank = [0 for _ in range(n)]
s870159583.py(27):     for x in range(h):
s870159583.py(28):         for y in range(w):
s870159583.py(29):             if s[x][y]!=s[min(x+1,h-1)][y]:
s870159583.py(31):             if s[x][y]!=s[x][min(y+1,w-1)]:
s870159583.py(32):                 ufa.union(x*w+y,x*w+y+1)
 --- modulename: s870159583, funcname: union
s870159583.py(13):         x = self.find(x)
 --- modulename: s870159583, funcname: find
s870159583.py(7):         if self.par[x] == x:
s870159583.py(8):             return x
s870159583.py(14):         y = self.find(y)
 --- modulename: s870159583, funcname: find
s870159583.py(7):         if self.par[x] == x:
s870159583.py(8):             return x
s870159583.py(15):         if x != y:
s870159583.py(16):             if self.rank[x] < self.rank[y]:
s870159583.py(18):             if self.rank[x] == self.rank[y]:
s870159583.py(19):                 self.rank[x] += 1
s870159583.py(20):             self.par[y] = x
s870159583.py(28):         for y in range(w):
s870159583.py(29):             if s[x][y]!=s[min(x+1,h-1)][y]:
s870159583.py(30):                 ufa.union(x*w+y,x*w+y+w)
 --- modulename: s870159583, funcname: union
s870159583.py(13):         x = self.find(x)
 --- modulename: s870159583, funcname: find
s870159583.py(7):         if self.par[x] == x:
s870159583.py(10):             self.par[x] = self.find(self.par[x])
 --- modulename: s870159583, funcname: find
s870159583.py(7):         if self.par[x] == x:
s870159583.py(8):             return x
s870159583.py(11):             return self.par[x]
s870159583.py(14):         y = self.find(y)
 --- modulename: s870159583, funcname: find
s870159583.py(7):         if self.par[x] == x:
s870159583.py(8):             return x
s870159583.py(15):         if x != y:
s870159583.py(16):             if self.rank[x] < self.rank[y]:
s870159583.py(18):             if self.rank[x] == self.rank[y]:
s870159583.py(20):             self.par[y] = x
s870159583.py(31):             if s[x][y]!=s[x][min(y+1,w-1)]:
s870159583.py(32):                 ufa.union(x*w+y,x*w+y+1)
 --- modulename: s870159583, funcname: union
s870159583.py(13):         x = self.find(x)
 --- modulename: s870159583, funcname: find
s870159583.py(7):         if self.par[x] == x:
s870159583.py(10):             self.par[x] = self.find(self.par[x])
 --- modulename: s870159583, funcname: find
s870159583.py(7):         if self.par[x] == x:
s870159583.py(8):             return x
s870159583.py(11):             return self.par[x]
s870159583.py(14):         y = self.find(y)
 --- modulename: s870159583, funcname: find
s870159583.py(7):         if self.par[x] == x:
s870159583.py(8):             return x
s870159583.py(15):         if x != y:
s870159583.py(16):             if self.rank[x] < self.rank[y]:
s870159583.py(18):             if self.rank[x] == self.rank[y]:
s870159583.py(20):             self.par[y] = x
s870159583.py(28):         for y in range(w):
s870159583.py(29):             if s[x][y]!=s[min(x+1,h-1)][y]:
s870159583.py(30):                 ufa.union(x*w+y,x*w+y+w)
 --- modulename: s870159583, funcname: union
s870159583.py(13):         x = self.find(x)
 --- modulename: s870159583, funcname: find
s870159583.py(7):         if self.par[x] == x:
s870159583.py(10):             self.par[x] = self.find(self.par[x])
 --- modulename: s870159583, funcname: find
s870159583.py(7):         if self.par[x] == x:
s870159583.py(8):             return x
s870159583.py(11):             return self.par[x]
s870159583.py(14):         y = self.find(y)
 --- modulename: s870159583, funcname: find
s870159583.py(7):         if self.par[x] == x:
s870159583.py(8):             return x
s870159583.py(15):         if x != y:
s870159583.py(16):             if self.rank[x] < self.rank[y]:
s870159583.py(18):             if self.rank[x] == self.rank[y]:
s870159583.py(20):             self.par[y] = x
s870159583.py(31):             if s[x][y]!=s[x][min(y+1,w-1)]:
s870159583.py(28):         for y in range(w):
s870159583.py(27):     for x in range(h):
s870159583.py(28):         for y in range(w):
s870159583.py(29):             if s[x][y]!=s[min(x+1,h-1)][y]:
s870159583.py(30):                 ufa.union(x*w+y,x*w+y+w)
 --- modulename: s870159583, funcname: union
s870159583.py(13):         x = self.find(x)
 --- modulename: s870159583, funcname: find
s870159583.py(7):         if self.par[x] == x:
s870159583.py(8):             return x
s870159583.py(14):         y = self.find(y)
 --- modulename: s870159583, funcname: find
s870159583.py(7):         if self.par[x] == x:
s870159583.py(8):             return x
s870159583.py(15):         if x != y:
s870159583.py(16):             if self.rank[x] < self.rank[y]:
s870159583.py(18):             if self.rank[x] == self.rank[y]:
s870159583.py(19):                 self.rank[x] += 1
s870159583.py(20):             self.par[y] = x
s870159583.py(31):             if s[x][y]!=s[x][min(y+1,w-1)]:
s870159583.py(28):         for y in range(w):
s870159583.py(29):             if s[x][y]!=s[min(x+1,h-1)][y]:
s870159583.py(31):             if s[x][y]!=s[x][min(y+1,w-1)]:
s870159583.py(32):                 ufa.union(x*w+y,x*w+y+1)
 --- modulename: s870159583, funcname: union
s870159583.py(13):         x = self.find(x)
 --- modulename: s870159583, funcname: find
s870159583.py(7):         if self.par[x] == x:
s870159583.py(10):             self.par[x] = self.find(self.par[x])
 --- modulename: s870159583, funcname: find
s870159583.py(7):         if self.par[x] == x:
s870159583.py(8):             return x
s870159583.py(11):             return self.par[x]
s870159583.py(14):         y = self.find(y)
 --- modulename: s870159583, funcname: find
s870159583.py(7):         if self.par[x] == x:
s870159583.py(10):             self.par[x] = self.find(self.par[x])
 --- modulename: s870159583, funcname: find
s870159583.py(7):         if self.par[x] == x:
s870159583.py(8):             return x
s870159583.py(11):             return self.par[x]
s870159583.py(15):         if x != y:
s870159583.py(28):         for y in range(w):
s870159583.py(29):             if s[x][y]!=s[min(x+1,h-1)][y]:
s870159583.py(30):                 ufa.union(x*w+y,x*w+y+w)
 --- modulename: s870159583, funcname: union
s870159583.py(13):         x = self.find(x)
 --- modulename: s870159583, funcname: find
s870159583.py(7):         if self.par[x] == x:
s870159583.py(10):             self.par[x] = self.find(self.par[x])
 --- modulename: s870159583, funcname: find
s870159583.py(7):         if self.par[x] == x:
s870159583.py(8):             return x
s870159583.py(11):             return self.par[x]
s870159583.py(14):         y = self.find(y)
 --- modulename: s870159583, funcname: find
s870159583.py(7):         if self.par[x] == x:
s870159583.py(8):             return x
s870159583.py(15):         if x != y:
s870159583.py(16):             if self.rank[x] < self.rank[y]:
s870159583.py(18):             if self.rank[x] == self.rank[y]:
s870159583.py(20):             self.par[y] = x
s870159583.py(31):             if s[x][y]!=s[x][min(y+1,w-1)]:
s870159583.py(28):         for y in range(w):
s870159583.py(27):     for x in range(h):
s870159583.py(28):         for y in range(w):
s870159583.py(29):             if s[x][y]!=s[min(x+1,h-1)][y]:
s870159583.py(31):             if s[x][y]!=s[x][min(y+1,w-1)]:
s870159583.py(32):                 ufa.union(x*w+y,x*w+y+1)
 --- modulename: s870159583, funcname: union
s870159583.py(13):         x = self.find(x)
 --- modulename: s870159583, funcname: find
s870159583.py(7):         if self.par[x] == x:
s870159583.py(10):             self.par[x] = self.find(self.par[x])
 --- modulename: s870159583, funcname: find
s870159583.py(7):         if self.par[x] == x:
s870159583.py(8):             return x
s870159583.py(11):             return self.par[x]
s870159583.py(14):         y = self.find(y)
 --- modulename: s870159583, funcname: find
s870159583.py(7):         if self.par[x] == x:
s870159583.py(8):             return x
s870159583.py(15):         if x != y:
s870159583.py(16):             if self.rank[x] < self.rank[y]:
s870159583.py(18):             if self.rank[x] == self.rank[y]:
s870159583.py(20):             self.par[y] = x
s870159583.py(28):         for y in range(w):
s870159583.py(29):             if s[x][y]!=s[min(x+1,h-1)][y]:
s870159583.py(31):             if s[x][y]!=s[x][min(y+1,w-1)]:
s870159583.py(28):         for y in range(w):
s870159583.py(29):             if s[x][y]!=s[min(x+1,h-1)][y]:
s870159583.py(31):             if s[x][y]!=s[x][min(y+1,w-1)]:
s870159583.py(28):         for y in range(w):
s870159583.py(27):     for x in range(h):
s870159583.py(34):     cnta=Counter()
 --- modulename: __init__, funcname: __init__
__init__.py(592):         super().__init__()
__init__.py(593):         self.update(iterable, **kwds)
 --- modulename: __init__, funcname: update
__init__.py(669):         if iterable is not None:
__init__.py(680):         if kwds:
s870159583.py(35):     cntb=Counter()
 --- modulename: __init__, funcname: __init__
__init__.py(592):         super().__init__()
__init__.py(593):         self.update(iterable, **kwds)
 --- modulename: __init__, funcname: update
__init__.py(669):         if iterable is not None:
__init__.py(680):         if kwds:
s870159583.py(37):     for x in range(h):
s870159583.py(38):         for y in range(w):
s870159583.py(39):             k = x*w+y
s870159583.py(40):             if s[x][y] == '.':
s870159583.py(41):                 cnta[ufa.find(k)] += 1
 --- modulename: s870159583, funcname: find
s870159583.py(7):         if self.par[x] == x:
s870159583.py(8):             return x
 --- modulename: __init__, funcname: __missing__
__init__.py(598):         return 0
s870159583.py(38):         for y in range(w):
s870159583.py(39):             k = x*w+y
s870159583.py(40):             if s[x][y] == '.':
s870159583.py(43):                 cntb[ufa.find(k)] += 1
 --- modulename: s870159583, funcname: find
s870159583.py(7):         if self.par[x] == x:
s870159583.py(10):             self.par[x] = self.find(self.par[x])
 --- modulename: s870159583, funcname: find
s870159583.py(7):         if self.par[x] == x:
s870159583.py(8):             return x
s870159583.py(11):             return self.par[x]
 --- modulename: __init__, funcname: __missing__
__init__.py(598):         return 0
s870159583.py(38):         for y in range(w):
s870159583.py(39):             k = x*w+y
s870159583.py(40):             if s[x][y] == '.':
s870159583.py(41):                 cnta[ufa.find(k)] += 1
 --- modulename: s870159583, funcname: find
s870159583.py(7):         if self.par[x] == x:
s870159583.py(10):             self.par[x] = self.find(self.par[x])
 --- modulename: s870159583, funcname: find
s870159583.py(7):         if self.par[x] == x:
s870159583.py(8):             return x
s870159583.py(11):             return self.par[x]
s870159583.py(38):         for y in range(w):
s870159583.py(37):     for x in range(h):
s870159583.py(38):         for y in range(w):
s870159583.py(39):             k = x*w+y
s870159583.py(40):             if s[x][y] == '.':
s870159583.py(41):                 cnta[ufa.find(k)] += 1
 --- modulename: s870159583, funcname: find
s870159583.py(7):         if self.par[x] == x:
s870159583.py(8):             return x
 --- modulename: __init__, funcname: __missing__
__init__.py(598):         return 0
s870159583.py(38):         for y in range(w):
s870159583.py(39):             k = x*w+y
s870159583.py(40):             if s[x][y] == '.':
s870159583.py(41):                 cnta[ufa.find(k)] += 1
 --- modulename: s870159583, funcname: find
s870159583.py(7):         if self.par[x] == x:
s870159583.py(10):             self.par[x] = self.find(self.par[x])
 --- modulename: s870159583, funcname: find
s870159583.py(7):         if self.par[x] == x:
s870159583.py(8):             return x
s870159583.py(11):             return self.par[x]
s870159583.py(38):         for y in range(w):
s870159583.py(39):             k = x*w+y
s870159583.py(40):             if s[x][y] == '.':
s870159583.py(43):                 cntb[ufa.find(k)] += 1
 --- modulename: s870159583, funcname: find
s870159583.py(7):         if self.par[x] == x:
s870159583.py(10):             self.par[x] = self.find(self.par[x])
 --- modulename: s870159583, funcname: find
s870159583.py(7):         if self.par[x] == x:
s870159583.py(8):             return x
s870159583.py(11):             return self.par[x]
s870159583.py(38):         for y in range(w):
s870159583.py(37):     for x in range(h):
s870159583.py(38):         for y in range(w):
s870159583.py(39):             k = x*w+y
s870159583.py(40):             if s[x][y] == '.':
s870159583.py(43):                 cntb[ufa.find(k)] += 1
 --- modulename: s870159583, funcname: find
s870159583.py(7):         if self.par[x] == x:
s870159583.py(10):             self.par[x] = self.find(self.par[x])
 --- modulename: s870159583, funcname: find
s870159583.py(7):         if self.par[x] == x:
s870159583.py(8):             return x
s870159583.py(11):             return self.par[x]
 --- modulename: __init__, funcname: __missing__
__init__.py(598):         return 0
s870159583.py(38):         for y in range(w):
s870159583.py(39):             k = x*w+y
s870159583.py(40):             if s[x][y] == '.':
s870159583.py(41):                 cnta[ufa.find(k)] += 1
 --- modulename: s870159583, funcname: find
s870159583.py(7):         if self.par[x] == x:
s870159583.py(10):             self.par[x] = self.find(self.par[x])
 --- modulename: s870159583, funcname: find
s870159583.py(7):         if self.par[x] == x:
s870159583.py(8):             return x
s870159583.py(11):             return self.par[x]
s870159583.py(38):         for y in range(w):
s870159583.py(39):             k = x*w+y
s870159583.py(40):             if s[x][y] == '.':
s870159583.py(41):                 cnta[ufa.find(k)] += 1
 --- modulename: s870159583, funcname: find
s870159583.py(7):         if self.par[x] == x:
s870159583.py(10):             self.par[x] = self.find(self.par[x])
 --- modulename: s870159583, funcname: find
s870159583.py(7):         if self.par[x] == x:
s870159583.py(8):             return x
s870159583.py(11):             return self.par[x]
s870159583.py(38):         for y in range(w):
s870159583.py(37):     for x in range(h):
s870159583.py(45):     cnt=0
s870159583.py(46):     for i in range(h*w):
s870159583.py(47):         cnt+=cnta[i]*cntb[i]
s870159583.py(46):     for i in range(h*w):
s870159583.py(47):         cnt+=cnta[i]*cntb[i]
 --- modulename: __init__, funcname: __missing__
__init__.py(598):         return 0
 --- modulename: __init__, funcname: __missing__
__init__.py(598):         return 0
s870159583.py(46):     for i in range(h*w):
s870159583.py(47):         cnt+=cnta[i]*cntb[i]
 --- modulename: __init__, funcname: __missing__
__init__.py(598):         return 0
 --- modulename: __init__, funcname: __missing__
__init__.py(598):         return 0
s870159583.py(46):     for i in range(h*w):
s870159583.py(47):         cnt+=cnta[i]*cntb[i]
s870159583.py(46):     for i in range(h*w):
s870159583.py(47):         cnt+=cnta[i]*cntb[i]
 --- modulename: __init__, funcname: __missing__
__init__.py(598):         return 0
 --- modulename: __init__, funcname: __missing__
__init__.py(598):         return 0
s870159583.py(46):     for i in range(h*w):
s870159583.py(47):         cnt+=cnta[i]*cntb[i]
 --- modulename: __init__, funcname: __missing__
__init__.py(598):         return 0
 --- modulename: __init__, funcname: __missing__
__init__.py(598):         return 0
s870159583.py(46):     for i in range(h*w):
s870159583.py(47):         cnt+=cnta[i]*cntb[i]
 --- modulename: __init__, funcname: __missing__
__init__.py(598):         return 0
 --- modulename: __init__, funcname: __missing__
__init__.py(598):         return 0
s870159583.py(46):     for i in range(h*w):
s870159583.py(47):         cnt+=cnta[i]*cntb[i]
 --- modulename: __init__, funcname: __missing__
__init__.py(598):         return 0
 --- modulename: __init__, funcname: __missing__
__init__.py(598):         return 0
s870159583.py(46):     for i in range(h*w):
s870159583.py(47):         cnt+=cnta[i]*cntb[i]
 --- modulename: __init__, funcname: __missing__
__init__.py(598):         return 0
 --- modulename: __init__, funcname: __missing__
__init__.py(598):         return 0
s870159583.py(46):     for i in range(h*w):
s870159583.py(49):     return cnt
10
