 --- modulename: s878824242, funcname: <module>
s878824242.py(1): import sys
s878824242.py(2): stdin = sys.stdin
s878824242.py(4): sys.setrecursionlimit(10**5)
s878824242.py(6): def li(): return map(int, stdin.readline().split())
s878824242.py(7): def li_(): return map(lambda x: int(x)-1, stdin.readline().split())
s878824242.py(8): def lf(): return map(float, stdin.readline().split())
s878824242.py(9): def ls(): return stdin.readline().split()
s878824242.py(10): def ns(): return stdin.readline().rstrip()
s878824242.py(11): def lc(): return list(ns())
s878824242.py(12): def ni(): return int(stdin.readline())
s878824242.py(13): def nf(): return float(stdin.readline())
s878824242.py(15): x = ni()
 --- modulename: s878824242, funcname: ni
s878824242.py(12): def ni(): return int(stdin.readline())
 --- modulename: codecs, funcname: getstate
codecs.py(333):         return (self.buffer, 0)
 --- modulename: codecs, funcname: decode
codecs.py(321):         data = self.buffer + input
codecs.py(322):         (result, consumed) = self._buffer_decode(data, self.errors, final)
codecs.py(324):         self.buffer = data[consumed:]
codecs.py(325):         return result
s878824242.py(17): if x == 1:
s878824242.py(21):     ans = 0
s878824242.py(22):     for b in range(2,40):
s878824242.py(23):         for p in range(2,11):
s878824242.py(24):             if ans < b**p <= x:
s878824242.py(25):                 ans = b**p
s878824242.py(27):             if b**p > x:
s878824242.py(23):         for p in range(2,11):
s878824242.py(24):             if ans < b**p <= x:
s878824242.py(25):                 ans = b**p
s878824242.py(27):             if b**p > x:
s878824242.py(23):         for p in range(2,11):
s878824242.py(24):             if ans < b**p <= x:
s878824242.py(27):             if b**p > x:
s878824242.py(28):                 break
s878824242.py(22):     for b in range(2,40):
s878824242.py(23):         for p in range(2,11):
s878824242.py(24):             if ans < b**p <= x:
s878824242.py(25):                 ans = b**p
s878824242.py(27):             if b**p > x:
s878824242.py(23):         for p in range(2,11):
s878824242.py(24):             if ans < b**p <= x:
s878824242.py(27):             if b**p > x:
s878824242.py(28):                 break
s878824242.py(22):     for b in range(2,40):
s878824242.py(23):         for p in range(2,11):
s878824242.py(24):             if ans < b**p <= x:
s878824242.py(27):             if b**p > x:
s878824242.py(28):                 break
s878824242.py(22):     for b in range(2,40):
s878824242.py(23):         for p in range(2,11):
s878824242.py(24):             if ans < b**p <= x:
s878824242.py(27):             if b**p > x:
s878824242.py(28):                 break
s878824242.py(22):     for b in range(2,40):
s878824242.py(23):         for p in range(2,11):
s878824242.py(24):             if ans < b**p <= x:
s878824242.py(27):             if b**p > x:
s878824242.py(28):                 break
s878824242.py(22):     for b in range(2,40):
s878824242.py(23):         for p in range(2,11):
s878824242.py(24):             if ans < b**p <= x:
s878824242.py(27):             if b**p > x:
s878824242.py(28):                 break
s878824242.py(22):     for b in range(2,40):
s878824242.py(23):         for p in range(2,11):
s878824242.py(24):             if ans < b**p <= x:
s878824242.py(27):             if b**p > x:
s878824242.py(28):                 break
s878824242.py(22):     for b in range(2,40):
s878824242.py(23):         for p in range(2,11):
s878824242.py(24):             if ans < b**p <= x:
s878824242.py(27):             if b**p > x:
s878824242.py(28):                 break
s878824242.py(22):     for b in range(2,40):
s878824242.py(23):         for p in range(2,11):
s878824242.py(24):             if ans < b**p <= x:
s878824242.py(27):             if b**p > x:
s878824242.py(28):                 break
s878824242.py(22):     for b in range(2,40):
s878824242.py(23):         for p in range(2,11):
s878824242.py(24):             if ans < b**p <= x:
s878824242.py(27):             if b**p > x:
s878824242.py(28):                 break
s878824242.py(22):     for b in range(2,40):
s878824242.py(23):         for p in range(2,11):
s878824242.py(24):             if ans < b**p <= x:
s878824242.py(27):             if b**p > x:
s878824242.py(28):                 break
s878824242.py(22):     for b in range(2,40):
s878824242.py(23):         for p in range(2,11):
s878824242.py(24):             if ans < b**p <= x:
s878824242.py(27):             if b**p > x:
s878824242.py(28):                 break
s878824242.py(22):     for b in range(2,40):
s878824242.py(23):         for p in range(2,11):
s878824242.py(24):             if ans < b**p <= x:
s878824242.py(27):             if b**p > x:
s878824242.py(28):                 break
s878824242.py(22):     for b in range(2,40):
s878824242.py(23):         for p in range(2,11):
s878824242.py(24):             if ans < b**p <= x:
s878824242.py(27):             if b**p > x:
s878824242.py(28):                 break
s878824242.py(22):     for b in range(2,40):
s878824242.py(23):         for p in range(2,11):
s878824242.py(24):             if ans < b**p <= x:
s878824242.py(27):             if b**p > x:
s878824242.py(28):                 break
s878824242.py(22):     for b in range(2,40):
s878824242.py(23):         for p in range(2,11):
s878824242.py(24):             if ans < b**p <= x:
s878824242.py(27):             if b**p > x:
s878824242.py(28):                 break
s878824242.py(22):     for b in range(2,40):
s878824242.py(23):         for p in range(2,11):
s878824242.py(24):             if ans < b**p <= x:
s878824242.py(27):             if b**p > x:
s878824242.py(28):                 break
s878824242.py(22):     for b in range(2,40):
s878824242.py(23):         for p in range(2,11):
s878824242.py(24):             if ans < b**p <= x:
s878824242.py(27):             if b**p > x:
s878824242.py(28):                 break
s878824242.py(22):     for b in range(2,40):
s878824242.py(23):         for p in range(2,11):
s878824242.py(24):             if ans < b**p <= x:
s878824242.py(27):             if b**p > x:
s878824242.py(28):                 break
s878824242.py(22):     for b in range(2,40):
s878824242.py(23):         for p in range(2,11):
s878824242.py(24):             if ans < b**p <= x:
s878824242.py(27):             if b**p > x:
s878824242.py(28):                 break
s878824242.py(22):     for b in range(2,40):
s878824242.py(23):         for p in range(2,11):
s878824242.py(24):             if ans < b**p <= x:
s878824242.py(27):             if b**p > x:
s878824242.py(28):                 break
s878824242.py(22):     for b in range(2,40):
s878824242.py(23):         for p in range(2,11):
s878824242.py(24):             if ans < b**p <= x:
s878824242.py(27):             if b**p > x:
s878824242.py(28):                 break
s878824242.py(22):     for b in range(2,40):
s878824242.py(23):         for p in range(2,11):
s878824242.py(24):             if ans < b**p <= x:
s878824242.py(27):             if b**p > x:
s878824242.py(28):                 break
s878824242.py(22):     for b in range(2,40):
s878824242.py(23):         for p in range(2,11):
s878824242.py(24):             if ans < b**p <= x:
s878824242.py(27):             if b**p > x:
s878824242.py(28):                 break
s878824242.py(22):     for b in range(2,40):
s878824242.py(23):         for p in range(2,11):
s878824242.py(24):             if ans < b**p <= x:
s878824242.py(27):             if b**p > x:
s878824242.py(28):                 break
s878824242.py(22):     for b in range(2,40):
s878824242.py(23):         for p in range(2,11):
s878824242.py(24):             if ans < b**p <= x:
s878824242.py(27):             if b**p > x:
s878824242.py(28):                 break
s878824242.py(22):     for b in range(2,40):
s878824242.py(23):         for p in range(2,11):
s878824242.py(24):             if ans < b**p <= x:
s878824242.py(27):             if b**p > x:
s878824242.py(28):                 break
s878824242.py(22):     for b in range(2,40):
s878824242.py(23):         for p in range(2,11):
s878824242.py(24):             if ans < b**p <= x:
s878824242.py(27):             if b**p > x:
s878824242.py(28):                 break
s878824242.py(22):     for b in range(2,40):
s878824242.py(23):         for p in range(2,11):
s878824242.py(24):             if ans < b**p <= x:
s878824242.py(27):             if b**p > x:
s878824242.py(28):                 break
s878824242.py(22):     for b in range(2,40):
s878824242.py(23):         for p in range(2,11):
s878824242.py(24):             if ans < b**p <= x:
s878824242.py(27):             if b**p > x:
s878824242.py(28):                 break
s878824242.py(22):     for b in range(2,40):
s878824242.py(23):         for p in range(2,11):
s878824242.py(24):             if ans < b**p <= x:
s878824242.py(27):             if b**p > x:
s878824242.py(28):                 break
s878824242.py(22):     for b in range(2,40):
s878824242.py(23):         for p in range(2,11):
s878824242.py(24):             if ans < b**p <= x:
s878824242.py(27):             if b**p > x:
s878824242.py(28):                 break
s878824242.py(22):     for b in range(2,40):
s878824242.py(23):         for p in range(2,11):
s878824242.py(24):             if ans < b**p <= x:
s878824242.py(27):             if b**p > x:
s878824242.py(28):                 break
s878824242.py(22):     for b in range(2,40):
s878824242.py(23):         for p in range(2,11):
s878824242.py(24):             if ans < b**p <= x:
s878824242.py(27):             if b**p > x:
s878824242.py(28):                 break
s878824242.py(22):     for b in range(2,40):
s878824242.py(23):         for p in range(2,11):
s878824242.py(24):             if ans < b**p <= x:
s878824242.py(27):             if b**p > x:
s878824242.py(28):                 break
s878824242.py(22):     for b in range(2,40):
s878824242.py(23):         for p in range(2,11):
s878824242.py(24):             if ans < b**p <= x:
s878824242.py(27):             if b**p > x:
s878824242.py(28):                 break
s878824242.py(22):     for b in range(2,40):
s878824242.py(23):         for p in range(2,11):
s878824242.py(24):             if ans < b**p <= x:
s878824242.py(27):             if b**p > x:
s878824242.py(28):                 break
s878824242.py(22):     for b in range(2,40):
s878824242.py(23):         for p in range(2,11):
s878824242.py(24):             if ans < b**p <= x:
s878824242.py(27):             if b**p > x:
s878824242.py(28):                 break
s878824242.py(22):     for b in range(2,40):
s878824242.py(30):     print(ans)
9
