 --- modulename: s273366583, funcname: <module>
s273366583.py(4): def mp(): return map(int, input().split())
s273366583.py(5): def lmp(): return list(map(int, input().split()))
s273366583.py(7): n,m = mp()
 --- modulename: s273366583, funcname: mp
s273366583.py(4): def mp(): return map(int, input().split())
 --- modulename: codecs, funcname: getstate
codecs.py(333):         return (self.buffer, 0)
 --- modulename: codecs, funcname: decode
codecs.py(321):         data = self.buffer + input
codecs.py(322):         (result, consumed) = self._buffer_decode(data, self.errors, final)
codecs.py(324):         self.buffer = data[consumed:]
codecs.py(325):         return result
s273366583.py(8): class UnionFind():
 --- modulename: s273366583, funcname: UnionFind
s273366583.py(8): class UnionFind():
s273366583.py(9):     def __init__(self, n):
s273366583.py(14):     def find(self, x):
s273366583.py(23):     def union(self, x, y):
s273366583.py(39):     def size(self, x):
s273366583.py(44):     def same(self, x, y):
s273366583.py(49):     def members(self, x):
s273366583.py(55):     def roots(self):
s273366583.py(60):     def group_count(self):
s273366583.py(65):     def all_group_members(self):
s273366583.py(71):     def __str__(self):
s273366583.py(74): uf = UnionFind(n)
 --- modulename: s273366583, funcname: __init__
s273366583.py(11):         self.n = n
s273366583.py(12):         self.parents = [-1] * n
s273366583.py(76): for i in range(m):
s273366583.py(77):     a,b = mp()
 --- modulename: s273366583, funcname: mp
s273366583.py(4): def mp(): return map(int, input().split())
s273366583.py(78):     uf.union(a-1, b-1)
 --- modulename: s273366583, funcname: union
s273366583.py(27):         x = self.find(x)
 --- modulename: s273366583, funcname: find
s273366583.py(17):         if self.parents[x] < 0:
s273366583.py(18):             return x
s273366583.py(28):         y = self.find(y)
 --- modulename: s273366583, funcname: find
s273366583.py(17):         if self.parents[x] < 0:
s273366583.py(18):             return x
s273366583.py(30):         if x == y:
s273366583.py(33):         if self.parents[x] > self.parents[y]:
s273366583.py(36):         self.parents[x] += self.parents[y]
s273366583.py(37):         self.parents[y] = x
s273366583.py(76): for i in range(m):
s273366583.py(79): print(uf.group_count()-1)
 --- modulename: s273366583, funcname: group_count
s273366583.py(63):         return len(self.roots())
 --- modulename: s273366583, funcname: roots
s273366583.py(58):         return [i for i, x in enumerate(self.parents) if x < 0]
 --- modulename: s273366583, funcname: <listcomp>
s273366583.py(58):         return [i for i, x in enumerate(self.parents) if x < 0]
s273366583.py(58):         return [i for i, x in enumerate(self.parents) if x < 0]
s273366583.py(58):         return [i for i, x in enumerate(self.parents) if x < 0]
s273366583.py(58):         return [i for i, x in enumerate(self.parents) if x < 0]
1
