 --- modulename: s278047451, funcname: <module>
s278047451.py(1): import sys
s278047451.py(2): class BinaryTree:
 --- modulename: s278047451, funcname: BinaryTree
s278047451.py(2): class BinaryTree:
s278047451.py(3):     def __init__(self):
s278047451.py(5):     def b_insert(self,x):
s278047451.py(28):     def b_inorder(self):
s278047451.py(30):     def b_preorder(self):
s278047451.py(33): class Node:
 --- modulename: s278047451, funcname: Node
s278047451.py(33): class Node:
s278047451.py(34):     def __init__(self,x):
s278047451.py(40): def inorder(node):
s278047451.py(48): def preorder(node):
s278047451.py(56): line = sys.stdin.readline()
 --- modulename: codecs, funcname: getstate
codecs.py(333):         return (self.buffer, 0)
 --- modulename: codecs, funcname: decode
codecs.py(321):         data = self.buffer + input
codecs.py(322):         (result, consumed) = self._buffer_decode(data, self.errors, final)
codecs.py(324):         self.buffer = data[consumed:]
codecs.py(325):         return result
s278047451.py(57): bfs = BinaryTree()
 --- modulename: s278047451, funcname: __init__
s278047451.py(4):         self.root = None
s278047451.py(59): for temp in sys.stdin:
s278047451.py(60):     if temp[0] == 'i':
s278047451.py(61):         command,num = (n for n in temp.split(" "))
 --- modulename: s278047451, funcname: <genexpr>
s278047451.py(61):         command,num = (n for n in temp.split(" "))
 --- modulename: s278047451, funcname: <genexpr>
s278047451.py(61):         command,num = (n for n in temp.split(" "))
 --- modulename: s278047451, funcname: <genexpr>
s278047451.py(61):         command,num = (n for n in temp.split(" "))
s278047451.py(62):         bfs.b_insert(int(num))
 --- modulename: s278047451, funcname: b_insert
s278047451.py(6):         if self.root is None:
s278047451.py(7):             self.root = Node(x)
 --- modulename: s278047451, funcname: __init__
s278047451.py(35):         self.data = x
s278047451.py(36):         self.left = None
s278047451.py(37):         self.right = None
s278047451.py(8):             return
s278047451.py(59): for temp in sys.stdin:
s278047451.py(60):     if temp[0] == 'i':
s278047451.py(61):         command,num = (n for n in temp.split(" "))
 --- modulename: s278047451, funcname: <genexpr>
s278047451.py(61):         command,num = (n for n in temp.split(" "))
 --- modulename: s278047451, funcname: <genexpr>
s278047451.py(61):         command,num = (n for n in temp.split(" "))
 --- modulename: s278047451, funcname: <genexpr>
s278047451.py(61):         command,num = (n for n in temp.split(" "))
s278047451.py(62):         bfs.b_insert(int(num))
 --- modulename: s278047451, funcname: b_insert
s278047451.py(6):         if self.root is None:
s278047451.py(9):         node = None
s278047451.py(10):         root = self.root
s278047451.py(11):         while root is not None:
s278047451.py(12):             node = root
s278047451.py(13):             if x == root.data:
s278047451.py(15):             elif x < root.data:
s278047451.py(18):                 root = root.right
s278047451.py(11):         while root is not None:
s278047451.py(19):         if node is None:
s278047451.py(22):         elif node.data < x:
s278047451.py(24):             node.right = Node(x)
 --- modulename: s278047451, funcname: __init__
s278047451.py(35):         self.data = x
s278047451.py(36):         self.left = None
s278047451.py(37):         self.right = None
s278047451.py(59): for temp in sys.stdin:
s278047451.py(60):     if temp[0] == 'i':
s278047451.py(61):         command,num = (n for n in temp.split(" "))
 --- modulename: s278047451, funcname: <genexpr>
s278047451.py(61):         command,num = (n for n in temp.split(" "))
 --- modulename: s278047451, funcname: <genexpr>
s278047451.py(61):         command,num = (n for n in temp.split(" "))
 --- modulename: s278047451, funcname: <genexpr>
s278047451.py(61):         command,num = (n for n in temp.split(" "))
s278047451.py(62):         bfs.b_insert(int(num))
 --- modulename: s278047451, funcname: b_insert
s278047451.py(6):         if self.root is None:
s278047451.py(9):         node = None
s278047451.py(10):         root = self.root
s278047451.py(11):         while root is not None:
s278047451.py(12):             node = root
s278047451.py(13):             if x == root.data:
s278047451.py(15):             elif x < root.data:
s278047451.py(16):                 root = root.left
s278047451.py(11):         while root is not None:
s278047451.py(19):         if node is None:
s278047451.py(22):         elif node.data < x:
s278047451.py(27):             node.left = Node(x)
 --- modulename: s278047451, funcname: __init__
s278047451.py(35):         self.data = x
s278047451.py(36):         self.left = None
s278047451.py(37):         self.right = None
s278047451.py(59): for temp in sys.stdin:
s278047451.py(60):     if temp[0] == 'i':
s278047451.py(61):         command,num = (n for n in temp.split(" "))
 --- modulename: s278047451, funcname: <genexpr>
s278047451.py(61):         command,num = (n for n in temp.split(" "))
 --- modulename: s278047451, funcname: <genexpr>
s278047451.py(61):         command,num = (n for n in temp.split(" "))
 --- modulename: s278047451, funcname: <genexpr>
s278047451.py(61):         command,num = (n for n in temp.split(" "))
s278047451.py(62):         bfs.b_insert(int(num))
 --- modulename: s278047451, funcname: b_insert
s278047451.py(6):         if self.root is None:
s278047451.py(9):         node = None
s278047451.py(10):         root = self.root
s278047451.py(11):         while root is not None:
s278047451.py(12):             node = root
s278047451.py(13):             if x == root.data:
s278047451.py(15):             elif x < root.data:
s278047451.py(16):                 root = root.left
s278047451.py(11):         while root is not None:
s278047451.py(12):             node = root
s278047451.py(13):             if x == root.data:
s278047451.py(15):             elif x < root.data:
s278047451.py(16):                 root = root.left
s278047451.py(11):         while root is not None:
s278047451.py(19):         if node is None:
s278047451.py(22):         elif node.data < x:
s278047451.py(27):             node.left = Node(x)
 --- modulename: s278047451, funcname: __init__
s278047451.py(35):         self.data = x
s278047451.py(36):         self.left = None
s278047451.py(37):         self.right = None
s278047451.py(59): for temp in sys.stdin:
s278047451.py(60):     if temp[0] == 'i':
s278047451.py(61):         command,num = (n for n in temp.split(" "))
 --- modulename: s278047451, funcname: <genexpr>
s278047451.py(61):         command,num = (n for n in temp.split(" "))
 --- modulename: s278047451, funcname: <genexpr>
s278047451.py(61):         command,num = (n for n in temp.split(" "))
 --- modulename: s278047451, funcname: <genexpr>
s278047451.py(61):         command,num = (n for n in temp.split(" "))
s278047451.py(62):         bfs.b_insert(int(num))
 --- modulename: s278047451, funcname: b_insert
s278047451.py(6):         if self.root is None:
s278047451.py(9):         node = None
s278047451.py(10):         root = self.root
s278047451.py(11):         while root is not None:
s278047451.py(12):             node = root
s278047451.py(13):             if x == root.data:
s278047451.py(15):             elif x < root.data:
s278047451.py(16):                 root = root.left
s278047451.py(11):         while root is not None:
s278047451.py(12):             node = root
s278047451.py(13):             if x == root.data:
s278047451.py(15):             elif x < root.data:
s278047451.py(18):                 root = root.right
s278047451.py(11):         while root is not None:
s278047451.py(19):         if node is None:
s278047451.py(22):         elif node.data < x:
s278047451.py(24):             node.right = Node(x)
 --- modulename: s278047451, funcname: __init__
s278047451.py(35):         self.data = x
s278047451.py(36):         self.left = None
s278047451.py(37):         self.right = None
s278047451.py(59): for temp in sys.stdin:
s278047451.py(60):     if temp[0] == 'i':
s278047451.py(61):         command,num = (n for n in temp.split(" "))
 --- modulename: s278047451, funcname: <genexpr>
s278047451.py(61):         command,num = (n for n in temp.split(" "))
 --- modulename: s278047451, funcname: <genexpr>
s278047451.py(61):         command,num = (n for n in temp.split(" "))
 --- modulename: s278047451, funcname: <genexpr>
s278047451.py(61):         command,num = (n for n in temp.split(" "))
s278047451.py(62):         bfs.b_insert(int(num))
 --- modulename: s278047451, funcname: b_insert
s278047451.py(6):         if self.root is None:
s278047451.py(9):         node = None
s278047451.py(10):         root = self.root
s278047451.py(11):         while root is not None:
s278047451.py(12):             node = root
s278047451.py(13):             if x == root.data:
s278047451.py(15):             elif x < root.data:
s278047451.py(16):                 root = root.left
s278047451.py(11):         while root is not None:
s278047451.py(12):             node = root
s278047451.py(13):             if x == root.data:
s278047451.py(15):             elif x < root.data:
s278047451.py(18):                 root = root.right
s278047451.py(11):         while root is not None:
s278047451.py(12):             node = root
s278047451.py(13):             if x == root.data:
s278047451.py(15):             elif x < root.data:
s278047451.py(16):                 root = root.left
s278047451.py(11):         while root is not None:
s278047451.py(19):         if node is None:
s278047451.py(22):         elif node.data < x:
s278047451.py(27):             node.left = Node(x)
 --- modulename: s278047451, funcname: __init__
s278047451.py(35):         self.data = x
s278047451.py(36):         self.left = None
s278047451.py(37):         self.right = None
s278047451.py(59): for temp in sys.stdin:
s278047451.py(60):     if temp[0] == 'i':
s278047451.py(61):         command,num = (n for n in temp.split(" "))
 --- modulename: s278047451, funcname: <genexpr>
s278047451.py(61):         command,num = (n for n in temp.split(" "))
 --- modulename: s278047451, funcname: <genexpr>
s278047451.py(61):         command,num = (n for n in temp.split(" "))
 --- modulename: s278047451, funcname: <genexpr>
s278047451.py(61):         command,num = (n for n in temp.split(" "))
s278047451.py(62):         bfs.b_insert(int(num))
 --- modulename: s278047451, funcname: b_insert
s278047451.py(6):         if self.root is None:
s278047451.py(9):         node = None
s278047451.py(10):         root = self.root
s278047451.py(11):         while root is not None:
s278047451.py(12):             node = root
s278047451.py(13):             if x == root.data:
s278047451.py(15):             elif x < root.data:
s278047451.py(16):                 root = root.left
s278047451.py(11):         while root is not None:
s278047451.py(12):             node = root
s278047451.py(13):             if x == root.data:
s278047451.py(15):             elif x < root.data:
s278047451.py(18):                 root = root.right
s278047451.py(11):         while root is not None:
s278047451.py(12):             node = root
s278047451.py(13):             if x == root.data:
s278047451.py(15):             elif x < root.data:
s278047451.py(18):                 root = root.right
s278047451.py(11):         while root is not None:
s278047451.py(19):         if node is None:
s278047451.py(22):         elif node.data < x:
s278047451.py(24):             node.right = Node(x)
 --- modulename: s278047451, funcname: __init__
s278047451.py(35):         self.data = x
s278047451.py(36):         self.left = None
s278047451.py(37):         self.right = None
s278047451.py(59): for temp in sys.stdin:
s278047451.py(60):     if temp[0] == 'i':
s278047451.py(64):         print("",end=" ")
 s278047451.py(65):         print(*bfs.b_inorder())
 --- modulename: s278047451, funcname: b_inorder
s278047451.py(29):         return inorder(self.root)
 --- modulename: s278047451, funcname: inorder
s278047451.py(41):     nodelist = []
s278047451.py(42):     if node.left:
s278047451.py(43):         nodelist += inorder(node.left)
 --- modulename: s278047451, funcname: inorder
s278047451.py(41):     nodelist = []
s278047451.py(42):     if node.left:
s278047451.py(43):         nodelist += inorder(node.left)
 --- modulename: s278047451, funcname: inorder
s278047451.py(41):     nodelist = []
s278047451.py(42):     if node.left:
s278047451.py(44):     nodelist += [node.data]
s278047451.py(45):     if node.right:
s278047451.py(47):     return nodelist
s278047451.py(44):     nodelist += [node.data]
s278047451.py(45):     if node.right:
s278047451.py(46):         nodelist += inorder(node.right)
 --- modulename: s278047451, funcname: inorder
s278047451.py(41):     nodelist = []
s278047451.py(42):     if node.left:
s278047451.py(43):         nodelist += inorder(node.left)
 --- modulename: s278047451, funcname: inorder
s278047451.py(41):     nodelist = []
s278047451.py(42):     if node.left:
s278047451.py(44):     nodelist += [node.data]
s278047451.py(45):     if node.right:
s278047451.py(47):     return nodelist
s278047451.py(44):     nodelist += [node.data]
s278047451.py(45):     if node.right:
s278047451.py(46):         nodelist += inorder(node.right)
 --- modulename: s278047451, funcname: inorder
s278047451.py(41):     nodelist = []
s278047451.py(42):     if node.left:
s278047451.py(44):     nodelist += [node.data]
s278047451.py(45):     if node.right:
s278047451.py(47):     return nodelist
s278047451.py(47):     return nodelist
s278047451.py(47):     return nodelist
s278047451.py(44):     nodelist += [node.data]
s278047451.py(45):     if node.right:
s278047451.py(46):         nodelist += inorder(node.right)
 --- modulename: s278047451, funcname: inorder
s278047451.py(41):     nodelist = []
s278047451.py(42):     if node.left:
s278047451.py(44):     nodelist += [node.data]
s278047451.py(45):     if node.right:
s278047451.py(47):     return nodelist
s278047451.py(47):     return nodelist
1 12 17 20 25 30 88
s278047451.py(66):         print("",end=" ")
 s278047451.py(67):         print(*bfs.b_preorder())
 --- modulename: s278047451, funcname: b_preorder
s278047451.py(31):         return preorder(self.root)
 --- modulename: s278047451, funcname: preorder
s278047451.py(49):     nodelist = [node.data]
s278047451.py(50):     if node.left:
s278047451.py(51):         nodelist += preorder(node.left)
 --- modulename: s278047451, funcname: preorder
s278047451.py(49):     nodelist = [node.data]
s278047451.py(50):     if node.left:
s278047451.py(51):         nodelist += preorder(node.left)
 --- modulename: s278047451, funcname: preorder
s278047451.py(49):     nodelist = [node.data]
s278047451.py(50):     if node.left:
s278047451.py(52):     if node.right:
s278047451.py(54):     return nodelist
s278047451.py(52):     if node.right:
s278047451.py(53):         nodelist += preorder(node.right)
 --- modulename: s278047451, funcname: preorder
s278047451.py(49):     nodelist = [node.data]
s278047451.py(50):     if node.left:
s278047451.py(51):         nodelist += preorder(node.left)
 --- modulename: s278047451, funcname: preorder
s278047451.py(49):     nodelist = [node.data]
s278047451.py(50):     if node.left:
s278047451.py(52):     if node.right:
s278047451.py(54):     return nodelist
s278047451.py(52):     if node.right:
s278047451.py(53):         nodelist += preorder(node.right)
 --- modulename: s278047451, funcname: preorder
s278047451.py(49):     nodelist = [node.data]
s278047451.py(50):     if node.left:
s278047451.py(52):     if node.right:
s278047451.py(54):     return nodelist
s278047451.py(54):     return nodelist
s278047451.py(54):     return nodelist
s278047451.py(52):     if node.right:
s278047451.py(53):         nodelist += preorder(node.right)
 --- modulename: s278047451, funcname: preorder
s278047451.py(49):     nodelist = [node.data]
s278047451.py(50):     if node.left:
s278047451.py(52):     if node.right:
s278047451.py(54):     return nodelist
s278047451.py(54):     return nodelist
30 12 1 20 17 25 88
s278047451.py(59): for temp in sys.stdin:
 --- modulename: codecs, funcname: decode
codecs.py(321):         data = self.buffer + input
codecs.py(322):         (result, consumed) = self._buffer_decode(data, self.errors, final)
codecs.py(324):         self.buffer = data[consumed:]
codecs.py(325):         return result
