 --- modulename: s284356675, funcname: <module>
s284356675.py(1): import sys
s284356675.py(3): read = sys.stdin.read
s284356675.py(4): readline = sys.stdin.readline
s284356675.py(7): class UnionFind():
 --- modulename: s284356675, funcname: UnionFind
s284356675.py(7): class UnionFind():
s284356675.py(10):     def __init__(self, n):
s284356675.py(19):     def Find_Root(self, x):
s284356675.py(28):     def Unite(self, x, y):
s284356675.py(48):     def isSameGroup(self, x, y):
s284356675.py(52):     def Count(self, x):
s284356675.py(56): N, M, K, *ABCD = map(int, read().split())
 --- modulename: codecs, funcname: decode
codecs.py(321):         data = self.buffer + input
codecs.py(322):         (result, consumed) = self._buffer_decode(data, self.errors, final)
codecs.py(324):         self.buffer = data[consumed:]
codecs.py(325):         return result
s284356675.py(57): AB = ABCD[:M * 2]
s284356675.py(58): CD = ABCD[M * 2:]
s284356675.py(59): F = UnionFind(N)
 --- modulename: s284356675, funcname: __init__
s284356675.py(11):         self.n = n
s284356675.py(14):         self.root = [-1] * (n + 1)
s284356675.py(16):         self.rnk = [0] * (n + 1)
s284356675.py(60): friend = [[] for _ in range(N + 1)]
 --- modulename: s284356675, funcname: <listcomp>
s284356675.py(60): friend = [[] for _ in range(N + 1)]
s284356675.py(60): friend = [[] for _ in range(N + 1)]
s284356675.py(60): friend = [[] for _ in range(N + 1)]
s284356675.py(60): friend = [[] for _ in range(N + 1)]
s284356675.py(60): friend = [[] for _ in range(N + 1)]
s284356675.py(60): friend = [[] for _ in range(N + 1)]
s284356675.py(61): for A, B in zip(*[iter(AB)] * 2):
s284356675.py(62):     F.Unite(A, B)
 --- modulename: s284356675, funcname: Unite
s284356675.py(30):         x = self.Find_Root(x)
 --- modulename: s284356675, funcname: Find_Root
s284356675.py(20):         if self.root[x] < 0:
s284356675.py(21):             return x
s284356675.py(31):         y = self.Find_Root(y)
 --- modulename: s284356675, funcname: Find_Root
s284356675.py(20):         if self.root[x] < 0:
s284356675.py(21):             return x
s284356675.py(33):         if x == y:
s284356675.py(36):         elif self.rnk[x] > self.rnk[y]:
s284356675.py(41):             self.root[y] += self.root[x]
s284356675.py(42):             self.root[x] = y
s284356675.py(44):             if self.rnk[x] == self.rnk[y]:
s284356675.py(45):                 self.rnk[y] += 1
s284356675.py(63):     friend[A].append(B)
s284356675.py(64):     friend[B].append(A)
s284356675.py(61): for A, B in zip(*[iter(AB)] * 2):
s284356675.py(62):     F.Unite(A, B)
 --- modulename: s284356675, funcname: Unite
s284356675.py(30):         x = self.Find_Root(x)
 --- modulename: s284356675, funcname: Find_Root
s284356675.py(20):         if self.root[x] < 0:
s284356675.py(21):             return x
s284356675.py(31):         y = self.Find_Root(y)
 --- modulename: s284356675, funcname: Find_Root
s284356675.py(20):         if self.root[x] < 0:
s284356675.py(21):             return x
s284356675.py(33):         if x == y:
s284356675.py(36):         elif self.rnk[x] > self.rnk[y]:
s284356675.py(37):             self.root[x] += self.root[y]
s284356675.py(38):             self.root[y] = x
s284356675.py(63):     friend[A].append(B)
s284356675.py(64):     friend[B].append(A)
s284356675.py(61): for A, B in zip(*[iter(AB)] * 2):
s284356675.py(62):     F.Unite(A, B)
 --- modulename: s284356675, funcname: Unite
s284356675.py(30):         x = self.Find_Root(x)
 --- modulename: s284356675, funcname: Find_Root
s284356675.py(20):         if self.root[x] < 0:
s284356675.py(24):             self.root[x] = self.Find_Root(self.root[x])
 --- modulename: s284356675, funcname: Find_Root
s284356675.py(20):         if self.root[x] < 0:
s284356675.py(21):             return x
s284356675.py(25):             return self.root[x]
s284356675.py(31):         y = self.Find_Root(y)
 --- modulename: s284356675, funcname: Find_Root
s284356675.py(20):         if self.root[x] < 0:
s284356675.py(24):             self.root[x] = self.Find_Root(self.root[x])
 --- modulename: s284356675, funcname: Find_Root
s284356675.py(20):         if self.root[x] < 0:
s284356675.py(21):             return x
s284356675.py(25):             return self.root[x]
s284356675.py(33):         if x == y:
s284356675.py(34):             return
s284356675.py(63):     friend[A].append(B)
s284356675.py(64):     friend[B].append(A)
s284356675.py(61): for A, B in zip(*[iter(AB)] * 2):
s284356675.py(62):     F.Unite(A, B)
 --- modulename: s284356675, funcname: Unite
s284356675.py(30):         x = self.Find_Root(x)
 --- modulename: s284356675, funcname: Find_Root
s284356675.py(20):         if self.root[x] < 0:
s284356675.py(24):             self.root[x] = self.Find_Root(self.root[x])
 --- modulename: s284356675, funcname: Find_Root
s284356675.py(20):         if self.root[x] < 0:
s284356675.py(21):             return x
s284356675.py(25):             return self.root[x]
s284356675.py(31):         y = self.Find_Root(y)
 --- modulename: s284356675, funcname: Find_Root
s284356675.py(20):         if self.root[x] < 0:
s284356675.py(21):             return x
s284356675.py(33):         if x == y:
s284356675.py(36):         elif self.rnk[x] > self.rnk[y]:
s284356675.py(37):             self.root[x] += self.root[y]
s284356675.py(38):             self.root[y] = x
s284356675.py(63):     friend[A].append(B)
s284356675.py(64):     friend[B].append(A)
s284356675.py(61): for A, B in zip(*[iter(AB)] * 2):
s284356675.py(66): block = [[] for _ in range(N + 1)]
 --- modulename: s284356675, funcname: <listcomp>
s284356675.py(66): block = [[] for _ in range(N + 1)]
s284356675.py(66): block = [[] for _ in range(N + 1)]
s284356675.py(66): block = [[] for _ in range(N + 1)]
s284356675.py(66): block = [[] for _ in range(N + 1)]
s284356675.py(66): block = [[] for _ in range(N + 1)]
s284356675.py(66): block = [[] for _ in range(N + 1)]
s284356675.py(67): for C, D in zip(*[iter(CD)] * 2):
s284356675.py(68):     block[C].append(D)
s284356675.py(69):     block[D].append(C)
s284356675.py(67): for C, D in zip(*[iter(CD)] * 2):
s284356675.py(71): answer = []
s284356675.py(72): for i, n in enumerate(map(len, friend[1:]), 1):
s284356675.py(73):     cnt = F.Count(i) - 1 - n
 --- modulename: s284356675, funcname: Count
s284356675.py(53):         return -self.root[self.Find_Root(x)]
 --- modulename: s284356675, funcname: Find_Root
s284356675.py(20):         if self.root[x] < 0:
s284356675.py(21):             return x
s284356675.py(74):     for j in block[i]:
s284356675.py(75):         if F.isSameGroup(i, j):
 --- modulename: s284356675, funcname: isSameGroup
s284356675.py(49):         return self.Find_Root(x) == self.Find_Root(y)
 --- modulename: s284356675, funcname: Find_Root
s284356675.py(20):         if self.root[x] < 0:
s284356675.py(21):             return x
 --- modulename: s284356675, funcname: Find_Root
s284356675.py(20):         if self.root[x] < 0:
s284356675.py(24):             self.root[x] = self.Find_Root(self.root[x])
 --- modulename: s284356675, funcname: Find_Root
s284356675.py(20):         if self.root[x] < 0:
s284356675.py(21):             return x
s284356675.py(25):             return self.root[x]
s284356675.py(76):             cnt -= 1
s284356675.py(74):     for j in block[i]:
s284356675.py(77):     answer.append(cnt)
s284356675.py(72): for i, n in enumerate(map(len, friend[1:]), 1):
s284356675.py(73):     cnt = F.Count(i) - 1 - n
 --- modulename: s284356675, funcname: Count
s284356675.py(53):         return -self.root[self.Find_Root(x)]
 --- modulename: s284356675, funcname: Find_Root
s284356675.py(20):         if self.root[x] < 0:
s284356675.py(24):             self.root[x] = self.Find_Root(self.root[x])
 --- modulename: s284356675, funcname: Find_Root
s284356675.py(20):         if self.root[x] < 0:
s284356675.py(21):             return x
s284356675.py(25):             return self.root[x]
s284356675.py(74):     for j in block[i]:
s284356675.py(77):     answer.append(cnt)
s284356675.py(72): for i, n in enumerate(map(len, friend[1:]), 1):
s284356675.py(73):     cnt = F.Count(i) - 1 - n
 --- modulename: s284356675, funcname: Count
s284356675.py(53):         return -self.root[self.Find_Root(x)]
 --- modulename: s284356675, funcname: Find_Root
s284356675.py(20):         if self.root[x] < 0:
s284356675.py(24):             self.root[x] = self.Find_Root(self.root[x])
 --- modulename: s284356675, funcname: Find_Root
s284356675.py(20):         if self.root[x] < 0:
s284356675.py(21):             return x
s284356675.py(25):             return self.root[x]
s284356675.py(74):     for j in block[i]:
s284356675.py(77):     answer.append(cnt)
s284356675.py(72): for i, n in enumerate(map(len, friend[1:]), 1):
s284356675.py(73):     cnt = F.Count(i) - 1 - n
 --- modulename: s284356675, funcname: Count
s284356675.py(53):         return -self.root[self.Find_Root(x)]
 --- modulename: s284356675, funcname: Find_Root
s284356675.py(20):         if self.root[x] < 0:
s284356675.py(24):             self.root[x] = self.Find_Root(self.root[x])
 --- modulename: s284356675, funcname: Find_Root
s284356675.py(20):         if self.root[x] < 0:
s284356675.py(21):             return x
s284356675.py(25):             return self.root[x]
s284356675.py(74):     for j in block[i]:
s284356675.py(75):         if F.isSameGroup(i, j):
 --- modulename: s284356675, funcname: isSameGroup
s284356675.py(49):         return self.Find_Root(x) == self.Find_Root(y)
 --- modulename: s284356675, funcname: Find_Root
s284356675.py(20):         if self.root[x] < 0:
s284356675.py(24):             self.root[x] = self.Find_Root(self.root[x])
 --- modulename: s284356675, funcname: Find_Root
s284356675.py(20):         if self.root[x] < 0:
s284356675.py(21):             return x
s284356675.py(25):             return self.root[x]
 --- modulename: s284356675, funcname: Find_Root
s284356675.py(20):         if self.root[x] < 0:
s284356675.py(21):             return x
s284356675.py(76):             cnt -= 1
s284356675.py(74):     for j in block[i]:
s284356675.py(77):     answer.append(cnt)
s284356675.py(72): for i, n in enumerate(map(len, friend[1:]), 1):
s284356675.py(79): print(' '.join(map(str, answer)))
0 1 0 1
