 --- modulename: s285644687, funcname: <module>
s285644687.py(1): import sys
s285644687.py(2): n=list(input())
 --- modulename: codecs, funcname: getstate
codecs.py(333):         return (self.buffer, 0)
 --- modulename: codecs, funcname: decode
codecs.py(321):         data = self.buffer + input
codecs.py(322):         (result, consumed) = self._buffer_decode(data, self.errors, final)
codecs.py(324):         self.buffer = data[consumed:]
codecs.py(325):         return result
s285644687.py(3): N=len(n)
s285644687.py(4): k=int(input())
s285644687.py(5): x=int(n[0])
s285644687.py(6): if N<k:
s285644687.py(10): def s1(m):
s285644687.py(24): def s2(m):
s285644687.py(40): def s3(m):
s285644687.py(56): if k==1:
s285644687.py(57):   print(s1(n))
 --- modulename: s285644687, funcname: s1
s285644687.py(11):   N=len(m)
s285644687.py(12):   x=int(m[0])
s285644687.py(13):   if N>1 and x==0:
s285644687.py(16):   elif x==0:
s285644687.py(19):     ans=0
s285644687.py(20):     ans+=(N-1)*9
s285644687.py(21):     ans+=x
s285644687.py(22):     return ans
19
s285644687.py(58):   sys.exit()
