 --- modulename: s288372875, funcname: <module>
s288372875.py(2): import sys
s288372875.py(3): read = sys.stdin.readline
s288372875.py(6): def read_ints():
s288372875.py(10): def read_a_int():
s288372875.py(14): def read_matrix(H):
s288372875.py(21): def read_map(H):
s288372875.py(29): def read_col(H, n_cols):
s288372875.py(45): N, K = read_ints()
 --- modulename: s288372875, funcname: read_ints
s288372875.py(7):     return list(map(int, read().split()))
 --- modulename: codecs, funcname: getstate
codecs.py(333):         return (self.buffer, 0)
 --- modulename: codecs, funcname: decode
codecs.py(321):         data = self.buffer + input
codecs.py(322):         (result, consumed) = self._buffer_decode(data, self.errors, final)
codecs.py(324):         self.buffer = data[consumed:]
codecs.py(325):         return result
s288372875.py(46): S = list(read()[:-1])
s288372875.py(48): S[K - 1] = S[K - 1].lower()
s288372875.py(50): print(*S, sep='')
aBC
