 --- modulename: s340464832, funcname: <module>
s340464832.py(1): import sys
s340464832.py(3): sys.setrecursionlimit(10 ** 6)
s340464832.py(4): int1 = lambda x: int(x) - 1
s340464832.py(5): p2D = lambda x: print(*x, sep="\n")
s340464832.py(6): def II(): return int(sys.stdin.readline())
s340464832.py(7): def MI(): return map(int, sys.stdin.readline().split())
s340464832.py(8): def LI(): return list(map(int, sys.stdin.readline().split()))
s340464832.py(9): def LLI(rows_number): return [LI() for _ in range(rows_number)]
s340464832.py(10): def SI(): return sys.stdin.readline()[:-1]
s340464832.py(12): def solve():
s340464832.py(30): h, w, k = MI()
 --- modulename: s340464832, funcname: MI
s340464832.py(7): def MI(): return map(int, sys.stdin.readline().split())
 --- modulename: codecs, funcname: getstate
codecs.py(333):         return (self.buffer, 0)
 --- modulename: codecs, funcname: decode
codecs.py(321):         data = self.buffer + input
codecs.py(322):         (result, consumed) = self._buffer_decode(data, self.errors, final)
codecs.py(324):         self.buffer = data[consumed:]
codecs.py(325):         return result
s340464832.py(31): vv = [0] * h * w
s340464832.py(32): for _ in range(k):
s340464832.py(33):     i, j, v = MI()
 --- modulename: s340464832, funcname: MI
s340464832.py(7): def MI(): return map(int, sys.stdin.readline().split())
s340464832.py(34):     i, j = i - 1, j - 1
s340464832.py(35):     vv[i * w + j] = v
s340464832.py(32): for _ in range(k):
s340464832.py(33):     i, j, v = MI()
 --- modulename: s340464832, funcname: MI
s340464832.py(7): def MI(): return map(int, sys.stdin.readline().split())
s340464832.py(34):     i, j = i - 1, j - 1
s340464832.py(35):     vv[i * w + j] = v
s340464832.py(32): for _ in range(k):
s340464832.py(33):     i, j, v = MI()
 --- modulename: s340464832, funcname: MI
s340464832.py(7): def MI(): return map(int, sys.stdin.readline().split())
s340464832.py(34):     i, j = i - 1, j - 1
s340464832.py(35):     vv[i * w + j] = v
s340464832.py(32): for _ in range(k):
s340464832.py(36): solve()
 --- modulename: s340464832, funcname: solve
s340464832.py(13):     dp0 = [0] * (w + 1)
s340464832.py(14):     dp1 = [0] * (w + 1)
s340464832.py(15):     dp2 = [0] * (w + 1)
s340464832.py(16):     dp3 = [0] * (w + 1)
s340464832.py(17):     for i in range(h):
s340464832.py(18):         for j in range(w):
s340464832.py(19):             v = vv[i * w + j]
s340464832.py(20):             if v:
s340464832.py(21):                 dp3[j] = max(dp3[j], dp2[j] + v)
s340464832.py(22):                 dp2[j] = max(dp2[j], dp1[j] + v)
s340464832.py(23):                 dp1[j] = max(dp1[j], dp0[j] + v)
s340464832.py(24):             dp3[j + 1] = max(dp3[j + 1], dp3[j])
s340464832.py(25):             dp2[j + 1] = max(dp2[j + 1], dp2[j])
s340464832.py(26):             dp1[j + 1] = max(dp1[j + 1], dp1[j])
s340464832.py(27):             dp0[j] = max(dp1[j], dp2[j], dp3[j])
s340464832.py(18):         for j in range(w):
s340464832.py(19):             v = vv[i * w + j]
s340464832.py(20):             if v:
s340464832.py(21):                 dp3[j] = max(dp3[j], dp2[j] + v)
s340464832.py(22):                 dp2[j] = max(dp2[j], dp1[j] + v)
s340464832.py(23):                 dp1[j] = max(dp1[j], dp0[j] + v)
s340464832.py(24):             dp3[j + 1] = max(dp3[j + 1], dp3[j])
s340464832.py(25):             dp2[j + 1] = max(dp2[j + 1], dp2[j])
s340464832.py(26):             dp1[j + 1] = max(dp1[j + 1], dp1[j])
s340464832.py(27):             dp0[j] = max(dp1[j], dp2[j], dp3[j])
s340464832.py(18):         for j in range(w):
s340464832.py(17):     for i in range(h):
s340464832.py(18):         for j in range(w):
s340464832.py(19):             v = vv[i * w + j]
s340464832.py(20):             if v:
s340464832.py(21):                 dp3[j] = max(dp3[j], dp2[j] + v)
s340464832.py(22):                 dp2[j] = max(dp2[j], dp1[j] + v)
s340464832.py(23):                 dp1[j] = max(dp1[j], dp0[j] + v)
s340464832.py(24):             dp3[j + 1] = max(dp3[j + 1], dp3[j])
s340464832.py(25):             dp2[j + 1] = max(dp2[j + 1], dp2[j])
s340464832.py(26):             dp1[j + 1] = max(dp1[j + 1], dp1[j])
s340464832.py(27):             dp0[j] = max(dp1[j], dp2[j], dp3[j])
s340464832.py(18):         for j in range(w):
s340464832.py(19):             v = vv[i * w + j]
s340464832.py(20):             if v:
s340464832.py(24):             dp3[j + 1] = max(dp3[j + 1], dp3[j])
s340464832.py(25):             dp2[j + 1] = max(dp2[j + 1], dp2[j])
s340464832.py(26):             dp1[j + 1] = max(dp1[j + 1], dp1[j])
s340464832.py(27):             dp0[j] = max(dp1[j], dp2[j], dp3[j])
s340464832.py(18):         for j in range(w):
s340464832.py(17):     for i in range(h):
s340464832.py(28):     print(dp0[-2])
8
