 --- modulename: s343778958, funcname: <module>
s343778958.py(3): import sys
s343778958.py(4): input= lambda: sys.stdin.readline().rstrip()
s343778958.py(5): def pin(type=int):return map(type,input().split())
s343778958.py(6): def tupin(t=int):return tuple(pin(t))
s343778958.py(9): def resolve():
s343778958.py(27): resolve()
 --- modulename: s343778958, funcname: resolve
s343778958.py(10):     N=input()
 --- modulename: s343778958, funcname: <lambda>
s343778958.py(4): input= lambda: sys.stdin.readline().rstrip()
 --- modulename: codecs, funcname: getstate
codecs.py(333):         return (self.buffer, 0)
 --- modulename: codecs, funcname: decode
codecs.py(321):         data = self.buffer + input
codecs.py(322):         (result, consumed) = self._buffer_decode(data, self.errors, final)
codecs.py(324):         self.buffer = data[consumed:]
codecs.py(325):         return result
s343778958.py(11):     n=len(N)
s343778958.py(12):     N=int(N)
s343778958.py(13):     ans=set()
s343778958.py(14):     numans=0
s343778958.py(15):     stack=[(3,1),(5,2),(7,4)]
s343778958.py(16):     row=(3,5,7)
s343778958.py(17):     while (stack!=[]):
s343778958.py(18):         t,u=stack.pop()
s343778958.py(19):         for n,l in enumerate(row):
s343778958.py(20):             neu=(t*10+l,u|(2**n))
s343778958.py(21):             if neu[0]<=N:
s343778958.py(22):                 stack.append(neu)
s343778958.py(23):                 if neu[1]==7:
s343778958.py(19):         for n,l in enumerate(row):
s343778958.py(20):             neu=(t*10+l,u|(2**n))
s343778958.py(21):             if neu[0]<=N:
s343778958.py(22):                 stack.append(neu)
s343778958.py(23):                 if neu[1]==7:
s343778958.py(19):         for n,l in enumerate(row):
s343778958.py(20):             neu=(t*10+l,u|(2**n))
s343778958.py(21):             if neu[0]<=N:
s343778958.py(22):                 stack.append(neu)
s343778958.py(23):                 if neu[1]==7:
s343778958.py(19):         for n,l in enumerate(row):
s343778958.py(17):     while (stack!=[]):
s343778958.py(18):         t,u=stack.pop()
s343778958.py(19):         for n,l in enumerate(row):
s343778958.py(20):             neu=(t*10+l,u|(2**n))
s343778958.py(21):             if neu[0]<=N:
s343778958.py(19):         for n,l in enumerate(row):
s343778958.py(20):             neu=(t*10+l,u|(2**n))
s343778958.py(21):             if neu[0]<=N:
s343778958.py(19):         for n,l in enumerate(row):
s343778958.py(20):             neu=(t*10+l,u|(2**n))
s343778958.py(21):             if neu[0]<=N:
s343778958.py(19):         for n,l in enumerate(row):
s343778958.py(17):     while (stack!=[]):
s343778958.py(18):         t,u=stack.pop()
s343778958.py(19):         for n,l in enumerate(row):
s343778958.py(20):             neu=(t*10+l,u|(2**n))
s343778958.py(21):             if neu[0]<=N:
s343778958.py(19):         for n,l in enumerate(row):
s343778958.py(20):             neu=(t*10+l,u|(2**n))
s343778958.py(21):             if neu[0]<=N:
s343778958.py(19):         for n,l in enumerate(row):
s343778958.py(20):             neu=(t*10+l,u|(2**n))
s343778958.py(21):             if neu[0]<=N:
s343778958.py(19):         for n,l in enumerate(row):
s343778958.py(17):     while (stack!=[]):
s343778958.py(18):         t,u=stack.pop()
s343778958.py(19):         for n,l in enumerate(row):
s343778958.py(20):             neu=(t*10+l,u|(2**n))
s343778958.py(21):             if neu[0]<=N:
s343778958.py(19):         for n,l in enumerate(row):
s343778958.py(20):             neu=(t*10+l,u|(2**n))
s343778958.py(21):             if neu[0]<=N:
s343778958.py(19):         for n,l in enumerate(row):
s343778958.py(20):             neu=(t*10+l,u|(2**n))
s343778958.py(21):             if neu[0]<=N:
s343778958.py(19):         for n,l in enumerate(row):
s343778958.py(17):     while (stack!=[]):
s343778958.py(18):         t,u=stack.pop()
s343778958.py(19):         for n,l in enumerate(row):
s343778958.py(20):             neu=(t*10+l,u|(2**n))
s343778958.py(21):             if neu[0]<=N:
s343778958.py(22):                 stack.append(neu)
s343778958.py(23):                 if neu[1]==7:
s343778958.py(19):         for n,l in enumerate(row):
s343778958.py(20):             neu=(t*10+l,u|(2**n))
s343778958.py(21):             if neu[0]<=N:
s343778958.py(22):                 stack.append(neu)
s343778958.py(23):                 if neu[1]==7:
s343778958.py(19):         for n,l in enumerate(row):
s343778958.py(20):             neu=(t*10+l,u|(2**n))
s343778958.py(21):             if neu[0]<=N:
s343778958.py(22):                 stack.append(neu)
s343778958.py(23):                 if neu[1]==7:
s343778958.py(19):         for n,l in enumerate(row):
s343778958.py(17):     while (stack!=[]):
s343778958.py(18):         t,u=stack.pop()
s343778958.py(19):         for n,l in enumerate(row):
s343778958.py(20):             neu=(t*10+l,u|(2**n))
s343778958.py(21):             if neu[0]<=N:
s343778958.py(22):                 stack.append(neu)
s343778958.py(23):                 if neu[1]==7:
s343778958.py(24):                     ans.add(neu[0])
s343778958.py(19):         for n,l in enumerate(row):
s343778958.py(20):             neu=(t*10+l,u|(2**n))
s343778958.py(21):             if neu[0]<=N:
s343778958.py(22):                 stack.append(neu)
s343778958.py(23):                 if neu[1]==7:
s343778958.py(19):         for n,l in enumerate(row):
s343778958.py(20):             neu=(t*10+l,u|(2**n))
s343778958.py(21):             if neu[0]<=N:
s343778958.py(19):         for n,l in enumerate(row):
s343778958.py(17):     while (stack!=[]):
s343778958.py(18):         t,u=stack.pop()
s343778958.py(19):         for n,l in enumerate(row):
s343778958.py(20):             neu=(t*10+l,u|(2**n))
s343778958.py(21):             if neu[0]<=N:
s343778958.py(19):         for n,l in enumerate(row):
s343778958.py(20):             neu=(t*10+l,u|(2**n))
s343778958.py(21):             if neu[0]<=N:
s343778958.py(19):         for n,l in enumerate(row):
s343778958.py(20):             neu=(t*10+l,u|(2**n))
s343778958.py(21):             if neu[0]<=N:
s343778958.py(19):         for n,l in enumerate(row):
s343778958.py(17):     while (stack!=[]):
s343778958.py(18):         t,u=stack.pop()
s343778958.py(19):         for n,l in enumerate(row):
s343778958.py(20):             neu=(t*10+l,u|(2**n))
s343778958.py(21):             if neu[0]<=N:
s343778958.py(19):         for n,l in enumerate(row):
s343778958.py(20):             neu=(t*10+l,u|(2**n))
s343778958.py(21):             if neu[0]<=N:
s343778958.py(19):         for n,l in enumerate(row):
s343778958.py(20):             neu=(t*10+l,u|(2**n))
s343778958.py(21):             if neu[0]<=N:
s343778958.py(19):         for n,l in enumerate(row):
s343778958.py(17):     while (stack!=[]):
s343778958.py(18):         t,u=stack.pop()
s343778958.py(19):         for n,l in enumerate(row):
s343778958.py(20):             neu=(t*10+l,u|(2**n))
s343778958.py(21):             if neu[0]<=N:
s343778958.py(22):                 stack.append(neu)
s343778958.py(23):                 if neu[1]==7:
s343778958.py(19):         for n,l in enumerate(row):
s343778958.py(20):             neu=(t*10+l,u|(2**n))
s343778958.py(21):             if neu[0]<=N:
s343778958.py(22):                 stack.append(neu)
s343778958.py(23):                 if neu[1]==7:
s343778958.py(19):         for n,l in enumerate(row):
s343778958.py(20):             neu=(t*10+l,u|(2**n))
s343778958.py(21):             if neu[0]<=N:
s343778958.py(22):                 stack.append(neu)
s343778958.py(23):                 if neu[1]==7:
s343778958.py(19):         for n,l in enumerate(row):
s343778958.py(17):     while (stack!=[]):
s343778958.py(18):         t,u=stack.pop()
s343778958.py(19):         for n,l in enumerate(row):
s343778958.py(20):             neu=(t*10+l,u|(2**n))
s343778958.py(21):             if neu[0]<=N:
s343778958.py(19):         for n,l in enumerate(row):
s343778958.py(20):             neu=(t*10+l,u|(2**n))
s343778958.py(21):             if neu[0]<=N:
s343778958.py(19):         for n,l in enumerate(row):
s343778958.py(20):             neu=(t*10+l,u|(2**n))
s343778958.py(21):             if neu[0]<=N:
s343778958.py(19):         for n,l in enumerate(row):
s343778958.py(17):     while (stack!=[]):
s343778958.py(18):         t,u=stack.pop()
s343778958.py(19):         for n,l in enumerate(row):
s343778958.py(20):             neu=(t*10+l,u|(2**n))
s343778958.py(21):             if neu[0]<=N:
s343778958.py(19):         for n,l in enumerate(row):
s343778958.py(20):             neu=(t*10+l,u|(2**n))
s343778958.py(21):             if neu[0]<=N:
s343778958.py(19):         for n,l in enumerate(row):
s343778958.py(20):             neu=(t*10+l,u|(2**n))
s343778958.py(21):             if neu[0]<=N:
s343778958.py(19):         for n,l in enumerate(row):
s343778958.py(17):     while (stack!=[]):
s343778958.py(18):         t,u=stack.pop()
s343778958.py(19):         for n,l in enumerate(row):
s343778958.py(20):             neu=(t*10+l,u|(2**n))
s343778958.py(21):             if neu[0]<=N:
s343778958.py(19):         for n,l in enumerate(row):
s343778958.py(20):             neu=(t*10+l,u|(2**n))
s343778958.py(21):             if neu[0]<=N:
s343778958.py(19):         for n,l in enumerate(row):
s343778958.py(20):             neu=(t*10+l,u|(2**n))
s343778958.py(21):             if neu[0]<=N:
s343778958.py(19):         for n,l in enumerate(row):
s343778958.py(17):     while (stack!=[]):
s343778958.py(18):         t,u=stack.pop()
s343778958.py(19):         for n,l in enumerate(row):
s343778958.py(20):             neu=(t*10+l,u|(2**n))
s343778958.py(21):             if neu[0]<=N:
s343778958.py(22):                 stack.append(neu)
s343778958.py(23):                 if neu[1]==7:
s343778958.py(19):         for n,l in enumerate(row):
s343778958.py(20):             neu=(t*10+l,u|(2**n))
s343778958.py(21):             if neu[0]<=N:
s343778958.py(22):                 stack.append(neu)
s343778958.py(23):                 if neu[1]==7:
s343778958.py(19):         for n,l in enumerate(row):
s343778958.py(20):             neu=(t*10+l,u|(2**n))
s343778958.py(21):             if neu[0]<=N:
s343778958.py(22):                 stack.append(neu)
s343778958.py(23):                 if neu[1]==7:
s343778958.py(24):                     ans.add(neu[0])
s343778958.py(19):         for n,l in enumerate(row):
s343778958.py(17):     while (stack!=[]):
s343778958.py(18):         t,u=stack.pop()
s343778958.py(19):         for n,l in enumerate(row):
s343778958.py(20):             neu=(t*10+l,u|(2**n))
s343778958.py(21):             if neu[0]<=N:
s343778958.py(19):         for n,l in enumerate(row):
s343778958.py(20):             neu=(t*10+l,u|(2**n))
s343778958.py(21):             if neu[0]<=N:
s343778958.py(19):         for n,l in enumerate(row):
s343778958.py(20):             neu=(t*10+l,u|(2**n))
s343778958.py(21):             if neu[0]<=N:
s343778958.py(19):         for n,l in enumerate(row):
s343778958.py(17):     while (stack!=[]):
s343778958.py(18):         t,u=stack.pop()
s343778958.py(19):         for n,l in enumerate(row):
s343778958.py(20):             neu=(t*10+l,u|(2**n))
s343778958.py(21):             if neu[0]<=N:
s343778958.py(19):         for n,l in enumerate(row):
s343778958.py(20):             neu=(t*10+l,u|(2**n))
s343778958.py(21):             if neu[0]<=N:
s343778958.py(19):         for n,l in enumerate(row):
s343778958.py(20):             neu=(t*10+l,u|(2**n))
s343778958.py(21):             if neu[0]<=N:
s343778958.py(19):         for n,l in enumerate(row):
s343778958.py(17):     while (stack!=[]):
s343778958.py(18):         t,u=stack.pop()
s343778958.py(19):         for n,l in enumerate(row):
s343778958.py(20):             neu=(t*10+l,u|(2**n))
s343778958.py(21):             if neu[0]<=N:
s343778958.py(19):         for n,l in enumerate(row):
s343778958.py(20):             neu=(t*10+l,u|(2**n))
s343778958.py(21):             if neu[0]<=N:
s343778958.py(19):         for n,l in enumerate(row):
s343778958.py(20):             neu=(t*10+l,u|(2**n))
s343778958.py(21):             if neu[0]<=N:
s343778958.py(19):         for n,l in enumerate(row):
s343778958.py(17):     while (stack!=[]):
s343778958.py(18):         t,u=stack.pop()
s343778958.py(19):         for n,l in enumerate(row):
s343778958.py(20):             neu=(t*10+l,u|(2**n))
s343778958.py(21):             if neu[0]<=N:
s343778958.py(22):                 stack.append(neu)
s343778958.py(23):                 if neu[1]==7:
s343778958.py(19):         for n,l in enumerate(row):
s343778958.py(20):             neu=(t*10+l,u|(2**n))
s343778958.py(21):             if neu[0]<=N:
s343778958.py(22):                 stack.append(neu)
s343778958.py(23):                 if neu[1]==7:
s343778958.py(19):         for n,l in enumerate(row):
s343778958.py(20):             neu=(t*10+l,u|(2**n))
s343778958.py(21):             if neu[0]<=N:
s343778958.py(22):                 stack.append(neu)
s343778958.py(23):                 if neu[1]==7:
s343778958.py(19):         for n,l in enumerate(row):
s343778958.py(17):     while (stack!=[]):
s343778958.py(18):         t,u=stack.pop()
s343778958.py(19):         for n,l in enumerate(row):
s343778958.py(20):             neu=(t*10+l,u|(2**n))
s343778958.py(21):             if neu[0]<=N:
s343778958.py(22):                 stack.append(neu)
s343778958.py(23):                 if neu[1]==7:
s343778958.py(19):         for n,l in enumerate(row):
s343778958.py(20):             neu=(t*10+l,u|(2**n))
s343778958.py(21):             if neu[0]<=N:
s343778958.py(22):                 stack.append(neu)
s343778958.py(23):                 if neu[1]==7:
s343778958.py(24):                     ans.add(neu[0])
s343778958.py(19):         for n,l in enumerate(row):
s343778958.py(20):             neu=(t*10+l,u|(2**n))
s343778958.py(21):             if neu[0]<=N:
s343778958.py(22):                 stack.append(neu)
s343778958.py(23):                 if neu[1]==7:
s343778958.py(19):         for n,l in enumerate(row):
s343778958.py(17):     while (stack!=[]):
s343778958.py(18):         t,u=stack.pop()
s343778958.py(19):         for n,l in enumerate(row):
s343778958.py(20):             neu=(t*10+l,u|(2**n))
s343778958.py(21):             if neu[0]<=N:
s343778958.py(19):         for n,l in enumerate(row):
s343778958.py(20):             neu=(t*10+l,u|(2**n))
s343778958.py(21):             if neu[0]<=N:
s343778958.py(19):         for n,l in enumerate(row):
s343778958.py(20):             neu=(t*10+l,u|(2**n))
s343778958.py(21):             if neu[0]<=N:
s343778958.py(19):         for n,l in enumerate(row):
s343778958.py(17):     while (stack!=[]):
s343778958.py(18):         t,u=stack.pop()
s343778958.py(19):         for n,l in enumerate(row):
s343778958.py(20):             neu=(t*10+l,u|(2**n))
s343778958.py(21):             if neu[0]<=N:
s343778958.py(19):         for n,l in enumerate(row):
s343778958.py(20):             neu=(t*10+l,u|(2**n))
s343778958.py(21):             if neu[0]<=N:
s343778958.py(19):         for n,l in enumerate(row):
s343778958.py(20):             neu=(t*10+l,u|(2**n))
s343778958.py(21):             if neu[0]<=N:
s343778958.py(19):         for n,l in enumerate(row):
s343778958.py(17):     while (stack!=[]):
s343778958.py(18):         t,u=stack.pop()
s343778958.py(19):         for n,l in enumerate(row):
s343778958.py(20):             neu=(t*10+l,u|(2**n))
s343778958.py(21):             if neu[0]<=N:
s343778958.py(19):         for n,l in enumerate(row):
s343778958.py(20):             neu=(t*10+l,u|(2**n))
s343778958.py(21):             if neu[0]<=N:
s343778958.py(19):         for n,l in enumerate(row):
s343778958.py(20):             neu=(t*10+l,u|(2**n))
s343778958.py(21):             if neu[0]<=N:
s343778958.py(19):         for n,l in enumerate(row):
s343778958.py(17):     while (stack!=[]):
s343778958.py(18):         t,u=stack.pop()
s343778958.py(19):         for n,l in enumerate(row):
s343778958.py(20):             neu=(t*10+l,u|(2**n))
s343778958.py(21):             if neu[0]<=N:
s343778958.py(22):                 stack.append(neu)
s343778958.py(23):                 if neu[1]==7:
s343778958.py(19):         for n,l in enumerate(row):
s343778958.py(20):             neu=(t*10+l,u|(2**n))
s343778958.py(21):             if neu[0]<=N:
s343778958.py(22):                 stack.append(neu)
s343778958.py(23):                 if neu[1]==7:
s343778958.py(19):         for n,l in enumerate(row):
s343778958.py(20):             neu=(t*10+l,u|(2**n))
s343778958.py(21):             if neu[0]<=N:
s343778958.py(22):                 stack.append(neu)
s343778958.py(23):                 if neu[1]==7:
s343778958.py(24):                     ans.add(neu[0])
s343778958.py(19):         for n,l in enumerate(row):
s343778958.py(17):     while (stack!=[]):
s343778958.py(18):         t,u=stack.pop()
s343778958.py(19):         for n,l in enumerate(row):
s343778958.py(20):             neu=(t*10+l,u|(2**n))
s343778958.py(21):             if neu[0]<=N:
s343778958.py(19):         for n,l in enumerate(row):
s343778958.py(20):             neu=(t*10+l,u|(2**n))
s343778958.py(21):             if neu[0]<=N:
s343778958.py(19):         for n,l in enumerate(row):
s343778958.py(20):             neu=(t*10+l,u|(2**n))
s343778958.py(21):             if neu[0]<=N:
s343778958.py(19):         for n,l in enumerate(row):
s343778958.py(17):     while (stack!=[]):
s343778958.py(18):         t,u=stack.pop()
s343778958.py(19):         for n,l in enumerate(row):
s343778958.py(20):             neu=(t*10+l,u|(2**n))
s343778958.py(21):             if neu[0]<=N:
s343778958.py(19):         for n,l in enumerate(row):
s343778958.py(20):             neu=(t*10+l,u|(2**n))
s343778958.py(21):             if neu[0]<=N:
s343778958.py(19):         for n,l in enumerate(row):
s343778958.py(20):             neu=(t*10+l,u|(2**n))
s343778958.py(21):             if neu[0]<=N:
s343778958.py(19):         for n,l in enumerate(row):
s343778958.py(17):     while (stack!=[]):
s343778958.py(18):         t,u=stack.pop()
s343778958.py(19):         for n,l in enumerate(row):
s343778958.py(20):             neu=(t*10+l,u|(2**n))
s343778958.py(21):             if neu[0]<=N:
s343778958.py(19):         for n,l in enumerate(row):
s343778958.py(20):             neu=(t*10+l,u|(2**n))
s343778958.py(21):             if neu[0]<=N:
s343778958.py(19):         for n,l in enumerate(row):
s343778958.py(20):             neu=(t*10+l,u|(2**n))
s343778958.py(21):             if neu[0]<=N:
s343778958.py(19):         for n,l in enumerate(row):
s343778958.py(17):     while (stack!=[]):
s343778958.py(18):         t,u=stack.pop()
s343778958.py(19):         for n,l in enumerate(row):
s343778958.py(20):             neu=(t*10+l,u|(2**n))
s343778958.py(21):             if neu[0]<=N:
s343778958.py(22):                 stack.append(neu)
s343778958.py(23):                 if neu[1]==7:
s343778958.py(19):         for n,l in enumerate(row):
s343778958.py(20):             neu=(t*10+l,u|(2**n))
s343778958.py(21):             if neu[0]<=N:
s343778958.py(22):                 stack.append(neu)
s343778958.py(23):                 if neu[1]==7:
s343778958.py(19):         for n,l in enumerate(row):
s343778958.py(20):             neu=(t*10+l,u|(2**n))
s343778958.py(21):             if neu[0]<=N:
s343778958.py(22):                 stack.append(neu)
s343778958.py(23):                 if neu[1]==7:
s343778958.py(19):         for n,l in enumerate(row):
s343778958.py(17):     while (stack!=[]):
s343778958.py(18):         t,u=stack.pop()
s343778958.py(19):         for n,l in enumerate(row):
s343778958.py(20):             neu=(t*10+l,u|(2**n))
s343778958.py(21):             if neu[0]<=N:
s343778958.py(19):         for n,l in enumerate(row):
s343778958.py(20):             neu=(t*10+l,u|(2**n))
s343778958.py(21):             if neu[0]<=N:
s343778958.py(19):         for n,l in enumerate(row):
s343778958.py(20):             neu=(t*10+l,u|(2**n))
s343778958.py(21):             if neu[0]<=N:
s343778958.py(19):         for n,l in enumerate(row):
s343778958.py(17):     while (stack!=[]):
s343778958.py(18):         t,u=stack.pop()
s343778958.py(19):         for n,l in enumerate(row):
s343778958.py(20):             neu=(t*10+l,u|(2**n))
s343778958.py(21):             if neu[0]<=N:
s343778958.py(19):         for n,l in enumerate(row):
s343778958.py(20):             neu=(t*10+l,u|(2**n))
s343778958.py(21):             if neu[0]<=N:
s343778958.py(19):         for n,l in enumerate(row):
s343778958.py(20):             neu=(t*10+l,u|(2**n))
s343778958.py(21):             if neu[0]<=N:
s343778958.py(19):         for n,l in enumerate(row):
s343778958.py(17):     while (stack!=[]):
s343778958.py(18):         t,u=stack.pop()
s343778958.py(19):         for n,l in enumerate(row):
s343778958.py(20):             neu=(t*10+l,u|(2**n))
s343778958.py(21):             if neu[0]<=N:
s343778958.py(19):         for n,l in enumerate(row):
s343778958.py(20):             neu=(t*10+l,u|(2**n))
s343778958.py(21):             if neu[0]<=N:
s343778958.py(19):         for n,l in enumerate(row):
s343778958.py(20):             neu=(t*10+l,u|(2**n))
s343778958.py(21):             if neu[0]<=N:
s343778958.py(19):         for n,l in enumerate(row):
s343778958.py(17):     while (stack!=[]):
s343778958.py(25):     print(len(ans))
4
