 --- modulename: s347667970, funcname: <module>
s347667970.py(1): import itertools
s347667970.py(4): def is_compatible(hyp, testimonies):
s347667970.py(8): def is_compatible_all(hyp, all_testimonies):
s347667970.py(12): def main():
s347667970.py(32): def all_cases(n):
s347667970.py(38): if __name__ == '__main__':
s347667970.py(39):     main()
 --- modulename: s347667970, funcname: main
s347667970.py(13):     n = int(input())
 --- modulename: codecs, funcname: getstate
codecs.py(333):         return (self.buffer, 0)
 --- modulename: codecs, funcname: decode
codecs.py(321):         data = self.buffer + input
codecs.py(322):         (result, consumed) = self._buffer_decode(data, self.errors, final)
codecs.py(324):         self.buffer = data[consumed:]
codecs.py(325):         return result
s347667970.py(15):     all_testimonies = [{}]
s347667970.py(16):     for _ in range(n):
s347667970.py(17):         ai = int(input())
s347667970.py(18):         statements = {}
s347667970.py(19):         for _ in range(ai):
s347667970.py(20):             x, y = input().split()
s347667970.py(21):             statements[int(x)] = int(y)
s347667970.py(19):         for _ in range(ai):
s347667970.py(22):         all_testimonies.append(statements)
s347667970.py(16):     for _ in range(n):
s347667970.py(17):         ai = int(input())
s347667970.py(18):         statements = {}
s347667970.py(19):         for _ in range(ai):
s347667970.py(20):             x, y = input().split()
s347667970.py(21):             statements[int(x)] = int(y)
s347667970.py(19):         for _ in range(ai):
s347667970.py(22):         all_testimonies.append(statements)
s347667970.py(16):     for _ in range(n):
s347667970.py(17):         ai = int(input())
s347667970.py(18):         statements = {}
s347667970.py(19):         for _ in range(ai):
s347667970.py(20):             x, y = input().split()
s347667970.py(21):             statements[int(x)] = int(y)
s347667970.py(19):         for _ in range(ai):
s347667970.py(22):         all_testimonies.append(statements)
s347667970.py(16):     for _ in range(n):
s347667970.py(24):     for e in all_cases(n):
 --- modulename: s347667970, funcname: all_cases
s347667970.py(33):     for r in range(n, 0, -1):
s347667970.py(34):         for ensemble in itertools.combinations(range(1, n + 1), r):
s347667970.py(35):             yield set(ensemble)
s347667970.py(25):         if is_compatible_all(e, all_testimonies):
 --- modulename: s347667970, funcname: is_compatible_all
s347667970.py(9):     return all([is_compatible(hyp, all_testimonies[i]) for i in hyp])
 --- modulename: s347667970, funcname: <listcomp>
s347667970.py(9):     return all([is_compatible(hyp, all_testimonies[i]) for i in hyp])
 --- modulename: s347667970, funcname: is_compatible
s347667970.py(5):     return all([(key in hyp) == (val == 1) for key, val in testimonies.items()])
 --- modulename: s347667970, funcname: <listcomp>
s347667970.py(5):     return all([(key in hyp) == (val == 1) for key, val in testimonies.items()])
s347667970.py(5):     return all([(key in hyp) == (val == 1) for key, val in testimonies.items()])
s347667970.py(9):     return all([is_compatible(hyp, all_testimonies[i]) for i in hyp])
 --- modulename: s347667970, funcname: is_compatible
s347667970.py(5):     return all([(key in hyp) == (val == 1) for key, val in testimonies.items()])
 --- modulename: s347667970, funcname: <listcomp>
s347667970.py(5):     return all([(key in hyp) == (val == 1) for key, val in testimonies.items()])
s347667970.py(5):     return all([(key in hyp) == (val == 1) for key, val in testimonies.items()])
s347667970.py(9):     return all([is_compatible(hyp, all_testimonies[i]) for i in hyp])
 --- modulename: s347667970, funcname: is_compatible
s347667970.py(5):     return all([(key in hyp) == (val == 1) for key, val in testimonies.items()])
 --- modulename: s347667970, funcname: <listcomp>
s347667970.py(5):     return all([(key in hyp) == (val == 1) for key, val in testimonies.items()])
s347667970.py(5):     return all([(key in hyp) == (val == 1) for key, val in testimonies.items()])
s347667970.py(9):     return all([is_compatible(hyp, all_testimonies[i]) for i in hyp])
s347667970.py(24):     for e in all_cases(n):
 --- modulename: s347667970, funcname: all_cases
s347667970.py(34):         for ensemble in itertools.combinations(range(1, n + 1), r):
s347667970.py(33):     for r in range(n, 0, -1):
s347667970.py(34):         for ensemble in itertools.combinations(range(1, n + 1), r):
s347667970.py(35):             yield set(ensemble)
s347667970.py(25):         if is_compatible_all(e, all_testimonies):
 --- modulename: s347667970, funcname: is_compatible_all
s347667970.py(9):     return all([is_compatible(hyp, all_testimonies[i]) for i in hyp])
 --- modulename: s347667970, funcname: <listcomp>
s347667970.py(9):     return all([is_compatible(hyp, all_testimonies[i]) for i in hyp])
 --- modulename: s347667970, funcname: is_compatible
s347667970.py(5):     return all([(key in hyp) == (val == 1) for key, val in testimonies.items()])
 --- modulename: s347667970, funcname: <listcomp>
s347667970.py(5):     return all([(key in hyp) == (val == 1) for key, val in testimonies.items()])
s347667970.py(5):     return all([(key in hyp) == (val == 1) for key, val in testimonies.items()])
s347667970.py(9):     return all([is_compatible(hyp, all_testimonies[i]) for i in hyp])
 --- modulename: s347667970, funcname: is_compatible
s347667970.py(5):     return all([(key in hyp) == (val == 1) for key, val in testimonies.items()])
 --- modulename: s347667970, funcname: <listcomp>
s347667970.py(5):     return all([(key in hyp) == (val == 1) for key, val in testimonies.items()])
s347667970.py(5):     return all([(key in hyp) == (val == 1) for key, val in testimonies.items()])
s347667970.py(9):     return all([is_compatible(hyp, all_testimonies[i]) for i in hyp])
s347667970.py(26):             print(len(e))
2
s347667970.py(27):             return
 --- modulename: s347667970, funcname: all_cases
