 --- modulename: s349904039, funcname: <module>
s349904039.py(1): pi = 3.1415926
s349904039.py(4): def inp():
s349904039.py(6): def inlt():
s349904039.py(8): def insr():
s349904039.py(11): def invr():
s349904039.py(14): n,k = invr()
 --- modulename: s349904039, funcname: invr
s349904039.py(12):     return(map(int,input().rstrip().split()))
 --- modulename: codecs, funcname: getstate
codecs.py(333):         return (self.buffer, 0)
 --- modulename: codecs, funcname: decode
codecs.py(321):         data = self.buffer + input
codecs.py(322):         (result, consumed) = self._buffer_decode(data, self.errors, final)
codecs.py(324):         self.buffer = data[consumed:]
codecs.py(325):         return result
s349904039.py(15): nums = [0] + inlt()
 --- modulename: s349904039, funcname: inlt
s349904039.py(7):     return(list(map(int,input().rstrip().split())))
s349904039.py(16): cycle = [nums[1]]
s349904039.py(17): s = set([cycle[0]])
s349904039.py(18): bp = 0
s349904039.py(19): for i in range(2*n):
s349904039.py(20):     if nums[cycle[-1]] not in s:
s349904039.py(21):         s.add(nums[cycle[-1]])
s349904039.py(22):         cycle.append(nums[cycle[-1]])
s349904039.py(19): for i in range(2*n):
s349904039.py(20):     if nums[cycle[-1]] not in s:
s349904039.py(21):         s.add(nums[cycle[-1]])
s349904039.py(22):         cycle.append(nums[cycle[-1]])
s349904039.py(19): for i in range(2*n):
s349904039.py(20):     if nums[cycle[-1]] not in s:
s349904039.py(25):         bp = nums[cycle[-1]]
s349904039.py(26):         break
s349904039.py(28): if k <= len(cycle):
s349904039.py(31):     if bp != 0:
s349904039.py(32):         for i in range(len(cycle)):
s349904039.py(33):             if cycle[i] == bp:
s349904039.py(34):                 cycle = cycle[i:]
s349904039.py(35):                 break
s349904039.py(36):     k -= i
s349904039.py(37):     remain = k % len(cycle)
s349904039.py(38):     print(cycle[remain - 1])
4
