 --- modulename: s350416863, funcname: <module>
s350416863.py(1): mod = 1000000007
s350416863.py(3): def mul(a, b):
s350416863.py(6): def power(x, y):
s350416863.py(12): def div(a, b):
s350416863.py(77): S = input()
 --- modulename: codecs, funcname: getstate
codecs.py(333):         return (self.buffer, 0)
 --- modulename: codecs, funcname: decode
codecs.py(321):         data = self.buffer + input
codecs.py(322):         (result, consumed) = self._buffer_decode(data, self.errors, final)
codecs.py(324):         self.buffer = data[consumed:]
codecs.py(325):         return result
s350416863.py(84): ans = 0
s350416863.py(85): count = 0
s350416863.py(86): for s in S:
s350416863.py(87):     if s == 'x':
s350416863.py(86): for s in S:
s350416863.py(87):     if s == 'x':
s350416863.py(88):         count += 1
s350416863.py(86): for s in S:
s350416863.py(87):     if s == 'x':
s350416863.py(86): for s in S:
s350416863.py(87):     if s == 'x':
s350416863.py(88):         count += 1
s350416863.py(86): for s in S:
s350416863.py(87):     if s == 'x':
s350416863.py(86): for s in S:
s350416863.py(87):     if s == 'x':
s350416863.py(88):         count += 1
s350416863.py(86): for s in S:
s350416863.py(87):     if s == 'x':
s350416863.py(86): for s in S:
s350416863.py(87):     if s == 'x':
s350416863.py(88):         count += 1
s350416863.py(86): for s in S:
s350416863.py(87):     if s == 'x':
s350416863.py(86): for s in S:
s350416863.py(87):     if s == 'x':
s350416863.py(88):         count += 1
s350416863.py(86): for s in S:
s350416863.py(87):     if s == 'x':
s350416863.py(86): for s in S:
s350416863.py(87):     if s == 'x':
s350416863.py(88):         count += 1
s350416863.py(86): for s in S:
s350416863.py(87):     if s == 'x':
s350416863.py(86): for s in S:
s350416863.py(87):     if s == 'x':
s350416863.py(88):         count += 1
s350416863.py(86): for s in S:
s350416863.py(90): if count >= 8:
s350416863.py(93):     print("YES")
YES
