 --- modulename: s351613780, funcname: <module>
s351613780.py(1): import sys
s351613780.py(11): class IP:
 --- modulename: s351613780, funcname: IP
s351613780.py(11): class IP:
s351613780.py(12):     """
s351613780.py(16):     def __init__(self):
s351613780.py(19):     def I(self):
s351613780.py(26):     def S(self):
s351613780.py(33):     def IL(self):
s351613780.py(40):     def SL(self):
s351613780.py(47):     def ILS(self, n):
s351613780.py(55):     def SLS(self, n):
s351613780.py(63):     def SILS(self, n):
s351613780.py(72):     def SSLS(self, n):
s351613780.py(81): class Idea:
 --- modulename: s351613780, funcname: Idea
s351613780.py(81): class Idea:
s351613780.py(82):     def __init__(self):
s351613780.py(85):     def HF(self, p):
s351613780.py(96):     def Bfs2(self, a):
s351613780.py(122):     def S(self, s, r=0, m=-1):
s351613780.py(136):     def bit_n(self, a, b):
s351613780.py(146):     def bit_o(self, a, b):
s351613780.py(156):     def ceil(self, x, y):
s351613780.py(166):     def ave(self, a):
s351613780.py(174):     def gcd(self, x, y):
s351613780.py(184): def main():
s351613780.py(207): main()
 --- modulename: s351613780, funcname: main
s351613780.py(186):     r, e, p = range, enumerate, print
s351613780.py(187):     ip = IP()
 --- modulename: s351613780, funcname: __init__
s351613780.py(17):         self.input = sys.stdin.readline
s351613780.py(188):     id = Idea()
 --- modulename: s351613780, funcname: __init__
s351613780.py(83):         pass
s351613780.py(189):     mod = 10 ** 9 + 7
s351613780.py(192):     n = ip.I()
 --- modulename: s351613780, funcname: I
s351613780.py(24):         return int(self.input())
 --- modulename: codecs, funcname: getstate
codecs.py(333):         return (self.buffer, 0)
 --- modulename: codecs, funcname: decode
codecs.py(321):         data = self.buffer + input
codecs.py(322):         (result, consumed) = self._buffer_decode(data, self.errors, final)
codecs.py(324):         self.buffer = data[consumed:]
codecs.py(325):         return result
s351613780.py(193):     a = ip.IL()
 --- modulename: s351613780, funcname: IL
s351613780.py(38):         return list(map(int, self.input().split()))
s351613780.py(194):     flag = True
s351613780.py(195):     ans = 0
s351613780.py(196):     while flag:
s351613780.py(197):         flag = False
s351613780.py(198):         for j in r(n - 1, 0, -1):
s351613780.py(199):             if a[j] < a[j - 1]:
s351613780.py(200):                 a[j], a[j - 1] = a[j - 1], a[j]
s351613780.py(201):                 flag = True
s351613780.py(202):                 ans += 1
s351613780.py(198):         for j in r(n - 1, 0, -1):
s351613780.py(199):             if a[j] < a[j - 1]:
s351613780.py(200):                 a[j], a[j - 1] = a[j - 1], a[j]
s351613780.py(201):                 flag = True
s351613780.py(202):                 ans += 1
s351613780.py(198):         for j in r(n - 1, 0, -1):
s351613780.py(199):             if a[j] < a[j - 1]:
s351613780.py(200):                 a[j], a[j - 1] = a[j - 1], a[j]
s351613780.py(201):                 flag = True
s351613780.py(202):                 ans += 1
s351613780.py(198):         for j in r(n - 1, 0, -1):
s351613780.py(199):             if a[j] < a[j - 1]:
s351613780.py(200):                 a[j], a[j - 1] = a[j - 1], a[j]
s351613780.py(201):                 flag = True
s351613780.py(202):                 ans += 1
s351613780.py(198):         for j in r(n - 1, 0, -1):
s351613780.py(196):     while flag:
s351613780.py(197):         flag = False
s351613780.py(198):         for j in r(n - 1, 0, -1):
s351613780.py(199):             if a[j] < a[j - 1]:
s351613780.py(198):         for j in r(n - 1, 0, -1):
s351613780.py(199):             if a[j] < a[j - 1]:
s351613780.py(200):                 a[j], a[j - 1] = a[j - 1], a[j]
s351613780.py(201):                 flag = True
s351613780.py(202):                 ans += 1
s351613780.py(198):         for j in r(n - 1, 0, -1):
s351613780.py(199):             if a[j] < a[j - 1]:
s351613780.py(200):                 a[j], a[j - 1] = a[j - 1], a[j]
s351613780.py(201):                 flag = True
s351613780.py(202):                 ans += 1
s351613780.py(198):         for j in r(n - 1, 0, -1):
s351613780.py(199):             if a[j] < a[j - 1]:
s351613780.py(198):         for j in r(n - 1, 0, -1):
s351613780.py(196):     while flag:
s351613780.py(197):         flag = False
s351613780.py(198):         for j in r(n - 1, 0, -1):
s351613780.py(199):             if a[j] < a[j - 1]:
s351613780.py(198):         for j in r(n - 1, 0, -1):
s351613780.py(199):             if a[j] < a[j - 1]:
s351613780.py(200):                 a[j], a[j - 1] = a[j - 1], a[j]
s351613780.py(201):                 flag = True
s351613780.py(202):                 ans += 1
s351613780.py(198):         for j in r(n - 1, 0, -1):
s351613780.py(199):             if a[j] < a[j - 1]:
s351613780.py(198):         for j in r(n - 1, 0, -1):
s351613780.py(199):             if a[j] < a[j - 1]:
s351613780.py(198):         for j in r(n - 1, 0, -1):
s351613780.py(196):     while flag:
s351613780.py(197):         flag = False
s351613780.py(198):         for j in r(n - 1, 0, -1):
s351613780.py(199):             if a[j] < a[j - 1]:
s351613780.py(200):                 a[j], a[j - 1] = a[j - 1], a[j]
s351613780.py(201):                 flag = True
s351613780.py(202):                 ans += 1
s351613780.py(198):         for j in r(n - 1, 0, -1):
s351613780.py(199):             if a[j] < a[j - 1]:
s351613780.py(198):         for j in r(n - 1, 0, -1):
s351613780.py(199):             if a[j] < a[j - 1]:
s351613780.py(198):         for j in r(n - 1, 0, -1):
s351613780.py(199):             if a[j] < a[j - 1]:
s351613780.py(198):         for j in r(n - 1, 0, -1):
s351613780.py(196):     while flag:
s351613780.py(197):         flag = False
s351613780.py(198):         for j in r(n - 1, 0, -1):
s351613780.py(199):             if a[j] < a[j - 1]:
s351613780.py(198):         for j in r(n - 1, 0, -1):
s351613780.py(199):             if a[j] < a[j - 1]:
s351613780.py(198):         for j in r(n - 1, 0, -1):
s351613780.py(199):             if a[j] < a[j - 1]:
s351613780.py(198):         for j in r(n - 1, 0, -1):
s351613780.py(199):             if a[j] < a[j - 1]:
s351613780.py(198):         for j in r(n - 1, 0, -1):
s351613780.py(196):     while flag:
s351613780.py(203):     p(*a)
1 2 3 4 5
s351613780.py(204):     p(ans)
8
