 --- modulename: s733606654, funcname: <module>
s733606654.py(1): def get_args():
s733606654.py(16): class Graph:
 --- modulename: s733606654, funcname: Graph
s733606654.py(16): class Graph:
s733606654.py(17):     def __init__(self, vertex_size):
s733606654.py(21):     def add_edge(self, a_i, b_i):
s733606654.py(25):     def get_adj(self, i):
s733606654.py(28):     def vertexes_size(self):
s733606654.py(31):     def edges_size(self):
s733606654.py(35): def solve(N, M, A, B):
s733606654.py(61): if __name__ == '__main__':
s733606654.py(62):     res = solve(*get_args())
 --- modulename: s733606654, funcname: get_args
s733606654.py(2):     N, M = map(int, input().split())
 --- modulename: codecs, funcname: getstate
codecs.py(333):         return (self.buffer, 0)
 --- modulename: codecs, funcname: decode
codecs.py(321):         data = self.buffer + input
codecs.py(322):         (result, consumed) = self._buffer_decode(data, self.errors, final)
codecs.py(324):         self.buffer = data[consumed:]
codecs.py(325):         return result
s733606654.py(3):     A, B = [], []
s733606654.py(5):     for _ in range(M):
s733606654.py(6):         a, b = map(int, input().split())
s733606654.py(7):         A.append(a)
s733606654.py(8):         B.append(b)
s733606654.py(5):     for _ in range(M):
s733606654.py(6):         a, b = map(int, input().split())
s733606654.py(7):         A.append(a)
s733606654.py(8):         B.append(b)
s733606654.py(5):     for _ in range(M):
s733606654.py(6):         a, b = map(int, input().split())
s733606654.py(7):         A.append(a)
s733606654.py(8):         B.append(b)
s733606654.py(5):     for _ in range(M):
s733606654.py(13):     return N, M, A, B
 --- modulename: s733606654, funcname: solve
s733606654.py(36):     g = Graph(8 + 2)
 --- modulename: s733606654, funcname: __init__
s733606654.py(18):         self.VERTEX_SIZE = vertex_size
s733606654.py(19):         self.adjacency = [set() for i in range(self.VERTEX_SIZE)]
 --- modulename: s733606654, funcname: <listcomp>
s733606654.py(19):         self.adjacency = [set() for i in range(self.VERTEX_SIZE)]
s733606654.py(19):         self.adjacency = [set() for i in range(self.VERTEX_SIZE)]
s733606654.py(19):         self.adjacency = [set() for i in range(self.VERTEX_SIZE)]
s733606654.py(19):         self.adjacency = [set() for i in range(self.VERTEX_SIZE)]
s733606654.py(19):         self.adjacency = [set() for i in range(self.VERTEX_SIZE)]
s733606654.py(19):         self.adjacency = [set() for i in range(self.VERTEX_SIZE)]
s733606654.py(19):         self.adjacency = [set() for i in range(self.VERTEX_SIZE)]
s733606654.py(19):         self.adjacency = [set() for i in range(self.VERTEX_SIZE)]
s733606654.py(19):         self.adjacency = [set() for i in range(self.VERTEX_SIZE)]
s733606654.py(19):         self.adjacency = [set() for i in range(self.VERTEX_SIZE)]
s733606654.py(19):         self.adjacency = [set() for i in range(self.VERTEX_SIZE)]
s733606654.py(38):     for i in range(M):
s733606654.py(39):         g.add_edge(A[i], B[i])
 --- modulename: s733606654, funcname: add_edge
s733606654.py(22):         self.adjacency[a_i].add(b_i)
s733606654.py(23):         self.adjacency[b_i].add(a_i)
s733606654.py(38):     for i in range(M):
s733606654.py(39):         g.add_edge(A[i], B[i])
 --- modulename: s733606654, funcname: add_edge
s733606654.py(22):         self.adjacency[a_i].add(b_i)
s733606654.py(23):         self.adjacency[b_i].add(a_i)
s733606654.py(38):     for i in range(M):
s733606654.py(39):         g.add_edge(A[i], B[i])
 --- modulename: s733606654, funcname: add_edge
s733606654.py(22):         self.adjacency[a_i].add(b_i)
s733606654.py(23):         self.adjacency[b_i].add(a_i)
s733606654.py(38):     for i in range(M):
s733606654.py(41):     marked = [False for _ in range(N + 1)]
 --- modulename: s733606654, funcname: <listcomp>
s733606654.py(41):     marked = [False for _ in range(N + 1)]
s733606654.py(41):     marked = [False for _ in range(N + 1)]
s733606654.py(41):     marked = [False for _ in range(N + 1)]
s733606654.py(41):     marked = [False for _ in range(N + 1)]
s733606654.py(41):     marked = [False for _ in range(N + 1)]
s733606654.py(43):     def dfs(i):
s733606654.py(57):     res = dfs(1)
 --- modulename: s733606654, funcname: dfs
s733606654.py(44):         marked[i] = True
s733606654.py(46):         c = 0
s733606654.py(47):         if marked.count(True) == N:
s733606654.py(50):         for a in g.get_adj(i):
 --- modulename: s733606654, funcname: get_adj
s733606654.py(26):         return self.adjacency[i]
s733606654.py(51):             if not marked[a]:
s733606654.py(52):                 c += dfs(a)
 --- modulename: s733606654, funcname: dfs
s733606654.py(44):         marked[i] = True
s733606654.py(46):         c = 0
s733606654.py(47):         if marked.count(True) == N:
s733606654.py(50):         for a in g.get_adj(i):
 --- modulename: s733606654, funcname: get_adj
s733606654.py(26):         return self.adjacency[i]
s733606654.py(51):             if not marked[a]:
s733606654.py(50):         for a in g.get_adj(i):
s733606654.py(51):             if not marked[a]:
s733606654.py(52):                 c += dfs(a)
 --- modulename: s733606654, funcname: dfs
s733606654.py(44):         marked[i] = True
s733606654.py(46):         c = 0
s733606654.py(47):         if marked.count(True) == N:
s733606654.py(48):             c += 1
s733606654.py(50):         for a in g.get_adj(i):
 --- modulename: s733606654, funcname: get_adj
s733606654.py(26):         return self.adjacency[i]
s733606654.py(51):             if not marked[a]:
s733606654.py(50):         for a in g.get_adj(i):
s733606654.py(51):             if not marked[a]:
s733606654.py(50):         for a in g.get_adj(i):
s733606654.py(54):         marked[i] = False
s733606654.py(55):         return c
s733606654.py(50):         for a in g.get_adj(i):
s733606654.py(54):         marked[i] = False
s733606654.py(55):         return c
s733606654.py(50):         for a in g.get_adj(i):
s733606654.py(51):             if not marked[a]:
s733606654.py(52):                 c += dfs(a)
 --- modulename: s733606654, funcname: dfs
s733606654.py(44):         marked[i] = True
s733606654.py(46):         c = 0
s733606654.py(47):         if marked.count(True) == N:
s733606654.py(50):         for a in g.get_adj(i):
 --- modulename: s733606654, funcname: get_adj
s733606654.py(26):         return self.adjacency[i]
s733606654.py(51):             if not marked[a]:
s733606654.py(50):         for a in g.get_adj(i):
s733606654.py(51):             if not marked[a]:
s733606654.py(52):                 c += dfs(a)
 --- modulename: s733606654, funcname: dfs
s733606654.py(44):         marked[i] = True
s733606654.py(46):         c = 0
s733606654.py(47):         if marked.count(True) == N:
s733606654.py(48):             c += 1
s733606654.py(50):         for a in g.get_adj(i):
 --- modulename: s733606654, funcname: get_adj
s733606654.py(26):         return self.adjacency[i]
s733606654.py(51):             if not marked[a]:
s733606654.py(50):         for a in g.get_adj(i):
s733606654.py(51):             if not marked[a]:
s733606654.py(50):         for a in g.get_adj(i):
s733606654.py(54):         marked[i] = False
s733606654.py(55):         return c
s733606654.py(50):         for a in g.get_adj(i):
s733606654.py(54):         marked[i] = False
s733606654.py(55):         return c
s733606654.py(50):         for a in g.get_adj(i):
s733606654.py(54):         marked[i] = False
s733606654.py(55):         return c
s733606654.py(58):     return res
s733606654.py(63):     print(res)
2
