 --- modulename: s734063266, funcname: <module>
s734063266.py(3): import sys
s734063266.py(4): from collections import Counter
 --- modulename: _bootstrap, funcname: _handle_fromlist
<frozen importlib._bootstrap>(1043): <frozen importlib._bootstrap>(1044): <frozen importlib._bootstrap>(1051): <frozen importlib._bootstrap>(1055): <frozen importlib._bootstrap>(1043): <frozen importlib._bootstrap>(1067): s734063266.py(6): def input(): return sys.stdin.readline().strip()
s734063266.py(7): def list2d(a, b, c): return [[c] * b for i in range(a)]
s734063266.py(8): def list3d(a, b, c, d): return [[[d] * c for j in range(b)] for i in range(a)]
s734063266.py(9): def list4d(a, b, c, d, e): return [[[[e] * d for j in range(c)] for j in range(b)] for i in range(a)]
s734063266.py(10): def ceil(x, y=1): return int(-(-x // y))
s734063266.py(11): def INT(): return int(input())
s734063266.py(12): def MAP(): return map(int, input().split())
s734063266.py(13): def LIST(N=None): return list(MAP()) if N is None else [INT() for i in range(N)]
s734063266.py(14): def Yes(): print('Yes')
s734063266.py(15): def No(): print('No')
s734063266.py(16): def YES(): print('YES')
s734063266.py(17): def NO(): print('NO')
s734063266.py(18): sys.setrecursionlimit(10 ** 9)
s734063266.py(19): INF = 10 ** 18
s734063266.py(20): MOD = 10 ** 9 + 7
s734063266.py(22): N, M, L = MAP()
 --- modulename: s734063266, funcname: MAP
s734063266.py(12): def MAP(): return map(int, input().split())
 --- modulename: s734063266, funcname: input
s734063266.py(6): def input(): return sys.stdin.readline().strip()
 --- modulename: codecs, funcname: getstate
codecs.py(333):         return (self.buffer, 0)
 --- modulename: codecs, funcname: decode
codecs.py(321):         data = self.buffer + input
codecs.py(322):         (result, consumed) = self._buffer_decode(data, self.errors, final)
codecs.py(324):         self.buffer = data[consumed:]
codecs.py(325):         return result
s734063266.py(23): A = LIST()
 --- modulename: s734063266, funcname: LIST
s734063266.py(13): def LIST(N=None): return list(MAP()) if N is None else [INT() for i in range(N)]
 --- modulename: s734063266, funcname: MAP
s734063266.py(12): def MAP(): return map(int, input().split())
 --- modulename: s734063266, funcname: input
s734063266.py(6): def input(): return sys.stdin.readline().strip()
s734063266.py(24): B = LIST()
 --- modulename: s734063266, funcname: LIST
s734063266.py(13): def LIST(N=None): return list(MAP()) if N is None else [INT() for i in range(N)]
 --- modulename: s734063266, funcname: MAP
s734063266.py(12): def MAP(): return map(int, input().split())
 --- modulename: s734063266, funcname: input
s734063266.py(6): def input(): return sys.stdin.readline().strip()
s734063266.py(26): mn = min(A) + min(B)
s734063266.py(27): for _ in range(L):
s734063266.py(28):     x, y, c = MAP()
 --- modulename: s734063266, funcname: MAP
s734063266.py(12): def MAP(): return map(int, input().split())
 --- modulename: s734063266, funcname: input
s734063266.py(6): def input(): return sys.stdin.readline().strip()
s734063266.py(29):     x -= 1; y -= 1
s734063266.py(30):     mn = min(mn, A[x] + B[y] - c)
s734063266.py(27): for _ in range(L):
s734063266.py(31): print(mn)
5
