 --- modulename: s736824701, funcname: <module>
s736824701.py(1): import sys
s736824701.py(2): input = sys.stdin.buffer.readline
s736824701.py(7): def RD(): return input().rstrip().decode()
s736824701.py(8): def II(): return int(input())
s736824701.py(9): def FI(): return int(input())
s736824701.py(10): def MI(): return map(int,input().split())
s736824701.py(11): def MF(): return map(float,input().split())
s736824701.py(12): def LI(): return list(map(int,input().split()))
s736824701.py(13): def LF(): return list(map(float,input().split()))
s736824701.py(14): def TI(): return tuple(map(int,input().split()))
s736824701.py(19): def main():
s736824701.py(37): if __name__ == "__main__":
s736824701.py(38): 	main()
 --- modulename: s736824701, funcname: main
s736824701.py(20): 	n=RD()
 --- modulename: s736824701, funcname: RD
s736824701.py(7): def RD(): return input().rstrip().decode()
s736824701.py(21): 	x=0
s736824701.py(23): 	for i in n:
s736824701.py(24): 		x+=int(i)
s736824701.py(25): 		x%=9
s736824701.py(23): 	for i in n:
s736824701.py(24): 		x+=int(i)
s736824701.py(25): 		x%=9
s736824701.py(23): 	for i in n:
s736824701.py(24): 		x+=int(i)
s736824701.py(25): 		x%=9
s736824701.py(23): 	for i in n:
s736824701.py(24): 		x+=int(i)
s736824701.py(25): 		x%=9
s736824701.py(23): 	for i in n:
s736824701.py(24): 		x+=int(i)
s736824701.py(25): 		x%=9
s736824701.py(23): 	for i in n:
s736824701.py(24): 		x+=int(i)
s736824701.py(25): 		x%=9
s736824701.py(23): 	for i in n:
s736824701.py(24): 		x+=int(i)
s736824701.py(25): 		x%=9
s736824701.py(23): 	for i in n:
s736824701.py(24): 		x+=int(i)
s736824701.py(25): 		x%=9
s736824701.py(23): 	for i in n:
s736824701.py(24): 		x+=int(i)
s736824701.py(25): 		x%=9
s736824701.py(23): 	for i in n:
s736824701.py(27): 	ans="No"
s736824701.py(28): 	if x==0:
s736824701.py(29): 		ans="Yes"
s736824701.py(31): 	print(ans)
Yes
