 --- modulename: s739131249, funcname: <module>
s739131249.py(3): class Dice(object):
 --- modulename: s739131249, funcname: Dice
s739131249.py(3): class Dice(object):
s739131249.py(4): 	def __init__(self):
s739131249.py(12): 	def rotate(self, dir):
s739131249.py(22): 	def top(self):
s739131249.py(26): 	def right(self):
s739131249.py(30): 	def front(self):
s739131249.py(34): if __name__=="__main__":
s739131249.py(35): 	dice = Dice()
 --- modulename: s739131249, funcname: __init__
s739131249.py(7): 		self.dice = (2, 5), (3, 4), (1, 6) # x, y, z
s739131249.py(8): 		self.ax = [[0, False], [1, False], [2, False]]
s739131249.py(9): 		self.axmap = [0, 1, 2]
s739131249.py(10): 		self.mm = {"N": (0, 2), "S": (2, 0), "E": (1, 2), "W": (2, 1), "R": (0, 1), "L": (1, 0)}
s739131249.py(36): 	labels = input().split()
 --- modulename: codecs, funcname: getstate
codecs.py(333):         return (self.buffer, 0)
 --- modulename: codecs, funcname: decode
codecs.py(321):         data = self.buffer + input
codecs.py(322):         (result, consumed) = self._buffer_decode(data, self.errors, final)
codecs.py(324):         self.buffer = data[consumed:]
codecs.py(325):         return result
s739131249.py(37): 	q = int(input())
s739131249.py(38): 	def tf(p, f, d):
s739131249.py(44): 	for _ in range(q):
s739131249.py(45): 		a, b = input().split()
s739131249.py(46): 		p = labels.index(a) + 1
s739131249.py(47): 		f = dice.top
s739131249.py(48): 		tf(p, f, "N")
 --- modulename: s739131249, funcname: tf
s739131249.py(39): 		for _ in range(4):
s739131249.py(40): 			if p==f():
 --- modulename: s739131249, funcname: top
s739131249.py(23): 		z = self.ax[self.axmap[2]]
s739131249.py(24): 		return self.dice[z[0]][z[1]]
s739131249.py(42): 			dice.rotate(d)
 --- modulename: s739131249, funcname: rotate
s739131249.py(13): 		def rot(k, r):
s739131249.py(20): 		rot(*self.mm[dir])
 --- modulename: s739131249, funcname: rot
s739131249.py(16): 			t = self.axmap[r]
s739131249.py(17): 			self.axmap[k], self.axmap[r] = t, self.axmap[k]
s739131249.py(18): 			self.ax[t][1] = not self.ax[t][1]
s739131249.py(39): 		for _ in range(4):
s739131249.py(40): 			if p==f():
 --- modulename: s739131249, funcname: top
s739131249.py(23): 		z = self.ax[self.axmap[2]]
s739131249.py(24): 		return self.dice[z[0]][z[1]]
s739131249.py(42): 			dice.rotate(d)
 --- modulename: s739131249, funcname: rotate
s739131249.py(13): 		def rot(k, r):
s739131249.py(20): 		rot(*self.mm[dir])
 --- modulename: s739131249, funcname: rot
s739131249.py(16): 			t = self.axmap[r]
s739131249.py(17): 			self.axmap[k], self.axmap[r] = t, self.axmap[k]
s739131249.py(18): 			self.ax[t][1] = not self.ax[t][1]
s739131249.py(39): 		for _ in range(4):
s739131249.py(40): 			if p==f():
 --- modulename: s739131249, funcname: top
s739131249.py(23): 		z = self.ax[self.axmap[2]]
s739131249.py(24): 		return self.dice[z[0]][z[1]]
s739131249.py(41): 				break
s739131249.py(49): 		tf(p, f, "E")
 --- modulename: s739131249, funcname: tf
s739131249.py(39): 		for _ in range(4):
s739131249.py(40): 			if p==f():
 --- modulename: s739131249, funcname: top
s739131249.py(23): 		z = self.ax[self.axmap[2]]
s739131249.py(24): 		return self.dice[z[0]][z[1]]
s739131249.py(41): 				break
s739131249.py(51): 		p = labels.index(b) + 1
s739131249.py(52): 		f = dice.front
s739131249.py(53): 		tf(p, f, "R")
 --- modulename: s739131249, funcname: tf
s739131249.py(39): 		for _ in range(4):
s739131249.py(40): 			if p==f():
 --- modulename: s739131249, funcname: front
s739131249.py(31): 		x = self.ax[self.axmap[0]]
s739131249.py(32): 		return self.dice[x[0]][x[1]]
s739131249.py(41): 				break
s739131249.py(55): 		print(labels[dice.right()-1])
 --- modulename: s739131249, funcname: right
s739131249.py(27): 		y = self.ax[self.axmap[1]]
s739131249.py(28): 		return self.dice[y[0]][y[1]]
3
s739131249.py(44): 	for _ in range(q):
s739131249.py(45): 		a, b = input().split()
s739131249.py(46): 		p = labels.index(a) + 1
s739131249.py(47): 		f = dice.top
s739131249.py(48): 		tf(p, f, "N")
 --- modulename: s739131249, funcname: tf
s739131249.py(39): 		for _ in range(4):
s739131249.py(40): 			if p==f():
 --- modulename: s739131249, funcname: top
s739131249.py(23): 		z = self.ax[self.axmap[2]]
s739131249.py(24): 		return self.dice[z[0]][z[1]]
s739131249.py(42): 			dice.rotate(d)
 --- modulename: s739131249, funcname: rotate
s739131249.py(13): 		def rot(k, r):
s739131249.py(20): 		rot(*self.mm[dir])
 --- modulename: s739131249, funcname: rot
s739131249.py(16): 			t = self.axmap[r]
s739131249.py(17): 			self.axmap[k], self.axmap[r] = t, self.axmap[k]
s739131249.py(18): 			self.ax[t][1] = not self.ax[t][1]
s739131249.py(39): 		for _ in range(4):
s739131249.py(40): 			if p==f():
 --- modulename: s739131249, funcname: top
s739131249.py(23): 		z = self.ax[self.axmap[2]]
s739131249.py(24): 		return self.dice[z[0]][z[1]]
s739131249.py(42): 			dice.rotate(d)
 --- modulename: s739131249, funcname: rotate
s739131249.py(13): 		def rot(k, r):
s739131249.py(20): 		rot(*self.mm[dir])
 --- modulename: s739131249, funcname: rot
s739131249.py(16): 			t = self.axmap[r]
s739131249.py(17): 			self.axmap[k], self.axmap[r] = t, self.axmap[k]
s739131249.py(18): 			self.ax[t][1] = not self.ax[t][1]
s739131249.py(39): 		for _ in range(4):
s739131249.py(40): 			if p==f():
 --- modulename: s739131249, funcname: top
s739131249.py(23): 		z = self.ax[self.axmap[2]]
s739131249.py(24): 		return self.dice[z[0]][z[1]]
s739131249.py(41): 				break
s739131249.py(49): 		tf(p, f, "E")
 --- modulename: s739131249, funcname: tf
s739131249.py(39): 		for _ in range(4):
s739131249.py(40): 			if p==f():
 --- modulename: s739131249, funcname: top
s739131249.py(23): 		z = self.ax[self.axmap[2]]
s739131249.py(24): 		return self.dice[z[0]][z[1]]
s739131249.py(41): 				break
s739131249.py(51): 		p = labels.index(b) + 1
s739131249.py(52): 		f = dice.front
s739131249.py(53): 		tf(p, f, "R")
 --- modulename: s739131249, funcname: tf
s739131249.py(39): 		for _ in range(4):
s739131249.py(40): 			if p==f():
 --- modulename: s739131249, funcname: front
s739131249.py(31): 		x = self.ax[self.axmap[0]]
s739131249.py(32): 		return self.dice[x[0]][x[1]]
s739131249.py(42): 			dice.rotate(d)
 --- modulename: s739131249, funcname: rotate
s739131249.py(13): 		def rot(k, r):
s739131249.py(20): 		rot(*self.mm[dir])
 --- modulename: s739131249, funcname: rot
s739131249.py(16): 			t = self.axmap[r]
s739131249.py(17): 			self.axmap[k], self.axmap[r] = t, self.axmap[k]
s739131249.py(18): 			self.ax[t][1] = not self.ax[t][1]
s739131249.py(39): 		for _ in range(4):
s739131249.py(40): 			if p==f():
 --- modulename: s739131249, funcname: front
s739131249.py(31): 		x = self.ax[self.axmap[0]]
s739131249.py(32): 		return self.dice[x[0]][x[1]]
s739131249.py(42): 			dice.rotate(d)
 --- modulename: s739131249, funcname: rotate
s739131249.py(13): 		def rot(k, r):
s739131249.py(20): 		rot(*self.mm[dir])
 --- modulename: s739131249, funcname: rot
s739131249.py(16): 			t = self.axmap[r]
s739131249.py(17): 			self.axmap[k], self.axmap[r] = t, self.axmap[k]
s739131249.py(18): 			self.ax[t][1] = not self.ax[t][1]
s739131249.py(39): 		for _ in range(4):
s739131249.py(40): 			if p==f():
 --- modulename: s739131249, funcname: front
s739131249.py(31): 		x = self.ax[self.axmap[0]]
s739131249.py(32): 		return self.dice[x[0]][x[1]]
s739131249.py(42): 			dice.rotate(d)
 --- modulename: s739131249, funcname: rotate
s739131249.py(13): 		def rot(k, r):
s739131249.py(20): 		rot(*self.mm[dir])
 --- modulename: s739131249, funcname: rot
s739131249.py(16): 			t = self.axmap[r]
s739131249.py(17): 			self.axmap[k], self.axmap[r] = t, self.axmap[k]
s739131249.py(18): 			self.ax[t][1] = not self.ax[t][1]
s739131249.py(39): 		for _ in range(4):
s739131249.py(40): 			if p==f():
 --- modulename: s739131249, funcname: front
s739131249.py(31): 		x = self.ax[self.axmap[0]]
s739131249.py(32): 		return self.dice[x[0]][x[1]]
s739131249.py(41): 				break
s739131249.py(55): 		print(labels[dice.right()-1])
 --- modulename: s739131249, funcname: right
s739131249.py(27): 		y = self.ax[self.axmap[1]]
s739131249.py(28): 		return self.dice[y[0]][y[1]]
5
s739131249.py(44): 	for _ in range(q):
s739131249.py(45): 		a, b = input().split()
s739131249.py(46): 		p = labels.index(a) + 1
s739131249.py(47): 		f = dice.top
s739131249.py(48): 		tf(p, f, "N")
 --- modulename: s739131249, funcname: tf
s739131249.py(39): 		for _ in range(4):
s739131249.py(40): 			if p==f():
 --- modulename: s739131249, funcname: top
s739131249.py(23): 		z = self.ax[self.axmap[2]]
s739131249.py(24): 		return self.dice[z[0]][z[1]]
s739131249.py(42): 			dice.rotate(d)
 --- modulename: s739131249, funcname: rotate
s739131249.py(13): 		def rot(k, r):
s739131249.py(20): 		rot(*self.mm[dir])
 --- modulename: s739131249, funcname: rot
s739131249.py(16): 			t = self.axmap[r]
s739131249.py(17): 			self.axmap[k], self.axmap[r] = t, self.axmap[k]
s739131249.py(18): 			self.ax[t][1] = not self.ax[t][1]
s739131249.py(39): 		for _ in range(4):
s739131249.py(40): 			if p==f():
 --- modulename: s739131249, funcname: top
s739131249.py(23): 		z = self.ax[self.axmap[2]]
s739131249.py(24): 		return self.dice[z[0]][z[1]]
s739131249.py(41): 				break
s739131249.py(49): 		tf(p, f, "E")
 --- modulename: s739131249, funcname: tf
s739131249.py(39): 		for _ in range(4):
s739131249.py(40): 			if p==f():
 --- modulename: s739131249, funcname: top
s739131249.py(23): 		z = self.ax[self.axmap[2]]
s739131249.py(24): 		return self.dice[z[0]][z[1]]
s739131249.py(41): 				break
s739131249.py(51): 		p = labels.index(b) + 1
s739131249.py(52): 		f = dice.front
s739131249.py(53): 		tf(p, f, "R")
 --- modulename: s739131249, funcname: tf
s739131249.py(39): 		for _ in range(4):
s739131249.py(40): 			if p==f():
 --- modulename: s739131249, funcname: front
s739131249.py(31): 		x = self.ax[self.axmap[0]]
s739131249.py(32): 		return self.dice[x[0]][x[1]]
s739131249.py(42): 			dice.rotate(d)
 --- modulename: s739131249, funcname: rotate
s739131249.py(13): 		def rot(k, r):
s739131249.py(20): 		rot(*self.mm[dir])
 --- modulename: s739131249, funcname: rot
s739131249.py(16): 			t = self.axmap[r]
s739131249.py(17): 			self.axmap[k], self.axmap[r] = t, self.axmap[k]
s739131249.py(18): 			self.ax[t][1] = not self.ax[t][1]
s739131249.py(39): 		for _ in range(4):
s739131249.py(40): 			if p==f():
 --- modulename: s739131249, funcname: front
s739131249.py(31): 		x = self.ax[self.axmap[0]]
s739131249.py(32): 		return self.dice[x[0]][x[1]]
s739131249.py(41): 				break
s739131249.py(55): 		print(labels[dice.right()-1])
 --- modulename: s739131249, funcname: right
s739131249.py(27): 		y = self.ax[self.axmap[1]]
s739131249.py(28): 		return self.dice[y[0]][y[1]]
6
s739131249.py(44): 	for _ in range(q):
