 --- modulename: s740879836, funcname: <module>
s740879836.py(1): import sys
s740879836.py(2): sys.setrecursionlimit(10**9)
s740879836.py(4): def mi(): return map(int,input().split())
s740879836.py(5): def ii(): return int(input())
s740879836.py(6): def isp(): return input().split()
s740879836.py(7): def deb(text): print("-------\n{}\n-------".format(text))
s740879836.py(9): class Counter:
 --- modulename: s740879836, funcname: Counter
s740879836.py(9): class Counter:
s740879836.py(10):     def __init__(self):
s740879836.py(13):     def add(self,x):
s740879836.py(17):     def decrement(self,x):
s740879836.py(22):     def get_dict(self):
s740879836.py(26): INF=10**20
s740879836.py(27): def main():
s740879836.py(70): if __name__ == "__main__":
s740879836.py(71):     main()
 --- modulename: s740879836, funcname: main
s740879836.py(28):     N,M=mi()
 --- modulename: s740879836, funcname: mi
s740879836.py(4): def mi(): return map(int,input().split())
 --- modulename: codecs, funcname: getstate
codecs.py(333):         return (self.buffer, 0)
 --- modulename: codecs, funcname: decode
codecs.py(321):         data = self.buffer + input
codecs.py(322):         (result, consumed) = self._buffer_decode(data, self.errors, final)
codecs.py(324):         self.buffer = data[consumed:]
codecs.py(325):         return result
s740879836.py(29):     A=list(mi())
 --- modulename: s740879836, funcname: mi
s740879836.py(4): def mi(): return map(int,input().split())
s740879836.py(31):     X = []
s740879836.py(32):     for i in range(M):
s740879836.py(33):         b,c=mi()
 --- modulename: s740879836, funcname: mi
s740879836.py(4): def mi(): return map(int,input().split())
s740879836.py(34):         X.append((c,b))
s740879836.py(32):     for i in range(M):
s740879836.py(33):         b,c=mi()
 --- modulename: s740879836, funcname: mi
s740879836.py(4): def mi(): return map(int,input().split())
s740879836.py(34):         X.append((c,b))
s740879836.py(32):     for i in range(M):
s740879836.py(36):     X.sort(reverse=True)
s740879836.py(37):     A.sort(reverse=True)
s740879836.py(39):     xi = 0
s740879836.py(40):     b = 0
s740879836.py(42):     newA = []
s740879836.py(43):     while A:
s740879836.py(44):         if not xi < len(X): break
s740879836.py(46):         if b == 0: c,b = X[xi]
s740879836.py(47):         a = A.pop() # 小さい順に
s740879836.py(50):         if a < c:   
s740879836.py(51):             newA.append(c)
s740879836.py(56):         b -= 1 
s740879836.py(57):         if b <= 0:
s740879836.py(58):             xi += 1
s740879836.py(43):     while A:
s740879836.py(44):         if not xi < len(X): break
s740879836.py(46):         if b == 0: c,b = X[xi]
s740879836.py(47):         a = A.pop() # 小さい順に
s740879836.py(50):         if a < c:   
s740879836.py(53):             A.append(a)
s740879836.py(54):             b = 0
s740879836.py(56):         b -= 1 
s740879836.py(57):         if b <= 0:
s740879836.py(58):             xi += 1
s740879836.py(43):     while A:
s740879836.py(44):         if not xi < len(X): break
s740879836.py(62):     print(sum(newA) + sum(A))
14
