 --- modulename: s741986602, funcname: <module>
s741986602.py(3): def read_int():
s741986602.py(7): def read_ints():
s741986602.py(11): def solve():
s741986602.py(40): if __name__ == '__main__':
s741986602.py(41):     print(solve())
 --- modulename: s741986602, funcname: solve
s741986602.py(20):     K = list(map(int, input().strip()))
 --- modulename: codecs, funcname: getstate
codecs.py(333):         return (self.buffer, 0)
 --- modulename: codecs, funcname: decode
codecs.py(321):         data = self.buffer + input
codecs.py(322):         (result, consumed) = self._buffer_decode(data, self.errors, final)
codecs.py(324):         self.buffer = data[consumed:]
codecs.py(325):         return result
s741986602.py(21):     D = read_int()
 --- modulename: s741986602, funcname: read_int
s741986602.py(4):     return int(input().strip())
s741986602.py(22):     dp = [[0, 0] for _ in range(D)]
 --- modulename: s741986602, funcname: <listcomp>
s741986602.py(22):     dp = [[0, 0] for _ in range(D)]
s741986602.py(22):     dp = [[0, 0] for _ in range(D)]
s741986602.py(22):     dp = [[0, 0] for _ in range(D)]
s741986602.py(22):     dp = [[0, 0] for _ in range(D)]
s741986602.py(22):     dp = [[0, 0] for _ in range(D)]
s741986602.py(23):     dp[0][0] = 1
s741986602.py(24):     modulo = 10**9+7
s741986602.py(25):     for i in range(len(K)):
s741986602.py(26):         new_dp = [[0, 0] for _ in range(D)]
 --- modulename: s741986602, funcname: <listcomp>
s741986602.py(26):         new_dp = [[0, 0] for _ in range(D)]
s741986602.py(26):         new_dp = [[0, 0] for _ in range(D)]
s741986602.py(26):         new_dp = [[0, 0] for _ in range(D)]
s741986602.py(26):         new_dp = [[0, 0] for _ in range(D)]
s741986602.py(26):         new_dp = [[0, 0] for _ in range(D)]
s741986602.py(27):         for j in range(D):
s741986602.py(28):             for digit in range(10):
s741986602.py(29):                 new_dp[(j+digit)%D][True] += dp[j][True]
s741986602.py(30):                 if digit < K[i]:
s741986602.py(31):                     new_dp[(j+digit)%D][True] += dp[j][False]
s741986602.py(32):                 if digit == K[i]:
s741986602.py(34):                 new_dp[(j+digit)%D][False] %= modulo
s741986602.py(35):                 new_dp[(j+digit)%D][True] %= modulo
s741986602.py(28):             for digit in range(10):
s741986602.py(29):                 new_dp[(j+digit)%D][True] += dp[j][True]
s741986602.py(30):                 if digit < K[i]:
s741986602.py(31):                     new_dp[(j+digit)%D][True] += dp[j][False]
s741986602.py(32):                 if digit == K[i]:
s741986602.py(34):                 new_dp[(j+digit)%D][False] %= modulo
s741986602.py(35):                 new_dp[(j+digit)%D][True] %= modulo
s741986602.py(28):             for digit in range(10):
s741986602.py(29):                 new_dp[(j+digit)%D][True] += dp[j][True]
s741986602.py(30):                 if digit < K[i]:
s741986602.py(31):                     new_dp[(j+digit)%D][True] += dp[j][False]
s741986602.py(32):                 if digit == K[i]:
s741986602.py(34):                 new_dp[(j+digit)%D][False] %= modulo
s741986602.py(35):                 new_dp[(j+digit)%D][True] %= modulo
s741986602.py(28):             for digit in range(10):
s741986602.py(29):                 new_dp[(j+digit)%D][True] += dp[j][True]
s741986602.py(30):                 if digit < K[i]:
s741986602.py(32):                 if digit == K[i]:
s741986602.py(33):                     new_dp[(j+digit)%D][False] += dp[j][False]
s741986602.py(34):                 new_dp[(j+digit)%D][False] %= modulo
s741986602.py(35):                 new_dp[(j+digit)%D][True] %= modulo
s741986602.py(28):             for digit in range(10):
s741986602.py(29):                 new_dp[(j+digit)%D][True] += dp[j][True]
s741986602.py(30):                 if digit < K[i]:
s741986602.py(32):                 if digit == K[i]:
s741986602.py(34):                 new_dp[(j+digit)%D][False] %= modulo
s741986602.py(35):                 new_dp[(j+digit)%D][True] %= modulo
s741986602.py(28):             for digit in range(10):
s741986602.py(29):                 new_dp[(j+digit)%D][True] += dp[j][True]
s741986602.py(30):                 if digit < K[i]:
s741986602.py(32):                 if digit == K[i]:
s741986602.py(34):                 new_dp[(j+digit)%D][False] %= modulo
s741986602.py(35):                 new_dp[(j+digit)%D][True] %= modulo
s741986602.py(28):             for digit in range(10):
s741986602.py(29):                 new_dp[(j+digit)%D][True] += dp[j][True]
s741986602.py(30):                 if digit < K[i]:
s741986602.py(32):                 if digit == K[i]:
s741986602.py(34):                 new_dp[(j+digit)%D][False] %= modulo
s741986602.py(35):                 new_dp[(j+digit)%D][True] %= modulo
s741986602.py(28):             for digit in range(10):
s741986602.py(29):                 new_dp[(j+digit)%D][True] += dp[j][True]
s741986602.py(30):                 if digit < K[i]:
s741986602.py(32):                 if digit == K[i]:
s741986602.py(34):                 new_dp[(j+digit)%D][False] %= modulo
s741986602.py(35):                 new_dp[(j+digit)%D][True] %= modulo
s741986602.py(28):             for digit in range(10):
s741986602.py(29):                 new_dp[(j+digit)%D][True] += dp[j][True]
s741986602.py(30):                 if digit < K[i]:
s741986602.py(32):                 if digit == K[i]:
s741986602.py(34):                 new_dp[(j+digit)%D][False] %= modulo
s741986602.py(35):                 new_dp[(j+digit)%D][True] %= modulo
s741986602.py(28):             for digit in range(10):
s741986602.py(29):                 new_dp[(j+digit)%D][True] += dp[j][True]
s741986602.py(30):                 if digit < K[i]:
s741986602.py(32):                 if digit == K[i]:
s741986602.py(34):                 new_dp[(j+digit)%D][False] %= modulo
s741986602.py(35):                 new_dp[(j+digit)%D][True] %= modulo
s741986602.py(28):             for digit in range(10):
s741986602.py(27):         for j in range(D):
s741986602.py(28):             for digit in range(10):
s741986602.py(29):                 new_dp[(j+digit)%D][True] += dp[j][True]
s741986602.py(30):                 if digit < K[i]:
s741986602.py(31):                     new_dp[(j+digit)%D][True] += dp[j][False]
s741986602.py(32):                 if digit == K[i]:
s741986602.py(34):                 new_dp[(j+digit)%D][False] %= modulo
s741986602.py(35):                 new_dp[(j+digit)%D][True] %= modulo
s741986602.py(28):             for digit in range(10):
s741986602.py(29):                 new_dp[(j+digit)%D][True] += dp[j][True]
s741986602.py(30):                 if digit < K[i]:
s741986602.py(31):                     new_dp[(j+digit)%D][True] += dp[j][False]
s741986602.py(32):                 if digit == K[i]:
s741986602.py(34):                 new_dp[(j+digit)%D][False] %= modulo
s741986602.py(35):                 new_dp[(j+digit)%D][True] %= modulo
s741986602.py(28):             for digit in range(10):
s741986602.py(29):                 new_dp[(j+digit)%D][True] += dp[j][True]
s741986602.py(30):                 if digit < K[i]:
s741986602.py(31):                     new_dp[(j+digit)%D][True] += dp[j][False]
s741986602.py(32):                 if digit == K[i]:
s741986602.py(34):                 new_dp[(j+digit)%D][False] %= modulo
s741986602.py(35):                 new_dp[(j+digit)%D][True] %= modulo
s741986602.py(28):             for digit in range(10):
s741986602.py(29):                 new_dp[(j+digit)%D][True] += dp[j][True]
s741986602.py(30):                 if digit < K[i]:
s741986602.py(32):                 if digit == K[i]:
s741986602.py(33):                     new_dp[(j+digit)%D][False] += dp[j][False]
s741986602.py(34):                 new_dp[(j+digit)%D][False] %= modulo
s741986602.py(35):                 new_dp[(j+digit)%D][True] %= modulo
s741986602.py(28):             for digit in range(10):
s741986602.py(29):                 new_dp[(j+digit)%D][True] += dp[j][True]
s741986602.py(30):                 if digit < K[i]:
s741986602.py(32):                 if digit == K[i]:
s741986602.py(34):                 new_dp[(j+digit)%D][False] %= modulo
s741986602.py(35):                 new_dp[(j+digit)%D][True] %= modulo
s741986602.py(28):             for digit in range(10):
s741986602.py(29):                 new_dp[(j+digit)%D][True] += dp[j][True]
s741986602.py(30):                 if digit < K[i]:
s741986602.py(32):                 if digit == K[i]:
s741986602.py(34):                 new_dp[(j+digit)%D][False] %= modulo
s741986602.py(35):                 new_dp[(j+digit)%D][True] %= modulo
s741986602.py(28):             for digit in range(10):
s741986602.py(29):                 new_dp[(j+digit)%D][True] += dp[j][True]
s741986602.py(30):                 if digit < K[i]:
s741986602.py(32):                 if digit == K[i]:
s741986602.py(34):                 new_dp[(j+digit)%D][False] %= modulo
s741986602.py(35):                 new_dp[(j+digit)%D][True] %= modulo
s741986602.py(28):             for digit in range(10):
s741986602.py(29):                 new_dp[(j+digit)%D][True] += dp[j][True]
s741986602.py(30):                 if digit < K[i]:
s741986602.py(32):                 if digit == K[i]:
s741986602.py(34):                 new_dp[(j+digit)%D][False] %= modulo
s741986602.py(35):                 new_dp[(j+digit)%D][True] %= modulo
s741986602.py(28):             for digit in range(10):
s741986602.py(29):                 new_dp[(j+digit)%D][True] += dp[j][True]
s741986602.py(30):                 if digit < K[i]:
s741986602.py(32):                 if digit == K[i]:
s741986602.py(34):                 new_dp[(j+digit)%D][False] %= modulo
s741986602.py(35):                 new_dp[(j+digit)%D][True] %= modulo
s741986602.py(28):             for digit in range(10):
s741986602.py(29):                 new_dp[(j+digit)%D][True] += dp[j][True]
s741986602.py(30):                 if digit < K[i]:
s741986602.py(32):                 if digit == K[i]:
s741986602.py(34):                 new_dp[(j+digit)%D][False] %= modulo
s741986602.py(35):                 new_dp[(j+digit)%D][True] %= modulo
s741986602.py(28):             for digit in range(10):
s741986602.py(27):         for j in range(D):
s741986602.py(28):             for digit in range(10):
s741986602.py(29):                 new_dp[(j+digit)%D][True] += dp[j][True]
s741986602.py(30):                 if digit < K[i]:
s741986602.py(31):                     new_dp[(j+digit)%D][True] += dp[j][False]
s741986602.py(32):                 if digit == K[i]:
s741986602.py(34):                 new_dp[(j+digit)%D][False] %= modulo
s741986602.py(35):                 new_dp[(j+digit)%D][True] %= modulo
s741986602.py(28):             for digit in range(10):
s741986602.py(29):                 new_dp[(j+digit)%D][True] += dp[j][True]
s741986602.py(30):                 if digit < K[i]:
s741986602.py(31):                     new_dp[(j+digit)%D][True] += dp[j][False]
s741986602.py(32):                 if digit == K[i]:
s741986602.py(34):                 new_dp[(j+digit)%D][False] %= modulo
s741986602.py(35):                 new_dp[(j+digit)%D][True] %= modulo
s741986602.py(28):             for digit in range(10):
s741986602.py(29):                 new_dp[(j+digit)%D][True] += dp[j][True]
s741986602.py(30):                 if digit < K[i]:
s741986602.py(31):                     new_dp[(j+digit)%D][True] += dp[j][False]
s741986602.py(32):                 if digit == K[i]:
s741986602.py(34):                 new_dp[(j+digit)%D][False] %= modulo
s741986602.py(35):                 new_dp[(j+digit)%D][True] %= modulo
s741986602.py(28):             for digit in range(10):
s741986602.py(29):                 new_dp[(j+digit)%D][True] += dp[j][True]
s741986602.py(30):                 if digit < K[i]:
s741986602.py(32):                 if digit == K[i]:
s741986602.py(33):                     new_dp[(j+digit)%D][False] += dp[j][False]
s741986602.py(34):                 new_dp[(j+digit)%D][False] %= modulo
s741986602.py(35):                 new_dp[(j+digit)%D][True] %= modulo
s741986602.py(28):             for digit in range(10):
s741986602.py(29):                 new_dp[(j+digit)%D][True] += dp[j][True]
s741986602.py(30):                 if digit < K[i]:
s741986602.py(32):                 if digit == K[i]:
s741986602.py(34):                 new_dp[(j+digit)%D][False] %= modulo
s741986602.py(35):                 new_dp[(j+digit)%D][True] %= modulo
s741986602.py(28):             for digit in range(10):
s741986602.py(29):                 new_dp[(j+digit)%D][True] += dp[j][True]
s741986602.py(30):                 if digit < K[i]:
s741986602.py(32):                 if digit == K[i]:
s741986602.py(34):                 new_dp[(j+digit)%D][False] %= modulo
s741986602.py(35):                 new_dp[(j+digit)%D][True] %= modulo
s741986602.py(28):             for digit in range(10):
s741986602.py(29):                 new_dp[(j+digit)%D][True] += dp[j][True]
s741986602.py(30):                 if digit < K[i]:
s741986602.py(32):                 if digit == K[i]:
s741986602.py(34):                 new_dp[(j+digit)%D][False] %= modulo
s741986602.py(35):                 new_dp[(j+digit)%D][True] %= modulo
s741986602.py(28):             for digit in range(10):
s741986602.py(29):                 new_dp[(j+digit)%D][True] += dp[j][True]
s741986602.py(30):                 if digit < K[i]:
s741986602.py(32):                 if digit == K[i]:
s741986602.py(34):                 new_dp[(j+digit)%D][False] %= modulo
s741986602.py(35):                 new_dp[(j+digit)%D][True] %= modulo
s741986602.py(28):             for digit in range(10):
s741986602.py(29):                 new_dp[(j+digit)%D][True] += dp[j][True]
s741986602.py(30):                 if digit < K[i]:
s741986602.py(32):                 if digit == K[i]:
s741986602.py(34):                 new_dp[(j+digit)%D][False] %= modulo
s741986602.py(35):                 new_dp[(j+digit)%D][True] %= modulo
s741986602.py(28):             for digit in range(10):
s741986602.py(29):                 new_dp[(j+digit)%D][True] += dp[j][True]
s741986602.py(30):                 if digit < K[i]:
s741986602.py(32):                 if digit == K[i]:
s741986602.py(34):                 new_dp[(j+digit)%D][False] %= modulo
s741986602.py(35):                 new_dp[(j+digit)%D][True] %= modulo
s741986602.py(28):             for digit in range(10):
s741986602.py(27):         for j in range(D):
s741986602.py(28):             for digit in range(10):
s741986602.py(29):                 new_dp[(j+digit)%D][True] += dp[j][True]
s741986602.py(30):                 if digit < K[i]:
s741986602.py(31):                     new_dp[(j+digit)%D][True] += dp[j][False]
s741986602.py(32):                 if digit == K[i]:
s741986602.py(34):                 new_dp[(j+digit)%D][False] %= modulo
s741986602.py(35):                 new_dp[(j+digit)%D][True] %= modulo
s741986602.py(28):             for digit in range(10):
s741986602.py(29):                 new_dp[(j+digit)%D][True] += dp[j][True]
s741986602.py(30):                 if digit < K[i]:
s741986602.py(31):                     new_dp[(j+digit)%D][True] += dp[j][False]
s741986602.py(32):                 if digit == K[i]:
s741986602.py(34):                 new_dp[(j+digit)%D][False] %= modulo
s741986602.py(35):                 new_dp[(j+digit)%D][True] %= modulo
s741986602.py(28):             for digit in range(10):
s741986602.py(29):                 new_dp[(j+digit)%D][True] += dp[j][True]
s741986602.py(30):                 if digit < K[i]:
s741986602.py(31):                     new_dp[(j+digit)%D][True] += dp[j][False]
s741986602.py(32):                 if digit == K[i]:
s741986602.py(34):                 new_dp[(j+digit)%D][False] %= modulo
s741986602.py(35):                 new_dp[(j+digit)%D][True] %= modulo
s741986602.py(28):             for digit in range(10):
s741986602.py(29):                 new_dp[(j+digit)%D][True] += dp[j][True]
s741986602.py(30):                 if digit < K[i]:
s741986602.py(32):                 if digit == K[i]:
s741986602.py(33):                     new_dp[(j+digit)%D][False] += dp[j][False]
s741986602.py(34):                 new_dp[(j+digit)%D][False] %= modulo
s741986602.py(35):                 new_dp[(j+digit)%D][True] %= modulo
s741986602.py(28):             for digit in range(10):
s741986602.py(29):                 new_dp[(j+digit)%D][True] += dp[j][True]
s741986602.py(30):                 if digit < K[i]:
s741986602.py(32):                 if digit == K[i]:
s741986602.py(34):                 new_dp[(j+digit)%D][False] %= modulo
s741986602.py(35):                 new_dp[(j+digit)%D][True] %= modulo
s741986602.py(28):             for digit in range(10):
s741986602.py(29):                 new_dp[(j+digit)%D][True] += dp[j][True]
s741986602.py(30):                 if digit < K[i]:
s741986602.py(32):                 if digit == K[i]:
s741986602.py(34):                 new_dp[(j+digit)%D][False] %= modulo
s741986602.py(35):                 new_dp[(j+digit)%D][True] %= modulo
s741986602.py(28):             for digit in range(10):
s741986602.py(29):                 new_dp[(j+digit)%D][True] += dp[j][True]
s741986602.py(30):                 if digit < K[i]:
s741986602.py(32):                 if digit == K[i]:
s741986602.py(34):                 new_dp[(j+digit)%D][False] %= modulo
s741986602.py(35):                 new_dp[(j+digit)%D][True] %= modulo
s741986602.py(28):             for digit in range(10):
s741986602.py(29):                 new_dp[(j+digit)%D][True] += dp[j][True]
s741986602.py(30):                 if digit < K[i]:
s741986602.py(32):                 if digit == K[i]:
s741986602.py(34):                 new_dp[(j+digit)%D][False] %= modulo
s741986602.py(35):                 new_dp[(j+digit)%D][True] %= modulo
s741986602.py(28):             for digit in range(10):
s741986602.py(29):                 new_dp[(j+digit)%D][True] += dp[j][True]
s741986602.py(30):                 if digit < K[i]:
s741986602.py(32):                 if digit == K[i]:
s741986602.py(34):                 new_dp[(j+digit)%D][False] %= modulo
s741986602.py(35):                 new_dp[(j+digit)%D][True] %= modulo
s741986602.py(28):             for digit in range(10):
s741986602.py(29):                 new_dp[(j+digit)%D][True] += dp[j][True]
s741986602.py(30):                 if digit < K[i]:
s741986602.py(32):                 if digit == K[i]:
s741986602.py(34):                 new_dp[(j+digit)%D][False] %= modulo
s741986602.py(35):                 new_dp[(j+digit)%D][True] %= modulo
s741986602.py(28):             for digit in range(10):
s741986602.py(27):         for j in range(D):
s741986602.py(36):         dp = new_dp
s741986602.py(25):     for i in range(len(K)):
s741986602.py(26):         new_dp = [[0, 0] for _ in range(D)]
 --- modulename: s741986602, funcname: <listcomp>
s741986602.py(26):         new_dp = [[0, 0] for _ in range(D)]
s741986602.py(26):         new_dp = [[0, 0] for _ in range(D)]
s741986602.py(26):         new_dp = [[0, 0] for _ in range(D)]
s741986602.py(26):         new_dp = [[0, 0] for _ in range(D)]
s741986602.py(26):         new_dp = [[0, 0] for _ in range(D)]
s741986602.py(27):         for j in range(D):
s741986602.py(28):             for digit in range(10):
s741986602.py(29):                 new_dp[(j+digit)%D][True] += dp[j][True]
s741986602.py(30):                 if digit < K[i]:
s741986602.py(32):                 if digit == K[i]:
s741986602.py(33):                     new_dp[(j+digit)%D][False] += dp[j][False]
s741986602.py(34):                 new_dp[(j+digit)%D][False] %= modulo
s741986602.py(35):                 new_dp[(j+digit)%D][True] %= modulo
s741986602.py(28):             for digit in range(10):
s741986602.py(29):                 new_dp[(j+digit)%D][True] += dp[j][True]
s741986602.py(30):                 if digit < K[i]:
s741986602.py(32):                 if digit == K[i]:
s741986602.py(34):                 new_dp[(j+digit)%D][False] %= modulo
s741986602.py(35):                 new_dp[(j+digit)%D][True] %= modulo
s741986602.py(28):             for digit in range(10):
s741986602.py(29):                 new_dp[(j+digit)%D][True] += dp[j][True]
s741986602.py(30):                 if digit < K[i]:
s741986602.py(32):                 if digit == K[i]:
s741986602.py(34):                 new_dp[(j+digit)%D][False] %= modulo
s741986602.py(35):                 new_dp[(j+digit)%D][True] %= modulo
s741986602.py(28):             for digit in range(10):
s741986602.py(29):                 new_dp[(j+digit)%D][True] += dp[j][True]
s741986602.py(30):                 if digit < K[i]:
s741986602.py(32):                 if digit == K[i]:
s741986602.py(34):                 new_dp[(j+digit)%D][False] %= modulo
s741986602.py(35):                 new_dp[(j+digit)%D][True] %= modulo
s741986602.py(28):             for digit in range(10):
s741986602.py(29):                 new_dp[(j+digit)%D][True] += dp[j][True]
s741986602.py(30):                 if digit < K[i]:
s741986602.py(32):                 if digit == K[i]:
s741986602.py(34):                 new_dp[(j+digit)%D][False] %= modulo
s741986602.py(35):                 new_dp[(j+digit)%D][True] %= modulo
s741986602.py(28):             for digit in range(10):
s741986602.py(29):                 new_dp[(j+digit)%D][True] += dp[j][True]
s741986602.py(30):                 if digit < K[i]:
s741986602.py(32):                 if digit == K[i]:
s741986602.py(34):                 new_dp[(j+digit)%D][False] %= modulo
s741986602.py(35):                 new_dp[(j+digit)%D][True] %= modulo
s741986602.py(28):             for digit in range(10):
s741986602.py(29):                 new_dp[(j+digit)%D][True] += dp[j][True]
s741986602.py(30):                 if digit < K[i]:
s741986602.py(32):                 if digit == K[i]:
s741986602.py(34):                 new_dp[(j+digit)%D][False] %= modulo
s741986602.py(35):                 new_dp[(j+digit)%D][True] %= modulo
s741986602.py(28):             for digit in range(10):
s741986602.py(29):                 new_dp[(j+digit)%D][True] += dp[j][True]
s741986602.py(30):                 if digit < K[i]:
s741986602.py(32):                 if digit == K[i]:
s741986602.py(34):                 new_dp[(j+digit)%D][False] %= modulo
s741986602.py(35):                 new_dp[(j+digit)%D][True] %= modulo
s741986602.py(28):             for digit in range(10):
s741986602.py(29):                 new_dp[(j+digit)%D][True] += dp[j][True]
s741986602.py(30):                 if digit < K[i]:
s741986602.py(32):                 if digit == K[i]:
s741986602.py(34):                 new_dp[(j+digit)%D][False] %= modulo
s741986602.py(35):                 new_dp[(j+digit)%D][True] %= modulo
s741986602.py(28):             for digit in range(10):
s741986602.py(29):                 new_dp[(j+digit)%D][True] += dp[j][True]
s741986602.py(30):                 if digit < K[i]:
s741986602.py(32):                 if digit == K[i]:
s741986602.py(34):                 new_dp[(j+digit)%D][False] %= modulo
s741986602.py(35):                 new_dp[(j+digit)%D][True] %= modulo
s741986602.py(28):             for digit in range(10):
s741986602.py(27):         for j in range(D):
s741986602.py(28):             for digit in range(10):
s741986602.py(29):                 new_dp[(j+digit)%D][True] += dp[j][True]
s741986602.py(30):                 if digit < K[i]:
s741986602.py(32):                 if digit == K[i]:
s741986602.py(33):                     new_dp[(j+digit)%D][False] += dp[j][False]
s741986602.py(34):                 new_dp[(j+digit)%D][False] %= modulo
s741986602.py(35):                 new_dp[(j+digit)%D][True] %= modulo
s741986602.py(28):             for digit in range(10):
s741986602.py(29):                 new_dp[(j+digit)%D][True] += dp[j][True]
s741986602.py(30):                 if digit < K[i]:
s741986602.py(32):                 if digit == K[i]:
s741986602.py(34):                 new_dp[(j+digit)%D][False] %= modulo
s741986602.py(35):                 new_dp[(j+digit)%D][True] %= modulo
s741986602.py(28):             for digit in range(10):
s741986602.py(29):                 new_dp[(j+digit)%D][True] += dp[j][True]
s741986602.py(30):                 if digit < K[i]:
s741986602.py(32):                 if digit == K[i]:
s741986602.py(34):                 new_dp[(j+digit)%D][False] %= modulo
s741986602.py(35):                 new_dp[(j+digit)%D][True] %= modulo
s741986602.py(28):             for digit in range(10):
s741986602.py(29):                 new_dp[(j+digit)%D][True] += dp[j][True]
s741986602.py(30):                 if digit < K[i]:
s741986602.py(32):                 if digit == K[i]:
s741986602.py(34):                 new_dp[(j+digit)%D][False] %= modulo
s741986602.py(35):                 new_dp[(j+digit)%D][True] %= modulo
s741986602.py(28):             for digit in range(10):
s741986602.py(29):                 new_dp[(j+digit)%D][True] += dp[j][True]
s741986602.py(30):                 if digit < K[i]:
s741986602.py(32):                 if digit == K[i]:
s741986602.py(34):                 new_dp[(j+digit)%D][False] %= modulo
s741986602.py(35):                 new_dp[(j+digit)%D][True] %= modulo
s741986602.py(28):             for digit in range(10):
s741986602.py(29):                 new_dp[(j+digit)%D][True] += dp[j][True]
s741986602.py(30):                 if digit < K[i]:
s741986602.py(32):                 if digit == K[i]:
s741986602.py(34):                 new_dp[(j+digit)%D][False] %= modulo
s741986602.py(35):                 new_dp[(j+digit)%D][True] %= modulo
s741986602.py(28):             for digit in range(10):
s741986602.py(29):                 new_dp[(j+digit)%D][True] += dp[j][True]
s741986602.py(30):                 if digit < K[i]:
s741986602.py(32):                 if digit == K[i]:
s741986602.py(34):                 new_dp[(j+digit)%D][False] %= modulo
s741986602.py(35):                 new_dp[(j+digit)%D][True] %= modulo
s741986602.py(28):             for digit in range(10):
s741986602.py(29):                 new_dp[(j+digit)%D][True] += dp[j][True]
s741986602.py(30):                 if digit < K[i]:
s741986602.py(32):                 if digit == K[i]:
s741986602.py(34):                 new_dp[(j+digit)%D][False] %= modulo
s741986602.py(35):                 new_dp[(j+digit)%D][True] %= modulo
s741986602.py(28):             for digit in range(10):
s741986602.py(29):                 new_dp[(j+digit)%D][True] += dp[j][True]
s741986602.py(30):                 if digit < K[i]:
s741986602.py(32):                 if digit == K[i]:
s741986602.py(34):                 new_dp[(j+digit)%D][False] %= modulo
s741986602.py(35):                 new_dp[(j+digit)%D][True] %= modulo
s741986602.py(28):             for digit in range(10):
s741986602.py(29):                 new_dp[(j+digit)%D][True] += dp[j][True]
s741986602.py(30):                 if digit < K[i]:
s741986602.py(32):                 if digit == K[i]:
s741986602.py(34):                 new_dp[(j+digit)%D][False] %= modulo
s741986602.py(35):                 new_dp[(j+digit)%D][True] %= modulo
s741986602.py(28):             for digit in range(10):
s741986602.py(27):         for j in range(D):
s741986602.py(28):             for digit in range(10):
s741986602.py(29):                 new_dp[(j+digit)%D][True] += dp[j][True]
s741986602.py(30):                 if digit < K[i]:
s741986602.py(32):                 if digit == K[i]:
s741986602.py(33):                     new_dp[(j+digit)%D][False] += dp[j][False]
s741986602.py(34):                 new_dp[(j+digit)%D][False] %= modulo
s741986602.py(35):                 new_dp[(j+digit)%D][True] %= modulo
s741986602.py(28):             for digit in range(10):
s741986602.py(29):                 new_dp[(j+digit)%D][True] += dp[j][True]
s741986602.py(30):                 if digit < K[i]:
s741986602.py(32):                 if digit == K[i]:
s741986602.py(34):                 new_dp[(j+digit)%D][False] %= modulo
s741986602.py(35):                 new_dp[(j+digit)%D][True] %= modulo
s741986602.py(28):             for digit in range(10):
s741986602.py(29):                 new_dp[(j+digit)%D][True] += dp[j][True]
s741986602.py(30):                 if digit < K[i]:
s741986602.py(32):                 if digit == K[i]:
s741986602.py(34):                 new_dp[(j+digit)%D][False] %= modulo
s741986602.py(35):                 new_dp[(j+digit)%D][True] %= modulo
s741986602.py(28):             for digit in range(10):
s741986602.py(29):                 new_dp[(j+digit)%D][True] += dp[j][True]
s741986602.py(30):                 if digit < K[i]:
s741986602.py(32):                 if digit == K[i]:
s741986602.py(34):                 new_dp[(j+digit)%D][False] %= modulo
s741986602.py(35):                 new_dp[(j+digit)%D][True] %= modulo
s741986602.py(28):             for digit in range(10):
s741986602.py(29):                 new_dp[(j+digit)%D][True] += dp[j][True]
s741986602.py(30):                 if digit < K[i]:
s741986602.py(32):                 if digit == K[i]:
s741986602.py(34):                 new_dp[(j+digit)%D][False] %= modulo
s741986602.py(35):                 new_dp[(j+digit)%D][True] %= modulo
s741986602.py(28):             for digit in range(10):
s741986602.py(29):                 new_dp[(j+digit)%D][True] += dp[j][True]
s741986602.py(30):                 if digit < K[i]:
s741986602.py(32):                 if digit == K[i]:
s741986602.py(34):                 new_dp[(j+digit)%D][False] %= modulo
s741986602.py(35):                 new_dp[(j+digit)%D][True] %= modulo
s741986602.py(28):             for digit in range(10):
s741986602.py(29):                 new_dp[(j+digit)%D][True] += dp[j][True]
s741986602.py(30):                 if digit < K[i]:
s741986602.py(32):                 if digit == K[i]:
s741986602.py(34):                 new_dp[(j+digit)%D][False] %= modulo
s741986602.py(35):                 new_dp[(j+digit)%D][True] %= modulo
s741986602.py(28):             for digit in range(10):
s741986602.py(29):                 new_dp[(j+digit)%D][True] += dp[j][True]
s741986602.py(30):                 if digit < K[i]:
s741986602.py(32):                 if digit == K[i]:
s741986602.py(34):                 new_dp[(j+digit)%D][False] %= modulo
s741986602.py(35):                 new_dp[(j+digit)%D][True] %= modulo
s741986602.py(28):             for digit in range(10):
s741986602.py(29):                 new_dp[(j+digit)%D][True] += dp[j][True]
s741986602.py(30):                 if digit < K[i]:
s741986602.py(32):                 if digit == K[i]:
s741986602.py(34):                 new_dp[(j+digit)%D][False] %= modulo
s741986602.py(35):                 new_dp[(j+digit)%D][True] %= modulo
s741986602.py(28):             for digit in range(10):
s741986602.py(29):                 new_dp[(j+digit)%D][True] += dp[j][True]
s741986602.py(30):                 if digit < K[i]:
s741986602.py(32):                 if digit == K[i]:
s741986602.py(34):                 new_dp[(j+digit)%D][False] %= modulo
s741986602.py(35):                 new_dp[(j+digit)%D][True] %= modulo
s741986602.py(28):             for digit in range(10):
s741986602.py(27):         for j in range(D):
s741986602.py(28):             for digit in range(10):
s741986602.py(29):                 new_dp[(j+digit)%D][True] += dp[j][True]
s741986602.py(30):                 if digit < K[i]:
s741986602.py(32):                 if digit == K[i]:
s741986602.py(33):                     new_dp[(j+digit)%D][False] += dp[j][False]
s741986602.py(34):                 new_dp[(j+digit)%D][False] %= modulo
s741986602.py(35):                 new_dp[(j+digit)%D][True] %= modulo
s741986602.py(28):             for digit in range(10):
s741986602.py(29):                 new_dp[(j+digit)%D][True] += dp[j][True]
s741986602.py(30):                 if digit < K[i]:
s741986602.py(32):                 if digit == K[i]:
s741986602.py(34):                 new_dp[(j+digit)%D][False] %= modulo
s741986602.py(35):                 new_dp[(j+digit)%D][True] %= modulo
s741986602.py(28):             for digit in range(10):
s741986602.py(29):                 new_dp[(j+digit)%D][True] += dp[j][True]
s741986602.py(30):                 if digit < K[i]:
s741986602.py(32):                 if digit == K[i]:
s741986602.py(34):                 new_dp[(j+digit)%D][False] %= modulo
s741986602.py(35):                 new_dp[(j+digit)%D][True] %= modulo
s741986602.py(28):             for digit in range(10):
s741986602.py(29):                 new_dp[(j+digit)%D][True] += dp[j][True]
s741986602.py(30):                 if digit < K[i]:
s741986602.py(32):                 if digit == K[i]:
s741986602.py(34):                 new_dp[(j+digit)%D][False] %= modulo
s741986602.py(35):                 new_dp[(j+digit)%D][True] %= modulo
s741986602.py(28):             for digit in range(10):
s741986602.py(29):                 new_dp[(j+digit)%D][True] += dp[j][True]
s741986602.py(30):                 if digit < K[i]:
s741986602.py(32):                 if digit == K[i]:
s741986602.py(34):                 new_dp[(j+digit)%D][False] %= modulo
s741986602.py(35):                 new_dp[(j+digit)%D][True] %= modulo
s741986602.py(28):             for digit in range(10):
s741986602.py(29):                 new_dp[(j+digit)%D][True] += dp[j][True]
s741986602.py(30):                 if digit < K[i]:
s741986602.py(32):                 if digit == K[i]:
s741986602.py(34):                 new_dp[(j+digit)%D][False] %= modulo
s741986602.py(35):                 new_dp[(j+digit)%D][True] %= modulo
s741986602.py(28):             for digit in range(10):
s741986602.py(29):                 new_dp[(j+digit)%D][True] += dp[j][True]
s741986602.py(30):                 if digit < K[i]:
s741986602.py(32):                 if digit == K[i]:
s741986602.py(34):                 new_dp[(j+digit)%D][False] %= modulo
s741986602.py(35):                 new_dp[(j+digit)%D][True] %= modulo
s741986602.py(28):             for digit in range(10):
s741986602.py(29):                 new_dp[(j+digit)%D][True] += dp[j][True]
s741986602.py(30):                 if digit < K[i]:
s741986602.py(32):                 if digit == K[i]:
s741986602.py(34):                 new_dp[(j+digit)%D][False] %= modulo
s741986602.py(35):                 new_dp[(j+digit)%D][True] %= modulo
s741986602.py(28):             for digit in range(10):
s741986602.py(29):                 new_dp[(j+digit)%D][True] += dp[j][True]
s741986602.py(30):                 if digit < K[i]:
s741986602.py(32):                 if digit == K[i]:
s741986602.py(34):                 new_dp[(j+digit)%D][False] %= modulo
s741986602.py(35):                 new_dp[(j+digit)%D][True] %= modulo
s741986602.py(28):             for digit in range(10):
s741986602.py(29):                 new_dp[(j+digit)%D][True] += dp[j][True]
s741986602.py(30):                 if digit < K[i]:
s741986602.py(32):                 if digit == K[i]:
s741986602.py(34):                 new_dp[(j+digit)%D][False] %= modulo
s741986602.py(35):                 new_dp[(j+digit)%D][True] %= modulo
s741986602.py(28):             for digit in range(10):
s741986602.py(27):         for j in range(D):
s741986602.py(36):         dp = new_dp
s741986602.py(25):     for i in range(len(K)):
s741986602.py(37):     return (dp[0][0]+dp[0][1]-1)%modulo
6
