 --- modulename: s744243572, funcname: <module>
s744243572.py(1): import sys
s744243572.py(3): input_methods=['clipboard','file','key']
s744243572.py(4): using_method=0
s744243572.py(5): input_method=input_methods[using_method]
s744243572.py(7): tin=lambda : map(int, input().split())
s744243572.py(8): lin=lambda : list(tin())
s744243572.py(9): mod=1000000007
s744243572.py(13): def kotonaru_num(a, b):
s744243572.py(24): def main():
s744243572.py(40): isTest=False
s744243572.py(42): def pa(v):
s744243572.py(46): def input_clipboard():
s744243572.py(53): if __name__ == "__main__":
s744243572.py(54): 	if sys.platform =='ios':
s744243572.py(67): 	ret = main()
 --- modulename: s744243572, funcname: main
s744243572.py(27): 	s = input()	
 --- modulename: codecs, funcname: getstate
codecs.py(333):         return (self.buffer, 0)
 --- modulename: codecs, funcname: decode
codecs.py(321):         data = self.buffer + input
codecs.py(322):         (result, consumed) = self._buffer_decode(data, self.errors, final)
codecs.py(324):         self.buffer = data[consumed:]
codecs.py(325):         return result
s744243572.py(28): 	t = input()
s744243572.py(29): 	ret = mod
s744243572.py(30): 	for i in range(len(s) - len(t)+1):
s744243572.py(31): 		cc = s[i:i+len(t)]
s744243572.py(33): 		tr = kotonaru_num(cc, t)
 --- modulename: s744243572, funcname: kotonaru_num
s744243572.py(14): 	if len(a) != len(b):
s744243572.py(16): 	ret = 0
s744243572.py(17): 	for c, s in zip(a, b):
s744243572.py(18): 		if c != s:
s744243572.py(19): 			ret += 1
s744243572.py(17): 	for c, s in zip(a, b):
s744243572.py(18): 		if c != s:
s744243572.py(19): 			ret += 1
s744243572.py(17): 	for c, s in zip(a, b):
s744243572.py(18): 		if c != s:
s744243572.py(19): 			ret += 1
s744243572.py(17): 	for c, s in zip(a, b):
s744243572.py(21): 	return ret
s744243572.py(34): 		ret = min(ret, tr)
s744243572.py(30): 	for i in range(len(s) - len(t)+1):
s744243572.py(31): 		cc = s[i:i+len(t)]
s744243572.py(33): 		tr = kotonaru_num(cc, t)
 --- modulename: s744243572, funcname: kotonaru_num
s744243572.py(14): 	if len(a) != len(b):
s744243572.py(16): 	ret = 0
s744243572.py(17): 	for c, s in zip(a, b):
s744243572.py(18): 		if c != s:
s744243572.py(17): 	for c, s in zip(a, b):
s744243572.py(18): 		if c != s:
s744243572.py(17): 	for c, s in zip(a, b):
s744243572.py(18): 		if c != s:
s744243572.py(19): 			ret += 1
s744243572.py(17): 	for c, s in zip(a, b):
s744243572.py(21): 	return ret
s744243572.py(34): 		ret = min(ret, tr)
s744243572.py(30): 	for i in range(len(s) - len(t)+1):
s744243572.py(31): 		cc = s[i:i+len(t)]
s744243572.py(33): 		tr = kotonaru_num(cc, t)
 --- modulename: s744243572, funcname: kotonaru_num
s744243572.py(14): 	if len(a) != len(b):
s744243572.py(16): 	ret = 0
s744243572.py(17): 	for c, s in zip(a, b):
s744243572.py(18): 		if c != s:
s744243572.py(19): 			ret += 1
s744243572.py(17): 	for c, s in zip(a, b):
s744243572.py(18): 		if c != s:
s744243572.py(19): 			ret += 1
s744243572.py(17): 	for c, s in zip(a, b):
s744243572.py(18): 		if c != s:
s744243572.py(17): 	for c, s in zip(a, b):
s744243572.py(21): 	return ret
s744243572.py(34): 		ret = min(ret, tr)
s744243572.py(30): 	for i in range(len(s) - len(t)+1):
s744243572.py(31): 		cc = s[i:i+len(t)]
s744243572.py(33): 		tr = kotonaru_num(cc, t)
 --- modulename: s744243572, funcname: kotonaru_num
s744243572.py(14): 	if len(a) != len(b):
s744243572.py(16): 	ret = 0
s744243572.py(17): 	for c, s in zip(a, b):
s744243572.py(18): 		if c != s:
s744243572.py(17): 	for c, s in zip(a, b):
s744243572.py(18): 		if c != s:
s744243572.py(19): 			ret += 1
s744243572.py(17): 	for c, s in zip(a, b):
s744243572.py(18): 		if c != s:
s744243572.py(17): 	for c, s in zip(a, b):
s744243572.py(21): 	return ret
s744243572.py(34): 		ret = min(ret, tr)
s744243572.py(30): 	for i in range(len(s) - len(t)+1):
s744243572.py(35): 	print(ret)
1
s744243572.py(68): 	if ret is not None:
