 --- modulename: s530475098, funcname: <module>
s530475098.py(3): import sys
s530475098.py(4): from itertools import accumulate
s530475098.py(6): def input(): return sys.stdin.readline().strip()
s530475098.py(7): def list2d(a, b, c): return [[c] * b for i in range(a)]
s530475098.py(8): def list3d(a, b, c, d): return [[[d] * c for j in range(b)] for i in range(a)]
s530475098.py(9): def list4d(a, b, c, d, e): return [[[[e] * d for j in range(c)] for j in range(b)] for i in range(a)]
s530475098.py(10): def ceil(x, y=1): return int(-(-x // y))
s530475098.py(11): def INT(): return int(input())
s530475098.py(12): def MAP(): return map(int, input().split())
s530475098.py(13): def LIST(N=None): return list(MAP()) if N is None else [INT() for i in range(N)]
s530475098.py(14): def Yes(): print('Yes')
s530475098.py(15): def No(): print('No')
s530475098.py(16): def YES(): print('YES')
s530475098.py(17): def NO(): print('NO')
s530475098.py(18): sys.setrecursionlimit(10 ** 9)
s530475098.py(19): INF = 10 ** 18
s530475098.py(20): MOD = 10 ** 9 + 7
s530475098.py(22): N, K = MAP()
 --- modulename: s530475098, funcname: MAP
s530475098.py(12): def MAP(): return map(int, input().split())
 --- modulename: s530475098, funcname: input
s530475098.py(6): def input(): return sys.stdin.readline().strip()
 --- modulename: codecs, funcname: getstate
codecs.py(333):         return (self.buffer, 0)
 --- modulename: codecs, funcname: decode
codecs.py(321):         data = self.buffer + input
codecs.py(322):         (result, consumed) = self._buffer_decode(data, self.errors, final)
codecs.py(324):         self.buffer = data[consumed:]
codecs.py(325):         return result
s530475098.py(23): A = LIST()
 --- modulename: s530475098, funcname: LIST
s530475098.py(13): def LIST(N=None): return list(MAP()) if N is None else [INT() for i in range(N)]
 --- modulename: s530475098, funcname: MAP
s530475098.py(12): def MAP(): return map(int, input().split())
 --- modulename: s530475098, funcname: input
s530475098.py(6): def input(): return sys.stdin.readline().strip()
s530475098.py(25): B = [0] * N
s530475098.py(26): for i, a in enumerate(A):
s530475098.py(27):     if a > 0:
s530475098.py(26): for i, a in enumerate(A):
s530475098.py(27):     if a > 0:
s530475098.py(28):         B[i] = a
s530475098.py(26): for i, a in enumerate(A):
s530475098.py(27):     if a > 0:
s530475098.py(26): for i, a in enumerate(A):
s530475098.py(27):     if a > 0:
s530475098.py(28):         B[i] = a
s530475098.py(26): for i, a in enumerate(A):
s530475098.py(27):     if a > 0:
s530475098.py(26): for i, a in enumerate(A):
s530475098.py(30): acc = [0] + list(accumulate(A))
s530475098.py(31): acc2 = [0] + list(accumulate(B))
s530475098.py(32): acc2rev = [0] + list(accumulate(B[::-1]))[::-1] + [0]
s530475098.py(34): ans = -INF
s530475098.py(35): for i in range(1, N-K+2):
s530475098.py(36):     cnt = max(acc[i+K-1] - acc[i-1], 0)
s530475098.py(37):     cnt += acc2[i-1] + acc2rev[i+K]
s530475098.py(38):     ans = max(ans, cnt)
s530475098.py(35): for i in range(1, N-K+2):
s530475098.py(36):     cnt = max(acc[i+K-1] - acc[i-1], 0)
s530475098.py(37):     cnt += acc2[i-1] + acc2rev[i+K]
s530475098.py(38):     ans = max(ans, cnt)
s530475098.py(35): for i in range(1, N-K+2):
s530475098.py(36):     cnt = max(acc[i+K-1] - acc[i-1], 0)
s530475098.py(37):     cnt += acc2[i-1] + acc2rev[i+K]
s530475098.py(38):     ans = max(ans, cnt)
s530475098.py(35): for i in range(1, N-K+2):
s530475098.py(39): print(ans)
10
