 --- modulename: s530344595, funcname: <module>
s530344595.py(1): import sys
s530344595.py(4): def preorder(u):
s530344595.py(12): def inorder(u):
s530344595.py(20): def postorder(u):
s530344595.py(28): if __name__=="__main__":
s530344595.py(29):     NIL = -1
s530344595.py(30):     n = int(sys.stdin.readline())
 --- modulename: codecs, funcname: getstate
codecs.py(333):         return (self.buffer, 0)
 --- modulename: codecs, funcname: decode
codecs.py(321):         data = self.buffer + input
codecs.py(322):         (result, consumed) = self._buffer_decode(data, self.errors, final)
codecs.py(324):         self.buffer = data[consumed:]
codecs.py(325):         return result
s530344595.py(31):     TREE = [[NIL, NIL, NIL] for i in range(n)]
 --- modulename: s530344595, funcname: <listcomp>
s530344595.py(31):     TREE = [[NIL, NIL, NIL] for i in range(n)]
s530344595.py(31):     TREE = [[NIL, NIL, NIL] for i in range(n)]
s530344595.py(31):     TREE = [[NIL, NIL, NIL] for i in range(n)]
s530344595.py(31):     TREE = [[NIL, NIL, NIL] for i in range(n)]
s530344595.py(31):     TREE = [[NIL, NIL, NIL] for i in range(n)]
s530344595.py(31):     TREE = [[NIL, NIL, NIL] for i in range(n)]
s530344595.py(31):     TREE = [[NIL, NIL, NIL] for i in range(n)]
s530344595.py(31):     TREE = [[NIL, NIL, NIL] for i in range(n)]
s530344595.py(31):     TREE = [[NIL, NIL, NIL] for i in range(n)]
s530344595.py(31):     TREE = [[NIL, NIL, NIL] for i in range(n)]
s530344595.py(32):     root = set(range(n))
s530344595.py(33):     PRE = []
s530344595.py(34):     IN = []
s530344595.py(35):     POST = []
s530344595.py(36):     for inp in sys.stdin.readlines():
 --- modulename: codecs, funcname: decode
codecs.py(321):         data = self.buffer + input
codecs.py(322):         (result, consumed) = self._buffer_decode(data, self.errors, final)
codecs.py(324):         self.buffer = data[consumed:]
codecs.py(325):         return result
s530344595.py(37):         inp = list(map(int, inp.split()))
s530344595.py(38):         if inp[1] != NIL:
s530344595.py(39):             TREE[inp[0]][1] = inp[1]
s530344595.py(40):             TREE[inp[1]][0] = inp[1]
s530344595.py(41):         if inp[2] != NIL:
s530344595.py(42):             TREE[inp[0]][2] = inp[2]
s530344595.py(43):             TREE[inp[2]][0] = inp[2]
s530344595.py(44):         root -= set([inp[1], inp[2]])
s530344595.py(36):     for inp in sys.stdin.readlines():
s530344595.py(37):         inp = list(map(int, inp.split()))
s530344595.py(38):         if inp[1] != NIL:
s530344595.py(39):             TREE[inp[0]][1] = inp[1]
s530344595.py(40):             TREE[inp[1]][0] = inp[1]
s530344595.py(41):         if inp[2] != NIL:
s530344595.py(42):             TREE[inp[0]][2] = inp[2]
s530344595.py(43):             TREE[inp[2]][0] = inp[2]
s530344595.py(44):         root -= set([inp[1], inp[2]])
s530344595.py(36):     for inp in sys.stdin.readlines():
s530344595.py(37):         inp = list(map(int, inp.split()))
s530344595.py(38):         if inp[1] != NIL:
s530344595.py(41):         if inp[2] != NIL:
s530344595.py(44):         root -= set([inp[1], inp[2]])
s530344595.py(36):     for inp in sys.stdin.readlines():
s530344595.py(37):         inp = list(map(int, inp.split()))
s530344595.py(38):         if inp[1] != NIL:
s530344595.py(41):         if inp[2] != NIL:
s530344595.py(44):         root -= set([inp[1], inp[2]])
s530344595.py(36):     for inp in sys.stdin.readlines():
s530344595.py(37):         inp = list(map(int, inp.split()))
s530344595.py(38):         if inp[1] != NIL:
s530344595.py(39):             TREE[inp[0]][1] = inp[1]
s530344595.py(40):             TREE[inp[1]][0] = inp[1]
s530344595.py(41):         if inp[2] != NIL:
s530344595.py(42):             TREE[inp[0]][2] = inp[2]
s530344595.py(43):             TREE[inp[2]][0] = inp[2]
s530344595.py(44):         root -= set([inp[1], inp[2]])
s530344595.py(36):     for inp in sys.stdin.readlines():
s530344595.py(37):         inp = list(map(int, inp.split()))
s530344595.py(38):         if inp[1] != NIL:
s530344595.py(39):             TREE[inp[0]][1] = inp[1]
s530344595.py(40):             TREE[inp[1]][0] = inp[1]
s530344595.py(41):         if inp[2] != NIL:
s530344595.py(42):             TREE[inp[0]][2] = inp[2]
s530344595.py(43):             TREE[inp[2]][0] = inp[2]
s530344595.py(44):         root -= set([inp[1], inp[2]])
s530344595.py(36):     for inp in sys.stdin.readlines():
s530344595.py(37):         inp = list(map(int, inp.split()))
s530344595.py(38):         if inp[1] != NIL:
s530344595.py(41):         if inp[2] != NIL:
s530344595.py(44):         root -= set([inp[1], inp[2]])
s530344595.py(36):     for inp in sys.stdin.readlines():
s530344595.py(37):         inp = list(map(int, inp.split()))
s530344595.py(38):         if inp[1] != NIL:
s530344595.py(41):         if inp[2] != NIL:
s530344595.py(44):         root -= set([inp[1], inp[2]])
s530344595.py(36):     for inp in sys.stdin.readlines():
s530344595.py(37):         inp = list(map(int, inp.split()))
s530344595.py(38):         if inp[1] != NIL:
s530344595.py(41):         if inp[2] != NIL:
s530344595.py(44):         root -= set([inp[1], inp[2]])
s530344595.py(36):     for inp in sys.stdin.readlines():
s530344595.py(45):     a = root.pop()
s530344595.py(46):     preorder(a)
 --- modulename: s530344595, funcname: preorder
s530344595.py(5):     PRE.append(u)
s530344595.py(6):     if TREE[u][1] != NIL:
s530344595.py(7):         preorder(TREE[u][1])
 --- modulename: s530344595, funcname: preorder
s530344595.py(5):     PRE.append(u)
s530344595.py(6):     if TREE[u][1] != NIL:
s530344595.py(7):         preorder(TREE[u][1])
 --- modulename: s530344595, funcname: preorder
s530344595.py(5):     PRE.append(u)
s530344595.py(6):     if TREE[u][1] != NIL:
s530344595.py(8):     if TREE[u][2] != NIL:
s530344595.py(8):     if TREE[u][2] != NIL:
s530344595.py(9):         preorder(TREE[u][2])
 --- modulename: s530344595, funcname: preorder
s530344595.py(5):     PRE.append(u)
s530344595.py(6):     if TREE[u][1] != NIL:
s530344595.py(8):     if TREE[u][2] != NIL:
s530344595.py(8):     if TREE[u][2] != NIL:
s530344595.py(9):         preorder(TREE[u][2])
 --- modulename: s530344595, funcname: preorder
s530344595.py(5):     PRE.append(u)
s530344595.py(6):     if TREE[u][1] != NIL:
s530344595.py(7):         preorder(TREE[u][1])
 --- modulename: s530344595, funcname: preorder
s530344595.py(5):     PRE.append(u)
s530344595.py(6):     if TREE[u][1] != NIL:
s530344595.py(7):         preorder(TREE[u][1])
 --- modulename: s530344595, funcname: preorder
s530344595.py(5):     PRE.append(u)
s530344595.py(6):     if TREE[u][1] != NIL:
s530344595.py(8):     if TREE[u][2] != NIL:
s530344595.py(8):     if TREE[u][2] != NIL:
s530344595.py(9):         preorder(TREE[u][2])
 --- modulename: s530344595, funcname: preorder
s530344595.py(5):     PRE.append(u)
s530344595.py(6):     if TREE[u][1] != NIL:
s530344595.py(8):     if TREE[u][2] != NIL:
s530344595.py(8):     if TREE[u][2] != NIL:
s530344595.py(9):         preorder(TREE[u][2])
 --- modulename: s530344595, funcname: preorder
s530344595.py(5):     PRE.append(u)
s530344595.py(6):     if TREE[u][1] != NIL:
s530344595.py(8):     if TREE[u][2] != NIL:
s530344595.py(47):     inorder(a)
 --- modulename: s530344595, funcname: inorder
s530344595.py(13):     if TREE[u][1] != NIL:
s530344595.py(14):         inorder(TREE[u][1])
 --- modulename: s530344595, funcname: inorder
s530344595.py(13):     if TREE[u][1] != NIL:
s530344595.py(14):         inorder(TREE[u][1])
 --- modulename: s530344595, funcname: inorder
s530344595.py(13):     if TREE[u][1] != NIL:
s530344595.py(15):     IN.append(u)
s530344595.py(16):     if TREE[u][2] != NIL:
s530344595.py(15):     IN.append(u)
s530344595.py(16):     if TREE[u][2] != NIL:
s530344595.py(17):         inorder(TREE[u][2])
 --- modulename: s530344595, funcname: inorder
s530344595.py(13):     if TREE[u][1] != NIL:
s530344595.py(15):     IN.append(u)
s530344595.py(16):     if TREE[u][2] != NIL:
s530344595.py(15):     IN.append(u)
s530344595.py(16):     if TREE[u][2] != NIL:
s530344595.py(17):         inorder(TREE[u][2])
 --- modulename: s530344595, funcname: inorder
s530344595.py(13):     if TREE[u][1] != NIL:
s530344595.py(14):         inorder(TREE[u][1])
 --- modulename: s530344595, funcname: inorder
s530344595.py(13):     if TREE[u][1] != NIL:
s530344595.py(14):         inorder(TREE[u][1])
 --- modulename: s530344595, funcname: inorder
s530344595.py(13):     if TREE[u][1] != NIL:
s530344595.py(15):     IN.append(u)
s530344595.py(16):     if TREE[u][2] != NIL:
s530344595.py(15):     IN.append(u)
s530344595.py(16):     if TREE[u][2] != NIL:
s530344595.py(17):         inorder(TREE[u][2])
 --- modulename: s530344595, funcname: inorder
s530344595.py(13):     if TREE[u][1] != NIL:
s530344595.py(15):     IN.append(u)
s530344595.py(16):     if TREE[u][2] != NIL:
s530344595.py(15):     IN.append(u)
s530344595.py(16):     if TREE[u][2] != NIL:
s530344595.py(17):         inorder(TREE[u][2])
 --- modulename: s530344595, funcname: inorder
s530344595.py(13):     if TREE[u][1] != NIL:
s530344595.py(15):     IN.append(u)
s530344595.py(16):     if TREE[u][2] != NIL:
s530344595.py(48):     postorder(a)
 --- modulename: s530344595, funcname: postorder
s530344595.py(21):     if TREE[u][1] != NIL:
s530344595.py(22):         postorder(TREE[u][1])
 --- modulename: s530344595, funcname: postorder
s530344595.py(21):     if TREE[u][1] != NIL:
s530344595.py(22):         postorder(TREE[u][1])
 --- modulename: s530344595, funcname: postorder
s530344595.py(21):     if TREE[u][1] != NIL:
s530344595.py(23):     if TREE[u][2] != NIL:
s530344595.py(25):     POST.append(u)
s530344595.py(23):     if TREE[u][2] != NIL:
s530344595.py(24):         postorder(TREE[u][2])
 --- modulename: s530344595, funcname: postorder
s530344595.py(21):     if TREE[u][1] != NIL:
s530344595.py(23):     if TREE[u][2] != NIL:
s530344595.py(25):     POST.append(u)
s530344595.py(25):     POST.append(u)
s530344595.py(23):     if TREE[u][2] != NIL:
s530344595.py(24):         postorder(TREE[u][2])
 --- modulename: s530344595, funcname: postorder
s530344595.py(21):     if TREE[u][1] != NIL:
s530344595.py(22):         postorder(TREE[u][1])
 --- modulename: s530344595, funcname: postorder
s530344595.py(21):     if TREE[u][1] != NIL:
s530344595.py(22):         postorder(TREE[u][1])
 --- modulename: s530344595, funcname: postorder
s530344595.py(21):     if TREE[u][1] != NIL:
s530344595.py(23):     if TREE[u][2] != NIL:
s530344595.py(25):     POST.append(u)
s530344595.py(23):     if TREE[u][2] != NIL:
s530344595.py(24):         postorder(TREE[u][2])
 --- modulename: s530344595, funcname: postorder
s530344595.py(21):     if TREE[u][1] != NIL:
s530344595.py(23):     if TREE[u][2] != NIL:
s530344595.py(25):     POST.append(u)
s530344595.py(25):     POST.append(u)
s530344595.py(23):     if TREE[u][2] != NIL:
s530344595.py(24):         postorder(TREE[u][2])
 --- modulename: s530344595, funcname: postorder
s530344595.py(21):     if TREE[u][1] != NIL:
s530344595.py(23):     if TREE[u][2] != NIL:
s530344595.py(25):     POST.append(u)
s530344595.py(25):     POST.append(u)
s530344595.py(25):     POST.append(u)
s530344595.py(49):     print("Preorder")
Preorder
s530344595.py(50):     print(" " + " ".join(map(str, PRE)))
 0 1 2 3 4 5 6 7 8
s530344595.py(51):     print("Inorder")
Inorder
s530344595.py(52):     print(" " + " ".join(map(str, IN)))
 2 1 3 0 6 5 7 4 8
s530344595.py(53):     print("Postorder")
Postorder
s530344595.py(54):     print(" " + " ".join(map(str, POST)))
 2 3 1 6 7 5 8 4 0
