 --- modulename: s532750645, funcname: <module>
s532750645.py(4): import sys
s532750645.py(5): input = sys.stdin.readline
s532750645.py(7): INF = 10**18
s532750645.py(9): H, W = map(int, input().split())
 --- modulename: codecs, funcname: getstate
codecs.py(333):         return (self.buffer, 0)
 --- modulename: codecs, funcname: decode
codecs.py(321):         data = self.buffer + input
codecs.py(322):         (result, consumed) = self._buffer_decode(data, self.errors, final)
codecs.py(324):         self.buffer = data[consumed:]
codecs.py(325):         return result
s532750645.py(10): V = H+W
s532750645.py(13): def make():
s532750645.py(40): def dfs2(start, finish, graph):
s532750645.py(65): def max_flow(start, finish, graph):
s532750645.py(73): def main():
s532750645.py(83): if __name__ == "__main__":
s532750645.py(84):     main()
 --- modulename: s532750645, funcname: main
s532750645.py(74):     graph, start, finish = make()
 --- modulename: s532750645, funcname: make
s532750645.py(14):     state = [list(input().rstrip()) for _ in range(H)]
 --- modulename: s532750645, funcname: <listcomp>
s532750645.py(14):     state = [list(input().rstrip()) for _ in range(H)]
s532750645.py(14):     state = [list(input().rstrip()) for _ in range(H)]
s532750645.py(14):     state = [list(input().rstrip()) for _ in range(H)]
s532750645.py(14):     state = [list(input().rstrip()) for _ in range(H)]
s532750645.py(15):     graph = [{} for _ in range(V+2)]
 --- modulename: s532750645, funcname: <listcomp>
s532750645.py(15):     graph = [{} for _ in range(V+2)]
s532750645.py(15):     graph = [{} for _ in range(V+2)]
s532750645.py(15):     graph = [{} for _ in range(V+2)]
s532750645.py(15):     graph = [{} for _ in range(V+2)]
s532750645.py(15):     graph = [{} for _ in range(V+2)]
s532750645.py(15):     graph = [{} for _ in range(V+2)]
s532750645.py(15):     graph = [{} for _ in range(V+2)]
s532750645.py(15):     graph = [{} for _ in range(V+2)]
s532750645.py(15):     graph = [{} for _ in range(V+2)]
s532750645.py(17):     start = V
s532750645.py(18):     finish = V+1
s532750645.py(20):     for h in range(H):
s532750645.py(21):         for w in range(W):
s532750645.py(22):             u, v = h, w+H
s532750645.py(23):             if state[h][w] == "o":
s532750645.py(26):             if state[h][w] == "S":
s532750645.py(27):                 graph[v][start] = INF
s532750645.py(28):                 graph[start][v] = INF
s532750645.py(29):                 graph[u][start] = INF
s532750645.py(30):                 graph[start][u] = INF
s532750645.py(31):             if state[h][w] == "T":
s532750645.py(21):         for w in range(W):
s532750645.py(22):             u, v = h, w+H
s532750645.py(23):             if state[h][w] == "o":
s532750645.py(26):             if state[h][w] == "S":
s532750645.py(31):             if state[h][w] == "T":
s532750645.py(21):         for w in range(W):
s532750645.py(22):             u, v = h, w+H
s532750645.py(23):             if state[h][w] == "o":
s532750645.py(24):                 graph[u][v] = 1
s532750645.py(25):                 graph[v][u] = 1
s532750645.py(26):             if state[h][w] == "S":
s532750645.py(31):             if state[h][w] == "T":
s532750645.py(21):         for w in range(W):
s532750645.py(20):     for h in range(H):
s532750645.py(21):         for w in range(W):
s532750645.py(22):             u, v = h, w+H
s532750645.py(23):             if state[h][w] == "o":
s532750645.py(26):             if state[h][w] == "S":
s532750645.py(31):             if state[h][w] == "T":
s532750645.py(21):         for w in range(W):
s532750645.py(22):             u, v = h, w+H
s532750645.py(23):             if state[h][w] == "o":
s532750645.py(24):                 graph[u][v] = 1
s532750645.py(25):                 graph[v][u] = 1
s532750645.py(26):             if state[h][w] == "S":
s532750645.py(31):             if state[h][w] == "T":
s532750645.py(21):         for w in range(W):
s532750645.py(22):             u, v = h, w+H
s532750645.py(23):             if state[h][w] == "o":
s532750645.py(26):             if state[h][w] == "S":
s532750645.py(31):             if state[h][w] == "T":
s532750645.py(21):         for w in range(W):
s532750645.py(20):     for h in range(H):
s532750645.py(21):         for w in range(W):
s532750645.py(22):             u, v = h, w+H
s532750645.py(23):             if state[h][w] == "o":
s532750645.py(24):                 graph[u][v] = 1
s532750645.py(25):                 graph[v][u] = 1
s532750645.py(26):             if state[h][w] == "S":
s532750645.py(31):             if state[h][w] == "T":
s532750645.py(21):         for w in range(W):
s532750645.py(22):             u, v = h, w+H
s532750645.py(23):             if state[h][w] == "o":
s532750645.py(26):             if state[h][w] == "S":
s532750645.py(31):             if state[h][w] == "T":
s532750645.py(21):         for w in range(W):
s532750645.py(22):             u, v = h, w+H
s532750645.py(23):             if state[h][w] == "o":
s532750645.py(26):             if state[h][w] == "S":
s532750645.py(31):             if state[h][w] == "T":
s532750645.py(32):                 graph[u][finish] = INF
s532750645.py(33):                 graph[finish][u] = INF
s532750645.py(34):                 graph[v][finish] = INF
s532750645.py(35):                 graph[finish][v] = INF
s532750645.py(21):         for w in range(W):
s532750645.py(20):     for h in range(H):
s532750645.py(37):     return graph, start, finish
s532750645.py(75):     ans = max_flow(start, finish, graph)
 --- modulename: s532750645, funcname: max_flow
s532750645.py(66):     flow = 0
s532750645.py(68):         f, graph = dfs2(start, finish, graph)
 --- modulename: s532750645, funcname: dfs2
s532750645.py(41):     Flow = [INF]*len(graph)
s532750645.py(42):     used = [False]*len(graph)
s532750645.py(43):     Par = [-1]*len(graph)
s532750645.py(44):     stack = [start]
s532750645.py(45):     used[start] = True
s532750645.py(46):     while stack:
s532750645.py(47):         v = stack.pop()
s532750645.py(48):         if v == finish:
s532750645.py(56):         for i, (nv, ncap) in enumerate(graph[v].items()):
s532750645.py(57):             if not used[nv] and ncap > 0:
s532750645.py(58):                 used[nv] = True
s532750645.py(59):                 stack.append(nv)
s532750645.py(60):                 Par[nv] = v
s532750645.py(61):                 Flow[nv] = min(Flow[v], ncap)
s532750645.py(56):         for i, (nv, ncap) in enumerate(graph[v].items()):
s532750645.py(57):             if not used[nv] and ncap > 0:
s532750645.py(58):                 used[nv] = True
s532750645.py(59):                 stack.append(nv)
s532750645.py(60):                 Par[nv] = v
s532750645.py(61):                 Flow[nv] = min(Flow[v], ncap)
s532750645.py(56):         for i, (nv, ncap) in enumerate(graph[v].items()):
s532750645.py(46):     while stack:
s532750645.py(47):         v = stack.pop()
s532750645.py(48):         if v == finish:
s532750645.py(56):         for i, (nv, ncap) in enumerate(graph[v].items()):
s532750645.py(57):             if not used[nv] and ncap > 0:
s532750645.py(56):         for i, (nv, ncap) in enumerate(graph[v].items()):
s532750645.py(57):             if not used[nv] and ncap > 0:
s532750645.py(58):                 used[nv] = True
s532750645.py(59):                 stack.append(nv)
s532750645.py(60):                 Par[nv] = v
s532750645.py(61):                 Flow[nv] = min(Flow[v], ncap)
s532750645.py(56):         for i, (nv, ncap) in enumerate(graph[v].items()):
s532750645.py(46):     while stack:
s532750645.py(47):         v = stack.pop()
s532750645.py(48):         if v == finish:
s532750645.py(56):         for i, (nv, ncap) in enumerate(graph[v].items()):
s532750645.py(57):             if not used[nv] and ncap > 0:
s532750645.py(56):         for i, (nv, ncap) in enumerate(graph[v].items()):
s532750645.py(57):             if not used[nv] and ncap > 0:
s532750645.py(58):                 used[nv] = True
s532750645.py(59):                 stack.append(nv)
s532750645.py(60):                 Par[nv] = v
s532750645.py(61):                 Flow[nv] = min(Flow[v], ncap)
s532750645.py(56):         for i, (nv, ncap) in enumerate(graph[v].items()):
s532750645.py(46):     while stack:
s532750645.py(47):         v = stack.pop()
s532750645.py(48):         if v == finish:
s532750645.py(49):             d = Flow[v]
s532750645.py(50):             while v != start:
s532750645.py(51):                 nv = Par[v]
s532750645.py(52):                 graph[nv][v] -= d
s532750645.py(53):                 graph[v][nv] += d
s532750645.py(54):                 v = nv
s532750645.py(50):             while v != start:
s532750645.py(51):                 nv = Par[v]
s532750645.py(52):                 graph[nv][v] -= d
s532750645.py(53):                 graph[v][nv] += d
s532750645.py(54):                 v = nv
s532750645.py(50):             while v != start:
s532750645.py(51):                 nv = Par[v]
s532750645.py(52):                 graph[nv][v] -= d
s532750645.py(53):                 graph[v][nv] += d
s532750645.py(54):                 v = nv
s532750645.py(50):             while v != start:
s532750645.py(55):             return d, graph
s532750645.py(69):         if f == 0: return flow
s532750645.py(70):         flow += f
s532750645.py(68):         f, graph = dfs2(start, finish, graph)
 --- modulename: s532750645, funcname: dfs2
s532750645.py(41):     Flow = [INF]*len(graph)
s532750645.py(42):     used = [False]*len(graph)
s532750645.py(43):     Par = [-1]*len(graph)
s532750645.py(44):     stack = [start]
s532750645.py(45):     used[start] = True
s532750645.py(46):     while stack:
s532750645.py(47):         v = stack.pop()
s532750645.py(48):         if v == finish:
s532750645.py(56):         for i, (nv, ncap) in enumerate(graph[v].items()):
s532750645.py(57):             if not used[nv] and ncap > 0:
s532750645.py(58):                 used[nv] = True
s532750645.py(59):                 stack.append(nv)
s532750645.py(60):                 Par[nv] = v
s532750645.py(61):                 Flow[nv] = min(Flow[v], ncap)
s532750645.py(56):         for i, (nv, ncap) in enumerate(graph[v].items()):
s532750645.py(57):             if not used[nv] and ncap > 0:
s532750645.py(58):                 used[nv] = True
s532750645.py(59):                 stack.append(nv)
s532750645.py(60):                 Par[nv] = v
s532750645.py(61):                 Flow[nv] = min(Flow[v], ncap)
s532750645.py(56):         for i, (nv, ncap) in enumerate(graph[v].items()):
s532750645.py(46):     while stack:
s532750645.py(47):         v = stack.pop()
s532750645.py(48):         if v == finish:
s532750645.py(56):         for i, (nv, ncap) in enumerate(graph[v].items()):
s532750645.py(57):             if not used[nv] and ncap > 0:
s532750645.py(56):         for i, (nv, ncap) in enumerate(graph[v].items()):
s532750645.py(57):             if not used[nv] and ncap > 0:
s532750645.py(56):         for i, (nv, ncap) in enumerate(graph[v].items()):
s532750645.py(46):     while stack:
s532750645.py(47):         v = stack.pop()
s532750645.py(48):         if v == finish:
s532750645.py(56):         for i, (nv, ncap) in enumerate(graph[v].items()):
s532750645.py(57):             if not used[nv] and ncap > 0:
s532750645.py(56):         for i, (nv, ncap) in enumerate(graph[v].items()):
s532750645.py(57):             if not used[nv] and ncap > 0:
s532750645.py(58):                 used[nv] = True
s532750645.py(59):                 stack.append(nv)
s532750645.py(60):                 Par[nv] = v
s532750645.py(61):                 Flow[nv] = min(Flow[v], ncap)
s532750645.py(56):         for i, (nv, ncap) in enumerate(graph[v].items()):
s532750645.py(46):     while stack:
s532750645.py(47):         v = stack.pop()
s532750645.py(48):         if v == finish:
s532750645.py(56):         for i, (nv, ncap) in enumerate(graph[v].items()):
s532750645.py(57):             if not used[nv] and ncap > 0:
s532750645.py(56):         for i, (nv, ncap) in enumerate(graph[v].items()):
s532750645.py(57):             if not used[nv] and ncap > 0:
s532750645.py(58):                 used[nv] = True
s532750645.py(59):                 stack.append(nv)
s532750645.py(60):                 Par[nv] = v
s532750645.py(61):                 Flow[nv] = min(Flow[v], ncap)
s532750645.py(56):         for i, (nv, ncap) in enumerate(graph[v].items()):
s532750645.py(46):     while stack:
s532750645.py(47):         v = stack.pop()
s532750645.py(48):         if v == finish:
s532750645.py(49):             d = Flow[v]
s532750645.py(50):             while v != start:
s532750645.py(51):                 nv = Par[v]
s532750645.py(52):                 graph[nv][v] -= d
s532750645.py(53):                 graph[v][nv] += d
s532750645.py(54):                 v = nv
s532750645.py(50):             while v != start:
s532750645.py(51):                 nv = Par[v]
s532750645.py(52):                 graph[nv][v] -= d
s532750645.py(53):                 graph[v][nv] += d
s532750645.py(54):                 v = nv
s532750645.py(50):             while v != start:
s532750645.py(51):                 nv = Par[v]
s532750645.py(52):                 graph[nv][v] -= d
s532750645.py(53):                 graph[v][nv] += d
s532750645.py(54):                 v = nv
s532750645.py(50):             while v != start:
s532750645.py(55):             return d, graph
s532750645.py(69):         if f == 0: return flow
s532750645.py(70):         flow += f
s532750645.py(68):         f, graph = dfs2(start, finish, graph)
 --- modulename: s532750645, funcname: dfs2
s532750645.py(41):     Flow = [INF]*len(graph)
s532750645.py(42):     used = [False]*len(graph)
s532750645.py(43):     Par = [-1]*len(graph)
s532750645.py(44):     stack = [start]
s532750645.py(45):     used[start] = True
s532750645.py(46):     while stack:
s532750645.py(47):         v = stack.pop()
s532750645.py(48):         if v == finish:
s532750645.py(56):         for i, (nv, ncap) in enumerate(graph[v].items()):
s532750645.py(57):             if not used[nv] and ncap > 0:
s532750645.py(58):                 used[nv] = True
s532750645.py(59):                 stack.append(nv)
s532750645.py(60):                 Par[nv] = v
s532750645.py(61):                 Flow[nv] = min(Flow[v], ncap)
s532750645.py(56):         for i, (nv, ncap) in enumerate(graph[v].items()):
s532750645.py(57):             if not used[nv] and ncap > 0:
s532750645.py(58):                 used[nv] = True
s532750645.py(59):                 stack.append(nv)
s532750645.py(60):                 Par[nv] = v
s532750645.py(61):                 Flow[nv] = min(Flow[v], ncap)
s532750645.py(56):         for i, (nv, ncap) in enumerate(graph[v].items()):
s532750645.py(46):     while stack:
s532750645.py(47):         v = stack.pop()
s532750645.py(48):         if v == finish:
s532750645.py(56):         for i, (nv, ncap) in enumerate(graph[v].items()):
s532750645.py(57):             if not used[nv] and ncap > 0:
s532750645.py(56):         for i, (nv, ncap) in enumerate(graph[v].items()):
s532750645.py(57):             if not used[nv] and ncap > 0:
s532750645.py(56):         for i, (nv, ncap) in enumerate(graph[v].items()):
s532750645.py(46):     while stack:
s532750645.py(47):         v = stack.pop()
s532750645.py(48):         if v == finish:
s532750645.py(56):         for i, (nv, ncap) in enumerate(graph[v].items()):
s532750645.py(57):             if not used[nv] and ncap > 0:
s532750645.py(56):         for i, (nv, ncap) in enumerate(graph[v].items()):
s532750645.py(57):             if not used[nv] and ncap > 0:
s532750645.py(56):         for i, (nv, ncap) in enumerate(graph[v].items()):
s532750645.py(46):     while stack:
s532750645.py(62):     return 0, graph
s532750645.py(69):         if f == 0: return flow
s532750645.py(77):     if ans > INF//2:
s532750645.py(80):         print(ans)
2
