 --- modulename: s533184857, funcname: <module>
s533184857.py(1): class UnionFindNode(object):
 --- modulename: s533184857, funcname: UnionFindNode
s533184857.py(1): class UnionFindNode(object):
s533184857.py(2):     """
s533184857.py(7):     def __init__(self, group_id, parent=None, value=None):
s533184857.py(13):     def __str__(self):
s533184857.py(17):     def is_root(self):
s533184857.py(20):     def root(self):
s533184857.py(27):     def find(self):
s533184857.py(31):     def size(self):
s533184857.py(35):     def unite(self, unite_node):
s533184857.py(47):     def same(self, node):
s533184857.py(51): n = int(input())
 --- modulename: codecs, funcname: getstate
codecs.py(333):         return (self.buffer, 0)
 --- modulename: codecs, funcname: decode
codecs.py(321):         data = self.buffer + input
codecs.py(322):         (result, consumed) = self._buffer_decode(data, self.errors, final)
codecs.py(324):         self.buffer = data[consumed:]
codecs.py(325):         return result
s533184857.py(52): a = list(map(int, input().split()))
s533184857.py(53): b = list(map(int, input().split()))
s533184857.py(54): l = list(zip(a, b))
s533184857.py(55): l.sort(key=lambda x: x[1])
 --- modulename: s533184857, funcname: <lambda>
s533184857.py(55): l.sort(key=lambda x: x[1])
 --- modulename: s533184857, funcname: <lambda>
s533184857.py(55): l.sort(key=lambda x: x[1])
 --- modulename: s533184857, funcname: <lambda>
s533184857.py(55): l.sort(key=lambda x: x[1])
s533184857.py(56): a.sort()
s533184857.py(57): d = dict()
s533184857.py(58): for i, x in enumerate(a):
s533184857.py(59):     d[x] = i
s533184857.py(58): for i, x in enumerate(a):
s533184857.py(59):     d[x] = i
s533184857.py(58): for i, x in enumerate(a):
s533184857.py(59):     d[x] = i
s533184857.py(58): for i, x in enumerate(a):
s533184857.py(60): b.sort()
s533184857.py(61): for i in range(n):
s533184857.py(62):     if a[i] > b[i]:
s533184857.py(61): for i in range(n):
s533184857.py(62):     if a[i] > b[i]:
s533184857.py(61): for i in range(n):
s533184857.py(62):     if a[i] > b[i]:
s533184857.py(61): for i in range(n):
s533184857.py(65): for i in range(n - 1):
s533184857.py(66):     if a[i + 1] <= b[i]:
s533184857.py(65): for i in range(n - 1):
s533184857.py(66):     if a[i + 1] <= b[i]:
s533184857.py(65): for i in range(n - 1):
s533184857.py(69): uf = [UnionFindNode(i) for i in range(n)]
 --- modulename: s533184857, funcname: <listcomp>
s533184857.py(69): uf = [UnionFindNode(i) for i in range(n)]
 --- modulename: s533184857, funcname: __init__
s533184857.py(8):         self.group_id_ = group_id
s533184857.py(9):         self.parent_ = parent
s533184857.py(10):         self.value = value
s533184857.py(11):         self.size_ = 1
s533184857.py(69): uf = [UnionFindNode(i) for i in range(n)]
 --- modulename: s533184857, funcname: __init__
s533184857.py(8):         self.group_id_ = group_id
s533184857.py(9):         self.parent_ = parent
s533184857.py(10):         self.value = value
s533184857.py(11):         self.size_ = 1
s533184857.py(69): uf = [UnionFindNode(i) for i in range(n)]
 --- modulename: s533184857, funcname: __init__
s533184857.py(8):         self.group_id_ = group_id
s533184857.py(9):         self.parent_ = parent
s533184857.py(10):         self.value = value
s533184857.py(11):         self.size_ = 1
s533184857.py(69): uf = [UnionFindNode(i) for i in range(n)]
s533184857.py(70): al = [d[x[0]] for x in l]
 --- modulename: s533184857, funcname: <listcomp>
s533184857.py(70): al = [d[x[0]] for x in l]
s533184857.py(70): al = [d[x[0]] for x in l]
s533184857.py(70): al = [d[x[0]] for x in l]
s533184857.py(70): al = [d[x[0]] for x in l]
s533184857.py(71): for i in range(n):
s533184857.py(72):     uf[i].unite(uf[al[i]])
 --- modulename: s533184857, funcname: unite
s533184857.py(36):         parent = self.root()
 --- modulename: s533184857, funcname: root
s533184857.py(21):         parent = self
s533184857.py(22):         while not parent.is_root():
 --- modulename: s533184857, funcname: is_root
s533184857.py(18):         return not self.parent_
s533184857.py(25):         return parent
s533184857.py(37):         unite_parent = unite_node.root()
 --- modulename: s533184857, funcname: root
s533184857.py(21):         parent = self
s533184857.py(22):         while not parent.is_root():
 --- modulename: s533184857, funcname: is_root
s533184857.py(18):         return not self.parent_
s533184857.py(25):         return parent
s533184857.py(39):         if parent.group_id_ != unite_parent.group_id_:
s533184857.py(71): for i in range(n):
s533184857.py(72):     uf[i].unite(uf[al[i]])
 --- modulename: s533184857, funcname: unite
s533184857.py(36):         parent = self.root()
 --- modulename: s533184857, funcname: root
s533184857.py(21):         parent = self
s533184857.py(22):         while not parent.is_root():
 --- modulename: s533184857, funcname: is_root
s533184857.py(18):         return not self.parent_
s533184857.py(25):         return parent
s533184857.py(37):         unite_parent = unite_node.root()
 --- modulename: s533184857, funcname: root
s533184857.py(21):         parent = self
s533184857.py(22):         while not parent.is_root():
 --- modulename: s533184857, funcname: is_root
s533184857.py(18):         return not self.parent_
s533184857.py(25):         return parent
s533184857.py(39):         if parent.group_id_ != unite_parent.group_id_:
s533184857.py(40):             if parent.size() > unite_parent.size():
 --- modulename: s533184857, funcname: size
s533184857.py(32):         parent = self.root()
 --- modulename: s533184857, funcname: root
s533184857.py(21):         parent = self
s533184857.py(22):         while not parent.is_root():
 --- modulename: s533184857, funcname: is_root
s533184857.py(18):         return not self.parent_
s533184857.py(25):         return parent
s533184857.py(33):         return parent.size_
 --- modulename: s533184857, funcname: size
s533184857.py(32):         parent = self.root()
 --- modulename: s533184857, funcname: root
s533184857.py(21):         parent = self
s533184857.py(22):         while not parent.is_root():
 --- modulename: s533184857, funcname: is_root
s533184857.py(18):         return not self.parent_
s533184857.py(25):         return parent
s533184857.py(33):         return parent.size_
s533184857.py(44):                 parent.parent_ = unite_parent
s533184857.py(45):                 unite_parent.size_ = parent.size_ + unite_parent.size_
s533184857.py(71): for i in range(n):
s533184857.py(72):     uf[i].unite(uf[al[i]])
 --- modulename: s533184857, funcname: unite
s533184857.py(36):         parent = self.root()
 --- modulename: s533184857, funcname: root
s533184857.py(21):         parent = self
s533184857.py(22):         while not parent.is_root():
 --- modulename: s533184857, funcname: is_root
s533184857.py(18):         return not self.parent_
s533184857.py(25):         return parent
s533184857.py(37):         unite_parent = unite_node.root()
 --- modulename: s533184857, funcname: root
s533184857.py(21):         parent = self
s533184857.py(22):         while not parent.is_root():
 --- modulename: s533184857, funcname: is_root
s533184857.py(18):         return not self.parent_
s533184857.py(23):             parent = parent.parent_
s533184857.py(24):             self.parent_ = parent
s533184857.py(22):         while not parent.is_root():
 --- modulename: s533184857, funcname: is_root
s533184857.py(18):         return not self.parent_
s533184857.py(25):         return parent
s533184857.py(39):         if parent.group_id_ != unite_parent.group_id_:
s533184857.py(71): for i in range(n):
s533184857.py(73): if uf[0].root().size() == n:
 --- modulename: s533184857, funcname: root
s533184857.py(21):         parent = self
s533184857.py(22):         while not parent.is_root():
 --- modulename: s533184857, funcname: is_root
s533184857.py(18):         return not self.parent_
s533184857.py(25):         return parent
 --- modulename: s533184857, funcname: size
s533184857.py(32):         parent = self.root()
 --- modulename: s533184857, funcname: root
s533184857.py(21):         parent = self
s533184857.py(22):         while not parent.is_root():
 --- modulename: s533184857, funcname: is_root
s533184857.py(18):         return not self.parent_
s533184857.py(25):         return parent
s533184857.py(33):         return parent.size_
s533184857.py(76):     print('Yes')
Yes
