 --- modulename: s714078345, funcname: <module>
s714078345.py(1): a,b = map(int,input().split())
 --- modulename: codecs, funcname: getstate
codecs.py(333):         return (self.buffer, 0)
 --- modulename: codecs, funcname: decode
codecs.py(321):         data = self.buffer + input
codecs.py(322):         (result, consumed) = self._buffer_decode(data, self.errors, final)
codecs.py(324):         self.buffer = data[consumed:]
codecs.py(325):         return result
s714078345.py(3): def gcd(a, b):
s714078345.py(8): def cf(x1,x2):
s714078345.py(15): def divisor(n): 
s714078345.py(26): ld=divisor(gcd(a,b))
 --- modulename: s714078345, funcname: gcd
s714078345.py(4):     while b:
s714078345.py(5):         a, b = b, a % b
s714078345.py(4):     while b:
s714078345.py(5):         a, b = b, a % b
s714078345.py(4):     while b:
s714078345.py(5):         a, b = b, a % b
s714078345.py(4):     while b:
s714078345.py(6):     return a
 --- modulename: s714078345, funcname: divisor
s714078345.py(16):     i = 1
s714078345.py(17):     table = []
s714078345.py(18):     while i * i <= n:
s714078345.py(19):         if n%i == 0:
s714078345.py(20):             table.append(i)
s714078345.py(21):             table.append(n//i)
s714078345.py(22):         i += 1
s714078345.py(18):     while i * i <= n:
s714078345.py(19):         if n%i == 0:
s714078345.py(20):             table.append(i)
s714078345.py(21):             table.append(n//i)
s714078345.py(22):         i += 1
s714078345.py(18):     while i * i <= n:
s714078345.py(23):     table = list(set(table))
s714078345.py(24):     return table
s714078345.py(27): ld.sort()
s714078345.py(31): cnt=0
s714078345.py(33): ansl=[]
s714078345.py(34): for i in ld:
s714078345.py(35):     flg=0
s714078345.py(36):     for j in ansl:
s714078345.py(47):     if flg == 0:
s714078345.py(48):         ansl.append(i)
s714078345.py(34): for i in ld:
s714078345.py(35):     flg=0
s714078345.py(36):     for j in ansl:
s714078345.py(39):         if gcd(i,j) !=1:
 --- modulename: s714078345, funcname: gcd
s714078345.py(4):     while b:
s714078345.py(5):         a, b = b, a % b
s714078345.py(4):     while b:
s714078345.py(6):     return a
s714078345.py(36):     for j in ansl:
s714078345.py(47):     if flg == 0:
s714078345.py(48):         ansl.append(i)
s714078345.py(34): for i in ld:
s714078345.py(35):     flg=0
s714078345.py(36):     for j in ansl:
s714078345.py(39):         if gcd(i,j) !=1:
 --- modulename: s714078345, funcname: gcd
s714078345.py(4):     while b:
s714078345.py(5):         a, b = b, a % b
s714078345.py(4):     while b:
s714078345.py(6):     return a
s714078345.py(36):     for j in ansl:
s714078345.py(39):         if gcd(i,j) !=1:
 --- modulename: s714078345, funcname: gcd
s714078345.py(4):     while b:
s714078345.py(5):         a, b = b, a % b
s714078345.py(4):     while b:
s714078345.py(5):         a, b = b, a % b
s714078345.py(4):     while b:
s714078345.py(6):     return a
s714078345.py(36):     for j in ansl:
s714078345.py(47):     if flg == 0:
s714078345.py(48):         ansl.append(i)
s714078345.py(34): for i in ld:
s714078345.py(35):     flg=0
s714078345.py(36):     for j in ansl:
s714078345.py(39):         if gcd(i,j) !=1:
 --- modulename: s714078345, funcname: gcd
s714078345.py(4):     while b:
s714078345.py(5):         a, b = b, a % b
s714078345.py(4):     while b:
s714078345.py(6):     return a
s714078345.py(36):     for j in ansl:
s714078345.py(39):         if gcd(i,j) !=1:
 --- modulename: s714078345, funcname: gcd
s714078345.py(4):     while b:
s714078345.py(5):         a, b = b, a % b
s714078345.py(4):     while b:
s714078345.py(6):     return a
s714078345.py(40):             flg = 1
s714078345.py(45):             break
s714078345.py(47):     if flg == 0:
s714078345.py(34): for i in ld:
s714078345.py(52): print(len(ansl))
3
