 --- modulename: s716641543, funcname: <module>
s716641543.py(1): import sys
s716641543.py(2): sys.setrecursionlimit(10 ** 6)
s716641543.py(3): input = sys.stdin.readline    ####
s716641543.py(4): int1 = lambda x: int(x) - 1
s716641543.py(5): def II(): return int(input())
s716641543.py(7): def MI(): return map(int, input().split())
s716641543.py(8): def MI1(): return map(int1, input().split())
s716641543.py(10): def LI(): return list(map(int, input().split()))
s716641543.py(11): def LI1(): return list(map(int1, input().split()))
s716641543.py(12): def LLI(rows_number): return [LI() for _ in range(rows_number)]
s716641543.py(14): INF = float('inf')
s716641543.py(16): def solve():
s716641543.py(35): if __name__ == '__main__':
s716641543.py(36):     solve()
 --- modulename: s716641543, funcname: solve
s716641543.py(17):     n, q = MI()
 --- modulename: s716641543, funcname: MI
s716641543.py(7): def MI(): return map(int, input().split())
 --- modulename: codecs, funcname: getstate
codecs.py(333):         return (self.buffer, 0)
 --- modulename: codecs, funcname: decode
codecs.py(321):         data = self.buffer + input
codecs.py(322):         (result, consumed) = self._buffer_decode(data, self.errors, final)
codecs.py(324):         self.buffer = data[consumed:]
codecs.py(325):         return result
s716641543.py(18):     S = input()
s716641543.py(19):     ats = [0]
s716641543.py(20):     cnt = 0
s716641543.py(21):     for i in range(n-1):
s716641543.py(22):         j = i + 2
s716641543.py(23):         s = S[i:j]
s716641543.py(25):         if s == 'AC':
s716641543.py(26):             cnt += 1
s716641543.py(27):         ats.append(cnt)
s716641543.py(21):     for i in range(n-1):
s716641543.py(22):         j = i + 2
s716641543.py(23):         s = S[i:j]
s716641543.py(25):         if s == 'AC':
s716641543.py(27):         ats.append(cnt)
s716641543.py(21):     for i in range(n-1):
s716641543.py(22):         j = i + 2
s716641543.py(23):         s = S[i:j]
s716641543.py(25):         if s == 'AC':
s716641543.py(26):             cnt += 1
s716641543.py(27):         ats.append(cnt)
s716641543.py(21):     for i in range(n-1):
s716641543.py(22):         j = i + 2
s716641543.py(23):         s = S[i:j]
s716641543.py(25):         if s == 'AC':
s716641543.py(27):         ats.append(cnt)
s716641543.py(21):     for i in range(n-1):
s716641543.py(22):         j = i + 2
s716641543.py(23):         s = S[i:j]
s716641543.py(25):         if s == 'AC':
s716641543.py(27):         ats.append(cnt)
s716641543.py(21):     for i in range(n-1):
s716641543.py(22):         j = i + 2
s716641543.py(23):         s = S[i:j]
s716641543.py(25):         if s == 'AC':
s716641543.py(26):             cnt += 1
s716641543.py(27):         ats.append(cnt)
s716641543.py(21):     for i in range(n-1):
s716641543.py(22):         j = i + 2
s716641543.py(23):         s = S[i:j]
s716641543.py(25):         if s == 'AC':
s716641543.py(27):         ats.append(cnt)
s716641543.py(21):     for i in range(n-1):
s716641543.py(29):     for _ in range(q):
s716641543.py(30):         l, r = MI1()
 --- modulename: s716641543, funcname: MI1
s716641543.py(8): def MI1(): return map(int1, input().split())
 --- modulename: s716641543, funcname: <lambda>
s716641543.py(4): int1 = lambda x: int(x) - 1
 --- modulename: s716641543, funcname: <lambda>
s716641543.py(4): int1 = lambda x: int(x) - 1
s716641543.py(32):         print(ats[r] - ats[l])
2
s716641543.py(29):     for _ in range(q):
s716641543.py(30):         l, r = MI1()
 --- modulename: s716641543, funcname: MI1
s716641543.py(8): def MI1(): return map(int1, input().split())
 --- modulename: s716641543, funcname: <lambda>
s716641543.py(4): int1 = lambda x: int(x) - 1
 --- modulename: s716641543, funcname: <lambda>
s716641543.py(4): int1 = lambda x: int(x) - 1
s716641543.py(32):         print(ats[r] - ats[l])
0
s716641543.py(29):     for _ in range(q):
s716641543.py(30):         l, r = MI1()
 --- modulename: s716641543, funcname: MI1
s716641543.py(8): def MI1(): return map(int1, input().split())
 --- modulename: s716641543, funcname: <lambda>
s716641543.py(4): int1 = lambda x: int(x) - 1
 --- modulename: s716641543, funcname: <lambda>
s716641543.py(4): int1 = lambda x: int(x) - 1
s716641543.py(32):         print(ats[r] - ats[l])
3
s716641543.py(29):     for _ in range(q):
