 --- modulename: s729403838, funcname: <module>
s729403838.py(2): import sys
s729403838.py(5): def solve(S: str, T: str, A: int, B: int, U: str):
s729403838.py(11): def main():
s729403838.py(24): if __name__ == '__main__':
s729403838.py(25):     main()
 --- modulename: s729403838, funcname: main
s729403838.py(12):     def iterate_tokens():
s729403838.py(16):     tokens = iterate_tokens()
s729403838.py(17):     S = next(tokens)  # type: str
 --- modulename: s729403838, funcname: iterate_tokens
s729403838.py(13):         for line in sys.stdin:
 --- modulename: codecs, funcname: decode
codecs.py(321):         data = self.buffer + input
codecs.py(322):         (result, consumed) = self._buffer_decode(data, self.errors, final)
codecs.py(324):         self.buffer = data[consumed:]
codecs.py(325):         return result
s729403838.py(14):             for word in line.split():
s729403838.py(15):                 yield word
s729403838.py(18):     T = next(tokens)  # type: str
 --- modulename: s729403838, funcname: iterate_tokens
s729403838.py(14):             for word in line.split():
s729403838.py(15):                 yield word
s729403838.py(19):     A = int(next(tokens))  # type: int
 --- modulename: s729403838, funcname: iterate_tokens
s729403838.py(14):             for word in line.split():
s729403838.py(13):         for line in sys.stdin:
s729403838.py(14):             for word in line.split():
s729403838.py(15):                 yield word
s729403838.py(20):     B = int(next(tokens))  # type: int
 --- modulename: s729403838, funcname: iterate_tokens
s729403838.py(14):             for word in line.split():
s729403838.py(15):                 yield word
s729403838.py(21):     U = next(tokens)  # type: str
 --- modulename: s729403838, funcname: iterate_tokens
s729403838.py(14):             for word in line.split():
s729403838.py(13):         for line in sys.stdin:
s729403838.py(14):             for word in line.split():
s729403838.py(15):                 yield word
s729403838.py(22):     solve(S, T, A, B, U)
 --- modulename: s729403838, funcname: solve
s729403838.py(6):     print(str(A-1) + " " + str(B) if U == S else str(A) + " " + str(B-1))
2 4
s729403838.py(7):     return
 --- modulename: s729403838, funcname: iterate_tokens
