 --- modulename: s729121450, funcname: <module>
s729121450.py(1): def main():
s729121450.py(35): main()
 --- modulename: s729121450, funcname: main
s729121450.py(2):   a = input()
 --- modulename: codecs, funcname: getstate
codecs.py(333):         return (self.buffer, 0)
 --- modulename: codecs, funcname: decode
codecs.py(321):         data = self.buffer + input
codecs.py(322):         (result, consumed) = self._buffer_decode(data, self.errors, final)
codecs.py(324):         self.buffer = data[consumed:]
codecs.py(325):         return result
s729121450.py(3):   b = input()
s729121450.py(4):   c = input()
s729121450.py(5):   ab = [None]*20000
s729121450.py(6):   ac = [None]*20000
s729121450.py(7):   bc = [None]*20000
s729121450.py(8):   def match(c1,c2):
s729121450.py(11):   A = len(a)
s729121450.py(12):   B = len(b)
s729121450.py(13):   C = len(c)
s729121450.py(14):   def solve(d1,d2,n,m,l):
s729121450.py(21):   ab = solve(a,b,A,B,ab)
 --- modulename: s729121450, funcname: solve
s729121450.py(15):     for i in range(n):
s729121450.py(16):       for j in range(m):
s729121450.py(17):         if not(match(d1[i],d2[j])):
 --- modulename: s729121450, funcname: match
s729121450.py(9):     return (c1=='?')or(c2=='?')or(c1==c2)
s729121450.py(18):           l[i-j+10000]=True
s729121450.py(19):           continue
s729121450.py(16):       for j in range(m):
s729121450.py(17):         if not(match(d1[i],d2[j])):
 --- modulename: s729121450, funcname: match
s729121450.py(9):     return (c1=='?')or(c2=='?')or(c1==c2)
s729121450.py(18):           l[i-j+10000]=True
s729121450.py(19):           continue
s729121450.py(16):       for j in range(m):
s729121450.py(17):         if not(match(d1[i],d2[j])):
 --- modulename: s729121450, funcname: match
s729121450.py(9):     return (c1=='?')or(c2=='?')or(c1==c2)
s729121450.py(18):           l[i-j+10000]=True
s729121450.py(19):           continue
s729121450.py(16):       for j in range(m):
s729121450.py(15):     for i in range(n):
s729121450.py(16):       for j in range(m):
s729121450.py(17):         if not(match(d1[i],d2[j])):
 --- modulename: s729121450, funcname: match
s729121450.py(9):     return (c1=='?')or(c2=='?')or(c1==c2)
s729121450.py(16):       for j in range(m):
s729121450.py(17):         if not(match(d1[i],d2[j])):
 --- modulename: s729121450, funcname: match
s729121450.py(9):     return (c1=='?')or(c2=='?')or(c1==c2)
s729121450.py(16):       for j in range(m):
s729121450.py(17):         if not(match(d1[i],d2[j])):
 --- modulename: s729121450, funcname: match
s729121450.py(9):     return (c1=='?')or(c2=='?')or(c1==c2)
s729121450.py(16):       for j in range(m):
s729121450.py(15):     for i in range(n):
s729121450.py(16):       for j in range(m):
s729121450.py(17):         if not(match(d1[i],d2[j])):
 --- modulename: s729121450, funcname: match
s729121450.py(9):     return (c1=='?')or(c2=='?')or(c1==c2)
s729121450.py(18):           l[i-j+10000]=True
s729121450.py(19):           continue
s729121450.py(16):       for j in range(m):
s729121450.py(17):         if not(match(d1[i],d2[j])):
 --- modulename: s729121450, funcname: match
s729121450.py(9):     return (c1=='?')or(c2=='?')or(c1==c2)
s729121450.py(18):           l[i-j+10000]=True
s729121450.py(19):           continue
s729121450.py(16):       for j in range(m):
s729121450.py(17):         if not(match(d1[i],d2[j])):
 --- modulename: s729121450, funcname: match
s729121450.py(9):     return (c1=='?')or(c2=='?')or(c1==c2)
s729121450.py(18):           l[i-j+10000]=True
s729121450.py(19):           continue
s729121450.py(16):       for j in range(m):
s729121450.py(15):     for i in range(n):
s729121450.py(20):     return l
s729121450.py(22):   ac = solve(a,c,A,C,ac)
 --- modulename: s729121450, funcname: solve
s729121450.py(15):     for i in range(n):
s729121450.py(16):       for j in range(m):
s729121450.py(17):         if not(match(d1[i],d2[j])):
 --- modulename: s729121450, funcname: match
s729121450.py(9):     return (c1=='?')or(c2=='?')or(c1==c2)
s729121450.py(18):           l[i-j+10000]=True
s729121450.py(19):           continue
s729121450.py(16):       for j in range(m):
s729121450.py(17):         if not(match(d1[i],d2[j])):
 --- modulename: s729121450, funcname: match
s729121450.py(9):     return (c1=='?')or(c2=='?')or(c1==c2)
s729121450.py(18):           l[i-j+10000]=True
s729121450.py(19):           continue
s729121450.py(16):       for j in range(m):
s729121450.py(17):         if not(match(d1[i],d2[j])):
 --- modulename: s729121450, funcname: match
s729121450.py(9):     return (c1=='?')or(c2=='?')or(c1==c2)
s729121450.py(18):           l[i-j+10000]=True
s729121450.py(19):           continue
s729121450.py(16):       for j in range(m):
s729121450.py(15):     for i in range(n):
s729121450.py(16):       for j in range(m):
s729121450.py(17):         if not(match(d1[i],d2[j])):
 --- modulename: s729121450, funcname: match
s729121450.py(9):     return (c1=='?')or(c2=='?')or(c1==c2)
s729121450.py(16):       for j in range(m):
s729121450.py(17):         if not(match(d1[i],d2[j])):
 --- modulename: s729121450, funcname: match
s729121450.py(9):     return (c1=='?')or(c2=='?')or(c1==c2)
s729121450.py(16):       for j in range(m):
s729121450.py(17):         if not(match(d1[i],d2[j])):
 --- modulename: s729121450, funcname: match
s729121450.py(9):     return (c1=='?')or(c2=='?')or(c1==c2)
s729121450.py(16):       for j in range(m):
s729121450.py(15):     for i in range(n):
s729121450.py(16):       for j in range(m):
s729121450.py(17):         if not(match(d1[i],d2[j])):
 --- modulename: s729121450, funcname: match
s729121450.py(9):     return (c1=='?')or(c2=='?')or(c1==c2)
s729121450.py(16):       for j in range(m):
s729121450.py(17):         if not(match(d1[i],d2[j])):
 --- modulename: s729121450, funcname: match
s729121450.py(9):     return (c1=='?')or(c2=='?')or(c1==c2)
s729121450.py(18):           l[i-j+10000]=True
s729121450.py(19):           continue
s729121450.py(16):       for j in range(m):
s729121450.py(17):         if not(match(d1[i],d2[j])):
 --- modulename: s729121450, funcname: match
s729121450.py(9):     return (c1=='?')or(c2=='?')or(c1==c2)
s729121450.py(18):           l[i-j+10000]=True
s729121450.py(19):           continue
s729121450.py(16):       for j in range(m):
s729121450.py(15):     for i in range(n):
s729121450.py(20):     return l
s729121450.py(23):   bc = solve(b,c,B,C,bc)
 --- modulename: s729121450, funcname: solve
s729121450.py(15):     for i in range(n):
s729121450.py(16):       for j in range(m):
s729121450.py(17):         if not(match(d1[i],d2[j])):
 --- modulename: s729121450, funcname: match
s729121450.py(9):     return (c1=='?')or(c2=='?')or(c1==c2)
s729121450.py(18):           l[i-j+10000]=True
s729121450.py(19):           continue
s729121450.py(16):       for j in range(m):
s729121450.py(17):         if not(match(d1[i],d2[j])):
 --- modulename: s729121450, funcname: match
s729121450.py(9):     return (c1=='?')or(c2=='?')or(c1==c2)
s729121450.py(18):           l[i-j+10000]=True
s729121450.py(19):           continue
s729121450.py(16):       for j in range(m):
s729121450.py(17):         if not(match(d1[i],d2[j])):
 --- modulename: s729121450, funcname: match
s729121450.py(9):     return (c1=='?')or(c2=='?')or(c1==c2)
s729121450.py(16):       for j in range(m):
s729121450.py(15):     for i in range(n):
s729121450.py(16):       for j in range(m):
s729121450.py(17):         if not(match(d1[i],d2[j])):
 --- modulename: s729121450, funcname: match
s729121450.py(9):     return (c1=='?')or(c2=='?')or(c1==c2)
s729121450.py(18):           l[i-j+10000]=True
s729121450.py(19):           continue
s729121450.py(16):       for j in range(m):
s729121450.py(17):         if not(match(d1[i],d2[j])):
 --- modulename: s729121450, funcname: match
s729121450.py(9):     return (c1=='?')or(c2=='?')or(c1==c2)
s729121450.py(18):           l[i-j+10000]=True
s729121450.py(19):           continue
s729121450.py(16):       for j in range(m):
s729121450.py(17):         if not(match(d1[i],d2[j])):
 --- modulename: s729121450, funcname: match
s729121450.py(9):     return (c1=='?')or(c2=='?')or(c1==c2)
s729121450.py(18):           l[i-j+10000]=True
s729121450.py(19):           continue
s729121450.py(16):       for j in range(m):
s729121450.py(15):     for i in range(n):
s729121450.py(16):       for j in range(m):
s729121450.py(17):         if not(match(d1[i],d2[j])):
 --- modulename: s729121450, funcname: match
s729121450.py(9):     return (c1=='?')or(c2=='?')or(c1==c2)
s729121450.py(18):           l[i-j+10000]=True
s729121450.py(19):           continue
s729121450.py(16):       for j in range(m):
s729121450.py(17):         if not(match(d1[i],d2[j])):
 --- modulename: s729121450, funcname: match
s729121450.py(9):     return (c1=='?')or(c2=='?')or(c1==c2)
s729121450.py(18):           l[i-j+10000]=True
s729121450.py(19):           continue
s729121450.py(16):       for j in range(m):
s729121450.py(17):         if not(match(d1[i],d2[j])):
 --- modulename: s729121450, funcname: match
s729121450.py(9):     return (c1=='?')or(c2=='?')or(c1==c2)
s729121450.py(18):           l[i-j+10000]=True
s729121450.py(19):           continue
s729121450.py(16):       for j in range(m):
s729121450.py(15):     for i in range(n):
s729121450.py(20):     return l
s729121450.py(24):   ans = 6000
s729121450.py(25):   AB = A+B
s729121450.py(26):   AC = A+C
s729121450.py(27):   for i in range(-AC,AC,1):
s729121450.py(28):     for j in range(-AB,AB,1):
s729121450.py(29):       if (not(ab[i+10000]))and(not(ac[j+10000]))and(not(bc[j-i+10000])):
s729121450.py(28):     for j in range(-AB,AB,1):
s729121450.py(29):       if (not(ab[i+10000]))and(not(ac[j+10000]))and(not(bc[j-i+10000])):
s729121450.py(28):     for j in range(-AB,AB,1):
s729121450.py(29):       if (not(ab[i+10000]))and(not(ac[j+10000]))and(not(bc[j-i+10000])):
s729121450.py(28):     for j in range(-AB,AB,1):
s729121450.py(29):       if (not(ab[i+10000]))and(not(ac[j+10000]))and(not(bc[j-i+10000])):
s729121450.py(30):         L = min(0,min(i,j))
s729121450.py(31):         R = max(A,max(B+i,C+j))
s729121450.py(32):         ans = min(ans,R-L)
s729121450.py(28):     for j in range(-AB,AB,1):
s729121450.py(29):       if (not(ab[i+10000]))and(not(ac[j+10000]))and(not(bc[j-i+10000])):
s729121450.py(28):     for j in range(-AB,AB,1):
s729121450.py(29):       if (not(ab[i+10000]))and(not(ac[j+10000]))and(not(bc[j-i+10000])):
s729121450.py(28):     for j in range(-AB,AB,1):
s729121450.py(29):       if (not(ab[i+10000]))and(not(ac[j+10000]))and(not(bc[j-i+10000])):
s729121450.py(28):     for j in range(-AB,AB,1):
s729121450.py(29):       if (not(ab[i+10000]))and(not(ac[j+10000]))and(not(bc[j-i+10000])):
s729121450.py(28):     for j in range(-AB,AB,1):
s729121450.py(29):       if (not(ab[i+10000]))and(not(ac[j+10000]))and(not(bc[j-i+10000])):
s729121450.py(30):         L = min(0,min(i,j))
s729121450.py(31):         R = max(A,max(B+i,C+j))
s729121450.py(32):         ans = min(ans,R-L)
s729121450.py(28):     for j in range(-AB,AB,1):
s729121450.py(29):       if (not(ab[i+10000]))and(not(ac[j+10000]))and(not(bc[j-i+10000])):
s729121450.py(30):         L = min(0,min(i,j))
s729121450.py(31):         R = max(A,max(B+i,C+j))
s729121450.py(32):         ans = min(ans,R-L)
s729121450.py(28):     for j in range(-AB,AB,1):
s729121450.py(29):       if (not(ab[i+10000]))and(not(ac[j+10000]))and(not(bc[j-i+10000])):
s729121450.py(30):         L = min(0,min(i,j))
s729121450.py(31):         R = max(A,max(B+i,C+j))
s729121450.py(32):         ans = min(ans,R-L)
s729121450.py(28):     for j in range(-AB,AB,1):
s729121450.py(29):       if (not(ab[i+10000]))and(not(ac[j+10000]))and(not(bc[j-i+10000])):
s729121450.py(30):         L = min(0,min(i,j))
s729121450.py(31):         R = max(A,max(B+i,C+j))
s729121450.py(32):         ans = min(ans,R-L)
s729121450.py(28):     for j in range(-AB,AB,1):
s729121450.py(27):   for i in range(-AC,AC,1):
s729121450.py(28):     for j in range(-AB,AB,1):
s729121450.py(29):       if (not(ab[i+10000]))and(not(ac[j+10000]))and(not(bc[j-i+10000])):
s729121450.py(28):     for j in range(-AB,AB,1):
s729121450.py(29):       if (not(ab[i+10000]))and(not(ac[j+10000]))and(not(bc[j-i+10000])):
s729121450.py(28):     for j in range(-AB,AB,1):
s729121450.py(29):       if (not(ab[i+10000]))and(not(ac[j+10000]))and(not(bc[j-i+10000])):
s729121450.py(28):     for j in range(-AB,AB,1):
s729121450.py(29):       if (not(ab[i+10000]))and(not(ac[j+10000]))and(not(bc[j-i+10000])):
s729121450.py(28):     for j in range(-AB,AB,1):
s729121450.py(29):       if (not(ab[i+10000]))and(not(ac[j+10000]))and(not(bc[j-i+10000])):
s729121450.py(28):     for j in range(-AB,AB,1):
s729121450.py(29):       if (not(ab[i+10000]))and(not(ac[j+10000]))and(not(bc[j-i+10000])):
s729121450.py(28):     for j in range(-AB,AB,1):
s729121450.py(29):       if (not(ab[i+10000]))and(not(ac[j+10000]))and(not(bc[j-i+10000])):
s729121450.py(28):     for j in range(-AB,AB,1):
s729121450.py(29):       if (not(ab[i+10000]))and(not(ac[j+10000]))and(not(bc[j-i+10000])):
s729121450.py(28):     for j in range(-AB,AB,1):
s729121450.py(29):       if (not(ab[i+10000]))and(not(ac[j+10000]))and(not(bc[j-i+10000])):
s729121450.py(30):         L = min(0,min(i,j))
s729121450.py(31):         R = max(A,max(B+i,C+j))
s729121450.py(32):         ans = min(ans,R-L)
s729121450.py(28):     for j in range(-AB,AB,1):
s729121450.py(29):       if (not(ab[i+10000]))and(not(ac[j+10000]))and(not(bc[j-i+10000])):
s729121450.py(30):         L = min(0,min(i,j))
s729121450.py(31):         R = max(A,max(B+i,C+j))
s729121450.py(32):         ans = min(ans,R-L)
s729121450.py(28):     for j in range(-AB,AB,1):
s729121450.py(29):       if (not(ab[i+10000]))and(not(ac[j+10000]))and(not(bc[j-i+10000])):
s729121450.py(30):         L = min(0,min(i,j))
s729121450.py(31):         R = max(A,max(B+i,C+j))
s729121450.py(32):         ans = min(ans,R-L)
s729121450.py(28):     for j in range(-AB,AB,1):
s729121450.py(29):       if (not(ab[i+10000]))and(not(ac[j+10000]))and(not(bc[j-i+10000])):
s729121450.py(30):         L = min(0,min(i,j))
s729121450.py(31):         R = max(A,max(B+i,C+j))
s729121450.py(32):         ans = min(ans,R-L)
s729121450.py(28):     for j in range(-AB,AB,1):
s729121450.py(27):   for i in range(-AC,AC,1):
s729121450.py(28):     for j in range(-AB,AB,1):
s729121450.py(29):       if (not(ab[i+10000]))and(not(ac[j+10000]))and(not(bc[j-i+10000])):
s729121450.py(30):         L = min(0,min(i,j))
s729121450.py(31):         R = max(A,max(B+i,C+j))
s729121450.py(32):         ans = min(ans,R-L)
s729121450.py(28):     for j in range(-AB,AB,1):
s729121450.py(29):       if (not(ab[i+10000]))and(not(ac[j+10000]))and(not(bc[j-i+10000])):
s729121450.py(28):     for j in range(-AB,AB,1):
s729121450.py(29):       if (not(ab[i+10000]))and(not(ac[j+10000]))and(not(bc[j-i+10000])):
s729121450.py(28):     for j in range(-AB,AB,1):
s729121450.py(29):       if (not(ab[i+10000]))and(not(ac[j+10000]))and(not(bc[j-i+10000])):
s729121450.py(28):     for j in range(-AB,AB,1):
s729121450.py(29):       if (not(ab[i+10000]))and(not(ac[j+10000]))and(not(bc[j-i+10000])):
s729121450.py(28):     for j in range(-AB,AB,1):
s729121450.py(29):       if (not(ab[i+10000]))and(not(ac[j+10000]))and(not(bc[j-i+10000])):
s729121450.py(28):     for j in range(-AB,AB,1):
s729121450.py(29):       if (not(ab[i+10000]))and(not(ac[j+10000]))and(not(bc[j-i+10000])):
s729121450.py(28):     for j in range(-AB,AB,1):
s729121450.py(29):       if (not(ab[i+10000]))and(not(ac[j+10000]))and(not(bc[j-i+10000])):
s729121450.py(28):     for j in range(-AB,AB,1):
s729121450.py(29):       if (not(ab[i+10000]))and(not(ac[j+10000]))and(not(bc[j-i+10000])):
s729121450.py(30):         L = min(0,min(i,j))
s729121450.py(31):         R = max(A,max(B+i,C+j))
s729121450.py(32):         ans = min(ans,R-L)
s729121450.py(28):     for j in range(-AB,AB,1):
s729121450.py(29):       if (not(ab[i+10000]))and(not(ac[j+10000]))and(not(bc[j-i+10000])):
s729121450.py(30):         L = min(0,min(i,j))
s729121450.py(31):         R = max(A,max(B+i,C+j))
s729121450.py(32):         ans = min(ans,R-L)
s729121450.py(28):     for j in range(-AB,AB,1):
s729121450.py(29):       if (not(ab[i+10000]))and(not(ac[j+10000]))and(not(bc[j-i+10000])):
s729121450.py(30):         L = min(0,min(i,j))
s729121450.py(31):         R = max(A,max(B+i,C+j))
s729121450.py(32):         ans = min(ans,R-L)
s729121450.py(28):     for j in range(-AB,AB,1):
s729121450.py(29):       if (not(ab[i+10000]))and(not(ac[j+10000]))and(not(bc[j-i+10000])):
s729121450.py(30):         L = min(0,min(i,j))
s729121450.py(31):         R = max(A,max(B+i,C+j))
s729121450.py(32):         ans = min(ans,R-L)
s729121450.py(28):     for j in range(-AB,AB,1):
s729121450.py(27):   for i in range(-AC,AC,1):
s729121450.py(28):     for j in range(-AB,AB,1):
s729121450.py(29):       if (not(ab[i+10000]))and(not(ac[j+10000]))and(not(bc[j-i+10000])):
s729121450.py(30):         L = min(0,min(i,j))
s729121450.py(31):         R = max(A,max(B+i,C+j))
s729121450.py(32):         ans = min(ans,R-L)
s729121450.py(28):     for j in range(-AB,AB,1):
s729121450.py(29):       if (not(ab[i+10000]))and(not(ac[j+10000]))and(not(bc[j-i+10000])):
s729121450.py(30):         L = min(0,min(i,j))
s729121450.py(31):         R = max(A,max(B+i,C+j))
s729121450.py(32):         ans = min(ans,R-L)
s729121450.py(28):     for j in range(-AB,AB,1):
s729121450.py(29):       if (not(ab[i+10000]))and(not(ac[j+10000]))and(not(bc[j-i+10000])):
s729121450.py(28):     for j in range(-AB,AB,1):
s729121450.py(29):       if (not(ab[i+10000]))and(not(ac[j+10000]))and(not(bc[j-i+10000])):
s729121450.py(28):     for j in range(-AB,AB,1):
s729121450.py(29):       if (not(ab[i+10000]))and(not(ac[j+10000]))and(not(bc[j-i+10000])):
s729121450.py(28):     for j in range(-AB,AB,1):
s729121450.py(29):       if (not(ab[i+10000]))and(not(ac[j+10000]))and(not(bc[j-i+10000])):
s729121450.py(28):     for j in range(-AB,AB,1):
s729121450.py(29):       if (not(ab[i+10000]))and(not(ac[j+10000]))and(not(bc[j-i+10000])):
s729121450.py(28):     for j in range(-AB,AB,1):
s729121450.py(29):       if (not(ab[i+10000]))and(not(ac[j+10000]))and(not(bc[j-i+10000])):
s729121450.py(28):     for j in range(-AB,AB,1):
s729121450.py(29):       if (not(ab[i+10000]))and(not(ac[j+10000]))and(not(bc[j-i+10000])):
s729121450.py(30):         L = min(0,min(i,j))
s729121450.py(31):         R = max(A,max(B+i,C+j))
s729121450.py(32):         ans = min(ans,R-L)
s729121450.py(28):     for j in range(-AB,AB,1):
s729121450.py(29):       if (not(ab[i+10000]))and(not(ac[j+10000]))and(not(bc[j-i+10000])):
s729121450.py(30):         L = min(0,min(i,j))
s729121450.py(31):         R = max(A,max(B+i,C+j))
s729121450.py(32):         ans = min(ans,R-L)
s729121450.py(28):     for j in range(-AB,AB,1):
s729121450.py(29):       if (not(ab[i+10000]))and(not(ac[j+10000]))and(not(bc[j-i+10000])):
s729121450.py(30):         L = min(0,min(i,j))
s729121450.py(31):         R = max(A,max(B+i,C+j))
s729121450.py(32):         ans = min(ans,R-L)
s729121450.py(28):     for j in range(-AB,AB,1):
s729121450.py(29):       if (not(ab[i+10000]))and(not(ac[j+10000]))and(not(bc[j-i+10000])):
s729121450.py(30):         L = min(0,min(i,j))
s729121450.py(31):         R = max(A,max(B+i,C+j))
s729121450.py(32):         ans = min(ans,R-L)
s729121450.py(28):     for j in range(-AB,AB,1):
s729121450.py(27):   for i in range(-AC,AC,1):
s729121450.py(28):     for j in range(-AB,AB,1):
s729121450.py(29):       if (not(ab[i+10000]))and(not(ac[j+10000]))and(not(bc[j-i+10000])):
s729121450.py(28):     for j in range(-AB,AB,1):
s729121450.py(29):       if (not(ab[i+10000]))and(not(ac[j+10000]))and(not(bc[j-i+10000])):
s729121450.py(28):     for j in range(-AB,AB,1):
s729121450.py(29):       if (not(ab[i+10000]))and(not(ac[j+10000]))and(not(bc[j-i+10000])):
s729121450.py(28):     for j in range(-AB,AB,1):
s729121450.py(29):       if (not(ab[i+10000]))and(not(ac[j+10000]))and(not(bc[j-i+10000])):
s729121450.py(28):     for j in range(-AB,AB,1):
s729121450.py(29):       if (not(ab[i+10000]))and(not(ac[j+10000]))and(not(bc[j-i+10000])):
s729121450.py(28):     for j in range(-AB,AB,1):
s729121450.py(29):       if (not(ab[i+10000]))and(not(ac[j+10000]))and(not(bc[j-i+10000])):
s729121450.py(28):     for j in range(-AB,AB,1):
s729121450.py(29):       if (not(ab[i+10000]))and(not(ac[j+10000]))and(not(bc[j-i+10000])):
s729121450.py(28):     for j in range(-AB,AB,1):
s729121450.py(29):       if (not(ab[i+10000]))and(not(ac[j+10000]))and(not(bc[j-i+10000])):
s729121450.py(28):     for j in range(-AB,AB,1):
s729121450.py(29):       if (not(ab[i+10000]))and(not(ac[j+10000]))and(not(bc[j-i+10000])):
s729121450.py(28):     for j in range(-AB,AB,1):
s729121450.py(29):       if (not(ab[i+10000]))and(not(ac[j+10000]))and(not(bc[j-i+10000])):
s729121450.py(28):     for j in range(-AB,AB,1):
s729121450.py(29):       if (not(ab[i+10000]))and(not(ac[j+10000]))and(not(bc[j-i+10000])):
s729121450.py(28):     for j in range(-AB,AB,1):
s729121450.py(29):       if (not(ab[i+10000]))and(not(ac[j+10000]))and(not(bc[j-i+10000])):
s729121450.py(28):     for j in range(-AB,AB,1):
s729121450.py(27):   for i in range(-AC,AC,1):
s729121450.py(28):     for j in range(-AB,AB,1):
s729121450.py(29):       if (not(ab[i+10000]))and(not(ac[j+10000]))and(not(bc[j-i+10000])):
s729121450.py(28):     for j in range(-AB,AB,1):
s729121450.py(29):       if (not(ab[i+10000]))and(not(ac[j+10000]))and(not(bc[j-i+10000])):
s729121450.py(28):     for j in range(-AB,AB,1):
s729121450.py(29):       if (not(ab[i+10000]))and(not(ac[j+10000]))and(not(bc[j-i+10000])):
s729121450.py(28):     for j in range(-AB,AB,1):
s729121450.py(29):       if (not(ab[i+10000]))and(not(ac[j+10000]))and(not(bc[j-i+10000])):
s729121450.py(28):     for j in range(-AB,AB,1):
s729121450.py(29):       if (not(ab[i+10000]))and(not(ac[j+10000]))and(not(bc[j-i+10000])):
s729121450.py(28):     for j in range(-AB,AB,1):
s729121450.py(29):       if (not(ab[i+10000]))and(not(ac[j+10000]))and(not(bc[j-i+10000])):
s729121450.py(28):     for j in range(-AB,AB,1):
s729121450.py(29):       if (not(ab[i+10000]))and(not(ac[j+10000]))and(not(bc[j-i+10000])):
s729121450.py(28):     for j in range(-AB,AB,1):
s729121450.py(29):       if (not(ab[i+10000]))and(not(ac[j+10000]))and(not(bc[j-i+10000])):
s729121450.py(28):     for j in range(-AB,AB,1):
s729121450.py(29):       if (not(ab[i+10000]))and(not(ac[j+10000]))and(not(bc[j-i+10000])):
s729121450.py(28):     for j in range(-AB,AB,1):
s729121450.py(29):       if (not(ab[i+10000]))and(not(ac[j+10000]))and(not(bc[j-i+10000])):
s729121450.py(28):     for j in range(-AB,AB,1):
s729121450.py(29):       if (not(ab[i+10000]))and(not(ac[j+10000]))and(not(bc[j-i+10000])):
s729121450.py(28):     for j in range(-AB,AB,1):
s729121450.py(29):       if (not(ab[i+10000]))and(not(ac[j+10000]))and(not(bc[j-i+10000])):
s729121450.py(28):     for j in range(-AB,AB,1):
s729121450.py(27):   for i in range(-AC,AC,1):
s729121450.py(28):     for j in range(-AB,AB,1):
s729121450.py(29):       if (not(ab[i+10000]))and(not(ac[j+10000]))and(not(bc[j-i+10000])):
s729121450.py(28):     for j in range(-AB,AB,1):
s729121450.py(29):       if (not(ab[i+10000]))and(not(ac[j+10000]))and(not(bc[j-i+10000])):
s729121450.py(28):     for j in range(-AB,AB,1):
s729121450.py(29):       if (not(ab[i+10000]))and(not(ac[j+10000]))and(not(bc[j-i+10000])):
s729121450.py(28):     for j in range(-AB,AB,1):
s729121450.py(29):       if (not(ab[i+10000]))and(not(ac[j+10000]))and(not(bc[j-i+10000])):
s729121450.py(28):     for j in range(-AB,AB,1):
s729121450.py(29):       if (not(ab[i+10000]))and(not(ac[j+10000]))and(not(bc[j-i+10000])):
s729121450.py(28):     for j in range(-AB,AB,1):
s729121450.py(29):       if (not(ab[i+10000]))and(not(ac[j+10000]))and(not(bc[j-i+10000])):
s729121450.py(28):     for j in range(-AB,AB,1):
s729121450.py(29):       if (not(ab[i+10000]))and(not(ac[j+10000]))and(not(bc[j-i+10000])):
s729121450.py(28):     for j in range(-AB,AB,1):
s729121450.py(29):       if (not(ab[i+10000]))and(not(ac[j+10000]))and(not(bc[j-i+10000])):
s729121450.py(28):     for j in range(-AB,AB,1):
s729121450.py(29):       if (not(ab[i+10000]))and(not(ac[j+10000]))and(not(bc[j-i+10000])):
s729121450.py(28):     for j in range(-AB,AB,1):
s729121450.py(29):       if (not(ab[i+10000]))and(not(ac[j+10000]))and(not(bc[j-i+10000])):
s729121450.py(28):     for j in range(-AB,AB,1):
s729121450.py(29):       if (not(ab[i+10000]))and(not(ac[j+10000]))and(not(bc[j-i+10000])):
s729121450.py(28):     for j in range(-AB,AB,1):
s729121450.py(29):       if (not(ab[i+10000]))and(not(ac[j+10000]))and(not(bc[j-i+10000])):
s729121450.py(28):     for j in range(-AB,AB,1):
s729121450.py(27):   for i in range(-AC,AC,1):
s729121450.py(28):     for j in range(-AB,AB,1):
s729121450.py(29):       if (not(ab[i+10000]))and(not(ac[j+10000]))and(not(bc[j-i+10000])):
s729121450.py(28):     for j in range(-AB,AB,1):
s729121450.py(29):       if (not(ab[i+10000]))and(not(ac[j+10000]))and(not(bc[j-i+10000])):
s729121450.py(28):     for j in range(-AB,AB,1):
s729121450.py(29):       if (not(ab[i+10000]))and(not(ac[j+10000]))and(not(bc[j-i+10000])):
s729121450.py(28):     for j in range(-AB,AB,1):
s729121450.py(29):       if (not(ab[i+10000]))and(not(ac[j+10000]))and(not(bc[j-i+10000])):
s729121450.py(28):     for j in range(-AB,AB,1):
s729121450.py(29):       if (not(ab[i+10000]))and(not(ac[j+10000]))and(not(bc[j-i+10000])):
s729121450.py(28):     for j in range(-AB,AB,1):
s729121450.py(29):       if (not(ab[i+10000]))and(not(ac[j+10000]))and(not(bc[j-i+10000])):
s729121450.py(28):     for j in range(-AB,AB,1):
s729121450.py(29):       if (not(ab[i+10000]))and(not(ac[j+10000]))and(not(bc[j-i+10000])):
s729121450.py(28):     for j in range(-AB,AB,1):
s729121450.py(29):       if (not(ab[i+10000]))and(not(ac[j+10000]))and(not(bc[j-i+10000])):
s729121450.py(28):     for j in range(-AB,AB,1):
s729121450.py(29):       if (not(ab[i+10000]))and(not(ac[j+10000]))and(not(bc[j-i+10000])):
s729121450.py(28):     for j in range(-AB,AB,1):
s729121450.py(29):       if (not(ab[i+10000]))and(not(ac[j+10000]))and(not(bc[j-i+10000])):
s729121450.py(28):     for j in range(-AB,AB,1):
s729121450.py(29):       if (not(ab[i+10000]))and(not(ac[j+10000]))and(not(bc[j-i+10000])):
s729121450.py(28):     for j in range(-AB,AB,1):
s729121450.py(29):       if (not(ab[i+10000]))and(not(ac[j+10000]))and(not(bc[j-i+10000])):
s729121450.py(28):     for j in range(-AB,AB,1):
s729121450.py(27):   for i in range(-AC,AC,1):
s729121450.py(28):     for j in range(-AB,AB,1):
s729121450.py(29):       if (not(ab[i+10000]))and(not(ac[j+10000]))and(not(bc[j-i+10000])):
s729121450.py(28):     for j in range(-AB,AB,1):
s729121450.py(29):       if (not(ab[i+10000]))and(not(ac[j+10000]))and(not(bc[j-i+10000])):
s729121450.py(28):     for j in range(-AB,AB,1):
s729121450.py(29):       if (not(ab[i+10000]))and(not(ac[j+10000]))and(not(bc[j-i+10000])):
s729121450.py(28):     for j in range(-AB,AB,1):
s729121450.py(29):       if (not(ab[i+10000]))and(not(ac[j+10000]))and(not(bc[j-i+10000])):
s729121450.py(28):     for j in range(-AB,AB,1):
s729121450.py(29):       if (not(ab[i+10000]))and(not(ac[j+10000]))and(not(bc[j-i+10000])):
s729121450.py(28):     for j in range(-AB,AB,1):
s729121450.py(29):       if (not(ab[i+10000]))and(not(ac[j+10000]))and(not(bc[j-i+10000])):
s729121450.py(28):     for j in range(-AB,AB,1):
s729121450.py(29):       if (not(ab[i+10000]))and(not(ac[j+10000]))and(not(bc[j-i+10000])):
s729121450.py(28):     for j in range(-AB,AB,1):
s729121450.py(29):       if (not(ab[i+10000]))and(not(ac[j+10000]))and(not(bc[j-i+10000])):
s729121450.py(28):     for j in range(-AB,AB,1):
s729121450.py(29):       if (not(ab[i+10000]))and(not(ac[j+10000]))and(not(bc[j-i+10000])):
s729121450.py(28):     for j in range(-AB,AB,1):
s729121450.py(29):       if (not(ab[i+10000]))and(not(ac[j+10000]))and(not(bc[j-i+10000])):
s729121450.py(28):     for j in range(-AB,AB,1):
s729121450.py(29):       if (not(ab[i+10000]))and(not(ac[j+10000]))and(not(bc[j-i+10000])):
s729121450.py(28):     for j in range(-AB,AB,1):
s729121450.py(29):       if (not(ab[i+10000]))and(not(ac[j+10000]))and(not(bc[j-i+10000])):
s729121450.py(28):     for j in range(-AB,AB,1):
s729121450.py(27):   for i in range(-AC,AC,1):
s729121450.py(28):     for j in range(-AB,AB,1):
s729121450.py(29):       if (not(ab[i+10000]))and(not(ac[j+10000]))and(not(bc[j-i+10000])):
s729121450.py(30):         L = min(0,min(i,j))
s729121450.py(31):         R = max(A,max(B+i,C+j))
s729121450.py(32):         ans = min(ans,R-L)
s729121450.py(28):     for j in range(-AB,AB,1):
s729121450.py(29):       if (not(ab[i+10000]))and(not(ac[j+10000]))and(not(bc[j-i+10000])):
s729121450.py(30):         L = min(0,min(i,j))
s729121450.py(31):         R = max(A,max(B+i,C+j))
s729121450.py(32):         ans = min(ans,R-L)
s729121450.py(28):     for j in range(-AB,AB,1):
s729121450.py(29):       if (not(ab[i+10000]))and(not(ac[j+10000]))and(not(bc[j-i+10000])):
s729121450.py(30):         L = min(0,min(i,j))
s729121450.py(31):         R = max(A,max(B+i,C+j))
s729121450.py(32):         ans = min(ans,R-L)
s729121450.py(28):     for j in range(-AB,AB,1):
s729121450.py(29):       if (not(ab[i+10000]))and(not(ac[j+10000]))and(not(bc[j-i+10000])):
s729121450.py(30):         L = min(0,min(i,j))
s729121450.py(31):         R = max(A,max(B+i,C+j))
s729121450.py(32):         ans = min(ans,R-L)
s729121450.py(28):     for j in range(-AB,AB,1):
s729121450.py(29):       if (not(ab[i+10000]))and(not(ac[j+10000]))and(not(bc[j-i+10000])):
s729121450.py(28):     for j in range(-AB,AB,1):
s729121450.py(29):       if (not(ab[i+10000]))and(not(ac[j+10000]))and(not(bc[j-i+10000])):
s729121450.py(28):     for j in range(-AB,AB,1):
s729121450.py(29):       if (not(ab[i+10000]))and(not(ac[j+10000]))and(not(bc[j-i+10000])):
s729121450.py(28):     for j in range(-AB,AB,1):
s729121450.py(29):       if (not(ab[i+10000]))and(not(ac[j+10000]))and(not(bc[j-i+10000])):
s729121450.py(28):     for j in range(-AB,AB,1):
s729121450.py(29):       if (not(ab[i+10000]))and(not(ac[j+10000]))and(not(bc[j-i+10000])):
s729121450.py(28):     for j in range(-AB,AB,1):
s729121450.py(29):       if (not(ab[i+10000]))and(not(ac[j+10000]))and(not(bc[j-i+10000])):
s729121450.py(28):     for j in range(-AB,AB,1):
s729121450.py(29):       if (not(ab[i+10000]))and(not(ac[j+10000]))and(not(bc[j-i+10000])):
s729121450.py(28):     for j in range(-AB,AB,1):
s729121450.py(29):       if (not(ab[i+10000]))and(not(ac[j+10000]))and(not(bc[j-i+10000])):
s729121450.py(28):     for j in range(-AB,AB,1):
s729121450.py(27):   for i in range(-AC,AC,1):
s729121450.py(28):     for j in range(-AB,AB,1):
s729121450.py(29):       if (not(ab[i+10000]))and(not(ac[j+10000]))and(not(bc[j-i+10000])):
s729121450.py(30):         L = min(0,min(i,j))
s729121450.py(31):         R = max(A,max(B+i,C+j))
s729121450.py(32):         ans = min(ans,R-L)
s729121450.py(28):     for j in range(-AB,AB,1):
s729121450.py(29):       if (not(ab[i+10000]))and(not(ac[j+10000]))and(not(bc[j-i+10000])):
s729121450.py(30):         L = min(0,min(i,j))
s729121450.py(31):         R = max(A,max(B+i,C+j))
s729121450.py(32):         ans = min(ans,R-L)
s729121450.py(28):     for j in range(-AB,AB,1):
s729121450.py(29):       if (not(ab[i+10000]))and(not(ac[j+10000]))and(not(bc[j-i+10000])):
s729121450.py(30):         L = min(0,min(i,j))
s729121450.py(31):         R = max(A,max(B+i,C+j))
s729121450.py(32):         ans = min(ans,R-L)
s729121450.py(28):     for j in range(-AB,AB,1):
s729121450.py(29):       if (not(ab[i+10000]))and(not(ac[j+10000]))and(not(bc[j-i+10000])):
s729121450.py(30):         L = min(0,min(i,j))
s729121450.py(31):         R = max(A,max(B+i,C+j))
s729121450.py(32):         ans = min(ans,R-L)
s729121450.py(28):     for j in range(-AB,AB,1):
s729121450.py(29):       if (not(ab[i+10000]))and(not(ac[j+10000]))and(not(bc[j-i+10000])):
s729121450.py(28):     for j in range(-AB,AB,1):
s729121450.py(29):       if (not(ab[i+10000]))and(not(ac[j+10000]))and(not(bc[j-i+10000])):
s729121450.py(28):     for j in range(-AB,AB,1):
s729121450.py(29):       if (not(ab[i+10000]))and(not(ac[j+10000]))and(not(bc[j-i+10000])):
s729121450.py(28):     for j in range(-AB,AB,1):
s729121450.py(29):       if (not(ab[i+10000]))and(not(ac[j+10000]))and(not(bc[j-i+10000])):
s729121450.py(28):     for j in range(-AB,AB,1):
s729121450.py(29):       if (not(ab[i+10000]))and(not(ac[j+10000]))and(not(bc[j-i+10000])):
s729121450.py(30):         L = min(0,min(i,j))
s729121450.py(31):         R = max(A,max(B+i,C+j))
s729121450.py(32):         ans = min(ans,R-L)
s729121450.py(28):     for j in range(-AB,AB,1):
s729121450.py(29):       if (not(ab[i+10000]))and(not(ac[j+10000]))and(not(bc[j-i+10000])):
s729121450.py(28):     for j in range(-AB,AB,1):
s729121450.py(29):       if (not(ab[i+10000]))and(not(ac[j+10000]))and(not(bc[j-i+10000])):
s729121450.py(28):     for j in range(-AB,AB,1):
s729121450.py(29):       if (not(ab[i+10000]))and(not(ac[j+10000]))and(not(bc[j-i+10000])):
s729121450.py(28):     for j in range(-AB,AB,1):
s729121450.py(27):   for i in range(-AC,AC,1):
s729121450.py(28):     for j in range(-AB,AB,1):
s729121450.py(29):       if (not(ab[i+10000]))and(not(ac[j+10000]))and(not(bc[j-i+10000])):
s729121450.py(30):         L = min(0,min(i,j))
s729121450.py(31):         R = max(A,max(B+i,C+j))
s729121450.py(32):         ans = min(ans,R-L)
s729121450.py(28):     for j in range(-AB,AB,1):
s729121450.py(29):       if (not(ab[i+10000]))and(not(ac[j+10000]))and(not(bc[j-i+10000])):
s729121450.py(30):         L = min(0,min(i,j))
s729121450.py(31):         R = max(A,max(B+i,C+j))
s729121450.py(32):         ans = min(ans,R-L)
s729121450.py(28):     for j in range(-AB,AB,1):
s729121450.py(29):       if (not(ab[i+10000]))and(not(ac[j+10000]))and(not(bc[j-i+10000])):
s729121450.py(30):         L = min(0,min(i,j))
s729121450.py(31):         R = max(A,max(B+i,C+j))
s729121450.py(32):         ans = min(ans,R-L)
s729121450.py(28):     for j in range(-AB,AB,1):
s729121450.py(29):       if (not(ab[i+10000]))and(not(ac[j+10000]))and(not(bc[j-i+10000])):
s729121450.py(30):         L = min(0,min(i,j))
s729121450.py(31):         R = max(A,max(B+i,C+j))
s729121450.py(32):         ans = min(ans,R-L)
s729121450.py(28):     for j in range(-AB,AB,1):
s729121450.py(29):       if (not(ab[i+10000]))and(not(ac[j+10000]))and(not(bc[j-i+10000])):
s729121450.py(28):     for j in range(-AB,AB,1):
s729121450.py(29):       if (not(ab[i+10000]))and(not(ac[j+10000]))and(not(bc[j-i+10000])):
s729121450.py(28):     for j in range(-AB,AB,1):
s729121450.py(29):       if (not(ab[i+10000]))and(not(ac[j+10000]))and(not(bc[j-i+10000])):
s729121450.py(28):     for j in range(-AB,AB,1):
s729121450.py(29):       if (not(ab[i+10000]))and(not(ac[j+10000]))and(not(bc[j-i+10000])):
s729121450.py(28):     for j in range(-AB,AB,1):
s729121450.py(29):       if (not(ab[i+10000]))and(not(ac[j+10000]))and(not(bc[j-i+10000])):
s729121450.py(30):         L = min(0,min(i,j))
s729121450.py(31):         R = max(A,max(B+i,C+j))
s729121450.py(32):         ans = min(ans,R-L)
s729121450.py(28):     for j in range(-AB,AB,1):
s729121450.py(29):       if (not(ab[i+10000]))and(not(ac[j+10000]))and(not(bc[j-i+10000])):
s729121450.py(30):         L = min(0,min(i,j))
s729121450.py(31):         R = max(A,max(B+i,C+j))
s729121450.py(32):         ans = min(ans,R-L)
s729121450.py(28):     for j in range(-AB,AB,1):
s729121450.py(29):       if (not(ab[i+10000]))and(not(ac[j+10000]))and(not(bc[j-i+10000])):
s729121450.py(28):     for j in range(-AB,AB,1):
s729121450.py(29):       if (not(ab[i+10000]))and(not(ac[j+10000]))and(not(bc[j-i+10000])):
s729121450.py(28):     for j in range(-AB,AB,1):
s729121450.py(27):   for i in range(-AC,AC,1):
s729121450.py(33):   print(ans)
7
