 --- modulename: s731022822, funcname: <module>
s731022822.py(2): import sys
s731022822.py(4): YES = "YES"  # type: str
s731022822.py(5): NO = "NO"  # type: str
s731022822.py(8): def solve(S: str):
s731022822.py(21): def main():
s731022822.py(30): if __name__ == '__main__':
s731022822.py(31):     main()
 --- modulename: s731022822, funcname: main
s731022822.py(22):     def iterate_tokens():
s731022822.py(26):     tokens = iterate_tokens()
s731022822.py(27):     S = next(tokens)  # type: str
 --- modulename: s731022822, funcname: iterate_tokens
s731022822.py(23):         for line in sys.stdin:
 --- modulename: codecs, funcname: decode
codecs.py(321):         data = self.buffer + input
codecs.py(322):         (result, consumed) = self._buffer_decode(data, self.errors, final)
codecs.py(324):         self.buffer = data[consumed:]
codecs.py(325):         return result
s731022822.py(24):             for word in line.split():
s731022822.py(25):                 yield word
s731022822.py(28):     solve(S)
 --- modulename: s731022822, funcname: solve
s731022822.py(10):     N = len(S)
s731022822.py(11):     if any([(S[0:i]+S[i+N-7:N]) == 'keyence' for i in range(N)]):
 --- modulename: s731022822, funcname: <listcomp>
s731022822.py(11):     if any([(S[0:i]+S[i+N-7:N]) == 'keyence' for i in range(N)]):
s731022822.py(11):     if any([(S[0:i]+S[i+N-7:N]) == 'keyence' for i in range(N)]):
s731022822.py(11):     if any([(S[0:i]+S[i+N-7:N]) == 'keyence' for i in range(N)]):
s731022822.py(11):     if any([(S[0:i]+S[i+N-7:N]) == 'keyence' for i in range(N)]):
s731022822.py(11):     if any([(S[0:i]+S[i+N-7:N]) == 'keyence' for i in range(N)]):
s731022822.py(11):     if any([(S[0:i]+S[i+N-7:N]) == 'keyence' for i in range(N)]):
s731022822.py(11):     if any([(S[0:i]+S[i+N-7:N]) == 'keyence' for i in range(N)]):
s731022822.py(11):     if any([(S[0:i]+S[i+N-7:N]) == 'keyence' for i in range(N)]):
s731022822.py(11):     if any([(S[0:i]+S[i+N-7:N]) == 'keyence' for i in range(N)]):
s731022822.py(11):     if any([(S[0:i]+S[i+N-7:N]) == 'keyence' for i in range(N)]):
s731022822.py(11):     if any([(S[0:i]+S[i+N-7:N]) == 'keyence' for i in range(N)]):
s731022822.py(11):     if any([(S[0:i]+S[i+N-7:N]) == 'keyence' for i in range(N)]):
s731022822.py(11):     if any([(S[0:i]+S[i+N-7:N]) == 'keyence' for i in range(N)]):
s731022822.py(12):         print(YES)
YES
s731022822.py(17):     return
 --- modulename: s731022822, funcname: iterate_tokens
