 --- modulename: s010357840, funcname: <module>
s010357840.py(2): import sys
s010357840.py(3): sys.setrecursionlimit(10**6)
s010357840.py(4): INF = 10 ** 9 + 1  # sys.maxsize # float("inf")
s010357840.py(5): MOD = 10 ** 9 + 7
s010357840.py(8): def debug(*x):
s010357840.py(12): def solve(N, AS):
s010357840.py(28): def main():
s010357840.py(36): T1 = """
s010357840.py(40): TEST_T1 = """
s010357840.py(46): T2 = """
s010357840.py(50): TEST_T2 = """
s010357840.py(57): def _test():
s010357840.py(66): def as_input(s):
s010357840.py(75): input = sys.stdin.buffer.readline
s010357840.py(76): read = sys.stdin.buffer.read
s010357840.py(78): if sys.argv[-1] == "-t":
s010357840.py(83): main()
 --- modulename: s010357840, funcname: main
s010357840.py(30):     N = int(input())
s010357840.py(31):     AS = list(map(int, input().split()))
s010357840.py(32):     print(solve(N, AS))
 --- modulename: s010357840, funcname: solve
s010357840.py(13):     sum = 0
s010357840.py(14):     sumSq = 0
s010357840.py(15):     for i in range(N):
s010357840.py(16):         sum += AS[i]
s010357840.py(17):         sum %= MOD
s010357840.py(18):         sumSq += AS[i] * AS[i]
s010357840.py(19):         sumSq %= MOD
s010357840.py(15):     for i in range(N):
s010357840.py(16):         sum += AS[i]
s010357840.py(17):         sum %= MOD
s010357840.py(18):         sumSq += AS[i] * AS[i]
s010357840.py(19):         sumSq %= MOD
s010357840.py(15):     for i in range(N):
s010357840.py(16):         sum += AS[i]
s010357840.py(17):         sum %= MOD
s010357840.py(18):         sumSq += AS[i] * AS[i]
s010357840.py(19):         sumSq %= MOD
s010357840.py(15):     for i in range(N):
s010357840.py(21):     ret = (sum * sum - sumSq) % MOD
s010357840.py(22):     if ret % 2 == 0:
s010357840.py(23):         return ret // 2
11
