 --- modulename: s010780445, funcname: <module>
s010780445.py(1): from collections import deque
 --- modulename: _bootstrap, funcname: _handle_fromlist
<frozen importlib._bootstrap>(1043): <frozen importlib._bootstrap>(1044): <frozen importlib._bootstrap>(1051): <frozen importlib._bootstrap>(1055): <frozen importlib._bootstrap>(1043): <frozen importlib._bootstrap>(1067): s010780445.py(3): WHITE = -1
s010780445.py(4): BLACK = -2
s010780445.py(5): GOAL = -3
s010780445.py(7):     '.': WHITE,
s010780445.py(8):     '#': BLACK
s010780445.py(6): field_mapping = {
s010780445.py(12): def neighbors(y, x):
s010780445.py(25): def searching():
s010780445.py(41): def main():
s010780445.py(61): if __name__ == '__main__':
s010780445.py(62):     main()
 --- modulename: s010780445, funcname: main
s010780445.py(43):     [H, W] = [int(i) for i in input().split()]
 --- modulename: codecs, funcname: getstate
codecs.py(333):         return (self.buffer, 0)
 --- modulename: codecs, funcname: decode
codecs.py(321):         data = self.buffer + input
codecs.py(322):         (result, consumed) = self._buffer_decode(data, self.errors, final)
codecs.py(324):         self.buffer = data[consumed:]
codecs.py(325):         return result
 --- modulename: s010780445, funcname: <listcomp>
s010780445.py(43):     [H, W] = [int(i) for i in input().split()]
s010780445.py(43):     [H, W] = [int(i) for i in input().split()]
s010780445.py(43):     [H, W] = [int(i) for i in input().split()]
s010780445.py(44):     field = []
s010780445.py(45):     white_num = 0
s010780445.py(46):     for i in range(H):
s010780445.py(47):         line = []
s010780445.py(48):         for color in [field_mapping[s] for s in input()]:
 --- modulename: s010780445, funcname: <listcomp>
s010780445.py(48):         for color in [field_mapping[s] for s in input()]:
s010780445.py(48):         for color in [field_mapping[s] for s in input()]:
s010780445.py(48):         for color in [field_mapping[s] for s in input()]:
s010780445.py(48):         for color in [field_mapping[s] for s in input()]:
s010780445.py(49):             line.append(color)
s010780445.py(50):             if color == WHITE:
s010780445.py(51):                 white_num += 1
s010780445.py(48):         for color in [field_mapping[s] for s in input()]:
s010780445.py(49):             line.append(color)
s010780445.py(50):             if color == WHITE:
s010780445.py(51):                 white_num += 1
s010780445.py(48):         for color in [field_mapping[s] for s in input()]:
s010780445.py(49):             line.append(color)
s010780445.py(50):             if color == WHITE:
s010780445.py(48):         for color in [field_mapping[s] for s in input()]:
s010780445.py(52):         field.append(line)
s010780445.py(46):     for i in range(H):
s010780445.py(47):         line = []
s010780445.py(48):         for color in [field_mapping[s] for s in input()]:
 --- modulename: s010780445, funcname: <listcomp>
s010780445.py(48):         for color in [field_mapping[s] for s in input()]:
s010780445.py(48):         for color in [field_mapping[s] for s in input()]:
s010780445.py(48):         for color in [field_mapping[s] for s in input()]:
s010780445.py(48):         for color in [field_mapping[s] for s in input()]:
s010780445.py(49):             line.append(color)
s010780445.py(50):             if color == WHITE:
s010780445.py(48):         for color in [field_mapping[s] for s in input()]:
s010780445.py(49):             line.append(color)
s010780445.py(50):             if color == WHITE:
s010780445.py(51):                 white_num += 1
s010780445.py(48):         for color in [field_mapping[s] for s in input()]:
s010780445.py(49):             line.append(color)
s010780445.py(50):             if color == WHITE:
s010780445.py(51):                 white_num += 1
s010780445.py(48):         for color in [field_mapping[s] for s in input()]:
s010780445.py(52):         field.append(line)
s010780445.py(46):     for i in range(H):
s010780445.py(47):         line = []
s010780445.py(48):         for color in [field_mapping[s] for s in input()]:
 --- modulename: s010780445, funcname: <listcomp>
s010780445.py(48):         for color in [field_mapping[s] for s in input()]:
s010780445.py(48):         for color in [field_mapping[s] for s in input()]:
s010780445.py(48):         for color in [field_mapping[s] for s in input()]:
s010780445.py(48):         for color in [field_mapping[s] for s in input()]:
s010780445.py(49):             line.append(color)
s010780445.py(50):             if color == WHITE:
s010780445.py(51):                 white_num += 1
s010780445.py(48):         for color in [field_mapping[s] for s in input()]:
s010780445.py(49):             line.append(color)
s010780445.py(50):             if color == WHITE:
s010780445.py(51):                 white_num += 1
s010780445.py(48):         for color in [field_mapping[s] for s in input()]:
s010780445.py(49):             line.append(color)
s010780445.py(50):             if color == WHITE:
s010780445.py(51):                 white_num += 1
s010780445.py(48):         for color in [field_mapping[s] for s in input()]:
s010780445.py(52):         field.append(line)
s010780445.py(46):     for i in range(H):
s010780445.py(53):     field[H-1][W-1] = GOAL
s010780445.py(54):     walked_points = searching()
 --- modulename: s010780445, funcname: searching
s010780445.py(26):     field[0][0] = 1
s010780445.py(27):     queue = deque([[0, 0]])
s010780445.py(28):     while len(queue) > 0:
s010780445.py(29):         [y, x] = queue.popleft()
s010780445.py(30):         current_distance = field[y][x]
s010780445.py(31):         for [n_y, n_x] in neighbors(y, x):
 --- modulename: s010780445, funcname: neighbors
s010780445.py(13):     points = []
s010780445.py(14):     if y-1 >= 0:
s010780445.py(16):     if y+1 < H:
s010780445.py(17):         points.append([y+1, x])
s010780445.py(18):     if x-1 >= 0:
s010780445.py(20):     if x+1 < W:
s010780445.py(21):         points.append([y, x+1])
s010780445.py(22):     return points
s010780445.py(32):             point_status = field[n_y][n_x]
s010780445.py(33):             if point_status == WHITE:
s010780445.py(36):             elif point_status == GOAL:
s010780445.py(31):         for [n_y, n_x] in neighbors(y, x):
s010780445.py(32):             point_status = field[n_y][n_x]
s010780445.py(33):             if point_status == WHITE:
s010780445.py(34):                 field[n_y][n_x] = current_distance + 1
s010780445.py(35):                 queue.append([n_y, n_x])
s010780445.py(31):         for [n_y, n_x] in neighbors(y, x):
s010780445.py(28):     while len(queue) > 0:
s010780445.py(29):         [y, x] = queue.popleft()
s010780445.py(30):         current_distance = field[y][x]
s010780445.py(31):         for [n_y, n_x] in neighbors(y, x):
 --- modulename: s010780445, funcname: neighbors
s010780445.py(13):     points = []
s010780445.py(14):     if y-1 >= 0:
s010780445.py(16):     if y+1 < H:
s010780445.py(17):         points.append([y+1, x])
s010780445.py(18):     if x-1 >= 0:
s010780445.py(19):         points.append([y, x-1])
s010780445.py(20):     if x+1 < W:
s010780445.py(21):         points.append([y, x+1])
s010780445.py(22):     return points
s010780445.py(32):             point_status = field[n_y][n_x]
s010780445.py(33):             if point_status == WHITE:
s010780445.py(34):                 field[n_y][n_x] = current_distance + 1
s010780445.py(35):                 queue.append([n_y, n_x])
s010780445.py(31):         for [n_y, n_x] in neighbors(y, x):
s010780445.py(32):             point_status = field[n_y][n_x]
s010780445.py(33):             if point_status == WHITE:
s010780445.py(36):             elif point_status == GOAL:
s010780445.py(31):         for [n_y, n_x] in neighbors(y, x):
s010780445.py(32):             point_status = field[n_y][n_x]
s010780445.py(33):             if point_status == WHITE:
s010780445.py(36):             elif point_status == GOAL:
s010780445.py(31):         for [n_y, n_x] in neighbors(y, x):
s010780445.py(28):     while len(queue) > 0:
s010780445.py(29):         [y, x] = queue.popleft()
s010780445.py(30):         current_distance = field[y][x]
s010780445.py(31):         for [n_y, n_x] in neighbors(y, x):
 --- modulename: s010780445, funcname: neighbors
s010780445.py(13):     points = []
s010780445.py(14):     if y-1 >= 0:
s010780445.py(15):         points.append([y-1, x])
s010780445.py(16):     if y+1 < H:
s010780445.py(17):         points.append([y+1, x])
s010780445.py(18):     if x-1 >= 0:
s010780445.py(19):         points.append([y, x-1])
s010780445.py(20):     if x+1 < W:
s010780445.py(21):         points.append([y, x+1])
s010780445.py(22):     return points
s010780445.py(32):             point_status = field[n_y][n_x]
s010780445.py(33):             if point_status == WHITE:
s010780445.py(36):             elif point_status == GOAL:
s010780445.py(31):         for [n_y, n_x] in neighbors(y, x):
s010780445.py(32):             point_status = field[n_y][n_x]
s010780445.py(33):             if point_status == WHITE:
s010780445.py(34):                 field[n_y][n_x] = current_distance + 1
s010780445.py(35):                 queue.append([n_y, n_x])
s010780445.py(31):         for [n_y, n_x] in neighbors(y, x):
s010780445.py(32):             point_status = field[n_y][n_x]
s010780445.py(33):             if point_status == WHITE:
s010780445.py(36):             elif point_status == GOAL:
s010780445.py(31):         for [n_y, n_x] in neighbors(y, x):
s010780445.py(32):             point_status = field[n_y][n_x]
s010780445.py(33):             if point_status == WHITE:
s010780445.py(34):                 field[n_y][n_x] = current_distance + 1
s010780445.py(35):                 queue.append([n_y, n_x])
s010780445.py(31):         for [n_y, n_x] in neighbors(y, x):
s010780445.py(28):     while len(queue) > 0:
s010780445.py(29):         [y, x] = queue.popleft()
s010780445.py(30):         current_distance = field[y][x]
s010780445.py(31):         for [n_y, n_x] in neighbors(y, x):
 --- modulename: s010780445, funcname: neighbors
s010780445.py(13):     points = []
s010780445.py(14):     if y-1 >= 0:
s010780445.py(15):         points.append([y-1, x])
s010780445.py(16):     if y+1 < H:
s010780445.py(18):     if x-1 >= 0:
s010780445.py(19):         points.append([y, x-1])
s010780445.py(20):     if x+1 < W:
s010780445.py(21):         points.append([y, x+1])
s010780445.py(22):     return points
s010780445.py(32):             point_status = field[n_y][n_x]
s010780445.py(33):             if point_status == WHITE:
s010780445.py(36):             elif point_status == GOAL:
s010780445.py(31):         for [n_y, n_x] in neighbors(y, x):
s010780445.py(32):             point_status = field[n_y][n_x]
s010780445.py(33):             if point_status == WHITE:
s010780445.py(34):                 field[n_y][n_x] = current_distance + 1
s010780445.py(35):                 queue.append([n_y, n_x])
s010780445.py(31):         for [n_y, n_x] in neighbors(y, x):
s010780445.py(32):             point_status = field[n_y][n_x]
s010780445.py(33):             if point_status == WHITE:
s010780445.py(36):             elif point_status == GOAL:
s010780445.py(37):                 return current_distance + 1
s010780445.py(55):     if walked_points < 0:
s010780445.py(58):         print(white_num - walked_points)
2
