 --- modulename: s022358751, funcname: <module>
s022358751.py(1): import sys
s022358751.py(2): input = sys.stdin.buffer.readline
s022358751.py(5): def gcd(a: int, b: int):
s022358751.py(9): def lcm(a: int, b: int):
s022358751.py(13): def main():
s022358751.py(38): if __name__ == "__main__":
s022358751.py(39):     main()
 --- modulename: s022358751, funcname: main
s022358751.py(14):     N = int(input())
s022358751.py(15):     mT = [tuple(input().decode().split()) for _ in [0,]*N]
 --- modulename: s022358751, funcname: <listcomp>
s022358751.py(15):     mT = [tuple(input().decode().split()) for _ in [0,]*N]
s022358751.py(15):     mT = [tuple(input().decode().split()) for _ in [0,]*N]
s022358751.py(15):     mT = [tuple(input().decode().split()) for _ in [0,]*N]
s022358751.py(15):     mT = [tuple(input().decode().split()) for _ in [0,]*N]
s022358751.py(17):     X = input().decode().rstrip()
s022358751.py(19):     p = 0
s022358751.py(20):     res = 0
s022358751.py(21):     for s,t in mT:
s022358751.py(22):         nt = int(t)
s022358751.py(23):         if p:
s022358751.py(25):         if s==X:
s022358751.py(26):             p = 1
s022358751.py(21):     for s,t in mT:
s022358751.py(22):         nt = int(t)
s022358751.py(23):         if p:
s022358751.py(24):             res += nt
s022358751.py(25):         if s==X:
s022358751.py(21):     for s,t in mT:
s022358751.py(22):         nt = int(t)
s022358751.py(23):         if p:
s022358751.py(24):             res += nt
s022358751.py(25):         if s==X:
s022358751.py(21):     for s,t in mT:
s022358751.py(28):     print(res)
30
