 --- modulename: s028773378, funcname: <module>
s028773378.py(1): from collections import deque
 --- modulename: _bootstrap, funcname: _handle_fromlist
<frozen importlib._bootstrap>(1043): <frozen importlib._bootstrap>(1044): <frozen importlib._bootstrap>(1051): <frozen importlib._bootstrap>(1055): <frozen importlib._bootstrap>(1043): <frozen importlib._bootstrap>(1067): s028773378.py(2): n = int(input())
 --- modulename: codecs, funcname: getstate
codecs.py(333):         return (self.buffer, 0)
 --- modulename: codecs, funcname: decode
codecs.py(321):         data = self.buffer + input
codecs.py(322):         (result, consumed) = self._buffer_decode(data, self.errors, final)
codecs.py(324):         self.buffer = data[consumed:]
codecs.py(325):         return result
s028773378.py(3): g = [[] for i in range(n)]
 --- modulename: s028773378, funcname: <listcomp>
s028773378.py(3): g = [[] for i in range(n)]
s028773378.py(3): g = [[] for i in range(n)]
s028773378.py(3): g = [[] for i in range(n)]
s028773378.py(3): g = [[] for i in range(n)]
s028773378.py(3): g = [[] for i in range(n)]
s028773378.py(3): g = [[] for i in range(n)]
s028773378.py(3): g = [[] for i in range(n)]
s028773378.py(3): g = [[] for i in range(n)]
s028773378.py(4): for i in range(n-1):
s028773378.py(5):     a, b = map(int, input().split())
s028773378.py(6):     g[a-1].append(b-1)
s028773378.py(7):     g[b-1].append(a-1)
s028773378.py(4): for i in range(n-1):
s028773378.py(5):     a, b = map(int, input().split())
s028773378.py(6):     g[a-1].append(b-1)
s028773378.py(7):     g[b-1].append(a-1)
s028773378.py(4): for i in range(n-1):
s028773378.py(5):     a, b = map(int, input().split())
s028773378.py(6):     g[a-1].append(b-1)
s028773378.py(7):     g[b-1].append(a-1)
s028773378.py(4): for i in range(n-1):
s028773378.py(5):     a, b = map(int, input().split())
s028773378.py(6):     g[a-1].append(b-1)
s028773378.py(7):     g[b-1].append(a-1)
s028773378.py(4): for i in range(n-1):
s028773378.py(5):     a, b = map(int, input().split())
s028773378.py(6):     g[a-1].append(b-1)
s028773378.py(7):     g[b-1].append(a-1)
s028773378.py(4): for i in range(n-1):
s028773378.py(5):     a, b = map(int, input().split())
s028773378.py(6):     g[a-1].append(b-1)
s028773378.py(7):     g[b-1].append(a-1)
s028773378.py(4): for i in range(n-1):
s028773378.py(9): parent = [-1 for i in range(n)]
 --- modulename: s028773378, funcname: <listcomp>
s028773378.py(9): parent = [-1 for i in range(n)]
s028773378.py(9): parent = [-1 for i in range(n)]
s028773378.py(9): parent = [-1 for i in range(n)]
s028773378.py(9): parent = [-1 for i in range(n)]
s028773378.py(9): parent = [-1 for i in range(n)]
s028773378.py(9): parent = [-1 for i in range(n)]
s028773378.py(9): parent = [-1 for i in range(n)]
s028773378.py(9): parent = [-1 for i in range(n)]
s028773378.py(10): dist = [-1 for i in range(n)]
 --- modulename: s028773378, funcname: <listcomp>
s028773378.py(10): dist = [-1 for i in range(n)]
s028773378.py(10): dist = [-1 for i in range(n)]
s028773378.py(10): dist = [-1 for i in range(n)]
s028773378.py(10): dist = [-1 for i in range(n)]
s028773378.py(10): dist = [-1 for i in range(n)]
s028773378.py(10): dist = [-1 for i in range(n)]
s028773378.py(10): dist = [-1 for i in range(n)]
s028773378.py(10): dist = [-1 for i in range(n)]
s028773378.py(11): flag = [0 for i in range(n)]
 --- modulename: s028773378, funcname: <listcomp>
s028773378.py(11): flag = [0 for i in range(n)]
s028773378.py(11): flag = [0 for i in range(n)]
s028773378.py(11): flag = [0 for i in range(n)]
s028773378.py(11): flag = [0 for i in range(n)]
s028773378.py(11): flag = [0 for i in range(n)]
s028773378.py(11): flag = [0 for i in range(n)]
s028773378.py(11): flag = [0 for i in range(n)]
s028773378.py(11): flag = [0 for i in range(n)]
s028773378.py(13): def dfs(s):
s028773378.py(29): parent2 = [-1 for i in range(n)]
 --- modulename: s028773378, funcname: <listcomp>
s028773378.py(29): parent2 = [-1 for i in range(n)]
s028773378.py(29): parent2 = [-1 for i in range(n)]
s028773378.py(29): parent2 = [-1 for i in range(n)]
s028773378.py(29): parent2 = [-1 for i in range(n)]
s028773378.py(29): parent2 = [-1 for i in range(n)]
s028773378.py(29): parent2 = [-1 for i in range(n)]
s028773378.py(29): parent2 = [-1 for i in range(n)]
s028773378.py(29): parent2 = [-1 for i in range(n)]
s028773378.py(30): dist2 = [-1 for i in range(n)]
 --- modulename: s028773378, funcname: <listcomp>
s028773378.py(30): dist2 = [-1 for i in range(n)]
s028773378.py(30): dist2 = [-1 for i in range(n)]
s028773378.py(30): dist2 = [-1 for i in range(n)]
s028773378.py(30): dist2 = [-1 for i in range(n)]
s028773378.py(30): dist2 = [-1 for i in range(n)]
s028773378.py(30): dist2 = [-1 for i in range(n)]
s028773378.py(30): dist2 = [-1 for i in range(n)]
s028773378.py(30): dist2 = [-1 for i in range(n)]
s028773378.py(31): flag2 = [0 for i in range(n)]
 --- modulename: s028773378, funcname: <listcomp>
s028773378.py(31): flag2 = [0 for i in range(n)]
s028773378.py(31): flag2 = [0 for i in range(n)]
s028773378.py(31): flag2 = [0 for i in range(n)]
s028773378.py(31): flag2 = [0 for i in range(n)]
s028773378.py(31): flag2 = [0 for i in range(n)]
s028773378.py(31): flag2 = [0 for i in range(n)]
s028773378.py(31): flag2 = [0 for i in range(n)]
s028773378.py(31): flag2 = [0 for i in range(n)]
s028773378.py(33): def dfs_f(s):
s028773378.py(52): parent3 = [-1 for i in range(n)]
 --- modulename: s028773378, funcname: <listcomp>
s028773378.py(52): parent3 = [-1 for i in range(n)]
s028773378.py(52): parent3 = [-1 for i in range(n)]
s028773378.py(52): parent3 = [-1 for i in range(n)]
s028773378.py(52): parent3 = [-1 for i in range(n)]
s028773378.py(52): parent3 = [-1 for i in range(n)]
s028773378.py(52): parent3 = [-1 for i in range(n)]
s028773378.py(52): parent3 = [-1 for i in range(n)]
s028773378.py(52): parent3 = [-1 for i in range(n)]
s028773378.py(53): dist3 = [-1 for i in range(n)]
 --- modulename: s028773378, funcname: <listcomp>
s028773378.py(53): dist3 = [-1 for i in range(n)]
s028773378.py(53): dist3 = [-1 for i in range(n)]
s028773378.py(53): dist3 = [-1 for i in range(n)]
s028773378.py(53): dist3 = [-1 for i in range(n)]
s028773378.py(53): dist3 = [-1 for i in range(n)]
s028773378.py(53): dist3 = [-1 for i in range(n)]
s028773378.py(53): dist3 = [-1 for i in range(n)]
s028773378.py(53): dist3 = [-1 for i in range(n)]
s028773378.py(54): flag3 = [0 for i in range(n)]
 --- modulename: s028773378, funcname: <listcomp>
s028773378.py(54): flag3 = [0 for i in range(n)]
s028773378.py(54): flag3 = [0 for i in range(n)]
s028773378.py(54): flag3 = [0 for i in range(n)]
s028773378.py(54): flag3 = [0 for i in range(n)]
s028773378.py(54): flag3 = [0 for i in range(n)]
s028773378.py(54): flag3 = [0 for i in range(n)]
s028773378.py(54): flag3 = [0 for i in range(n)]
s028773378.py(54): flag3 = [0 for i in range(n)]
s028773378.py(56): def dfs_s(s):
s028773378.py(75): dfs(0)
 --- modulename: s028773378, funcname: dfs
s028773378.py(14):     flag[s] = 1
s028773378.py(15):     dist[s] = 0
s028773378.py(16):     d = 0
s028773378.py(17):     q = deque([(s, d)])
s028773378.py(19):     while len(q) > 0:
s028773378.py(20):         v = q.popleft()
s028773378.py(21):         for i in g[v[0]]:
s028773378.py(22):             if flag[i]:
s028773378.py(24):             flag[i] = 1
s028773378.py(25):             parent[i] = v[0]
s028773378.py(26):             dist[i] = v[1] + 1
s028773378.py(27):             q.append((i, v[1] + 1))
s028773378.py(21):         for i in g[v[0]]:
s028773378.py(22):             if flag[i]:
s028773378.py(24):             flag[i] = 1
s028773378.py(25):             parent[i] = v[0]
s028773378.py(26):             dist[i] = v[1] + 1
s028773378.py(27):             q.append((i, v[1] + 1))
s028773378.py(21):         for i in g[v[0]]:
s028773378.py(22):             if flag[i]:
s028773378.py(24):             flag[i] = 1
s028773378.py(25):             parent[i] = v[0]
s028773378.py(26):             dist[i] = v[1] + 1
s028773378.py(27):             q.append((i, v[1] + 1))
s028773378.py(21):         for i in g[v[0]]:
s028773378.py(19):     while len(q) > 0:
s028773378.py(20):         v = q.popleft()
s028773378.py(21):         for i in g[v[0]]:
s028773378.py(22):             if flag[i]:
s028773378.py(23):                 continue
s028773378.py(21):         for i in g[v[0]]:
s028773378.py(19):     while len(q) > 0:
s028773378.py(20):         v = q.popleft()
s028773378.py(21):         for i in g[v[0]]:
s028773378.py(22):             if flag[i]:
s028773378.py(24):             flag[i] = 1
s028773378.py(25):             parent[i] = v[0]
s028773378.py(26):             dist[i] = v[1] + 1
s028773378.py(27):             q.append((i, v[1] + 1))
s028773378.py(21):         for i in g[v[0]]:
s028773378.py(22):             if flag[i]:
s028773378.py(23):                 continue
s028773378.py(21):         for i in g[v[0]]:
s028773378.py(19):     while len(q) > 0:
s028773378.py(20):         v = q.popleft()
s028773378.py(21):         for i in g[v[0]]:
s028773378.py(22):             if flag[i]:
s028773378.py(24):             flag[i] = 1
s028773378.py(25):             parent[i] = v[0]
s028773378.py(26):             dist[i] = v[1] + 1
s028773378.py(27):             q.append((i, v[1] + 1))
s028773378.py(21):         for i in g[v[0]]:
s028773378.py(22):             if flag[i]:
s028773378.py(23):                 continue
s028773378.py(21):         for i in g[v[0]]:
s028773378.py(19):     while len(q) > 0:
s028773378.py(20):         v = q.popleft()
s028773378.py(21):         for i in g[v[0]]:
s028773378.py(22):             if flag[i]:
s028773378.py(23):                 continue
s028773378.py(21):         for i in g[v[0]]:
s028773378.py(19):     while len(q) > 0:
s028773378.py(20):         v = q.popleft()
s028773378.py(21):         for i in g[v[0]]:
s028773378.py(22):             if flag[i]:
s028773378.py(23):                 continue
s028773378.py(21):         for i in g[v[0]]:
s028773378.py(22):             if flag[i]:
s028773378.py(24):             flag[i] = 1
s028773378.py(25):             parent[i] = v[0]
s028773378.py(26):             dist[i] = v[1] + 1
s028773378.py(27):             q.append((i, v[1] + 1))
s028773378.py(21):         for i in g[v[0]]:
s028773378.py(19):     while len(q) > 0:
s028773378.py(20):         v = q.popleft()
s028773378.py(21):         for i in g[v[0]]:
s028773378.py(22):             if flag[i]:
s028773378.py(23):                 continue
s028773378.py(21):         for i in g[v[0]]:
s028773378.py(19):     while len(q) > 0:
s028773378.py(76): D = dist[n-1]
s028773378.py(78): j = n-1
s028773378.py(79): flag2[n-1] = 1
s028773378.py(80): flag3[0] = 1
s028773378.py(81): for i in range(D):
s028773378.py(82):     if (D - i) >= (D+2)//2:
s028773378.py(83):         flag2[j] = 1
s028773378.py(84):         j = parent[j]
s028773378.py(81): for i in range(D):
s028773378.py(82):     if (D - i) >= (D+2)//2:
s028773378.py(86):         flag3[j] = 1
s028773378.py(87):         j = parent[j]
s028773378.py(81): for i in range(D):
s028773378.py(89): df = dfs_f(0)
 --- modulename: s028773378, funcname: dfs_f
s028773378.py(34):     count2 = 0
s028773378.py(35):     flag2[s] = 1
s028773378.py(36):     dist2[s] = 0
s028773378.py(37):     d = 0
s028773378.py(38):     q = deque([(s, d)])
s028773378.py(40):     while len(q) > 0:
s028773378.py(41):         v = q.popleft()
s028773378.py(42):         for i in g[v[0]]:
s028773378.py(43):             if flag2[i]:
s028773378.py(45):             count2 += 1
s028773378.py(46):             flag2[i] = 1
s028773378.py(47):             parent2[i] = v
s028773378.py(48):             dist2[i] = v[1] + 1
s028773378.py(49):             q.append((i, v[1] + 1))
s028773378.py(42):         for i in g[v[0]]:
s028773378.py(43):             if flag2[i]:
s028773378.py(45):             count2 += 1
s028773378.py(46):             flag2[i] = 1
s028773378.py(47):             parent2[i] = v
s028773378.py(48):             dist2[i] = v[1] + 1
s028773378.py(49):             q.append((i, v[1] + 1))
s028773378.py(42):         for i in g[v[0]]:
s028773378.py(43):             if flag2[i]:
s028773378.py(45):             count2 += 1
s028773378.py(46):             flag2[i] = 1
s028773378.py(47):             parent2[i] = v
s028773378.py(48):             dist2[i] = v[1] + 1
s028773378.py(49):             q.append((i, v[1] + 1))
s028773378.py(42):         for i in g[v[0]]:
s028773378.py(40):     while len(q) > 0:
s028773378.py(41):         v = q.popleft()
s028773378.py(42):         for i in g[v[0]]:
s028773378.py(43):             if flag2[i]:
s028773378.py(44):                 continue
s028773378.py(42):         for i in g[v[0]]:
s028773378.py(40):     while len(q) > 0:
s028773378.py(41):         v = q.popleft()
s028773378.py(42):         for i in g[v[0]]:
s028773378.py(43):             if flag2[i]:
s028773378.py(45):             count2 += 1
s028773378.py(46):             flag2[i] = 1
s028773378.py(47):             parent2[i] = v
s028773378.py(48):             dist2[i] = v[1] + 1
s028773378.py(49):             q.append((i, v[1] + 1))
s028773378.py(42):         for i in g[v[0]]:
s028773378.py(43):             if flag2[i]:
s028773378.py(44):                 continue
s028773378.py(42):         for i in g[v[0]]:
s028773378.py(40):     while len(q) > 0:
s028773378.py(41):         v = q.popleft()
s028773378.py(42):         for i in g[v[0]]:
s028773378.py(43):             if flag2[i]:
s028773378.py(44):                 continue
s028773378.py(42):         for i in g[v[0]]:
s028773378.py(43):             if flag2[i]:
s028773378.py(44):                 continue
s028773378.py(42):         for i in g[v[0]]:
s028773378.py(40):     while len(q) > 0:
s028773378.py(41):         v = q.popleft()
s028773378.py(42):         for i in g[v[0]]:
s028773378.py(43):             if flag2[i]:
s028773378.py(44):                 continue
s028773378.py(42):         for i in g[v[0]]:
s028773378.py(40):     while len(q) > 0:
s028773378.py(50):     return count2
s028773378.py(90): ds = dfs_s(n-1)
 --- modulename: s028773378, funcname: dfs_s
s028773378.py(57):     count3 = 0
s028773378.py(58):     flag3[s] = 1
s028773378.py(59):     dist3[s] = 0
s028773378.py(60):     d = 0
s028773378.py(61):     q = deque([(s, d)])
s028773378.py(63):     while len(q) > 0:
s028773378.py(64):         v = q.popleft()
s028773378.py(65):         for i in g[v[0]]:
s028773378.py(66):             if flag3[i]:
s028773378.py(67):                 continue
s028773378.py(65):         for i in g[v[0]]:
s028773378.py(66):             if flag3[i]:
s028773378.py(68):             count3 += 1
s028773378.py(69):             flag3[i] = 1
s028773378.py(70):             parent3[i] = v[0]
s028773378.py(71):             dist3[i] = v[1] + 1
s028773378.py(72):             q.append((i, v[1] + 1))
s028773378.py(65):         for i in g[v[0]]:
s028773378.py(63):     while len(q) > 0:
s028773378.py(64):         v = q.popleft()
s028773378.py(65):         for i in g[v[0]]:
s028773378.py(66):             if flag3[i]:
s028773378.py(67):                 continue
s028773378.py(65):         for i in g[v[0]]:
s028773378.py(63):     while len(q) > 0:
s028773378.py(73):     return count3
s028773378.py(92): if df > ds:
s028773378.py(93):     print("Fennec")
Fennec
