 --- modulename: s039056396, funcname: <module>
s039056396.py(1): from __future__ import print_function
s039056396.py(3): import sys
s039056396.py(4): input = sys.stdin.readline
s039056396.py(7): def eprint(*args, **kwargs):
s039056396.py(12): def reverse_range(Large_a, Small_b, i):  # b < a ,  get [b, a)
s039056396.py(16): def crange(a, b, i):
s039056396.py(20): def reverse_crange(Large_a, Small_b, i):
s039056396.py(71): def main():
s039056396.py(88): if __name__ == '__main__':
s039056396.py(89):     main()
 --- modulename: s039056396, funcname: main
s039056396.py(72):     s = input().strip()
 --- modulename: codecs, funcname: getstate
codecs.py(333):         return (self.buffer, 0)
 --- modulename: codecs, funcname: decode
codecs.py(321):         data = self.buffer + input
codecs.py(322):         (result, consumed) = self._buffer_decode(data, self.errors, final)
codecs.py(324):         self.buffer = data[consumed:]
codecs.py(325):         return result
s039056396.py(73):     lll = [i for i in crange(len(s) - 2, 0, -2)]
 --- modulename: s039056396, funcname: crange
s039056396.py(17):     return range(a, b + 1, i)
 --- modulename: s039056396, funcname: <listcomp>
s039056396.py(73):     lll = [i for i in crange(len(s) - 2, 0, -2)]
s039056396.py(73):     lll = [i for i in crange(len(s) - 2, 0, -2)]
s039056396.py(73):     lll = [i for i in crange(len(s) - 2, 0, -2)]
s039056396.py(73):     lll = [i for i in crange(len(s) - 2, 0, -2)]
s039056396.py(73):     lll = [i for i in crange(len(s) - 2, 0, -2)]
s039056396.py(74):     for i in crange(len(s) - 2, 0, -2):
 --- modulename: s039056396, funcname: crange
s039056396.py(17):     return range(a, b + 1, i)
s039056396.py(75):         i=i-1
s039056396.py(76):         eprint("crange", end=": ")
 --- modulename: s039056396, funcname: eprint
s039056396.py(8):     print(*args, file=sys.stderr, **kwargs)
s039056396.py(9):     return
s039056396.py(77):         eprint(lll)
 --- modulename: s039056396, funcname: eprint
s039056396.py(8):     print(*args, file=sys.stderr, **kwargs)
s039056396.py(9):     return
s039056396.py(78):         s = s[0:i]
s039056396.py(79):         if s[0:i // 2] == s[i // 2 + 1:i]:
s039056396.py(83):             eprint("debug ", end=": ")
 --- modulename: s039056396, funcname: eprint
s039056396.py(8):     print(*args, file=sys.stderr, **kwargs)
s039056396.py(9):     return
s039056396.py(84):             eprint("false this time")
 --- modulename: s039056396, funcname: eprint
s039056396.py(8):     print(*args, file=sys.stderr, **kwargs)
s039056396.py(9):     return
s039056396.py(74):     for i in crange(len(s) - 2, 0, -2):
s039056396.py(75):         i=i-1
s039056396.py(76):         eprint("crange", end=": ")
 --- modulename: s039056396, funcname: eprint
s039056396.py(8):     print(*args, file=sys.stderr, **kwargs)
s039056396.py(9):     return
s039056396.py(77):         eprint(lll)
 --- modulename: s039056396, funcname: eprint
s039056396.py(8):     print(*args, file=sys.stderr, **kwargs)
s039056396.py(9):     return
s039056396.py(78):         s = s[0:i]
s039056396.py(79):         if s[0:i // 2] == s[i // 2 + 1:i]:
s039056396.py(80):             print(i+1)
6
s039056396.py(81):             return

=== stderr ===
crange: [8, 6, 4, 2]
debug : false this time
crange: [8, 6, 4, 2]
