 --- modulename: s047451478, funcname: <module>
s047451478.py(1): from sys import stdin, stdout, stderr, setrecursionlimit
s047451478.py(2): from functools import lru_cache
s047451478.py(4): setrecursionlimit(10**7)
s047451478.py(6): mod = 10**9 + 7
s047451478.py(8): def solve():
s047451478.py(51): if __name__ == '__main__':
s047451478.py(52):     solve()
 --- modulename: s047451478, funcname: solve
s047451478.py(9):     def binom(n, k):
s047451478.py(14):     h, w, a, b = map(int, input().split())
 --- modulename: codecs, funcname: getstate
codecs.py(333):         return (self.buffer, 0)
 --- modulename: codecs, funcname: decode
codecs.py(321):         data = self.buffer + input
codecs.py(322):         (result, consumed) = self._buffer_decode(data, self.errors, final)
codecs.py(324):         self.buffer = data[consumed:]
codecs.py(325):         return result
s047451478.py(15):     ans = 0
s047451478.py(16):     modfact = [1] * (h + w)
s047451478.py(17):     factinv = [1] * (h + w)
s047451478.py(19):     for i in range(1, h + w):
s047451478.py(20):         modfact[i] = (i * modfact[i - 1]) % mod
s047451478.py(21):         factinv[i] = (pow(i, mod - 2, mod) * factinv[i - 1]) % mod
s047451478.py(19):     for i in range(1, h + w):
s047451478.py(20):         modfact[i] = (i * modfact[i - 1]) % mod
s047451478.py(21):         factinv[i] = (pow(i, mod - 2, mod) * factinv[i - 1]) % mod
s047451478.py(19):     for i in range(1, h + w):
s047451478.py(20):         modfact[i] = (i * modfact[i - 1]) % mod
s047451478.py(21):         factinv[i] = (pow(i, mod - 2, mod) * factinv[i - 1]) % mod
s047451478.py(19):     for i in range(1, h + w):
s047451478.py(20):         modfact[i] = (i * modfact[i - 1]) % mod
s047451478.py(21):         factinv[i] = (pow(i, mod - 2, mod) * factinv[i - 1]) % mod
s047451478.py(19):     for i in range(1, h + w):
s047451478.py(23):     for i in range(h - a):
s047451478.py(24):         ans += (binom(b + i - 1, i) * binom(w + h - b - i - 2, h - i - 1)) % mod
 --- modulename: s047451478, funcname: binom
s047451478.py(10):         res = (modfact[n] * factinv[k]) % mod
s047451478.py(11):         res = (res * factinv[n - k]) % mod
s047451478.py(12):         return res
 --- modulename: s047451478, funcname: binom
s047451478.py(10):         res = (modfact[n] * factinv[k]) % mod
s047451478.py(11):         res = (res * factinv[n - k]) % mod
s047451478.py(12):         return res
s047451478.py(25):         ans %= mod
s047451478.py(23):     for i in range(h - a):
s047451478.py(27):     print(ans)
2
