 --- modulename: s052182545, funcname: <module>
s052182545.py(2): from heapq import heappush, heappop
s052182545.py(3): class MinCostFlow:
 --- modulename: s052182545, funcname: MinCostFlow
s052182545.py(3): class MinCostFlow:
s052182545.py(4):     INF = 10**18
s052182545.py(6):     def __init__(self, N):
s052182545.py(10):     def add_edge(self, fr, to, cap, cost):
s052182545.py(16):     def flow(self, s, t, f):
s052182545.py(66): from sys import stdin
s052182545.py(67): def input():
s052182545.py(70): def main():
s052182545.py(103): main()
 --- modulename: s052182545, funcname: main
s052182545.py(71):     n, m = map(int, input().split())
 --- modulename: s052182545, funcname: input
s052182545.py(68):     return stdin.readline().strip()
 --- modulename: codecs, funcname: getstate
codecs.py(333):         return (self.buffer, 0)
 --- modulename: codecs, funcname: decode
codecs.py(321):         data = self.buffer + input
codecs.py(322):         (result, consumed) = self._buffer_decode(data, self.errors, final)
codecs.py(324):         self.buffer = data[consumed:]
codecs.py(325):         return result
s052182545.py(72):     s = [input() for _ in range(n)]
 --- modulename: s052182545, funcname: <listcomp>
s052182545.py(72):     s = [input() for _ in range(n)]
 --- modulename: s052182545, funcname: input
s052182545.py(68):     return stdin.readline().strip()
s052182545.py(72):     s = [input() for _ in range(n)]
 --- modulename: s052182545, funcname: input
s052182545.py(68):     return stdin.readline().strip()
s052182545.py(72):     s = [input() for _ in range(n)]
 --- modulename: s052182545, funcname: input
s052182545.py(68):     return stdin.readline().strip()
s052182545.py(72):     s = [input() for _ in range(n)]
s052182545.py(74):     mcf = MinCostFlow(n*m + 2)
 --- modulename: s052182545, funcname: __init__
s052182545.py(7):         self.N = N
s052182545.py(8):         self.G = [[] for i in range(N)]
 --- modulename: s052182545, funcname: <listcomp>
s052182545.py(8):         self.G = [[] for i in range(N)]
s052182545.py(8):         self.G = [[] for i in range(N)]
s052182545.py(8):         self.G = [[] for i in range(N)]
s052182545.py(8):         self.G = [[] for i in range(N)]
s052182545.py(8):         self.G = [[] for i in range(N)]
s052182545.py(8):         self.G = [[] for i in range(N)]
s052182545.py(8):         self.G = [[] for i in range(N)]
s052182545.py(8):         self.G = [[] for i in range(N)]
s052182545.py(8):         self.G = [[] for i in range(N)]
s052182545.py(8):         self.G = [[] for i in range(N)]
s052182545.py(8):         self.G = [[] for i in range(N)]
s052182545.py(8):         self.G = [[] for i in range(N)]
s052182545.py(76):     source = n * m
s052182545.py(77):     sink = n * m + 1
s052182545.py(79):     ans = 0
s052182545.py(80):     cnt = 0
s052182545.py(81):     for i in range(n):
s052182545.py(82):         for j in range(m):
s052182545.py(83):             if s[i][j] == '#':
s052182545.py(86):             ind = m * i + j
s052182545.py(89):             if s[i][j] == 'o':
s052182545.py(90):                 ans -= i + j
s052182545.py(91):                 cnt += 1
s052182545.py(92):                 mcf.add_edge(source, ind, 1, 0)
 --- modulename: s052182545, funcname: add_edge
s052182545.py(11):         forward = [to, cap, cost, None]
s052182545.py(12):         backward = forward[3] = [fr, 0, -cost, forward]
s052182545.py(13):         self.G[fr].append(forward)
s052182545.py(14):         self.G[to].append(backward)
s052182545.py(94):             mcf.add_edge(ind, sink, 1, -i-j)
 --- modulename: s052182545, funcname: add_edge
s052182545.py(11):         forward = [to, cap, cost, None]
s052182545.py(12):         backward = forward[3] = [fr, 0, -cost, forward]
s052182545.py(13):         self.G[fr].append(forward)
s052182545.py(14):         self.G[to].append(backward)
s052182545.py(96):             if i < n - 1 and s[i+1][j] != '#':
s052182545.py(97):                 mcf.add_edge(ind, m*(i+1) + j, 100, 0)
 --- modulename: s052182545, funcname: add_edge
s052182545.py(11):         forward = [to, cap, cost, None]
s052182545.py(12):         backward = forward[3] = [fr, 0, -cost, forward]
s052182545.py(13):         self.G[fr].append(forward)
s052182545.py(14):         self.G[to].append(backward)
s052182545.py(98):             if j < m - 1 and s[i][j+1] != '#':
s052182545.py(99):                 mcf.add_edge(ind, m*i + j+1, 100, 0)
 --- modulename: s052182545, funcname: add_edge
s052182545.py(11):         forward = [to, cap, cost, None]
s052182545.py(12):         backward = forward[3] = [fr, 0, -cost, forward]
s052182545.py(13):         self.G[fr].append(forward)
s052182545.py(14):         self.G[to].append(backward)
s052182545.py(82):         for j in range(m):
s052182545.py(83):             if s[i][j] == '#':
s052182545.py(86):             ind = m * i + j
s052182545.py(89):             if s[i][j] == 'o':
s052182545.py(94):             mcf.add_edge(ind, sink, 1, -i-j)
 --- modulename: s052182545, funcname: add_edge
s052182545.py(11):         forward = [to, cap, cost, None]
s052182545.py(12):         backward = forward[3] = [fr, 0, -cost, forward]
s052182545.py(13):         self.G[fr].append(forward)
s052182545.py(14):         self.G[to].append(backward)
s052182545.py(96):             if i < n - 1 and s[i+1][j] != '#':
s052182545.py(97):                 mcf.add_edge(ind, m*(i+1) + j, 100, 0)
 --- modulename: s052182545, funcname: add_edge
s052182545.py(11):         forward = [to, cap, cost, None]
s052182545.py(12):         backward = forward[3] = [fr, 0, -cost, forward]
s052182545.py(13):         self.G[fr].append(forward)
s052182545.py(14):         self.G[to].append(backward)
s052182545.py(98):             if j < m - 1 and s[i][j+1] != '#':
s052182545.py(99):                 mcf.add_edge(ind, m*i + j+1, 100, 0)
 --- modulename: s052182545, funcname: add_edge
s052182545.py(11):         forward = [to, cap, cost, None]
s052182545.py(12):         backward = forward[3] = [fr, 0, -cost, forward]
s052182545.py(13):         self.G[fr].append(forward)
s052182545.py(14):         self.G[to].append(backward)
s052182545.py(82):         for j in range(m):
s052182545.py(83):             if s[i][j] == '#':
s052182545.py(86):             ind = m * i + j
s052182545.py(89):             if s[i][j] == 'o':
s052182545.py(94):             mcf.add_edge(ind, sink, 1, -i-j)
 --- modulename: s052182545, funcname: add_edge
s052182545.py(11):         forward = [to, cap, cost, None]
s052182545.py(12):         backward = forward[3] = [fr, 0, -cost, forward]
s052182545.py(13):         self.G[fr].append(forward)
s052182545.py(14):         self.G[to].append(backward)
s052182545.py(96):             if i < n - 1 and s[i+1][j] != '#':
s052182545.py(97):                 mcf.add_edge(ind, m*(i+1) + j, 100, 0)
 --- modulename: s052182545, funcname: add_edge
s052182545.py(11):         forward = [to, cap, cost, None]
s052182545.py(12):         backward = forward[3] = [fr, 0, -cost, forward]
s052182545.py(13):         self.G[fr].append(forward)
s052182545.py(14):         self.G[to].append(backward)
s052182545.py(98):             if j < m - 1 and s[i][j+1] != '#':
s052182545.py(82):         for j in range(m):
s052182545.py(81):     for i in range(n):
s052182545.py(82):         for j in range(m):
s052182545.py(83):             if s[i][j] == '#':
s052182545.py(86):             ind = m * i + j
s052182545.py(89):             if s[i][j] == 'o':
s052182545.py(94):             mcf.add_edge(ind, sink, 1, -i-j)
 --- modulename: s052182545, funcname: add_edge
s052182545.py(11):         forward = [to, cap, cost, None]
s052182545.py(12):         backward = forward[3] = [fr, 0, -cost, forward]
s052182545.py(13):         self.G[fr].append(forward)
s052182545.py(14):         self.G[to].append(backward)
s052182545.py(96):             if i < n - 1 and s[i+1][j] != '#':
s052182545.py(97):                 mcf.add_edge(ind, m*(i+1) + j, 100, 0)
 --- modulename: s052182545, funcname: add_edge
s052182545.py(11):         forward = [to, cap, cost, None]
s052182545.py(12):         backward = forward[3] = [fr, 0, -cost, forward]
s052182545.py(13):         self.G[fr].append(forward)
s052182545.py(14):         self.G[to].append(backward)
s052182545.py(98):             if j < m - 1 and s[i][j+1] != '#':
s052182545.py(99):                 mcf.add_edge(ind, m*i + j+1, 100, 0)
 --- modulename: s052182545, funcname: add_edge
s052182545.py(11):         forward = [to, cap, cost, None]
s052182545.py(12):         backward = forward[3] = [fr, 0, -cost, forward]
s052182545.py(13):         self.G[fr].append(forward)
s052182545.py(14):         self.G[to].append(backward)
s052182545.py(82):         for j in range(m):
s052182545.py(83):             if s[i][j] == '#':
s052182545.py(86):             ind = m * i + j
s052182545.py(89):             if s[i][j] == 'o':
s052182545.py(94):             mcf.add_edge(ind, sink, 1, -i-j)
 --- modulename: s052182545, funcname: add_edge
s052182545.py(11):         forward = [to, cap, cost, None]
s052182545.py(12):         backward = forward[3] = [fr, 0, -cost, forward]
s052182545.py(13):         self.G[fr].append(forward)
s052182545.py(14):         self.G[to].append(backward)
s052182545.py(96):             if i < n - 1 and s[i+1][j] != '#':
s052182545.py(97):                 mcf.add_edge(ind, m*(i+1) + j, 100, 0)
 --- modulename: s052182545, funcname: add_edge
s052182545.py(11):         forward = [to, cap, cost, None]
s052182545.py(12):         backward = forward[3] = [fr, 0, -cost, forward]
s052182545.py(13):         self.G[fr].append(forward)
s052182545.py(14):         self.G[to].append(backward)
s052182545.py(98):             if j < m - 1 and s[i][j+1] != '#':
s052182545.py(99):                 mcf.add_edge(ind, m*i + j+1, 100, 0)
 --- modulename: s052182545, funcname: add_edge
s052182545.py(11):         forward = [to, cap, cost, None]
s052182545.py(12):         backward = forward[3] = [fr, 0, -cost, forward]
s052182545.py(13):         self.G[fr].append(forward)
s052182545.py(14):         self.G[to].append(backward)
s052182545.py(82):         for j in range(m):
s052182545.py(83):             if s[i][j] == '#':
s052182545.py(86):             ind = m * i + j
s052182545.py(89):             if s[i][j] == 'o':
s052182545.py(94):             mcf.add_edge(ind, sink, 1, -i-j)
 --- modulename: s052182545, funcname: add_edge
s052182545.py(11):         forward = [to, cap, cost, None]
s052182545.py(12):         backward = forward[3] = [fr, 0, -cost, forward]
s052182545.py(13):         self.G[fr].append(forward)
s052182545.py(14):         self.G[to].append(backward)
s052182545.py(96):             if i < n - 1 and s[i+1][j] != '#':
s052182545.py(98):             if j < m - 1 and s[i][j+1] != '#':
s052182545.py(82):         for j in range(m):
s052182545.py(81):     for i in range(n):
s052182545.py(82):         for j in range(m):
s052182545.py(83):             if s[i][j] == '#':
s052182545.py(86):             ind = m * i + j
s052182545.py(89):             if s[i][j] == 'o':
s052182545.py(90):                 ans -= i + j
s052182545.py(91):                 cnt += 1
s052182545.py(92):                 mcf.add_edge(source, ind, 1, 0)
 --- modulename: s052182545, funcname: add_edge
s052182545.py(11):         forward = [to, cap, cost, None]
s052182545.py(12):         backward = forward[3] = [fr, 0, -cost, forward]
s052182545.py(13):         self.G[fr].append(forward)
s052182545.py(14):         self.G[to].append(backward)
s052182545.py(94):             mcf.add_edge(ind, sink, 1, -i-j)
 --- modulename: s052182545, funcname: add_edge
s052182545.py(11):         forward = [to, cap, cost, None]
s052182545.py(12):         backward = forward[3] = [fr, 0, -cost, forward]
s052182545.py(13):         self.G[fr].append(forward)
s052182545.py(14):         self.G[to].append(backward)
s052182545.py(96):             if i < n - 1 and s[i+1][j] != '#':
s052182545.py(98):             if j < m - 1 and s[i][j+1] != '#':
s052182545.py(99):                 mcf.add_edge(ind, m*i + j+1, 100, 0)
 --- modulename: s052182545, funcname: add_edge
s052182545.py(11):         forward = [to, cap, cost, None]
s052182545.py(12):         backward = forward[3] = [fr, 0, -cost, forward]
s052182545.py(13):         self.G[fr].append(forward)
s052182545.py(14):         self.G[to].append(backward)
s052182545.py(82):         for j in range(m):
s052182545.py(83):             if s[i][j] == '#':
s052182545.py(86):             ind = m * i + j
s052182545.py(89):             if s[i][j] == 'o':
s052182545.py(94):             mcf.add_edge(ind, sink, 1, -i-j)
 --- modulename: s052182545, funcname: add_edge
s052182545.py(11):         forward = [to, cap, cost, None]
s052182545.py(12):         backward = forward[3] = [fr, 0, -cost, forward]
s052182545.py(13):         self.G[fr].append(forward)
s052182545.py(14):         self.G[to].append(backward)
s052182545.py(96):             if i < n - 1 and s[i+1][j] != '#':
s052182545.py(98):             if j < m - 1 and s[i][j+1] != '#':
s052182545.py(82):         for j in range(m):
s052182545.py(83):             if s[i][j] == '#':
s052182545.py(84):                 continue
s052182545.py(82):         for j in range(m):
s052182545.py(81):     for i in range(n):
s052182545.py(101):     print(ans - mcf.flow(source, sink, cnt))
 --- modulename: s052182545, funcname: flow
s052182545.py(17):         N = self.N; G = self.G
s052182545.py(18):         INF = MinCostFlow.INF
s052182545.py(20):         res = 0
s052182545.py(21):         H = [0]*N
s052182545.py(22):         prv_v = [0]*N
s052182545.py(23):         prv_e = [None]*N
s052182545.py(25):         d0 = [INF]*N
s052182545.py(26):         dist = [INF]*N
s052182545.py(28):         while f:
s052182545.py(29):             dist[:] = d0
s052182545.py(30):             dist[s] = 0
s052182545.py(31):             que = [(0, s)]
s052182545.py(33):             while que:
s052182545.py(34):                 c, v = heappop(que)
s052182545.py(35):                 if dist[v] < c:
s052182545.py(37):                 r0 = dist[v] + H[v]
s052182545.py(38):                 for e in G[v]:
s052182545.py(39):                     w, cap, cost, _ = e
s052182545.py(40):                     if cap > 0 and r0 + cost - H[w] < dist[w]:
s052182545.py(41):                         dist[w] = r = r0 + cost - H[w]
s052182545.py(42):                         prv_v[w] = v; prv_e[w] = e
s052182545.py(43):                         heappush(que, (r, w))
s052182545.py(38):                 for e in G[v]:
s052182545.py(39):                     w, cap, cost, _ = e
s052182545.py(40):                     if cap > 0 and r0 + cost - H[w] < dist[w]:
s052182545.py(41):                         dist[w] = r = r0 + cost - H[w]
s052182545.py(42):                         prv_v[w] = v; prv_e[w] = e
s052182545.py(43):                         heappush(que, (r, w))
s052182545.py(38):                 for e in G[v]:
s052182545.py(33):             while que:
s052182545.py(34):                 c, v = heappop(que)
s052182545.py(35):                 if dist[v] < c:
s052182545.py(37):                 r0 = dist[v] + H[v]
s052182545.py(38):                 for e in G[v]:
s052182545.py(39):                     w, cap, cost, _ = e
s052182545.py(40):                     if cap > 0 and r0 + cost - H[w] < dist[w]:
s052182545.py(38):                 for e in G[v]:
s052182545.py(39):                     w, cap, cost, _ = e
s052182545.py(40):                     if cap > 0 and r0 + cost - H[w] < dist[w]:
s052182545.py(41):                         dist[w] = r = r0 + cost - H[w]
s052182545.py(42):                         prv_v[w] = v; prv_e[w] = e
s052182545.py(43):                         heappush(que, (r, w))
s052182545.py(38):                 for e in G[v]:
s052182545.py(39):                     w, cap, cost, _ = e
s052182545.py(40):                     if cap > 0 and r0 + cost - H[w] < dist[w]:
s052182545.py(41):                         dist[w] = r = r0 + cost - H[w]
s052182545.py(42):                         prv_v[w] = v; prv_e[w] = e
s052182545.py(43):                         heappush(que, (r, w))
s052182545.py(38):                 for e in G[v]:
s052182545.py(39):                     w, cap, cost, _ = e
s052182545.py(40):                     if cap > 0 and r0 + cost - H[w] < dist[w]:
s052182545.py(41):                         dist[w] = r = r0 + cost - H[w]
s052182545.py(42):                         prv_v[w] = v; prv_e[w] = e
s052182545.py(43):                         heappush(que, (r, w))
s052182545.py(38):                 for e in G[v]:
s052182545.py(33):             while que:
s052182545.py(34):                 c, v = heappop(que)
s052182545.py(35):                 if dist[v] < c:
s052182545.py(37):                 r0 = dist[v] + H[v]
s052182545.py(38):                 for e in G[v]:
s052182545.py(39):                     w, cap, cost, _ = e
s052182545.py(40):                     if cap > 0 and r0 + cost - H[w] < dist[w]:
s052182545.py(38):                 for e in G[v]:
s052182545.py(39):                     w, cap, cost, _ = e
s052182545.py(40):                     if cap > 0 and r0 + cost - H[w] < dist[w]:
s052182545.py(41):                         dist[w] = r = r0 + cost - H[w]
s052182545.py(42):                         prv_v[w] = v; prv_e[w] = e
s052182545.py(43):                         heappush(que, (r, w))
s052182545.py(38):                 for e in G[v]:
s052182545.py(39):                     w, cap, cost, _ = e
s052182545.py(40):                     if cap > 0 and r0 + cost - H[w] < dist[w]:
s052182545.py(41):                         dist[w] = r = r0 + cost - H[w]
s052182545.py(42):                         prv_v[w] = v; prv_e[w] = e
s052182545.py(43):                         heappush(que, (r, w))
s052182545.py(38):                 for e in G[v]:
s052182545.py(39):                     w, cap, cost, _ = e
s052182545.py(40):                     if cap > 0 and r0 + cost - H[w] < dist[w]:
s052182545.py(41):                         dist[w] = r = r0 + cost - H[w]
s052182545.py(42):                         prv_v[w] = v; prv_e[w] = e
s052182545.py(43):                         heappush(que, (r, w))
s052182545.py(38):                 for e in G[v]:
s052182545.py(33):             while que:
s052182545.py(34):                 c, v = heappop(que)
s052182545.py(35):                 if dist[v] < c:
s052182545.py(37):                 r0 = dist[v] + H[v]
s052182545.py(38):                 for e in G[v]:
s052182545.py(39):                     w, cap, cost, _ = e
s052182545.py(40):                     if cap > 0 and r0 + cost - H[w] < dist[w]:
s052182545.py(38):                 for e in G[v]:
s052182545.py(39):                     w, cap, cost, _ = e
s052182545.py(40):                     if cap > 0 and r0 + cost - H[w] < dist[w]:
s052182545.py(38):                 for e in G[v]:
s052182545.py(39):                     w, cap, cost, _ = e
s052182545.py(40):                     if cap > 0 and r0 + cost - H[w] < dist[w]:
s052182545.py(38):                 for e in G[v]:
s052182545.py(39):                     w, cap, cost, _ = e
s052182545.py(40):                     if cap > 0 and r0 + cost - H[w] < dist[w]:
s052182545.py(38):                 for e in G[v]:
s052182545.py(39):                     w, cap, cost, _ = e
s052182545.py(40):                     if cap > 0 and r0 + cost - H[w] < dist[w]:
s052182545.py(38):                 for e in G[v]:
s052182545.py(39):                     w, cap, cost, _ = e
s052182545.py(40):                     if cap > 0 and r0 + cost - H[w] < dist[w]:
s052182545.py(38):                 for e in G[v]:
s052182545.py(39):                     w, cap, cost, _ = e
s052182545.py(40):                     if cap > 0 and r0 + cost - H[w] < dist[w]:
s052182545.py(38):                 for e in G[v]:
s052182545.py(39):                     w, cap, cost, _ = e
s052182545.py(40):                     if cap > 0 and r0 + cost - H[w] < dist[w]:
s052182545.py(38):                 for e in G[v]:
s052182545.py(33):             while que:
s052182545.py(34):                 c, v = heappop(que)
s052182545.py(35):                 if dist[v] < c:
s052182545.py(37):                 r0 = dist[v] + H[v]
s052182545.py(38):                 for e in G[v]:
s052182545.py(39):                     w, cap, cost, _ = e
s052182545.py(40):                     if cap > 0 and r0 + cost - H[w] < dist[w]:
s052182545.py(38):                 for e in G[v]:
s052182545.py(39):                     w, cap, cost, _ = e
s052182545.py(40):                     if cap > 0 and r0 + cost - H[w] < dist[w]:
s052182545.py(41):                         dist[w] = r = r0 + cost - H[w]
s052182545.py(42):                         prv_v[w] = v; prv_e[w] = e
s052182545.py(43):                         heappush(que, (r, w))
s052182545.py(38):                 for e in G[v]:
s052182545.py(39):                     w, cap, cost, _ = e
s052182545.py(40):                     if cap > 0 and r0 + cost - H[w] < dist[w]:
s052182545.py(41):                         dist[w] = r = r0 + cost - H[w]
s052182545.py(42):                         prv_v[w] = v; prv_e[w] = e
s052182545.py(43):                         heappush(que, (r, w))
s052182545.py(38):                 for e in G[v]:
s052182545.py(33):             while que:
s052182545.py(34):                 c, v = heappop(que)
s052182545.py(35):                 if dist[v] < c:
s052182545.py(37):                 r0 = dist[v] + H[v]
s052182545.py(38):                 for e in G[v]:
s052182545.py(39):                     w, cap, cost, _ = e
s052182545.py(40):                     if cap > 0 and r0 + cost - H[w] < dist[w]:
s052182545.py(38):                 for e in G[v]:
s052182545.py(39):                     w, cap, cost, _ = e
s052182545.py(40):                     if cap > 0 and r0 + cost - H[w] < dist[w]:
s052182545.py(38):                 for e in G[v]:
s052182545.py(39):                     w, cap, cost, _ = e
s052182545.py(40):                     if cap > 0 and r0 + cost - H[w] < dist[w]:
s052182545.py(38):                 for e in G[v]:
s052182545.py(39):                     w, cap, cost, _ = e
s052182545.py(40):                     if cap > 0 and r0 + cost - H[w] < dist[w]:
s052182545.py(38):                 for e in G[v]:
s052182545.py(39):                     w, cap, cost, _ = e
s052182545.py(40):                     if cap > 0 and r0 + cost - H[w] < dist[w]:
s052182545.py(38):                 for e in G[v]:
s052182545.py(39):                     w, cap, cost, _ = e
s052182545.py(40):                     if cap > 0 and r0 + cost - H[w] < dist[w]:
s052182545.py(38):                 for e in G[v]:
s052182545.py(39):                     w, cap, cost, _ = e
s052182545.py(40):                     if cap > 0 and r0 + cost - H[w] < dist[w]:
s052182545.py(38):                 for e in G[v]:
s052182545.py(39):                     w, cap, cost, _ = e
s052182545.py(40):                     if cap > 0 and r0 + cost - H[w] < dist[w]:
s052182545.py(38):                 for e in G[v]:
s052182545.py(33):             while que:
s052182545.py(34):                 c, v = heappop(que)
s052182545.py(35):                 if dist[v] < c:
s052182545.py(37):                 r0 = dist[v] + H[v]
s052182545.py(38):                 for e in G[v]:
s052182545.py(39):                     w, cap, cost, _ = e
s052182545.py(40):                     if cap > 0 and r0 + cost - H[w] < dist[w]:
s052182545.py(38):                 for e in G[v]:
s052182545.py(39):                     w, cap, cost, _ = e
s052182545.py(40):                     if cap > 0 and r0 + cost - H[w] < dist[w]:
s052182545.py(38):                 for e in G[v]:
s052182545.py(39):                     w, cap, cost, _ = e
s052182545.py(40):                     if cap > 0 and r0 + cost - H[w] < dist[w]:
s052182545.py(38):                 for e in G[v]:
s052182545.py(39):                     w, cap, cost, _ = e
s052182545.py(40):                     if cap > 0 and r0 + cost - H[w] < dist[w]:
s052182545.py(38):                 for e in G[v]:
s052182545.py(33):             while que:
s052182545.py(34):                 c, v = heappop(que)
s052182545.py(35):                 if dist[v] < c:
s052182545.py(37):                 r0 = dist[v] + H[v]
s052182545.py(38):                 for e in G[v]:
s052182545.py(39):                     w, cap, cost, _ = e
s052182545.py(40):                     if cap > 0 and r0 + cost - H[w] < dist[w]:
s052182545.py(38):                 for e in G[v]:
s052182545.py(39):                     w, cap, cost, _ = e
s052182545.py(40):                     if cap > 0 and r0 + cost - H[w] < dist[w]:
s052182545.py(38):                 for e in G[v]:
s052182545.py(39):                     w, cap, cost, _ = e
s052182545.py(40):                     if cap > 0 and r0 + cost - H[w] < dist[w]:
s052182545.py(38):                 for e in G[v]:
s052182545.py(39):                     w, cap, cost, _ = e
s052182545.py(40):                     if cap > 0 and r0 + cost - H[w] < dist[w]:
s052182545.py(41):                         dist[w] = r = r0 + cost - H[w]
s052182545.py(42):                         prv_v[w] = v; prv_e[w] = e
s052182545.py(43):                         heappush(que, (r, w))
s052182545.py(38):                 for e in G[v]:
s052182545.py(39):                     w, cap, cost, _ = e
s052182545.py(40):                     if cap > 0 and r0 + cost - H[w] < dist[w]:
s052182545.py(38):                 for e in G[v]:
s052182545.py(33):             while que:
s052182545.py(34):                 c, v = heappop(que)
s052182545.py(35):                 if dist[v] < c:
s052182545.py(37):                 r0 = dist[v] + H[v]
s052182545.py(38):                 for e in G[v]:
s052182545.py(39):                     w, cap, cost, _ = e
s052182545.py(40):                     if cap > 0 and r0 + cost - H[w] < dist[w]:
s052182545.py(38):                 for e in G[v]:
s052182545.py(39):                     w, cap, cost, _ = e
s052182545.py(40):                     if cap > 0 and r0 + cost - H[w] < dist[w]:
s052182545.py(38):                 for e in G[v]:
s052182545.py(39):                     w, cap, cost, _ = e
s052182545.py(40):                     if cap > 0 and r0 + cost - H[w] < dist[w]:
s052182545.py(41):                         dist[w] = r = r0 + cost - H[w]
s052182545.py(42):                         prv_v[w] = v; prv_e[w] = e
s052182545.py(43):                         heappush(que, (r, w))
s052182545.py(38):                 for e in G[v]:
s052182545.py(33):             while que:
s052182545.py(34):                 c, v = heappop(que)
s052182545.py(35):                 if dist[v] < c:
s052182545.py(37):                 r0 = dist[v] + H[v]
s052182545.py(38):                 for e in G[v]:
s052182545.py(39):                     w, cap, cost, _ = e
s052182545.py(40):                     if cap > 0 and r0 + cost - H[w] < dist[w]:
s052182545.py(38):                 for e in G[v]:
s052182545.py(39):                     w, cap, cost, _ = e
s052182545.py(40):                     if cap > 0 and r0 + cost - H[w] < dist[w]:
s052182545.py(38):                 for e in G[v]:
s052182545.py(39):                     w, cap, cost, _ = e
s052182545.py(40):                     if cap > 0 and r0 + cost - H[w] < dist[w]:
s052182545.py(38):                 for e in G[v]:
s052182545.py(39):                     w, cap, cost, _ = e
s052182545.py(40):                     if cap > 0 and r0 + cost - H[w] < dist[w]:
s052182545.py(38):                 for e in G[v]:
s052182545.py(39):                     w, cap, cost, _ = e
s052182545.py(40):                     if cap > 0 and r0 + cost - H[w] < dist[w]:
s052182545.py(38):                 for e in G[v]:
s052182545.py(39):                     w, cap, cost, _ = e
s052182545.py(40):                     if cap > 0 and r0 + cost - H[w] < dist[w]:
s052182545.py(38):                 for e in G[v]:
s052182545.py(39):                     w, cap, cost, _ = e
s052182545.py(40):                     if cap > 0 and r0 + cost - H[w] < dist[w]:
s052182545.py(38):                 for e in G[v]:
s052182545.py(39):                     w, cap, cost, _ = e
s052182545.py(40):                     if cap > 0 and r0 + cost - H[w] < dist[w]:
s052182545.py(38):                 for e in G[v]:
s052182545.py(33):             while que:
s052182545.py(34):                 c, v = heappop(que)
s052182545.py(35):                 if dist[v] < c:
s052182545.py(37):                 r0 = dist[v] + H[v]
s052182545.py(38):                 for e in G[v]:
s052182545.py(39):                     w, cap, cost, _ = e
s052182545.py(40):                     if cap > 0 and r0 + cost - H[w] < dist[w]:
s052182545.py(38):                 for e in G[v]:
s052182545.py(39):                     w, cap, cost, _ = e
s052182545.py(40):                     if cap > 0 and r0 + cost - H[w] < dist[w]:
s052182545.py(38):                 for e in G[v]:
s052182545.py(39):                     w, cap, cost, _ = e
s052182545.py(40):                     if cap > 0 and r0 + cost - H[w] < dist[w]:
s052182545.py(38):                 for e in G[v]:
s052182545.py(39):                     w, cap, cost, _ = e
s052182545.py(40):                     if cap > 0 and r0 + cost - H[w] < dist[w]:
s052182545.py(38):                 for e in G[v]:
s052182545.py(33):             while que:
s052182545.py(34):                 c, v = heappop(que)
s052182545.py(35):                 if dist[v] < c:
s052182545.py(37):                 r0 = dist[v] + H[v]
s052182545.py(38):                 for e in G[v]:
s052182545.py(39):                     w, cap, cost, _ = e
s052182545.py(40):                     if cap > 0 and r0 + cost - H[w] < dist[w]:
s052182545.py(38):                 for e in G[v]:
s052182545.py(39):                     w, cap, cost, _ = e
s052182545.py(40):                     if cap > 0 and r0 + cost - H[w] < dist[w]:
s052182545.py(38):                 for e in G[v]:
s052182545.py(39):                     w, cap, cost, _ = e
s052182545.py(40):                     if cap > 0 and r0 + cost - H[w] < dist[w]:
s052182545.py(38):                 for e in G[v]:
s052182545.py(33):             while que:
s052182545.py(34):                 c, v = heappop(que)
s052182545.py(35):                 if dist[v] < c:
s052182545.py(36):                     continue
s052182545.py(33):             while que:
s052182545.py(44):             if dist[t] == INF:
s052182545.py(47):             for i in range(N):
s052182545.py(48):                 H[i] += dist[i]
s052182545.py(47):             for i in range(N):
s052182545.py(48):                 H[i] += dist[i]
s052182545.py(47):             for i in range(N):
s052182545.py(48):                 H[i] += dist[i]
s052182545.py(47):             for i in range(N):
s052182545.py(48):                 H[i] += dist[i]
s052182545.py(47):             for i in range(N):
s052182545.py(48):                 H[i] += dist[i]
s052182545.py(47):             for i in range(N):
s052182545.py(48):                 H[i] += dist[i]
s052182545.py(47):             for i in range(N):
s052182545.py(48):                 H[i] += dist[i]
s052182545.py(47):             for i in range(N):
s052182545.py(48):                 H[i] += dist[i]
s052182545.py(47):             for i in range(N):
s052182545.py(48):                 H[i] += dist[i]
s052182545.py(47):             for i in range(N):
s052182545.py(48):                 H[i] += dist[i]
s052182545.py(47):             for i in range(N):
s052182545.py(48):                 H[i] += dist[i]
s052182545.py(47):             for i in range(N):
s052182545.py(50):             d = f; v = t
s052182545.py(51):             while v != s:
s052182545.py(52):                 d = min(d, prv_e[v][1])
s052182545.py(53):                 v = prv_v[v]
s052182545.py(51):             while v != s:
s052182545.py(52):                 d = min(d, prv_e[v][1])
s052182545.py(53):                 v = prv_v[v]
s052182545.py(51):             while v != s:
s052182545.py(52):                 d = min(d, prv_e[v][1])
s052182545.py(53):                 v = prv_v[v]
s052182545.py(51):             while v != s:
s052182545.py(52):                 d = min(d, prv_e[v][1])
s052182545.py(53):                 v = prv_v[v]
s052182545.py(51):             while v != s:
s052182545.py(52):                 d = min(d, prv_e[v][1])
s052182545.py(53):                 v = prv_v[v]
s052182545.py(51):             while v != s:
s052182545.py(54):             f -= d
s052182545.py(55):             res += d * H[t]
s052182545.py(56):             v = t
s052182545.py(57):             while v != s:
s052182545.py(58):                 e = prv_e[v]
s052182545.py(59):                 e[1] -= d
s052182545.py(60):                 e[3][1] += d
s052182545.py(61):                 v = prv_v[v]
s052182545.py(57):             while v != s:
s052182545.py(58):                 e = prv_e[v]
s052182545.py(59):                 e[1] -= d
s052182545.py(60):                 e[3][1] += d
s052182545.py(61):                 v = prv_v[v]
s052182545.py(57):             while v != s:
s052182545.py(58):                 e = prv_e[v]
s052182545.py(59):                 e[1] -= d
s052182545.py(60):                 e[3][1] += d
s052182545.py(61):                 v = prv_v[v]
s052182545.py(57):             while v != s:
s052182545.py(58):                 e = prv_e[v]
s052182545.py(59):                 e[1] -= d
s052182545.py(60):                 e[3][1] += d
s052182545.py(61):                 v = prv_v[v]
s052182545.py(57):             while v != s:
s052182545.py(58):                 e = prv_e[v]
s052182545.py(59):                 e[1] -= d
s052182545.py(60):                 e[3][1] += d
s052182545.py(61):                 v = prv_v[v]
s052182545.py(57):             while v != s:
s052182545.py(28):         while f:
s052182545.py(29):             dist[:] = d0
s052182545.py(30):             dist[s] = 0
s052182545.py(31):             que = [(0, s)]
s052182545.py(33):             while que:
s052182545.py(34):                 c, v = heappop(que)
s052182545.py(35):                 if dist[v] < c:
s052182545.py(37):                 r0 = dist[v] + H[v]
s052182545.py(38):                 for e in G[v]:
s052182545.py(39):                     w, cap, cost, _ = e
s052182545.py(40):                     if cap > 0 and r0 + cost - H[w] < dist[w]:
s052182545.py(38):                 for e in G[v]:
s052182545.py(39):                     w, cap, cost, _ = e
s052182545.py(40):                     if cap > 0 and r0 + cost - H[w] < dist[w]:
s052182545.py(41):                         dist[w] = r = r0 + cost - H[w]
s052182545.py(42):                         prv_v[w] = v; prv_e[w] = e
s052182545.py(43):                         heappush(que, (r, w))
s052182545.py(38):                 for e in G[v]:
s052182545.py(33):             while que:
s052182545.py(34):                 c, v = heappop(que)
s052182545.py(35):                 if dist[v] < c:
s052182545.py(37):                 r0 = dist[v] + H[v]
s052182545.py(38):                 for e in G[v]:
s052182545.py(39):                     w, cap, cost, _ = e
s052182545.py(40):                     if cap > 0 and r0 + cost - H[w] < dist[w]:
s052182545.py(38):                 for e in G[v]:
s052182545.py(39):                     w, cap, cost, _ = e
s052182545.py(40):                     if cap > 0 and r0 + cost - H[w] < dist[w]:
s052182545.py(38):                 for e in G[v]:
s052182545.py(39):                     w, cap, cost, _ = e
s052182545.py(40):                     if cap > 0 and r0 + cost - H[w] < dist[w]:
s052182545.py(41):                         dist[w] = r = r0 + cost - H[w]
s052182545.py(42):                         prv_v[w] = v; prv_e[w] = e
s052182545.py(43):                         heappush(que, (r, w))
s052182545.py(38):                 for e in G[v]:
s052182545.py(39):                     w, cap, cost, _ = e
s052182545.py(40):                     if cap > 0 and r0 + cost - H[w] < dist[w]:
s052182545.py(41):                         dist[w] = r = r0 + cost - H[w]
s052182545.py(42):                         prv_v[w] = v; prv_e[w] = e
s052182545.py(43):                         heappush(que, (r, w))
s052182545.py(38):                 for e in G[v]:
s052182545.py(33):             while que:
s052182545.py(34):                 c, v = heappop(que)
s052182545.py(35):                 if dist[v] < c:
s052182545.py(37):                 r0 = dist[v] + H[v]
s052182545.py(38):                 for e in G[v]:
s052182545.py(39):                     w, cap, cost, _ = e
s052182545.py(40):                     if cap > 0 and r0 + cost - H[w] < dist[w]:
s052182545.py(38):                 for e in G[v]:
s052182545.py(39):                     w, cap, cost, _ = e
s052182545.py(40):                     if cap > 0 and r0 + cost - H[w] < dist[w]:
s052182545.py(38):                 for e in G[v]:
s052182545.py(39):                     w, cap, cost, _ = e
s052182545.py(40):                     if cap > 0 and r0 + cost - H[w] < dist[w]:
s052182545.py(41):                         dist[w] = r = r0 + cost - H[w]
s052182545.py(42):                         prv_v[w] = v; prv_e[w] = e
s052182545.py(43):                         heappush(que, (r, w))
s052182545.py(38):                 for e in G[v]:
s052182545.py(33):             while que:
s052182545.py(34):                 c, v = heappop(que)
s052182545.py(35):                 if dist[v] < c:
s052182545.py(37):                 r0 = dist[v] + H[v]
s052182545.py(38):                 for e in G[v]:
s052182545.py(39):                     w, cap, cost, _ = e
s052182545.py(40):                     if cap > 0 and r0 + cost - H[w] < dist[w]:
s052182545.py(38):                 for e in G[v]:
s052182545.py(39):                     w, cap, cost, _ = e
s052182545.py(40):                     if cap > 0 and r0 + cost - H[w] < dist[w]:
s052182545.py(38):                 for e in G[v]:
s052182545.py(39):                     w, cap, cost, _ = e
s052182545.py(40):                     if cap > 0 and r0 + cost - H[w] < dist[w]:
s052182545.py(38):                 for e in G[v]:
s052182545.py(39):                     w, cap, cost, _ = e
s052182545.py(40):                     if cap > 0 and r0 + cost - H[w] < dist[w]:
s052182545.py(38):                 for e in G[v]:
s052182545.py(39):                     w, cap, cost, _ = e
s052182545.py(40):                     if cap > 0 and r0 + cost - H[w] < dist[w]:
s052182545.py(38):                 for e in G[v]:
s052182545.py(39):                     w, cap, cost, _ = e
s052182545.py(40):                     if cap > 0 and r0 + cost - H[w] < dist[w]:
s052182545.py(41):                         dist[w] = r = r0 + cost - H[w]
s052182545.py(42):                         prv_v[w] = v; prv_e[w] = e
s052182545.py(43):                         heappush(que, (r, w))
s052182545.py(38):                 for e in G[v]:
s052182545.py(39):                     w, cap, cost, _ = e
s052182545.py(40):                     if cap > 0 and r0 + cost - H[w] < dist[w]:
s052182545.py(38):                 for e in G[v]:
s052182545.py(39):                     w, cap, cost, _ = e
s052182545.py(40):                     if cap > 0 and r0 + cost - H[w] < dist[w]:
s052182545.py(38):                 for e in G[v]:
s052182545.py(33):             while que:
s052182545.py(34):                 c, v = heappop(que)
s052182545.py(35):                 if dist[v] < c:
s052182545.py(37):                 r0 = dist[v] + H[v]
s052182545.py(38):                 for e in G[v]:
s052182545.py(39):                     w, cap, cost, _ = e
s052182545.py(40):                     if cap > 0 and r0 + cost - H[w] < dist[w]:
s052182545.py(41):                         dist[w] = r = r0 + cost - H[w]
s052182545.py(42):                         prv_v[w] = v; prv_e[w] = e
s052182545.py(43):                         heappush(que, (r, w))
s052182545.py(38):                 for e in G[v]:
s052182545.py(39):                     w, cap, cost, _ = e
s052182545.py(40):                     if cap > 0 and r0 + cost - H[w] < dist[w]:
s052182545.py(38):                 for e in G[v]:
s052182545.py(39):                     w, cap, cost, _ = e
s052182545.py(40):                     if cap > 0 and r0 + cost - H[w] < dist[w]:
s052182545.py(38):                 for e in G[v]:
s052182545.py(33):             while que:
s052182545.py(34):                 c, v = heappop(que)
s052182545.py(35):                 if dist[v] < c:
s052182545.py(37):                 r0 = dist[v] + H[v]
s052182545.py(38):                 for e in G[v]:
s052182545.py(39):                     w, cap, cost, _ = e
s052182545.py(40):                     if cap > 0 and r0 + cost - H[w] < dist[w]:
s052182545.py(41):                         dist[w] = r = r0 + cost - H[w]
s052182545.py(42):                         prv_v[w] = v; prv_e[w] = e
s052182545.py(43):                         heappush(que, (r, w))
s052182545.py(38):                 for e in G[v]:
s052182545.py(39):                     w, cap, cost, _ = e
s052182545.py(40):                     if cap > 0 and r0 + cost - H[w] < dist[w]:
s052182545.py(38):                 for e in G[v]:
s052182545.py(39):                     w, cap, cost, _ = e
s052182545.py(40):                     if cap > 0 and r0 + cost - H[w] < dist[w]:
s052182545.py(38):                 for e in G[v]:
s052182545.py(33):             while que:
s052182545.py(34):                 c, v = heappop(que)
s052182545.py(35):                 if dist[v] < c:
s052182545.py(37):                 r0 = dist[v] + H[v]
s052182545.py(38):                 for e in G[v]:
s052182545.py(39):                     w, cap, cost, _ = e
s052182545.py(40):                     if cap > 0 and r0 + cost - H[w] < dist[w]:
s052182545.py(41):                         dist[w] = r = r0 + cost - H[w]
s052182545.py(42):                         prv_v[w] = v; prv_e[w] = e
s052182545.py(43):                         heappush(que, (r, w))
s052182545.py(38):                 for e in G[v]:
s052182545.py(39):                     w, cap, cost, _ = e
s052182545.py(40):                     if cap > 0 and r0 + cost - H[w] < dist[w]:
s052182545.py(38):                 for e in G[v]:
s052182545.py(39):                     w, cap, cost, _ = e
s052182545.py(40):                     if cap > 0 and r0 + cost - H[w] < dist[w]:
s052182545.py(41):                         dist[w] = r = r0 + cost - H[w]
s052182545.py(42):                         prv_v[w] = v; prv_e[w] = e
s052182545.py(43):                         heappush(que, (r, w))
s052182545.py(38):                 for e in G[v]:
s052182545.py(39):                     w, cap, cost, _ = e
s052182545.py(40):                     if cap > 0 and r0 + cost - H[w] < dist[w]:
s052182545.py(38):                 for e in G[v]:
s052182545.py(33):             while que:
s052182545.py(34):                 c, v = heappop(que)
s052182545.py(35):                 if dist[v] < c:
s052182545.py(37):                 r0 = dist[v] + H[v]
s052182545.py(38):                 for e in G[v]:
s052182545.py(39):                     w, cap, cost, _ = e
s052182545.py(40):                     if cap > 0 and r0 + cost - H[w] < dist[w]:
s052182545.py(38):                 for e in G[v]:
s052182545.py(39):                     w, cap, cost, _ = e
s052182545.py(40):                     if cap > 0 and r0 + cost - H[w] < dist[w]:
s052182545.py(38):                 for e in G[v]:
s052182545.py(39):                     w, cap, cost, _ = e
s052182545.py(40):                     if cap > 0 and r0 + cost - H[w] < dist[w]:
s052182545.py(41):                         dist[w] = r = r0 + cost - H[w]
s052182545.py(42):                         prv_v[w] = v; prv_e[w] = e
s052182545.py(43):                         heappush(que, (r, w))
s052182545.py(38):                 for e in G[v]:
s052182545.py(39):                     w, cap, cost, _ = e
s052182545.py(40):                     if cap > 0 and r0 + cost - H[w] < dist[w]:
s052182545.py(38):                 for e in G[v]:
s052182545.py(33):             while que:
s052182545.py(34):                 c, v = heappop(que)
s052182545.py(35):                 if dist[v] < c:
s052182545.py(37):                 r0 = dist[v] + H[v]
s052182545.py(38):                 for e in G[v]:
s052182545.py(39):                     w, cap, cost, _ = e
s052182545.py(40):                     if cap > 0 and r0 + cost - H[w] < dist[w]:
s052182545.py(38):                 for e in G[v]:
s052182545.py(39):                     w, cap, cost, _ = e
s052182545.py(40):                     if cap > 0 and r0 + cost - H[w] < dist[w]:
s052182545.py(38):                 for e in G[v]:
s052182545.py(39):                     w, cap, cost, _ = e
s052182545.py(40):                     if cap > 0 and r0 + cost - H[w] < dist[w]:
s052182545.py(38):                 for e in G[v]:
s052182545.py(39):                     w, cap, cost, _ = e
s052182545.py(40):                     if cap > 0 and r0 + cost - H[w] < dist[w]:
s052182545.py(38):                 for e in G[v]:
s052182545.py(33):             while que:
s052182545.py(34):                 c, v = heappop(que)
s052182545.py(35):                 if dist[v] < c:
s052182545.py(37):                 r0 = dist[v] + H[v]
s052182545.py(38):                 for e in G[v]:
s052182545.py(39):                     w, cap, cost, _ = e
s052182545.py(40):                     if cap > 0 and r0 + cost - H[w] < dist[w]:
s052182545.py(38):                 for e in G[v]:
s052182545.py(39):                     w, cap, cost, _ = e
s052182545.py(40):                     if cap > 0 and r0 + cost - H[w] < dist[w]:
s052182545.py(38):                 for e in G[v]:
s052182545.py(39):                     w, cap, cost, _ = e
s052182545.py(40):                     if cap > 0 and r0 + cost - H[w] < dist[w]:
s052182545.py(38):                 for e in G[v]:
s052182545.py(39):                     w, cap, cost, _ = e
s052182545.py(40):                     if cap > 0 and r0 + cost - H[w] < dist[w]:
s052182545.py(38):                 for e in G[v]:
s052182545.py(39):                     w, cap, cost, _ = e
s052182545.py(40):                     if cap > 0 and r0 + cost - H[w] < dist[w]:
s052182545.py(38):                 for e in G[v]:
s052182545.py(33):             while que:
s052182545.py(34):                 c, v = heappop(que)
s052182545.py(35):                 if dist[v] < c:
s052182545.py(36):                     continue
s052182545.py(33):             while que:
s052182545.py(44):             if dist[t] == INF:
s052182545.py(47):             for i in range(N):
s052182545.py(48):                 H[i] += dist[i]
s052182545.py(47):             for i in range(N):
s052182545.py(48):                 H[i] += dist[i]
s052182545.py(47):             for i in range(N):
s052182545.py(48):                 H[i] += dist[i]
s052182545.py(47):             for i in range(N):
s052182545.py(48):                 H[i] += dist[i]
s052182545.py(47):             for i in range(N):
s052182545.py(48):                 H[i] += dist[i]
s052182545.py(47):             for i in range(N):
s052182545.py(48):                 H[i] += dist[i]
s052182545.py(47):             for i in range(N):
s052182545.py(48):                 H[i] += dist[i]
s052182545.py(47):             for i in range(N):
s052182545.py(48):                 H[i] += dist[i]
s052182545.py(47):             for i in range(N):
s052182545.py(48):                 H[i] += dist[i]
s052182545.py(47):             for i in range(N):
s052182545.py(48):                 H[i] += dist[i]
s052182545.py(47):             for i in range(N):
s052182545.py(48):                 H[i] += dist[i]
s052182545.py(47):             for i in range(N):
s052182545.py(50):             d = f; v = t
s052182545.py(51):             while v != s:
s052182545.py(52):                 d = min(d, prv_e[v][1])
s052182545.py(53):                 v = prv_v[v]
s052182545.py(51):             while v != s:
s052182545.py(52):                 d = min(d, prv_e[v][1])
s052182545.py(53):                 v = prv_v[v]
s052182545.py(51):             while v != s:
s052182545.py(52):                 d = min(d, prv_e[v][1])
s052182545.py(53):                 v = prv_v[v]
s052182545.py(51):             while v != s:
s052182545.py(54):             f -= d
s052182545.py(55):             res += d * H[t]
s052182545.py(56):             v = t
s052182545.py(57):             while v != s:
s052182545.py(58):                 e = prv_e[v]
s052182545.py(59):                 e[1] -= d
s052182545.py(60):                 e[3][1] += d
s052182545.py(61):                 v = prv_v[v]
s052182545.py(57):             while v != s:
s052182545.py(58):                 e = prv_e[v]
s052182545.py(59):                 e[1] -= d
s052182545.py(60):                 e[3][1] += d
s052182545.py(61):                 v = prv_v[v]
s052182545.py(57):             while v != s:
s052182545.py(58):                 e = prv_e[v]
s052182545.py(59):                 e[1] -= d
s052182545.py(60):                 e[3][1] += d
s052182545.py(61):                 v = prv_v[v]
s052182545.py(57):             while v != s:
s052182545.py(28):         while f:
s052182545.py(62):         return res
4
