 --- modulename: s053006530, funcname: <module>
s053006530.py(1): import sys
s053006530.py(2): sys.setrecursionlimit(10**7)
s053006530.py(4): class Node:
 --- modulename: s053006530, funcname: Node
s053006530.py(4): class Node:
s053006530.py(5):     def __init__(self,parent,left,right):
s053006530.py(10): def get_depth(T:dict,u:int):
s053006530.py(16): D = {}
s053006530.py(18): def get_all_depth(T:dict,u:int,p:int):
s053006530.py(25): H = {}
s053006530.py(27): def get_all_height(T:dict,u:int):
s053006530.py(37): def get_sibling(T:dict,u:int):
s053006530.py(46): def PRINT(T:dict,node:int,D:dict,H:dict):
s053006530.py(56): def preorder(u:int):
s053006530.py(63): def inorder(u:int):
s053006530.py(70): def postorder(u:int):
s053006530.py(77): n = int(input())
 --- modulename: codecs, funcname: getstate
codecs.py(333):         return (self.buffer, 0)
 --- modulename: codecs, funcname: decode
codecs.py(321):         data = self.buffer + input
codecs.py(322):         (result, consumed) = self._buffer_decode(data, self.errors, final)
codecs.py(324):         self.buffer = data[consumed:]
codecs.py(325):         return result
s053006530.py(78): T = {k: Node(-1,-1,-1) for k in range(n)}
 --- modulename: s053006530, funcname: <dictcomp>
s053006530.py(78): T = {k: Node(-1,-1,-1) for k in range(n)}
 --- modulename: s053006530, funcname: __init__
s053006530.py(6):         self.parent = parent
s053006530.py(7):         self.left = left
s053006530.py(8):         self.right = right
s053006530.py(78): T = {k: Node(-1,-1,-1) for k in range(n)}
 --- modulename: s053006530, funcname: __init__
s053006530.py(6):         self.parent = parent
s053006530.py(7):         self.left = left
s053006530.py(8):         self.right = right
s053006530.py(78): T = {k: Node(-1,-1,-1) for k in range(n)}
 --- modulename: s053006530, funcname: __init__
s053006530.py(6):         self.parent = parent
s053006530.py(7):         self.left = left
s053006530.py(8):         self.right = right
s053006530.py(78): T = {k: Node(-1,-1,-1) for k in range(n)}
 --- modulename: s053006530, funcname: __init__
s053006530.py(6):         self.parent = parent
s053006530.py(7):         self.left = left
s053006530.py(8):         self.right = right
s053006530.py(78): T = {k: Node(-1,-1,-1) for k in range(n)}
 --- modulename: s053006530, funcname: __init__
s053006530.py(6):         self.parent = parent
s053006530.py(7):         self.left = left
s053006530.py(8):         self.right = right
s053006530.py(78): T = {k: Node(-1,-1,-1) for k in range(n)}
 --- modulename: s053006530, funcname: __init__
s053006530.py(6):         self.parent = parent
s053006530.py(7):         self.left = left
s053006530.py(8):         self.right = right
s053006530.py(78): T = {k: Node(-1,-1,-1) for k in range(n)}
 --- modulename: s053006530, funcname: __init__
s053006530.py(6):         self.parent = parent
s053006530.py(7):         self.left = left
s053006530.py(8):         self.right = right
s053006530.py(78): T = {k: Node(-1,-1,-1) for k in range(n)}
 --- modulename: s053006530, funcname: __init__
s053006530.py(6):         self.parent = parent
s053006530.py(7):         self.left = left
s053006530.py(8):         self.right = right
s053006530.py(78): T = {k: Node(-1,-1,-1) for k in range(n)}
 --- modulename: s053006530, funcname: __init__
s053006530.py(6):         self.parent = parent
s053006530.py(7):         self.left = left
s053006530.py(8):         self.right = right
s053006530.py(78): T = {k: Node(-1,-1,-1) for k in range(n)}
s053006530.py(80): R = -1
s053006530.py(82): for _ in range(n):
s053006530.py(83):     a,b,c = map(int,input().split())
s053006530.py(84):     T[a].left = b
s053006530.py(85):     T[a].right = c
s053006530.py(86):     if b != -1:
s053006530.py(87):         T[b].parent = a
s053006530.py(88):     if c != -1:
s053006530.py(89):         T[c].parent = a
s053006530.py(82): for _ in range(n):
s053006530.py(83):     a,b,c = map(int,input().split())
s053006530.py(84):     T[a].left = b
s053006530.py(85):     T[a].right = c
s053006530.py(86):     if b != -1:
s053006530.py(87):         T[b].parent = a
s053006530.py(88):     if c != -1:
s053006530.py(89):         T[c].parent = a
s053006530.py(82): for _ in range(n):
s053006530.py(83):     a,b,c = map(int,input().split())
s053006530.py(84):     T[a].left = b
s053006530.py(85):     T[a].right = c
s053006530.py(86):     if b != -1:
s053006530.py(88):     if c != -1:
s053006530.py(82): for _ in range(n):
s053006530.py(83):     a,b,c = map(int,input().split())
s053006530.py(84):     T[a].left = b
s053006530.py(85):     T[a].right = c
s053006530.py(86):     if b != -1:
s053006530.py(88):     if c != -1:
s053006530.py(82): for _ in range(n):
s053006530.py(83):     a,b,c = map(int,input().split())
s053006530.py(84):     T[a].left = b
s053006530.py(85):     T[a].right = c
s053006530.py(86):     if b != -1:
s053006530.py(87):         T[b].parent = a
s053006530.py(88):     if c != -1:
s053006530.py(89):         T[c].parent = a
s053006530.py(82): for _ in range(n):
s053006530.py(83):     a,b,c = map(int,input().split())
s053006530.py(84):     T[a].left = b
s053006530.py(85):     T[a].right = c
s053006530.py(86):     if b != -1:
s053006530.py(87):         T[b].parent = a
s053006530.py(88):     if c != -1:
s053006530.py(89):         T[c].parent = a
s053006530.py(82): for _ in range(n):
s053006530.py(83):     a,b,c = map(int,input().split())
s053006530.py(84):     T[a].left = b
s053006530.py(85):     T[a].right = c
s053006530.py(86):     if b != -1:
s053006530.py(88):     if c != -1:
s053006530.py(82): for _ in range(n):
s053006530.py(83):     a,b,c = map(int,input().split())
s053006530.py(84):     T[a].left = b
s053006530.py(85):     T[a].right = c
s053006530.py(86):     if b != -1:
s053006530.py(88):     if c != -1:
s053006530.py(82): for _ in range(n):
s053006530.py(83):     a,b,c = map(int,input().split())
s053006530.py(84):     T[a].left = b
s053006530.py(85):     T[a].right = c
s053006530.py(86):     if b != -1:
s053006530.py(88):     if c != -1:
s053006530.py(82): for _ in range(n):
s053006530.py(90): for node in range(n):
s053006530.py(91):     if T[node].parent == -1:
s053006530.py(92):         R = node
s053006530.py(90): for node in range(n):
s053006530.py(91):     if T[node].parent == -1:
s053006530.py(90): for node in range(n):
s053006530.py(91):     if T[node].parent == -1:
s053006530.py(90): for node in range(n):
s053006530.py(91):     if T[node].parent == -1:
s053006530.py(90): for node in range(n):
s053006530.py(91):     if T[node].parent == -1:
s053006530.py(90): for node in range(n):
s053006530.py(91):     if T[node].parent == -1:
s053006530.py(90): for node in range(n):
s053006530.py(91):     if T[node].parent == -1:
s053006530.py(90): for node in range(n):
s053006530.py(91):     if T[node].parent == -1:
s053006530.py(90): for node in range(n):
s053006530.py(91):     if T[node].parent == -1:
s053006530.py(90): for node in range(n):
s053006530.py(94): print("Preorder")
Preorder
s053006530.py(95): preorder(R)
 --- modulename: s053006530, funcname: preorder
s053006530.py(57):     if u == -1:
s053006530.py(59):     print(" "+str(u),end="")
 0s053006530.py(60):     preorder(T[u].left)
 --- modulename: s053006530, funcname: preorder
s053006530.py(57):     if u == -1:
s053006530.py(59):     print(" "+str(u),end="")
 1s053006530.py(60):     preorder(T[u].left)
 --- modulename: s053006530, funcname: preorder
s053006530.py(57):     if u == -1:
s053006530.py(59):     print(" "+str(u),end="")
 2s053006530.py(60):     preorder(T[u].left)
 --- modulename: s053006530, funcname: preorder
s053006530.py(57):     if u == -1:
s053006530.py(58):         return 
s053006530.py(61):     preorder(T[u].right)
 --- modulename: s053006530, funcname: preorder
s053006530.py(57):     if u == -1:
s053006530.py(58):         return 
s053006530.py(61):     preorder(T[u].right)
 --- modulename: s053006530, funcname: preorder
s053006530.py(57):     if u == -1:
s053006530.py(59):     print(" "+str(u),end="")
 3s053006530.py(60):     preorder(T[u].left)
 --- modulename: s053006530, funcname: preorder
s053006530.py(57):     if u == -1:
s053006530.py(58):         return 
s053006530.py(61):     preorder(T[u].right)
 --- modulename: s053006530, funcname: preorder
s053006530.py(57):     if u == -1:
s053006530.py(58):         return 
s053006530.py(61):     preorder(T[u].right)
 --- modulename: s053006530, funcname: preorder
s053006530.py(57):     if u == -1:
s053006530.py(59):     print(" "+str(u),end="")
 4s053006530.py(60):     preorder(T[u].left)
 --- modulename: s053006530, funcname: preorder
s053006530.py(57):     if u == -1:
s053006530.py(59):     print(" "+str(u),end="")
 5s053006530.py(60):     preorder(T[u].left)
 --- modulename: s053006530, funcname: preorder
s053006530.py(57):     if u == -1:
s053006530.py(59):     print(" "+str(u),end="")
 6s053006530.py(60):     preorder(T[u].left)
 --- modulename: s053006530, funcname: preorder
s053006530.py(57):     if u == -1:
s053006530.py(58):         return 
s053006530.py(61):     preorder(T[u].right)
 --- modulename: s053006530, funcname: preorder
s053006530.py(57):     if u == -1:
s053006530.py(58):         return 
s053006530.py(61):     preorder(T[u].right)
 --- modulename: s053006530, funcname: preorder
s053006530.py(57):     if u == -1:
s053006530.py(59):     print(" "+str(u),end="")
 7s053006530.py(60):     preorder(T[u].left)
 --- modulename: s053006530, funcname: preorder
s053006530.py(57):     if u == -1:
s053006530.py(58):         return 
s053006530.py(61):     preorder(T[u].right)
 --- modulename: s053006530, funcname: preorder
s053006530.py(57):     if u == -1:
s053006530.py(58):         return 
s053006530.py(61):     preorder(T[u].right)
 --- modulename: s053006530, funcname: preorder
s053006530.py(57):     if u == -1:
s053006530.py(59):     print(" "+str(u),end="")
 8s053006530.py(60):     preorder(T[u].left)
 --- modulename: s053006530, funcname: preorder
s053006530.py(57):     if u == -1:
s053006530.py(58):         return 
s053006530.py(61):     preorder(T[u].right)
 --- modulename: s053006530, funcname: preorder
s053006530.py(57):     if u == -1:
s053006530.py(58):         return 
s053006530.py(96): print("")

s053006530.py(97): print("Inorder")
Inorder
s053006530.py(98): inorder(R)
 --- modulename: s053006530, funcname: inorder
s053006530.py(64):     if u == -1:
s053006530.py(66):     inorder(T[u].left)
 --- modulename: s053006530, funcname: inorder
s053006530.py(64):     if u == -1:
s053006530.py(66):     inorder(T[u].left)
 --- modulename: s053006530, funcname: inorder
s053006530.py(64):     if u == -1:
s053006530.py(66):     inorder(T[u].left)
 --- modulename: s053006530, funcname: inorder
s053006530.py(64):     if u == -1:
s053006530.py(65):         return 
s053006530.py(67):     print(" "+str(u),end="")
 2s053006530.py(68):     inorder(T[u].right)
 --- modulename: s053006530, funcname: inorder
s053006530.py(64):     if u == -1:
s053006530.py(65):         return 
s053006530.py(67):     print(" "+str(u),end="")
 1s053006530.py(68):     inorder(T[u].right)
 --- modulename: s053006530, funcname: inorder
s053006530.py(64):     if u == -1:
s053006530.py(66):     inorder(T[u].left)
 --- modulename: s053006530, funcname: inorder
s053006530.py(64):     if u == -1:
s053006530.py(65):         return 
s053006530.py(67):     print(" "+str(u),end="")
 3s053006530.py(68):     inorder(T[u].right)
 --- modulename: s053006530, funcname: inorder
s053006530.py(64):     if u == -1:
s053006530.py(65):         return 
s053006530.py(67):     print(" "+str(u),end="")
 0s053006530.py(68):     inorder(T[u].right)
 --- modulename: s053006530, funcname: inorder
s053006530.py(64):     if u == -1:
s053006530.py(66):     inorder(T[u].left)
 --- modulename: s053006530, funcname: inorder
s053006530.py(64):     if u == -1:
s053006530.py(66):     inorder(T[u].left)
 --- modulename: s053006530, funcname: inorder
s053006530.py(64):     if u == -1:
s053006530.py(66):     inorder(T[u].left)
 --- modulename: s053006530, funcname: inorder
s053006530.py(64):     if u == -1:
s053006530.py(65):         return 
s053006530.py(67):     print(" "+str(u),end="")
 6s053006530.py(68):     inorder(T[u].right)
 --- modulename: s053006530, funcname: inorder
s053006530.py(64):     if u == -1:
s053006530.py(65):         return 
s053006530.py(67):     print(" "+str(u),end="")
 5s053006530.py(68):     inorder(T[u].right)
 --- modulename: s053006530, funcname: inorder
s053006530.py(64):     if u == -1:
s053006530.py(66):     inorder(T[u].left)
 --- modulename: s053006530, funcname: inorder
s053006530.py(64):     if u == -1:
s053006530.py(65):         return 
s053006530.py(67):     print(" "+str(u),end="")
 7s053006530.py(68):     inorder(T[u].right)
 --- modulename: s053006530, funcname: inorder
s053006530.py(64):     if u == -1:
s053006530.py(65):         return 
s053006530.py(67):     print(" "+str(u),end="")
 4s053006530.py(68):     inorder(T[u].right)
 --- modulename: s053006530, funcname: inorder
s053006530.py(64):     if u == -1:
s053006530.py(66):     inorder(T[u].left)
 --- modulename: s053006530, funcname: inorder
s053006530.py(64):     if u == -1:
s053006530.py(65):         return 
s053006530.py(67):     print(" "+str(u),end="")
 8s053006530.py(68):     inorder(T[u].right)
 --- modulename: s053006530, funcname: inorder
s053006530.py(64):     if u == -1:
s053006530.py(65):         return 
s053006530.py(99): print("")

s053006530.py(100): print("Postorder")
Postorder
s053006530.py(101): postorder(R)
 --- modulename: s053006530, funcname: postorder
s053006530.py(71):     if u == -1:
s053006530.py(73):     postorder(T[u].left)
 --- modulename: s053006530, funcname: postorder
s053006530.py(71):     if u == -1:
s053006530.py(73):     postorder(T[u].left)
 --- modulename: s053006530, funcname: postorder
s053006530.py(71):     if u == -1:
s053006530.py(73):     postorder(T[u].left)
 --- modulename: s053006530, funcname: postorder
s053006530.py(71):     if u == -1:
s053006530.py(72):         return 
s053006530.py(74):     postorder(T[u].right)
 --- modulename: s053006530, funcname: postorder
s053006530.py(71):     if u == -1:
s053006530.py(72):         return 
s053006530.py(75):     print(" "+str(u),end="")
 2s053006530.py(74):     postorder(T[u].right)
 --- modulename: s053006530, funcname: postorder
s053006530.py(71):     if u == -1:
s053006530.py(73):     postorder(T[u].left)
 --- modulename: s053006530, funcname: postorder
s053006530.py(71):     if u == -1:
s053006530.py(72):         return 
s053006530.py(74):     postorder(T[u].right)
 --- modulename: s053006530, funcname: postorder
s053006530.py(71):     if u == -1:
s053006530.py(72):         return 
s053006530.py(75):     print(" "+str(u),end="")
 3s053006530.py(75):     print(" "+str(u),end="")
 1s053006530.py(74):     postorder(T[u].right)
 --- modulename: s053006530, funcname: postorder
s053006530.py(71):     if u == -1:
s053006530.py(73):     postorder(T[u].left)
 --- modulename: s053006530, funcname: postorder
s053006530.py(71):     if u == -1:
s053006530.py(73):     postorder(T[u].left)
 --- modulename: s053006530, funcname: postorder
s053006530.py(71):     if u == -1:
s053006530.py(73):     postorder(T[u].left)
 --- modulename: s053006530, funcname: postorder
s053006530.py(71):     if u == -1:
s053006530.py(72):         return 
s053006530.py(74):     postorder(T[u].right)
 --- modulename: s053006530, funcname: postorder
s053006530.py(71):     if u == -1:
s053006530.py(72):         return 
s053006530.py(75):     print(" "+str(u),end="")
 6s053006530.py(74):     postorder(T[u].right)
 --- modulename: s053006530, funcname: postorder
s053006530.py(71):     if u == -1:
s053006530.py(73):     postorder(T[u].left)
 --- modulename: s053006530, funcname: postorder
s053006530.py(71):     if u == -1:
s053006530.py(72):         return 
s053006530.py(74):     postorder(T[u].right)
 --- modulename: s053006530, funcname: postorder
s053006530.py(71):     if u == -1:
s053006530.py(72):         return 
s053006530.py(75):     print(" "+str(u),end="")
 7s053006530.py(75):     print(" "+str(u),end="")
 5s053006530.py(74):     postorder(T[u].right)
 --- modulename: s053006530, funcname: postorder
s053006530.py(71):     if u == -1:
s053006530.py(73):     postorder(T[u].left)
 --- modulename: s053006530, funcname: postorder
s053006530.py(71):     if u == -1:
s053006530.py(72):         return 
s053006530.py(74):     postorder(T[u].right)
 --- modulename: s053006530, funcname: postorder
s053006530.py(71):     if u == -1:
s053006530.py(72):         return 
s053006530.py(75):     print(" "+str(u),end="")
 8s053006530.py(75):     print(" "+str(u),end="")
 4s053006530.py(75):     print(" "+str(u),end="")
 0s053006530.py(102): print("")

