 --- modulename: s055980135, funcname: <module>
s055980135.py(1): import sys
s055980135.py(2): input = sys.stdin.readline
s055980135.py(4): def I(): return int(input())
s055980135.py(5): def MI(): return map(int, input().split())
s055980135.py(6): def LI(): return list(map(int, input().split()))
s055980135.py(8): def main():
s055980135.py(125): main()
 --- modulename: s055980135, funcname: main
s055980135.py(11):     import heapq
s055980135.py(12):     class Dijkstra():
 --- modulename: s055980135, funcname: Dijkstra
s055980135.py(12):     class Dijkstra():
s055980135.py(13):         """
s055980135.py(24):         class Edge():
 --- modulename: s055980135, funcname: Edge
s055980135.py(24):         class Edge():
s055980135.py(27):             def __init__(self, _to, _cost):
s055980135.py(31):         def __init__(self, V):
s055980135.py(39):         def E(self):
s055980135.py(43):         def V(self):
s055980135.py(46):         def add(self, _from, _to, _cost):
s055980135.py(51):         def add2(self, _from, _to, _cost):
s055980135.py(57):         def shortest_path(self,s):#,g):
s055980135.py(101):     mod=10**9+7
s055980135.py(102):     N,M=MI()
 --- modulename: s055980135, funcname: MI
s055980135.py(5): def MI(): return map(int, input().split())
 --- modulename: codecs, funcname: getstate
codecs.py(333):         return (self.buffer, 0)
 --- modulename: codecs, funcname: decode
codecs.py(321):         data = self.buffer + input
codecs.py(322):         (result, consumed) = self._buffer_decode(data, self.errors, final)
codecs.py(324):         self.buffer = data[consumed:]
codecs.py(325):         return result
s055980135.py(103):     djk=Dijkstra(3*N)
 --- modulename: s055980135, funcname: __init__
s055980135.py(33):             self.inf=10**20
s055980135.py(34):             self.G = [[] for _ in range(V)] #隣接リストG[u][i]が頂点uのi番目の辺
 --- modulename: s055980135, funcname: <listcomp>
s055980135.py(34):             self.G = [[] for _ in range(V)] #隣接リストG[u][i]が頂点uのi番目の辺
s055980135.py(34):             self.G = [[] for _ in range(V)] #隣接リストG[u][i]が頂点uのi番目の辺
s055980135.py(34):             self.G = [[] for _ in range(V)] #隣接リストG[u][i]が頂点uのi番目の辺
s055980135.py(34):             self.G = [[] for _ in range(V)] #隣接リストG[u][i]が頂点uのi番目の辺
s055980135.py(34):             self.G = [[] for _ in range(V)] #隣接リストG[u][i]が頂点uのi番目の辺
s055980135.py(34):             self.G = [[] for _ in range(V)] #隣接リストG[u][i]が頂点uのi番目の辺
s055980135.py(34):             self.G = [[] for _ in range(V)] #隣接リストG[u][i]が頂点uのi番目の辺
s055980135.py(34):             self.G = [[] for _ in range(V)] #隣接リストG[u][i]が頂点uのi番目の辺
s055980135.py(34):             self.G = [[] for _ in range(V)] #隣接リストG[u][i]が頂点uのi番目の辺
s055980135.py(34):             self.G = [[] for _ in range(V)] #隣接リストG[u][i]が頂点uのi番目の辺
s055980135.py(34):             self.G = [[] for _ in range(V)] #隣接リストG[u][i]が頂点uのi番目の辺
s055980135.py(34):             self.G = [[] for _ in range(V)] #隣接リストG[u][i]が頂点uのi番目の辺
s055980135.py(34):             self.G = [[] for _ in range(V)] #隣接リストG[u][i]が頂点uのi番目の辺
s055980135.py(35):             self. _E = 0 #辺の数
s055980135.py(36):             self._V = V #頂点数
s055980135.py(104):     for _ in range(M):
s055980135.py(105):         u,v=MI()
 --- modulename: s055980135, funcname: MI
s055980135.py(5): def MI(): return map(int, input().split())
s055980135.py(106):         u-=1
s055980135.py(107):         v-=1
s055980135.py(108):         djk.add(u,v+N,1)
 --- modulename: s055980135, funcname: add
s055980135.py(48):             self.G[_from].append(self.Edge(_to,_cost))
 --- modulename: s055980135, funcname: __init__
s055980135.py(28):                 self.to =_to
s055980135.py(29):                 self.cost = _cost
s055980135.py(49):             self._E +=1
s055980135.py(109):         djk.add(u+N,v+2*N,1)
 --- modulename: s055980135, funcname: add
s055980135.py(48):             self.G[_from].append(self.Edge(_to,_cost))
 --- modulename: s055980135, funcname: __init__
s055980135.py(28):                 self.to =_to
s055980135.py(29):                 self.cost = _cost
s055980135.py(49):             self._E +=1
s055980135.py(110):         djk.add(u+2*N,v,1)
 --- modulename: s055980135, funcname: add
s055980135.py(48):             self.G[_from].append(self.Edge(_to,_cost))
 --- modulename: s055980135, funcname: __init__
s055980135.py(28):                 self.to =_to
s055980135.py(29):                 self.cost = _cost
s055980135.py(49):             self._E +=1
s055980135.py(104):     for _ in range(M):
s055980135.py(105):         u,v=MI()
 --- modulename: s055980135, funcname: MI
s055980135.py(5): def MI(): return map(int, input().split())
s055980135.py(106):         u-=1
s055980135.py(107):         v-=1
s055980135.py(108):         djk.add(u,v+N,1)
 --- modulename: s055980135, funcname: add
s055980135.py(48):             self.G[_from].append(self.Edge(_to,_cost))
 --- modulename: s055980135, funcname: __init__
s055980135.py(28):                 self.to =_to
s055980135.py(29):                 self.cost = _cost
s055980135.py(49):             self._E +=1
s055980135.py(109):         djk.add(u+N,v+2*N,1)
 --- modulename: s055980135, funcname: add
s055980135.py(48):             self.G[_from].append(self.Edge(_to,_cost))
 --- modulename: s055980135, funcname: __init__
s055980135.py(28):                 self.to =_to
s055980135.py(29):                 self.cost = _cost
s055980135.py(49):             self._E +=1
s055980135.py(110):         djk.add(u+2*N,v,1)
 --- modulename: s055980135, funcname: add
s055980135.py(48):             self.G[_from].append(self.Edge(_to,_cost))
 --- modulename: s055980135, funcname: __init__
s055980135.py(28):                 self.to =_to
s055980135.py(29):                 self.cost = _cost
s055980135.py(49):             self._E +=1
s055980135.py(104):     for _ in range(M):
s055980135.py(105):         u,v=MI()
 --- modulename: s055980135, funcname: MI
s055980135.py(5): def MI(): return map(int, input().split())
s055980135.py(106):         u-=1
s055980135.py(107):         v-=1
s055980135.py(108):         djk.add(u,v+N,1)
 --- modulename: s055980135, funcname: add
s055980135.py(48):             self.G[_from].append(self.Edge(_to,_cost))
 --- modulename: s055980135, funcname: __init__
s055980135.py(28):                 self.to =_to
s055980135.py(29):                 self.cost = _cost
s055980135.py(49):             self._E +=1
s055980135.py(109):         djk.add(u+N,v+2*N,1)
 --- modulename: s055980135, funcname: add
s055980135.py(48):             self.G[_from].append(self.Edge(_to,_cost))
 --- modulename: s055980135, funcname: __init__
s055980135.py(28):                 self.to =_to
s055980135.py(29):                 self.cost = _cost
s055980135.py(49):             self._E +=1
s055980135.py(110):         djk.add(u+2*N,v,1)
 --- modulename: s055980135, funcname: add
s055980135.py(48):             self.G[_from].append(self.Edge(_to,_cost))
 --- modulename: s055980135, funcname: __init__
s055980135.py(28):                 self.to =_to
s055980135.py(29):                 self.cost = _cost
s055980135.py(49):             self._E +=1
s055980135.py(104):     for _ in range(M):
s055980135.py(105):         u,v=MI()
 --- modulename: s055980135, funcname: MI
s055980135.py(5): def MI(): return map(int, input().split())
s055980135.py(106):         u-=1
s055980135.py(107):         v-=1
s055980135.py(108):         djk.add(u,v+N,1)
 --- modulename: s055980135, funcname: add
s055980135.py(48):             self.G[_from].append(self.Edge(_to,_cost))
 --- modulename: s055980135, funcname: __init__
s055980135.py(28):                 self.to =_to
s055980135.py(29):                 self.cost = _cost
s055980135.py(49):             self._E +=1
s055980135.py(109):         djk.add(u+N,v+2*N,1)
 --- modulename: s055980135, funcname: add
s055980135.py(48):             self.G[_from].append(self.Edge(_to,_cost))
 --- modulename: s055980135, funcname: __init__
s055980135.py(28):                 self.to =_to
s055980135.py(29):                 self.cost = _cost
s055980135.py(49):             self._E +=1
s055980135.py(110):         djk.add(u+2*N,v,1)
 --- modulename: s055980135, funcname: add
s055980135.py(48):             self.G[_from].append(self.Edge(_to,_cost))
 --- modulename: s055980135, funcname: __init__
s055980135.py(28):                 self.to =_to
s055980135.py(29):                 self.cost = _cost
s055980135.py(49):             self._E +=1
s055980135.py(104):     for _ in range(M):
s055980135.py(111):     S,T=MI()
 --- modulename: s055980135, funcname: MI
s055980135.py(5): def MI(): return map(int, input().split())
s055980135.py(112):     S-=1
s055980135.py(113):     T-=1
s055980135.py(114):     D=djk.shortest_path(S)
 --- modulename: s055980135, funcname: shortest_path
s055980135.py(59):             que = [] #priority queue
s055980135.py(60):             d = [self.inf] * self.V()
 --- modulename: s055980135, funcname: V
s055980135.py(44):             return self._V
s055980135.py(65):             d[s] = 0
s055980135.py(66):             heapq.heappush(que,(0,s)) #始点の距離と頂点番号をヒープに追加
s055980135.py(68):             while len(que)!=0:
s055980135.py(70):                 cost,v = heapq.heappop(que)
s055980135.py(73):                 if d[v] < cost:
s055980135.py(77):                 for i in range(len(self.G[v])):
s055980135.py(78):                     e = self.G[v][i] #vのi個目の隣接辺
s055980135.py(79):                     if d[e.to] > d[v] + e.cost:
s055980135.py(80):                         d[e.to] = d[v] + e.cost #更新
s055980135.py(85):                         heapq.heappush(que,(d[e.to],e.to)) #queに新たな最短経路長候補を追加
s055980135.py(77):                 for i in range(len(self.G[v])):
s055980135.py(68):             while len(que)!=0:
s055980135.py(70):                 cost,v = heapq.heappop(que)
s055980135.py(73):                 if d[v] < cost:
s055980135.py(77):                 for i in range(len(self.G[v])):
s055980135.py(78):                     e = self.G[v][i] #vのi個目の隣接辺
s055980135.py(79):                     if d[e.to] > d[v] + e.cost:
s055980135.py(80):                         d[e.to] = d[v] + e.cost #更新
s055980135.py(85):                         heapq.heappush(que,(d[e.to],e.to)) #queに新たな最短経路長候補を追加
s055980135.py(77):                 for i in range(len(self.G[v])):
s055980135.py(68):             while len(que)!=0:
s055980135.py(70):                 cost,v = heapq.heappop(que)
s055980135.py(73):                 if d[v] < cost:
s055980135.py(77):                 for i in range(len(self.G[v])):
s055980135.py(78):                     e = self.G[v][i] #vのi個目の隣接辺
s055980135.py(79):                     if d[e.to] > d[v] + e.cost:
s055980135.py(80):                         d[e.to] = d[v] + e.cost #更新
s055980135.py(85):                         heapq.heappush(que,(d[e.to],e.to)) #queに新たな最短経路長候補を追加
s055980135.py(77):                 for i in range(len(self.G[v])):
s055980135.py(68):             while len(que)!=0:
s055980135.py(70):                 cost,v = heapq.heappop(que)
s055980135.py(73):                 if d[v] < cost:
s055980135.py(77):                 for i in range(len(self.G[v])):
s055980135.py(78):                     e = self.G[v][i] #vのi個目の隣接辺
s055980135.py(79):                     if d[e.to] > d[v] + e.cost:
s055980135.py(80):                         d[e.to] = d[v] + e.cost #更新
s055980135.py(85):                         heapq.heappush(que,(d[e.to],e.to)) #queに新たな最短経路長候補を追加
s055980135.py(77):                 for i in range(len(self.G[v])):
s055980135.py(68):             while len(que)!=0:
s055980135.py(70):                 cost,v = heapq.heappop(que)
s055980135.py(73):                 if d[v] < cost:
s055980135.py(77):                 for i in range(len(self.G[v])):
s055980135.py(78):                     e = self.G[v][i] #vのi個目の隣接辺
s055980135.py(79):                     if d[e.to] > d[v] + e.cost:
s055980135.py(80):                         d[e.to] = d[v] + e.cost #更新
s055980135.py(85):                         heapq.heappush(que,(d[e.to],e.to)) #queに新たな最短経路長候補を追加
s055980135.py(77):                 for i in range(len(self.G[v])):
s055980135.py(68):             while len(que)!=0:
s055980135.py(70):                 cost,v = heapq.heappop(que)
s055980135.py(73):                 if d[v] < cost:
s055980135.py(77):                 for i in range(len(self.G[v])):
s055980135.py(78):                     e = self.G[v][i] #vのi個目の隣接辺
s055980135.py(79):                     if d[e.to] > d[v] + e.cost:
s055980135.py(80):                         d[e.to] = d[v] + e.cost #更新
s055980135.py(85):                         heapq.heappush(que,(d[e.to],e.to)) #queに新たな最短経路長候補を追加
s055980135.py(77):                 for i in range(len(self.G[v])):
s055980135.py(68):             while len(que)!=0:
s055980135.py(70):                 cost,v = heapq.heappop(que)
s055980135.py(73):                 if d[v] < cost:
s055980135.py(77):                 for i in range(len(self.G[v])):
s055980135.py(78):                     e = self.G[v][i] #vのi個目の隣接辺
s055980135.py(79):                     if d[e.to] > d[v] + e.cost:
s055980135.py(80):                         d[e.to] = d[v] + e.cost #更新
s055980135.py(85):                         heapq.heappush(que,(d[e.to],e.to)) #queに新たな最短経路長候補を追加
s055980135.py(77):                 for i in range(len(self.G[v])):
s055980135.py(68):             while len(que)!=0:
s055980135.py(70):                 cost,v = heapq.heappop(que)
s055980135.py(73):                 if d[v] < cost:
s055980135.py(77):                 for i in range(len(self.G[v])):
s055980135.py(78):                     e = self.G[v][i] #vのi個目の隣接辺
s055980135.py(79):                     if d[e.to] > d[v] + e.cost:
s055980135.py(80):                         d[e.to] = d[v] + e.cost #更新
s055980135.py(85):                         heapq.heappush(que,(d[e.to],e.to)) #queに新たな最短経路長候補を追加
s055980135.py(77):                 for i in range(len(self.G[v])):
s055980135.py(68):             while len(que)!=0:
s055980135.py(70):                 cost,v = heapq.heappop(que)
s055980135.py(73):                 if d[v] < cost:
s055980135.py(77):                 for i in range(len(self.G[v])):
s055980135.py(78):                     e = self.G[v][i] #vのi個目の隣接辺
s055980135.py(79):                     if d[e.to] > d[v] + e.cost:
s055980135.py(80):                         d[e.to] = d[v] + e.cost #更新
s055980135.py(85):                         heapq.heappush(que,(d[e.to],e.to)) #queに新たな最短経路長候補を追加
s055980135.py(77):                 for i in range(len(self.G[v])):
s055980135.py(68):             while len(que)!=0:
s055980135.py(70):                 cost,v = heapq.heappop(que)
s055980135.py(73):                 if d[v] < cost:
s055980135.py(77):                 for i in range(len(self.G[v])):
s055980135.py(78):                     e = self.G[v][i] #vのi個目の隣接辺
s055980135.py(79):                     if d[e.to] > d[v] + e.cost:
s055980135.py(80):                         d[e.to] = d[v] + e.cost #更新
s055980135.py(85):                         heapq.heappush(que,(d[e.to],e.to)) #queに新たな最短経路長候補を追加
s055980135.py(77):                 for i in range(len(self.G[v])):
s055980135.py(68):             while len(que)!=0:
s055980135.py(70):                 cost,v = heapq.heappop(que)
s055980135.py(73):                 if d[v] < cost:
s055980135.py(77):                 for i in range(len(self.G[v])):
s055980135.py(78):                     e = self.G[v][i] #vのi個目の隣接辺
s055980135.py(79):                     if d[e.to] > d[v] + e.cost:
s055980135.py(80):                         d[e.to] = d[v] + e.cost #更新
s055980135.py(85):                         heapq.heappush(que,(d[e.to],e.to)) #queに新たな最短経路長候補を追加
s055980135.py(77):                 for i in range(len(self.G[v])):
s055980135.py(68):             while len(que)!=0:
s055980135.py(70):                 cost,v = heapq.heappop(que)
s055980135.py(73):                 if d[v] < cost:
s055980135.py(77):                 for i in range(len(self.G[v])):
s055980135.py(78):                     e = self.G[v][i] #vのi個目の隣接辺
s055980135.py(79):                     if d[e.to] > d[v] + e.cost:
s055980135.py(77):                 for i in range(len(self.G[v])):
s055980135.py(68):             while len(que)!=0:
s055980135.py(99):             return d#,path
s055980135.py(115):     ans=D[T] //3
s055980135.py(117):     if ans>10**7:
s055980135.py(120):     print(ans)
2
