 --- modulename: s057466654, funcname: <module>
s057466654.py(1): from collections import defaultdict
 --- modulename: _bootstrap, funcname: _handle_fromlist
<frozen importlib._bootstrap>(1043): <frozen importlib._bootstrap>(1044): <frozen importlib._bootstrap>(1051): <frozen importlib._bootstrap>(1055): <frozen importlib._bootstrap>(1043): <frozen importlib._bootstrap>(1067): s057466654.py(2): con = 300000
s057466654.py(4): def getlist():
s057466654.py(7): class UnionFind:
 --- modulename: s057466654, funcname: UnionFind
s057466654.py(7): class UnionFind:
s057466654.py(8):     def __init__(self, n):
s057466654.py(13):     def find(self, x):
s057466654.py(20):     def same_check(self, x, y):
s057466654.py(23):     def union(self, x, y):
s057466654.py(39):     def siz(self, x):
s057466654.py(44): def main():
s057466654.py(79): if __name__ == '__main__':
s057466654.py(80): 	main()
 --- modulename: s057466654, funcname: main
s057466654.py(46): 	N, K, L = getlist()
 --- modulename: s057466654, funcname: getlist
s057466654.py(5): 	return list(map(int, input().split()))
 --- modulename: codecs, funcname: getstate
codecs.py(333):         return (self.buffer, 0)
 --- modulename: codecs, funcname: decode
codecs.py(321):         data = self.buffer + input
codecs.py(322):         (result, consumed) = self._buffer_decode(data, self.errors, final)
codecs.py(324):         self.buffer = data[consumed:]
codecs.py(325):         return result
s057466654.py(47): 	UFp = UnionFind(N)
 --- modulename: s057466654, funcname: __init__
s057466654.py(9):         self.par = [i for i in range(n + 1)]
 --- modulename: s057466654, funcname: <listcomp>
s057466654.py(9):         self.par = [i for i in range(n + 1)]
s057466654.py(9):         self.par = [i for i in range(n + 1)]
s057466654.py(9):         self.par = [i for i in range(n + 1)]
s057466654.py(9):         self.par = [i for i in range(n + 1)]
s057466654.py(9):         self.par = [i for i in range(n + 1)]
s057466654.py(9):         self.par = [i for i in range(n + 1)]
s057466654.py(10):         self.rank = [0] * (n + 1)
s057466654.py(11):         self.size = [1] * (n + 1)
s057466654.py(48): 	UFr = UnionFind(N)
 --- modulename: s057466654, funcname: __init__
s057466654.py(9):         self.par = [i for i in range(n + 1)]
 --- modulename: s057466654, funcname: <listcomp>
s057466654.py(9):         self.par = [i for i in range(n + 1)]
s057466654.py(9):         self.par = [i for i in range(n + 1)]
s057466654.py(9):         self.par = [i for i in range(n + 1)]
s057466654.py(9):         self.par = [i for i in range(n + 1)]
s057466654.py(9):         self.par = [i for i in range(n + 1)]
s057466654.py(9):         self.par = [i for i in range(n + 1)]
s057466654.py(10):         self.rank = [0] * (n + 1)
s057466654.py(11):         self.size = [1] * (n + 1)
s057466654.py(49): 	for i in range(K):
s057466654.py(50): 		p, q = getlist()
 --- modulename: s057466654, funcname: getlist
s057466654.py(5): 	return list(map(int, input().split()))
s057466654.py(51): 		UFp.union(p, q)
 --- modulename: s057466654, funcname: union
s057466654.py(24):         x = self.find(x)
 --- modulename: s057466654, funcname: find
s057466654.py(14):         if self.par[x] == x:
s057466654.py(15):             return x
s057466654.py(25):         y = self.find(y)
 --- modulename: s057466654, funcname: find
s057466654.py(14):         if self.par[x] == x:
s057466654.py(15):             return x
s057466654.py(26):         if self.rank[x] < self.rank[y]:
s057466654.py(32):             if self.same_check(x, y) != True:
 --- modulename: s057466654, funcname: same_check
s057466654.py(21):         return self.find(x) == self.find(y)
 --- modulename: s057466654, funcname: find
s057466654.py(14):         if self.par[x] == x:
s057466654.py(15):             return x
 --- modulename: s057466654, funcname: find
s057466654.py(14):         if self.par[x] == x:
s057466654.py(15):             return x
s057466654.py(33):                self.size[x] += self.size[y]
s057466654.py(34):                self.size[y] = 0
s057466654.py(35):             self.par[y] = x
s057466654.py(36):             if self.rank[x] == self.rank[y]:
s057466654.py(37):                self.rank[x] += 1
s057466654.py(49): 	for i in range(K):
s057466654.py(50): 		p, q = getlist()
 --- modulename: s057466654, funcname: getlist
s057466654.py(5): 	return list(map(int, input().split()))
s057466654.py(51): 		UFp.union(p, q)
 --- modulename: s057466654, funcname: union
s057466654.py(24):         x = self.find(x)
 --- modulename: s057466654, funcname: find
s057466654.py(14):         if self.par[x] == x:
s057466654.py(17):             self.par[x] = self.find(self.par[x])
 --- modulename: s057466654, funcname: find
s057466654.py(14):         if self.par[x] == x:
s057466654.py(15):             return x
s057466654.py(18):             return self.par[x]
s057466654.py(25):         y = self.find(y)
 --- modulename: s057466654, funcname: find
s057466654.py(14):         if self.par[x] == x:
s057466654.py(15):             return x
s057466654.py(26):         if self.rank[x] < self.rank[y]:
s057466654.py(32):             if self.same_check(x, y) != True:
 --- modulename: s057466654, funcname: same_check
s057466654.py(21):         return self.find(x) == self.find(y)
 --- modulename: s057466654, funcname: find
s057466654.py(14):         if self.par[x] == x:
s057466654.py(15):             return x
 --- modulename: s057466654, funcname: find
s057466654.py(14):         if self.par[x] == x:
s057466654.py(15):             return x
s057466654.py(33):                self.size[x] += self.size[y]
s057466654.py(34):                self.size[y] = 0
s057466654.py(35):             self.par[y] = x
s057466654.py(36):             if self.rank[x] == self.rank[y]:
s057466654.py(49): 	for i in range(K):
s057466654.py(50): 		p, q = getlist()
 --- modulename: s057466654, funcname: getlist
s057466654.py(5): 	return list(map(int, input().split()))
s057466654.py(51): 		UFp.union(p, q)
 --- modulename: s057466654, funcname: union
s057466654.py(24):         x = self.find(x)
 --- modulename: s057466654, funcname: find
s057466654.py(14):         if self.par[x] == x:
s057466654.py(17):             self.par[x] = self.find(self.par[x])
 --- modulename: s057466654, funcname: find
s057466654.py(14):         if self.par[x] == x:
s057466654.py(15):             return x
s057466654.py(18):             return self.par[x]
s057466654.py(25):         y = self.find(y)
 --- modulename: s057466654, funcname: find
s057466654.py(14):         if self.par[x] == x:
s057466654.py(15):             return x
s057466654.py(26):         if self.rank[x] < self.rank[y]:
s057466654.py(32):             if self.same_check(x, y) != True:
 --- modulename: s057466654, funcname: same_check
s057466654.py(21):         return self.find(x) == self.find(y)
 --- modulename: s057466654, funcname: find
s057466654.py(14):         if self.par[x] == x:
s057466654.py(15):             return x
 --- modulename: s057466654, funcname: find
s057466654.py(14):         if self.par[x] == x:
s057466654.py(15):             return x
s057466654.py(33):                self.size[x] += self.size[y]
s057466654.py(34):                self.size[y] = 0
s057466654.py(35):             self.par[y] = x
s057466654.py(36):             if self.rank[x] == self.rank[y]:
s057466654.py(49): 	for i in range(K):
s057466654.py(52): 	for i in range(L):
s057466654.py(53): 		r, s = getlist()
 --- modulename: s057466654, funcname: getlist
s057466654.py(5): 	return list(map(int, input().split()))
s057466654.py(54): 		UFr.union(r, s)
 --- modulename: s057466654, funcname: union
s057466654.py(24):         x = self.find(x)
 --- modulename: s057466654, funcname: find
s057466654.py(14):         if self.par[x] == x:
s057466654.py(15):             return x
s057466654.py(25):         y = self.find(y)
 --- modulename: s057466654, funcname: find
s057466654.py(14):         if self.par[x] == x:
s057466654.py(15):             return x
s057466654.py(26):         if self.rank[x] < self.rank[y]:
s057466654.py(32):             if self.same_check(x, y) != True:
 --- modulename: s057466654, funcname: same_check
s057466654.py(21):         return self.find(x) == self.find(y)
 --- modulename: s057466654, funcname: find
s057466654.py(14):         if self.par[x] == x:
s057466654.py(15):             return x
 --- modulename: s057466654, funcname: find
s057466654.py(14):         if self.par[x] == x:
s057466654.py(15):             return x
s057466654.py(33):                self.size[x] += self.size[y]
s057466654.py(34):                self.size[y] = 0
s057466654.py(35):             self.par[y] = x
s057466654.py(36):             if self.rank[x] == self.rank[y]:
s057466654.py(37):                self.rank[x] += 1
s057466654.py(52): 	for i in range(L):
s057466654.py(56): 	for i in range(1, N):
s057466654.py(57): 		UFp.find(i)
 --- modulename: s057466654, funcname: find
s057466654.py(14):         if self.par[x] == x:
s057466654.py(15):             return x
s057466654.py(58): 		UFr.find(i)
 --- modulename: s057466654, funcname: find
s057466654.py(14):         if self.par[x] == x:
s057466654.py(15):             return x
s057466654.py(56): 	for i in range(1, N):
s057466654.py(57): 		UFp.find(i)
 --- modulename: s057466654, funcname: find
s057466654.py(14):         if self.par[x] == x:
s057466654.py(17):             self.par[x] = self.find(self.par[x])
 --- modulename: s057466654, funcname: find
s057466654.py(14):         if self.par[x] == x:
s057466654.py(15):             return x
s057466654.py(18):             return self.par[x]
s057466654.py(58): 		UFr.find(i)
 --- modulename: s057466654, funcname: find
s057466654.py(14):         if self.par[x] == x:
s057466654.py(15):             return x
s057466654.py(56): 	for i in range(1, N):
s057466654.py(57): 		UFp.find(i)
 --- modulename: s057466654, funcname: find
s057466654.py(14):         if self.par[x] == x:
s057466654.py(17):             self.par[x] = self.find(self.par[x])
 --- modulename: s057466654, funcname: find
s057466654.py(14):         if self.par[x] == x:
s057466654.py(15):             return x
s057466654.py(18):             return self.par[x]
s057466654.py(58): 		UFr.find(i)
 --- modulename: s057466654, funcname: find
s057466654.py(14):         if self.par[x] == x:
s057466654.py(17):             self.par[x] = self.find(self.par[x])
 --- modulename: s057466654, funcname: find
s057466654.py(14):         if self.par[x] == x:
s057466654.py(15):             return x
s057466654.py(18):             return self.par[x]
s057466654.py(56): 	for i in range(1, N):
s057466654.py(60): 	s1 = UFp.par
s057466654.py(61): 	s2 = UFr.par
s057466654.py(62): 	s3 = []
s057466654.py(64): 	for i in range(1, N + 1):
s057466654.py(65): 		s3.append([s1[i], s2[i]])
s057466654.py(64): 	for i in range(1, N + 1):
s057466654.py(65): 		s3.append([s1[i], s2[i]])
s057466654.py(64): 	for i in range(1, N + 1):
s057466654.py(65): 		s3.append([s1[i], s2[i]])
s057466654.py(64): 	for i in range(1, N + 1):
s057466654.py(65): 		s3.append([s1[i], s2[i]])
s057466654.py(64): 	for i in range(1, N + 1):
s057466654.py(68): 	D = defaultdict(int)
s057466654.py(69): 	for i in range(N):
s057466654.py(70): 		a = s3[i][0]
s057466654.py(71): 		b = s3[i][1]
s057466654.py(72): 		D[a * con + b] += 1
s057466654.py(69): 	for i in range(N):
s057466654.py(70): 		a = s3[i][0]
s057466654.py(71): 		b = s3[i][1]
s057466654.py(72): 		D[a * con + b] += 1
s057466654.py(69): 	for i in range(N):
s057466654.py(70): 		a = s3[i][0]
s057466654.py(71): 		b = s3[i][1]
s057466654.py(72): 		D[a * con + b] += 1
s057466654.py(69): 	for i in range(N):
s057466654.py(70): 		a = s3[i][0]
s057466654.py(71): 		b = s3[i][1]
s057466654.py(72): 		D[a * con + b] += 1
s057466654.py(69): 	for i in range(N):
s057466654.py(74): 	ans = []
s057466654.py(75): 	for i in range(N):
s057466654.py(76): 		ans.append(D[s3[i][0] * con + s3[i][1]])
s057466654.py(75): 	for i in range(N):
s057466654.py(76): 		ans.append(D[s3[i][0] * con + s3[i][1]])
s057466654.py(75): 	for i in range(N):
s057466654.py(76): 		ans.append(D[s3[i][0] * con + s3[i][1]])
s057466654.py(75): 	for i in range(N):
s057466654.py(76): 		ans.append(D[s3[i][0] * con + s3[i][1]])
s057466654.py(75): 	for i in range(N):
s057466654.py(77): 	print(" ".join(list(map(str, ans))))
1 2 2 1
