 --- modulename: s063503085, funcname: <module>
s063503085.py(2): import sys
s063503085.py(3): INF = float("inf")
s063503085.py(6): def solve(a_I: int,
s063503085.py(7):           a_O: int,
s063503085.py(8):           a_T: int,
s063503085.py(9):           a_J: int,
s063503085.py(10):           a_L: int,
s063503085.py(11):           a_S: int,
s063503085.py(12):           a_Z: int):
s063503085.py(6): def solve(a_I: int,
s063503085.py(30): def main():
s063503085.py(47): if __name__ == '__main__':
s063503085.py(48):     main()
 --- modulename: s063503085, funcname: main
s063503085.py(32):     def iterate_tokens():
s063503085.py(36):     tokens = iterate_tokens()
s063503085.py(37):     a_I = int(next(tokens))  # type: int
 --- modulename: s063503085, funcname: iterate_tokens
s063503085.py(33):         for line in sys.stdin:
 --- modulename: codecs, funcname: decode
codecs.py(321):         data = self.buffer + input
codecs.py(322):         (result, consumed) = self._buffer_decode(data, self.errors, final)
codecs.py(324):         self.buffer = data[consumed:]
codecs.py(325):         return result
s063503085.py(34):             for word in line.split():
s063503085.py(35):                 yield word
s063503085.py(38):     a_O = int(next(tokens))  # type: int
 --- modulename: s063503085, funcname: iterate_tokens
s063503085.py(34):             for word in line.split():
s063503085.py(35):                 yield word
s063503085.py(39):     a_T = int(next(tokens))  # type: int
 --- modulename: s063503085, funcname: iterate_tokens
s063503085.py(34):             for word in line.split():
s063503085.py(35):                 yield word
s063503085.py(40):     a_J = int(next(tokens))  # type: int
 --- modulename: s063503085, funcname: iterate_tokens
s063503085.py(34):             for word in line.split():
s063503085.py(35):                 yield word
s063503085.py(41):     a_L = int(next(tokens))  # type: int
 --- modulename: s063503085, funcname: iterate_tokens
s063503085.py(34):             for word in line.split():
s063503085.py(35):                 yield word
s063503085.py(42):     a_S = int(next(tokens))  # type: int
 --- modulename: s063503085, funcname: iterate_tokens
s063503085.py(34):             for word in line.split():
s063503085.py(35):                 yield word
s063503085.py(43):     a_Z = int(next(tokens))  # type: int
 --- modulename: s063503085, funcname: iterate_tokens
s063503085.py(34):             for word in line.split():
s063503085.py(35):                 yield word
s063503085.py(44):     solve(a_I, a_O, a_T, a_J, a_L, a_S, a_Z)
 --- modulename: s063503085, funcname: solve
s063503085.py(15):     ans = a_O
s063503085.py(18):     A = 2*(a_I//2) + 2*(a_J//2) + 2*(a_L//2)
s063503085.py(19):     if a_I > 0 and a_J > 0 and a_L > 0:
s063503085.py(22):         B = 0
s063503085.py(23):     ans += max(A, B)
s063503085.py(25):     print(ans)
3
s063503085.py(27):     return
 --- modulename: s063503085, funcname: iterate_tokens
