 --- modulename: s068277958, funcname: <module>
s068277958.py(2): import sys
s068277958.py(5): def solve(K: int):
s068277958.py(12): def main():
s068277958.py(21): if __name__ == '__main__':
s068277958.py(22):     main()
 --- modulename: s068277958, funcname: main
s068277958.py(13):     def iterate_tokens():
s068277958.py(17):     tokens = iterate_tokens()
s068277958.py(18):     K = int(next(tokens))  # type: int
 --- modulename: s068277958, funcname: iterate_tokens
s068277958.py(14):         for line in sys.stdin:
 --- modulename: codecs, funcname: decode
codecs.py(321):         data = self.buffer + input
codecs.py(322):         (result, consumed) = self._buffer_decode(data, self.errors, final)
codecs.py(324):         self.buffer = data[consumed:]
codecs.py(325):         return result
s068277958.py(15):             for word in line.split():
s068277958.py(16):                 yield word
s068277958.py(19):     solve(K)
 --- modulename: s068277958, funcname: solve
s068277958.py(6):     l = [1, 1, 1, 2, 1, 2, 1, 5, 2, 2, 1, 5, 1, 2, 1, 14, 1, 5, 1, 5, 2, 2, 1, 15, 2, 2, 5, 4, 1, 4, 1, 51]
s068277958.py(7):     print(l[K-1])
2
s068277958.py(8):     return
 --- modulename: s068277958, funcname: iterate_tokens
