 --- modulename: s069770345, funcname: <module>
s069770345.py(1): import sys
s069770345.py(2): sys.setrecursionlimit(10 ** 9)
s069770345.py(3): int1 = lambda x: int(x) - 1
s069770345.py(4): def II(): return int(input())
s069770345.py(6): def MI(): return map(int, input().split())
s069770345.py(7): def MI1(): return map(int1, input().split())
s069770345.py(9): def LI(): return list(map(int, input().split()))
s069770345.py(10): def LLI(rows_number): return [LI() for _ in range(rows_number)]
s069770345.py(12): from collections import deque
 --- modulename: _bootstrap, funcname: _handle_fromlist
<frozen importlib._bootstrap>(1043): <frozen importlib._bootstrap>(1044): <frozen importlib._bootstrap>(1051): <frozen importlib._bootstrap>(1055): <frozen importlib._bootstrap>(1043): <frozen importlib._bootstrap>(1067): s069770345.py(14): def solve():
s069770345.py(36): if __name__ == '__main__':
s069770345.py(37):     solve()
 --- modulename: s069770345, funcname: solve
s069770345.py(15):     n = II()
 --- modulename: s069770345, funcname: II
s069770345.py(4): def II(): return int(input())
 --- modulename: codecs, funcname: getstate
codecs.py(333):         return (self.buffer, 0)
 --- modulename: codecs, funcname: decode
codecs.py(321):         data = self.buffer + input
codecs.py(322):         (result, consumed) = self._buffer_decode(data, self.errors, final)
codecs.py(324):         self.buffer = data[consumed:]
codecs.py(325):         return result
s069770345.py(16):     D = deque(sorted(LI()))
 --- modulename: s069770345, funcname: LI
s069770345.py(9): def LI(): return list(map(int, input().split()))
s069770345.py(18):     for i in range(n):
s069770345.py(19):         l = D.popleft()
s069770345.py(21):         if len(D) == 0:
s069770345.py(25):             r = D.pop()
s069770345.py(27):             if len(D) == 0:
s069770345.py(18):     for i in range(n):
s069770345.py(19):         l = D.popleft()
s069770345.py(21):         if len(D) == 0:
s069770345.py(25):             r = D.pop()
s069770345.py(27):             if len(D) == 0:
s069770345.py(18):     for i in range(n):
s069770345.py(19):         l = D.popleft()
s069770345.py(21):         if len(D) == 0:
s069770345.py(25):             r = D.pop()
s069770345.py(27):             if len(D) == 0:
s069770345.py(28):                 print(r - l)
2
s069770345.py(29):                 break
