 --- modulename: s071474329, funcname: <module>
s071474329.py(1): from collections import deque
 --- modulename: _bootstrap, funcname: _handle_fromlist
<frozen importlib._bootstrap>(1043): <frozen importlib._bootstrap>(1044): <frozen importlib._bootstrap>(1051): <frozen importlib._bootstrap>(1055): <frozen importlib._bootstrap>(1043): <frozen importlib._bootstrap>(1067): s071474329.py(4): def solve(tree, root):
s071474329.py(55): n = int(input())
 --- modulename: codecs, funcname: getstate
codecs.py(333):         return (self.buffer, 0)
 --- modulename: codecs, funcname: decode
codecs.py(321):         data = self.buffer + input
codecs.py(322):         (result, consumed) = self._buffer_decode(data, self.errors, final)
codecs.py(324):         self.buffer = data[consumed:]
codecs.py(325):         return result
s071474329.py(56): info = [list(map(int, input().split())) for i in range(n - 1)]
 --- modulename: s071474329, funcname: <listcomp>
s071474329.py(56): info = [list(map(int, input().split())) for i in range(n - 1)]
s071474329.py(56): info = [list(map(int, input().split())) for i in range(n - 1)]
s071474329.py(56): info = [list(map(int, input().split())) for i in range(n - 1)]
s071474329.py(56): info = [list(map(int, input().split())) for i in range(n - 1)]
s071474329.py(57): tree = [[] for i in range(n)]
 --- modulename: s071474329, funcname: <listcomp>
s071474329.py(57): tree = [[] for i in range(n)]
s071474329.py(57): tree = [[] for i in range(n)]
s071474329.py(57): tree = [[] for i in range(n)]
s071474329.py(57): tree = [[] for i in range(n)]
s071474329.py(57): tree = [[] for i in range(n)]
s071474329.py(58): for i in range(n - 1):
s071474329.py(59):     a, b, cost = info[i]
s071474329.py(60):     tree[a].append((b, cost))
s071474329.py(61):     tree[b].append((a, cost))
s071474329.py(58): for i in range(n - 1):
s071474329.py(59):     a, b, cost = info[i]
s071474329.py(60):     tree[a].append((b, cost))
s071474329.py(61):     tree[b].append((a, cost))
s071474329.py(58): for i in range(n - 1):
s071474329.py(59):     a, b, cost = info[i]
s071474329.py(60):     tree[a].append((b, cost))
s071474329.py(61):     tree[b].append((a, cost))
s071474329.py(58): for i in range(n - 1):
s071474329.py(62): root = 0
s071474329.py(64): ans = solve(tree, root)
 --- modulename: s071474329, funcname: solve
s071474329.py(5):     def dfs1():
s071474329.py(26):     def dfs2():
s071474329.py(47):     par = {root: -1}
s071474329.py(48):     dist1 = [0] * n
s071474329.py(49):     dist2 = [0] * n
s071474329.py(50):     dfs1()
 --- modulename: s071474329, funcname: dfs1
s071474329.py(7):         q1 = deque([root])
s071474329.py(8):         q2 = deque([root])
s071474329.py(9):         while q1:
s071474329.py(10):             v = q1.pop()
s071474329.py(11):             for nxt_v, cost in tree[v]:
s071474329.py(12):                 if nxt_v in par:
s071474329.py(15):                     par[nxt_v] = v
s071474329.py(16):                     q1.append(nxt_v)
s071474329.py(17):                     q2.append(nxt_v)
s071474329.py(11):             for nxt_v, cost in tree[v]:
s071474329.py(9):         while q1:
s071474329.py(10):             v = q1.pop()
s071474329.py(11):             for nxt_v, cost in tree[v]:
s071474329.py(12):                 if nxt_v in par:
s071474329.py(13):                     continue
s071474329.py(11):             for nxt_v, cost in tree[v]:
s071474329.py(12):                 if nxt_v in par:
s071474329.py(15):                     par[nxt_v] = v
s071474329.py(16):                     q1.append(nxt_v)
s071474329.py(17):                     q2.append(nxt_v)
s071474329.py(11):             for nxt_v, cost in tree[v]:
s071474329.py(12):                 if nxt_v in par:
s071474329.py(15):                     par[nxt_v] = v
s071474329.py(16):                     q1.append(nxt_v)
s071474329.py(17):                     q2.append(nxt_v)
s071474329.py(11):             for nxt_v, cost in tree[v]:
s071474329.py(9):         while q1:
s071474329.py(10):             v = q1.pop()
s071474329.py(11):             for nxt_v, cost in tree[v]:
s071474329.py(12):                 if nxt_v in par:
s071474329.py(13):                     continue
s071474329.py(11):             for nxt_v, cost in tree[v]:
s071474329.py(9):         while q1:
s071474329.py(10):             v = q1.pop()
s071474329.py(11):             for nxt_v, cost in tree[v]:
s071474329.py(12):                 if nxt_v in par:
s071474329.py(13):                     continue
s071474329.py(11):             for nxt_v, cost in tree[v]:
s071474329.py(9):         while q1:
s071474329.py(18):         while q2:
s071474329.py(19):             v = q2.pop()
s071474329.py(20):             for nxt_v, cost in tree[v]:
s071474329.py(21):                 if nxt_v == par[v]:
s071474329.py(22):                     continue
s071474329.py(20):             for nxt_v, cost in tree[v]:
s071474329.py(18):         while q2:
s071474329.py(19):             v = q2.pop()
s071474329.py(20):             for nxt_v, cost in tree[v]:
s071474329.py(21):                 if nxt_v == par[v]:
s071474329.py(22):                     continue
s071474329.py(20):             for nxt_v, cost in tree[v]:
s071474329.py(18):         while q2:
s071474329.py(19):             v = q2.pop()
s071474329.py(20):             for nxt_v, cost in tree[v]:
s071474329.py(21):                 if nxt_v == par[v]:
s071474329.py(22):                     continue
s071474329.py(20):             for nxt_v, cost in tree[v]:
s071474329.py(21):                 if nxt_v == par[v]:
s071474329.py(24):                     dist1[v] = max(dist1[v], dist1[nxt_v] + cost)
s071474329.py(20):             for nxt_v, cost in tree[v]:
s071474329.py(21):                 if nxt_v == par[v]:
s071474329.py(24):                     dist1[v] = max(dist1[v], dist1[nxt_v] + cost)
s071474329.py(20):             for nxt_v, cost in tree[v]:
s071474329.py(18):         while q2:
s071474329.py(19):             v = q2.pop()
s071474329.py(20):             for nxt_v, cost in tree[v]:
s071474329.py(21):                 if nxt_v == par[v]:
s071474329.py(24):                     dist1[v] = max(dist1[v], dist1[nxt_v] + cost)
s071474329.py(20):             for nxt_v, cost in tree[v]:
s071474329.py(18):         while q2:
s071474329.py(51):     dfs2()
 --- modulename: s071474329, funcname: dfs2
s071474329.py(28):         q = deque([(root, 0)])
s071474329.py(29):         while q:
s071474329.py(30):             v, par_d = q.pop()
s071474329.py(31):             tmp = [(0, -1)]
s071474329.py(32):             for nxt_v, cost in tree[v]:
s071474329.py(33):                 if nxt_v == par[v]:
s071474329.py(36):                     tmp.append((cost + dist1[nxt_v], nxt_v))
s071474329.py(32):             for nxt_v, cost in tree[v]:
s071474329.py(37):             tmp = sorted(tmp, reverse=True)
s071474329.py(38):             dist2[v] = tmp[0][0]
s071474329.py(39):             for nxt_v, cost in tree[v]:
s071474329.py(40):                 if nxt_v == par[v]:
s071474329.py(42):                 if tmp[0][1] != nxt_v:
s071474329.py(45):                     q.append((nxt_v, tmp[1][0]))
s071474329.py(39):             for nxt_v, cost in tree[v]:
s071474329.py(29):         while q:
s071474329.py(30):             v, par_d = q.pop()
s071474329.py(31):             tmp = [(0, -1)]
s071474329.py(32):             for nxt_v, cost in tree[v]:
s071474329.py(33):                 if nxt_v == par[v]:
s071474329.py(34):                     tmp.append((par_d + cost, nxt_v))
s071474329.py(32):             for nxt_v, cost in tree[v]:
s071474329.py(33):                 if nxt_v == par[v]:
s071474329.py(36):                     tmp.append((cost + dist1[nxt_v], nxt_v))
s071474329.py(32):             for nxt_v, cost in tree[v]:
s071474329.py(33):                 if nxt_v == par[v]:
s071474329.py(36):                     tmp.append((cost + dist1[nxt_v], nxt_v))
s071474329.py(32):             for nxt_v, cost in tree[v]:
s071474329.py(37):             tmp = sorted(tmp, reverse=True)
s071474329.py(38):             dist2[v] = tmp[0][0]
s071474329.py(39):             for nxt_v, cost in tree[v]:
s071474329.py(40):                 if nxt_v == par[v]:
s071474329.py(41):                     continue
s071474329.py(39):             for nxt_v, cost in tree[v]:
s071474329.py(40):                 if nxt_v == par[v]:
s071474329.py(42):                 if tmp[0][1] != nxt_v:
s071474329.py(43):                     q.append((nxt_v, tmp[0][0]))
s071474329.py(39):             for nxt_v, cost in tree[v]:
s071474329.py(40):                 if nxt_v == par[v]:
s071474329.py(42):                 if tmp[0][1] != nxt_v:
s071474329.py(45):                     q.append((nxt_v, tmp[1][0]))
s071474329.py(39):             for nxt_v, cost in tree[v]:
s071474329.py(29):         while q:
s071474329.py(30):             v, par_d = q.pop()
s071474329.py(31):             tmp = [(0, -1)]
s071474329.py(32):             for nxt_v, cost in tree[v]:
s071474329.py(33):                 if nxt_v == par[v]:
s071474329.py(34):                     tmp.append((par_d + cost, nxt_v))
s071474329.py(32):             for nxt_v, cost in tree[v]:
s071474329.py(37):             tmp = sorted(tmp, reverse=True)
s071474329.py(38):             dist2[v] = tmp[0][0]
s071474329.py(39):             for nxt_v, cost in tree[v]:
s071474329.py(40):                 if nxt_v == par[v]:
s071474329.py(41):                     continue
s071474329.py(39):             for nxt_v, cost in tree[v]:
s071474329.py(29):         while q:
s071474329.py(30):             v, par_d = q.pop()
s071474329.py(31):             tmp = [(0, -1)]
s071474329.py(32):             for nxt_v, cost in tree[v]:
s071474329.py(33):                 if nxt_v == par[v]:
s071474329.py(34):                     tmp.append((par_d + cost, nxt_v))
s071474329.py(32):             for nxt_v, cost in tree[v]:
s071474329.py(37):             tmp = sorted(tmp, reverse=True)
s071474329.py(38):             dist2[v] = tmp[0][0]
s071474329.py(39):             for nxt_v, cost in tree[v]:
s071474329.py(40):                 if nxt_v == par[v]:
s071474329.py(41):                     continue
s071474329.py(39):             for nxt_v, cost in tree[v]:
s071474329.py(29):         while q:
s071474329.py(52):     return dist2
s071474329.py(65): for res in ans:
s071474329.py(66):     print(res)
5
s071474329.py(65): for res in ans:
s071474329.py(66):     print(res)
3
s071474329.py(65): for res in ans:
s071474329.py(66):     print(res)
4
s071474329.py(65): for res in ans:
s071474329.py(66):     print(res)
5
s071474329.py(65): for res in ans:
