 --- modulename: s073416607, funcname: <module>
s073416607.py(2): from collections import defaultdict
 --- modulename: _bootstrap, funcname: _handle_fromlist
<frozen importlib._bootstrap>(1043): <frozen importlib._bootstrap>(1044): <frozen importlib._bootstrap>(1051): <frozen importlib._bootstrap>(1055): <frozen importlib._bootstrap>(1043): <frozen importlib._bootstrap>(1067): s073416607.py(3): from heapq import merge
s073416607.py(4): import sys
s073416607.py(5): sys.setrecursionlimit(10**7)
s073416607.py(6): def inpl(): return tuple(map(int, input().split()))
s073416607.py(8): N, M = inpl()
 --- modulename: s073416607, funcname: inpl
s073416607.py(6): def inpl(): return tuple(map(int, input().split()))
 --- modulename: codecs, funcname: getstate
codecs.py(333):         return (self.buffer, 0)
 --- modulename: codecs, funcname: decode
codecs.py(321):         data = self.buffer + input
codecs.py(322):         (result, consumed) = self._buffer_decode(data, self.errors, final)
codecs.py(324):         self.buffer = data[consumed:]
codecs.py(325):         return result
s073416607.py(9): A = inpl()
 --- modulename: s073416607, funcname: inpl
s073416607.py(6): def inpl(): return tuple(map(int, input().split()))
s073416607.py(10): tree = [[-1, 1]  for _ in range(N)] # [next, rank]
 --- modulename: s073416607, funcname: <listcomp>
s073416607.py(10): tree = [[-1, 1]  for _ in range(N)] # [next, rank]
s073416607.py(10): tree = [[-1, 1]  for _ in range(N)] # [next, rank]
s073416607.py(10): tree = [[-1, 1]  for _ in range(N)] # [next, rank]
s073416607.py(10): tree = [[-1, 1]  for _ in range(N)] # [next, rank]
s073416607.py(10): tree = [[-1, 1]  for _ in range(N)] # [next, rank]
s073416607.py(10): tree = [[-1, 1]  for _ in range(N)] # [next, rank]
s073416607.py(10): tree = [[-1, 1]  for _ in range(N)] # [next, rank]
s073416607.py(10): tree = [[-1, 1]  for _ in range(N)] # [next, rank]
s073416607.py(12): def find(i):
s073416607.py(20): def unite(x, y):
s073416607.py(32): for _ in range(M):
s073416607.py(33):     x, y = tuple(map(int, input().split()))
s073416607.py(34):     if not int(find(x) == find(y)):
 --- modulename: s073416607, funcname: find
s073416607.py(13):     if tree[i][0] == -1:
s073416607.py(14):         group = i
s073416607.py(18):     return group
 --- modulename: s073416607, funcname: find
s073416607.py(13):     if tree[i][0] == -1:
s073416607.py(14):         group = i
s073416607.py(18):     return group
s073416607.py(35):         unite(x, y)
 --- modulename: s073416607, funcname: unite
s073416607.py(21):     px = find(x)
 --- modulename: s073416607, funcname: find
s073416607.py(13):     if tree[i][0] == -1:
s073416607.py(14):         group = i
s073416607.py(18):     return group
s073416607.py(22):     py = find(y)
 --- modulename: s073416607, funcname: find
s073416607.py(13):     if tree[i][0] == -1:
s073416607.py(14):         group = i
s073416607.py(18):     return group
s073416607.py(24):     if tree[px][1] == tree[py][1]: # rank is same
s073416607.py(25):         tree[py][0] = px
s073416607.py(26):         tree[px][1] += 1
s073416607.py(32): for _ in range(M):
s073416607.py(33):     x, y = tuple(map(int, input().split()))
s073416607.py(34):     if not int(find(x) == find(y)):
 --- modulename: s073416607, funcname: find
s073416607.py(13):     if tree[i][0] == -1:
s073416607.py(14):         group = i
s073416607.py(18):     return group
 --- modulename: s073416607, funcname: find
s073416607.py(13):     if tree[i][0] == -1:
s073416607.py(16):         group = find(tree[i][0]) 
 --- modulename: s073416607, funcname: find
s073416607.py(13):     if tree[i][0] == -1:
s073416607.py(14):         group = i
s073416607.py(18):     return group
s073416607.py(17):         tree[i][0] = group
s073416607.py(18):     return group
s073416607.py(35):         unite(x, y)
 --- modulename: s073416607, funcname: unite
s073416607.py(21):     px = find(x)
 --- modulename: s073416607, funcname: find
s073416607.py(13):     if tree[i][0] == -1:
s073416607.py(14):         group = i
s073416607.py(18):     return group
s073416607.py(22):     py = find(y)
 --- modulename: s073416607, funcname: find
s073416607.py(13):     if tree[i][0] == -1:
s073416607.py(16):         group = find(tree[i][0]) 
 --- modulename: s073416607, funcname: find
s073416607.py(13):     if tree[i][0] == -1:
s073416607.py(14):         group = i
s073416607.py(18):     return group
s073416607.py(17):         tree[i][0] = group
s073416607.py(18):     return group
s073416607.py(24):     if tree[px][1] == tree[py][1]: # rank is same
s073416607.py(28):         if tree[px][1] < tree[py][1]:
s073416607.py(29):             px, py = py, px
s073416607.py(30):         tree[py][0] = px
s073416607.py(32): for _ in range(M):
s073416607.py(33):     x, y = tuple(map(int, input().split()))
s073416607.py(34):     if not int(find(x) == find(y)):
 --- modulename: s073416607, funcname: find
s073416607.py(13):     if tree[i][0] == -1:
s073416607.py(14):         group = i
s073416607.py(18):     return group
 --- modulename: s073416607, funcname: find
s073416607.py(13):     if tree[i][0] == -1:
s073416607.py(14):         group = i
s073416607.py(18):     return group
s073416607.py(35):         unite(x, y)
 --- modulename: s073416607, funcname: unite
s073416607.py(21):     px = find(x)
 --- modulename: s073416607, funcname: find
s073416607.py(13):     if tree[i][0] == -1:
s073416607.py(14):         group = i
s073416607.py(18):     return group
s073416607.py(22):     py = find(y)
 --- modulename: s073416607, funcname: find
s073416607.py(13):     if tree[i][0] == -1:
s073416607.py(14):         group = i
s073416607.py(18):     return group
s073416607.py(24):     if tree[px][1] == tree[py][1]: # rank is same
s073416607.py(25):         tree[py][0] = px
s073416607.py(26):         tree[px][1] += 1
s073416607.py(32): for _ in range(M):
s073416607.py(33):     x, y = tuple(map(int, input().split()))
s073416607.py(34):     if not int(find(x) == find(y)):
 --- modulename: s073416607, funcname: find
s073416607.py(13):     if tree[i][0] == -1:
s073416607.py(14):         group = i
s073416607.py(18):     return group
 --- modulename: s073416607, funcname: find
s073416607.py(13):     if tree[i][0] == -1:
s073416607.py(14):         group = i
s073416607.py(18):     return group
s073416607.py(35):         unite(x, y)
 --- modulename: s073416607, funcname: unite
s073416607.py(21):     px = find(x)
 --- modulename: s073416607, funcname: find
s073416607.py(13):     if tree[i][0] == -1:
s073416607.py(14):         group = i
s073416607.py(18):     return group
s073416607.py(22):     py = find(y)
 --- modulename: s073416607, funcname: find
s073416607.py(13):     if tree[i][0] == -1:
s073416607.py(14):         group = i
s073416607.py(18):     return group
s073416607.py(24):     if tree[px][1] == tree[py][1]: # rank is same
s073416607.py(25):         tree[py][0] = px
s073416607.py(26):         tree[px][1] += 1
s073416607.py(32): for _ in range(M):
s073416607.py(33):     x, y = tuple(map(int, input().split()))
s073416607.py(34):     if not int(find(x) == find(y)):
 --- modulename: s073416607, funcname: find
s073416607.py(13):     if tree[i][0] == -1:
s073416607.py(14):         group = i
s073416607.py(18):     return group
 --- modulename: s073416607, funcname: find
s073416607.py(13):     if tree[i][0] == -1:
s073416607.py(14):         group = i
s073416607.py(18):     return group
s073416607.py(35):         unite(x, y)
 --- modulename: s073416607, funcname: unite
s073416607.py(21):     px = find(x)
 --- modulename: s073416607, funcname: find
s073416607.py(13):     if tree[i][0] == -1:
s073416607.py(14):         group = i
s073416607.py(18):     return group
s073416607.py(22):     py = find(y)
 --- modulename: s073416607, funcname: find
s073416607.py(13):     if tree[i][0] == -1:
s073416607.py(14):         group = i
s073416607.py(18):     return group
s073416607.py(24):     if tree[px][1] == tree[py][1]: # rank is same
s073416607.py(25):         tree[py][0] = px
s073416607.py(26):         tree[px][1] += 1
s073416607.py(32): for _ in range(M):
s073416607.py(37): D = defaultdict(list)
s073416607.py(38): for n in range(N):
s073416607.py(39):     D[find(n)].append(A[n])
 --- modulename: s073416607, funcname: find
s073416607.py(13):     if tree[i][0] == -1:
s073416607.py(16):         group = find(tree[i][0]) 
 --- modulename: s073416607, funcname: find
s073416607.py(13):     if tree[i][0] == -1:
s073416607.py(16):         group = find(tree[i][0]) 
 --- modulename: s073416607, funcname: find
s073416607.py(13):     if tree[i][0] == -1:
s073416607.py(14):         group = i
s073416607.py(18):     return group
s073416607.py(17):         tree[i][0] = group
s073416607.py(18):     return group
s073416607.py(17):         tree[i][0] = group
s073416607.py(18):     return group
s073416607.py(38): for n in range(N):
s073416607.py(39):     D[find(n)].append(A[n])
 --- modulename: s073416607, funcname: find
s073416607.py(13):     if tree[i][0] == -1:
s073416607.py(14):         group = i
s073416607.py(18):     return group
s073416607.py(38): for n in range(N):
s073416607.py(39):     D[find(n)].append(A[n])
 --- modulename: s073416607, funcname: find
s073416607.py(13):     if tree[i][0] == -1:
s073416607.py(16):         group = find(tree[i][0]) 
 --- modulename: s073416607, funcname: find
s073416607.py(13):     if tree[i][0] == -1:
s073416607.py(14):         group = i
s073416607.py(18):     return group
s073416607.py(17):         tree[i][0] = group
s073416607.py(18):     return group
s073416607.py(38): for n in range(N):
s073416607.py(39):     D[find(n)].append(A[n])
 --- modulename: s073416607, funcname: find
s073416607.py(13):     if tree[i][0] == -1:
s073416607.py(16):         group = find(tree[i][0]) 
 --- modulename: s073416607, funcname: find
s073416607.py(13):     if tree[i][0] == -1:
s073416607.py(14):         group = i
s073416607.py(18):     return group
s073416607.py(17):         tree[i][0] = group
s073416607.py(18):     return group
s073416607.py(38): for n in range(N):
s073416607.py(39):     D[find(n)].append(A[n])
 --- modulename: s073416607, funcname: find
s073416607.py(13):     if tree[i][0] == -1:
s073416607.py(16):         group = find(tree[i][0]) 
 --- modulename: s073416607, funcname: find
s073416607.py(13):     if tree[i][0] == -1:
s073416607.py(16):         group = find(tree[i][0]) 
 --- modulename: s073416607, funcname: find
s073416607.py(13):     if tree[i][0] == -1:
s073416607.py(14):         group = i
s073416607.py(18):     return group
s073416607.py(17):         tree[i][0] = group
s073416607.py(18):     return group
s073416607.py(17):         tree[i][0] = group
s073416607.py(18):     return group
s073416607.py(38): for n in range(N):
s073416607.py(39):     D[find(n)].append(A[n])
 --- modulename: s073416607, funcname: find
s073416607.py(13):     if tree[i][0] == -1:
s073416607.py(14):         group = i
s073416607.py(18):     return group
s073416607.py(38): for n in range(N):
s073416607.py(39):     D[find(n)].append(A[n])
 --- modulename: s073416607, funcname: find
s073416607.py(13):     if tree[i][0] == -1:
s073416607.py(16):         group = find(tree[i][0]) 
 --- modulename: s073416607, funcname: find
s073416607.py(13):     if tree[i][0] == -1:
s073416607.py(14):         group = i
s073416607.py(18):     return group
s073416607.py(17):         tree[i][0] = group
s073416607.py(18):     return group
s073416607.py(38): for n in range(N):
s073416607.py(41): H = []
s073416607.py(42): res = 0 
s073416607.py(44): for k, v in D.items():
s073416607.py(45):     v = sorted(v)
s073416607.py(46):     res += v[0]
s073416607.py(47):     H.append(v[1:])
s073416607.py(44): for k, v in D.items():
s073416607.py(45):     v = sorted(v)
s073416607.py(46):     res += v[0]
s073416607.py(47):     H.append(v[1:])
s073416607.py(44): for k, v in D.items():
s073416607.py(49): if N < 2*(N-M-1):
s073416607.py(51): elif M == N-1:
s073416607.py(54):     res += sum(list(merge(*H))[:2*(N-M-1) - len(D.keys())])
 --- modulename: heapq, funcname: merge
heapq.py(332):     h = []
heapq.py(333):     h_append = h.append
heapq.py(335):     if reverse:
heapq.py(341):         _heapify = heapify
heapq.py(342):         _heappop = heappop
heapq.py(343):         _heapreplace = heapreplace
heapq.py(344):         direction = 1
heapq.py(346):     if key is None:
heapq.py(347):         for order, it in enumerate(map(iter, iterables)):
heapq.py(348):             try:
heapq.py(349):                 next = it.__next__
heapq.py(350):                 h_append([next(), order * direction, next])
heapq.py(347):         for order, it in enumerate(map(iter, iterables)):
heapq.py(348):             try:
heapq.py(349):                 next = it.__next__
heapq.py(350):                 h_append([next(), order * direction, next])
heapq.py(347):         for order, it in enumerate(map(iter, iterables)):
heapq.py(353):         _heapify(h)
heapq.py(354):         while len(h) > 1:
heapq.py(355):             try:
heapq.py(357):                     value, order, next = s = h[0]
heapq.py(358):                     yield value
 --- modulename: heapq, funcname: merge
heapq.py(359):                     s[0] = next()           # raises StopIteration when exhausted
heapq.py(360):                     _heapreplace(h, s)      # restore heap condition
heapq.py(357):                     value, order, next = s = h[0]
heapq.py(358):                     yield value
 --- modulename: heapq, funcname: merge
heapq.py(359):                     s[0] = next()           # raises StopIteration when exhausted
heapq.py(360):                     _heapreplace(h, s)      # restore heap condition
heapq.py(357):                     value, order, next = s = h[0]
heapq.py(358):                     yield value
 --- modulename: heapq, funcname: merge
heapq.py(359):                     s[0] = next()           # raises StopIteration when exhausted
heapq.py(360):                     _heapreplace(h, s)      # restore heap condition
heapq.py(357):                     value, order, next = s = h[0]
heapq.py(358):                     yield value
 --- modulename: heapq, funcname: merge
heapq.py(359):                     s[0] = next()           # raises StopIteration when exhausted
heapq.py(361):             except StopIteration:
heapq.py(362):                 _heappop(h)                 # remove empty iterator
heapq.py(354):         while len(h) > 1:
heapq.py(363):         if h:
heapq.py(365):             value, order, next = h[0]
heapq.py(366):             yield value
 --- modulename: heapq, funcname: merge
heapq.py(367):             yield from next.__self__
heapq.py(368):         return
s073416607.py(55):     print(res)
7
