 --- modulename: s077098034, funcname: <module>
s077098034.py(2): import sys
s077098034.py(5): def solve(S: str):
s077098034.py(22): def main():
s077098034.py(31): if __name__ == '__main__':
s077098034.py(32):     main()
 --- modulename: s077098034, funcname: main
s077098034.py(23):     def iterate_tokens():
s077098034.py(27):     tokens = iterate_tokens()
s077098034.py(28):     S = next(tokens)  # type: str
 --- modulename: s077098034, funcname: iterate_tokens
s077098034.py(24):         for line in sys.stdin:
 --- modulename: codecs, funcname: decode
codecs.py(321):         data = self.buffer + input
codecs.py(322):         (result, consumed) = self._buffer_decode(data, self.errors, final)
codecs.py(324):         self.buffer = data[consumed:]
codecs.py(325):         return result
s077098034.py(25):             for word in line.split():
s077098034.py(26):                 yield word
s077098034.py(29):     solve(S)
 --- modulename: s077098034, funcname: solve
s077098034.py(6):     if len(S)%2==1:
s077098034.py(9):         S = S[:-2]
s077098034.py(11):     while len(S):
s077098034.py(12):         N = len(S) // 2
s077098034.py(13):         if S[:N]==S[N:]:
s077098034.py(15):         S = S[:-2]
s077098034.py(11):     while len(S):
s077098034.py(12):         N = len(S) // 2
s077098034.py(13):         if S[:N]==S[N:]:
s077098034.py(14):             break
s077098034.py(17):     print(len(S))
6
s077098034.py(18):     return
 --- modulename: s077098034, funcname: iterate_tokens
