 --- modulename: s082522333, funcname: <module>
s082522333.py(1): import sys
s082522333.py(2): input = lambda: sys.stdin.readline().rstrip('\r\n')
s082522333.py(4): class DSU(object):
 --- modulename: s082522333, funcname: DSU
s082522333.py(4): class DSU(object):
s082522333.py(6):     def __init__(self, n):
s082522333.py(11):     def find(self, key):
s082522333.py(16):     def union(self, a, b):
s082522333.py(28):     def has_cycle(self):
s082522333.py(31):     def show_parent(self):
s082522333.py(34):     def show_rank(self):
s082522333.py(37): def solve():
s082522333.py(49): solve()
 --- modulename: s082522333, funcname: solve
s082522333.py(38):     n, m = map(int, input().split())
 --- modulename: s082522333, funcname: <lambda>
s082522333.py(2): input = lambda: sys.stdin.readline().rstrip('\r\n')
 --- modulename: codecs, funcname: getstate
codecs.py(333):         return (self.buffer, 0)
 --- modulename: codecs, funcname: decode
codecs.py(321):         data = self.buffer + input
codecs.py(322):         (result, consumed) = self._buffer_decode(data, self.errors, final)
codecs.py(324):         self.buffer = data[consumed:]
codecs.py(325):         return result
s082522333.py(39):     d = DSU(n + 1)
 --- modulename: s082522333, funcname: __init__
s082522333.py(7):         self.parent = [i for i in range(n)]
 --- modulename: s082522333, funcname: <listcomp>
s082522333.py(7):         self.parent = [i for i in range(n)]
s082522333.py(7):         self.parent = [i for i in range(n)]
s082522333.py(7):         self.parent = [i for i in range(n)]
s082522333.py(7):         self.parent = [i for i in range(n)]
s082522333.py(7):         self.parent = [i for i in range(n)]
s082522333.py(7):         self.parent = [i for i in range(n)]
s082522333.py(7):         self.parent = [i for i in range(n)]
s082522333.py(8):         self.rank = [1] * n
s082522333.py(9):         self.cycle = False
s082522333.py(40):     if m > 0:
s082522333.py(41):         for _ in range(m):
s082522333.py(42):             a, b = map(int, input().split())
 --- modulename: s082522333, funcname: <lambda>
s082522333.py(2): input = lambda: sys.stdin.readline().rstrip('\r\n')
s082522333.py(43):             d.union(a, b)
 --- modulename: s082522333, funcname: union
s082522333.py(17):         s1, s2 = self.find(a), self.find(b)
 --- modulename: s082522333, funcname: find
s082522333.py(12):         if self.parent[key] != key:
s082522333.py(14):         return self.parent[key]
 --- modulename: s082522333, funcname: find
s082522333.py(12):         if self.parent[key] != key:
s082522333.py(14):         return self.parent[key]
s082522333.py(18):         if s1 != s2:
s082522333.py(19):             if self.rank[s1] < self.rank[s2]:
s082522333.py(23):                 self.parent[s2] = s1
s082522333.py(24):                 self.rank[s1] += self.rank[s2]
s082522333.py(41):         for _ in range(m):
s082522333.py(42):             a, b = map(int, input().split())
 --- modulename: s082522333, funcname: <lambda>
s082522333.py(2): input = lambda: sys.stdin.readline().rstrip('\r\n')
s082522333.py(43):             d.union(a, b)
 --- modulename: s082522333, funcname: union
s082522333.py(17):         s1, s2 = self.find(a), self.find(b)
 --- modulename: s082522333, funcname: find
s082522333.py(12):         if self.parent[key] != key:
s082522333.py(14):         return self.parent[key]
 --- modulename: s082522333, funcname: find
s082522333.py(12):         if self.parent[key] != key:
s082522333.py(14):         return self.parent[key]
s082522333.py(18):         if s1 != s2:
s082522333.py(19):             if self.rank[s1] < self.rank[s2]:
s082522333.py(23):                 self.parent[s2] = s1
s082522333.py(24):                 self.rank[s1] += self.rank[s2]
s082522333.py(41):         for _ in range(m):
s082522333.py(42):             a, b = map(int, input().split())
 --- modulename: s082522333, funcname: <lambda>
s082522333.py(2): input = lambda: sys.stdin.readline().rstrip('\r\n')
s082522333.py(43):             d.union(a, b)
 --- modulename: s082522333, funcname: union
s082522333.py(17):         s1, s2 = self.find(a), self.find(b)
 --- modulename: s082522333, funcname: find
s082522333.py(12):         if self.parent[key] != key:
s082522333.py(14):         return self.parent[key]
 --- modulename: s082522333, funcname: find
s082522333.py(12):         if self.parent[key] != key:
s082522333.py(14):         return self.parent[key]
s082522333.py(18):         if s1 != s2:
s082522333.py(19):             if self.rank[s1] < self.rank[s2]:
s082522333.py(20):                 self.parent[s1] = s2
s082522333.py(21):                 self.rank[s2] += self.rank[s1]
s082522333.py(41):         for _ in range(m):
s082522333.py(45):         print(max(d.show_rank()))
 --- modulename: s082522333, funcname: show_rank
s082522333.py(35):         return self.rank
3
