 --- modulename: s105078539, funcname: <module>
s105078539.py(1): from collections import *
 --- modulename: _bootstrap, funcname: _handle_fromlist
<frozen importlib._bootstrap>(1043): <frozen importlib._bootstrap>(1044): <frozen importlib._bootstrap>(1051): <frozen importlib._bootstrap>(1052): <frozen importlib._bootstrap>(1053): <frozen importlib._bootstrap>(1054): <frozen importlib._bootstrap>(1053):  --- modulename: _bootstrap, funcname: _handle_fromlist
<frozen importlib._bootstrap>(1043): <frozen importlib._bootstrap>(1044): <frozen importlib._bootstrap>(1051): <frozen importlib._bootstrap>(1055): <frozen importlib._bootstrap>(1043): <frozen importlib._bootstrap>(1044): <frozen importlib._bootstrap>(1051): <frozen importlib._bootstrap>(1055): <frozen importlib._bootstrap>(1043): <frozen importlib._bootstrap>(1044): <frozen importlib._bootstrap>(1051): <frozen importlib._bootstrap>(1055): <frozen importlib._bootstrap>(1043): <frozen importlib._bootstrap>(1044): <frozen importlib._bootstrap>(1051): <frozen importlib._bootstrap>(1055): <frozen importlib._bootstrap>(1043): <frozen importlib._bootstrap>(1044): <frozen importlib._bootstrap>(1051): <frozen importlib._bootstrap>(1055): <frozen importlib._bootstrap>(1043): <frozen importlib._bootstrap>(1044): <frozen importlib._bootstrap>(1051): <frozen importlib._bootstrap>(1055): <frozen importlib._bootstrap>(1043): <frozen importlib._bootstrap>(1044): <frozen importlib._bootstrap>(1051): <frozen importlib._bootstrap>(1055): <frozen importlib._bootstrap>(1043): <frozen importlib._bootstrap>(1044): <frozen importlib._bootstrap>(1051): <frozen importlib._bootstrap>(1055): <frozen importlib._bootstrap>(1043): <frozen importlib._bootstrap>(1044): <frozen importlib._bootstrap>(1051): <frozen importlib._bootstrap>(1055): <frozen importlib._bootstrap>(1043): <frozen importlib._bootstrap>(1067): <frozen importlib._bootstrap>(1043): <frozen importlib._bootstrap>(1067): s105078539.py(2): import sys
s105078539.py(4): sys.setrecursionlimit(10 ** 6)
s105078539.py(5): int1 = lambda x: int(x) - 1
s105078539.py(6): p2D = lambda x: print(*x, sep="\n")
s105078539.py(7): def MI(): return map(int, sys.stdin.readline().split())
s105078539.py(8): def LI(): return list(map(int, sys.stdin.readline().split()))
s105078539.py(9): def LLI(rows_number): return [LI() for _ in range(rows_number)]
s105078539.py(11): def main():
s105078539.py(28): main()
 --- modulename: s105078539, funcname: main
s105078539.py(12):     k = int(input())
 --- modulename: codecs, funcname: getstate
codecs.py(333):         return (self.buffer, 0)
 --- modulename: codecs, funcname: decode
codecs.py(321):         data = self.buffer + input
codecs.py(322):         (result, consumed) = self._buffer_decode(data, self.errors, final)
codecs.py(324):         self.buffer = data[consumed:]
codecs.py(325):         return result
s105078539.py(13):     dist = [-1] * k
s105078539.py(14):     q = deque()
s105078539.py(15):     q.append([1, 1])
s105078539.py(16):     while q:
s105078539.py(17):         d, u = q.popleft()
s105078539.py(18):         if dist[u] != -1: continue
s105078539.py(19):         dist[u] = d
s105078539.py(20):         if u == 0:
s105078539.py(23):         v = (u + 1) % k
s105078539.py(24):         if dist[v] == -1: q.append([d + 1, v])
s105078539.py(25):         v = (u * 10) % k
s105078539.py(26):         if dist[v] == -1: q.appendleft([d, v])
s105078539.py(16):     while q:
s105078539.py(17):         d, u = q.popleft()
s105078539.py(18):         if dist[u] != -1: continue
s105078539.py(19):         dist[u] = d
s105078539.py(20):         if u == 0:
s105078539.py(23):         v = (u + 1) % k
s105078539.py(24):         if dist[v] == -1: q.append([d + 1, v])
s105078539.py(25):         v = (u * 10) % k
s105078539.py(26):         if dist[v] == -1: q.appendleft([d, v])
s105078539.py(16):     while q:
s105078539.py(17):         d, u = q.popleft()
s105078539.py(18):         if dist[u] != -1: continue
s105078539.py(19):         dist[u] = d
s105078539.py(20):         if u == 0:
s105078539.py(23):         v = (u + 1) % k
s105078539.py(24):         if dist[v] == -1: q.append([d + 1, v])
s105078539.py(25):         v = (u * 10) % k
s105078539.py(26):         if dist[v] == -1: q.appendleft([d, v])
s105078539.py(16):     while q:
s105078539.py(17):         d, u = q.popleft()
s105078539.py(18):         if dist[u] != -1: continue
s105078539.py(19):         dist[u] = d
s105078539.py(20):         if u == 0:
s105078539.py(23):         v = (u + 1) % k
s105078539.py(24):         if dist[v] == -1: q.append([d + 1, v])
s105078539.py(25):         v = (u * 10) % k
s105078539.py(26):         if dist[v] == -1: q.appendleft([d, v])
s105078539.py(16):     while q:
s105078539.py(17):         d, u = q.popleft()
s105078539.py(18):         if dist[u] != -1: continue
s105078539.py(19):         dist[u] = d
s105078539.py(20):         if u == 0:
s105078539.py(23):         v = (u + 1) % k
s105078539.py(24):         if dist[v] == -1: q.append([d + 1, v])
s105078539.py(25):         v = (u * 10) % k
s105078539.py(26):         if dist[v] == -1: q.appendleft([d, v])
s105078539.py(16):     while q:
s105078539.py(17):         d, u = q.popleft()
s105078539.py(18):         if dist[u] != -1: continue
s105078539.py(19):         dist[u] = d
s105078539.py(20):         if u == 0:
s105078539.py(21):             print(d)
3
s105078539.py(22):             break
