 --- modulename: s109134346, funcname: <module>
s109134346.py(1): import sys
s109134346.py(3): def del_add_dot_list(a):
s109134346.py(12): def spin(a):
s109134346.py(18): def main():
s109134346.py(25): if __name__ == '__main__':
s109134346.py(26):     main()
 --- modulename: s109134346, funcname: main
s109134346.py(19):     sys.setrecursionlimit(10000)
s109134346.py(20):     h, w = map(int, input().split())
 --- modulename: codecs, funcname: getstate
codecs.py(333):         return (self.buffer, 0)
 --- modulename: codecs, funcname: decode
codecs.py(321):         data = self.buffer + input
codecs.py(322):         (result, consumed) = self._buffer_decode(data, self.errors, final)
codecs.py(324):         self.buffer = data[consumed:]
codecs.py(325):         return result
s109134346.py(21):     a = [input() for i in range(h)]
 --- modulename: s109134346, funcname: <listcomp>
s109134346.py(21):     a = [input() for i in range(h)]
s109134346.py(21):     a = [input() for i in range(h)]
s109134346.py(21):     a = [input() for i in range(h)]
s109134346.py(21):     a = [input() for i in range(h)]
s109134346.py(21):     a = [input() for i in range(h)]
s109134346.py(22):     deleted = spin(del_add_dot_list(spin(del_add_dot_list(a))))
 --- modulename: s109134346, funcname: del_add_dot_list
s109134346.py(4):     del_index = []
s109134346.py(5):     for i in range(len(a)):
s109134346.py(6):         if all(map(lambda x: x=='.', a[i])):
 --- modulename: s109134346, funcname: <lambda>
s109134346.py(6):         if all(map(lambda x: x=='.', a[i])):
s109134346.py(5):     for i in range(len(a)):
s109134346.py(6):         if all(map(lambda x: x=='.', a[i])):
 --- modulename: s109134346, funcname: <lambda>
s109134346.py(6):         if all(map(lambda x: x=='.', a[i])):
 --- modulename: s109134346, funcname: <lambda>
s109134346.py(6):         if all(map(lambda x: x=='.', a[i])):
 --- modulename: s109134346, funcname: <lambda>
s109134346.py(6):         if all(map(lambda x: x=='.', a[i])):
 --- modulename: s109134346, funcname: <lambda>
s109134346.py(6):         if all(map(lambda x: x=='.', a[i])):
s109134346.py(7):             del_index.append(i)
s109134346.py(5):     for i in range(len(a)):
s109134346.py(6):         if all(map(lambda x: x=='.', a[i])):
 --- modulename: s109134346, funcname: <lambda>
s109134346.py(6):         if all(map(lambda x: x=='.', a[i])):
s109134346.py(5):     for i in range(len(a)):
s109134346.py(6):         if all(map(lambda x: x=='.', a[i])):
 --- modulename: s109134346, funcname: <lambda>
s109134346.py(6):         if all(map(lambda x: x=='.', a[i])):
 --- modulename: s109134346, funcname: <lambda>
s109134346.py(6):         if all(map(lambda x: x=='.', a[i])):
s109134346.py(5):     for i in range(len(a)):
s109134346.py(8):     for i in del_index[::-1]:
s109134346.py(9):         del a[i]
s109134346.py(8):     for i in del_index[::-1]:
s109134346.py(10):     return a
 --- modulename: s109134346, funcname: spin
s109134346.py(13):     if len(a[0]) == 1:
s109134346.py(16):         return [''.join(list(map(lambda x: x[0], a)))] + spin(list(map(lambda x: x[1:], a)))
 --- modulename: s109134346, funcname: <lambda>
s109134346.py(16):         return [''.join(list(map(lambda x: x[0], a)))] + spin(list(map(lambda x: x[1:], a)))
 --- modulename: s109134346, funcname: <lambda>
s109134346.py(16):         return [''.join(list(map(lambda x: x[0], a)))] + spin(list(map(lambda x: x[1:], a)))
 --- modulename: s109134346, funcname: <lambda>
s109134346.py(16):         return [''.join(list(map(lambda x: x[0], a)))] + spin(list(map(lambda x: x[1:], a)))
 --- modulename: s109134346, funcname: <lambda>
s109134346.py(16):         return [''.join(list(map(lambda x: x[0], a)))] + spin(list(map(lambda x: x[1:], a)))
 --- modulename: s109134346, funcname: <lambda>
s109134346.py(16):         return [''.join(list(map(lambda x: x[0], a)))] + spin(list(map(lambda x: x[1:], a)))
 --- modulename: s109134346, funcname: <lambda>
s109134346.py(16):         return [''.join(list(map(lambda x: x[0], a)))] + spin(list(map(lambda x: x[1:], a)))
 --- modulename: s109134346, funcname: spin
s109134346.py(13):     if len(a[0]) == 1:
s109134346.py(16):         return [''.join(list(map(lambda x: x[0], a)))] + spin(list(map(lambda x: x[1:], a)))
 --- modulename: s109134346, funcname: <lambda>
s109134346.py(16):         return [''.join(list(map(lambda x: x[0], a)))] + spin(list(map(lambda x: x[1:], a)))
 --- modulename: s109134346, funcname: <lambda>
s109134346.py(16):         return [''.join(list(map(lambda x: x[0], a)))] + spin(list(map(lambda x: x[1:], a)))
 --- modulename: s109134346, funcname: <lambda>
s109134346.py(16):         return [''.join(list(map(lambda x: x[0], a)))] + spin(list(map(lambda x: x[1:], a)))
 --- modulename: s109134346, funcname: <lambda>
s109134346.py(16):         return [''.join(list(map(lambda x: x[0], a)))] + spin(list(map(lambda x: x[1:], a)))
 --- modulename: s109134346, funcname: <lambda>
s109134346.py(16):         return [''.join(list(map(lambda x: x[0], a)))] + spin(list(map(lambda x: x[1:], a)))
 --- modulename: s109134346, funcname: <lambda>
s109134346.py(16):         return [''.join(list(map(lambda x: x[0], a)))] + spin(list(map(lambda x: x[1:], a)))
 --- modulename: s109134346, funcname: spin
s109134346.py(13):     if len(a[0]) == 1:
s109134346.py(16):         return [''.join(list(map(lambda x: x[0], a)))] + spin(list(map(lambda x: x[1:], a)))
 --- modulename: s109134346, funcname: <lambda>
s109134346.py(16):         return [''.join(list(map(lambda x: x[0], a)))] + spin(list(map(lambda x: x[1:], a)))
 --- modulename: s109134346, funcname: <lambda>
s109134346.py(16):         return [''.join(list(map(lambda x: x[0], a)))] + spin(list(map(lambda x: x[1:], a)))
 --- modulename: s109134346, funcname: <lambda>
s109134346.py(16):         return [''.join(list(map(lambda x: x[0], a)))] + spin(list(map(lambda x: x[1:], a)))
 --- modulename: s109134346, funcname: <lambda>
s109134346.py(16):         return [''.join(list(map(lambda x: x[0], a)))] + spin(list(map(lambda x: x[1:], a)))
 --- modulename: s109134346, funcname: <lambda>
s109134346.py(16):         return [''.join(list(map(lambda x: x[0], a)))] + spin(list(map(lambda x: x[1:], a)))
 --- modulename: s109134346, funcname: <lambda>
s109134346.py(16):         return [''.join(list(map(lambda x: x[0], a)))] + spin(list(map(lambda x: x[1:], a)))
 --- modulename: s109134346, funcname: spin
s109134346.py(13):     if len(a[0]) == 1:
s109134346.py(14):         return [''.join(list(map(lambda x: x[0], a)))]
 --- modulename: s109134346, funcname: <lambda>
s109134346.py(14):         return [''.join(list(map(lambda x: x[0], a)))]
 --- modulename: s109134346, funcname: <lambda>
s109134346.py(14):         return [''.join(list(map(lambda x: x[0], a)))]
 --- modulename: s109134346, funcname: <lambda>
s109134346.py(14):         return [''.join(list(map(lambda x: x[0], a)))]
 --- modulename: s109134346, funcname: del_add_dot_list
s109134346.py(4):     del_index = []
s109134346.py(5):     for i in range(len(a)):
s109134346.py(6):         if all(map(lambda x: x=='.', a[i])):
 --- modulename: s109134346, funcname: <lambda>
s109134346.py(6):         if all(map(lambda x: x=='.', a[i])):
s109134346.py(5):     for i in range(len(a)):
s109134346.py(6):         if all(map(lambda x: x=='.', a[i])):
 --- modulename: s109134346, funcname: <lambda>
s109134346.py(6):         if all(map(lambda x: x=='.', a[i])):
s109134346.py(5):     for i in range(len(a)):
s109134346.py(6):         if all(map(lambda x: x=='.', a[i])):
 --- modulename: s109134346, funcname: <lambda>
s109134346.py(6):         if all(map(lambda x: x=='.', a[i])):
 --- modulename: s109134346, funcname: <lambda>
s109134346.py(6):         if all(map(lambda x: x=='.', a[i])):
 --- modulename: s109134346, funcname: <lambda>
s109134346.py(6):         if all(map(lambda x: x=='.', a[i])):
s109134346.py(7):             del_index.append(i)
s109134346.py(5):     for i in range(len(a)):
s109134346.py(6):         if all(map(lambda x: x=='.', a[i])):
 --- modulename: s109134346, funcname: <lambda>
s109134346.py(6):         if all(map(lambda x: x=='.', a[i])):
s109134346.py(5):     for i in range(len(a)):
s109134346.py(8):     for i in del_index[::-1]:
s109134346.py(9):         del a[i]
s109134346.py(8):     for i in del_index[::-1]:
s109134346.py(10):     return a
 --- modulename: s109134346, funcname: spin
s109134346.py(13):     if len(a[0]) == 1:
s109134346.py(16):         return [''.join(list(map(lambda x: x[0], a)))] + spin(list(map(lambda x: x[1:], a)))
 --- modulename: s109134346, funcname: <lambda>
s109134346.py(16):         return [''.join(list(map(lambda x: x[0], a)))] + spin(list(map(lambda x: x[1:], a)))
 --- modulename: s109134346, funcname: <lambda>
s109134346.py(16):         return [''.join(list(map(lambda x: x[0], a)))] + spin(list(map(lambda x: x[1:], a)))
 --- modulename: s109134346, funcname: <lambda>
s109134346.py(16):         return [''.join(list(map(lambda x: x[0], a)))] + spin(list(map(lambda x: x[1:], a)))
 --- modulename: s109134346, funcname: <lambda>
s109134346.py(16):         return [''.join(list(map(lambda x: x[0], a)))] + spin(list(map(lambda x: x[1:], a)))
 --- modulename: s109134346, funcname: <lambda>
s109134346.py(16):         return [''.join(list(map(lambda x: x[0], a)))] + spin(list(map(lambda x: x[1:], a)))
 --- modulename: s109134346, funcname: <lambda>
s109134346.py(16):         return [''.join(list(map(lambda x: x[0], a)))] + spin(list(map(lambda x: x[1:], a)))
 --- modulename: s109134346, funcname: spin
s109134346.py(13):     if len(a[0]) == 1:
s109134346.py(16):         return [''.join(list(map(lambda x: x[0], a)))] + spin(list(map(lambda x: x[1:], a)))
 --- modulename: s109134346, funcname: <lambda>
s109134346.py(16):         return [''.join(list(map(lambda x: x[0], a)))] + spin(list(map(lambda x: x[1:], a)))
 --- modulename: s109134346, funcname: <lambda>
s109134346.py(16):         return [''.join(list(map(lambda x: x[0], a)))] + spin(list(map(lambda x: x[1:], a)))
 --- modulename: s109134346, funcname: <lambda>
s109134346.py(16):         return [''.join(list(map(lambda x: x[0], a)))] + spin(list(map(lambda x: x[1:], a)))
 --- modulename: s109134346, funcname: <lambda>
s109134346.py(16):         return [''.join(list(map(lambda x: x[0], a)))] + spin(list(map(lambda x: x[1:], a)))
 --- modulename: s109134346, funcname: <lambda>
s109134346.py(16):         return [''.join(list(map(lambda x: x[0], a)))] + spin(list(map(lambda x: x[1:], a)))
 --- modulename: s109134346, funcname: <lambda>
s109134346.py(16):         return [''.join(list(map(lambda x: x[0], a)))] + spin(list(map(lambda x: x[1:], a)))
 --- modulename: s109134346, funcname: spin
s109134346.py(13):     if len(a[0]) == 1:
s109134346.py(14):         return [''.join(list(map(lambda x: x[0], a)))]
 --- modulename: s109134346, funcname: <lambda>
s109134346.py(14):         return [''.join(list(map(lambda x: x[0], a)))]
 --- modulename: s109134346, funcname: <lambda>
s109134346.py(14):         return [''.join(list(map(lambda x: x[0], a)))]
 --- modulename: s109134346, funcname: <lambda>
s109134346.py(14):         return [''.join(list(map(lambda x: x[0], a)))]
s109134346.py(23):     [print(l) for l in deleted]
 --- modulename: s109134346, funcname: <listcomp>
s109134346.py(23):     [print(l) for l in deleted]
###
s109134346.py(23):     [print(l) for l in deleted]
###
s109134346.py(23):     [print(l) for l in deleted]
.##
s109134346.py(23):     [print(l) for l in deleted]
