 --- modulename: s115354556, funcname: <module>
s115354556.py(2): import sys
s115354556.py(3): from collections import Counter
 --- modulename: _bootstrap, funcname: _handle_fromlist
<frozen importlib._bootstrap>(1043): <frozen importlib._bootstrap>(1044): <frozen importlib._bootstrap>(1051): <frozen importlib._bootstrap>(1055): <frozen importlib._bootstrap>(1043): <frozen importlib._bootstrap>(1067): s115354556.py(4): INF = float("inf")
s115354556.py(7): def solve(N: int, S: "List[str]"):
s115354556.py(27): def main():
s115354556.py(39): if __name__ == '__main__':
s115354556.py(40):     main()
 --- modulename: s115354556, funcname: main
s115354556.py(29):     def iterate_tokens():
s115354556.py(33):     tokens = iterate_tokens()
s115354556.py(34):     N = int(next(tokens))  # type: int
 --- modulename: s115354556, funcname: iterate_tokens
s115354556.py(30):         for line in sys.stdin:
 --- modulename: codecs, funcname: decode
codecs.py(321):         data = self.buffer + input
codecs.py(322):         (result, consumed) = self._buffer_decode(data, self.errors, final)
codecs.py(324):         self.buffer = data[consumed:]
codecs.py(325):         return result
s115354556.py(31):             for word in line.split():
s115354556.py(32):                 yield word
s115354556.py(35):     S = [next(tokens) for _ in range(N)]  # type: "List[str]"
 --- modulename: s115354556, funcname: <listcomp>
s115354556.py(35):     S = [next(tokens) for _ in range(N)]  # type: "List[str]"
 --- modulename: s115354556, funcname: iterate_tokens
s115354556.py(31):             for word in line.split():
s115354556.py(30):         for line in sys.stdin:
s115354556.py(31):             for word in line.split():
s115354556.py(32):                 yield word
s115354556.py(35):     S = [next(tokens) for _ in range(N)]  # type: "List[str]"
 --- modulename: s115354556, funcname: iterate_tokens
s115354556.py(31):             for word in line.split():
s115354556.py(30):         for line in sys.stdin:
s115354556.py(31):             for word in line.split():
s115354556.py(32):                 yield word
s115354556.py(35):     S = [next(tokens) for _ in range(N)]  # type: "List[str]"
 --- modulename: s115354556, funcname: iterate_tokens
s115354556.py(31):             for word in line.split():
s115354556.py(30):         for line in sys.stdin:
s115354556.py(31):             for word in line.split():
s115354556.py(32):                 yield word
s115354556.py(35):     S = [next(tokens) for _ in range(N)]  # type: "List[str]"
 --- modulename: s115354556, funcname: iterate_tokens
s115354556.py(31):             for word in line.split():
s115354556.py(30):         for line in sys.stdin:
s115354556.py(31):             for word in line.split():
s115354556.py(32):                 yield word
s115354556.py(35):     S = [next(tokens) for _ in range(N)]  # type: "List[str]"
 --- modulename: s115354556, funcname: iterate_tokens
s115354556.py(31):             for word in line.split():
s115354556.py(30):         for line in sys.stdin:
s115354556.py(31):             for word in line.split():
s115354556.py(32):                 yield word
s115354556.py(35):     S = [next(tokens) for _ in range(N)]  # type: "List[str]"
 --- modulename: s115354556, funcname: iterate_tokens
s115354556.py(31):             for word in line.split():
s115354556.py(30):         for line in sys.stdin:
s115354556.py(31):             for word in line.split():
s115354556.py(32):                 yield word
s115354556.py(35):     S = [next(tokens) for _ in range(N)]  # type: "List[str]"
 --- modulename: s115354556, funcname: iterate_tokens
s115354556.py(31):             for word in line.split():
s115354556.py(30):         for line in sys.stdin:
s115354556.py(31):             for word in line.split():
s115354556.py(32):                 yield word
s115354556.py(35):     S = [next(tokens) for _ in range(N)]  # type: "List[str]"
s115354556.py(36):     solve(N, S)
 --- modulename: s115354556, funcname: solve
s115354556.py(8):     c = Counter()
 --- modulename: __init__, funcname: __init__
__init__.py(592):         super().__init__()
__init__.py(593):         self.update(iterable, **kwds)
 --- modulename: __init__, funcname: update
__init__.py(669):         if iterable is not None:
__init__.py(680):         if kwds:
s115354556.py(9):     for s in S:
s115354556.py(10):         c[s] += 1
 --- modulename: __init__, funcname: __missing__
__init__.py(598):         return 0
s115354556.py(9):     for s in S:
s115354556.py(10):         c[s] += 1
 --- modulename: __init__, funcname: __missing__
__init__.py(598):         return 0
s115354556.py(9):     for s in S:
s115354556.py(10):         c[s] += 1
 --- modulename: __init__, funcname: __missing__
__init__.py(598):         return 0
s115354556.py(9):     for s in S:
s115354556.py(10):         c[s] += 1
 --- modulename: __init__, funcname: __missing__
__init__.py(598):         return 0
s115354556.py(9):     for s in S:
s115354556.py(10):         c[s] += 1
s115354556.py(9):     for s in S:
s115354556.py(10):         c[s] += 1
 --- modulename: __init__, funcname: __missing__
__init__.py(598):         return 0
s115354556.py(9):     for s in S:
s115354556.py(10):         c[s] += 1
s115354556.py(9):     for s in S:
s115354556.py(12):     m = -1
s115354556.py(13):     for key in c:
s115354556.py(14):         if c[key] > m:
s115354556.py(15):             m = c[key]
s115354556.py(13):     for key in c:
s115354556.py(14):         if c[key] > m:
s115354556.py(15):             m = c[key]
s115354556.py(13):     for key in c:
s115354556.py(14):         if c[key] > m:
s115354556.py(13):     for key in c:
s115354556.py(14):         if c[key] > m:
s115354556.py(13):     for key in c:
s115354556.py(14):         if c[key] > m:
s115354556.py(13):     for key in c:
s115354556.py(16):     ans = []
s115354556.py(17):     for key in c:
s115354556.py(18):         if c[key] == m:
s115354556.py(17):     for key in c:
s115354556.py(18):         if c[key] == m:
s115354556.py(19):             ans.append(key)
s115354556.py(17):     for key in c:
s115354556.py(18):         if c[key] == m:
s115354556.py(19):             ans.append(key)
s115354556.py(17):     for key in c:
s115354556.py(18):         if c[key] == m:
s115354556.py(17):     for key in c:
s115354556.py(18):         if c[key] == m:
s115354556.py(17):     for key in c:
s115354556.py(20):     ans.sort()
s115354556.py(21):     for line in ans:
s115354556.py(22):         print(line)
beet
s115354556.py(21):     for line in ans:
s115354556.py(22):         print(line)
vet
s115354556.py(21):     for line in ans:
s115354556.py(24):     return
 --- modulename: s115354556, funcname: iterate_tokens
