 --- modulename: s118192190, funcname: <module>
s118192190.py(1): import sys
s118192190.py(2): input = sys.stdin.readline
s118192190.py(4): def gcd(a, b):
s118192190.py(7): def isPrimeMR(n):
s118192190.py(20): def findFactorRho(n):
s118192190.py(45): def primeFactor(N):
s118192190.py(74): N = int(input())
 --- modulename: codecs, funcname: getstate
codecs.py(333):         return (self.buffer, 0)
 --- modulename: codecs, funcname: decode
codecs.py(321):         data = self.buffer + input
codecs.py(322):         (result, consumed) = self._buffer_decode(data, self.errors, final)
codecs.py(324):         self.buffer = data[consumed:]
codecs.py(325):         return result
s118192190.py(75): ans = 0
s118192190.py(76): D = {}
s118192190.py(77): for _ in range(N):
s118192190.py(78):     pf = primeFactor(int(input()))
 --- modulename: s118192190, funcname: primeFactor
s118192190.py(46):     i = 2
s118192190.py(47):     ret = {}
s118192190.py(48):     n = N
s118192190.py(49):     mrFlg = 0
s118192190.py(50):     while i*i <= n:
s118192190.py(70):     if n > 1: ret[n] = 1
s118192190.py(71):     if mrFlg > 0: ret = {x: ret[x] for x in sorted(ret)}
s118192190.py(72):     return ret
s118192190.py(79):     a, b = 1, 1
s118192190.py(80):     for p in pf:
s118192190.py(83):     if a not in D: D[a] = 0
s118192190.py(84):     if a == b:
s118192190.py(85):         if D[a] == 0: ans += 1
s118192190.py(89):     D[a] += 1
s118192190.py(77): for _ in range(N):
s118192190.py(78):     pf = primeFactor(int(input()))
 --- modulename: s118192190, funcname: primeFactor
s118192190.py(46):     i = 2
s118192190.py(47):     ret = {}
s118192190.py(48):     n = N
s118192190.py(49):     mrFlg = 0
s118192190.py(50):     while i*i <= n:
s118192190.py(70):     if n > 1: ret[n] = 1
s118192190.py(71):     if mrFlg > 0: ret = {x: ret[x] for x in sorted(ret)}
s118192190.py(72):     return ret
s118192190.py(79):     a, b = 1, 1
s118192190.py(80):     for p in pf:
s118192190.py(81):         a *= p ** (pf[p] % 3)
s118192190.py(82):         b *= p ** (-pf[p] % 3)
s118192190.py(80):     for p in pf:
s118192190.py(83):     if a not in D: D[a] = 0
s118192190.py(84):     if a == b:
s118192190.py(87):         if b not in D: D[b] = 0
s118192190.py(88):         if D[b] <= D[a]: ans += 1
s118192190.py(89):     D[a] += 1
s118192190.py(77): for _ in range(N):
s118192190.py(78):     pf = primeFactor(int(input()))
 --- modulename: s118192190, funcname: primeFactor
s118192190.py(46):     i = 2
s118192190.py(47):     ret = {}
s118192190.py(48):     n = N
s118192190.py(49):     mrFlg = 0
s118192190.py(50):     while i*i <= n:
s118192190.py(70):     if n > 1: ret[n] = 1
s118192190.py(71):     if mrFlg > 0: ret = {x: ret[x] for x in sorted(ret)}
s118192190.py(72):     return ret
s118192190.py(79):     a, b = 1, 1
s118192190.py(80):     for p in pf:
s118192190.py(81):         a *= p ** (pf[p] % 3)
s118192190.py(82):         b *= p ** (-pf[p] % 3)
s118192190.py(80):     for p in pf:
s118192190.py(83):     if a not in D: D[a] = 0
s118192190.py(84):     if a == b:
s118192190.py(87):         if b not in D: D[b] = 0
s118192190.py(88):         if D[b] <= D[a]: ans += 1
s118192190.py(89):     D[a] += 1
s118192190.py(77): for _ in range(N):
s118192190.py(78):     pf = primeFactor(int(input()))
 --- modulename: s118192190, funcname: primeFactor
s118192190.py(46):     i = 2
s118192190.py(47):     ret = {}
s118192190.py(48):     n = N
s118192190.py(49):     mrFlg = 0
s118192190.py(50):     while i*i <= n:
s118192190.py(51):         k = 0
s118192190.py(52):         while n % i == 0:
s118192190.py(53):             n //= i
s118192190.py(54):             k += 1
s118192190.py(52):         while n % i == 0:
s118192190.py(53):             n //= i
s118192190.py(54):             k += 1
s118192190.py(52):         while n % i == 0:
s118192190.py(55):         if k: ret[i] = k
s118192190.py(56):         i += 1 + i%2
s118192190.py(57):         if i == 101 and n >= 2**20:
s118192190.py(50):     while i*i <= n:
s118192190.py(70):     if n > 1: ret[n] = 1
s118192190.py(71):     if mrFlg > 0: ret = {x: ret[x] for x in sorted(ret)}
s118192190.py(72):     return ret
s118192190.py(79):     a, b = 1, 1
s118192190.py(80):     for p in pf:
s118192190.py(81):         a *= p ** (pf[p] % 3)
s118192190.py(82):         b *= p ** (-pf[p] % 3)
s118192190.py(80):     for p in pf:
s118192190.py(83):     if a not in D: D[a] = 0
s118192190.py(84):     if a == b:
s118192190.py(87):         if b not in D: D[b] = 0
s118192190.py(88):         if D[b] <= D[a]: ans += 1
s118192190.py(89):     D[a] += 1
s118192190.py(77): for _ in range(N):
s118192190.py(78):     pf = primeFactor(int(input()))
 --- modulename: s118192190, funcname: primeFactor
s118192190.py(46):     i = 2
s118192190.py(47):     ret = {}
s118192190.py(48):     n = N
s118192190.py(49):     mrFlg = 0
s118192190.py(50):     while i*i <= n:
s118192190.py(51):         k = 0
s118192190.py(52):         while n % i == 0:
s118192190.py(55):         if k: ret[i] = k
s118192190.py(56):         i += 1 + i%2
s118192190.py(57):         if i == 101 and n >= 2**20:
s118192190.py(50):     while i*i <= n:
s118192190.py(70):     if n > 1: ret[n] = 1
s118192190.py(71):     if mrFlg > 0: ret = {x: ret[x] for x in sorted(ret)}
s118192190.py(72):     return ret
s118192190.py(79):     a, b = 1, 1
s118192190.py(80):     for p in pf:
s118192190.py(81):         a *= p ** (pf[p] % 3)
s118192190.py(82):         b *= p ** (-pf[p] % 3)
s118192190.py(80):     for p in pf:
s118192190.py(83):     if a not in D: D[a] = 0
s118192190.py(84):     if a == b:
s118192190.py(87):         if b not in D: D[b] = 0
s118192190.py(88):         if D[b] <= D[a]: ans += 1
s118192190.py(89):     D[a] += 1
s118192190.py(77): for _ in range(N):
s118192190.py(78):     pf = primeFactor(int(input()))
 --- modulename: s118192190, funcname: primeFactor
s118192190.py(46):     i = 2
s118192190.py(47):     ret = {}
s118192190.py(48):     n = N
s118192190.py(49):     mrFlg = 0
s118192190.py(50):     while i*i <= n:
s118192190.py(51):         k = 0
s118192190.py(52):         while n % i == 0:
s118192190.py(53):             n //= i
s118192190.py(54):             k += 1
s118192190.py(52):         while n % i == 0:
s118192190.py(55):         if k: ret[i] = k
s118192190.py(56):         i += 1 + i%2
s118192190.py(57):         if i == 101 and n >= 2**20:
s118192190.py(50):     while i*i <= n:
s118192190.py(70):     if n > 1: ret[n] = 1
s118192190.py(71):     if mrFlg > 0: ret = {x: ret[x] for x in sorted(ret)}
s118192190.py(72):     return ret
s118192190.py(79):     a, b = 1, 1
s118192190.py(80):     for p in pf:
s118192190.py(81):         a *= p ** (pf[p] % 3)
s118192190.py(82):         b *= p ** (-pf[p] % 3)
s118192190.py(80):     for p in pf:
s118192190.py(81):         a *= p ** (pf[p] % 3)
s118192190.py(82):         b *= p ** (-pf[p] % 3)
s118192190.py(80):     for p in pf:
s118192190.py(83):     if a not in D: D[a] = 0
s118192190.py(84):     if a == b:
s118192190.py(87):         if b not in D: D[b] = 0
s118192190.py(88):         if D[b] <= D[a]: ans += 1
s118192190.py(89):     D[a] += 1
s118192190.py(77): for _ in range(N):
s118192190.py(78):     pf = primeFactor(int(input()))
 --- modulename: s118192190, funcname: primeFactor
s118192190.py(46):     i = 2
s118192190.py(47):     ret = {}
s118192190.py(48):     n = N
s118192190.py(49):     mrFlg = 0
s118192190.py(50):     while i*i <= n:
s118192190.py(51):         k = 0
s118192190.py(52):         while n % i == 0:
s118192190.py(55):         if k: ret[i] = k
s118192190.py(56):         i += 1 + i%2
s118192190.py(57):         if i == 101 and n >= 2**20:
s118192190.py(50):     while i*i <= n:
s118192190.py(70):     if n > 1: ret[n] = 1
s118192190.py(71):     if mrFlg > 0: ret = {x: ret[x] for x in sorted(ret)}
s118192190.py(72):     return ret
s118192190.py(79):     a, b = 1, 1
s118192190.py(80):     for p in pf:
s118192190.py(81):         a *= p ** (pf[p] % 3)
s118192190.py(82):         b *= p ** (-pf[p] % 3)
s118192190.py(80):     for p in pf:
s118192190.py(83):     if a not in D: D[a] = 0
s118192190.py(84):     if a == b:
s118192190.py(87):         if b not in D: D[b] = 0
s118192190.py(88):         if D[b] <= D[a]: ans += 1
s118192190.py(89):     D[a] += 1
s118192190.py(77): for _ in range(N):
s118192190.py(78):     pf = primeFactor(int(input()))
 --- modulename: s118192190, funcname: primeFactor
s118192190.py(46):     i = 2
s118192190.py(47):     ret = {}
s118192190.py(48):     n = N
s118192190.py(49):     mrFlg = 0
s118192190.py(50):     while i*i <= n:
s118192190.py(51):         k = 0
s118192190.py(52):         while n % i == 0:
s118192190.py(53):             n //= i
s118192190.py(54):             k += 1
s118192190.py(52):         while n % i == 0:
s118192190.py(53):             n //= i
s118192190.py(54):             k += 1
s118192190.py(52):         while n % i == 0:
s118192190.py(53):             n //= i
s118192190.py(54):             k += 1
s118192190.py(52):         while n % i == 0:
s118192190.py(55):         if k: ret[i] = k
s118192190.py(56):         i += 1 + i%2
s118192190.py(57):         if i == 101 and n >= 2**20:
s118192190.py(50):     while i*i <= n:
s118192190.py(70):     if n > 1: ret[n] = 1
s118192190.py(71):     if mrFlg > 0: ret = {x: ret[x] for x in sorted(ret)}
s118192190.py(72):     return ret
s118192190.py(79):     a, b = 1, 1
s118192190.py(80):     for p in pf:
s118192190.py(81):         a *= p ** (pf[p] % 3)
s118192190.py(82):         b *= p ** (-pf[p] % 3)
s118192190.py(80):     for p in pf:
s118192190.py(83):     if a not in D: D[a] = 0
s118192190.py(84):     if a == b:
s118192190.py(85):         if D[a] == 0: ans += 1
s118192190.py(89):     D[a] += 1
s118192190.py(77): for _ in range(N):
s118192190.py(91): print(ans)
6
