 --- modulename: s119974412, funcname: <module>
s119974412.py(1): N = int(input())
 --- modulename: codecs, funcname: getstate
codecs.py(333):         return (self.buffer, 0)
 --- modulename: codecs, funcname: decode
codecs.py(321):         data = self.buffer + input
codecs.py(322):         (result, consumed) = self._buffer_decode(data, self.errors, final)
codecs.py(324):         self.buffer = data[consumed:]
codecs.py(325):         return result
s119974412.py(2): A1 = list(map(str,input().split()))
s119974412.py(3): A2 = A1[:]
s119974412.py(5): def bubbleSort(A, N):
s119974412.py(17): def selectSort(A, N):
s119974412.py(27): def stable(Ab, As, N):
s119974412.py(33): bubbleSort(A1, N)
 --- modulename: s119974412, funcname: bubbleSort
s119974412.py(6):  flag = 0
s119974412.py(7):  i = 0
s119974412.py(8):  while flag == 0:
s119974412.py(9):   flag = 1
s119974412.py(10):   for j in range(N-1, i, -1):
s119974412.py(11):    if A[j][1] < A[j-1][1]:
s119974412.py(10):   for j in range(N-1, i, -1):
s119974412.py(11):    if A[j][1] < A[j-1][1]:
s119974412.py(12):     A[j], A[j-1] = A[j-1], A[j]
s119974412.py(13):     flag = 0
s119974412.py(10):   for j in range(N-1, i, -1):
s119974412.py(11):    if A[j][1] < A[j-1][1]:
s119974412.py(12):     A[j], A[j-1] = A[j-1], A[j]
s119974412.py(13):     flag = 0
s119974412.py(10):   for j in range(N-1, i, -1):
s119974412.py(11):    if A[j][1] < A[j-1][1]:
s119974412.py(12):     A[j], A[j-1] = A[j-1], A[j]
s119974412.py(13):     flag = 0
s119974412.py(10):   for j in range(N-1, i, -1):
s119974412.py(14):   i += 1
s119974412.py(8):  while flag == 0:
s119974412.py(9):   flag = 1
s119974412.py(10):   for j in range(N-1, i, -1):
s119974412.py(11):    if A[j][1] < A[j-1][1]:
s119974412.py(12):     A[j], A[j-1] = A[j-1], A[j]
s119974412.py(13):     flag = 0
s119974412.py(10):   for j in range(N-1, i, -1):
s119974412.py(11):    if A[j][1] < A[j-1][1]:
s119974412.py(12):     A[j], A[j-1] = A[j-1], A[j]
s119974412.py(13):     flag = 0
s119974412.py(10):   for j in range(N-1, i, -1):
s119974412.py(11):    if A[j][1] < A[j-1][1]:
s119974412.py(12):     A[j], A[j-1] = A[j-1], A[j]
s119974412.py(13):     flag = 0
s119974412.py(10):   for j in range(N-1, i, -1):
s119974412.py(14):   i += 1
s119974412.py(8):  while flag == 0:
s119974412.py(9):   flag = 1
s119974412.py(10):   for j in range(N-1, i, -1):
s119974412.py(11):    if A[j][1] < A[j-1][1]:
s119974412.py(12):     A[j], A[j-1] = A[j-1], A[j]
s119974412.py(13):     flag = 0
s119974412.py(10):   for j in range(N-1, i, -1):
s119974412.py(11):    if A[j][1] < A[j-1][1]:
s119974412.py(10):   for j in range(N-1, i, -1):
s119974412.py(14):   i += 1
s119974412.py(8):  while flag == 0:
s119974412.py(9):   flag = 1
s119974412.py(10):   for j in range(N-1, i, -1):
s119974412.py(11):    if A[j][1] < A[j-1][1]:
s119974412.py(10):   for j in range(N-1, i, -1):
s119974412.py(14):   i += 1
s119974412.py(8):  while flag == 0:
s119974412.py(15):  return A
s119974412.py(34): selectSort(A2, N)
 --- modulename: s119974412, funcname: selectSort
s119974412.py(18):  for i in range(N):
s119974412.py(19):   minj = i
s119974412.py(20):   for j in range(i, N):
s119974412.py(21):    if A[j][1] < A[minj][1]:
s119974412.py(20):   for j in range(i, N):
s119974412.py(21):    if A[j][1] < A[minj][1]:
s119974412.py(20):   for j in range(i, N):
s119974412.py(21):    if A[j][1] < A[minj][1]:
s119974412.py(20):   for j in range(i, N):
s119974412.py(21):    if A[j][1] < A[minj][1]:
s119974412.py(22):     minj = j
s119974412.py(20):   for j in range(i, N):
s119974412.py(21):    if A[j][1] < A[minj][1]:
s119974412.py(20):   for j in range(i, N):
s119974412.py(23):   if A[i][1] != A[minj][1]:
s119974412.py(24):    A[i], A[minj] = A[minj], A[i]
s119974412.py(18):  for i in range(N):
s119974412.py(19):   minj = i
s119974412.py(20):   for j in range(i, N):
s119974412.py(21):    if A[j][1] < A[minj][1]:
s119974412.py(20):   for j in range(i, N):
s119974412.py(21):    if A[j][1] < A[minj][1]:
s119974412.py(22):     minj = j
s119974412.py(20):   for j in range(i, N):
s119974412.py(21):    if A[j][1] < A[minj][1]:
s119974412.py(20):   for j in range(i, N):
s119974412.py(21):    if A[j][1] < A[minj][1]:
s119974412.py(22):     minj = j
s119974412.py(20):   for j in range(i, N):
s119974412.py(23):   if A[i][1] != A[minj][1]:
s119974412.py(24):    A[i], A[minj] = A[minj], A[i]
s119974412.py(18):  for i in range(N):
s119974412.py(19):   minj = i
s119974412.py(20):   for j in range(i, N):
s119974412.py(21):    if A[j][1] < A[minj][1]:
s119974412.py(20):   for j in range(i, N):
s119974412.py(21):    if A[j][1] < A[minj][1]:
s119974412.py(20):   for j in range(i, N):
s119974412.py(21):    if A[j][1] < A[minj][1]:
s119974412.py(20):   for j in range(i, N):
s119974412.py(23):   if A[i][1] != A[minj][1]:
s119974412.py(18):  for i in range(N):
s119974412.py(19):   minj = i
s119974412.py(20):   for j in range(i, N):
s119974412.py(21):    if A[j][1] < A[minj][1]:
s119974412.py(20):   for j in range(i, N):
s119974412.py(21):    if A[j][1] < A[minj][1]:
s119974412.py(20):   for j in range(i, N):
s119974412.py(23):   if A[i][1] != A[minj][1]:
s119974412.py(18):  for i in range(N):
s119974412.py(19):   minj = i
s119974412.py(20):   for j in range(i, N):
s119974412.py(21):    if A[j][1] < A[minj][1]:
s119974412.py(20):   for j in range(i, N):
s119974412.py(23):   if A[i][1] != A[minj][1]:
s119974412.py(18):  for i in range(N):
s119974412.py(25):  return A
s119974412.py(35): print(" ".join(map(str, A1)))
D2 C3 H4 S4 C9
s119974412.py(36): print("Stable")
Stable
s119974412.py(37): print(" ".join(map(str, A2)))
D2 C3 S4 H4 C9
s119974412.py(38): if stable(A1, A2, N):
 --- modulename: s119974412, funcname: stable
s119974412.py(28):  for i in range(N):
s119974412.py(29):   if Ab[i] != As[i]:
s119974412.py(28):  for i in range(N):
s119974412.py(29):   if Ab[i] != As[i]:
s119974412.py(28):  for i in range(N):
s119974412.py(29):   if Ab[i] != As[i]:
s119974412.py(30):    return False
s119974412.py(41):  print("Not stable")
Not stable
