 --- modulename: s121733965, funcname: <module>
s121733965.py(1): from collections import deque
 --- modulename: _bootstrap, funcname: _handle_fromlist
<frozen importlib._bootstrap>(1043): <frozen importlib._bootstrap>(1044): <frozen importlib._bootstrap>(1051): <frozen importlib._bootstrap>(1055): <frozen importlib._bootstrap>(1043): <frozen importlib._bootstrap>(1067): s121733965.py(4): def first_cut(links, colors):
s121733965.py(16): def diameter(links, flags):
s121733965.py(39): def solve(links, colors):
s121733965.py(54): n = int(input())
 --- modulename: codecs, funcname: getstate
codecs.py(333):         return (self.buffer, 0)
 --- modulename: codecs, funcname: decode
codecs.py(321):         data = self.buffer + input
codecs.py(322):         (result, consumed) = self._buffer_decode(data, self.errors, final)
codecs.py(324):         self.buffer = data[consumed:]
codecs.py(325):         return result
s121733965.py(55): links = {i: set() for i in range(n)}
 --- modulename: s121733965, funcname: <dictcomp>
s121733965.py(55): links = {i: set() for i in range(n)}
s121733965.py(55): links = {i: set() for i in range(n)}
s121733965.py(55): links = {i: set() for i in range(n)}
s121733965.py(55): links = {i: set() for i in range(n)}
s121733965.py(55): links = {i: set() for i in range(n)}
s121733965.py(55): links = {i: set() for i in range(n)}
s121733965.py(56): for _ in range(n - 1):
s121733965.py(57):     x, y = map(int, input().split())
s121733965.py(58):     x -= 1
s121733965.py(59):     y -= 1
s121733965.py(60):     links[x].add(y)
s121733965.py(61):     links[y].add(x)
s121733965.py(56): for _ in range(n - 1):
s121733965.py(57):     x, y = map(int, input().split())
s121733965.py(58):     x -= 1
s121733965.py(59):     y -= 1
s121733965.py(60):     links[x].add(y)
s121733965.py(61):     links[y].add(x)
s121733965.py(56): for _ in range(n - 1):
s121733965.py(57):     x, y = map(int, input().split())
s121733965.py(58):     x -= 1
s121733965.py(59):     y -= 1
s121733965.py(60):     links[x].add(y)
s121733965.py(61):     links[y].add(x)
s121733965.py(56): for _ in range(n - 1):
s121733965.py(57):     x, y = map(int, input().split())
s121733965.py(58):     x -= 1
s121733965.py(59):     y -= 1
s121733965.py(60):     links[x].add(y)
s121733965.py(61):     links[y].add(x)
s121733965.py(56): for _ in range(n - 1):
s121733965.py(62): colors = [c == 'B' for c in input()]
 --- modulename: s121733965, funcname: <listcomp>
s121733965.py(62): colors = [c == 'B' for c in input()]
s121733965.py(62): colors = [c == 'B' for c in input()]
s121733965.py(62): colors = [c == 'B' for c in input()]
s121733965.py(62): colors = [c == 'B' for c in input()]
s121733965.py(62): colors = [c == 'B' for c in input()]
s121733965.py(62): colors = [c == 'B' for c in input()]
s121733965.py(64): print(solve(links, colors))
 --- modulename: s121733965, funcname: solve
s121733965.py(40):     if all(colors):
s121733965.py(43):     links = first_cut(links, colors)
 --- modulename: s121733965, funcname: first_cut
s121733965.py(5):     tmp_links = links.copy()
s121733965.py(6):     for v, neighbors in tmp_links.items():
s121733965.py(7):         while len(neighbors) == 1 and colors[v]:
s121733965.py(6):     for v, neighbors in tmp_links.items():
s121733965.py(7):         while len(neighbors) == 1 and colors[v]:
s121733965.py(6):     for v, neighbors in tmp_links.items():
s121733965.py(7):         while len(neighbors) == 1 and colors[v]:
s121733965.py(8):             del links[v]
s121733965.py(9):             par = neighbors.pop()
s121733965.py(10):             links[par].remove(v)
s121733965.py(11):             v = par
s121733965.py(12):             neighbors = links[par]
s121733965.py(7):         while len(neighbors) == 1 and colors[v]:
s121733965.py(6):     for v, neighbors in tmp_links.items():
s121733965.py(7):         while len(neighbors) == 1 and colors[v]:
s121733965.py(6):     for v, neighbors in tmp_links.items():
s121733965.py(7):         while len(neighbors) == 1 and colors[v]:
s121733965.py(6):     for v, neighbors in tmp_links.items():
s121733965.py(13):     return links
s121733965.py(44):     k = len(links)
s121733965.py(46):     if k == 1:
s121733965.py(49):     flags = {v: colors[v] ^ (len(link) % 2 == 0) for v, link in links.items()}
 --- modulename: s121733965, funcname: <dictcomp>
s121733965.py(49):     flags = {v: colors[v] ^ (len(link) % 2 == 0) for v, link in links.items()}
s121733965.py(49):     flags = {v: colors[v] ^ (len(link) % 2 == 0) for v, link in links.items()}
s121733965.py(49):     flags = {v: colors[v] ^ (len(link) % 2 == 0) for v, link in links.items()}
s121733965.py(49):     flags = {v: colors[v] ^ (len(link) % 2 == 0) for v, link in links.items()}
s121733965.py(49):     flags = {v: colors[v] ^ (len(link) % 2 == 0) for v, link in links.items()}
s121733965.py(50):     euler_tour = 2 * (k - 1) + sum(flags.values())
s121733965.py(51):     return euler_tour - 2 * diameter(links, flags)
 --- modulename: s121733965, funcname: diameter
s121733965.py(17):     def dfs(s):
s121733965.py(33):     s = next(iter(links))
s121733965.py(34):     _, t = dfs(s)
 --- modulename: s121733965, funcname: dfs
s121733965.py(18):         fs = flags[s]
s121733965.py(19):         d, v = 0, 0
s121733965.py(20):         q = deque(sorted((fs + flags[v], v, s) for v in links[s]))
 --- modulename: s121733965, funcname: <genexpr>
s121733965.py(20):         q = deque(sorted((fs + flags[v], v, s) for v in links[s]))
 --- modulename: s121733965, funcname: <genexpr>
s121733965.py(20):         q = deque(sorted((fs + flags[v], v, s) for v in links[s]))
s121733965.py(21):         while q:
s121733965.py(22):             d, v, a = q.popleft()
s121733965.py(23):             for u in links[v]:
s121733965.py(24):                 if u == a:
s121733965.py(25):                     continue
s121733965.py(23):             for u in links[v]:
s121733965.py(24):                 if u == a:
s121733965.py(26):                 fu = flags[u]
s121733965.py(27):                 if fu:
s121733965.py(28):                     q.append((d + 1, u, v))
s121733965.py(23):             for u in links[v]:
s121733965.py(21):         while q:
s121733965.py(22):             d, v, a = q.popleft()
s121733965.py(23):             for u in links[v]:
s121733965.py(24):                 if u == a:
s121733965.py(25):                     continue
s121733965.py(23):             for u in links[v]:
s121733965.py(24):                 if u == a:
s121733965.py(26):                 fu = flags[u]
s121733965.py(27):                 if fu:
s121733965.py(30):                     q.appendleft((d, u, v))
s121733965.py(23):             for u in links[v]:
s121733965.py(21):         while q:
s121733965.py(22):             d, v, a = q.popleft()
s121733965.py(23):             for u in links[v]:
s121733965.py(24):                 if u == a:
s121733965.py(25):                     continue
s121733965.py(23):             for u in links[v]:
s121733965.py(21):         while q:
s121733965.py(31):         return d, v
s121733965.py(35):     d, _ = dfs(t)
 --- modulename: s121733965, funcname: dfs
s121733965.py(18):         fs = flags[s]
s121733965.py(19):         d, v = 0, 0
s121733965.py(20):         q = deque(sorted((fs + flags[v], v, s) for v in links[s]))
 --- modulename: s121733965, funcname: <genexpr>
s121733965.py(20):         q = deque(sorted((fs + flags[v], v, s) for v in links[s]))
 --- modulename: s121733965, funcname: <genexpr>
s121733965.py(20):         q = deque(sorted((fs + flags[v], v, s) for v in links[s]))
s121733965.py(21):         while q:
s121733965.py(22):             d, v, a = q.popleft()
s121733965.py(23):             for u in links[v]:
s121733965.py(24):                 if u == a:
s121733965.py(26):                 fu = flags[u]
s121733965.py(27):                 if fu:
s121733965.py(30):                     q.appendleft((d, u, v))
s121733965.py(23):             for u in links[v]:
s121733965.py(24):                 if u == a:
s121733965.py(25):                     continue
s121733965.py(23):             for u in links[v]:
s121733965.py(21):         while q:
s121733965.py(22):             d, v, a = q.popleft()
s121733965.py(23):             for u in links[v]:
s121733965.py(24):                 if u == a:
s121733965.py(26):                 fu = flags[u]
s121733965.py(27):                 if fu:
s121733965.py(30):                     q.appendleft((d, u, v))
s121733965.py(23):             for u in links[v]:
s121733965.py(24):                 if u == a:
s121733965.py(25):                     continue
s121733965.py(23):             for u in links[v]:
s121733965.py(21):         while q:
s121733965.py(22):             d, v, a = q.popleft()
s121733965.py(23):             for u in links[v]:
s121733965.py(24):                 if u == a:
s121733965.py(25):                     continue
s121733965.py(23):             for u in links[v]:
s121733965.py(21):         while q:
s121733965.py(31):         return d, v
s121733965.py(36):     return d
5
