 --- modulename: s125274937, funcname: <module>
s125274937.py(1): from operator import itemgetter
s125274937.py(2): import sys
s125274937.py(5): class BIT:
 --- modulename: s125274937, funcname: BIT
s125274937.py(5): class BIT:
s125274937.py(6):     def __init__(self, size: int):
s125274937.py(10):     def add(self, i, x):
s125274937.py(17):     def sum(self, i):
s125274937.py(25): def read():
s125274937.py(29): def main():
s125274937.py(52): if __name__ == '__main__':
s125274937.py(53):     main()
 --- modulename: s125274937, funcname: main
s125274937.py(30):     n, q = map(int, read().split())
 --- modulename: s125274937, funcname: read
s125274937.py(26):     return sys.stdin.readline().rstrip()
 --- modulename: codecs, funcname: getstate
codecs.py(333):         return (self.buffer, 0)
 --- modulename: codecs, funcname: decode
codecs.py(321):         data = self.buffer + input
codecs.py(322):         (result, consumed) = self._buffer_decode(data, self.errors, final)
codecs.py(324):         self.buffer = data[consumed:]
codecs.py(325):         return result
s125274937.py(31):     c = [int(i) for i in read().split()]
 --- modulename: s125274937, funcname: read
s125274937.py(26):     return sys.stdin.readline().rstrip()
 --- modulename: s125274937, funcname: <listcomp>
s125274937.py(31):     c = [int(i) for i in read().split()]
s125274937.py(31):     c = [int(i) for i in read().split()]
s125274937.py(31):     c = [int(i) for i in read().split()]
s125274937.py(31):     c = [int(i) for i in read().split()]
s125274937.py(31):     c = [int(i) for i in read().split()]
s125274937.py(32):     queries = [() for _ in range(q)]
 --- modulename: s125274937, funcname: <listcomp>
s125274937.py(32):     queries = [() for _ in range(q)]
s125274937.py(32):     queries = [() for _ in range(q)]
s125274937.py(32):     queries = [() for _ in range(q)]
s125274937.py(32):     queries = [() for _ in range(q)]
s125274937.py(33):     for i in range(q):
s125274937.py(34):         l, r = map(int, read().split())
 --- modulename: s125274937, funcname: read
s125274937.py(26):     return sys.stdin.readline().rstrip()
s125274937.py(35):         queries[i] = (i, l, r)
s125274937.py(33):     for i in range(q):
s125274937.py(34):         l, r = map(int, read().split())
 --- modulename: s125274937, funcname: read
s125274937.py(26):     return sys.stdin.readline().rstrip()
s125274937.py(35):         queries[i] = (i, l, r)
s125274937.py(33):     for i in range(q):
s125274937.py(34):         l, r = map(int, read().split())
 --- modulename: s125274937, funcname: read
s125274937.py(26):     return sys.stdin.readline().rstrip()
s125274937.py(35):         queries[i] = (i, l, r)
s125274937.py(33):     for i in range(q):
s125274937.py(36):     queries.sort(key=itemgetter(2))
s125274937.py(37):     last = [0] * n
s125274937.py(38):     bit = BIT(n)
 --- modulename: s125274937, funcname: __init__
s125274937.py(7):         self.size = size + 1
s125274937.py(8):         self.array = [0] * self.size
s125274937.py(39):     ans = [-1] * q
s125274937.py(40):     cr = 0
s125274937.py(41):     for i, l, r in queries:
s125274937.py(42):         for ri in range(cr, r):
s125274937.py(43):             ci = c[ri] - 1
s125274937.py(44):             bit.add(last[ci], -1)
 --- modulename: s125274937, funcname: add
s125274937.py(11):         if not i > 0:
s125274937.py(12):             return
s125274937.py(45):             last[ci] = ri + 1
s125274937.py(46):             bit.add(last[ci], 1)
 --- modulename: s125274937, funcname: add
s125274937.py(11):         if not i > 0:
s125274937.py(13):         while i < self.size:
s125274937.py(14):             self.array[i] += x
s125274937.py(15):             i += i & -i
s125274937.py(13):         while i < self.size:
s125274937.py(14):             self.array[i] += x
s125274937.py(15):             i += i & -i
s125274937.py(13):         while i < self.size:
s125274937.py(14):             self.array[i] += x
s125274937.py(15):             i += i & -i
s125274937.py(13):         while i < self.size:
s125274937.py(47):             cr = ri
s125274937.py(42):         for ri in range(cr, r):
s125274937.py(43):             ci = c[ri] - 1
s125274937.py(44):             bit.add(last[ci], -1)
 --- modulename: s125274937, funcname: add
s125274937.py(11):         if not i > 0:
s125274937.py(12):             return
s125274937.py(45):             last[ci] = ri + 1
s125274937.py(46):             bit.add(last[ci], 1)
 --- modulename: s125274937, funcname: add
s125274937.py(11):         if not i > 0:
s125274937.py(13):         while i < self.size:
s125274937.py(14):             self.array[i] += x
s125274937.py(15):             i += i & -i
s125274937.py(13):         while i < self.size:
s125274937.py(14):             self.array[i] += x
s125274937.py(15):             i += i & -i
s125274937.py(13):         while i < self.size:
s125274937.py(47):             cr = ri
s125274937.py(42):         for ri in range(cr, r):
s125274937.py(43):             ci = c[ri] - 1
s125274937.py(44):             bit.add(last[ci], -1)
 --- modulename: s125274937, funcname: add
s125274937.py(11):         if not i > 0:
s125274937.py(13):         while i < self.size:
s125274937.py(14):             self.array[i] += x
s125274937.py(15):             i += i & -i
s125274937.py(13):         while i < self.size:
s125274937.py(14):             self.array[i] += x
s125274937.py(15):             i += i & -i
s125274937.py(13):         while i < self.size:
s125274937.py(14):             self.array[i] += x
s125274937.py(15):             i += i & -i
s125274937.py(13):         while i < self.size:
s125274937.py(45):             last[ci] = ri + 1
s125274937.py(46):             bit.add(last[ci], 1)
 --- modulename: s125274937, funcname: add
s125274937.py(11):         if not i > 0:
s125274937.py(13):         while i < self.size:
s125274937.py(14):             self.array[i] += x
s125274937.py(15):             i += i & -i
s125274937.py(13):         while i < self.size:
s125274937.py(14):             self.array[i] += x
s125274937.py(15):             i += i & -i
s125274937.py(13):         while i < self.size:
s125274937.py(47):             cr = ri
s125274937.py(42):         for ri in range(cr, r):
s125274937.py(48):         ans[i] = bit.sum(r) - bit.sum(l - 1)
 --- modulename: s125274937, funcname: sum
s125274937.py(18):         s = 0
s125274937.py(19):         while i > 0:
s125274937.py(20):             s += self.array[i]
s125274937.py(21):             i -= i & -i
s125274937.py(19):         while i > 0:
s125274937.py(20):             s += self.array[i]
s125274937.py(21):             i -= i & -i
s125274937.py(19):         while i > 0:
s125274937.py(22):         return s
 --- modulename: s125274937, funcname: sum
s125274937.py(18):         s = 0
s125274937.py(19):         while i > 0:
s125274937.py(22):         return s
s125274937.py(41):     for i, l, r in queries:
s125274937.py(42):         for ri in range(cr, r):
s125274937.py(43):             ci = c[ri] - 1
s125274937.py(44):             bit.add(last[ci], -1)
 --- modulename: s125274937, funcname: add
s125274937.py(11):         if not i > 0:
s125274937.py(13):         while i < self.size:
s125274937.py(14):             self.array[i] += x
s125274937.py(15):             i += i & -i
s125274937.py(13):         while i < self.size:
s125274937.py(14):             self.array[i] += x
s125274937.py(15):             i += i & -i
s125274937.py(13):         while i < self.size:
s125274937.py(45):             last[ci] = ri + 1
s125274937.py(46):             bit.add(last[ci], 1)
 --- modulename: s125274937, funcname: add
s125274937.py(11):         if not i > 0:
s125274937.py(13):         while i < self.size:
s125274937.py(14):             self.array[i] += x
s125274937.py(15):             i += i & -i
s125274937.py(13):         while i < self.size:
s125274937.py(14):             self.array[i] += x
s125274937.py(15):             i += i & -i
s125274937.py(13):         while i < self.size:
s125274937.py(47):             cr = ri
s125274937.py(42):         for ri in range(cr, r):
s125274937.py(48):         ans[i] = bit.sum(r) - bit.sum(l - 1)
 --- modulename: s125274937, funcname: sum
s125274937.py(18):         s = 0
s125274937.py(19):         while i > 0:
s125274937.py(20):             s += self.array[i]
s125274937.py(21):             i -= i & -i
s125274937.py(19):         while i > 0:
s125274937.py(20):             s += self.array[i]
s125274937.py(21):             i -= i & -i
s125274937.py(19):         while i > 0:
s125274937.py(22):         return s
 --- modulename: s125274937, funcname: sum
s125274937.py(18):         s = 0
s125274937.py(19):         while i > 0:
s125274937.py(20):             s += self.array[i]
s125274937.py(21):             i -= i & -i
s125274937.py(19):         while i > 0:
s125274937.py(22):         return s
s125274937.py(41):     for i, l, r in queries:
s125274937.py(42):         for ri in range(cr, r):
s125274937.py(43):             ci = c[ri] - 1
s125274937.py(44):             bit.add(last[ci], -1)
 --- modulename: s125274937, funcname: add
s125274937.py(11):         if not i > 0:
s125274937.py(13):         while i < self.size:
s125274937.py(14):             self.array[i] += x
s125274937.py(15):             i += i & -i
s125274937.py(13):         while i < self.size:
s125274937.py(14):             self.array[i] += x
s125274937.py(15):             i += i & -i
s125274937.py(13):         while i < self.size:
s125274937.py(45):             last[ci] = ri + 1
s125274937.py(46):             bit.add(last[ci], 1)
 --- modulename: s125274937, funcname: add
s125274937.py(11):         if not i > 0:
s125274937.py(13):         while i < self.size:
s125274937.py(14):             self.array[i] += x
s125274937.py(15):             i += i & -i
s125274937.py(13):         while i < self.size:
s125274937.py(14):             self.array[i] += x
s125274937.py(15):             i += i & -i
s125274937.py(13):         while i < self.size:
s125274937.py(47):             cr = ri
s125274937.py(42):         for ri in range(cr, r):
s125274937.py(43):             ci = c[ri] - 1
s125274937.py(44):             bit.add(last[ci], -1)
 --- modulename: s125274937, funcname: add
s125274937.py(11):         if not i > 0:
s125274937.py(12):             return
s125274937.py(45):             last[ci] = ri + 1
s125274937.py(46):             bit.add(last[ci], 1)
 --- modulename: s125274937, funcname: add
s125274937.py(11):         if not i > 0:
s125274937.py(13):         while i < self.size:
s125274937.py(14):             self.array[i] += x
s125274937.py(15):             i += i & -i
s125274937.py(13):         while i < self.size:
s125274937.py(47):             cr = ri
s125274937.py(42):         for ri in range(cr, r):
s125274937.py(48):         ans[i] = bit.sum(r) - bit.sum(l - 1)
 --- modulename: s125274937, funcname: sum
s125274937.py(18):         s = 0
s125274937.py(19):         while i > 0:
s125274937.py(20):             s += self.array[i]
s125274937.py(21):             i -= i & -i
s125274937.py(19):         while i > 0:
s125274937.py(22):         return s
 --- modulename: s125274937, funcname: sum
s125274937.py(18):         s = 0
s125274937.py(19):         while i > 0:
s125274937.py(20):             s += self.array[i]
s125274937.py(21):             i -= i & -i
s125274937.py(19):         while i > 0:
s125274937.py(22):         return s
s125274937.py(41):     for i, l, r in queries:
s125274937.py(49):     print(*ans, sep="\n")
2
3
1
