 --- modulename: s137413335, funcname: <module>
s137413335.py(1): import operator
s137413335.py(2): class SegmentTree:
 --- modulename: s137413335, funcname: SegmentTree
s137413335.py(2): class SegmentTree:
s137413335.py(3):     def __init__(self, size, fn=operator.add, default=None, initial_values=None):
s137413335.py(30):     def set(self, i, value):
s137413335.py(44):     def update(self, i, value):
s137413335.py(54):     def get(self, from_i, to_i=None, k=0, L=None, r=None):
s137413335.py(84):     def __len__(self):
s137413335.py(88): def resolve():
s137413335.py(111): if __name__ == "__main__":
s137413335.py(112):     resolve()
 --- modulename: s137413335, funcname: resolve
s137413335.py(89):     N = int(input())
 --- modulename: codecs, funcname: getstate
codecs.py(333):         return (self.buffer, 0)
 --- modulename: codecs, funcname: decode
codecs.py(321):         data = self.buffer + input
codecs.py(322):         (result, consumed) = self._buffer_decode(data, self.errors, final)
codecs.py(324):         self.buffer = data[consumed:]
codecs.py(325):         return result
s137413335.py(90):     H = list(map(int, input().split()))
s137413335.py(91):     A = list(map(int, input().split()))
s137413335.py(93):     Flowers = []
s137413335.py(94):     for i in range(N):
s137413335.py(95):         Flowers.append((H[i], (A[i], i)))
s137413335.py(94):     for i in range(N):
s137413335.py(95):         Flowers.append((H[i], (A[i], i)))
s137413335.py(94):     for i in range(N):
s137413335.py(95):         Flowers.append((H[i], (A[i], i)))
s137413335.py(94):     for i in range(N):
s137413335.py(95):         Flowers.append((H[i], (A[i], i)))
s137413335.py(94):     for i in range(N):
s137413335.py(97):     Flowers.sort()
s137413335.py(99):     seg = SegmentTree(N, fn=max)
 --- modulename: s137413335, funcname: __init__
s137413335.py(10):         default = default or 0
s137413335.py(13):         n = 1
s137413335.py(14):         while n < size:
s137413335.py(15):             n *= 2
s137413335.py(14):         while n < size:
s137413335.py(15):             n *= 2
s137413335.py(14):         while n < size:
s137413335.py(16):         self._size = n
s137413335.py(17):         self._fn = fn
s137413335.py(19):         self._tree = [default] * (self._size * 2 - 1)
s137413335.py(20):         if initial_values:
s137413335.py(100):     for i in range(N):
s137413335.py(101):         h, (a, idx) = Flowers[i]
s137413335.py(102):         maxV = seg.get(0, idx)
 --- modulename: s137413335, funcname: get
s137413335.py(64):         if to_i is None:
s137413335.py(67):         L = 0 if L is None else L
s137413335.py(68):         r = self._size if r is None else r
s137413335.py(70):         if from_i <= L and r <= to_i:
s137413335.py(73):         if to_i <= L or r <= from_i:
s137413335.py(76):         ret_L = self.get(from_i, to_i, k * 2 + 1, L, (L + r) // 2)
 --- modulename: s137413335, funcname: get
s137413335.py(64):         if to_i is None:
s137413335.py(67):         L = 0 if L is None else L
s137413335.py(68):         r = self._size if r is None else r
s137413335.py(70):         if from_i <= L and r <= to_i:
s137413335.py(73):         if to_i <= L or r <= from_i:
s137413335.py(76):         ret_L = self.get(from_i, to_i, k * 2 + 1, L, (L + r) // 2)
 --- modulename: s137413335, funcname: get
s137413335.py(64):         if to_i is None:
s137413335.py(67):         L = 0 if L is None else L
s137413335.py(68):         r = self._size if r is None else r
s137413335.py(70):         if from_i <= L and r <= to_i:
s137413335.py(71):             return self._tree[k]
s137413335.py(77):         ret_r = self.get(from_i, to_i, k * 2 + 2, (L + r) // 2, r)
 --- modulename: s137413335, funcname: get
s137413335.py(64):         if to_i is None:
s137413335.py(67):         L = 0 if L is None else L
s137413335.py(68):         r = self._size if r is None else r
s137413335.py(70):         if from_i <= L and r <= to_i:
s137413335.py(73):         if to_i <= L or r <= from_i:
s137413335.py(74):             return None
s137413335.py(78):         if ret_L is None:
s137413335.py(80):         if ret_r is None:
s137413335.py(81):             return ret_L
s137413335.py(77):         ret_r = self.get(from_i, to_i, k * 2 + 2, (L + r) // 2, r)
 --- modulename: s137413335, funcname: get
s137413335.py(64):         if to_i is None:
s137413335.py(67):         L = 0 if L is None else L
s137413335.py(68):         r = self._size if r is None else r
s137413335.py(70):         if from_i <= L and r <= to_i:
s137413335.py(73):         if to_i <= L or r <= from_i:
s137413335.py(74):             return None
s137413335.py(78):         if ret_L is None:
s137413335.py(80):         if ret_r is None:
s137413335.py(81):             return ret_L
s137413335.py(104):         if maxV == None:
s137413335.py(106):         seg.set(idx, maxV+a)
 --- modulename: s137413335, funcname: set
s137413335.py(37):         x = self._size - 1 + i
s137413335.py(38):         self._tree[x] = value
s137413335.py(40):         while x > 0:
s137413335.py(41):             x = (x - 1) // 2
s137413335.py(42):             self._tree[x] = self._fn(self._tree[x * 2 + 1], self._tree[x * 2 + 2])
s137413335.py(40):         while x > 0:
s137413335.py(41):             x = (x - 1) // 2
s137413335.py(42):             self._tree[x] = self._fn(self._tree[x * 2 + 1], self._tree[x * 2 + 2])
s137413335.py(40):         while x > 0:
s137413335.py(100):     for i in range(N):
s137413335.py(101):         h, (a, idx) = Flowers[i]
s137413335.py(102):         maxV = seg.get(0, idx)
 --- modulename: s137413335, funcname: get
s137413335.py(64):         if to_i is None:
s137413335.py(67):         L = 0 if L is None else L
s137413335.py(68):         r = self._size if r is None else r
s137413335.py(70):         if from_i <= L and r <= to_i:
s137413335.py(73):         if to_i <= L or r <= from_i:
s137413335.py(76):         ret_L = self.get(from_i, to_i, k * 2 + 1, L, (L + r) // 2)
 --- modulename: s137413335, funcname: get
s137413335.py(64):         if to_i is None:
s137413335.py(67):         L = 0 if L is None else L
s137413335.py(68):         r = self._size if r is None else r
s137413335.py(70):         if from_i <= L and r <= to_i:
s137413335.py(71):             return self._tree[k]
s137413335.py(77):         ret_r = self.get(from_i, to_i, k * 2 + 2, (L + r) // 2, r)
 --- modulename: s137413335, funcname: get
s137413335.py(64):         if to_i is None:
s137413335.py(67):         L = 0 if L is None else L
s137413335.py(68):         r = self._size if r is None else r
s137413335.py(70):         if from_i <= L and r <= to_i:
s137413335.py(73):         if to_i <= L or r <= from_i:
s137413335.py(76):         ret_L = self.get(from_i, to_i, k * 2 + 1, L, (L + r) // 2)
 --- modulename: s137413335, funcname: get
s137413335.py(64):         if to_i is None:
s137413335.py(67):         L = 0 if L is None else L
s137413335.py(68):         r = self._size if r is None else r
s137413335.py(70):         if from_i <= L and r <= to_i:
s137413335.py(71):             return self._tree[k]
s137413335.py(77):         ret_r = self.get(from_i, to_i, k * 2 + 2, (L + r) // 2, r)
 --- modulename: s137413335, funcname: get
s137413335.py(64):         if to_i is None:
s137413335.py(67):         L = 0 if L is None else L
s137413335.py(68):         r = self._size if r is None else r
s137413335.py(70):         if from_i <= L and r <= to_i:
s137413335.py(73):         if to_i <= L or r <= from_i:
s137413335.py(74):             return None
s137413335.py(78):         if ret_L is None:
s137413335.py(80):         if ret_r is None:
s137413335.py(81):             return ret_L
s137413335.py(78):         if ret_L is None:
s137413335.py(80):         if ret_r is None:
s137413335.py(82):         return self._fn(ret_L, ret_r)
s137413335.py(104):         if maxV == None:
s137413335.py(106):         seg.set(idx, maxV+a)
 --- modulename: s137413335, funcname: set
s137413335.py(37):         x = self._size - 1 + i
s137413335.py(38):         self._tree[x] = value
s137413335.py(40):         while x > 0:
s137413335.py(41):             x = (x - 1) // 2
s137413335.py(42):             self._tree[x] = self._fn(self._tree[x * 2 + 1], self._tree[x * 2 + 2])
s137413335.py(40):         while x > 0:
s137413335.py(41):             x = (x - 1) // 2
s137413335.py(42):             self._tree[x] = self._fn(self._tree[x * 2 + 1], self._tree[x * 2 + 2])
s137413335.py(40):         while x > 0:
s137413335.py(100):     for i in range(N):
s137413335.py(101):         h, (a, idx) = Flowers[i]
s137413335.py(102):         maxV = seg.get(0, idx)
 --- modulename: s137413335, funcname: get
s137413335.py(64):         if to_i is None:
s137413335.py(67):         L = 0 if L is None else L
s137413335.py(68):         r = self._size if r is None else r
s137413335.py(70):         if from_i <= L and r <= to_i:
s137413335.py(73):         if to_i <= L or r <= from_i:
s137413335.py(74):             return None
s137413335.py(104):         if maxV == None:
s137413335.py(105):             maxV = 0
s137413335.py(106):         seg.set(idx, maxV+a)
 --- modulename: s137413335, funcname: set
s137413335.py(37):         x = self._size - 1 + i
s137413335.py(38):         self._tree[x] = value
s137413335.py(40):         while x > 0:
s137413335.py(41):             x = (x - 1) // 2
s137413335.py(42):             self._tree[x] = self._fn(self._tree[x * 2 + 1], self._tree[x * 2 + 2])
s137413335.py(40):         while x > 0:
s137413335.py(41):             x = (x - 1) // 2
s137413335.py(42):             self._tree[x] = self._fn(self._tree[x * 2 + 1], self._tree[x * 2 + 2])
s137413335.py(40):         while x > 0:
s137413335.py(100):     for i in range(N):
s137413335.py(101):         h, (a, idx) = Flowers[i]
s137413335.py(102):         maxV = seg.get(0, idx)
 --- modulename: s137413335, funcname: get
s137413335.py(64):         if to_i is None:
s137413335.py(67):         L = 0 if L is None else L
s137413335.py(68):         r = self._size if r is None else r
s137413335.py(70):         if from_i <= L and r <= to_i:
s137413335.py(73):         if to_i <= L or r <= from_i:
s137413335.py(76):         ret_L = self.get(from_i, to_i, k * 2 + 1, L, (L + r) // 2)
 --- modulename: s137413335, funcname: get
s137413335.py(64):         if to_i is None:
s137413335.py(67):         L = 0 if L is None else L
s137413335.py(68):         r = self._size if r is None else r
s137413335.py(70):         if from_i <= L and r <= to_i:
s137413335.py(71):             return self._tree[k]
s137413335.py(77):         ret_r = self.get(from_i, to_i, k * 2 + 2, (L + r) // 2, r)
 --- modulename: s137413335, funcname: get
s137413335.py(64):         if to_i is None:
s137413335.py(67):         L = 0 if L is None else L
s137413335.py(68):         r = self._size if r is None else r
s137413335.py(70):         if from_i <= L and r <= to_i:
s137413335.py(73):         if to_i <= L or r <= from_i:
s137413335.py(74):             return None
s137413335.py(78):         if ret_L is None:
s137413335.py(80):         if ret_r is None:
s137413335.py(81):             return ret_L
s137413335.py(104):         if maxV == None:
s137413335.py(106):         seg.set(idx, maxV+a)
 --- modulename: s137413335, funcname: set
s137413335.py(37):         x = self._size - 1 + i
s137413335.py(38):         self._tree[x] = value
s137413335.py(40):         while x > 0:
s137413335.py(41):             x = (x - 1) // 2
s137413335.py(42):             self._tree[x] = self._fn(self._tree[x * 2 + 1], self._tree[x * 2 + 2])
s137413335.py(40):         while x > 0:
s137413335.py(41):             x = (x - 1) // 2
s137413335.py(42):             self._tree[x] = self._fn(self._tree[x * 2 + 1], self._tree[x * 2 + 2])
s137413335.py(40):         while x > 0:
s137413335.py(100):     for i in range(N):
s137413335.py(108):     ans = seg.get(0, N)
 --- modulename: s137413335, funcname: get
s137413335.py(64):         if to_i is None:
s137413335.py(67):         L = 0 if L is None else L
s137413335.py(68):         r = self._size if r is None else r
s137413335.py(70):         if from_i <= L and r <= to_i:
s137413335.py(71):             return self._tree[k]
s137413335.py(109):     print(ans)
60
