 --- modulename: s137235371, funcname: <module>
s137235371.py(1): mod = 10**9+7
s137235371.py(2): inv_2 = pow(2, mod-2, mod)
s137235371.py(3): N, M, K = map(int, input().split())
 --- modulename: codecs, funcname: getstate
codecs.py(333):         return (self.buffer, 0)
 --- modulename: codecs, funcname: decode
codecs.py(321):         data = self.buffer + input
codecs.py(322):         (result, consumed) = self._buffer_decode(data, self.errors, final)
codecs.py(324):         self.buffer = data[consumed:]
codecs.py(325):         return result
s137235371.py(4): def make_fact(n):#0~nの階乗を求める
s137235371.py(10): def make_fact_inv(n):#0~nの階乗のmodに関する逆元を求める
s137235371.py(17): def comb(n, k):#nCk
s137235371.py(19): fact = make_fact(N*M)
 --- modulename: s137235371, funcname: make_fact
s137235371.py(5):     fact = [1]*(n+1)
s137235371.py(6):     for i in range(1, n+1):
s137235371.py(7):         fact[i] = fact[i-1]*i%mod
s137235371.py(6):     for i in range(1, n+1):
s137235371.py(7):         fact[i] = fact[i-1]*i%mod
s137235371.py(6):     for i in range(1, n+1):
s137235371.py(7):         fact[i] = fact[i-1]*i%mod
s137235371.py(6):     for i in range(1, n+1):
s137235371.py(7):         fact[i] = fact[i-1]*i%mod
s137235371.py(6):     for i in range(1, n+1):
s137235371.py(8):     return fact
s137235371.py(20): fact_inv = make_fact_inv(N*M)
 --- modulename: s137235371, funcname: make_fact_inv
s137235371.py(11):     fact_inv = [1]*(n+1)
s137235371.py(12):     fact_inv[n] = pow(fact[n], mod-2, mod)#フェルマーの小定理
s137235371.py(13):     for i in range(n, 0, -1):
s137235371.py(14):         fact_inv[i-1] = fact_inv[i]*i%mod
s137235371.py(13):     for i in range(n, 0, -1):
s137235371.py(14):         fact_inv[i-1] = fact_inv[i]*i%mod
s137235371.py(13):     for i in range(n, 0, -1):
s137235371.py(14):         fact_inv[i-1] = fact_inv[i]*i%mod
s137235371.py(13):     for i in range(n, 0, -1):
s137235371.py(14):         fact_inv[i-1] = fact_inv[i]*i%mod
s137235371.py(13):     for i in range(n, 0, -1):
s137235371.py(15):     return fact_inv
s137235371.py(21): Sum = [0]*(max(N, M)+1)
s137235371.py(22): for i in range(1, len(Sum)):
s137235371.py(23):     Sum[i] = (Sum[i-1]+i)%mod
s137235371.py(22): for i in range(1, len(Sum)):
s137235371.py(23):     Sum[i] = (Sum[i-1]+i)%mod
s137235371.py(22): for i in range(1, len(Sum)):
s137235371.py(24): ans = 0
s137235371.py(26): for x in range(1, N+1):
s137235371.py(27):     for y in range(1, M+1):
s137235371.py(28):         ans+=(Sum[x-1]+Sum[N-x])*M+(Sum[y-1]+Sum[M-y])*N
s137235371.py(29):         ans%=mod
s137235371.py(27):     for y in range(1, M+1):
s137235371.py(28):         ans+=(Sum[x-1]+Sum[N-x])*M+(Sum[y-1]+Sum[M-y])*N
s137235371.py(29):         ans%=mod
s137235371.py(27):     for y in range(1, M+1):
s137235371.py(26): for x in range(1, N+1):
s137235371.py(27):     for y in range(1, M+1):
s137235371.py(28):         ans+=(Sum[x-1]+Sum[N-x])*M+(Sum[y-1]+Sum[M-y])*N
s137235371.py(29):         ans%=mod
s137235371.py(27):     for y in range(1, M+1):
s137235371.py(28):         ans+=(Sum[x-1]+Sum[N-x])*M+(Sum[y-1]+Sum[M-y])*N
s137235371.py(29):         ans%=mod
s137235371.py(27):     for y in range(1, M+1):
s137235371.py(26): for x in range(1, N+1):
s137235371.py(30): print(ans*comb(N*M-2, K-2)*inv_2%mod)
 --- modulename: s137235371, funcname: comb
s137235371.py(18):     return fact[n]*fact_inv[k]*fact_inv[n-k]%mod
8
