 --- modulename: s141543750, funcname: <module>
s141543750.py(2): N = int(input())
 --- modulename: codecs, funcname: getstate
codecs.py(333):         return (self.buffer, 0)
 --- modulename: codecs, funcname: decode
codecs.py(321):         data = self.buffer + input
codecs.py(322):         (result, consumed) = self._buffer_decode(data, self.errors, final)
codecs.py(324):         self.buffer = data[consumed:]
codecs.py(325):         return result
s141543750.py(3): X = input()
s141543750.py(5): x_num = int(X, 2)
s141543750.py(6): cnt1 = X.count('1')
s141543750.py(8): p_zero = x_num % (cnt1 + 1)
s141543750.py(9): p_one = (x_num % (cnt1 - 1) if cnt1 - 1 > 0 else 1)
s141543750.py(12): def f(cnt):
s141543750.py(20): def p_count(x):
s141543750.py(29): def f1(x):
s141543750.py(37): for i, x in enumerate(list(X)):
s141543750.py(38):     if (x == '1'):
s141543750.py(48):         xxx = (p_zero + pow(2, (N - (i + 1)), cnt1 + 1)) % (cnt1 + 1)
s141543750.py(49):         xxx += cnt1 + 1 if xxx < 0 else 0
s141543750.py(50):         print(f1(xxx) + 1)
 --- modulename: s141543750, funcname: f1
s141543750.py(30):     cnt = 0
s141543750.py(31):     while (x > 0):
s141543750.py(32):         x %= bin(x).count('1')
s141543750.py(33):         cnt += 1
s141543750.py(31):     while (x > 0):
s141543750.py(34):     return cnt
2
s141543750.py(37): for i, x in enumerate(list(X)):
s141543750.py(38):     if (x == '1'):
s141543750.py(40):         if cnt1 - 1 > 0:
s141543750.py(41):             xxx = (p_one - pow(2, (N - (i + 1)), cnt1 - 1)) % (cnt1 - 1)
s141543750.py(42):             xxx += cnt1 - 1 if xxx < 0 else 0
s141543750.py(43):             print(f1(xxx) + 1)
 --- modulename: s141543750, funcname: f1
s141543750.py(30):     cnt = 0
s141543750.py(31):     while (x > 0):
s141543750.py(34):     return cnt
1
s141543750.py(37): for i, x in enumerate(list(X)):
s141543750.py(38):     if (x == '1'):
s141543750.py(40):         if cnt1 - 1 > 0:
s141543750.py(41):             xxx = (p_one - pow(2, (N - (i + 1)), cnt1 - 1)) % (cnt1 - 1)
s141543750.py(42):             xxx += cnt1 - 1 if xxx < 0 else 0
s141543750.py(43):             print(f1(xxx) + 1)
 --- modulename: s141543750, funcname: f1
s141543750.py(30):     cnt = 0
s141543750.py(31):     while (x > 0):
s141543750.py(34):     return cnt
1
s141543750.py(37): for i, x in enumerate(list(X)):
