 --- modulename: s145234649, funcname: <module>
s145234649.py(2): """
s145234649.py(32): def bitadd(a,w,bit): #aにwを加える(1-origin)
s145234649.py(39): def bitsum(a,bit): #ind 1～aまでの和を求める
s145234649.py(126): N = int(input())
 --- modulename: codecs, funcname: getstate
codecs.py(333):         return (self.buffer, 0)
 --- modulename: codecs, funcname: decode
codecs.py(321):         data = self.buffer + input
codecs.py(322):         (result, consumed) = self._buffer_decode(data, self.errors, final)
codecs.py(324):         self.buffer = data[consumed:]
codecs.py(325):         return result
s145234649.py(128): Blis = [None] * (N+1)
s145234649.py(129): Wlis = [None] * (N+1)
s145234649.py(131): for i in range(2*N):
s145234649.py(133):     i += 1
s145234649.py(135):     c,a = input().split()
s145234649.py(136):     a = int(a)
s145234649.py(138):     if c == "B":
s145234649.py(139):         Blis[a] = i
s145234649.py(131): for i in range(2*N):
s145234649.py(133):     i += 1
s145234649.py(135):     c,a = input().split()
s145234649.py(136):     a = int(a)
s145234649.py(138):     if c == "B":
s145234649.py(141):         Wlis[a] = i
s145234649.py(131): for i in range(2*N):
s145234649.py(133):     i += 1
s145234649.py(135):     c,a = input().split()
s145234649.py(136):     a = int(a)
s145234649.py(138):     if c == "B":
s145234649.py(139):         Blis[a] = i
s145234649.py(131): for i in range(2*N):
s145234649.py(133):     i += 1
s145234649.py(135):     c,a = input().split()
s145234649.py(136):     a = int(a)
s145234649.py(138):     if c == "B":
s145234649.py(141):         Wlis[a] = i
s145234649.py(131): for i in range(2*N):
s145234649.py(133):     i += 1
s145234649.py(135):     c,a = input().split()
s145234649.py(136):     a = int(a)
s145234649.py(138):     if c == "B":
s145234649.py(141):         Wlis[a] = i
s145234649.py(131): for i in range(2*N):
s145234649.py(133):     i += 1
s145234649.py(135):     c,a = input().split()
s145234649.py(136):     a = int(a)
s145234649.py(138):     if c == "B":
s145234649.py(139):         Blis[a] = i
s145234649.py(131): for i in range(2*N):
s145234649.py(145): B_bef_B = [0] #それ以前にあるそれより小さいBの数
s145234649.py(146): BBIT = [0] * (2 * N + 1)
s145234649.py(148): for i in range(N):
s145234649.py(149):     i += 1
s145234649.py(151):     B_bef_B.append (bitsum(Blis[i] , BBIT))
 --- modulename: s145234649, funcname: bitsum
s145234649.py(41):     ret = 0
s145234649.py(42):     x = a
s145234649.py(43):     while x > 0:
s145234649.py(44):         ret += bit[x]
s145234649.py(45):         x -= x & (-1 * x)
s145234649.py(43):     while x > 0:
s145234649.py(46):     return ret
s145234649.py(152):     bitadd (Blis[i] , 1 , BBIT)
 --- modulename: s145234649, funcname: bitadd
s145234649.py(34):     x = a
s145234649.py(35):     while x <= (len(bit)-1):
s145234649.py(36):         bit[x] += w
s145234649.py(37):         x += x & (-1 * x)
s145234649.py(35):     while x <= (len(bit)-1):
s145234649.py(36):         bit[x] += w
s145234649.py(37):         x += x & (-1 * x)
s145234649.py(35):     while x <= (len(bit)-1):
s145234649.py(36):         bit[x] += w
s145234649.py(37):         x += x & (-1 * x)
s145234649.py(35):     while x <= (len(bit)-1):
s145234649.py(148): for i in range(N):
s145234649.py(149):     i += 1
s145234649.py(151):     B_bef_B.append (bitsum(Blis[i] , BBIT))
 --- modulename: s145234649, funcname: bitsum
s145234649.py(41):     ret = 0
s145234649.py(42):     x = a
s145234649.py(43):     while x > 0:
s145234649.py(44):         ret += bit[x]
s145234649.py(45):         x -= x & (-1 * x)
s145234649.py(43):     while x > 0:
s145234649.py(44):         ret += bit[x]
s145234649.py(45):         x -= x & (-1 * x)
s145234649.py(43):     while x > 0:
s145234649.py(46):     return ret
s145234649.py(152):     bitadd (Blis[i] , 1 , BBIT)
 --- modulename: s145234649, funcname: bitadd
s145234649.py(34):     x = a
s145234649.py(35):     while x <= (len(bit)-1):
s145234649.py(36):         bit[x] += w
s145234649.py(37):         x += x & (-1 * x)
s145234649.py(35):     while x <= (len(bit)-1):
s145234649.py(148): for i in range(N):
s145234649.py(149):     i += 1
s145234649.py(151):     B_bef_B.append (bitsum(Blis[i] , BBIT))
 --- modulename: s145234649, funcname: bitsum
s145234649.py(41):     ret = 0
s145234649.py(42):     x = a
s145234649.py(43):     while x > 0:
s145234649.py(44):         ret += bit[x]
s145234649.py(45):         x -= x & (-1 * x)
s145234649.py(43):     while x > 0:
s145234649.py(44):         ret += bit[x]
s145234649.py(45):         x -= x & (-1 * x)
s145234649.py(43):     while x > 0:
s145234649.py(46):     return ret
s145234649.py(152):     bitadd (Blis[i] , 1 , BBIT)
 --- modulename: s145234649, funcname: bitadd
s145234649.py(34):     x = a
s145234649.py(35):     while x <= (len(bit)-1):
s145234649.py(36):         bit[x] += w
s145234649.py(37):         x += x & (-1 * x)
s145234649.py(35):     while x <= (len(bit)-1):
s145234649.py(36):         bit[x] += w
s145234649.py(37):         x += x & (-1 * x)
s145234649.py(35):     while x <= (len(bit)-1):
s145234649.py(148): for i in range(N):
s145234649.py(154): W_bef_W = [0]
s145234649.py(155): WBIT = [0] * (2*N+1)
s145234649.py(157): for i in range(N):
s145234649.py(158):     i += 1
s145234649.py(159):     W_bef_W.append ( bitsum(Wlis[i],WBIT) )
 --- modulename: s145234649, funcname: bitsum
s145234649.py(41):     ret = 0
s145234649.py(42):     x = a
s145234649.py(43):     while x > 0:
s145234649.py(44):         ret += bit[x]
s145234649.py(45):         x -= x & (-1 * x)
s145234649.py(43):     while x > 0:
s145234649.py(46):     return ret
s145234649.py(160):     bitadd (Wlis[i] , 1 , WBIT)
 --- modulename: s145234649, funcname: bitadd
s145234649.py(34):     x = a
s145234649.py(35):     while x <= (len(bit)-1):
s145234649.py(36):         bit[x] += w
s145234649.py(37):         x += x & (-1 * x)
s145234649.py(35):     while x <= (len(bit)-1):
s145234649.py(157): for i in range(N):
s145234649.py(158):     i += 1
s145234649.py(159):     W_bef_W.append ( bitsum(Wlis[i],WBIT) )
 --- modulename: s145234649, funcname: bitsum
s145234649.py(41):     ret = 0
s145234649.py(42):     x = a
s145234649.py(43):     while x > 0:
s145234649.py(44):         ret += bit[x]
s145234649.py(45):         x -= x & (-1 * x)
s145234649.py(43):     while x > 0:
s145234649.py(46):     return ret
s145234649.py(160):     bitadd (Wlis[i] , 1 , WBIT)
 --- modulename: s145234649, funcname: bitadd
s145234649.py(34):     x = a
s145234649.py(35):     while x <= (len(bit)-1):
s145234649.py(36):         bit[x] += w
s145234649.py(37):         x += x & (-1 * x)
s145234649.py(35):     while x <= (len(bit)-1):
s145234649.py(36):         bit[x] += w
s145234649.py(37):         x += x & (-1 * x)
s145234649.py(35):     while x <= (len(bit)-1):
s145234649.py(157): for i in range(N):
s145234649.py(158):     i += 1
s145234649.py(159):     W_bef_W.append ( bitsum(Wlis[i],WBIT) )
 --- modulename: s145234649, funcname: bitsum
s145234649.py(41):     ret = 0
s145234649.py(42):     x = a
s145234649.py(43):     while x > 0:
s145234649.py(44):         ret += bit[x]
s145234649.py(45):         x -= x & (-1 * x)
s145234649.py(43):     while x > 0:
s145234649.py(44):         ret += bit[x]
s145234649.py(45):         x -= x & (-1 * x)
s145234649.py(43):     while x > 0:
s145234649.py(46):     return ret
s145234649.py(160):     bitadd (Wlis[i] , 1 , WBIT)
 --- modulename: s145234649, funcname: bitadd
s145234649.py(34):     x = a
s145234649.py(35):     while x <= (len(bit)-1):
s145234649.py(36):         bit[x] += w
s145234649.py(37):         x += x & (-1 * x)
s145234649.py(35):     while x <= (len(bit)-1):
s145234649.py(36):         bit[x] += w
s145234649.py(37):         x += x & (-1 * x)
s145234649.py(35):     while x <= (len(bit)-1):
s145234649.py(157): for i in range(N):
s145234649.py(169): WY_bef_BX = [[0] * (N+1)] #[x][y]でその数を表示
s145234649.py(171): for x in range(N):
s145234649.py(172):     x += 1
s145234649.py(174):     lis = [0]
s145234649.py(176):     for y in range(N):
s145234649.py(177):         y += 1
s145234649.py(178):         if Wlis[y] < Blis[x]:
s145234649.py(181):             lis.append(lis[-1])
s145234649.py(176):     for y in range(N):
s145234649.py(177):         y += 1
s145234649.py(178):         if Wlis[y] < Blis[x]:
s145234649.py(181):             lis.append(lis[-1])
s145234649.py(176):     for y in range(N):
s145234649.py(177):         y += 1
s145234649.py(178):         if Wlis[y] < Blis[x]:
s145234649.py(181):             lis.append(lis[-1])
s145234649.py(176):     for y in range(N):
s145234649.py(183):     WY_bef_BX.append(lis)
s145234649.py(171): for x in range(N):
s145234649.py(172):     x += 1
s145234649.py(174):     lis = [0]
s145234649.py(176):     for y in range(N):
s145234649.py(177):         y += 1
s145234649.py(178):         if Wlis[y] < Blis[x]:
s145234649.py(179):             lis.append(lis[-1] + 1)
s145234649.py(176):     for y in range(N):
s145234649.py(177):         y += 1
s145234649.py(178):         if Wlis[y] < Blis[x]:
s145234649.py(179):             lis.append(lis[-1] + 1)
s145234649.py(176):     for y in range(N):
s145234649.py(177):         y += 1
s145234649.py(178):         if Wlis[y] < Blis[x]:
s145234649.py(179):             lis.append(lis[-1] + 1)
s145234649.py(176):     for y in range(N):
s145234649.py(183):     WY_bef_BX.append(lis)
s145234649.py(171): for x in range(N):
s145234649.py(172):     x += 1
s145234649.py(174):     lis = [0]
s145234649.py(176):     for y in range(N):
s145234649.py(177):         y += 1
s145234649.py(178):         if Wlis[y] < Blis[x]:
s145234649.py(181):             lis.append(lis[-1])
s145234649.py(176):     for y in range(N):
s145234649.py(177):         y += 1
s145234649.py(178):         if Wlis[y] < Blis[x]:
s145234649.py(179):             lis.append(lis[-1] + 1)
s145234649.py(176):     for y in range(N):
s145234649.py(177):         y += 1
s145234649.py(178):         if Wlis[y] < Blis[x]:
s145234649.py(181):             lis.append(lis[-1])
s145234649.py(176):     for y in range(N):
s145234649.py(183):     WY_bef_BX.append(lis)
s145234649.py(171): for x in range(N):
s145234649.py(186): BY_bef_WX = [[0] * (N+1)]
s145234649.py(188): for x in range(N):
s145234649.py(189):     x += 1
s145234649.py(191):     lis = [0]
s145234649.py(193):     for y in range(N):
s145234649.py(194):         y += 1
s145234649.py(195):         if Blis[y] < Wlis[x]:
s145234649.py(196):             lis.append(lis[-1] + 1)
s145234649.py(193):     for y in range(N):
s145234649.py(194):         y += 1
s145234649.py(195):         if Blis[y] < Wlis[x]:
s145234649.py(198):             lis.append(lis[-1])
s145234649.py(193):     for y in range(N):
s145234649.py(194):         y += 1
s145234649.py(195):         if Blis[y] < Wlis[x]:
s145234649.py(196):             lis.append(lis[-1] + 1)
s145234649.py(193):     for y in range(N):
s145234649.py(200):     BY_bef_WX.append(lis)
s145234649.py(188): for x in range(N):
s145234649.py(189):     x += 1
s145234649.py(191):     lis = [0]
s145234649.py(193):     for y in range(N):
s145234649.py(194):         y += 1
s145234649.py(195):         if Blis[y] < Wlis[x]:
s145234649.py(196):             lis.append(lis[-1] + 1)
s145234649.py(193):     for y in range(N):
s145234649.py(194):         y += 1
s145234649.py(195):         if Blis[y] < Wlis[x]:
s145234649.py(198):             lis.append(lis[-1])
s145234649.py(193):     for y in range(N):
s145234649.py(194):         y += 1
s145234649.py(195):         if Blis[y] < Wlis[x]:
s145234649.py(198):             lis.append(lis[-1])
s145234649.py(193):     for y in range(N):
s145234649.py(200):     BY_bef_WX.append(lis)
s145234649.py(188): for x in range(N):
s145234649.py(189):     x += 1
s145234649.py(191):     lis = [0]
s145234649.py(193):     for y in range(N):
s145234649.py(194):         y += 1
s145234649.py(195):         if Blis[y] < Wlis[x]:
s145234649.py(196):             lis.append(lis[-1] + 1)
s145234649.py(193):     for y in range(N):
s145234649.py(194):         y += 1
s145234649.py(195):         if Blis[y] < Wlis[x]:
s145234649.py(198):             lis.append(lis[-1])
s145234649.py(193):     for y in range(N):
s145234649.py(194):         y += 1
s145234649.py(195):         if Blis[y] < Wlis[x]:
s145234649.py(196):             lis.append(lis[-1] + 1)
s145234649.py(193):     for y in range(N):
s145234649.py(200):     BY_bef_WX.append(lis)
s145234649.py(188): for x in range(N):
s145234649.py(211): dp = [ [float("inf")] * (N+1) for i in range(N+1) ]
 --- modulename: s145234649, funcname: <listcomp>
s145234649.py(211): dp = [ [float("inf")] * (N+1) for i in range(N+1) ]
s145234649.py(211): dp = [ [float("inf")] * (N+1) for i in range(N+1) ]
s145234649.py(211): dp = [ [float("inf")] * (N+1) for i in range(N+1) ]
s145234649.py(211): dp = [ [float("inf")] * (N+1) for i in range(N+1) ]
s145234649.py(211): dp = [ [float("inf")] * (N+1) for i in range(N+1) ]
s145234649.py(212): dp[0][0] = 0
s145234649.py(214): for i in range(2*N): #iは今現在置いてあるボールの数
s145234649.py(216):     for b in range(i+1):
s145234649.py(218):         w = i-b
s145234649.py(220):         if b < N and w <= N:
s145234649.py(221):             dp[b+1][w] = min(dp[b+1][w] , dp[b][w] + (Blis[b+1] - 1) - (B_bef_B[b+1] + WY_bef_BX[b+1][w]))
s145234649.py(223):         if w < N and b <= N:
s145234649.py(227):             dp[b][w+1] = min(dp[b][w+1] , dp[b][w] + (Wlis[w+1] - 1) - (W_bef_W[w+1] + BY_bef_WX[w+1][b]))
s145234649.py(216):     for b in range(i+1):
s145234649.py(214): for i in range(2*N): #iは今現在置いてあるボールの数
s145234649.py(216):     for b in range(i+1):
s145234649.py(218):         w = i-b
s145234649.py(220):         if b < N and w <= N:
s145234649.py(221):             dp[b+1][w] = min(dp[b+1][w] , dp[b][w] + (Blis[b+1] - 1) - (B_bef_B[b+1] + WY_bef_BX[b+1][w]))
s145234649.py(223):         if w < N and b <= N:
s145234649.py(227):             dp[b][w+1] = min(dp[b][w+1] , dp[b][w] + (Wlis[w+1] - 1) - (W_bef_W[w+1] + BY_bef_WX[w+1][b]))
s145234649.py(216):     for b in range(i+1):
s145234649.py(218):         w = i-b
s145234649.py(220):         if b < N and w <= N:
s145234649.py(221):             dp[b+1][w] = min(dp[b+1][w] , dp[b][w] + (Blis[b+1] - 1) - (B_bef_B[b+1] + WY_bef_BX[b+1][w]))
s145234649.py(223):         if w < N and b <= N:
s145234649.py(227):             dp[b][w+1] = min(dp[b][w+1] , dp[b][w] + (Wlis[w+1] - 1) - (W_bef_W[w+1] + BY_bef_WX[w+1][b]))
s145234649.py(216):     for b in range(i+1):
s145234649.py(214): for i in range(2*N): #iは今現在置いてあるボールの数
s145234649.py(216):     for b in range(i+1):
s145234649.py(218):         w = i-b
s145234649.py(220):         if b < N and w <= N:
s145234649.py(221):             dp[b+1][w] = min(dp[b+1][w] , dp[b][w] + (Blis[b+1] - 1) - (B_bef_B[b+1] + WY_bef_BX[b+1][w]))
s145234649.py(223):         if w < N and b <= N:
s145234649.py(227):             dp[b][w+1] = min(dp[b][w+1] , dp[b][w] + (Wlis[w+1] - 1) - (W_bef_W[w+1] + BY_bef_WX[w+1][b]))
s145234649.py(216):     for b in range(i+1):
s145234649.py(218):         w = i-b
s145234649.py(220):         if b < N and w <= N:
s145234649.py(221):             dp[b+1][w] = min(dp[b+1][w] , dp[b][w] + (Blis[b+1] - 1) - (B_bef_B[b+1] + WY_bef_BX[b+1][w]))
s145234649.py(223):         if w < N and b <= N:
s145234649.py(227):             dp[b][w+1] = min(dp[b][w+1] , dp[b][w] + (Wlis[w+1] - 1) - (W_bef_W[w+1] + BY_bef_WX[w+1][b]))
s145234649.py(216):     for b in range(i+1):
s145234649.py(218):         w = i-b
s145234649.py(220):         if b < N and w <= N:
s145234649.py(221):             dp[b+1][w] = min(dp[b+1][w] , dp[b][w] + (Blis[b+1] - 1) - (B_bef_B[b+1] + WY_bef_BX[b+1][w]))
s145234649.py(223):         if w < N and b <= N:
s145234649.py(227):             dp[b][w+1] = min(dp[b][w+1] , dp[b][w] + (Wlis[w+1] - 1) - (W_bef_W[w+1] + BY_bef_WX[w+1][b]))
s145234649.py(216):     for b in range(i+1):
s145234649.py(214): for i in range(2*N): #iは今現在置いてあるボールの数
s145234649.py(216):     for b in range(i+1):
s145234649.py(218):         w = i-b
s145234649.py(220):         if b < N and w <= N:
s145234649.py(221):             dp[b+1][w] = min(dp[b+1][w] , dp[b][w] + (Blis[b+1] - 1) - (B_bef_B[b+1] + WY_bef_BX[b+1][w]))
s145234649.py(223):         if w < N and b <= N:
s145234649.py(216):     for b in range(i+1):
s145234649.py(218):         w = i-b
s145234649.py(220):         if b < N and w <= N:
s145234649.py(221):             dp[b+1][w] = min(dp[b+1][w] , dp[b][w] + (Blis[b+1] - 1) - (B_bef_B[b+1] + WY_bef_BX[b+1][w]))
s145234649.py(223):         if w < N and b <= N:
s145234649.py(227):             dp[b][w+1] = min(dp[b][w+1] , dp[b][w] + (Wlis[w+1] - 1) - (W_bef_W[w+1] + BY_bef_WX[w+1][b]))
s145234649.py(216):     for b in range(i+1):
s145234649.py(218):         w = i-b
s145234649.py(220):         if b < N and w <= N:
s145234649.py(221):             dp[b+1][w] = min(dp[b+1][w] , dp[b][w] + (Blis[b+1] - 1) - (B_bef_B[b+1] + WY_bef_BX[b+1][w]))
s145234649.py(223):         if w < N and b <= N:
s145234649.py(227):             dp[b][w+1] = min(dp[b][w+1] , dp[b][w] + (Wlis[w+1] - 1) - (W_bef_W[w+1] + BY_bef_WX[w+1][b]))
s145234649.py(216):     for b in range(i+1):
s145234649.py(218):         w = i-b
s145234649.py(220):         if b < N and w <= N:
s145234649.py(223):         if w < N and b <= N:
s145234649.py(227):             dp[b][w+1] = min(dp[b][w+1] , dp[b][w] + (Wlis[w+1] - 1) - (W_bef_W[w+1] + BY_bef_WX[w+1][b]))
s145234649.py(216):     for b in range(i+1):
s145234649.py(214): for i in range(2*N): #iは今現在置いてあるボールの数
s145234649.py(216):     for b in range(i+1):
s145234649.py(218):         w = i-b
s145234649.py(220):         if b < N and w <= N:
s145234649.py(223):         if w < N and b <= N:
s145234649.py(216):     for b in range(i+1):
s145234649.py(218):         w = i-b
s145234649.py(220):         if b < N and w <= N:
s145234649.py(221):             dp[b+1][w] = min(dp[b+1][w] , dp[b][w] + (Blis[b+1] - 1) - (B_bef_B[b+1] + WY_bef_BX[b+1][w]))
s145234649.py(223):         if w < N and b <= N:
s145234649.py(216):     for b in range(i+1):
s145234649.py(218):         w = i-b
s145234649.py(220):         if b < N and w <= N:
s145234649.py(221):             dp[b+1][w] = min(dp[b+1][w] , dp[b][w] + (Blis[b+1] - 1) - (B_bef_B[b+1] + WY_bef_BX[b+1][w]))
s145234649.py(223):         if w < N and b <= N:
s145234649.py(227):             dp[b][w+1] = min(dp[b][w+1] , dp[b][w] + (Wlis[w+1] - 1) - (W_bef_W[w+1] + BY_bef_WX[w+1][b]))
s145234649.py(216):     for b in range(i+1):
s145234649.py(218):         w = i-b
s145234649.py(220):         if b < N and w <= N:
s145234649.py(223):         if w < N and b <= N:
s145234649.py(227):             dp[b][w+1] = min(dp[b][w+1] , dp[b][w] + (Wlis[w+1] - 1) - (W_bef_W[w+1] + BY_bef_WX[w+1][b]))
s145234649.py(216):     for b in range(i+1):
s145234649.py(218):         w = i-b
s145234649.py(220):         if b < N and w <= N:
s145234649.py(223):         if w < N and b <= N:
s145234649.py(216):     for b in range(i+1):
s145234649.py(214): for i in range(2*N): #iは今現在置いてあるボールの数
s145234649.py(216):     for b in range(i+1):
s145234649.py(218):         w = i-b
s145234649.py(220):         if b < N and w <= N:
s145234649.py(223):         if w < N and b <= N:
s145234649.py(216):     for b in range(i+1):
s145234649.py(218):         w = i-b
s145234649.py(220):         if b < N and w <= N:
s145234649.py(223):         if w < N and b <= N:
s145234649.py(216):     for b in range(i+1):
s145234649.py(218):         w = i-b
s145234649.py(220):         if b < N and w <= N:
s145234649.py(221):             dp[b+1][w] = min(dp[b+1][w] , dp[b][w] + (Blis[b+1] - 1) - (B_bef_B[b+1] + WY_bef_BX[b+1][w]))
s145234649.py(223):         if w < N and b <= N:
s145234649.py(216):     for b in range(i+1):
s145234649.py(218):         w = i-b
s145234649.py(220):         if b < N and w <= N:
s145234649.py(223):         if w < N and b <= N:
s145234649.py(227):             dp[b][w+1] = min(dp[b][w+1] , dp[b][w] + (Wlis[w+1] - 1) - (W_bef_W[w+1] + BY_bef_WX[w+1][b]))
s145234649.py(216):     for b in range(i+1):
s145234649.py(218):         w = i-b
s145234649.py(220):         if b < N and w <= N:
s145234649.py(223):         if w < N and b <= N:
s145234649.py(216):     for b in range(i+1):
s145234649.py(218):         w = i-b
s145234649.py(220):         if b < N and w <= N:
s145234649.py(223):         if w < N and b <= N:
s145234649.py(216):     for b in range(i+1):
s145234649.py(214): for i in range(2*N): #iは今現在置いてあるボールの数
s145234649.py(230): print (dp[-1][-1])
4
