 --- modulename: s151660647, funcname: <module>
s151660647.py(2): import sys
s151660647.py(4): inf = float('inf')
s151660647.py(6): def solve(N: int, x: "List[int]", y: "List[int]", d: "List[str]"):
s151660647.py(41): def main():
s151660647.py(57): if __name__ == '__main__':
s151660647.py(58):     main()
 --- modulename: s151660647, funcname: main
s151660647.py(42):     def iterate_tokens():
s151660647.py(46):     tokens = iterate_tokens()
s151660647.py(47):     N = int(next(tokens))  # type: int
 --- modulename: s151660647, funcname: iterate_tokens
s151660647.py(43):         for line in sys.stdin:
 --- modulename: codecs, funcname: decode
codecs.py(321):         data = self.buffer + input
codecs.py(322):         (result, consumed) = self._buffer_decode(data, self.errors, final)
codecs.py(324):         self.buffer = data[consumed:]
codecs.py(325):         return result
s151660647.py(44):             for word in line.split():
s151660647.py(45):                 yield word
s151660647.py(48):     x = [int()] * (N)  # type: "List[int]" 
s151660647.py(49):     y = [int()] * (N)  # type: "List[int]" 
s151660647.py(50):     d = [str()] * (N)  # type: "List[str]" 
s151660647.py(51):     for i in range(N):
s151660647.py(52):         x[i] = int(next(tokens))
 --- modulename: s151660647, funcname: iterate_tokens
s151660647.py(44):             for word in line.split():
s151660647.py(43):         for line in sys.stdin:
s151660647.py(44):             for word in line.split():
s151660647.py(45):                 yield word
s151660647.py(53):         y[i] = int(next(tokens))
 --- modulename: s151660647, funcname: iterate_tokens
s151660647.py(44):             for word in line.split():
s151660647.py(45):                 yield word
s151660647.py(54):         d[i] = next(tokens)
 --- modulename: s151660647, funcname: iterate_tokens
s151660647.py(44):             for word in line.split():
s151660647.py(45):                 yield word
s151660647.py(51):     for i in range(N):
s151660647.py(52):         x[i] = int(next(tokens))
 --- modulename: s151660647, funcname: iterate_tokens
s151660647.py(44):             for word in line.split():
s151660647.py(43):         for line in sys.stdin:
s151660647.py(44):             for word in line.split():
s151660647.py(45):                 yield word
s151660647.py(53):         y[i] = int(next(tokens))
 --- modulename: s151660647, funcname: iterate_tokens
s151660647.py(44):             for word in line.split():
s151660647.py(45):                 yield word
s151660647.py(54):         d[i] = next(tokens)
 --- modulename: s151660647, funcname: iterate_tokens
s151660647.py(44):             for word in line.split():
s151660647.py(45):                 yield word
s151660647.py(51):     for i in range(N):
s151660647.py(55):     solve(N, x, y, d)
 --- modulename: s151660647, funcname: solve
s151660647.py(7):     D_xmin = [inf for dd in [-1, 0, 1]]
 --- modulename: s151660647, funcname: <listcomp>
s151660647.py(7):     D_xmin = [inf for dd in [-1, 0, 1]]
s151660647.py(7):     D_xmin = [inf for dd in [-1, 0, 1]]
s151660647.py(7):     D_xmin = [inf for dd in [-1, 0, 1]]
s151660647.py(7):     D_xmin = [inf for dd in [-1, 0, 1]]
s151660647.py(8):     D_xmax = [-inf for dd in [-1, 0, 1]]
 --- modulename: s151660647, funcname: <listcomp>
s151660647.py(8):     D_xmax = [-inf for dd in [-1, 0, 1]]
s151660647.py(8):     D_xmax = [-inf for dd in [-1, 0, 1]]
s151660647.py(8):     D_xmax = [-inf for dd in [-1, 0, 1]]
s151660647.py(8):     D_xmax = [-inf for dd in [-1, 0, 1]]
s151660647.py(9):     D_ymin = [inf for dd in [-1, 0, 1]]
 --- modulename: s151660647, funcname: <listcomp>
s151660647.py(9):     D_ymin = [inf for dd in [-1, 0, 1]]
s151660647.py(9):     D_ymin = [inf for dd in [-1, 0, 1]]
s151660647.py(9):     D_ymin = [inf for dd in [-1, 0, 1]]
s151660647.py(9):     D_ymin = [inf for dd in [-1, 0, 1]]
s151660647.py(10):     D_ymax = [-inf for dd in [-1, 0, 1]]
 --- modulename: s151660647, funcname: <listcomp>
s151660647.py(10):     D_ymax = [-inf for dd in [-1, 0, 1]]
s151660647.py(10):     D_ymax = [-inf for dd in [-1, 0, 1]]
s151660647.py(10):     D_ymax = [-inf for dd in [-1, 0, 1]]
s151660647.py(10):     D_ymax = [-inf for dd in [-1, 0, 1]]
s151660647.py(11):     trans_x = {'U': 1, 'D': 1, 'L': 0, 'R': 2}
s151660647.py(12):     trans_y = {'U': 2, 'D': 0, 'L': 1, 'R': 1}
s151660647.py(14):     for xx, yy, dd in zip(x, y, d):
s151660647.py(15):         D_xmin[trans_x[dd]] = min(D_xmin[trans_x[dd]], xx)
s151660647.py(16):         D_xmax[trans_x[dd]] = max(D_xmax[trans_x[dd]], xx)
s151660647.py(17):         D_ymin[trans_y[dd]] = min(D_ymin[trans_y[dd]], yy)
s151660647.py(18):         D_ymax[trans_y[dd]] = max(D_ymax[trans_y[dd]], yy)
s151660647.py(14):     for xx, yy, dd in zip(x, y, d):
s151660647.py(15):         D_xmin[trans_x[dd]] = min(D_xmin[trans_x[dd]], xx)
s151660647.py(16):         D_xmax[trans_x[dd]] = max(D_xmax[trans_x[dd]], xx)
s151660647.py(17):         D_ymin[trans_y[dd]] = min(D_ymin[trans_y[dd]], yy)
s151660647.py(18):         D_ymax[trans_y[dd]] = max(D_ymax[trans_y[dd]], yy)
s151660647.py(14):     for xx, yy, dd in zip(x, y, d):
s151660647.py(20):     ts = [0]
s151660647.py(21):     for D in [D_xmin, D_xmax, D_ymin, D_ymax]:
s151660647.py(22):         ts.append(D[0] - D[1])
s151660647.py(23):         ts.append(D[1] - D[2])
s151660647.py(24):         ts.append((D[0] - D[2]) / 2)
s151660647.py(21):     for D in [D_xmin, D_xmax, D_ymin, D_ymax]:
s151660647.py(22):         ts.append(D[0] - D[1])
s151660647.py(23):         ts.append(D[1] - D[2])
s151660647.py(24):         ts.append((D[0] - D[2]) / 2)
s151660647.py(21):     for D in [D_xmin, D_xmax, D_ymin, D_ymax]:
s151660647.py(22):         ts.append(D[0] - D[1])
s151660647.py(23):         ts.append(D[1] - D[2])
s151660647.py(24):         ts.append((D[0] - D[2]) / 2)
s151660647.py(21):     for D in [D_xmin, D_xmax, D_ymin, D_ymax]:
s151660647.py(22):         ts.append(D[0] - D[1])
s151660647.py(23):         ts.append(D[1] - D[2])
s151660647.py(24):         ts.append((D[0] - D[2]) / 2)
s151660647.py(21):     for D in [D_xmin, D_xmax, D_ymin, D_ymax]:
s151660647.py(26):     res = inf
s151660647.py(27):     for t in ts:
s151660647.py(28):         if t < 0:
s151660647.py(30):         xmin = min(D_xmin[0] - t, D_xmin[1], D_xmin[2] + t)
s151660647.py(31):         xmax = max(D_xmax[0] - t, D_xmax[1], D_xmax[2] + t)
s151660647.py(32):         ymin = min(D_ymin[0] - t, D_ymin[1], D_ymin[2] + t)
s151660647.py(33):         ymax = max(D_ymax[0] - t, D_ymax[1], D_ymax[2] + t)
s151660647.py(34):         res = min(res, (xmax - xmin) * (ymax - ymin))
s151660647.py(27):     for t in ts:
s151660647.py(28):         if t < 0:
s151660647.py(30):         xmin = min(D_xmin[0] - t, D_xmin[1], D_xmin[2] + t)
s151660647.py(31):         xmax = max(D_xmax[0] - t, D_xmax[1], D_xmax[2] + t)
s151660647.py(32):         ymin = min(D_ymin[0] - t, D_ymin[1], D_ymin[2] + t)
s151660647.py(33):         ymax = max(D_ymax[0] - t, D_ymax[1], D_ymax[2] + t)
s151660647.py(34):         res = min(res, (xmax - xmin) * (ymax - ymin))
s151660647.py(27):     for t in ts:
s151660647.py(28):         if t < 0:
s151660647.py(29):             continue
s151660647.py(27):     for t in ts:
s151660647.py(28):         if t < 0:
s151660647.py(29):             continue
s151660647.py(27):     for t in ts:
s151660647.py(28):         if t < 0:
s151660647.py(30):         xmin = min(D_xmin[0] - t, D_xmin[1], D_xmin[2] + t)
s151660647.py(31):         xmax = max(D_xmax[0] - t, D_xmax[1], D_xmax[2] + t)
s151660647.py(32):         ymin = min(D_ymin[0] - t, D_ymin[1], D_ymin[2] + t)
s151660647.py(33):         ymax = max(D_ymax[0] - t, D_ymax[1], D_ymax[2] + t)
s151660647.py(34):         res = min(res, (xmax - xmin) * (ymax - ymin))
s151660647.py(27):     for t in ts:
s151660647.py(28):         if t < 0:
s151660647.py(30):         xmin = min(D_xmin[0] - t, D_xmin[1], D_xmin[2] + t)
s151660647.py(31):         xmax = max(D_xmax[0] - t, D_xmax[1], D_xmax[2] + t)
s151660647.py(32):         ymin = min(D_ymin[0] - t, D_ymin[1], D_ymin[2] + t)
s151660647.py(33):         ymax = max(D_ymax[0] - t, D_ymax[1], D_ymax[2] + t)
s151660647.py(34):         res = min(res, (xmax - xmin) * (ymax - ymin))
s151660647.py(27):     for t in ts:
s151660647.py(28):         if t < 0:
s151660647.py(30):         xmin = min(D_xmin[0] - t, D_xmin[1], D_xmin[2] + t)
s151660647.py(31):         xmax = max(D_xmax[0] - t, D_xmax[1], D_xmax[2] + t)
s151660647.py(32):         ymin = min(D_ymin[0] - t, D_ymin[1], D_ymin[2] + t)
s151660647.py(33):         ymax = max(D_ymax[0] - t, D_ymax[1], D_ymax[2] + t)
s151660647.py(34):         res = min(res, (xmax - xmin) * (ymax - ymin))
s151660647.py(27):     for t in ts:
s151660647.py(28):         if t < 0:
s151660647.py(30):         xmin = min(D_xmin[0] - t, D_xmin[1], D_xmin[2] + t)
s151660647.py(31):         xmax = max(D_xmax[0] - t, D_xmax[1], D_xmax[2] + t)
s151660647.py(32):         ymin = min(D_ymin[0] - t, D_ymin[1], D_ymin[2] + t)
s151660647.py(33):         ymax = max(D_ymax[0] - t, D_ymax[1], D_ymax[2] + t)
s151660647.py(34):         res = min(res, (xmax - xmin) * (ymax - ymin))
s151660647.py(27):     for t in ts:
s151660647.py(28):         if t < 0:
s151660647.py(29):             continue
s151660647.py(27):     for t in ts:
s151660647.py(28):         if t < 0:
s151660647.py(29):             continue
s151660647.py(27):     for t in ts:
s151660647.py(28):         if t < 0:
s151660647.py(30):         xmin = min(D_xmin[0] - t, D_xmin[1], D_xmin[2] + t)
s151660647.py(31):         xmax = max(D_xmax[0] - t, D_xmax[1], D_xmax[2] + t)
s151660647.py(32):         ymin = min(D_ymin[0] - t, D_ymin[1], D_ymin[2] + t)
s151660647.py(33):         ymax = max(D_ymax[0] - t, D_ymax[1], D_ymax[2] + t)
s151660647.py(34):         res = min(res, (xmax - xmin) * (ymax - ymin))
s151660647.py(27):     for t in ts:
s151660647.py(28):         if t < 0:
s151660647.py(30):         xmin = min(D_xmin[0] - t, D_xmin[1], D_xmin[2] + t)
s151660647.py(31):         xmax = max(D_xmax[0] - t, D_xmax[1], D_xmax[2] + t)
s151660647.py(32):         ymin = min(D_ymin[0] - t, D_ymin[1], D_ymin[2] + t)
s151660647.py(33):         ymax = max(D_ymax[0] - t, D_ymax[1], D_ymax[2] + t)
s151660647.py(34):         res = min(res, (xmax - xmin) * (ymax - ymin))
s151660647.py(27):     for t in ts:
s151660647.py(28):         if t < 0:
s151660647.py(30):         xmin = min(D_xmin[0] - t, D_xmin[1], D_xmin[2] + t)
s151660647.py(31):         xmax = max(D_xmax[0] - t, D_xmax[1], D_xmax[2] + t)
s151660647.py(32):         ymin = min(D_ymin[0] - t, D_ymin[1], D_ymin[2] + t)
s151660647.py(33):         ymax = max(D_ymax[0] - t, D_ymax[1], D_ymax[2] + t)
s151660647.py(34):         res = min(res, (xmax - xmin) * (ymax - ymin))
s151660647.py(27):     for t in ts:
s151660647.py(36):     print(res)
0
s151660647.py(37):     return
 --- modulename: s151660647, funcname: iterate_tokens
