 --- modulename: s152624769, funcname: <module>
s152624769.py(1): import collections
s152624769.py(2): import itertools
s152624769.py(3): import sys
s152624769.py(5): readline = sys.stdin.buffer.readline
s152624769.py(8): class UnionFind:
 --- modulename: s152624769, funcname: UnionFind
s152624769.py(8): class UnionFind:
s152624769.py(9):     def __init__(self, n):
s152624769.py(13):     def find(self, x):
s152624769.py(20):     def unite(self, x, y):
s152624769.py(32):     def same(self, x, y):
s152624769.py(36): def main():
s152624769.py(71): main()
 --- modulename: s152624769, funcname: main
s152624769.py(37):     N, M, K = map(int, readline().split())
s152624769.py(38):     AB = [list(map(int, readline().split())) for _ in range(M)]
 --- modulename: s152624769, funcname: <listcomp>
s152624769.py(38):     AB = [list(map(int, readline().split())) for _ in range(M)]
s152624769.py(38):     AB = [list(map(int, readline().split())) for _ in range(M)]
s152624769.py(38):     AB = [list(map(int, readline().split())) for _ in range(M)]
s152624769.py(38):     AB = [list(map(int, readline().split())) for _ in range(M)]
s152624769.py(38):     AB = [list(map(int, readline().split())) for _ in range(M)]
s152624769.py(39):     CD = [list(map(int, readline().split())) for _ in range(K)]
 --- modulename: s152624769, funcname: <listcomp>
s152624769.py(39):     CD = [list(map(int, readline().split())) for _ in range(K)]
s152624769.py(39):     CD = [list(map(int, readline().split())) for _ in range(K)]
s152624769.py(41):     E = UnionFind(N)
 --- modulename: s152624769, funcname: __init__
s152624769.py(10):         self.par = [i for i in range(n)]
 --- modulename: s152624769, funcname: <listcomp>
s152624769.py(10):         self.par = [i for i in range(n)]
s152624769.py(10):         self.par = [i for i in range(n)]
s152624769.py(10):         self.par = [i for i in range(n)]
s152624769.py(10):         self.par = [i for i in range(n)]
s152624769.py(10):         self.par = [i for i in range(n)]
s152624769.py(11):         self.rank = [0 for _ in range(n)]
 --- modulename: s152624769, funcname: <listcomp>
s152624769.py(11):         self.rank = [0 for _ in range(n)]
s152624769.py(11):         self.rank = [0 for _ in range(n)]
s152624769.py(11):         self.rank = [0 for _ in range(n)]
s152624769.py(11):         self.rank = [0 for _ in range(n)]
s152624769.py(11):         self.rank = [0 for _ in range(n)]
s152624769.py(43):     ans = [0 for _ in range(N)]
 --- modulename: s152624769, funcname: <listcomp>
s152624769.py(43):     ans = [0 for _ in range(N)]
s152624769.py(43):     ans = [0 for _ in range(N)]
s152624769.py(43):     ans = [0 for _ in range(N)]
s152624769.py(43):     ans = [0 for _ in range(N)]
s152624769.py(43):     ans = [0 for _ in range(N)]
s152624769.py(44):     for a, b in AB:
s152624769.py(45):         a -= 1
s152624769.py(46):         b -= 1
s152624769.py(47):         E.unite(a, b)
 --- modulename: s152624769, funcname: unite
s152624769.py(21):         x = self.find(x)
 --- modulename: s152624769, funcname: find
s152624769.py(14):         if self.par[x] == x:
s152624769.py(15):             return x
s152624769.py(22):         y = self.find(y)
 --- modulename: s152624769, funcname: find
s152624769.py(14):         if self.par[x] == x:
s152624769.py(15):             return x
s152624769.py(23):         if x == y:
s152624769.py(25):         if self.rank[x] < self.rank[y]:
s152624769.py(28):             self.par[y] = x
s152624769.py(29):             if self.rank[x] == self.rank[y]:
s152624769.py(30):                 self.rank[x] += 1
s152624769.py(48):         ans[a] -= 1
s152624769.py(49):         ans[b] -= 1
s152624769.py(44):     for a, b in AB:
s152624769.py(45):         a -= 1
s152624769.py(46):         b -= 1
s152624769.py(47):         E.unite(a, b)
 --- modulename: s152624769, funcname: unite
s152624769.py(21):         x = self.find(x)
 --- modulename: s152624769, funcname: find
s152624769.py(14):         if self.par[x] == x:
s152624769.py(17):             self.par[x] = self.find(self.par[x])
 --- modulename: s152624769, funcname: find
s152624769.py(14):         if self.par[x] == x:
s152624769.py(15):             return x
s152624769.py(18):             return self.par[x]
s152624769.py(22):         y = self.find(y)
 --- modulename: s152624769, funcname: find
s152624769.py(14):         if self.par[x] == x:
s152624769.py(15):             return x
s152624769.py(23):         if x == y:
s152624769.py(25):         if self.rank[x] < self.rank[y]:
s152624769.py(28):             self.par[y] = x
s152624769.py(29):             if self.rank[x] == self.rank[y]:
s152624769.py(48):         ans[a] -= 1
s152624769.py(49):         ans[b] -= 1
s152624769.py(44):     for a, b in AB:
s152624769.py(45):         a -= 1
s152624769.py(46):         b -= 1
s152624769.py(47):         E.unite(a, b)
 --- modulename: s152624769, funcname: unite
s152624769.py(21):         x = self.find(x)
 --- modulename: s152624769, funcname: find
s152624769.py(14):         if self.par[x] == x:
s152624769.py(17):             self.par[x] = self.find(self.par[x])
 --- modulename: s152624769, funcname: find
s152624769.py(14):         if self.par[x] == x:
s152624769.py(15):             return x
s152624769.py(18):             return self.par[x]
s152624769.py(22):         y = self.find(y)
 --- modulename: s152624769, funcname: find
s152624769.py(14):         if self.par[x] == x:
s152624769.py(15):             return x
s152624769.py(23):         if x == y:
s152624769.py(24):             return
s152624769.py(48):         ans[a] -= 1
s152624769.py(49):         ans[b] -= 1
s152624769.py(44):     for a, b in AB:
s152624769.py(45):         a -= 1
s152624769.py(46):         b -= 1
s152624769.py(47):         E.unite(a, b)
 --- modulename: s152624769, funcname: unite
s152624769.py(21):         x = self.find(x)
 --- modulename: s152624769, funcname: find
s152624769.py(14):         if self.par[x] == x:
s152624769.py(17):             self.par[x] = self.find(self.par[x])
 --- modulename: s152624769, funcname: find
s152624769.py(14):         if self.par[x] == x:
s152624769.py(15):             return x
s152624769.py(18):             return self.par[x]
s152624769.py(22):         y = self.find(y)
 --- modulename: s152624769, funcname: find
s152624769.py(14):         if self.par[x] == x:
s152624769.py(15):             return x
s152624769.py(23):         if x == y:
s152624769.py(25):         if self.rank[x] < self.rank[y]:
s152624769.py(28):             self.par[y] = x
s152624769.py(29):             if self.rank[x] == self.rank[y]:
s152624769.py(48):         ans[a] -= 1
s152624769.py(49):         ans[b] -= 1
s152624769.py(44):     for a, b in AB:
s152624769.py(51):     for i in range(N):
s152624769.py(52):         E.find(i)
 --- modulename: s152624769, funcname: find
s152624769.py(14):         if self.par[x] == x:
s152624769.py(17):             self.par[x] = self.find(self.par[x])
 --- modulename: s152624769, funcname: find
s152624769.py(14):         if self.par[x] == x:
s152624769.py(15):             return x
s152624769.py(18):             return self.par[x]
s152624769.py(51):     for i in range(N):
s152624769.py(52):         E.find(i)
 --- modulename: s152624769, funcname: find
s152624769.py(14):         if self.par[x] == x:
s152624769.py(15):             return x
s152624769.py(51):     for i in range(N):
s152624769.py(52):         E.find(i)
 --- modulename: s152624769, funcname: find
s152624769.py(14):         if self.par[x] == x:
s152624769.py(17):             self.par[x] = self.find(self.par[x])
 --- modulename: s152624769, funcname: find
s152624769.py(14):         if self.par[x] == x:
s152624769.py(15):             return x
s152624769.py(18):             return self.par[x]
s152624769.py(51):     for i in range(N):
s152624769.py(52):         E.find(i)
 --- modulename: s152624769, funcname: find
s152624769.py(14):         if self.par[x] == x:
s152624769.py(17):             self.par[x] = self.find(self.par[x])
 --- modulename: s152624769, funcname: find
s152624769.py(14):         if self.par[x] == x:
s152624769.py(15):             return x
s152624769.py(18):             return self.par[x]
s152624769.py(51):     for i in range(N):
s152624769.py(54):     ll = collections.defaultdict(int)
s152624769.py(55):     for i in E.par:
s152624769.py(56):         ll[i] += 1
s152624769.py(55):     for i in E.par:
s152624769.py(56):         ll[i] += 1
s152624769.py(55):     for i in E.par:
s152624769.py(56):         ll[i] += 1
s152624769.py(55):     for i in E.par:
s152624769.py(56):         ll[i] += 1
s152624769.py(55):     for i in E.par:
s152624769.py(58):     for i in range(N):
s152624769.py(59):         ans[i] += ll[E.par[i]] - 1
s152624769.py(58):     for i in range(N):
s152624769.py(59):         ans[i] += ll[E.par[i]] - 1
s152624769.py(58):     for i in range(N):
s152624769.py(59):         ans[i] += ll[E.par[i]] - 1
s152624769.py(58):     for i in range(N):
s152624769.py(59):         ans[i] += ll[E.par[i]] - 1
s152624769.py(58):     for i in range(N):
s152624769.py(61):     for i, j in CD:
s152624769.py(62):         i -= 1
s152624769.py(63):         j -= 1
s152624769.py(64):         if E.same(i, j):
 --- modulename: s152624769, funcname: same
s152624769.py(33):         return self.find(x) == self.find(y)
 --- modulename: s152624769, funcname: find
s152624769.py(14):         if self.par[x] == x:
s152624769.py(17):             self.par[x] = self.find(self.par[x])
 --- modulename: s152624769, funcname: find
s152624769.py(14):         if self.par[x] == x:
s152624769.py(15):             return x
s152624769.py(18):             return self.par[x]
 --- modulename: s152624769, funcname: find
s152624769.py(14):         if self.par[x] == x:
s152624769.py(17):             self.par[x] = self.find(self.par[x])
 --- modulename: s152624769, funcname: find
s152624769.py(14):         if self.par[x] == x:
s152624769.py(15):             return x
s152624769.py(18):             return self.par[x]
s152624769.py(65):             ans[i] -= 1
s152624769.py(66):             ans[j] -= 1
s152624769.py(61):     for i, j in CD:
s152624769.py(68):     print(*ans)
0 1 0 1
