 --- modulename: s156592765, funcname: <module>
s156592765.py(2): import sys
s156592765.py(5): def solve(S: str, T: str):
s156592765.py(11): def main():
s156592765.py(21): if __name__ == '__main__':
s156592765.py(22):     main()
 --- modulename: s156592765, funcname: main
s156592765.py(12):     def iterate_tokens():
s156592765.py(16):     tokens = iterate_tokens()
s156592765.py(17):     S = next(tokens)  # type: str
 --- modulename: s156592765, funcname: iterate_tokens
s156592765.py(13):         for line in sys.stdin:
 --- modulename: codecs, funcname: decode
codecs.py(321):         data = self.buffer + input
codecs.py(322):         (result, consumed) = self._buffer_decode(data, self.errors, final)
codecs.py(324):         self.buffer = data[consumed:]
codecs.py(325):         return result
s156592765.py(14):             for word in line.split():
s156592765.py(15):                 yield word
s156592765.py(18):     T = next(tokens)  # type: str
 --- modulename: s156592765, funcname: iterate_tokens
s156592765.py(14):             for word in line.split():
s156592765.py(15):                 yield word
s156592765.py(19):     solve(S, T)
 --- modulename: s156592765, funcname: solve
s156592765.py(6):     ans = T + S
s156592765.py(7):     print(ans)
atcoder
 --- modulename: s156592765, funcname: iterate_tokens
