 --- modulename: s156627413, funcname: <module>
s156627413.py(1): from itertools import chain, permutations, dropwhile
s156627413.py(2): from heapq import merge
s156627413.py(3): from functools import wraps
s156627413.py(5): def listify(fn):
s156627413.py(11): def comp_wild(a,b):
s156627413.py(14): @listify
s156627413.py(15): def includers(a,b):
 --- modulename: s156627413, funcname: listify
s156627413.py(6):   @wraps(fn)
 --- modulename: functools, funcname: wraps
functools.py(76):     return partial(update_wrapper, wrapped=wrapped,
functools.py(77):                    assigned=assigned, updated=updated)
functools.py(76):     return partial(update_wrapper, wrapped=wrapped,
s156627413.py(7):   def wraper(*args, **kwargs):
 --- modulename: functools, funcname: update_wrapper
functools.py(50):     for attr in assigned:
functools.py(51):         try:
functools.py(52):             value = getattr(wrapped, attr)
functools.py(56):             setattr(wrapper, attr, value)
functools.py(50):     for attr in assigned:
functools.py(51):         try:
functools.py(52):             value = getattr(wrapped, attr)
functools.py(56):             setattr(wrapper, attr, value)
functools.py(50):     for attr in assigned:
functools.py(51):         try:
functools.py(52):             value = getattr(wrapped, attr)
functools.py(56):             setattr(wrapper, attr, value)
functools.py(50):     for attr in assigned:
functools.py(51):         try:
functools.py(52):             value = getattr(wrapped, attr)
functools.py(56):             setattr(wrapper, attr, value)
functools.py(50):     for attr in assigned:
functools.py(51):         try:
functools.py(52):             value = getattr(wrapped, attr)
functools.py(56):             setattr(wrapper, attr, value)
functools.py(50):     for attr in assigned:
functools.py(57):     for attr in updated:
functools.py(58):         getattr(wrapper, attr).update(getattr(wrapped, attr, {}))
functools.py(57):     for attr in updated:
functools.py(61):     wrapper.__wrapped__ = wrapped
functools.py(63):     return wrapper
s156627413.py(9):   return wraper
s156627413.py(20): @listify
s156627413.py(21): def connectors(a,b):
 --- modulename: s156627413, funcname: listify
s156627413.py(6):   @wraps(fn)
 --- modulename: functools, funcname: wraps
functools.py(76):     return partial(update_wrapper, wrapped=wrapped,
functools.py(77):                    assigned=assigned, updated=updated)
functools.py(76):     return partial(update_wrapper, wrapped=wrapped,
s156627413.py(7):   def wraper(*args, **kwargs):
 --- modulename: functools, funcname: update_wrapper
functools.py(50):     for attr in assigned:
functools.py(51):         try:
functools.py(52):             value = getattr(wrapped, attr)
functools.py(56):             setattr(wrapper, attr, value)
functools.py(50):     for attr in assigned:
functools.py(51):         try:
functools.py(52):             value = getattr(wrapped, attr)
functools.py(56):             setattr(wrapper, attr, value)
functools.py(50):     for attr in assigned:
functools.py(51):         try:
functools.py(52):             value = getattr(wrapped, attr)
functools.py(56):             setattr(wrapper, attr, value)
functools.py(50):     for attr in assigned:
functools.py(51):         try:
functools.py(52):             value = getattr(wrapped, attr)
functools.py(56):             setattr(wrapper, attr, value)
functools.py(50):     for attr in assigned:
functools.py(51):         try:
functools.py(52):             value = getattr(wrapped, attr)
functools.py(56):             setattr(wrapper, attr, value)
functools.py(50):     for attr in assigned:
functools.py(57):     for attr in updated:
functools.py(58):         getattr(wrapper, attr).update(getattr(wrapped, attr, {}))
functools.py(57):     for attr in updated:
functools.py(61):     wrapper.__wrapped__ = wrapped
functools.py(63):     return wrapper
s156627413.py(9):   return wraper
s156627413.py(26): class c_int(int):
 --- modulename: s156627413, funcname: c_int
s156627413.py(26): class c_int(int):
s156627413.py(27):   def __new__(cls, *args, **kwargs):
s156627413.py(33): def iter_from(it, fm):
s156627413.py(36): def solve(a, b, c):
s156627413.py(76): print(solve(*(input() for _ in range(3))))
 --- modulename: s156627413, funcname: <genexpr>
s156627413.py(76): print(solve(*(input() for _ in range(3))))
 --- modulename: codecs, funcname: getstate
codecs.py(333):         return (self.buffer, 0)
 --- modulename: codecs, funcname: decode
codecs.py(321):         data = self.buffer + input
codecs.py(322):         (result, consumed) = self._buffer_decode(data, self.errors, final)
codecs.py(324):         self.buffer = data[consumed:]
codecs.py(325):         return result
 --- modulename: s156627413, funcname: <genexpr>
s156627413.py(76): print(solve(*(input() for _ in range(3))))
 --- modulename: s156627413, funcname: <genexpr>
s156627413.py(76): print(solve(*(input() for _ in range(3))))
 --- modulename: s156627413, funcname: <genexpr>
s156627413.py(76): print(solve(*(input() for _ in range(3))))
 --- modulename: s156627413, funcname: solve
s156627413.py(37):   keys = sorted((a,b,c), key=len, reverse=True)
s156627413.py(38):   len_keys = list(map(len, keys))
s156627413.py(39):   inc = { (i,j):includers(keys[i],keys[j]) for i,j in permutations(range(3), 2) }
 --- modulename: s156627413, funcname: <dictcomp>
s156627413.py(39):   inc = { (i,j):includers(keys[i],keys[j]) for i,j in permutations(range(3), 2) }
 --- modulename: s156627413, funcname: wraper
s156627413.py(8):     return list(fn(*args, **kwargs))
 --- modulename: s156627413, funcname: includers
s156627413.py(16):   for i in range(len(a)-len(b)+1):
s156627413.py(17):    if comp_wild(a[i:], b):
 --- modulename: s156627413, funcname: comp_wild
s156627413.py(12):   return all(x==y or "?" in (x,y) for x,y in zip(a, b))
 --- modulename: s156627413, funcname: <genexpr>
s156627413.py(12):   return all(x==y or "?" in (x,y) for x,y in zip(a, b))
 --- modulename: s156627413, funcname: <genexpr>
s156627413.py(16):   for i in range(len(a)-len(b)+1):
s156627413.py(39):   inc = { (i,j):includers(keys[i],keys[j]) for i,j in permutations(range(3), 2) }
 --- modulename: s156627413, funcname: wraper
s156627413.py(8):     return list(fn(*args, **kwargs))
 --- modulename: s156627413, funcname: includers
s156627413.py(16):   for i in range(len(a)-len(b)+1):
s156627413.py(17):    if comp_wild(a[i:], b):
 --- modulename: s156627413, funcname: comp_wild
s156627413.py(12):   return all(x==y or "?" in (x,y) for x,y in zip(a, b))
 --- modulename: s156627413, funcname: <genexpr>
s156627413.py(12):   return all(x==y or "?" in (x,y) for x,y in zip(a, b))
 --- modulename: s156627413, funcname: <genexpr>
s156627413.py(16):   for i in range(len(a)-len(b)+1):
s156627413.py(39):   inc = { (i,j):includers(keys[i],keys[j]) for i,j in permutations(range(3), 2) }
 --- modulename: s156627413, funcname: wraper
s156627413.py(8):     return list(fn(*args, **kwargs))
 --- modulename: s156627413, funcname: includers
s156627413.py(16):   for i in range(len(a)-len(b)+1):
s156627413.py(17):    if comp_wild(a[i:], b):
 --- modulename: s156627413, funcname: comp_wild
s156627413.py(12):   return all(x==y or "?" in (x,y) for x,y in zip(a, b))
 --- modulename: s156627413, funcname: <genexpr>
s156627413.py(12):   return all(x==y or "?" in (x,y) for x,y in zip(a, b))
 --- modulename: s156627413, funcname: <genexpr>
s156627413.py(16):   for i in range(len(a)-len(b)+1):
s156627413.py(39):   inc = { (i,j):includers(keys[i],keys[j]) for i,j in permutations(range(3), 2) }
 --- modulename: s156627413, funcname: wraper
s156627413.py(8):     return list(fn(*args, **kwargs))
 --- modulename: s156627413, funcname: includers
s156627413.py(16):   for i in range(len(a)-len(b)+1):
s156627413.py(17):    if comp_wild(a[i:], b):
 --- modulename: s156627413, funcname: comp_wild
s156627413.py(12):   return all(x==y or "?" in (x,y) for x,y in zip(a, b))
 --- modulename: s156627413, funcname: <genexpr>
s156627413.py(12):   return all(x==y or "?" in (x,y) for x,y in zip(a, b))
 --- modulename: s156627413, funcname: <genexpr>
s156627413.py(16):   for i in range(len(a)-len(b)+1):
s156627413.py(39):   inc = { (i,j):includers(keys[i],keys[j]) for i,j in permutations(range(3), 2) }
 --- modulename: s156627413, funcname: wraper
s156627413.py(8):     return list(fn(*args, **kwargs))
 --- modulename: s156627413, funcname: includers
s156627413.py(16):   for i in range(len(a)-len(b)+1):
s156627413.py(17):    if comp_wild(a[i:], b):
 --- modulename: s156627413, funcname: comp_wild
s156627413.py(12):   return all(x==y or "?" in (x,y) for x,y in zip(a, b))
 --- modulename: s156627413, funcname: <genexpr>
s156627413.py(12):   return all(x==y or "?" in (x,y) for x,y in zip(a, b))
 --- modulename: s156627413, funcname: <genexpr>
s156627413.py(16):   for i in range(len(a)-len(b)+1):
s156627413.py(39):   inc = { (i,j):includers(keys[i],keys[j]) for i,j in permutations(range(3), 2) }
 --- modulename: s156627413, funcname: wraper
s156627413.py(8):     return list(fn(*args, **kwargs))
 --- modulename: s156627413, funcname: includers
s156627413.py(16):   for i in range(len(a)-len(b)+1):
s156627413.py(17):    if comp_wild(a[i:], b):
 --- modulename: s156627413, funcname: comp_wild
s156627413.py(12):   return all(x==y or "?" in (x,y) for x,y in zip(a, b))
 --- modulename: s156627413, funcname: <genexpr>
s156627413.py(12):   return all(x==y or "?" in (x,y) for x,y in zip(a, b))
 --- modulename: s156627413, funcname: <genexpr>
s156627413.py(16):   for i in range(len(a)-len(b)+1):
s156627413.py(39):   inc = { (i,j):includers(keys[i],keys[j]) for i,j in permutations(range(3), 2) }
s156627413.py(40):   con = { (i,j):connectors(keys[i],keys[j]) for i,j in permutations(range(3), 2) }
 --- modulename: s156627413, funcname: <dictcomp>
s156627413.py(40):   con = { (i,j):connectors(keys[i],keys[j]) for i,j in permutations(range(3), 2) }
 --- modulename: s156627413, funcname: wraper
s156627413.py(8):     return list(fn(*args, **kwargs))
 --- modulename: s156627413, funcname: connectors
s156627413.py(22):   for i in range(max(len(a)-len(b)+1, 1), len(a)+1):
s156627413.py(23):     if comp_wild(a[i:], b):
 --- modulename: s156627413, funcname: comp_wild
s156627413.py(12):   return all(x==y or "?" in (x,y) for x,y in zip(a, b))
 --- modulename: s156627413, funcname: <genexpr>
s156627413.py(12):   return all(x==y or "?" in (x,y) for x,y in zip(a, b))
 --- modulename: s156627413, funcname: <genexpr>
s156627413.py(12):   return all(x==y or "?" in (x,y) for x,y in zip(a, b))
 --- modulename: s156627413, funcname: <genexpr>
s156627413.py(22):   for i in range(max(len(a)-len(b)+1, 1), len(a)+1):
s156627413.py(23):     if comp_wild(a[i:], b):
 --- modulename: s156627413, funcname: comp_wild
s156627413.py(12):   return all(x==y or "?" in (x,y) for x,y in zip(a, b))
 --- modulename: s156627413, funcname: <genexpr>
s156627413.py(12):   return all(x==y or "?" in (x,y) for x,y in zip(a, b))
 --- modulename: s156627413, funcname: <genexpr>
s156627413.py(22):   for i in range(max(len(a)-len(b)+1, 1), len(a)+1):
s156627413.py(23):     if comp_wild(a[i:], b):
 --- modulename: s156627413, funcname: comp_wild
s156627413.py(12):   return all(x==y or "?" in (x,y) for x,y in zip(a, b))
 --- modulename: s156627413, funcname: <genexpr>
s156627413.py(12):   return all(x==y or "?" in (x,y) for x,y in zip(a, b))
s156627413.py(24):       yield i
 --- modulename: s156627413, funcname: connectors
s156627413.py(22):   for i in range(max(len(a)-len(b)+1, 1), len(a)+1):
s156627413.py(40):   con = { (i,j):connectors(keys[i],keys[j]) for i,j in permutations(range(3), 2) }
 --- modulename: s156627413, funcname: wraper
s156627413.py(8):     return list(fn(*args, **kwargs))
 --- modulename: s156627413, funcname: connectors
s156627413.py(22):   for i in range(max(len(a)-len(b)+1, 1), len(a)+1):
s156627413.py(23):     if comp_wild(a[i:], b):
 --- modulename: s156627413, funcname: comp_wild
s156627413.py(12):   return all(x==y or "?" in (x,y) for x,y in zip(a, b))
 --- modulename: s156627413, funcname: <genexpr>
s156627413.py(12):   return all(x==y or "?" in (x,y) for x,y in zip(a, b))
 --- modulename: s156627413, funcname: <genexpr>
s156627413.py(12):   return all(x==y or "?" in (x,y) for x,y in zip(a, b))
 --- modulename: s156627413, funcname: <genexpr>
s156627413.py(22):   for i in range(max(len(a)-len(b)+1, 1), len(a)+1):
s156627413.py(23):     if comp_wild(a[i:], b):
 --- modulename: s156627413, funcname: comp_wild
s156627413.py(12):   return all(x==y or "?" in (x,y) for x,y in zip(a, b))
 --- modulename: s156627413, funcname: <genexpr>
s156627413.py(12):   return all(x==y or "?" in (x,y) for x,y in zip(a, b))
 --- modulename: s156627413, funcname: <genexpr>
s156627413.py(12):   return all(x==y or "?" in (x,y) for x,y in zip(a, b))
s156627413.py(24):       yield i
 --- modulename: s156627413, funcname: connectors
s156627413.py(22):   for i in range(max(len(a)-len(b)+1, 1), len(a)+1):
s156627413.py(23):     if comp_wild(a[i:], b):
 --- modulename: s156627413, funcname: comp_wild
s156627413.py(12):   return all(x==y or "?" in (x,y) for x,y in zip(a, b))
 --- modulename: s156627413, funcname: <genexpr>
s156627413.py(12):   return all(x==y or "?" in (x,y) for x,y in zip(a, b))
s156627413.py(24):       yield i
 --- modulename: s156627413, funcname: connectors
s156627413.py(22):   for i in range(max(len(a)-len(b)+1, 1), len(a)+1):
s156627413.py(40):   con = { (i,j):connectors(keys[i],keys[j]) for i,j in permutations(range(3), 2) }
 --- modulename: s156627413, funcname: wraper
s156627413.py(8):     return list(fn(*args, **kwargs))
 --- modulename: s156627413, funcname: connectors
s156627413.py(22):   for i in range(max(len(a)-len(b)+1, 1), len(a)+1):
s156627413.py(23):     if comp_wild(a[i:], b):
 --- modulename: s156627413, funcname: comp_wild
s156627413.py(12):   return all(x==y or "?" in (x,y) for x,y in zip(a, b))
 --- modulename: s156627413, funcname: <genexpr>
s156627413.py(12):   return all(x==y or "?" in (x,y) for x,y in zip(a, b))
 --- modulename: s156627413, funcname: <genexpr>
s156627413.py(22):   for i in range(max(len(a)-len(b)+1, 1), len(a)+1):
s156627413.py(23):     if comp_wild(a[i:], b):
 --- modulename: s156627413, funcname: comp_wild
s156627413.py(12):   return all(x==y or "?" in (x,y) for x,y in zip(a, b))
 --- modulename: s156627413, funcname: <genexpr>
s156627413.py(12):   return all(x==y or "?" in (x,y) for x,y in zip(a, b))
 --- modulename: s156627413, funcname: <genexpr>
s156627413.py(22):   for i in range(max(len(a)-len(b)+1, 1), len(a)+1):
s156627413.py(23):     if comp_wild(a[i:], b):
 --- modulename: s156627413, funcname: comp_wild
s156627413.py(12):   return all(x==y or "?" in (x,y) for x,y in zip(a, b))
 --- modulename: s156627413, funcname: <genexpr>
s156627413.py(12):   return all(x==y or "?" in (x,y) for x,y in zip(a, b))
s156627413.py(24):       yield i
 --- modulename: s156627413, funcname: connectors
s156627413.py(22):   for i in range(max(len(a)-len(b)+1, 1), len(a)+1):
s156627413.py(40):   con = { (i,j):connectors(keys[i],keys[j]) for i,j in permutations(range(3), 2) }
 --- modulename: s156627413, funcname: wraper
s156627413.py(8):     return list(fn(*args, **kwargs))
 --- modulename: s156627413, funcname: connectors
s156627413.py(22):   for i in range(max(len(a)-len(b)+1, 1), len(a)+1):
s156627413.py(23):     if comp_wild(a[i:], b):
 --- modulename: s156627413, funcname: comp_wild
s156627413.py(12):   return all(x==y or "?" in (x,y) for x,y in zip(a, b))
 --- modulename: s156627413, funcname: <genexpr>
s156627413.py(12):   return all(x==y or "?" in (x,y) for x,y in zip(a, b))
 --- modulename: s156627413, funcname: <genexpr>
s156627413.py(22):   for i in range(max(len(a)-len(b)+1, 1), len(a)+1):
s156627413.py(23):     if comp_wild(a[i:], b):
 --- modulename: s156627413, funcname: comp_wild
s156627413.py(12):   return all(x==y or "?" in (x,y) for x,y in zip(a, b))
 --- modulename: s156627413, funcname: <genexpr>
s156627413.py(12):   return all(x==y or "?" in (x,y) for x,y in zip(a, b))
 --- modulename: s156627413, funcname: <genexpr>
s156627413.py(22):   for i in range(max(len(a)-len(b)+1, 1), len(a)+1):
s156627413.py(23):     if comp_wild(a[i:], b):
 --- modulename: s156627413, funcname: comp_wild
s156627413.py(12):   return all(x==y or "?" in (x,y) for x,y in zip(a, b))
 --- modulename: s156627413, funcname: <genexpr>
s156627413.py(12):   return all(x==y or "?" in (x,y) for x,y in zip(a, b))
s156627413.py(24):       yield i
 --- modulename: s156627413, funcname: connectors
s156627413.py(22):   for i in range(max(len(a)-len(b)+1, 1), len(a)+1):
s156627413.py(40):   con = { (i,j):connectors(keys[i],keys[j]) for i,j in permutations(range(3), 2) }
 --- modulename: s156627413, funcname: wraper
s156627413.py(8):     return list(fn(*args, **kwargs))
 --- modulename: s156627413, funcname: connectors
s156627413.py(22):   for i in range(max(len(a)-len(b)+1, 1), len(a)+1):
s156627413.py(23):     if comp_wild(a[i:], b):
 --- modulename: s156627413, funcname: comp_wild
s156627413.py(12):   return all(x==y or "?" in (x,y) for x,y in zip(a, b))
 --- modulename: s156627413, funcname: <genexpr>
s156627413.py(12):   return all(x==y or "?" in (x,y) for x,y in zip(a, b))
 --- modulename: s156627413, funcname: <genexpr>
s156627413.py(22):   for i in range(max(len(a)-len(b)+1, 1), len(a)+1):
s156627413.py(23):     if comp_wild(a[i:], b):
 --- modulename: s156627413, funcname: comp_wild
s156627413.py(12):   return all(x==y or "?" in (x,y) for x,y in zip(a, b))
 --- modulename: s156627413, funcname: <genexpr>
s156627413.py(12):   return all(x==y or "?" in (x,y) for x,y in zip(a, b))
 --- modulename: s156627413, funcname: <genexpr>
s156627413.py(22):   for i in range(max(len(a)-len(b)+1, 1), len(a)+1):
s156627413.py(23):     if comp_wild(a[i:], b):
 --- modulename: s156627413, funcname: comp_wild
s156627413.py(12):   return all(x==y or "?" in (x,y) for x,y in zip(a, b))
 --- modulename: s156627413, funcname: <genexpr>
s156627413.py(12):   return all(x==y or "?" in (x,y) for x,y in zip(a, b))
s156627413.py(24):       yield i
 --- modulename: s156627413, funcname: connectors
s156627413.py(22):   for i in range(max(len(a)-len(b)+1, 1), len(a)+1):
s156627413.py(40):   con = { (i,j):connectors(keys[i],keys[j]) for i,j in permutations(range(3), 2) }
 --- modulename: s156627413, funcname: wraper
s156627413.py(8):     return list(fn(*args, **kwargs))
 --- modulename: s156627413, funcname: connectors
s156627413.py(22):   for i in range(max(len(a)-len(b)+1, 1), len(a)+1):
s156627413.py(23):     if comp_wild(a[i:], b):
 --- modulename: s156627413, funcname: comp_wild
s156627413.py(12):   return all(x==y or "?" in (x,y) for x,y in zip(a, b))
 --- modulename: s156627413, funcname: <genexpr>
s156627413.py(12):   return all(x==y or "?" in (x,y) for x,y in zip(a, b))
 --- modulename: s156627413, funcname: <genexpr>
s156627413.py(22):   for i in range(max(len(a)-len(b)+1, 1), len(a)+1):
s156627413.py(23):     if comp_wild(a[i:], b):
 --- modulename: s156627413, funcname: comp_wild
s156627413.py(12):   return all(x==y or "?" in (x,y) for x,y in zip(a, b))
 --- modulename: s156627413, funcname: <genexpr>
s156627413.py(12):   return all(x==y or "?" in (x,y) for x,y in zip(a, b))
 --- modulename: s156627413, funcname: <genexpr>
s156627413.py(12):   return all(x==y or "?" in (x,y) for x,y in zip(a, b))
s156627413.py(24):       yield i
 --- modulename: s156627413, funcname: connectors
s156627413.py(22):   for i in range(max(len(a)-len(b)+1, 1), len(a)+1):
s156627413.py(23):     if comp_wild(a[i:], b):
 --- modulename: s156627413, funcname: comp_wild
s156627413.py(12):   return all(x==y or "?" in (x,y) for x,y in zip(a, b))
 --- modulename: s156627413, funcname: <genexpr>
s156627413.py(12):   return all(x==y or "?" in (x,y) for x,y in zip(a, b))
s156627413.py(24):       yield i
 --- modulename: s156627413, funcname: connectors
s156627413.py(22):   for i in range(max(len(a)-len(b)+1, 1), len(a)+1):
s156627413.py(40):   con = { (i,j):connectors(keys[i],keys[j]) for i,j in permutations(range(3), 2) }
s156627413.py(42):   for i in inc[0,1]:
s156627413.py(50):   def candicates(x,y,z):
s156627413.py(70):   for c in merge(*( candicates(*xyz) for xyz in permutations(range(3), 3) )):
 --- modulename: s156627413, funcname: <genexpr>
s156627413.py(70):   for c in merge(*( candicates(*xyz) for xyz in permutations(range(3), 3) )):
 --- modulename: s156627413, funcname: candicates
s156627413.py(51):     return chain(
s156627413.py(52):       ( c_int(
s156627413.py(62):         ) for i in iter_from(con[x,z], len_keys[y]-len_keys[z]+1)
 --- modulename: s156627413, funcname: iter_from
s156627413.py(34):   return dropwhile(fm.__gt__, it)
s156627413.py(52):       ( c_int(
s156627413.py(64):       ( c_int(
s156627413.py(66):         ) for (p, q) in [sorted((con[x,y], con[y,z]), key=len)]
s156627413.py(64):       ( c_int(
s156627413.py(51):     return chain(
 --- modulename: s156627413, funcname: <genexpr>
s156627413.py(70):   for c in merge(*( candicates(*xyz) for xyz in permutations(range(3), 3) )):
 --- modulename: s156627413, funcname: candicates
s156627413.py(51):     return chain(
s156627413.py(52):       ( c_int(
s156627413.py(62):         ) for i in iter_from(con[x,z], len_keys[y]-len_keys[z]+1)
 --- modulename: s156627413, funcname: iter_from
s156627413.py(34):   return dropwhile(fm.__gt__, it)
s156627413.py(52):       ( c_int(
s156627413.py(64):       ( c_int(
s156627413.py(66):         ) for (p, q) in [sorted((con[x,y], con[y,z]), key=len)]
s156627413.py(64):       ( c_int(
s156627413.py(51):     return chain(
 --- modulename: s156627413, funcname: <genexpr>
s156627413.py(70):   for c in merge(*( candicates(*xyz) for xyz in permutations(range(3), 3) )):
 --- modulename: s156627413, funcname: candicates
s156627413.py(51):     return chain(
s156627413.py(52):       ( c_int(
s156627413.py(62):         ) for i in iter_from(con[x,z], len_keys[y]-len_keys[z]+1)
 --- modulename: s156627413, funcname: iter_from
s156627413.py(34):   return dropwhile(fm.__gt__, it)
s156627413.py(52):       ( c_int(
s156627413.py(64):       ( c_int(
s156627413.py(66):         ) for (p, q) in [sorted((con[x,y], con[y,z]), key=len)]
s156627413.py(64):       ( c_int(
s156627413.py(51):     return chain(
 --- modulename: s156627413, funcname: <genexpr>
s156627413.py(70):   for c in merge(*( candicates(*xyz) for xyz in permutations(range(3), 3) )):
 --- modulename: s156627413, funcname: candicates
s156627413.py(51):     return chain(
s156627413.py(52):       ( c_int(
s156627413.py(62):         ) for i in iter_from(con[x,z], len_keys[y]-len_keys[z]+1)
 --- modulename: s156627413, funcname: iter_from
s156627413.py(34):   return dropwhile(fm.__gt__, it)
s156627413.py(52):       ( c_int(
s156627413.py(64):       ( c_int(
s156627413.py(66):         ) for (p, q) in [sorted((con[x,y], con[y,z]), key=len)]
s156627413.py(64):       ( c_int(
s156627413.py(51):     return chain(
 --- modulename: s156627413, funcname: <genexpr>
s156627413.py(70):   for c in merge(*( candicates(*xyz) for xyz in permutations(range(3), 3) )):
 --- modulename: s156627413, funcname: candicates
s156627413.py(51):     return chain(
s156627413.py(52):       ( c_int(
s156627413.py(62):         ) for i in iter_from(con[x,z], len_keys[y]-len_keys[z]+1)
 --- modulename: s156627413, funcname: iter_from
s156627413.py(34):   return dropwhile(fm.__gt__, it)
s156627413.py(52):       ( c_int(
s156627413.py(64):       ( c_int(
s156627413.py(66):         ) for (p, q) in [sorted((con[x,y], con[y,z]), key=len)]
s156627413.py(64):       ( c_int(
s156627413.py(51):     return chain(
 --- modulename: s156627413, funcname: <genexpr>
s156627413.py(70):   for c in merge(*( candicates(*xyz) for xyz in permutations(range(3), 3) )):
 --- modulename: s156627413, funcname: candicates
s156627413.py(51):     return chain(
s156627413.py(52):       ( c_int(
s156627413.py(62):         ) for i in iter_from(con[x,z], len_keys[y]-len_keys[z]+1)
 --- modulename: s156627413, funcname: iter_from
s156627413.py(34):   return dropwhile(fm.__gt__, it)
s156627413.py(52):       ( c_int(
s156627413.py(64):       ( c_int(
s156627413.py(66):         ) for (p, q) in [sorted((con[x,y], con[y,z]), key=len)]
s156627413.py(64):       ( c_int(
s156627413.py(51):     return chain(
 --- modulename: s156627413, funcname: <genexpr>
s156627413.py(70):   for c in merge(*( candicates(*xyz) for xyz in permutations(range(3), 3) )):
 --- modulename: heapq, funcname: merge
heapq.py(332):     h = []
heapq.py(333):     h_append = h.append
heapq.py(335):     if reverse:
heapq.py(341):         _heapify = heapify
heapq.py(342):         _heappop = heappop
heapq.py(343):         _heapreplace = heapreplace
heapq.py(344):         direction = 1
heapq.py(346):     if key is None:
heapq.py(347):         for order, it in enumerate(map(iter, iterables)):
heapq.py(348):             try:
heapq.py(349):                 next = it.__next__
heapq.py(350):                 h_append([next(), order * direction, next])
 --- modulename: s156627413, funcname: <genexpr>
s156627413.py(52):       ( c_int(
s156627413.py(62):         ) for i in iter_from(con[x,z], len_keys[y]-len_keys[z]+1)
s156627413.py(52):       ( c_int(
s156627413.py(53):           i+len_keys[z], 
s156627413.py(54):           cond=lambda:(
s156627413.py(52):       ( c_int(
 --- modulename: s156627413, funcname: __new__
s156627413.py(28):     cond = kwargs.pop("cond", lambda:True)
s156627413.py(29):     i = int.__new__(cls, *args, **kwargs)
s156627413.py(30):     i.cond = cond
s156627413.py(31):     return i
heapq.py(347):         for order, it in enumerate(map(iter, iterables)):
heapq.py(348):             try:
heapq.py(349):                 next = it.__next__
heapq.py(350):                 h_append([next(), order * direction, next])
 --- modulename: s156627413, funcname: <genexpr>
s156627413.py(52):       ( c_int(
s156627413.py(62):         ) for i in iter_from(con[x,z], len_keys[y]-len_keys[z]+1)
s156627413.py(52):       ( c_int(
s156627413.py(53):           i+len_keys[z], 
s156627413.py(54):           cond=lambda:(
s156627413.py(52):       ( c_int(
 --- modulename: s156627413, funcname: __new__
s156627413.py(28):     cond = kwargs.pop("cond", lambda:True)
s156627413.py(29):     i = int.__new__(cls, *args, **kwargs)
s156627413.py(30):     i.cond = cond
s156627413.py(31):     return i
heapq.py(347):         for order, it in enumerate(map(iter, iterables)):
heapq.py(348):             try:
heapq.py(349):                 next = it.__next__
heapq.py(350):                 h_append([next(), order * direction, next])
 --- modulename: s156627413, funcname: <genexpr>
s156627413.py(52):       ( c_int(
s156627413.py(62):         ) for i in iter_from(con[x,z], len_keys[y]-len_keys[z]+1)
s156627413.py(52):       ( c_int(
s156627413.py(53):           i+len_keys[z], 
s156627413.py(54):           cond=lambda:(
s156627413.py(52):       ( c_int(
 --- modulename: s156627413, funcname: __new__
s156627413.py(28):     cond = kwargs.pop("cond", lambda:True)
s156627413.py(29):     i = int.__new__(cls, *args, **kwargs)
s156627413.py(30):     i.cond = cond
s156627413.py(31):     return i
heapq.py(347):         for order, it in enumerate(map(iter, iterables)):
heapq.py(348):             try:
heapq.py(349):                 next = it.__next__
heapq.py(350):                 h_append([next(), order * direction, next])
 --- modulename: s156627413, funcname: <genexpr>
s156627413.py(52):       ( c_int(
s156627413.py(62):         ) for i in iter_from(con[x,z], len_keys[y]-len_keys[z]+1)
s156627413.py(52):       ( c_int(
s156627413.py(53):           i+len_keys[z], 
s156627413.py(54):           cond=lambda:(
s156627413.py(52):       ( c_int(
 --- modulename: s156627413, funcname: __new__
s156627413.py(28):     cond = kwargs.pop("cond", lambda:True)
s156627413.py(29):     i = int.__new__(cls, *args, **kwargs)
s156627413.py(30):     i.cond = cond
s156627413.py(31):     return i
heapq.py(347):         for order, it in enumerate(map(iter, iterables)):
heapq.py(348):             try:
heapq.py(349):                 next = it.__next__
heapq.py(350):                 h_append([next(), order * direction, next])
 --- modulename: s156627413, funcname: <genexpr>
s156627413.py(52):       ( c_int(
s156627413.py(62):         ) for i in iter_from(con[x,z], len_keys[y]-len_keys[z]+1)
s156627413.py(52):       ( c_int(
s156627413.py(53):           i+len_keys[z], 
s156627413.py(54):           cond=lambda:(
s156627413.py(52):       ( c_int(
 --- modulename: s156627413, funcname: __new__
s156627413.py(28):     cond = kwargs.pop("cond", lambda:True)
s156627413.py(29):     i = int.__new__(cls, *args, **kwargs)
s156627413.py(30):     i.cond = cond
s156627413.py(31):     return i
heapq.py(347):         for order, it in enumerate(map(iter, iterables)):
heapq.py(348):             try:
heapq.py(349):                 next = it.__next__
heapq.py(350):                 h_append([next(), order * direction, next])
 --- modulename: s156627413, funcname: <genexpr>
s156627413.py(52):       ( c_int(
s156627413.py(62):         ) for i in iter_from(con[x,z], len_keys[y]-len_keys[z]+1)
s156627413.py(52):       ( c_int(
s156627413.py(53):           i+len_keys[z], 
s156627413.py(54):           cond=lambda:(
s156627413.py(52):       ( c_int(
 --- modulename: s156627413, funcname: __new__
s156627413.py(28):     cond = kwargs.pop("cond", lambda:True)
s156627413.py(29):     i = int.__new__(cls, *args, **kwargs)
s156627413.py(30):     i.cond = cond
s156627413.py(31):     return i
heapq.py(347):         for order, it in enumerate(map(iter, iterables)):
heapq.py(353):         _heapify(h)
heapq.py(354):         while len(h) > 1:
heapq.py(355):             try:
heapq.py(357):                     value, order, next = s = h[0]
heapq.py(358):                     yield value
s156627413.py(71):     if c.cond():
 --- modulename: s156627413, funcname: <lambda>
s156627413.py(55):             (inc[x,y] and inc[x,y][0]+len_keys[y] <= i) or 
s156627413.py(56):             (inc[z,y] and len_keys[x] <= i+inc[z,y][-1]) or 
s156627413.py(57):             any(
s156627413.py(59):                for j in iter_from(inc[x,y]+con[x,y], i-len_keys[y])
 --- modulename: s156627413, funcname: iter_from
s156627413.py(34):   return dropwhile(fm.__gt__, it)
s156627413.py(57):             any(
 --- modulename: s156627413, funcname: <genexpr>
s156627413.py(57):             any(
s156627413.py(58):               (i-j in con[y,z] if i>j else j-i in inc[z,y])
 --- modulename: s156627413, funcname: <genexpr>
s156627413.py(57):             any(
s156627413.py(70):   for c in merge(*( candicates(*xyz) for xyz in permutations(range(3), 3) )):
 --- modulename: heapq, funcname: merge
heapq.py(359):                     s[0] = next()           # raises StopIteration when exhausted
 --- modulename: s156627413, funcname: <genexpr>
s156627413.py(52):       ( c_int(
s156627413.py(62):         ) for i in iter_from(con[x,z], len_keys[y]-len_keys[z]+1)
s156627413.py(52):       ( c_int(
s156627413.py(53):           i+len_keys[z], 
s156627413.py(54):           cond=lambda:(
s156627413.py(52):       ( c_int(
 --- modulename: s156627413, funcname: __new__
s156627413.py(28):     cond = kwargs.pop("cond", lambda:True)
s156627413.py(29):     i = int.__new__(cls, *args, **kwargs)
s156627413.py(30):     i.cond = cond
s156627413.py(31):     return i
heapq.py(360):                     _heapreplace(h, s)      # restore heap condition
heapq.py(357):                     value, order, next = s = h[0]
heapq.py(358):                     yield value
s156627413.py(71):     if c.cond():
 --- modulename: s156627413, funcname: <lambda>
s156627413.py(55):             (inc[x,y] and inc[x,y][0]+len_keys[y] <= i) or 
s156627413.py(56):             (inc[z,y] and len_keys[x] <= i+inc[z,y][-1]) or 
s156627413.py(57):             any(
s156627413.py(59):                for j in iter_from(inc[x,y]+con[x,y], i-len_keys[y])
 --- modulename: s156627413, funcname: iter_from
s156627413.py(34):   return dropwhile(fm.__gt__, it)
s156627413.py(57):             any(
 --- modulename: s156627413, funcname: <genexpr>
s156627413.py(57):             any(
s156627413.py(58):               (i-j in con[y,z] if i>j else j-i in inc[z,y])
 --- modulename: s156627413, funcname: <genexpr>
s156627413.py(57):             any(
s156627413.py(70):   for c in merge(*( candicates(*xyz) for xyz in permutations(range(3), 3) )):
 --- modulename: heapq, funcname: merge
heapq.py(359):                     s[0] = next()           # raises StopIteration when exhausted
 --- modulename: s156627413, funcname: <genexpr>
s156627413.py(52):       ( c_int(
s156627413.py(62):         ) for i in iter_from(con[x,z], len_keys[y]-len_keys[z]+1)
s156627413.py(52):       ( c_int(
s156627413.py(53):           i+len_keys[z], 
s156627413.py(54):           cond=lambda:(
s156627413.py(52):       ( c_int(
 --- modulename: s156627413, funcname: __new__
s156627413.py(28):     cond = kwargs.pop("cond", lambda:True)
s156627413.py(29):     i = int.__new__(cls, *args, **kwargs)
s156627413.py(30):     i.cond = cond
s156627413.py(31):     return i
heapq.py(360):                     _heapreplace(h, s)      # restore heap condition
heapq.py(357):                     value, order, next = s = h[0]
heapq.py(358):                     yield value
s156627413.py(71):     if c.cond():
 --- modulename: s156627413, funcname: <lambda>
s156627413.py(55):             (inc[x,y] and inc[x,y][0]+len_keys[y] <= i) or 
s156627413.py(56):             (inc[z,y] and len_keys[x] <= i+inc[z,y][-1]) or 
s156627413.py(57):             any(
s156627413.py(59):                for j in iter_from(inc[x,y]+con[x,y], i-len_keys[y])
 --- modulename: s156627413, funcname: iter_from
s156627413.py(34):   return dropwhile(fm.__gt__, it)
s156627413.py(57):             any(
 --- modulename: s156627413, funcname: <genexpr>
s156627413.py(57):             any(
s156627413.py(58):               (i-j in con[y,z] if i>j else j-i in inc[z,y])
 --- modulename: s156627413, funcname: <genexpr>
s156627413.py(57):             any(
s156627413.py(70):   for c in merge(*( candicates(*xyz) for xyz in permutations(range(3), 3) )):
 --- modulename: heapq, funcname: merge
heapq.py(359):                     s[0] = next()           # raises StopIteration when exhausted
 --- modulename: s156627413, funcname: <genexpr>
s156627413.py(52):       ( c_int(
 --- modulename: s156627413, funcname: <genexpr>
s156627413.py(64):       ( c_int(
s156627413.py(64):       ( c_int(
s156627413.py(65):           min( i+next(iter_from(q, len_keys[x]-i+1))+len_keys[z] for i in p )
 --- modulename: s156627413, funcname: <genexpr>
s156627413.py(65):           min( i+next(iter_from(q, len_keys[x]-i+1))+len_keys[z] for i in p )
 --- modulename: s156627413, funcname: iter_from
s156627413.py(34):   return dropwhile(fm.__gt__, it)
 --- modulename: s156627413, funcname: <genexpr>
s156627413.py(65):           min( i+next(iter_from(q, len_keys[x]-i+1))+len_keys[z] for i in p )
s156627413.py(64):       ( c_int(
 --- modulename: s156627413, funcname: __new__
s156627413.py(28):     cond = kwargs.pop("cond", lambda:True)
s156627413.py(29):     i = int.__new__(cls, *args, **kwargs)
s156627413.py(30):     i.cond = cond
s156627413.py(31):     return i
heapq.py(360):                     _heapreplace(h, s)      # restore heap condition
heapq.py(357):                     value, order, next = s = h[0]
heapq.py(358):                     yield value
s156627413.py(71):     if c.cond():
 --- modulename: s156627413, funcname: <lambda>
s156627413.py(55):             (inc[x,y] and inc[x,y][0]+len_keys[y] <= i) or 
s156627413.py(56):             (inc[z,y] and len_keys[x] <= i+inc[z,y][-1]) or 
s156627413.py(57):             any(
s156627413.py(59):                for j in iter_from(inc[x,y]+con[x,y], i-len_keys[y])
 --- modulename: s156627413, funcname: iter_from
s156627413.py(34):   return dropwhile(fm.__gt__, it)
s156627413.py(57):             any(
 --- modulename: s156627413, funcname: <genexpr>
s156627413.py(57):             any(
s156627413.py(58):               (i-j in con[y,z] if i>j else j-i in inc[z,y])
 --- modulename: s156627413, funcname: <genexpr>
s156627413.py(57):             any(
s156627413.py(58):               (i-j in con[y,z] if i>j else j-i in inc[z,y])
 --- modulename: s156627413, funcname: <genexpr>
s156627413.py(57):             any(
s156627413.py(70):   for c in merge(*( candicates(*xyz) for xyz in permutations(range(3), 3) )):
 --- modulename: heapq, funcname: merge
heapq.py(359):                     s[0] = next()           # raises StopIteration when exhausted
 --- modulename: s156627413, funcname: <genexpr>
s156627413.py(52):       ( c_int(
 --- modulename: s156627413, funcname: <genexpr>
s156627413.py(64):       ( c_int(
s156627413.py(64):       ( c_int(
s156627413.py(65):           min( i+next(iter_from(q, len_keys[x]-i+1))+len_keys[z] for i in p )
 --- modulename: s156627413, funcname: <genexpr>
s156627413.py(65):           min( i+next(iter_from(q, len_keys[x]-i+1))+len_keys[z] for i in p )
 --- modulename: s156627413, funcname: iter_from
s156627413.py(34):   return dropwhile(fm.__gt__, it)
 --- modulename: s156627413, funcname: <genexpr>
s156627413.py(65):           min( i+next(iter_from(q, len_keys[x]-i+1))+len_keys[z] for i in p )
 --- modulename: s156627413, funcname: iter_from
s156627413.py(34):   return dropwhile(fm.__gt__, it)
 --- modulename: s156627413, funcname: <genexpr>
s156627413.py(65):           min( i+next(iter_from(q, len_keys[x]-i+1))+len_keys[z] for i in p )
s156627413.py(64):       ( c_int(
 --- modulename: s156627413, funcname: __new__
s156627413.py(28):     cond = kwargs.pop("cond", lambda:True)
s156627413.py(29):     i = int.__new__(cls, *args, **kwargs)
s156627413.py(30):     i.cond = cond
s156627413.py(31):     return i
heapq.py(360):                     _heapreplace(h, s)      # restore heap condition
heapq.py(357):                     value, order, next = s = h[0]
heapq.py(358):                     yield value
s156627413.py(71):     if c.cond():
 --- modulename: s156627413, funcname: <lambda>
s156627413.py(55):             (inc[x,y] and inc[x,y][0]+len_keys[y] <= i) or 
s156627413.py(56):             (inc[z,y] and len_keys[x] <= i+inc[z,y][-1]) or 
s156627413.py(57):             any(
s156627413.py(59):                for j in iter_from(inc[x,y]+con[x,y], i-len_keys[y])
 --- modulename: s156627413, funcname: iter_from
s156627413.py(34):   return dropwhile(fm.__gt__, it)
s156627413.py(57):             any(
 --- modulename: s156627413, funcname: <genexpr>
s156627413.py(57):             any(
s156627413.py(58):               (i-j in con[y,z] if i>j else j-i in inc[z,y])
 --- modulename: s156627413, funcname: <genexpr>
s156627413.py(57):             any(
s156627413.py(70):   for c in merge(*( candicates(*xyz) for xyz in permutations(range(3), 3) )):
 --- modulename: heapq, funcname: merge
heapq.py(359):                     s[0] = next()           # raises StopIteration when exhausted
 --- modulename: s156627413, funcname: <genexpr>
s156627413.py(52):       ( c_int(
 --- modulename: s156627413, funcname: <genexpr>
s156627413.py(64):       ( c_int(
s156627413.py(64):       ( c_int(
s156627413.py(65):           min( i+next(iter_from(q, len_keys[x]-i+1))+len_keys[z] for i in p )
 --- modulename: s156627413, funcname: <genexpr>
s156627413.py(65):           min( i+next(iter_from(q, len_keys[x]-i+1))+len_keys[z] for i in p )
 --- modulename: s156627413, funcname: iter_from
s156627413.py(34):   return dropwhile(fm.__gt__, it)
 --- modulename: s156627413, funcname: <genexpr>
s156627413.py(65):           min( i+next(iter_from(q, len_keys[x]-i+1))+len_keys[z] for i in p )
s156627413.py(64):       ( c_int(
 --- modulename: s156627413, funcname: __new__
s156627413.py(28):     cond = kwargs.pop("cond", lambda:True)
s156627413.py(29):     i = int.__new__(cls, *args, **kwargs)
s156627413.py(30):     i.cond = cond
s156627413.py(31):     return i
heapq.py(360):                     _heapreplace(h, s)      # restore heap condition
heapq.py(357):                     value, order, next = s = h[0]
heapq.py(358):                     yield value
s156627413.py(71):     if c.cond():
 --- modulename: s156627413, funcname: <lambda>
s156627413.py(55):             (inc[x,y] and inc[x,y][0]+len_keys[y] <= i) or 
s156627413.py(56):             (inc[z,y] and len_keys[x] <= i+inc[z,y][-1]) or 
s156627413.py(57):             any(
s156627413.py(59):                for j in iter_from(inc[x,y]+con[x,y], i-len_keys[y])
 --- modulename: s156627413, funcname: iter_from
s156627413.py(34):   return dropwhile(fm.__gt__, it)
s156627413.py(57):             any(
 --- modulename: s156627413, funcname: <genexpr>
s156627413.py(57):             any(
s156627413.py(58):               (i-j in con[y,z] if i>j else j-i in inc[z,y])
 --- modulename: s156627413, funcname: <genexpr>
s156627413.py(57):             any(
s156627413.py(70):   for c in merge(*( candicates(*xyz) for xyz in permutations(range(3), 3) )):
 --- modulename: heapq, funcname: merge
heapq.py(359):                     s[0] = next()           # raises StopIteration when exhausted
 --- modulename: s156627413, funcname: <genexpr>
s156627413.py(52):       ( c_int(
 --- modulename: s156627413, funcname: <genexpr>
s156627413.py(64):       ( c_int(
s156627413.py(64):       ( c_int(
s156627413.py(65):           min( i+next(iter_from(q, len_keys[x]-i+1))+len_keys[z] for i in p )
 --- modulename: s156627413, funcname: <genexpr>
s156627413.py(65):           min( i+next(iter_from(q, len_keys[x]-i+1))+len_keys[z] for i in p )
 --- modulename: s156627413, funcname: iter_from
s156627413.py(34):   return dropwhile(fm.__gt__, it)
 --- modulename: s156627413, funcname: <genexpr>
s156627413.py(65):           min( i+next(iter_from(q, len_keys[x]-i+1))+len_keys[z] for i in p )
s156627413.py(64):       ( c_int(
 --- modulename: s156627413, funcname: __new__
s156627413.py(28):     cond = kwargs.pop("cond", lambda:True)
s156627413.py(29):     i = int.__new__(cls, *args, **kwargs)
s156627413.py(30):     i.cond = cond
s156627413.py(31):     return i
heapq.py(360):                     _heapreplace(h, s)      # restore heap condition
heapq.py(357):                     value, order, next = s = h[0]
heapq.py(358):                     yield value
s156627413.py(71):     if c.cond():
 --- modulename: s156627413, funcname: <lambda>
s156627413.py(55):             (inc[x,y] and inc[x,y][0]+len_keys[y] <= i) or 
s156627413.py(56):             (inc[z,y] and len_keys[x] <= i+inc[z,y][-1]) or 
s156627413.py(57):             any(
s156627413.py(59):                for j in iter_from(inc[x,y]+con[x,y], i-len_keys[y])
 --- modulename: s156627413, funcname: iter_from
s156627413.py(34):   return dropwhile(fm.__gt__, it)
s156627413.py(57):             any(
 --- modulename: s156627413, funcname: <genexpr>
s156627413.py(57):             any(
s156627413.py(58):               (i-j in con[y,z] if i>j else j-i in inc[z,y])
 --- modulename: s156627413, funcname: <genexpr>
s156627413.py(57):             any(
s156627413.py(70):   for c in merge(*( candicates(*xyz) for xyz in permutations(range(3), 3) )):
 --- modulename: heapq, funcname: merge
heapq.py(359):                     s[0] = next()           # raises StopIteration when exhausted
 --- modulename: s156627413, funcname: <genexpr>
s156627413.py(52):       ( c_int(
 --- modulename: s156627413, funcname: <genexpr>
s156627413.py(64):       ( c_int(
s156627413.py(64):       ( c_int(
s156627413.py(65):           min( i+next(iter_from(q, len_keys[x]-i+1))+len_keys[z] for i in p )
 --- modulename: s156627413, funcname: <genexpr>
s156627413.py(65):           min( i+next(iter_from(q, len_keys[x]-i+1))+len_keys[z] for i in p )
 --- modulename: s156627413, funcname: iter_from
s156627413.py(34):   return dropwhile(fm.__gt__, it)
 --- modulename: s156627413, funcname: <genexpr>
s156627413.py(65):           min( i+next(iter_from(q, len_keys[x]-i+1))+len_keys[z] for i in p )
s156627413.py(64):       ( c_int(
 --- modulename: s156627413, funcname: __new__
s156627413.py(28):     cond = kwargs.pop("cond", lambda:True)
s156627413.py(29):     i = int.__new__(cls, *args, **kwargs)
s156627413.py(30):     i.cond = cond
s156627413.py(31):     return i
heapq.py(360):                     _heapreplace(h, s)      # restore heap condition
heapq.py(357):                     value, order, next = s = h[0]
heapq.py(358):                     yield value
s156627413.py(71):     if c.cond():
 --- modulename: s156627413, funcname: <lambda>
s156627413.py(55):             (inc[x,y] and inc[x,y][0]+len_keys[y] <= i) or 
s156627413.py(56):             (inc[z,y] and len_keys[x] <= i+inc[z,y][-1]) or 
s156627413.py(57):             any(
s156627413.py(59):                for j in iter_from(inc[x,y]+con[x,y], i-len_keys[y])
 --- modulename: s156627413, funcname: iter_from
s156627413.py(34):   return dropwhile(fm.__gt__, it)
s156627413.py(57):             any(
 --- modulename: s156627413, funcname: <genexpr>
s156627413.py(57):             any(
s156627413.py(58):               (i-j in con[y,z] if i>j else j-i in inc[z,y])
 --- modulename: s156627413, funcname: <genexpr>
s156627413.py(57):             any(
s156627413.py(58):               (i-j in con[y,z] if i>j else j-i in inc[z,y])
 --- modulename: s156627413, funcname: <genexpr>
s156627413.py(57):             any(
s156627413.py(70):   for c in merge(*( candicates(*xyz) for xyz in permutations(range(3), 3) )):
 --- modulename: heapq, funcname: merge
heapq.py(359):                     s[0] = next()           # raises StopIteration when exhausted
 --- modulename: s156627413, funcname: <genexpr>
s156627413.py(52):       ( c_int(
 --- modulename: s156627413, funcname: <genexpr>
s156627413.py(64):       ( c_int(
s156627413.py(64):       ( c_int(
s156627413.py(65):           min( i+next(iter_from(q, len_keys[x]-i+1))+len_keys[z] for i in p )
 --- modulename: s156627413, funcname: <genexpr>
s156627413.py(65):           min( i+next(iter_from(q, len_keys[x]-i+1))+len_keys[z] for i in p )
 --- modulename: s156627413, funcname: iter_from
s156627413.py(34):   return dropwhile(fm.__gt__, it)
 --- modulename: s156627413, funcname: <genexpr>
s156627413.py(65):           min( i+next(iter_from(q, len_keys[x]-i+1))+len_keys[z] for i in p )
s156627413.py(64):       ( c_int(
 --- modulename: s156627413, funcname: __new__
s156627413.py(28):     cond = kwargs.pop("cond", lambda:True)
s156627413.py(29):     i = int.__new__(cls, *args, **kwargs)
s156627413.py(30):     i.cond = cond
s156627413.py(31):     return i
heapq.py(360):                     _heapreplace(h, s)      # restore heap condition
heapq.py(357):                     value, order, next = s = h[0]
heapq.py(358):                     yield value
s156627413.py(71):     if c.cond():
 --- modulename: s156627413, funcname: <lambda>
s156627413.py(28):     cond = kwargs.pop("cond", lambda:True)
s156627413.py(72):       return c
 --- modulename: heapq, funcname: merge
heapq.py(361):             except StopIteration:
 --- modulename: s156627413, funcname: <genexpr>
 --- modulename: s156627413, funcname: <genexpr>
 --- modulename: s156627413, funcname: <genexpr>
 --- modulename: s156627413, funcname: <genexpr>
 --- modulename: s156627413, funcname: <genexpr>
 --- modulename: s156627413, funcname: <genexpr>
7
