 --- modulename: s167841077, funcname: <module>
s167841077.py(1): import sys
s167841077.py(2): input = sys.stdin.readline
s167841077.py(3): def ii(): return int(input())
s167841077.py(4): def mi(): return map(int, input().rstrip().split())
s167841077.py(5): def lmi(): return list(map(int, input().rstrip().split()))
s167841077.py(6): def li(): return list(input().rstrip())
s167841077.py(11): sys.setrecursionlimit(100000)
s167841077.py(12): class UnionFind():
 --- modulename: s167841077, funcname: UnionFind
s167841077.py(12): class UnionFind():
s167841077.py(13):     '''UnionFind木'''
s167841077.py(14):     def __init__(self,n):
s167841077.py(17):     def unite(self, x, y):
s167841077.py(28):     def find(self, x):
s167841077.py(35):     def same(self, x, y):
s167841077.py(39):     def size(self, x):
s167841077.py(45): def ABC120_D():
s167841077.py(76): if __name__ == '__main__':
s167841077.py(77):     ABC120_D()
 --- modulename: s167841077, funcname: ABC120_D
s167841077.py(46):     n, m = mi()
 --- modulename: s167841077, funcname: mi
s167841077.py(4): def mi(): return map(int, input().rstrip().split())
 --- modulename: codecs, funcname: getstate
codecs.py(333):         return (self.buffer, 0)
 --- modulename: codecs, funcname: decode
codecs.py(321):         data = self.buffer + input
codecs.py(322):         (result, consumed) = self._buffer_decode(data, self.errors, final)
codecs.py(324):         self.buffer = data[consumed:]
codecs.py(325):         return result
s167841077.py(47):     a = [0] * m
s167841077.py(48):     b = [0] * m
s167841077.py(49):     for i in range(m):
s167841077.py(50):         a[i], b[i] = mi()
 --- modulename: s167841077, funcname: mi
s167841077.py(4): def mi(): return map(int, input().rstrip().split())
s167841077.py(49):     for i in range(m):
s167841077.py(50):         a[i], b[i] = mi()
 --- modulename: s167841077, funcname: mi
s167841077.py(4): def mi(): return map(int, input().rstrip().split())
s167841077.py(49):     for i in range(m):
s167841077.py(50):         a[i], b[i] = mi()
 --- modulename: s167841077, funcname: mi
s167841077.py(4): def mi(): return map(int, input().rstrip().split())
s167841077.py(49):     for i in range(m):
s167841077.py(50):         a[i], b[i] = mi()
 --- modulename: s167841077, funcname: mi
s167841077.py(4): def mi(): return map(int, input().rstrip().split())
s167841077.py(49):     for i in range(m):
s167841077.py(50):         a[i], b[i] = mi()
 --- modulename: s167841077, funcname: mi
s167841077.py(4): def mi(): return map(int, input().rstrip().split())
s167841077.py(49):     for i in range(m):
s167841077.py(52):     uf = UnionFind(n)
 --- modulename: s167841077, funcname: __init__
s167841077.py(15):         self.data = [-1] * n
s167841077.py(53):     ans = [0] * (m + 1)
s167841077.py(54):     ans[m] = n * (n - 1) // 2
s167841077.py(56):     for i in range(m - 1, -1, -1):
s167841077.py(57):         a[i] -= 1
s167841077.py(58):         b[i] -= 1
s167841077.py(59):         ans[i] = ans[i + 1]
s167841077.py(60):         if uf.same(a[i], b[i]):
 --- modulename: s167841077, funcname: same
s167841077.py(37):         return self.find(x) == self.find(y)
 --- modulename: s167841077, funcname: find
s167841077.py(30):         if self.data[x] < 0:
s167841077.py(31):             return x
 --- modulename: s167841077, funcname: find
s167841077.py(30):         if self.data[x] < 0:
s167841077.py(31):             return x
s167841077.py(63):         x = uf.size(a[i])
 --- modulename: s167841077, funcname: size
s167841077.py(41):         return self.data[self.find(x)]
 --- modulename: s167841077, funcname: find
s167841077.py(30):         if self.data[x] < 0:
s167841077.py(31):             return x
s167841077.py(64):         y = uf.size(b[i])
 --- modulename: s167841077, funcname: size
s167841077.py(41):         return self.data[self.find(x)]
 --- modulename: s167841077, funcname: find
s167841077.py(30):         if self.data[x] < 0:
s167841077.py(31):             return x
s167841077.py(65):         ans[i] -= x * y
s167841077.py(67):         uf.unite(a[i],b[i])
 --- modulename: s167841077, funcname: unite
s167841077.py(19):         x = self.find(x)
 --- modulename: s167841077, funcname: find
s167841077.py(30):         if self.data[x] < 0:
s167841077.py(31):             return x
s167841077.py(20):         y = self.find(y)
 --- modulename: s167841077, funcname: find
s167841077.py(30):         if self.data[x] < 0:
s167841077.py(31):             return x
s167841077.py(21):         if x == y:
s167841077.py(23):         elif self.data[x] < self.data[y]:
s167841077.py(25):         self.data[x] += self.data[y]
s167841077.py(26):         self.data[y] = x
s167841077.py(56):     for i in range(m - 1, -1, -1):
s167841077.py(57):         a[i] -= 1
s167841077.py(58):         b[i] -= 1
s167841077.py(59):         ans[i] = ans[i + 1]
s167841077.py(60):         if uf.same(a[i], b[i]):
 --- modulename: s167841077, funcname: same
s167841077.py(37):         return self.find(x) == self.find(y)
 --- modulename: s167841077, funcname: find
s167841077.py(30):         if self.data[x] < 0:
s167841077.py(31):             return x
 --- modulename: s167841077, funcname: find
s167841077.py(30):         if self.data[x] < 0:
s167841077.py(31):             return x
s167841077.py(63):         x = uf.size(a[i])
 --- modulename: s167841077, funcname: size
s167841077.py(41):         return self.data[self.find(x)]
 --- modulename: s167841077, funcname: find
s167841077.py(30):         if self.data[x] < 0:
s167841077.py(31):             return x
s167841077.py(64):         y = uf.size(b[i])
 --- modulename: s167841077, funcname: size
s167841077.py(41):         return self.data[self.find(x)]
 --- modulename: s167841077, funcname: find
s167841077.py(30):         if self.data[x] < 0:
s167841077.py(31):             return x
s167841077.py(65):         ans[i] -= x * y
s167841077.py(67):         uf.unite(a[i],b[i])
 --- modulename: s167841077, funcname: unite
s167841077.py(19):         x = self.find(x)
 --- modulename: s167841077, funcname: find
s167841077.py(30):         if self.data[x] < 0:
s167841077.py(31):             return x
s167841077.py(20):         y = self.find(y)
 --- modulename: s167841077, funcname: find
s167841077.py(30):         if self.data[x] < 0:
s167841077.py(31):             return x
s167841077.py(21):         if x == y:
s167841077.py(23):         elif self.data[x] < self.data[y]:
s167841077.py(25):         self.data[x] += self.data[y]
s167841077.py(26):         self.data[y] = x
s167841077.py(56):     for i in range(m - 1, -1, -1):
s167841077.py(57):         a[i] -= 1
s167841077.py(58):         b[i] -= 1
s167841077.py(59):         ans[i] = ans[i + 1]
s167841077.py(60):         if uf.same(a[i], b[i]):
 --- modulename: s167841077, funcname: same
s167841077.py(37):         return self.find(x) == self.find(y)
 --- modulename: s167841077, funcname: find
s167841077.py(30):         if self.data[x] < 0:
s167841077.py(31):             return x
 --- modulename: s167841077, funcname: find
s167841077.py(30):         if self.data[x] < 0:
s167841077.py(32):         self.data[x] = self.find(self.data[x])
 --- modulename: s167841077, funcname: find
s167841077.py(30):         if self.data[x] < 0:
s167841077.py(31):             return x
s167841077.py(33):         return self.data[x]
s167841077.py(63):         x = uf.size(a[i])
 --- modulename: s167841077, funcname: size
s167841077.py(41):         return self.data[self.find(x)]
 --- modulename: s167841077, funcname: find
s167841077.py(30):         if self.data[x] < 0:
s167841077.py(31):             return x
s167841077.py(64):         y = uf.size(b[i])
 --- modulename: s167841077, funcname: size
s167841077.py(41):         return self.data[self.find(x)]
 --- modulename: s167841077, funcname: find
s167841077.py(30):         if self.data[x] < 0:
s167841077.py(32):         self.data[x] = self.find(self.data[x])
 --- modulename: s167841077, funcname: find
s167841077.py(30):         if self.data[x] < 0:
s167841077.py(31):             return x
s167841077.py(33):         return self.data[x]
s167841077.py(65):         ans[i] -= x * y
s167841077.py(67):         uf.unite(a[i],b[i])
 --- modulename: s167841077, funcname: unite
s167841077.py(19):         x = self.find(x)
 --- modulename: s167841077, funcname: find
s167841077.py(30):         if self.data[x] < 0:
s167841077.py(31):             return x
s167841077.py(20):         y = self.find(y)
 --- modulename: s167841077, funcname: find
s167841077.py(30):         if self.data[x] < 0:
s167841077.py(32):         self.data[x] = self.find(self.data[x])
 --- modulename: s167841077, funcname: find
s167841077.py(30):         if self.data[x] < 0:
s167841077.py(31):             return x
s167841077.py(33):         return self.data[x]
s167841077.py(21):         if x == y:
s167841077.py(23):         elif self.data[x] < self.data[y]:
s167841077.py(25):         self.data[x] += self.data[y]
s167841077.py(26):         self.data[y] = x
s167841077.py(56):     for i in range(m - 1, -1, -1):
s167841077.py(57):         a[i] -= 1
s167841077.py(58):         b[i] -= 1
s167841077.py(59):         ans[i] = ans[i + 1]
s167841077.py(60):         if uf.same(a[i], b[i]):
 --- modulename: s167841077, funcname: same
s167841077.py(37):         return self.find(x) == self.find(y)
 --- modulename: s167841077, funcname: find
s167841077.py(30):         if self.data[x] < 0:
s167841077.py(32):         self.data[x] = self.find(self.data[x])
 --- modulename: s167841077, funcname: find
s167841077.py(30):         if self.data[x] < 0:
s167841077.py(32):         self.data[x] = self.find(self.data[x])
 --- modulename: s167841077, funcname: find
s167841077.py(30):         if self.data[x] < 0:
s167841077.py(31):             return x
s167841077.py(33):         return self.data[x]
s167841077.py(33):         return self.data[x]
 --- modulename: s167841077, funcname: find
s167841077.py(30):         if self.data[x] < 0:
s167841077.py(32):         self.data[x] = self.find(self.data[x])
 --- modulename: s167841077, funcname: find
s167841077.py(30):         if self.data[x] < 0:
s167841077.py(31):             return x
s167841077.py(33):         return self.data[x]
s167841077.py(61):             continue
s167841077.py(56):     for i in range(m - 1, -1, -1):
s167841077.py(57):         a[i] -= 1
s167841077.py(58):         b[i] -= 1
s167841077.py(59):         ans[i] = ans[i + 1]
s167841077.py(60):         if uf.same(a[i], b[i]):
 --- modulename: s167841077, funcname: same
s167841077.py(37):         return self.find(x) == self.find(y)
 --- modulename: s167841077, funcname: find
s167841077.py(30):         if self.data[x] < 0:
s167841077.py(31):             return x
 --- modulename: s167841077, funcname: find
s167841077.py(30):         if self.data[x] < 0:
s167841077.py(32):         self.data[x] = self.find(self.data[x])
 --- modulename: s167841077, funcname: find
s167841077.py(30):         if self.data[x] < 0:
s167841077.py(31):             return x
s167841077.py(33):         return self.data[x]
s167841077.py(61):             continue
s167841077.py(56):     for i in range(m - 1, -1, -1):
s167841077.py(69):     for i in range(1, m + 1):
s167841077.py(70):         print(ans[i])
0
s167841077.py(69):     for i in range(1, m + 1):
s167841077.py(70):         print(ans[i])
0
s167841077.py(69):     for i in range(1, m + 1):
s167841077.py(70):         print(ans[i])
4
s167841077.py(69):     for i in range(1, m + 1):
s167841077.py(70):         print(ans[i])
5
s167841077.py(69):     for i in range(1, m + 1):
s167841077.py(70):         print(ans[i])
6
s167841077.py(69):     for i in range(1, m + 1):
