 --- modulename: s171000790, funcname: <module>
s171000790.py(1): import sys
s171000790.py(3): def II(): return int(input())
s171000790.py(4): def MI(): return map(int,input().split())
s171000790.py(5): def LI(): return list(map(int,input().split()))
s171000790.py(6): def TI(): return tuple(map(int,input().split()))
s171000790.py(7): def RN(N): return [input().strip() for i in range(N)]
s171000790.py(10): def main():
s171000790.py(36): if __name__ == "__main__":
s171000790.py(37): 	main()
 --- modulename: s171000790, funcname: main
s171000790.py(11):     N = II()
 --- modulename: s171000790, funcname: II
s171000790.py(3): def II(): return int(input())
 --- modulename: codecs, funcname: getstate
codecs.py(333):         return (self.buffer, 0)
 --- modulename: codecs, funcname: decode
codecs.py(321):         data = self.buffer + input
codecs.py(322):         (result, consumed) = self._buffer_decode(data, self.errors, final)
codecs.py(324):         self.buffer = data[consumed:]
codecs.py(325):         return result
s171000790.py(12):     c = str(input())
s171000790.py(14):     x = 1
s171000790.py(15):     ans = 0
s171000790.py(16):     y = 0
s171000790.py(18):     for i in range(N):
s171000790.py(19):         if y != 0:
s171000790.py(21):         if c[i] == "W":
s171000790.py(22):             for j in range(x, N):
s171000790.py(23):                 ii = -j
s171000790.py(24):                 if c[ii] == "R" and j < N-i:
s171000790.py(25):                     ans += 1
s171000790.py(26):                     x = j+1
s171000790.py(27):                     break
s171000790.py(18):     for i in range(N):
s171000790.py(19):         if y != 0:
s171000790.py(21):         if c[i] == "W":
s171000790.py(22):             for j in range(x, N):
s171000790.py(23):                 ii = -j
s171000790.py(24):                 if c[ii] == "R" and j < N-i:
s171000790.py(25):                     ans += 1
s171000790.py(26):                     x = j+1
s171000790.py(27):                     break
s171000790.py(18):     for i in range(N):
s171000790.py(19):         if y != 0:
s171000790.py(21):         if c[i] == "W":
s171000790.py(18):     for i in range(N):
s171000790.py(19):         if y != 0:
s171000790.py(21):         if c[i] == "W":
s171000790.py(18):     for i in range(N):
s171000790.py(34):     print(ans)
2
