 --- modulename: s175156280, funcname: <module>
s175156280.py(2): import sys
s175156280.py(3): from collections import Counter
 --- modulename: _bootstrap, funcname: _handle_fromlist
<frozen importlib._bootstrap>(1043): <frozen importlib._bootstrap>(1044): <frozen importlib._bootstrap>(1051): <frozen importlib._bootstrap>(1055): <frozen importlib._bootstrap>(1043): <frozen importlib._bootstrap>(1067): s175156280.py(4): INF = float("inf")
s175156280.py(7): def solve(N: int, s: "List[str]", M: int, t: "List[str]"):
s175156280.py(21): def main():
s175156280.py(35): if __name__ == '__main__':
s175156280.py(36):     main()
 --- modulename: s175156280, funcname: main
s175156280.py(23):     def iterate_tokens():
s175156280.py(27):     tokens = iterate_tokens()
s175156280.py(28):     N = int(next(tokens))  # type: int
 --- modulename: s175156280, funcname: iterate_tokens
s175156280.py(24):         for line in sys.stdin:
 --- modulename: codecs, funcname: decode
codecs.py(321):         data = self.buffer + input
codecs.py(322):         (result, consumed) = self._buffer_decode(data, self.errors, final)
codecs.py(324):         self.buffer = data[consumed:]
codecs.py(325):         return result
s175156280.py(25):             for word in line.split():
s175156280.py(26):                 yield word
s175156280.py(29):     s = [next(tokens) for _ in range(N)]  # type: "List[str]"
 --- modulename: s175156280, funcname: <listcomp>
s175156280.py(29):     s = [next(tokens) for _ in range(N)]  # type: "List[str]"
 --- modulename: s175156280, funcname: iterate_tokens
s175156280.py(25):             for word in line.split():
s175156280.py(24):         for line in sys.stdin:
s175156280.py(25):             for word in line.split():
s175156280.py(26):                 yield word
s175156280.py(29):     s = [next(tokens) for _ in range(N)]  # type: "List[str]"
 --- modulename: s175156280, funcname: iterate_tokens
s175156280.py(25):             for word in line.split():
s175156280.py(24):         for line in sys.stdin:
s175156280.py(25):             for word in line.split():
s175156280.py(26):                 yield word
s175156280.py(29):     s = [next(tokens) for _ in range(N)]  # type: "List[str]"
 --- modulename: s175156280, funcname: iterate_tokens
s175156280.py(25):             for word in line.split():
s175156280.py(24):         for line in sys.stdin:
s175156280.py(25):             for word in line.split():
s175156280.py(26):                 yield word
s175156280.py(29):     s = [next(tokens) for _ in range(N)]  # type: "List[str]"
s175156280.py(30):     M = int(next(tokens))  # type: int
 --- modulename: s175156280, funcname: iterate_tokens
s175156280.py(25):             for word in line.split():
s175156280.py(24):         for line in sys.stdin:
s175156280.py(25):             for word in line.split():
s175156280.py(26):                 yield word
s175156280.py(31):     t = [next(tokens) for _ in range(M)]  # type: "List[str]"
 --- modulename: s175156280, funcname: <listcomp>
s175156280.py(31):     t = [next(tokens) for _ in range(M)]  # type: "List[str]"
 --- modulename: s175156280, funcname: iterate_tokens
s175156280.py(25):             for word in line.split():
s175156280.py(24):         for line in sys.stdin:
s175156280.py(25):             for word in line.split():
s175156280.py(26):                 yield word
s175156280.py(31):     t = [next(tokens) for _ in range(M)]  # type: "List[str]"
s175156280.py(32):     solve(N, s, M, t)
 --- modulename: s175156280, funcname: solve
s175156280.py(8):     m = 0
s175156280.py(9):     rec = ""
s175156280.py(10):     sc = Counter(s)
 --- modulename: __init__, funcname: __init__
__init__.py(592):         super().__init__()
__init__.py(593):         self.update(iterable, **kwds)
 --- modulename: __init__, funcname: update
__init__.py(669):         if iterable is not None:
__init__.py(670):             if isinstance(iterable, _collections_abc.Mapping):
 --- modulename: abc, funcname: __instancecheck__
abc.py(119):             return _abc_instancecheck(cls, instance)
 --- modulename: abc, funcname: __subclasscheck__
abc.py(123):             return _abc_subclasscheck(cls, subclass)
 --- modulename: _collections_abc, funcname: __subclasshook__
_collections_abc.py(411):         if cls is Collection:
_collections_abc.py(413):         return NotImplemented
 --- modulename: abc, funcname: __subclasscheck__
abc.py(123):             return _abc_subclasscheck(cls, subclass)
 --- modulename: _collections_abc, funcname: __subclasshook__
_collections_abc.py(411):         if cls is Collection:
_collections_abc.py(413):         return NotImplemented
 --- modulename: abc, funcname: __subclasscheck__
abc.py(123):             return _abc_subclasscheck(cls, subclass)
 --- modulename: _collections_abc, funcname: __subclasshook__
_collections_abc.py(411):         if cls is Collection:
_collections_abc.py(413):         return NotImplemented
 --- modulename: abc, funcname: __subclasscheck__
abc.py(123):             return _abc_subclasscheck(cls, subclass)
 --- modulename: _collections_abc, funcname: __subclasshook__
_collections_abc.py(411):         if cls is Collection:
_collections_abc.py(413):         return NotImplemented
 --- modulename: abc, funcname: __subclasscheck__
abc.py(123):             return _abc_subclasscheck(cls, subclass)
 --- modulename: _collections_abc, funcname: __subclasshook__
_collections_abc.py(411):         if cls is Collection:
_collections_abc.py(413):         return NotImplemented
 --- modulename: abc, funcname: __subclasscheck__
abc.py(123):             return _abc_subclasscheck(cls, subclass)
 --- modulename: _collections_abc, funcname: __subclasshook__
_collections_abc.py(411):         if cls is Collection:
_collections_abc.py(413):         return NotImplemented
 --- modulename: abc, funcname: __subclasscheck__
abc.py(123):             return _abc_subclasscheck(cls, subclass)
 --- modulename: _collections_abc, funcname: __subclasshook__
_collections_abc.py(411):         if cls is Collection:
_collections_abc.py(413):         return NotImplemented
__init__.py(679):                 _count_elements(self, iterable)
__init__.py(680):         if kwds:
s175156280.py(11):     st = Counter(t)
 --- modulename: __init__, funcname: __init__
__init__.py(592):         super().__init__()
__init__.py(593):         self.update(iterable, **kwds)
 --- modulename: __init__, funcname: update
__init__.py(669):         if iterable is not None:
__init__.py(670):             if isinstance(iterable, _collections_abc.Mapping):
 --- modulename: abc, funcname: __instancecheck__
abc.py(119):             return _abc_instancecheck(cls, instance)
__init__.py(679):                 _count_elements(self, iterable)
__init__.py(680):         if kwds:
s175156280.py(12):     for c, v in sc.items():
s175156280.py(13):         if m < v - st[c]:
 --- modulename: __init__, funcname: __missing__
__init__.py(598):         return 0
s175156280.py(14):             rec = c
s175156280.py(15):             m = v - st[c]
 --- modulename: __init__, funcname: __missing__
__init__.py(598):         return 0
s175156280.py(12):     for c, v in sc.items():
s175156280.py(13):         if m < v - st[c]:
 --- modulename: __init__, funcname: __missing__
__init__.py(598):         return 0
s175156280.py(12):     for c, v in sc.items():
s175156280.py(16):     print(m)
2
s175156280.py(18):     return
 --- modulename: s175156280, funcname: iterate_tokens
