 --- modulename: s187475671, funcname: <module>
s187475671.py(1): from sys import stdin
s187475671.py(4): def main() -> None:
s187475671.py(9): def judge(s: str) -> bool:
s187475671.py(27): def next_str() -> str:
s187475671.py(38): if __name__ == '__main__':
s187475671.py(39):     main()
 --- modulename: s187475671, funcname: main
s187475671.py(5):     s = next_str()
 --- modulename: s187475671, funcname: next_str
s187475671.py(28):     result = ""
s187475671.py(30):         tmp = stdin.read(1)
 --- modulename: codecs, funcname: getstate
codecs.py(333):         return (self.buffer, 0)
 --- modulename: codecs, funcname: decode
codecs.py(321):         data = self.buffer + input
codecs.py(322):         (result, consumed) = self._buffer_decode(data, self.errors, final)
codecs.py(324):         self.buffer = data[consumed:]
codecs.py(325):         return result
s187475671.py(31):         if tmp.strip() != "":
s187475671.py(32):             result += tmp
s187475671.py(30):         tmp = stdin.read(1)
s187475671.py(31):         if tmp.strip() != "":
s187475671.py(32):             result += tmp
s187475671.py(30):         tmp = stdin.read(1)
s187475671.py(31):         if tmp.strip() != "":
s187475671.py(32):             result += tmp
s187475671.py(30):         tmp = stdin.read(1)
s187475671.py(31):         if tmp.strip() != "":
s187475671.py(32):             result += tmp
s187475671.py(30):         tmp = stdin.read(1)
s187475671.py(31):         if tmp.strip() != "":
s187475671.py(32):             result += tmp
s187475671.py(30):         tmp = stdin.read(1)
s187475671.py(31):         if tmp.strip() != "":
s187475671.py(32):             result += tmp
s187475671.py(30):         tmp = stdin.read(1)
s187475671.py(31):         if tmp.strip() != "":
s187475671.py(32):             result += tmp
s187475671.py(30):         tmp = stdin.read(1)
s187475671.py(31):         if tmp.strip() != "":
s187475671.py(33):         elif tmp != '\r':
s187475671.py(34):             break
s187475671.py(35):     return result
s187475671.py(6):     print(("WA", "AC")[judge(s)])
 --- modulename: s187475671, funcname: judge
s187475671.py(10):     flg = False
s187475671.py(11):     n = len(s)
s187475671.py(13):     for i in range(n):
s187475671.py(14):         if i == 0:
s187475671.py(15):             if s[i] != 'A':
s187475671.py(13):     for i in range(n):
s187475671.py(14):         if i == 0:
s187475671.py(17):         elif 2 <= i < n - 1 and s[i] == 'C' and not flg:
s187475671.py(19):         elif s[i] != s[i].lower():
s187475671.py(13):     for i in range(n):
s187475671.py(14):         if i == 0:
s187475671.py(17):         elif 2 <= i < n - 1 and s[i] == 'C' and not flg:
s187475671.py(18):             flg = True
s187475671.py(13):     for i in range(n):
s187475671.py(14):         if i == 0:
s187475671.py(17):         elif 2 <= i < n - 1 and s[i] == 'C' and not flg:
s187475671.py(19):         elif s[i] != s[i].lower():
s187475671.py(13):     for i in range(n):
s187475671.py(14):         if i == 0:
s187475671.py(17):         elif 2 <= i < n - 1 and s[i] == 'C' and not flg:
s187475671.py(19):         elif s[i] != s[i].lower():
s187475671.py(13):     for i in range(n):
s187475671.py(14):         if i == 0:
s187475671.py(17):         elif 2 <= i < n - 1 and s[i] == 'C' and not flg:
s187475671.py(19):         elif s[i] != s[i].lower():
s187475671.py(13):     for i in range(n):
s187475671.py(14):         if i == 0:
s187475671.py(17):         elif 2 <= i < n - 1 and s[i] == 'C' and not flg:
s187475671.py(19):         elif s[i] != s[i].lower():
s187475671.py(13):     for i in range(n):
s187475671.py(22):     if not flg:
s187475671.py(24):     return True
AC
