 --- modulename: s215006808, funcname: <module>
s215006808.py(1): import heapq
s215006808.py(3): class mcf_graph_int_cost:
 --- modulename: s215006808, funcname: mcf_graph_int_cost
s215006808.py(3): class mcf_graph_int_cost:
s215006808.py(4):     """
s215006808.py(9):     def __init__(self, n):
s215006808.py(15):     def add_edge(self, from_, to, cap, cost):
s215006808.py(25):     class edge:
 --- modulename: s215006808, funcname: edge
s215006808.py(25):     class edge:
s215006808.py(26):         def __init__(self, from_, to, cap, flow, cost):
s215006808.py(34):     def get_edge(self, i):
s215006808.py(40):     def edges(self):
s215006808.py(49):     def slope(self, s, t, flow_limit=4294967295):
s215006808.py(124):     def flow(self, s, t, flow_limit=4294967295):
s215006808.py(128):     class _edge:
 --- modulename: s215006808, funcname: _edge
s215006808.py(128):     class _edge:
s215006808.py(129):         def __init__(self, to, rev, cap, cost):
s215006808.py(136): BIG = 10 ** 9
s215006808.py(138): import sys
s215006808.py(139): input = sys.stdin.readline
s215006808.py(141): N, K = map(int, input().split())
 --- modulename: codecs, funcname: getstate
codecs.py(333):         return (self.buffer, 0)
 --- modulename: codecs, funcname: decode
codecs.py(321):         data = self.buffer + input
codecs.py(322):         (result, consumed) = self._buffer_decode(data, self.errors, final)
codecs.py(324):         self.buffer = data[consumed:]
codecs.py(325):         return result
s215006808.py(143): g = mcf_graph_int_cost(2 * N + 2)
 --- modulename: s215006808, funcname: __init__
s215006808.py(10):         self.n = n
s215006808.py(11):         self.pos = []
s215006808.py(12):         self.g = [[] for _ in range(n)]
 --- modulename: s215006808, funcname: <listcomp>
s215006808.py(12):         self.g = [[] for _ in range(n)]
s215006808.py(12):         self.g = [[] for _ in range(n)]
s215006808.py(12):         self.g = [[] for _ in range(n)]
s215006808.py(12):         self.g = [[] for _ in range(n)]
s215006808.py(12):         self.g = [[] for _ in range(n)]
s215006808.py(12):         self.g = [[] for _ in range(n)]
s215006808.py(12):         self.g = [[] for _ in range(n)]
s215006808.py(12):         self.g = [[] for _ in range(n)]
s215006808.py(12):         self.g = [[] for _ in range(n)]
s215006808.py(144): s = 2 * N
s215006808.py(145): t = 2 * N + 1
s215006808.py(147): g.add_edge(s, t, N * K, BIG)
 --- modulename: s215006808, funcname: add_edge
s215006808.py(18):         m = len(self.pos)
s215006808.py(19):         self.pos.append((from_, len(self.g[from_])))
s215006808.py(20):         self.g[from_].append(self.__class__._edge(to, len(self.g[to]), cap, cost))
 --- modulename: s215006808, funcname: __init__
s215006808.py(130):             self.to = to
s215006808.py(131):             self.rev = rev
s215006808.py(132):             self.cap = cap
s215006808.py(133):             self.cost = cost
s215006808.py(21):         self.g[to].append(self.__class__._edge(from_, len(self.g[from_]) - 1, 0, -cost))
 --- modulename: s215006808, funcname: __init__
s215006808.py(130):             self.to = to
s215006808.py(131):             self.rev = rev
s215006808.py(132):             self.cap = cap
s215006808.py(133):             self.cost = cost
s215006808.py(22):         return m
s215006808.py(148): for i in range(N):
s215006808.py(149):     g.add_edge(s, i, K, 0)
 --- modulename: s215006808, funcname: add_edge
s215006808.py(18):         m = len(self.pos)
s215006808.py(19):         self.pos.append((from_, len(self.g[from_])))
s215006808.py(20):         self.g[from_].append(self.__class__._edge(to, len(self.g[to]), cap, cost))
 --- modulename: s215006808, funcname: __init__
s215006808.py(130):             self.to = to
s215006808.py(131):             self.rev = rev
s215006808.py(132):             self.cap = cap
s215006808.py(133):             self.cost = cost
s215006808.py(21):         self.g[to].append(self.__class__._edge(from_, len(self.g[from_]) - 1, 0, -cost))
 --- modulename: s215006808, funcname: __init__
s215006808.py(130):             self.to = to
s215006808.py(131):             self.rev = rev
s215006808.py(132):             self.cap = cap
s215006808.py(133):             self.cost = cost
s215006808.py(22):         return m
s215006808.py(150):     g.add_edge(N + i, t, K, 0)
 --- modulename: s215006808, funcname: add_edge
s215006808.py(18):         m = len(self.pos)
s215006808.py(19):         self.pos.append((from_, len(self.g[from_])))
s215006808.py(20):         self.g[from_].append(self.__class__._edge(to, len(self.g[to]), cap, cost))
 --- modulename: s215006808, funcname: __init__
s215006808.py(130):             self.to = to
s215006808.py(131):             self.rev = rev
s215006808.py(132):             self.cap = cap
s215006808.py(133):             self.cost = cost
s215006808.py(21):         self.g[to].append(self.__class__._edge(from_, len(self.g[from_]) - 1, 0, -cost))
 --- modulename: s215006808, funcname: __init__
s215006808.py(130):             self.to = to
s215006808.py(131):             self.rev = rev
s215006808.py(132):             self.cap = cap
s215006808.py(133):             self.cost = cost
s215006808.py(22):         return m
s215006808.py(148): for i in range(N):
s215006808.py(149):     g.add_edge(s, i, K, 0)
 --- modulename: s215006808, funcname: add_edge
s215006808.py(18):         m = len(self.pos)
s215006808.py(19):         self.pos.append((from_, len(self.g[from_])))
s215006808.py(20):         self.g[from_].append(self.__class__._edge(to, len(self.g[to]), cap, cost))
 --- modulename: s215006808, funcname: __init__
s215006808.py(130):             self.to = to
s215006808.py(131):             self.rev = rev
s215006808.py(132):             self.cap = cap
s215006808.py(133):             self.cost = cost
s215006808.py(21):         self.g[to].append(self.__class__._edge(from_, len(self.g[from_]) - 1, 0, -cost))
 --- modulename: s215006808, funcname: __init__
s215006808.py(130):             self.to = to
s215006808.py(131):             self.rev = rev
s215006808.py(132):             self.cap = cap
s215006808.py(133):             self.cost = cost
s215006808.py(22):         return m
s215006808.py(150):     g.add_edge(N + i, t, K, 0)
 --- modulename: s215006808, funcname: add_edge
s215006808.py(18):         m = len(self.pos)
s215006808.py(19):         self.pos.append((from_, len(self.g[from_])))
s215006808.py(20):         self.g[from_].append(self.__class__._edge(to, len(self.g[to]), cap, cost))
 --- modulename: s215006808, funcname: __init__
s215006808.py(130):             self.to = to
s215006808.py(131):             self.rev = rev
s215006808.py(132):             self.cap = cap
s215006808.py(133):             self.cost = cost
s215006808.py(21):         self.g[to].append(self.__class__._edge(from_, len(self.g[from_]) - 1, 0, -cost))
 --- modulename: s215006808, funcname: __init__
s215006808.py(130):             self.to = to
s215006808.py(131):             self.rev = rev
s215006808.py(132):             self.cap = cap
s215006808.py(133):             self.cost = cost
s215006808.py(22):         return m
s215006808.py(148): for i in range(N):
s215006808.py(149):     g.add_edge(s, i, K, 0)
 --- modulename: s215006808, funcname: add_edge
s215006808.py(18):         m = len(self.pos)
s215006808.py(19):         self.pos.append((from_, len(self.g[from_])))
s215006808.py(20):         self.g[from_].append(self.__class__._edge(to, len(self.g[to]), cap, cost))
 --- modulename: s215006808, funcname: __init__
s215006808.py(130):             self.to = to
s215006808.py(131):             self.rev = rev
s215006808.py(132):             self.cap = cap
s215006808.py(133):             self.cost = cost
s215006808.py(21):         self.g[to].append(self.__class__._edge(from_, len(self.g[from_]) - 1, 0, -cost))
 --- modulename: s215006808, funcname: __init__
s215006808.py(130):             self.to = to
s215006808.py(131):             self.rev = rev
s215006808.py(132):             self.cap = cap
s215006808.py(133):             self.cost = cost
s215006808.py(22):         return m
s215006808.py(150):     g.add_edge(N + i, t, K, 0)
 --- modulename: s215006808, funcname: add_edge
s215006808.py(18):         m = len(self.pos)
s215006808.py(19):         self.pos.append((from_, len(self.g[from_])))
s215006808.py(20):         self.g[from_].append(self.__class__._edge(to, len(self.g[to]), cap, cost))
 --- modulename: s215006808, funcname: __init__
s215006808.py(130):             self.to = to
s215006808.py(131):             self.rev = rev
s215006808.py(132):             self.cap = cap
s215006808.py(133):             self.cost = cost
s215006808.py(21):         self.g[to].append(self.__class__._edge(from_, len(self.g[from_]) - 1, 0, -cost))
 --- modulename: s215006808, funcname: __init__
s215006808.py(130):             self.to = to
s215006808.py(131):             self.rev = rev
s215006808.py(132):             self.cap = cap
s215006808.py(133):             self.cost = cost
s215006808.py(22):         return m
s215006808.py(148): for i in range(N):
s215006808.py(152): for i in range(N):
s215006808.py(153):     As = map(int, input().split())
s215006808.py(154):     for j, A in enumerate(As):
s215006808.py(155):         g.add_edge(i, N + j, 1, BIG - A)
 --- modulename: s215006808, funcname: add_edge
s215006808.py(18):         m = len(self.pos)
s215006808.py(19):         self.pos.append((from_, len(self.g[from_])))
s215006808.py(20):         self.g[from_].append(self.__class__._edge(to, len(self.g[to]), cap, cost))
 --- modulename: s215006808, funcname: __init__
s215006808.py(130):             self.to = to
s215006808.py(131):             self.rev = rev
s215006808.py(132):             self.cap = cap
s215006808.py(133):             self.cost = cost
s215006808.py(21):         self.g[to].append(self.__class__._edge(from_, len(self.g[from_]) - 1, 0, -cost))
 --- modulename: s215006808, funcname: __init__
s215006808.py(130):             self.to = to
s215006808.py(131):             self.rev = rev
s215006808.py(132):             self.cap = cap
s215006808.py(133):             self.cost = cost
s215006808.py(22):         return m
s215006808.py(154):     for j, A in enumerate(As):
s215006808.py(155):         g.add_edge(i, N + j, 1, BIG - A)
 --- modulename: s215006808, funcname: add_edge
s215006808.py(18):         m = len(self.pos)
s215006808.py(19):         self.pos.append((from_, len(self.g[from_])))
s215006808.py(20):         self.g[from_].append(self.__class__._edge(to, len(self.g[to]), cap, cost))
 --- modulename: s215006808, funcname: __init__
s215006808.py(130):             self.to = to
s215006808.py(131):             self.rev = rev
s215006808.py(132):             self.cap = cap
s215006808.py(133):             self.cost = cost
s215006808.py(21):         self.g[to].append(self.__class__._edge(from_, len(self.g[from_]) - 1, 0, -cost))
 --- modulename: s215006808, funcname: __init__
s215006808.py(130):             self.to = to
s215006808.py(131):             self.rev = rev
s215006808.py(132):             self.cap = cap
s215006808.py(133):             self.cost = cost
s215006808.py(22):         return m
s215006808.py(154):     for j, A in enumerate(As):
s215006808.py(155):         g.add_edge(i, N + j, 1, BIG - A)
 --- modulename: s215006808, funcname: add_edge
s215006808.py(18):         m = len(self.pos)
s215006808.py(19):         self.pos.append((from_, len(self.g[from_])))
s215006808.py(20):         self.g[from_].append(self.__class__._edge(to, len(self.g[to]), cap, cost))
 --- modulename: s215006808, funcname: __init__
s215006808.py(130):             self.to = to
s215006808.py(131):             self.rev = rev
s215006808.py(132):             self.cap = cap
s215006808.py(133):             self.cost = cost
s215006808.py(21):         self.g[to].append(self.__class__._edge(from_, len(self.g[from_]) - 1, 0, -cost))
 --- modulename: s215006808, funcname: __init__
s215006808.py(130):             self.to = to
s215006808.py(131):             self.rev = rev
s215006808.py(132):             self.cap = cap
s215006808.py(133):             self.cost = cost
s215006808.py(22):         return m
s215006808.py(154):     for j, A in enumerate(As):
s215006808.py(152): for i in range(N):
s215006808.py(153):     As = map(int, input().split())
s215006808.py(154):     for j, A in enumerate(As):
s215006808.py(155):         g.add_edge(i, N + j, 1, BIG - A)
 --- modulename: s215006808, funcname: add_edge
s215006808.py(18):         m = len(self.pos)
s215006808.py(19):         self.pos.append((from_, len(self.g[from_])))
s215006808.py(20):         self.g[from_].append(self.__class__._edge(to, len(self.g[to]), cap, cost))
 --- modulename: s215006808, funcname: __init__
s215006808.py(130):             self.to = to
s215006808.py(131):             self.rev = rev
s215006808.py(132):             self.cap = cap
s215006808.py(133):             self.cost = cost
s215006808.py(21):         self.g[to].append(self.__class__._edge(from_, len(self.g[from_]) - 1, 0, -cost))
 --- modulename: s215006808, funcname: __init__
s215006808.py(130):             self.to = to
s215006808.py(131):             self.rev = rev
s215006808.py(132):             self.cap = cap
s215006808.py(133):             self.cost = cost
s215006808.py(22):         return m
s215006808.py(154):     for j, A in enumerate(As):
s215006808.py(155):         g.add_edge(i, N + j, 1, BIG - A)
 --- modulename: s215006808, funcname: add_edge
s215006808.py(18):         m = len(self.pos)
s215006808.py(19):         self.pos.append((from_, len(self.g[from_])))
s215006808.py(20):         self.g[from_].append(self.__class__._edge(to, len(self.g[to]), cap, cost))
 --- modulename: s215006808, funcname: __init__
s215006808.py(130):             self.to = to
s215006808.py(131):             self.rev = rev
s215006808.py(132):             self.cap = cap
s215006808.py(133):             self.cost = cost
s215006808.py(21):         self.g[to].append(self.__class__._edge(from_, len(self.g[from_]) - 1, 0, -cost))
 --- modulename: s215006808, funcname: __init__
s215006808.py(130):             self.to = to
s215006808.py(131):             self.rev = rev
s215006808.py(132):             self.cap = cap
s215006808.py(133):             self.cost = cost
s215006808.py(22):         return m
s215006808.py(154):     for j, A in enumerate(As):
s215006808.py(155):         g.add_edge(i, N + j, 1, BIG - A)
 --- modulename: s215006808, funcname: add_edge
s215006808.py(18):         m = len(self.pos)
s215006808.py(19):         self.pos.append((from_, len(self.g[from_])))
s215006808.py(20):         self.g[from_].append(self.__class__._edge(to, len(self.g[to]), cap, cost))
 --- modulename: s215006808, funcname: __init__
s215006808.py(130):             self.to = to
s215006808.py(131):             self.rev = rev
s215006808.py(132):             self.cap = cap
s215006808.py(133):             self.cost = cost
s215006808.py(21):         self.g[to].append(self.__class__._edge(from_, len(self.g[from_]) - 1, 0, -cost))
 --- modulename: s215006808, funcname: __init__
s215006808.py(130):             self.to = to
s215006808.py(131):             self.rev = rev
s215006808.py(132):             self.cap = cap
s215006808.py(133):             self.cost = cost
s215006808.py(22):         return m
s215006808.py(154):     for j, A in enumerate(As):
s215006808.py(152): for i in range(N):
s215006808.py(153):     As = map(int, input().split())
s215006808.py(154):     for j, A in enumerate(As):
s215006808.py(155):         g.add_edge(i, N + j, 1, BIG - A)
 --- modulename: s215006808, funcname: add_edge
s215006808.py(18):         m = len(self.pos)
s215006808.py(19):         self.pos.append((from_, len(self.g[from_])))
s215006808.py(20):         self.g[from_].append(self.__class__._edge(to, len(self.g[to]), cap, cost))
 --- modulename: s215006808, funcname: __init__
s215006808.py(130):             self.to = to
s215006808.py(131):             self.rev = rev
s215006808.py(132):             self.cap = cap
s215006808.py(133):             self.cost = cost
s215006808.py(21):         self.g[to].append(self.__class__._edge(from_, len(self.g[from_]) - 1, 0, -cost))
 --- modulename: s215006808, funcname: __init__
s215006808.py(130):             self.to = to
s215006808.py(131):             self.rev = rev
s215006808.py(132):             self.cap = cap
s215006808.py(133):             self.cost = cost
s215006808.py(22):         return m
s215006808.py(154):     for j, A in enumerate(As):
s215006808.py(155):         g.add_edge(i, N + j, 1, BIG - A)
 --- modulename: s215006808, funcname: add_edge
s215006808.py(18):         m = len(self.pos)
s215006808.py(19):         self.pos.append((from_, len(self.g[from_])))
s215006808.py(20):         self.g[from_].append(self.__class__._edge(to, len(self.g[to]), cap, cost))
 --- modulename: s215006808, funcname: __init__
s215006808.py(130):             self.to = to
s215006808.py(131):             self.rev = rev
s215006808.py(132):             self.cap = cap
s215006808.py(133):             self.cost = cost
s215006808.py(21):         self.g[to].append(self.__class__._edge(from_, len(self.g[from_]) - 1, 0, -cost))
 --- modulename: s215006808, funcname: __init__
s215006808.py(130):             self.to = to
s215006808.py(131):             self.rev = rev
s215006808.py(132):             self.cap = cap
s215006808.py(133):             self.cost = cost
s215006808.py(22):         return m
s215006808.py(154):     for j, A in enumerate(As):
s215006808.py(155):         g.add_edge(i, N + j, 1, BIG - A)
 --- modulename: s215006808, funcname: add_edge
s215006808.py(18):         m = len(self.pos)
s215006808.py(19):         self.pos.append((from_, len(self.g[from_])))
s215006808.py(20):         self.g[from_].append(self.__class__._edge(to, len(self.g[to]), cap, cost))
 --- modulename: s215006808, funcname: __init__
s215006808.py(130):             self.to = to
s215006808.py(131):             self.rev = rev
s215006808.py(132):             self.cap = cap
s215006808.py(133):             self.cost = cost
s215006808.py(21):         self.g[to].append(self.__class__._edge(from_, len(self.g[from_]) - 1, 0, -cost))
 --- modulename: s215006808, funcname: __init__
s215006808.py(130):             self.to = to
s215006808.py(131):             self.rev = rev
s215006808.py(132):             self.cap = cap
s215006808.py(133):             self.cost = cost
s215006808.py(22):         return m
s215006808.py(154):     for j, A in enumerate(As):
s215006808.py(152): for i in range(N):
s215006808.py(157): result = g.flow(s, t, N * K)
 --- modulename: s215006808, funcname: flow
s215006808.py(125):         return self.slope(s, t, flow_limit)[-1]
 --- modulename: s215006808, funcname: slope
s215006808.py(54):         dual = [0] * self.n
s215006808.py(55):         dist = [4294967295] * self.n
s215006808.py(56):         pv = [-1] * self.n
s215006808.py(57):         pe = [-1] * self.n
s215006808.py(58):         vis = [False] * self.n
s215006808.py(60):         def _dual_ref():
s215006808.py(96):         flow = 0
s215006808.py(97):         cost = 0
s215006808.py(98):         prev_cost = -1
s215006808.py(99):         result = [(flow, cost)]
s215006808.py(100):         while flow < flow_limit:
s215006808.py(101):             if not _dual_ref():
 --- modulename: s215006808, funcname: _dual_ref
s215006808.py(62):             dist = [4294967295] * self.n
s215006808.py(63):             pv = [-1] * self.n
s215006808.py(64):             pe = [-1] * self.n
s215006808.py(65):             vis = [False] * self.n
s215006808.py(67):             que = [s]
s215006808.py(68):             dist[s] = 0
s215006808.py(69):             while que:
s215006808.py(70):                 v = heapq.heappop(que) & 4294967295
s215006808.py(71):                 if vis[v]:
s215006808.py(73):                 vis[v] = True
s215006808.py(74):                 if v == t:
s215006808.py(76):                 for i in range(len(self.g[v])):
s215006808.py(77):                     e = self.g[v][i]
s215006808.py(78):                     if vis[e.to] or e.cap == 0:
s215006808.py(80):                     cost = e.cost - dual[e.to] + dual[v]
s215006808.py(81):                     if dist[e.to] > dist[v] + cost:
s215006808.py(82):                         dist[e.to] = dist[v] + cost
s215006808.py(83):                         pv[e.to] = v
s215006808.py(84):                         pe[e.to] = i
s215006808.py(85):                         heapq.heappush(que, ((dist[e.to] << 32) + e.to))
s215006808.py(76):                 for i in range(len(self.g[v])):
s215006808.py(77):                     e = self.g[v][i]
s215006808.py(78):                     if vis[e.to] or e.cap == 0:
s215006808.py(80):                     cost = e.cost - dual[e.to] + dual[v]
s215006808.py(81):                     if dist[e.to] > dist[v] + cost:
s215006808.py(82):                         dist[e.to] = dist[v] + cost
s215006808.py(83):                         pv[e.to] = v
s215006808.py(84):                         pe[e.to] = i
s215006808.py(85):                         heapq.heappush(que, ((dist[e.to] << 32) + e.to))
s215006808.py(76):                 for i in range(len(self.g[v])):
s215006808.py(77):                     e = self.g[v][i]
s215006808.py(78):                     if vis[e.to] or e.cap == 0:
s215006808.py(80):                     cost = e.cost - dual[e.to] + dual[v]
s215006808.py(81):                     if dist[e.to] > dist[v] + cost:
s215006808.py(82):                         dist[e.to] = dist[v] + cost
s215006808.py(83):                         pv[e.to] = v
s215006808.py(84):                         pe[e.to] = i
s215006808.py(85):                         heapq.heappush(que, ((dist[e.to] << 32) + e.to))
s215006808.py(76):                 for i in range(len(self.g[v])):
s215006808.py(77):                     e = self.g[v][i]
s215006808.py(78):                     if vis[e.to] or e.cap == 0:
s215006808.py(80):                     cost = e.cost - dual[e.to] + dual[v]
s215006808.py(81):                     if dist[e.to] > dist[v] + cost:
s215006808.py(82):                         dist[e.to] = dist[v] + cost
s215006808.py(83):                         pv[e.to] = v
s215006808.py(84):                         pe[e.to] = i
s215006808.py(85):                         heapq.heappush(que, ((dist[e.to] << 32) + e.to))
s215006808.py(76):                 for i in range(len(self.g[v])):
s215006808.py(69):             while que:
s215006808.py(70):                 v = heapq.heappop(que) & 4294967295
s215006808.py(71):                 if vis[v]:
s215006808.py(73):                 vis[v] = True
s215006808.py(74):                 if v == t:
s215006808.py(76):                 for i in range(len(self.g[v])):
s215006808.py(77):                     e = self.g[v][i]
s215006808.py(78):                     if vis[e.to] or e.cap == 0:
s215006808.py(76):                 for i in range(len(self.g[v])):
s215006808.py(77):                     e = self.g[v][i]
s215006808.py(78):                     if vis[e.to] or e.cap == 0:
s215006808.py(80):                     cost = e.cost - dual[e.to] + dual[v]
s215006808.py(81):                     if dist[e.to] > dist[v] + cost:
s215006808.py(82):                         dist[e.to] = dist[v] + cost
s215006808.py(83):                         pv[e.to] = v
s215006808.py(84):                         pe[e.to] = i
s215006808.py(85):                         heapq.heappush(que, ((dist[e.to] << 32) + e.to))
s215006808.py(76):                 for i in range(len(self.g[v])):
s215006808.py(77):                     e = self.g[v][i]
s215006808.py(78):                     if vis[e.to] or e.cap == 0:
s215006808.py(80):                     cost = e.cost - dual[e.to] + dual[v]
s215006808.py(81):                     if dist[e.to] > dist[v] + cost:
s215006808.py(82):                         dist[e.to] = dist[v] + cost
s215006808.py(83):                         pv[e.to] = v
s215006808.py(84):                         pe[e.to] = i
s215006808.py(85):                         heapq.heappush(que, ((dist[e.to] << 32) + e.to))
s215006808.py(76):                 for i in range(len(self.g[v])):
s215006808.py(77):                     e = self.g[v][i]
s215006808.py(78):                     if vis[e.to] or e.cap == 0:
s215006808.py(80):                     cost = e.cost - dual[e.to] + dual[v]
s215006808.py(81):                     if dist[e.to] > dist[v] + cost:
s215006808.py(82):                         dist[e.to] = dist[v] + cost
s215006808.py(83):                         pv[e.to] = v
s215006808.py(84):                         pe[e.to] = i
s215006808.py(85):                         heapq.heappush(que, ((dist[e.to] << 32) + e.to))
s215006808.py(76):                 for i in range(len(self.g[v])):
s215006808.py(69):             while que:
s215006808.py(70):                 v = heapq.heappop(que) & 4294967295
s215006808.py(71):                 if vis[v]:
s215006808.py(73):                 vis[v] = True
s215006808.py(74):                 if v == t:
s215006808.py(76):                 for i in range(len(self.g[v])):
s215006808.py(77):                     e = self.g[v][i]
s215006808.py(78):                     if vis[e.to] or e.cap == 0:
s215006808.py(76):                 for i in range(len(self.g[v])):
s215006808.py(77):                     e = self.g[v][i]
s215006808.py(78):                     if vis[e.to] or e.cap == 0:
s215006808.py(80):                     cost = e.cost - dual[e.to] + dual[v]
s215006808.py(81):                     if dist[e.to] > dist[v] + cost:
s215006808.py(76):                 for i in range(len(self.g[v])):
s215006808.py(77):                     e = self.g[v][i]
s215006808.py(78):                     if vis[e.to] or e.cap == 0:
s215006808.py(80):                     cost = e.cost - dual[e.to] + dual[v]
s215006808.py(81):                     if dist[e.to] > dist[v] + cost:
s215006808.py(82):                         dist[e.to] = dist[v] + cost
s215006808.py(83):                         pv[e.to] = v
s215006808.py(84):                         pe[e.to] = i
s215006808.py(85):                         heapq.heappush(que, ((dist[e.to] << 32) + e.to))
s215006808.py(76):                 for i in range(len(self.g[v])):
s215006808.py(77):                     e = self.g[v][i]
s215006808.py(78):                     if vis[e.to] or e.cap == 0:
s215006808.py(80):                     cost = e.cost - dual[e.to] + dual[v]
s215006808.py(81):                     if dist[e.to] > dist[v] + cost:
s215006808.py(82):                         dist[e.to] = dist[v] + cost
s215006808.py(83):                         pv[e.to] = v
s215006808.py(84):                         pe[e.to] = i
s215006808.py(85):                         heapq.heappush(que, ((dist[e.to] << 32) + e.to))
s215006808.py(76):                 for i in range(len(self.g[v])):
s215006808.py(69):             while que:
s215006808.py(70):                 v = heapq.heappop(que) & 4294967295
s215006808.py(71):                 if vis[v]:
s215006808.py(73):                 vis[v] = True
s215006808.py(74):                 if v == t:
s215006808.py(76):                 for i in range(len(self.g[v])):
s215006808.py(77):                     e = self.g[v][i]
s215006808.py(78):                     if vis[e.to] or e.cap == 0:
s215006808.py(76):                 for i in range(len(self.g[v])):
s215006808.py(77):                     e = self.g[v][i]
s215006808.py(78):                     if vis[e.to] or e.cap == 0:
s215006808.py(80):                     cost = e.cost - dual[e.to] + dual[v]
s215006808.py(81):                     if dist[e.to] > dist[v] + cost:
s215006808.py(82):                         dist[e.to] = dist[v] + cost
s215006808.py(83):                         pv[e.to] = v
s215006808.py(84):                         pe[e.to] = i
s215006808.py(85):                         heapq.heappush(que, ((dist[e.to] << 32) + e.to))
s215006808.py(76):                 for i in range(len(self.g[v])):
s215006808.py(77):                     e = self.g[v][i]
s215006808.py(78):                     if vis[e.to] or e.cap == 0:
s215006808.py(80):                     cost = e.cost - dual[e.to] + dual[v]
s215006808.py(81):                     if dist[e.to] > dist[v] + cost:
s215006808.py(82):                         dist[e.to] = dist[v] + cost
s215006808.py(83):                         pv[e.to] = v
s215006808.py(84):                         pe[e.to] = i
s215006808.py(85):                         heapq.heappush(que, ((dist[e.to] << 32) + e.to))
s215006808.py(76):                 for i in range(len(self.g[v])):
s215006808.py(77):                     e = self.g[v][i]
s215006808.py(78):                     if vis[e.to] or e.cap == 0:
s215006808.py(80):                     cost = e.cost - dual[e.to] + dual[v]
s215006808.py(81):                     if dist[e.to] > dist[v] + cost:
s215006808.py(82):                         dist[e.to] = dist[v] + cost
s215006808.py(83):                         pv[e.to] = v
s215006808.py(84):                         pe[e.to] = i
s215006808.py(85):                         heapq.heappush(que, ((dist[e.to] << 32) + e.to))
s215006808.py(76):                 for i in range(len(self.g[v])):
s215006808.py(69):             while que:
s215006808.py(70):                 v = heapq.heappop(que) & 4294967295
s215006808.py(71):                 if vis[v]:
s215006808.py(73):                 vis[v] = True
s215006808.py(74):                 if v == t:
s215006808.py(76):                 for i in range(len(self.g[v])):
s215006808.py(77):                     e = self.g[v][i]
s215006808.py(78):                     if vis[e.to] or e.cap == 0:
s215006808.py(80):                     cost = e.cost - dual[e.to] + dual[v]
s215006808.py(81):                     if dist[e.to] > dist[v] + cost:
s215006808.py(82):                         dist[e.to] = dist[v] + cost
s215006808.py(83):                         pv[e.to] = v
s215006808.py(84):                         pe[e.to] = i
s215006808.py(85):                         heapq.heappush(que, ((dist[e.to] << 32) + e.to))
s215006808.py(76):                 for i in range(len(self.g[v])):
s215006808.py(77):                     e = self.g[v][i]
s215006808.py(78):                     if vis[e.to] or e.cap == 0:
s215006808.py(76):                 for i in range(len(self.g[v])):
s215006808.py(77):                     e = self.g[v][i]
s215006808.py(78):                     if vis[e.to] or e.cap == 0:
s215006808.py(76):                 for i in range(len(self.g[v])):
s215006808.py(77):                     e = self.g[v][i]
s215006808.py(78):                     if vis[e.to] or e.cap == 0:
s215006808.py(76):                 for i in range(len(self.g[v])):
s215006808.py(69):             while que:
s215006808.py(70):                 v = heapq.heappop(que) & 4294967295
s215006808.py(71):                 if vis[v]:
s215006808.py(73):                 vis[v] = True
s215006808.py(74):                 if v == t:
s215006808.py(75):                     break
s215006808.py(86):             if not vis[t]:
s215006808.py(89):             for v in range(self.n):
s215006808.py(90):                 if not vis[v]:
s215006808.py(92):                 dual[v] -= dist[t] - dist[v]
s215006808.py(89):             for v in range(self.n):
s215006808.py(90):                 if not vis[v]:
s215006808.py(92):                 dual[v] -= dist[t] - dist[v]
s215006808.py(89):             for v in range(self.n):
s215006808.py(90):                 if not vis[v]:
s215006808.py(92):                 dual[v] -= dist[t] - dist[v]
s215006808.py(89):             for v in range(self.n):
s215006808.py(90):                 if not vis[v]:
s215006808.py(91):                     continue
s215006808.py(89):             for v in range(self.n):
s215006808.py(90):                 if not vis[v]:
s215006808.py(91):                     continue
s215006808.py(89):             for v in range(self.n):
s215006808.py(90):                 if not vis[v]:
s215006808.py(92):                 dual[v] -= dist[t] - dist[v]
s215006808.py(89):             for v in range(self.n):
s215006808.py(90):                 if not vis[v]:
s215006808.py(92):                 dual[v] -= dist[t] - dist[v]
s215006808.py(89):             for v in range(self.n):
s215006808.py(90):                 if not vis[v]:
s215006808.py(92):                 dual[v] -= dist[t] - dist[v]
s215006808.py(89):             for v in range(self.n):
s215006808.py(94):             return True
s215006808.py(103):             c = flow_limit - flow
s215006808.py(104):             v = t
s215006808.py(105):             while v != s:
s215006808.py(106):                 c = min(c, self.g[pv[v]][pe[v]].cap)
s215006808.py(107):                 v = pv[v]
s215006808.py(105):             while v != s:
s215006808.py(106):                 c = min(c, self.g[pv[v]][pe[v]].cap)
s215006808.py(107):                 v = pv[v]
s215006808.py(105):             while v != s:
s215006808.py(106):                 c = min(c, self.g[pv[v]][pe[v]].cap)
s215006808.py(107):                 v = pv[v]
s215006808.py(105):             while v != s:
s215006808.py(108):             v = t
s215006808.py(109):             while v != s:
s215006808.py(110):                 e = self.g[pv[v]][pe[v]]
s215006808.py(111):                 e.cap -= c
s215006808.py(112):                 self.g[v][e.rev].cap += c
s215006808.py(113):                 v = pv[v]
s215006808.py(109):             while v != s:
s215006808.py(110):                 e = self.g[pv[v]][pe[v]]
s215006808.py(111):                 e.cap -= c
s215006808.py(112):                 self.g[v][e.rev].cap += c
s215006808.py(113):                 v = pv[v]
s215006808.py(109):             while v != s:
s215006808.py(110):                 e = self.g[pv[v]][pe[v]]
s215006808.py(111):                 e.cap -= c
s215006808.py(112):                 self.g[v][e.rev].cap += c
s215006808.py(113):                 v = pv[v]
s215006808.py(109):             while v != s:
s215006808.py(114):             d = -dual[s]
s215006808.py(115):             flow += c
s215006808.py(116):             cost += c * d
s215006808.py(117):             if prev_cost == d:
s215006808.py(119):             result.append((flow, cost))
s215006808.py(120):             prev_cost = cost
s215006808.py(100):         while flow < flow_limit:
s215006808.py(101):             if not _dual_ref():
 --- modulename: s215006808, funcname: _dual_ref
s215006808.py(62):             dist = [4294967295] * self.n
s215006808.py(63):             pv = [-1] * self.n
s215006808.py(64):             pe = [-1] * self.n
s215006808.py(65):             vis = [False] * self.n
s215006808.py(67):             que = [s]
s215006808.py(68):             dist[s] = 0
s215006808.py(69):             while que:
s215006808.py(70):                 v = heapq.heappop(que) & 4294967295
s215006808.py(71):                 if vis[v]:
s215006808.py(73):                 vis[v] = True
s215006808.py(74):                 if v == t:
s215006808.py(76):                 for i in range(len(self.g[v])):
s215006808.py(77):                     e = self.g[v][i]
s215006808.py(78):                     if vis[e.to] or e.cap == 0:
s215006808.py(80):                     cost = e.cost - dual[e.to] + dual[v]
s215006808.py(81):                     if dist[e.to] > dist[v] + cost:
s215006808.py(82):                         dist[e.to] = dist[v] + cost
s215006808.py(83):                         pv[e.to] = v
s215006808.py(84):                         pe[e.to] = i
s215006808.py(85):                         heapq.heappush(que, ((dist[e.to] << 32) + e.to))
s215006808.py(76):                 for i in range(len(self.g[v])):
s215006808.py(77):                     e = self.g[v][i]
s215006808.py(78):                     if vis[e.to] or e.cap == 0:
s215006808.py(80):                     cost = e.cost - dual[e.to] + dual[v]
s215006808.py(81):                     if dist[e.to] > dist[v] + cost:
s215006808.py(82):                         dist[e.to] = dist[v] + cost
s215006808.py(83):                         pv[e.to] = v
s215006808.py(84):                         pe[e.to] = i
s215006808.py(85):                         heapq.heappush(que, ((dist[e.to] << 32) + e.to))
s215006808.py(76):                 for i in range(len(self.g[v])):
s215006808.py(77):                     e = self.g[v][i]
s215006808.py(78):                     if vis[e.to] or e.cap == 0:
s215006808.py(80):                     cost = e.cost - dual[e.to] + dual[v]
s215006808.py(81):                     if dist[e.to] > dist[v] + cost:
s215006808.py(82):                         dist[e.to] = dist[v] + cost
s215006808.py(83):                         pv[e.to] = v
s215006808.py(84):                         pe[e.to] = i
s215006808.py(85):                         heapq.heappush(que, ((dist[e.to] << 32) + e.to))
s215006808.py(76):                 for i in range(len(self.g[v])):
s215006808.py(77):                     e = self.g[v][i]
s215006808.py(78):                     if vis[e.to] or e.cap == 0:
s215006808.py(79):                         continue
s215006808.py(76):                 for i in range(len(self.g[v])):
s215006808.py(69):             while que:
s215006808.py(70):                 v = heapq.heappop(que) & 4294967295
s215006808.py(71):                 if vis[v]:
s215006808.py(73):                 vis[v] = True
s215006808.py(74):                 if v == t:
s215006808.py(76):                 for i in range(len(self.g[v])):
s215006808.py(77):                     e = self.g[v][i]
s215006808.py(78):                     if vis[e.to] or e.cap == 0:
s215006808.py(76):                 for i in range(len(self.g[v])):
s215006808.py(77):                     e = self.g[v][i]
s215006808.py(78):                     if vis[e.to] or e.cap == 0:
s215006808.py(80):                     cost = e.cost - dual[e.to] + dual[v]
s215006808.py(81):                     if dist[e.to] > dist[v] + cost:
s215006808.py(82):                         dist[e.to] = dist[v] + cost
s215006808.py(83):                         pv[e.to] = v
s215006808.py(84):                         pe[e.to] = i
s215006808.py(85):                         heapq.heappush(que, ((dist[e.to] << 32) + e.to))
s215006808.py(76):                 for i in range(len(self.g[v])):
s215006808.py(77):                     e = self.g[v][i]
s215006808.py(78):                     if vis[e.to] or e.cap == 0:
s215006808.py(80):                     cost = e.cost - dual[e.to] + dual[v]
s215006808.py(81):                     if dist[e.to] > dist[v] + cost:
s215006808.py(82):                         dist[e.to] = dist[v] + cost
s215006808.py(83):                         pv[e.to] = v
s215006808.py(84):                         pe[e.to] = i
s215006808.py(85):                         heapq.heappush(que, ((dist[e.to] << 32) + e.to))
s215006808.py(76):                 for i in range(len(self.g[v])):
s215006808.py(77):                     e = self.g[v][i]
s215006808.py(78):                     if vis[e.to] or e.cap == 0:
s215006808.py(80):                     cost = e.cost - dual[e.to] + dual[v]
s215006808.py(81):                     if dist[e.to] > dist[v] + cost:
s215006808.py(82):                         dist[e.to] = dist[v] + cost
s215006808.py(83):                         pv[e.to] = v
s215006808.py(84):                         pe[e.to] = i
s215006808.py(85):                         heapq.heappush(que, ((dist[e.to] << 32) + e.to))
s215006808.py(76):                 for i in range(len(self.g[v])):
s215006808.py(69):             while que:
s215006808.py(70):                 v = heapq.heappop(que) & 4294967295
s215006808.py(71):                 if vis[v]:
s215006808.py(73):                 vis[v] = True
s215006808.py(74):                 if v == t:
s215006808.py(76):                 for i in range(len(self.g[v])):
s215006808.py(77):                     e = self.g[v][i]
s215006808.py(78):                     if vis[e.to] or e.cap == 0:
s215006808.py(76):                 for i in range(len(self.g[v])):
s215006808.py(77):                     e = self.g[v][i]
s215006808.py(78):                     if vis[e.to] or e.cap == 0:
s215006808.py(80):                     cost = e.cost - dual[e.to] + dual[v]
s215006808.py(81):                     if dist[e.to] > dist[v] + cost:
s215006808.py(76):                 for i in range(len(self.g[v])):
s215006808.py(77):                     e = self.g[v][i]
s215006808.py(78):                     if vis[e.to] or e.cap == 0:
s215006808.py(80):                     cost = e.cost - dual[e.to] + dual[v]
s215006808.py(81):                     if dist[e.to] > dist[v] + cost:
s215006808.py(82):                         dist[e.to] = dist[v] + cost
s215006808.py(83):                         pv[e.to] = v
s215006808.py(84):                         pe[e.to] = i
s215006808.py(85):                         heapq.heappush(que, ((dist[e.to] << 32) + e.to))
s215006808.py(76):                 for i in range(len(self.g[v])):
s215006808.py(77):                     e = self.g[v][i]
s215006808.py(78):                     if vis[e.to] or e.cap == 0:
s215006808.py(80):                     cost = e.cost - dual[e.to] + dual[v]
s215006808.py(81):                     if dist[e.to] > dist[v] + cost:
s215006808.py(82):                         dist[e.to] = dist[v] + cost
s215006808.py(83):                         pv[e.to] = v
s215006808.py(84):                         pe[e.to] = i
s215006808.py(85):                         heapq.heappush(que, ((dist[e.to] << 32) + e.to))
s215006808.py(76):                 for i in range(len(self.g[v])):
s215006808.py(69):             while que:
s215006808.py(70):                 v = heapq.heappop(que) & 4294967295
s215006808.py(71):                 if vis[v]:
s215006808.py(73):                 vis[v] = True
s215006808.py(74):                 if v == t:
s215006808.py(76):                 for i in range(len(self.g[v])):
s215006808.py(77):                     e = self.g[v][i]
s215006808.py(78):                     if vis[e.to] or e.cap == 0:
s215006808.py(79):                         continue
s215006808.py(76):                 for i in range(len(self.g[v])):
s215006808.py(77):                     e = self.g[v][i]
s215006808.py(78):                     if vis[e.to] or e.cap == 0:
s215006808.py(76):                 for i in range(len(self.g[v])):
s215006808.py(77):                     e = self.g[v][i]
s215006808.py(78):                     if vis[e.to] or e.cap == 0:
s215006808.py(76):                 for i in range(len(self.g[v])):
s215006808.py(77):                     e = self.g[v][i]
s215006808.py(78):                     if vis[e.to] or e.cap == 0:
s215006808.py(80):                     cost = e.cost - dual[e.to] + dual[v]
s215006808.py(81):                     if dist[e.to] > dist[v] + cost:
s215006808.py(82):                         dist[e.to] = dist[v] + cost
s215006808.py(83):                         pv[e.to] = v
s215006808.py(84):                         pe[e.to] = i
s215006808.py(85):                         heapq.heappush(que, ((dist[e.to] << 32) + e.to))
s215006808.py(76):                 for i in range(len(self.g[v])):
s215006808.py(69):             while que:
s215006808.py(70):                 v = heapq.heappop(que) & 4294967295
s215006808.py(71):                 if vis[v]:
s215006808.py(73):                 vis[v] = True
s215006808.py(74):                 if v == t:
s215006808.py(76):                 for i in range(len(self.g[v])):
s215006808.py(77):                     e = self.g[v][i]
s215006808.py(78):                     if vis[e.to] or e.cap == 0:
s215006808.py(76):                 for i in range(len(self.g[v])):
s215006808.py(77):                     e = self.g[v][i]
s215006808.py(78):                     if vis[e.to] or e.cap == 0:
s215006808.py(80):                     cost = e.cost - dual[e.to] + dual[v]
s215006808.py(81):                     if dist[e.to] > dist[v] + cost:
s215006808.py(82):                         dist[e.to] = dist[v] + cost
s215006808.py(83):                         pv[e.to] = v
s215006808.py(84):                         pe[e.to] = i
s215006808.py(85):                         heapq.heappush(que, ((dist[e.to] << 32) + e.to))
s215006808.py(76):                 for i in range(len(self.g[v])):
s215006808.py(77):                     e = self.g[v][i]
s215006808.py(78):                     if vis[e.to] or e.cap == 0:
s215006808.py(80):                     cost = e.cost - dual[e.to] + dual[v]
s215006808.py(81):                     if dist[e.to] > dist[v] + cost:
s215006808.py(82):                         dist[e.to] = dist[v] + cost
s215006808.py(83):                         pv[e.to] = v
s215006808.py(84):                         pe[e.to] = i
s215006808.py(85):                         heapq.heappush(que, ((dist[e.to] << 32) + e.to))
s215006808.py(76):                 for i in range(len(self.g[v])):
s215006808.py(77):                     e = self.g[v][i]
s215006808.py(78):                     if vis[e.to] or e.cap == 0:
s215006808.py(76):                 for i in range(len(self.g[v])):
s215006808.py(69):             while que:
s215006808.py(70):                 v = heapq.heappop(que) & 4294967295
s215006808.py(71):                 if vis[v]:
s215006808.py(73):                 vis[v] = True
s215006808.py(74):                 if v == t:
s215006808.py(76):                 for i in range(len(self.g[v])):
s215006808.py(77):                     e = self.g[v][i]
s215006808.py(78):                     if vis[e.to] or e.cap == 0:
s215006808.py(80):                     cost = e.cost - dual[e.to] + dual[v]
s215006808.py(81):                     if dist[e.to] > dist[v] + cost:
s215006808.py(82):                         dist[e.to] = dist[v] + cost
s215006808.py(83):                         pv[e.to] = v
s215006808.py(84):                         pe[e.to] = i
s215006808.py(85):                         heapq.heappush(que, ((dist[e.to] << 32) + e.to))
s215006808.py(76):                 for i in range(len(self.g[v])):
s215006808.py(77):                     e = self.g[v][i]
s215006808.py(78):                     if vis[e.to] or e.cap == 0:
s215006808.py(76):                 for i in range(len(self.g[v])):
s215006808.py(77):                     e = self.g[v][i]
s215006808.py(78):                     if vis[e.to] or e.cap == 0:
s215006808.py(76):                 for i in range(len(self.g[v])):
s215006808.py(77):                     e = self.g[v][i]
s215006808.py(78):                     if vis[e.to] or e.cap == 0:
s215006808.py(76):                 for i in range(len(self.g[v])):
s215006808.py(69):             while que:
s215006808.py(70):                 v = heapq.heappop(que) & 4294967295
s215006808.py(71):                 if vis[v]:
s215006808.py(73):                 vis[v] = True
s215006808.py(74):                 if v == t:
s215006808.py(75):                     break
s215006808.py(86):             if not vis[t]:
s215006808.py(89):             for v in range(self.n):
s215006808.py(90):                 if not vis[v]:
s215006808.py(92):                 dual[v] -= dist[t] - dist[v]
s215006808.py(89):             for v in range(self.n):
s215006808.py(90):                 if not vis[v]:
s215006808.py(92):                 dual[v] -= dist[t] - dist[v]
s215006808.py(89):             for v in range(self.n):
s215006808.py(90):                 if not vis[v]:
s215006808.py(92):                 dual[v] -= dist[t] - dist[v]
s215006808.py(89):             for v in range(self.n):
s215006808.py(90):                 if not vis[v]:
s215006808.py(92):                 dual[v] -= dist[t] - dist[v]
s215006808.py(89):             for v in range(self.n):
s215006808.py(90):                 if not vis[v]:
s215006808.py(91):                     continue
s215006808.py(89):             for v in range(self.n):
s215006808.py(90):                 if not vis[v]:
s215006808.py(92):                 dual[v] -= dist[t] - dist[v]
s215006808.py(89):             for v in range(self.n):
s215006808.py(90):                 if not vis[v]:
s215006808.py(92):                 dual[v] -= dist[t] - dist[v]
s215006808.py(89):             for v in range(self.n):
s215006808.py(90):                 if not vis[v]:
s215006808.py(92):                 dual[v] -= dist[t] - dist[v]
s215006808.py(89):             for v in range(self.n):
s215006808.py(94):             return True
s215006808.py(103):             c = flow_limit - flow
s215006808.py(104):             v = t
s215006808.py(105):             while v != s:
s215006808.py(106):                 c = min(c, self.g[pv[v]][pe[v]].cap)
s215006808.py(107):                 v = pv[v]
s215006808.py(105):             while v != s:
s215006808.py(106):                 c = min(c, self.g[pv[v]][pe[v]].cap)
s215006808.py(107):                 v = pv[v]
s215006808.py(105):             while v != s:
s215006808.py(106):                 c = min(c, self.g[pv[v]][pe[v]].cap)
s215006808.py(107):                 v = pv[v]
s215006808.py(105):             while v != s:
s215006808.py(106):                 c = min(c, self.g[pv[v]][pe[v]].cap)
s215006808.py(107):                 v = pv[v]
s215006808.py(105):             while v != s:
s215006808.py(106):                 c = min(c, self.g[pv[v]][pe[v]].cap)
s215006808.py(107):                 v = pv[v]
s215006808.py(105):             while v != s:
s215006808.py(108):             v = t
s215006808.py(109):             while v != s:
s215006808.py(110):                 e = self.g[pv[v]][pe[v]]
s215006808.py(111):                 e.cap -= c
s215006808.py(112):                 self.g[v][e.rev].cap += c
s215006808.py(113):                 v = pv[v]
s215006808.py(109):             while v != s:
s215006808.py(110):                 e = self.g[pv[v]][pe[v]]
s215006808.py(111):                 e.cap -= c
s215006808.py(112):                 self.g[v][e.rev].cap += c
s215006808.py(113):                 v = pv[v]
s215006808.py(109):             while v != s:
s215006808.py(110):                 e = self.g[pv[v]][pe[v]]
s215006808.py(111):                 e.cap -= c
s215006808.py(112):                 self.g[v][e.rev].cap += c
s215006808.py(113):                 v = pv[v]
s215006808.py(109):             while v != s:
s215006808.py(110):                 e = self.g[pv[v]][pe[v]]
s215006808.py(111):                 e.cap -= c
s215006808.py(112):                 self.g[v][e.rev].cap += c
s215006808.py(113):                 v = pv[v]
s215006808.py(109):             while v != s:
s215006808.py(110):                 e = self.g[pv[v]][pe[v]]
s215006808.py(111):                 e.cap -= c
s215006808.py(112):                 self.g[v][e.rev].cap += c
s215006808.py(113):                 v = pv[v]
s215006808.py(109):             while v != s:
s215006808.py(114):             d = -dual[s]
s215006808.py(115):             flow += c
s215006808.py(116):             cost += c * d
s215006808.py(117):             if prev_cost == d:
s215006808.py(119):             result.append((flow, cost))
s215006808.py(120):             prev_cost = cost
s215006808.py(100):         while flow < flow_limit:
s215006808.py(101):             if not _dual_ref():
 --- modulename: s215006808, funcname: _dual_ref
s215006808.py(62):             dist = [4294967295] * self.n
s215006808.py(63):             pv = [-1] * self.n
s215006808.py(64):             pe = [-1] * self.n
s215006808.py(65):             vis = [False] * self.n
s215006808.py(67):             que = [s]
s215006808.py(68):             dist[s] = 0
s215006808.py(69):             while que:
s215006808.py(70):                 v = heapq.heappop(que) & 4294967295
s215006808.py(71):                 if vis[v]:
s215006808.py(73):                 vis[v] = True
s215006808.py(74):                 if v == t:
s215006808.py(76):                 for i in range(len(self.g[v])):
s215006808.py(77):                     e = self.g[v][i]
s215006808.py(78):                     if vis[e.to] or e.cap == 0:
s215006808.py(80):                     cost = e.cost - dual[e.to] + dual[v]
s215006808.py(81):                     if dist[e.to] > dist[v] + cost:
s215006808.py(82):                         dist[e.to] = dist[v] + cost
s215006808.py(83):                         pv[e.to] = v
s215006808.py(84):                         pe[e.to] = i
s215006808.py(85):                         heapq.heappush(que, ((dist[e.to] << 32) + e.to))
s215006808.py(76):                 for i in range(len(self.g[v])):
s215006808.py(77):                     e = self.g[v][i]
s215006808.py(78):                     if vis[e.to] or e.cap == 0:
s215006808.py(80):                     cost = e.cost - dual[e.to] + dual[v]
s215006808.py(81):                     if dist[e.to] > dist[v] + cost:
s215006808.py(82):                         dist[e.to] = dist[v] + cost
s215006808.py(83):                         pv[e.to] = v
s215006808.py(84):                         pe[e.to] = i
s215006808.py(85):                         heapq.heappush(que, ((dist[e.to] << 32) + e.to))
s215006808.py(76):                 for i in range(len(self.g[v])):
s215006808.py(77):                     e = self.g[v][i]
s215006808.py(78):                     if vis[e.to] or e.cap == 0:
s215006808.py(79):                         continue
s215006808.py(76):                 for i in range(len(self.g[v])):
s215006808.py(77):                     e = self.g[v][i]
s215006808.py(78):                     if vis[e.to] or e.cap == 0:
s215006808.py(79):                         continue
s215006808.py(76):                 for i in range(len(self.g[v])):
s215006808.py(69):             while que:
s215006808.py(70):                 v = heapq.heappop(que) & 4294967295
s215006808.py(71):                 if vis[v]:
s215006808.py(73):                 vis[v] = True
s215006808.py(74):                 if v == t:
s215006808.py(76):                 for i in range(len(self.g[v])):
s215006808.py(77):                     e = self.g[v][i]
s215006808.py(78):                     if vis[e.to] or e.cap == 0:
s215006808.py(76):                 for i in range(len(self.g[v])):
s215006808.py(77):                     e = self.g[v][i]
s215006808.py(78):                     if vis[e.to] or e.cap == 0:
s215006808.py(80):                     cost = e.cost - dual[e.to] + dual[v]
s215006808.py(81):                     if dist[e.to] > dist[v] + cost:
s215006808.py(82):                         dist[e.to] = dist[v] + cost
s215006808.py(83):                         pv[e.to] = v
s215006808.py(84):                         pe[e.to] = i
s215006808.py(85):                         heapq.heappush(que, ((dist[e.to] << 32) + e.to))
s215006808.py(76):                 for i in range(len(self.g[v])):
s215006808.py(77):                     e = self.g[v][i]
s215006808.py(78):                     if vis[e.to] or e.cap == 0:
s215006808.py(80):                     cost = e.cost - dual[e.to] + dual[v]
s215006808.py(81):                     if dist[e.to] > dist[v] + cost:
s215006808.py(82):                         dist[e.to] = dist[v] + cost
s215006808.py(83):                         pv[e.to] = v
s215006808.py(84):                         pe[e.to] = i
s215006808.py(85):                         heapq.heappush(que, ((dist[e.to] << 32) + e.to))
s215006808.py(76):                 for i in range(len(self.g[v])):
s215006808.py(77):                     e = self.g[v][i]
s215006808.py(78):                     if vis[e.to] or e.cap == 0:
s215006808.py(80):                     cost = e.cost - dual[e.to] + dual[v]
s215006808.py(81):                     if dist[e.to] > dist[v] + cost:
s215006808.py(82):                         dist[e.to] = dist[v] + cost
s215006808.py(83):                         pv[e.to] = v
s215006808.py(84):                         pe[e.to] = i
s215006808.py(85):                         heapq.heappush(que, ((dist[e.to] << 32) + e.to))
s215006808.py(76):                 for i in range(len(self.g[v])):
s215006808.py(69):             while que:
s215006808.py(70):                 v = heapq.heappop(que) & 4294967295
s215006808.py(71):                 if vis[v]:
s215006808.py(73):                 vis[v] = True
s215006808.py(74):                 if v == t:
s215006808.py(76):                 for i in range(len(self.g[v])):
s215006808.py(77):                     e = self.g[v][i]
s215006808.py(78):                     if vis[e.to] or e.cap == 0:
s215006808.py(79):                         continue
s215006808.py(76):                 for i in range(len(self.g[v])):
s215006808.py(77):                     e = self.g[v][i]
s215006808.py(78):                     if vis[e.to] or e.cap == 0:
s215006808.py(76):                 for i in range(len(self.g[v])):
s215006808.py(77):                     e = self.g[v][i]
s215006808.py(78):                     if vis[e.to] or e.cap == 0:
s215006808.py(79):                         continue
s215006808.py(76):                 for i in range(len(self.g[v])):
s215006808.py(77):                     e = self.g[v][i]
s215006808.py(78):                     if vis[e.to] or e.cap == 0:
s215006808.py(80):                     cost = e.cost - dual[e.to] + dual[v]
s215006808.py(81):                     if dist[e.to] > dist[v] + cost:
s215006808.py(82):                         dist[e.to] = dist[v] + cost
s215006808.py(83):                         pv[e.to] = v
s215006808.py(84):                         pe[e.to] = i
s215006808.py(85):                         heapq.heappush(que, ((dist[e.to] << 32) + e.to))
s215006808.py(76):                 for i in range(len(self.g[v])):
s215006808.py(69):             while que:
s215006808.py(70):                 v = heapq.heappop(que) & 4294967295
s215006808.py(71):                 if vis[v]:
s215006808.py(73):                 vis[v] = True
s215006808.py(74):                 if v == t:
s215006808.py(76):                 for i in range(len(self.g[v])):
s215006808.py(77):                     e = self.g[v][i]
s215006808.py(78):                     if vis[e.to] or e.cap == 0:
s215006808.py(76):                 for i in range(len(self.g[v])):
s215006808.py(77):                     e = self.g[v][i]
s215006808.py(78):                     if vis[e.to] or e.cap == 0:
s215006808.py(76):                 for i in range(len(self.g[v])):
s215006808.py(77):                     e = self.g[v][i]
s215006808.py(78):                     if vis[e.to] or e.cap == 0:
s215006808.py(80):                     cost = e.cost - dual[e.to] + dual[v]
s215006808.py(81):                     if dist[e.to] > dist[v] + cost:
s215006808.py(82):                         dist[e.to] = dist[v] + cost
s215006808.py(83):                         pv[e.to] = v
s215006808.py(84):                         pe[e.to] = i
s215006808.py(85):                         heapq.heappush(que, ((dist[e.to] << 32) + e.to))
s215006808.py(76):                 for i in range(len(self.g[v])):
s215006808.py(77):                     e = self.g[v][i]
s215006808.py(78):                     if vis[e.to] or e.cap == 0:
s215006808.py(80):                     cost = e.cost - dual[e.to] + dual[v]
s215006808.py(81):                     if dist[e.to] > dist[v] + cost:
s215006808.py(82):                         dist[e.to] = dist[v] + cost
s215006808.py(83):                         pv[e.to] = v
s215006808.py(84):                         pe[e.to] = i
s215006808.py(85):                         heapq.heappush(que, ((dist[e.to] << 32) + e.to))
s215006808.py(76):                 for i in range(len(self.g[v])):
s215006808.py(69):             while que:
s215006808.py(70):                 v = heapq.heappop(que) & 4294967295
s215006808.py(71):                 if vis[v]:
s215006808.py(73):                 vis[v] = True
s215006808.py(74):                 if v == t:
s215006808.py(76):                 for i in range(len(self.g[v])):
s215006808.py(77):                     e = self.g[v][i]
s215006808.py(78):                     if vis[e.to] or e.cap == 0:
s215006808.py(79):                         continue
s215006808.py(76):                 for i in range(len(self.g[v])):
s215006808.py(77):                     e = self.g[v][i]
s215006808.py(78):                     if vis[e.to] or e.cap == 0:
s215006808.py(76):                 for i in range(len(self.g[v])):
s215006808.py(77):                     e = self.g[v][i]
s215006808.py(78):                     if vis[e.to] or e.cap == 0:
s215006808.py(80):                     cost = e.cost - dual[e.to] + dual[v]
s215006808.py(81):                     if dist[e.to] > dist[v] + cost:
s215006808.py(82):                         dist[e.to] = dist[v] + cost
s215006808.py(83):                         pv[e.to] = v
s215006808.py(84):                         pe[e.to] = i
s215006808.py(85):                         heapq.heappush(que, ((dist[e.to] << 32) + e.to))
s215006808.py(76):                 for i in range(len(self.g[v])):
s215006808.py(77):                     e = self.g[v][i]
s215006808.py(78):                     if vis[e.to] or e.cap == 0:
s215006808.py(76):                 for i in range(len(self.g[v])):
s215006808.py(69):             while que:
s215006808.py(70):                 v = heapq.heappop(que) & 4294967295
s215006808.py(71):                 if vis[v]:
s215006808.py(73):                 vis[v] = True
s215006808.py(74):                 if v == t:
s215006808.py(76):                 for i in range(len(self.g[v])):
s215006808.py(77):                     e = self.g[v][i]
s215006808.py(78):                     if vis[e.to] or e.cap == 0:
s215006808.py(76):                 for i in range(len(self.g[v])):
s215006808.py(77):                     e = self.g[v][i]
s215006808.py(78):                     if vis[e.to] or e.cap == 0:
s215006808.py(76):                 for i in range(len(self.g[v])):
s215006808.py(77):                     e = self.g[v][i]
s215006808.py(78):                     if vis[e.to] or e.cap == 0:
s215006808.py(80):                     cost = e.cost - dual[e.to] + dual[v]
s215006808.py(81):                     if dist[e.to] > dist[v] + cost:
s215006808.py(76):                 for i in range(len(self.g[v])):
s215006808.py(77):                     e = self.g[v][i]
s215006808.py(78):                     if vis[e.to] or e.cap == 0:
s215006808.py(76):                 for i in range(len(self.g[v])):
s215006808.py(69):             while que:
s215006808.py(70):                 v = heapq.heappop(que) & 4294967295
s215006808.py(71):                 if vis[v]:
s215006808.py(73):                 vis[v] = True
s215006808.py(74):                 if v == t:
s215006808.py(76):                 for i in range(len(self.g[v])):
s215006808.py(77):                     e = self.g[v][i]
s215006808.py(78):                     if vis[e.to] or e.cap == 0:
s215006808.py(80):                     cost = e.cost - dual[e.to] + dual[v]
s215006808.py(81):                     if dist[e.to] > dist[v] + cost:
s215006808.py(82):                         dist[e.to] = dist[v] + cost
s215006808.py(83):                         pv[e.to] = v
s215006808.py(84):                         pe[e.to] = i
s215006808.py(85):                         heapq.heappush(que, ((dist[e.to] << 32) + e.to))
s215006808.py(76):                 for i in range(len(self.g[v])):
s215006808.py(77):                     e = self.g[v][i]
s215006808.py(78):                     if vis[e.to] or e.cap == 0:
s215006808.py(76):                 for i in range(len(self.g[v])):
s215006808.py(77):                     e = self.g[v][i]
s215006808.py(78):                     if vis[e.to] or e.cap == 0:
s215006808.py(76):                 for i in range(len(self.g[v])):
s215006808.py(77):                     e = self.g[v][i]
s215006808.py(78):                     if vis[e.to] or e.cap == 0:
s215006808.py(76):                 for i in range(len(self.g[v])):
s215006808.py(69):             while que:
s215006808.py(70):                 v = heapq.heappop(que) & 4294967295
s215006808.py(71):                 if vis[v]:
s215006808.py(73):                 vis[v] = True
s215006808.py(74):                 if v == t:
s215006808.py(75):                     break
s215006808.py(86):             if not vis[t]:
s215006808.py(89):             for v in range(self.n):
s215006808.py(90):                 if not vis[v]:
s215006808.py(92):                 dual[v] -= dist[t] - dist[v]
s215006808.py(89):             for v in range(self.n):
s215006808.py(90):                 if not vis[v]:
s215006808.py(92):                 dual[v] -= dist[t] - dist[v]
s215006808.py(89):             for v in range(self.n):
s215006808.py(90):                 if not vis[v]:
s215006808.py(92):                 dual[v] -= dist[t] - dist[v]
s215006808.py(89):             for v in range(self.n):
s215006808.py(90):                 if not vis[v]:
s215006808.py(92):                 dual[v] -= dist[t] - dist[v]
s215006808.py(89):             for v in range(self.n):
s215006808.py(90):                 if not vis[v]:
s215006808.py(92):                 dual[v] -= dist[t] - dist[v]
s215006808.py(89):             for v in range(self.n):
s215006808.py(90):                 if not vis[v]:
s215006808.py(92):                 dual[v] -= dist[t] - dist[v]
s215006808.py(89):             for v in range(self.n):
s215006808.py(90):                 if not vis[v]:
s215006808.py(92):                 dual[v] -= dist[t] - dist[v]
s215006808.py(89):             for v in range(self.n):
s215006808.py(90):                 if not vis[v]:
s215006808.py(92):                 dual[v] -= dist[t] - dist[v]
s215006808.py(89):             for v in range(self.n):
s215006808.py(94):             return True
s215006808.py(103):             c = flow_limit - flow
s215006808.py(104):             v = t
s215006808.py(105):             while v != s:
s215006808.py(106):                 c = min(c, self.g[pv[v]][pe[v]].cap)
s215006808.py(107):                 v = pv[v]
s215006808.py(105):             while v != s:
s215006808.py(106):                 c = min(c, self.g[pv[v]][pe[v]].cap)
s215006808.py(107):                 v = pv[v]
s215006808.py(105):             while v != s:
s215006808.py(106):                 c = min(c, self.g[pv[v]][pe[v]].cap)
s215006808.py(107):                 v = pv[v]
s215006808.py(105):             while v != s:
s215006808.py(106):                 c = min(c, self.g[pv[v]][pe[v]].cap)
s215006808.py(107):                 v = pv[v]
s215006808.py(105):             while v != s:
s215006808.py(106):                 c = min(c, self.g[pv[v]][pe[v]].cap)
s215006808.py(107):                 v = pv[v]
s215006808.py(105):             while v != s:
s215006808.py(108):             v = t
s215006808.py(109):             while v != s:
s215006808.py(110):                 e = self.g[pv[v]][pe[v]]
s215006808.py(111):                 e.cap -= c
s215006808.py(112):                 self.g[v][e.rev].cap += c
s215006808.py(113):                 v = pv[v]
s215006808.py(109):             while v != s:
s215006808.py(110):                 e = self.g[pv[v]][pe[v]]
s215006808.py(111):                 e.cap -= c
s215006808.py(112):                 self.g[v][e.rev].cap += c
s215006808.py(113):                 v = pv[v]
s215006808.py(109):             while v != s:
s215006808.py(110):                 e = self.g[pv[v]][pe[v]]
s215006808.py(111):                 e.cap -= c
s215006808.py(112):                 self.g[v][e.rev].cap += c
s215006808.py(113):                 v = pv[v]
s215006808.py(109):             while v != s:
s215006808.py(110):                 e = self.g[pv[v]][pe[v]]
s215006808.py(111):                 e.cap -= c
s215006808.py(112):                 self.g[v][e.rev].cap += c
s215006808.py(113):                 v = pv[v]
s215006808.py(109):             while v != s:
s215006808.py(110):                 e = self.g[pv[v]][pe[v]]
s215006808.py(111):                 e.cap -= c
s215006808.py(112):                 self.g[v][e.rev].cap += c
s215006808.py(113):                 v = pv[v]
s215006808.py(109):             while v != s:
s215006808.py(114):             d = -dual[s]
s215006808.py(115):             flow += c
s215006808.py(116):             cost += c * d
s215006808.py(117):             if prev_cost == d:
s215006808.py(119):             result.append((flow, cost))
s215006808.py(120):             prev_cost = cost
s215006808.py(100):         while flow < flow_limit:
s215006808.py(121):         return result
s215006808.py(159): print(N * K * BIG - result[1])
19
s215006808.py(161): grid = [['.' for _ in range(N)] for _ in range(N)]
 --- modulename: s215006808, funcname: <listcomp>
s215006808.py(161): grid = [['.' for _ in range(N)] for _ in range(N)]
 --- modulename: s215006808, funcname: <listcomp>
s215006808.py(161): grid = [['.' for _ in range(N)] for _ in range(N)]
s215006808.py(161): grid = [['.' for _ in range(N)] for _ in range(N)]
s215006808.py(161): grid = [['.' for _ in range(N)] for _ in range(N)]
s215006808.py(161): grid = [['.' for _ in range(N)] for _ in range(N)]
s215006808.py(161): grid = [['.' for _ in range(N)] for _ in range(N)]
 --- modulename: s215006808, funcname: <listcomp>
s215006808.py(161): grid = [['.' for _ in range(N)] for _ in range(N)]
s215006808.py(161): grid = [['.' for _ in range(N)] for _ in range(N)]
s215006808.py(161): grid = [['.' for _ in range(N)] for _ in range(N)]
s215006808.py(161): grid = [['.' for _ in range(N)] for _ in range(N)]
s215006808.py(161): grid = [['.' for _ in range(N)] for _ in range(N)]
 --- modulename: s215006808, funcname: <listcomp>
s215006808.py(161): grid = [['.' for _ in range(N)] for _ in range(N)]
s215006808.py(161): grid = [['.' for _ in range(N)] for _ in range(N)]
s215006808.py(161): grid = [['.' for _ in range(N)] for _ in range(N)]
s215006808.py(161): grid = [['.' for _ in range(N)] for _ in range(N)]
s215006808.py(161): grid = [['.' for _ in range(N)] for _ in range(N)]
s215006808.py(162): edges = g.edges()
 --- modulename: s215006808, funcname: edges
s215006808.py(41):         ret = []
s215006808.py(42):         for i in range(len(self.pos)):
s215006808.py(43):             _e = self.g[self.pos[i][0]][self.pos[i][1]]
s215006808.py(44):             _re = self.g[_e.to][_e.rev]
s215006808.py(45):             ret.append(self.__class__.edge(self.pos[i][0], _e.to, _e.cap + _re.cap, _re.cap, _e.cost))
 --- modulename: s215006808, funcname: __init__
s215006808.py(27):             self.from_ = from_
s215006808.py(28):             self.to = to
s215006808.py(29):             self.cap = cap
s215006808.py(30):             self.flow = flow
s215006808.py(31):             self.cost = cost
s215006808.py(42):         for i in range(len(self.pos)):
s215006808.py(43):             _e = self.g[self.pos[i][0]][self.pos[i][1]]
s215006808.py(44):             _re = self.g[_e.to][_e.rev]
s215006808.py(45):             ret.append(self.__class__.edge(self.pos[i][0], _e.to, _e.cap + _re.cap, _re.cap, _e.cost))
 --- modulename: s215006808, funcname: __init__
s215006808.py(27):             self.from_ = from_
s215006808.py(28):             self.to = to
s215006808.py(29):             self.cap = cap
s215006808.py(30):             self.flow = flow
s215006808.py(31):             self.cost = cost
s215006808.py(42):         for i in range(len(self.pos)):
s215006808.py(43):             _e = self.g[self.pos[i][0]][self.pos[i][1]]
s215006808.py(44):             _re = self.g[_e.to][_e.rev]
s215006808.py(45):             ret.append(self.__class__.edge(self.pos[i][0], _e.to, _e.cap + _re.cap, _re.cap, _e.cost))
 --- modulename: s215006808, funcname: __init__
s215006808.py(27):             self.from_ = from_
s215006808.py(28):             self.to = to
s215006808.py(29):             self.cap = cap
s215006808.py(30):             self.flow = flow
s215006808.py(31):             self.cost = cost
s215006808.py(42):         for i in range(len(self.pos)):
s215006808.py(43):             _e = self.g[self.pos[i][0]][self.pos[i][1]]
s215006808.py(44):             _re = self.g[_e.to][_e.rev]
s215006808.py(45):             ret.append(self.__class__.edge(self.pos[i][0], _e.to, _e.cap + _re.cap, _re.cap, _e.cost))
 --- modulename: s215006808, funcname: __init__
s215006808.py(27):             self.from_ = from_
s215006808.py(28):             self.to = to
s215006808.py(29):             self.cap = cap
s215006808.py(30):             self.flow = flow
s215006808.py(31):             self.cost = cost
s215006808.py(42):         for i in range(len(self.pos)):
s215006808.py(43):             _e = self.g[self.pos[i][0]][self.pos[i][1]]
s215006808.py(44):             _re = self.g[_e.to][_e.rev]
s215006808.py(45):             ret.append(self.__class__.edge(self.pos[i][0], _e.to, _e.cap + _re.cap, _re.cap, _e.cost))
 --- modulename: s215006808, funcname: __init__
s215006808.py(27):             self.from_ = from_
s215006808.py(28):             self.to = to
s215006808.py(29):             self.cap = cap
s215006808.py(30):             self.flow = flow
s215006808.py(31):             self.cost = cost
s215006808.py(42):         for i in range(len(self.pos)):
s215006808.py(43):             _e = self.g[self.pos[i][0]][self.pos[i][1]]
s215006808.py(44):             _re = self.g[_e.to][_e.rev]
s215006808.py(45):             ret.append(self.__class__.edge(self.pos[i][0], _e.to, _e.cap + _re.cap, _re.cap, _e.cost))
 --- modulename: s215006808, funcname: __init__
s215006808.py(27):             self.from_ = from_
s215006808.py(28):             self.to = to
s215006808.py(29):             self.cap = cap
s215006808.py(30):             self.flow = flow
s215006808.py(31):             self.cost = cost
s215006808.py(42):         for i in range(len(self.pos)):
s215006808.py(43):             _e = self.g[self.pos[i][0]][self.pos[i][1]]
s215006808.py(44):             _re = self.g[_e.to][_e.rev]
s215006808.py(45):             ret.append(self.__class__.edge(self.pos[i][0], _e.to, _e.cap + _re.cap, _re.cap, _e.cost))
 --- modulename: s215006808, funcname: __init__
s215006808.py(27):             self.from_ = from_
s215006808.py(28):             self.to = to
s215006808.py(29):             self.cap = cap
s215006808.py(30):             self.flow = flow
s215006808.py(31):             self.cost = cost
s215006808.py(42):         for i in range(len(self.pos)):
s215006808.py(43):             _e = self.g[self.pos[i][0]][self.pos[i][1]]
s215006808.py(44):             _re = self.g[_e.to][_e.rev]
s215006808.py(45):             ret.append(self.__class__.edge(self.pos[i][0], _e.to, _e.cap + _re.cap, _re.cap, _e.cost))
 --- modulename: s215006808, funcname: __init__
s215006808.py(27):             self.from_ = from_
s215006808.py(28):             self.to = to
s215006808.py(29):             self.cap = cap
s215006808.py(30):             self.flow = flow
s215006808.py(31):             self.cost = cost
s215006808.py(42):         for i in range(len(self.pos)):
s215006808.py(43):             _e = self.g[self.pos[i][0]][self.pos[i][1]]
s215006808.py(44):             _re = self.g[_e.to][_e.rev]
s215006808.py(45):             ret.append(self.__class__.edge(self.pos[i][0], _e.to, _e.cap + _re.cap, _re.cap, _e.cost))
 --- modulename: s215006808, funcname: __init__
s215006808.py(27):             self.from_ = from_
s215006808.py(28):             self.to = to
s215006808.py(29):             self.cap = cap
s215006808.py(30):             self.flow = flow
s215006808.py(31):             self.cost = cost
s215006808.py(42):         for i in range(len(self.pos)):
s215006808.py(43):             _e = self.g[self.pos[i][0]][self.pos[i][1]]
s215006808.py(44):             _re = self.g[_e.to][_e.rev]
s215006808.py(45):             ret.append(self.__class__.edge(self.pos[i][0], _e.to, _e.cap + _re.cap, _re.cap, _e.cost))
 --- modulename: s215006808, funcname: __init__
s215006808.py(27):             self.from_ = from_
s215006808.py(28):             self.to = to
s215006808.py(29):             self.cap = cap
s215006808.py(30):             self.flow = flow
s215006808.py(31):             self.cost = cost
s215006808.py(42):         for i in range(len(self.pos)):
s215006808.py(43):             _e = self.g[self.pos[i][0]][self.pos[i][1]]
s215006808.py(44):             _re = self.g[_e.to][_e.rev]
s215006808.py(45):             ret.append(self.__class__.edge(self.pos[i][0], _e.to, _e.cap + _re.cap, _re.cap, _e.cost))
 --- modulename: s215006808, funcname: __init__
s215006808.py(27):             self.from_ = from_
s215006808.py(28):             self.to = to
s215006808.py(29):             self.cap = cap
s215006808.py(30):             self.flow = flow
s215006808.py(31):             self.cost = cost
s215006808.py(42):         for i in range(len(self.pos)):
s215006808.py(43):             _e = self.g[self.pos[i][0]][self.pos[i][1]]
s215006808.py(44):             _re = self.g[_e.to][_e.rev]
s215006808.py(45):             ret.append(self.__class__.edge(self.pos[i][0], _e.to, _e.cap + _re.cap, _re.cap, _e.cost))
 --- modulename: s215006808, funcname: __init__
s215006808.py(27):             self.from_ = from_
s215006808.py(28):             self.to = to
s215006808.py(29):             self.cap = cap
s215006808.py(30):             self.flow = flow
s215006808.py(31):             self.cost = cost
s215006808.py(42):         for i in range(len(self.pos)):
s215006808.py(43):             _e = self.g[self.pos[i][0]][self.pos[i][1]]
s215006808.py(44):             _re = self.g[_e.to][_e.rev]
s215006808.py(45):             ret.append(self.__class__.edge(self.pos[i][0], _e.to, _e.cap + _re.cap, _re.cap, _e.cost))
 --- modulename: s215006808, funcname: __init__
s215006808.py(27):             self.from_ = from_
s215006808.py(28):             self.to = to
s215006808.py(29):             self.cap = cap
s215006808.py(30):             self.flow = flow
s215006808.py(31):             self.cost = cost
s215006808.py(42):         for i in range(len(self.pos)):
s215006808.py(43):             _e = self.g[self.pos[i][0]][self.pos[i][1]]
s215006808.py(44):             _re = self.g[_e.to][_e.rev]
s215006808.py(45):             ret.append(self.__class__.edge(self.pos[i][0], _e.to, _e.cap + _re.cap, _re.cap, _e.cost))
 --- modulename: s215006808, funcname: __init__
s215006808.py(27):             self.from_ = from_
s215006808.py(28):             self.to = to
s215006808.py(29):             self.cap = cap
s215006808.py(30):             self.flow = flow
s215006808.py(31):             self.cost = cost
s215006808.py(42):         for i in range(len(self.pos)):
s215006808.py(43):             _e = self.g[self.pos[i][0]][self.pos[i][1]]
s215006808.py(44):             _re = self.g[_e.to][_e.rev]
s215006808.py(45):             ret.append(self.__class__.edge(self.pos[i][0], _e.to, _e.cap + _re.cap, _re.cap, _e.cost))
 --- modulename: s215006808, funcname: __init__
s215006808.py(27):             self.from_ = from_
s215006808.py(28):             self.to = to
s215006808.py(29):             self.cap = cap
s215006808.py(30):             self.flow = flow
s215006808.py(31):             self.cost = cost
s215006808.py(42):         for i in range(len(self.pos)):
s215006808.py(43):             _e = self.g[self.pos[i][0]][self.pos[i][1]]
s215006808.py(44):             _re = self.g[_e.to][_e.rev]
s215006808.py(45):             ret.append(self.__class__.edge(self.pos[i][0], _e.to, _e.cap + _re.cap, _re.cap, _e.cost))
 --- modulename: s215006808, funcname: __init__
s215006808.py(27):             self.from_ = from_
s215006808.py(28):             self.to = to
s215006808.py(29):             self.cap = cap
s215006808.py(30):             self.flow = flow
s215006808.py(31):             self.cost = cost
s215006808.py(42):         for i in range(len(self.pos)):
s215006808.py(46):         return ret
s215006808.py(163): for e in edges:
s215006808.py(164):     if e.from_ == s or e.to == t or e.flow == 0:
s215006808.py(163): for e in edges:
s215006808.py(164):     if e.from_ == s or e.to == t or e.flow == 0:
s215006808.py(163): for e in edges:
s215006808.py(164):     if e.from_ == s or e.to == t or e.flow == 0:
s215006808.py(163): for e in edges:
s215006808.py(164):     if e.from_ == s or e.to == t or e.flow == 0:
s215006808.py(163): for e in edges:
s215006808.py(164):     if e.from_ == s or e.to == t or e.flow == 0:
s215006808.py(163): for e in edges:
s215006808.py(164):     if e.from_ == s or e.to == t or e.flow == 0:
s215006808.py(163): for e in edges:
s215006808.py(164):     if e.from_ == s or e.to == t or e.flow == 0:
s215006808.py(163): for e in edges:
s215006808.py(164):     if e.from_ == s or e.to == t or e.flow == 0:
s215006808.py(166):     grid[e.from_][e.to - N] = 'X'
s215006808.py(163): for e in edges:
s215006808.py(164):     if e.from_ == s or e.to == t or e.flow == 0:
s215006808.py(165):         continue
s215006808.py(163): for e in edges:
s215006808.py(164):     if e.from_ == s or e.to == t or e.flow == 0:
s215006808.py(165):         continue
s215006808.py(163): for e in edges:
s215006808.py(164):     if e.from_ == s or e.to == t or e.flow == 0:
s215006808.py(165):         continue
s215006808.py(163): for e in edges:
s215006808.py(164):     if e.from_ == s or e.to == t or e.flow == 0:
s215006808.py(165):         continue
s215006808.py(163): for e in edges:
s215006808.py(164):     if e.from_ == s or e.to == t or e.flow == 0:
s215006808.py(166):     grid[e.from_][e.to - N] = 'X'
s215006808.py(163): for e in edges:
s215006808.py(164):     if e.from_ == s or e.to == t or e.flow == 0:
s215006808.py(165):         continue
s215006808.py(163): for e in edges:
s215006808.py(164):     if e.from_ == s or e.to == t or e.flow == 0:
s215006808.py(166):     grid[e.from_][e.to - N] = 'X'
s215006808.py(163): for e in edges:
s215006808.py(164):     if e.from_ == s or e.to == t or e.flow == 0:
s215006808.py(165):         continue
s215006808.py(163): for e in edges:
s215006808.py(168): for row in grid:
s215006808.py(169):     print(''.join(row))
X..
s215006808.py(168): for row in grid:
s215006808.py(169):     print(''.join(row))
..X
s215006808.py(168): for row in grid:
s215006808.py(169):     print(''.join(row))
.X.
s215006808.py(168): for row in grid:
