 --- modulename: s217040014, funcname: <module>
s217040014.py(1): N,M=map(int,input().split())
 --- modulename: codecs, funcname: getstate
codecs.py(333):         return (self.buffer, 0)
 --- modulename: codecs, funcname: decode
codecs.py(321):         data = self.buffer + input
codecs.py(322):         (result, consumed) = self._buffer_decode(data, self.errors, final)
codecs.py(324):         self.buffer = data[consumed:]
codecs.py(325):         return result
s217040014.py(2): a=[0 for i in range(M)]
 --- modulename: s217040014, funcname: <listcomp>
s217040014.py(2): a=[0 for i in range(M)]
s217040014.py(2): a=[0 for i in range(M)]
s217040014.py(2): a=[0 for i in range(M)]
s217040014.py(2): a=[0 for i in range(M)]
s217040014.py(2): a=[0 for i in range(M)]
s217040014.py(2): a=[0 for i in range(M)]
s217040014.py(2): a=[0 for i in range(M)]
s217040014.py(2): a=[0 for i in range(M)]
s217040014.py(3): b=[0 for i in range(M)]
 --- modulename: s217040014, funcname: <listcomp>
s217040014.py(3): b=[0 for i in range(M)]
s217040014.py(3): b=[0 for i in range(M)]
s217040014.py(3): b=[0 for i in range(M)]
s217040014.py(3): b=[0 for i in range(M)]
s217040014.py(3): b=[0 for i in range(M)]
s217040014.py(3): b=[0 for i in range(M)]
s217040014.py(3): b=[0 for i in range(M)]
s217040014.py(3): b=[0 for i in range(M)]
s217040014.py(4): for i in range(M):
s217040014.py(5):     a[i],b[i]=map(int,input().split())
s217040014.py(6):     a[i]-=1
s217040014.py(7):     b[i]-=1
s217040014.py(4): for i in range(M):
s217040014.py(5):     a[i],b[i]=map(int,input().split())
s217040014.py(6):     a[i]-=1
s217040014.py(7):     b[i]-=1
s217040014.py(4): for i in range(M):
s217040014.py(5):     a[i],b[i]=map(int,input().split())
s217040014.py(6):     a[i]-=1
s217040014.py(7):     b[i]-=1
s217040014.py(4): for i in range(M):
s217040014.py(5):     a[i],b[i]=map(int,input().split())
s217040014.py(6):     a[i]-=1
s217040014.py(7):     b[i]-=1
s217040014.py(4): for i in range(M):
s217040014.py(5):     a[i],b[i]=map(int,input().split())
s217040014.py(6):     a[i]-=1
s217040014.py(7):     b[i]-=1
s217040014.py(4): for i in range(M):
s217040014.py(5):     a[i],b[i]=map(int,input().split())
s217040014.py(6):     a[i]-=1
s217040014.py(7):     b[i]-=1
s217040014.py(4): for i in range(M):
s217040014.py(5):     a[i],b[i]=map(int,input().split())
s217040014.py(6):     a[i]-=1
s217040014.py(7):     b[i]-=1
s217040014.py(4): for i in range(M):
s217040014.py(8): par=[0 for i in range(N)]
 --- modulename: s217040014, funcname: <listcomp>
s217040014.py(8): par=[0 for i in range(N)]
s217040014.py(8): par=[0 for i in range(N)]
s217040014.py(8): par=[0 for i in range(N)]
s217040014.py(8): par=[0 for i in range(N)]
s217040014.py(8): par=[0 for i in range(N)]
s217040014.py(8): par=[0 for i in range(N)]
s217040014.py(8): par=[0 for i in range(N)]
s217040014.py(8): par=[0 for i in range(N)]
s217040014.py(9): rnk=[0 for i in range(N)]
 --- modulename: s217040014, funcname: <listcomp>
s217040014.py(9): rnk=[0 for i in range(N)]
s217040014.py(9): rnk=[0 for i in range(N)]
s217040014.py(9): rnk=[0 for i in range(N)]
s217040014.py(9): rnk=[0 for i in range(N)]
s217040014.py(9): rnk=[0 for i in range(N)]
s217040014.py(9): rnk=[0 for i in range(N)]
s217040014.py(9): rnk=[0 for i in range(N)]
s217040014.py(9): rnk=[0 for i in range(N)]
s217040014.py(10): def init(n):
s217040014.py(14): def find(x):
s217040014.py(20): def unite(x,y):
s217040014.py(31): def same(x,y):
s217040014.py(33): ans=0
s217040014.py(34): for i in range(M):
s217040014.py(35):     init(N)
 --- modulename: s217040014, funcname: init
s217040014.py(11):     for i in range(N):
s217040014.py(12):         par[i]=i
s217040014.py(13):         rnk[i]=0
s217040014.py(11):     for i in range(N):
s217040014.py(12):         par[i]=i
s217040014.py(13):         rnk[i]=0
s217040014.py(11):     for i in range(N):
s217040014.py(12):         par[i]=i
s217040014.py(13):         rnk[i]=0
s217040014.py(11):     for i in range(N):
s217040014.py(12):         par[i]=i
s217040014.py(13):         rnk[i]=0
s217040014.py(11):     for i in range(N):
s217040014.py(12):         par[i]=i
s217040014.py(13):         rnk[i]=0
s217040014.py(11):     for i in range(N):
s217040014.py(12):         par[i]=i
s217040014.py(13):         rnk[i]=0
s217040014.py(11):     for i in range(N):
s217040014.py(12):         par[i]=i
s217040014.py(13):         rnk[i]=0
s217040014.py(11):     for i in range(N):
s217040014.py(36):     for j in range(M):
s217040014.py(37):         if i==j:
s217040014.py(38):             continue
s217040014.py(36):     for j in range(M):
s217040014.py(37):         if i==j:
s217040014.py(39):         unite(a[j],b[j])
 --- modulename: s217040014, funcname: unite
s217040014.py(21):     x=find(x)
 --- modulename: s217040014, funcname: find
s217040014.py(15):     if par[x]==x:
s217040014.py(16):         return x
s217040014.py(22):     y=find(y)
 --- modulename: s217040014, funcname: find
s217040014.py(15):     if par[x]==x:
s217040014.py(16):         return x
s217040014.py(23):     if x==y:
s217040014.py(25):     if (rnk[x]<rnk[y]):
s217040014.py(28):         par[y]=x
s217040014.py(29):         if(rnk[x]==rnk[y]):
s217040014.py(30):             rnk[x]+=1
s217040014.py(36):     for j in range(M):
s217040014.py(37):         if i==j:
s217040014.py(39):         unite(a[j],b[j])
 --- modulename: s217040014, funcname: unite
s217040014.py(21):     x=find(x)
 --- modulename: s217040014, funcname: find
s217040014.py(15):     if par[x]==x:
s217040014.py(16):         return x
s217040014.py(22):     y=find(y)
 --- modulename: s217040014, funcname: find
s217040014.py(15):     if par[x]==x:
s217040014.py(16):         return x
s217040014.py(23):     if x==y:
s217040014.py(25):     if (rnk[x]<rnk[y]):
s217040014.py(28):         par[y]=x
s217040014.py(29):         if(rnk[x]==rnk[y]):
s217040014.py(30):             rnk[x]+=1
s217040014.py(36):     for j in range(M):
s217040014.py(37):         if i==j:
s217040014.py(39):         unite(a[j],b[j])
 --- modulename: s217040014, funcname: unite
s217040014.py(21):     x=find(x)
 --- modulename: s217040014, funcname: find
s217040014.py(15):     if par[x]==x:
s217040014.py(18):         par[x]=find(par[x])
 --- modulename: s217040014, funcname: find
s217040014.py(15):     if par[x]==x:
s217040014.py(16):         return x
s217040014.py(19):         return par[x]
s217040014.py(22):     y=find(y)
 --- modulename: s217040014, funcname: find
s217040014.py(15):     if par[x]==x:
s217040014.py(16):         return x
s217040014.py(23):     if x==y:
s217040014.py(25):     if (rnk[x]<rnk[y]):
s217040014.py(28):         par[y]=x
s217040014.py(29):         if(rnk[x]==rnk[y]):
s217040014.py(36):     for j in range(M):
s217040014.py(37):         if i==j:
s217040014.py(39):         unite(a[j],b[j])
 --- modulename: s217040014, funcname: unite
s217040014.py(21):     x=find(x)
 --- modulename: s217040014, funcname: find
s217040014.py(15):     if par[x]==x:
s217040014.py(18):         par[x]=find(par[x])
 --- modulename: s217040014, funcname: find
s217040014.py(15):     if par[x]==x:
s217040014.py(16):         return x
s217040014.py(19):         return par[x]
s217040014.py(22):     y=find(y)
 --- modulename: s217040014, funcname: find
s217040014.py(15):     if par[x]==x:
s217040014.py(16):         return x
s217040014.py(23):     if x==y:
s217040014.py(25):     if (rnk[x]<rnk[y]):
s217040014.py(28):         par[y]=x
s217040014.py(29):         if(rnk[x]==rnk[y]):
s217040014.py(36):     for j in range(M):
s217040014.py(37):         if i==j:
s217040014.py(39):         unite(a[j],b[j])
 --- modulename: s217040014, funcname: unite
s217040014.py(21):     x=find(x)
 --- modulename: s217040014, funcname: find
s217040014.py(15):     if par[x]==x:
s217040014.py(18):         par[x]=find(par[x])
 --- modulename: s217040014, funcname: find
s217040014.py(15):     if par[x]==x:
s217040014.py(16):         return x
s217040014.py(19):         return par[x]
s217040014.py(22):     y=find(y)
 --- modulename: s217040014, funcname: find
s217040014.py(15):     if par[x]==x:
s217040014.py(18):         par[x]=find(par[x])
 --- modulename: s217040014, funcname: find
s217040014.py(15):     if par[x]==x:
s217040014.py(16):         return x
s217040014.py(19):         return par[x]
s217040014.py(23):     if x==y:
s217040014.py(24):         return
s217040014.py(36):     for j in range(M):
s217040014.py(37):         if i==j:
s217040014.py(39):         unite(a[j],b[j])
 --- modulename: s217040014, funcname: unite
s217040014.py(21):     x=find(x)
 --- modulename: s217040014, funcname: find
s217040014.py(15):     if par[x]==x:
s217040014.py(18):         par[x]=find(par[x])
 --- modulename: s217040014, funcname: find
s217040014.py(15):     if par[x]==x:
s217040014.py(16):         return x
s217040014.py(19):         return par[x]
s217040014.py(22):     y=find(y)
 --- modulename: s217040014, funcname: find
s217040014.py(15):     if par[x]==x:
s217040014.py(18):         par[x]=find(par[x])
 --- modulename: s217040014, funcname: find
s217040014.py(15):     if par[x]==x:
s217040014.py(16):         return x
s217040014.py(19):         return par[x]
s217040014.py(23):     if x==y:
s217040014.py(25):     if (rnk[x]<rnk[y]):
s217040014.py(28):         par[y]=x
s217040014.py(29):         if(rnk[x]==rnk[y]):
s217040014.py(30):             rnk[x]+=1
s217040014.py(36):     for j in range(M):
s217040014.py(40):     flag=0
s217040014.py(41):     for j in range(1,N):
s217040014.py(42):         if find(0)!=find(j):
 --- modulename: s217040014, funcname: find
s217040014.py(15):     if par[x]==x:
s217040014.py(16):         return x
 --- modulename: s217040014, funcname: find
s217040014.py(15):     if par[x]==x:
s217040014.py(18):         par[x]=find(par[x])
 --- modulename: s217040014, funcname: find
s217040014.py(15):     if par[x]==x:
s217040014.py(16):         return x
s217040014.py(19):         return par[x]
s217040014.py(43):             flag=1
s217040014.py(44):             break
s217040014.py(45):     if flag==1:
s217040014.py(46):         ans+=1
s217040014.py(34): for i in range(M):
s217040014.py(35):     init(N)
 --- modulename: s217040014, funcname: init
s217040014.py(11):     for i in range(N):
s217040014.py(12):         par[i]=i
s217040014.py(13):         rnk[i]=0
s217040014.py(11):     for i in range(N):
s217040014.py(12):         par[i]=i
s217040014.py(13):         rnk[i]=0
s217040014.py(11):     for i in range(N):
s217040014.py(12):         par[i]=i
s217040014.py(13):         rnk[i]=0
s217040014.py(11):     for i in range(N):
s217040014.py(12):         par[i]=i
s217040014.py(13):         rnk[i]=0
s217040014.py(11):     for i in range(N):
s217040014.py(12):         par[i]=i
s217040014.py(13):         rnk[i]=0
s217040014.py(11):     for i in range(N):
s217040014.py(12):         par[i]=i
s217040014.py(13):         rnk[i]=0
s217040014.py(11):     for i in range(N):
s217040014.py(12):         par[i]=i
s217040014.py(13):         rnk[i]=0
s217040014.py(11):     for i in range(N):
s217040014.py(36):     for j in range(M):
s217040014.py(37):         if i==j:
s217040014.py(39):         unite(a[j],b[j])
 --- modulename: s217040014, funcname: unite
s217040014.py(21):     x=find(x)
 --- modulename: s217040014, funcname: find
s217040014.py(15):     if par[x]==x:
s217040014.py(16):         return x
s217040014.py(22):     y=find(y)
 --- modulename: s217040014, funcname: find
s217040014.py(15):     if par[x]==x:
s217040014.py(16):         return x
s217040014.py(23):     if x==y:
s217040014.py(25):     if (rnk[x]<rnk[y]):
s217040014.py(28):         par[y]=x
s217040014.py(29):         if(rnk[x]==rnk[y]):
s217040014.py(30):             rnk[x]+=1
s217040014.py(36):     for j in range(M):
s217040014.py(37):         if i==j:
s217040014.py(38):             continue
s217040014.py(36):     for j in range(M):
s217040014.py(37):         if i==j:
s217040014.py(39):         unite(a[j],b[j])
 --- modulename: s217040014, funcname: unite
s217040014.py(21):     x=find(x)
 --- modulename: s217040014, funcname: find
s217040014.py(15):     if par[x]==x:
s217040014.py(18):         par[x]=find(par[x])
 --- modulename: s217040014, funcname: find
s217040014.py(15):     if par[x]==x:
s217040014.py(16):         return x
s217040014.py(19):         return par[x]
s217040014.py(22):     y=find(y)
 --- modulename: s217040014, funcname: find
s217040014.py(15):     if par[x]==x:
s217040014.py(16):         return x
s217040014.py(23):     if x==y:
s217040014.py(25):     if (rnk[x]<rnk[y]):
s217040014.py(28):         par[y]=x
s217040014.py(29):         if(rnk[x]==rnk[y]):
s217040014.py(36):     for j in range(M):
s217040014.py(37):         if i==j:
s217040014.py(39):         unite(a[j],b[j])
 --- modulename: s217040014, funcname: unite
s217040014.py(21):     x=find(x)
 --- modulename: s217040014, funcname: find
s217040014.py(15):     if par[x]==x:
s217040014.py(18):         par[x]=find(par[x])
 --- modulename: s217040014, funcname: find
s217040014.py(15):     if par[x]==x:
s217040014.py(16):         return x
s217040014.py(19):         return par[x]
s217040014.py(22):     y=find(y)
 --- modulename: s217040014, funcname: find
s217040014.py(15):     if par[x]==x:
s217040014.py(16):         return x
s217040014.py(23):     if x==y:
s217040014.py(25):     if (rnk[x]<rnk[y]):
s217040014.py(28):         par[y]=x
s217040014.py(29):         if(rnk[x]==rnk[y]):
s217040014.py(36):     for j in range(M):
s217040014.py(37):         if i==j:
s217040014.py(39):         unite(a[j],b[j])
 --- modulename: s217040014, funcname: unite
s217040014.py(21):     x=find(x)
 --- modulename: s217040014, funcname: find
s217040014.py(15):     if par[x]==x:
s217040014.py(18):         par[x]=find(par[x])
 --- modulename: s217040014, funcname: find
s217040014.py(15):     if par[x]==x:
s217040014.py(16):         return x
s217040014.py(19):         return par[x]
s217040014.py(22):     y=find(y)
 --- modulename: s217040014, funcname: find
s217040014.py(15):     if par[x]==x:
s217040014.py(16):         return x
s217040014.py(23):     if x==y:
s217040014.py(25):     if (rnk[x]<rnk[y]):
s217040014.py(28):         par[y]=x
s217040014.py(29):         if(rnk[x]==rnk[y]):
s217040014.py(36):     for j in range(M):
s217040014.py(37):         if i==j:
s217040014.py(39):         unite(a[j],b[j])
 --- modulename: s217040014, funcname: unite
s217040014.py(21):     x=find(x)
 --- modulename: s217040014, funcname: find
s217040014.py(15):     if par[x]==x:
s217040014.py(18):         par[x]=find(par[x])
 --- modulename: s217040014, funcname: find
s217040014.py(15):     if par[x]==x:
s217040014.py(16):         return x
s217040014.py(19):         return par[x]
s217040014.py(22):     y=find(y)
 --- modulename: s217040014, funcname: find
s217040014.py(15):     if par[x]==x:
s217040014.py(18):         par[x]=find(par[x])
 --- modulename: s217040014, funcname: find
s217040014.py(15):     if par[x]==x:
s217040014.py(16):         return x
s217040014.py(19):         return par[x]
s217040014.py(23):     if x==y:
s217040014.py(24):         return
s217040014.py(36):     for j in range(M):
s217040014.py(37):         if i==j:
s217040014.py(39):         unite(a[j],b[j])
 --- modulename: s217040014, funcname: unite
s217040014.py(21):     x=find(x)
 --- modulename: s217040014, funcname: find
s217040014.py(15):     if par[x]==x:
s217040014.py(18):         par[x]=find(par[x])
 --- modulename: s217040014, funcname: find
s217040014.py(15):     if par[x]==x:
s217040014.py(16):         return x
s217040014.py(19):         return par[x]
s217040014.py(22):     y=find(y)
 --- modulename: s217040014, funcname: find
s217040014.py(15):     if par[x]==x:
s217040014.py(16):         return x
s217040014.py(23):     if x==y:
s217040014.py(25):     if (rnk[x]<rnk[y]):
s217040014.py(28):         par[y]=x
s217040014.py(29):         if(rnk[x]==rnk[y]):
s217040014.py(36):     for j in range(M):
s217040014.py(40):     flag=0
s217040014.py(41):     for j in range(1,N):
s217040014.py(42):         if find(0)!=find(j):
 --- modulename: s217040014, funcname: find
s217040014.py(15):     if par[x]==x:
s217040014.py(16):         return x
 --- modulename: s217040014, funcname: find
s217040014.py(15):     if par[x]==x:
s217040014.py(16):         return x
s217040014.py(43):             flag=1
s217040014.py(44):             break
s217040014.py(45):     if flag==1:
s217040014.py(46):         ans+=1
s217040014.py(34): for i in range(M):
s217040014.py(35):     init(N)
 --- modulename: s217040014, funcname: init
s217040014.py(11):     for i in range(N):
s217040014.py(12):         par[i]=i
s217040014.py(13):         rnk[i]=0
s217040014.py(11):     for i in range(N):
s217040014.py(12):         par[i]=i
s217040014.py(13):         rnk[i]=0
s217040014.py(11):     for i in range(N):
s217040014.py(12):         par[i]=i
s217040014.py(13):         rnk[i]=0
s217040014.py(11):     for i in range(N):
s217040014.py(12):         par[i]=i
s217040014.py(13):         rnk[i]=0
s217040014.py(11):     for i in range(N):
s217040014.py(12):         par[i]=i
s217040014.py(13):         rnk[i]=0
s217040014.py(11):     for i in range(N):
s217040014.py(12):         par[i]=i
s217040014.py(13):         rnk[i]=0
s217040014.py(11):     for i in range(N):
s217040014.py(12):         par[i]=i
s217040014.py(13):         rnk[i]=0
s217040014.py(11):     for i in range(N):
s217040014.py(36):     for j in range(M):
s217040014.py(37):         if i==j:
s217040014.py(39):         unite(a[j],b[j])
 --- modulename: s217040014, funcname: unite
s217040014.py(21):     x=find(x)
 --- modulename: s217040014, funcname: find
s217040014.py(15):     if par[x]==x:
s217040014.py(16):         return x
s217040014.py(22):     y=find(y)
 --- modulename: s217040014, funcname: find
s217040014.py(15):     if par[x]==x:
s217040014.py(16):         return x
s217040014.py(23):     if x==y:
s217040014.py(25):     if (rnk[x]<rnk[y]):
s217040014.py(28):         par[y]=x
s217040014.py(29):         if(rnk[x]==rnk[y]):
s217040014.py(30):             rnk[x]+=1
s217040014.py(36):     for j in range(M):
s217040014.py(37):         if i==j:
s217040014.py(39):         unite(a[j],b[j])
 --- modulename: s217040014, funcname: unite
s217040014.py(21):     x=find(x)
 --- modulename: s217040014, funcname: find
s217040014.py(15):     if par[x]==x:
s217040014.py(16):         return x
s217040014.py(22):     y=find(y)
 --- modulename: s217040014, funcname: find
s217040014.py(15):     if par[x]==x:
s217040014.py(16):         return x
s217040014.py(23):     if x==y:
s217040014.py(25):     if (rnk[x]<rnk[y]):
s217040014.py(28):         par[y]=x
s217040014.py(29):         if(rnk[x]==rnk[y]):
s217040014.py(30):             rnk[x]+=1
s217040014.py(36):     for j in range(M):
s217040014.py(37):         if i==j:
s217040014.py(38):             continue
s217040014.py(36):     for j in range(M):
s217040014.py(37):         if i==j:
s217040014.py(39):         unite(a[j],b[j])
 --- modulename: s217040014, funcname: unite
s217040014.py(21):     x=find(x)
 --- modulename: s217040014, funcname: find
s217040014.py(15):     if par[x]==x:
s217040014.py(16):         return x
s217040014.py(22):     y=find(y)
 --- modulename: s217040014, funcname: find
s217040014.py(15):     if par[x]==x:
s217040014.py(16):         return x
s217040014.py(23):     if x==y:
s217040014.py(25):     if (rnk[x]<rnk[y]):
s217040014.py(28):         par[y]=x
s217040014.py(29):         if(rnk[x]==rnk[y]):
s217040014.py(30):             rnk[x]+=1
s217040014.py(36):     for j in range(M):
s217040014.py(37):         if i==j:
s217040014.py(39):         unite(a[j],b[j])
 --- modulename: s217040014, funcname: unite
s217040014.py(21):     x=find(x)
 --- modulename: s217040014, funcname: find
s217040014.py(15):     if par[x]==x:
s217040014.py(16):         return x
s217040014.py(22):     y=find(y)
 --- modulename: s217040014, funcname: find
s217040014.py(15):     if par[x]==x:
s217040014.py(16):         return x
s217040014.py(23):     if x==y:
s217040014.py(25):     if (rnk[x]<rnk[y]):
s217040014.py(28):         par[y]=x
s217040014.py(29):         if(rnk[x]==rnk[y]):
s217040014.py(36):     for j in range(M):
s217040014.py(37):         if i==j:
s217040014.py(39):         unite(a[j],b[j])
 --- modulename: s217040014, funcname: unite
s217040014.py(21):     x=find(x)
 --- modulename: s217040014, funcname: find
s217040014.py(15):     if par[x]==x:
s217040014.py(18):         par[x]=find(par[x])
 --- modulename: s217040014, funcname: find
s217040014.py(15):     if par[x]==x:
s217040014.py(16):         return x
s217040014.py(19):         return par[x]
s217040014.py(22):     y=find(y)
 --- modulename: s217040014, funcname: find
s217040014.py(15):     if par[x]==x:
s217040014.py(18):         par[x]=find(par[x])
 --- modulename: s217040014, funcname: find
s217040014.py(15):     if par[x]==x:
s217040014.py(16):         return x
s217040014.py(19):         return par[x]
s217040014.py(23):     if x==y:
s217040014.py(24):         return
s217040014.py(36):     for j in range(M):
s217040014.py(37):         if i==j:
s217040014.py(39):         unite(a[j],b[j])
 --- modulename: s217040014, funcname: unite
s217040014.py(21):     x=find(x)
 --- modulename: s217040014, funcname: find
s217040014.py(15):     if par[x]==x:
s217040014.py(18):         par[x]=find(par[x])
 --- modulename: s217040014, funcname: find
s217040014.py(15):     if par[x]==x:
s217040014.py(16):         return x
s217040014.py(19):         return par[x]
s217040014.py(22):     y=find(y)
 --- modulename: s217040014, funcname: find
s217040014.py(15):     if par[x]==x:
s217040014.py(18):         par[x]=find(par[x])
 --- modulename: s217040014, funcname: find
s217040014.py(15):     if par[x]==x:
s217040014.py(16):         return x
s217040014.py(19):         return par[x]
s217040014.py(23):     if x==y:
s217040014.py(25):     if (rnk[x]<rnk[y]):
s217040014.py(28):         par[y]=x
s217040014.py(29):         if(rnk[x]==rnk[y]):
s217040014.py(30):             rnk[x]+=1
s217040014.py(36):     for j in range(M):
s217040014.py(40):     flag=0
s217040014.py(41):     for j in range(1,N):
s217040014.py(42):         if find(0)!=find(j):
 --- modulename: s217040014, funcname: find
s217040014.py(15):     if par[x]==x:
s217040014.py(16):         return x
 --- modulename: s217040014, funcname: find
s217040014.py(15):     if par[x]==x:
s217040014.py(18):         par[x]=find(par[x])
 --- modulename: s217040014, funcname: find
s217040014.py(15):     if par[x]==x:
s217040014.py(16):         return x
s217040014.py(19):         return par[x]
s217040014.py(43):             flag=1
s217040014.py(44):             break
s217040014.py(45):     if flag==1:
s217040014.py(46):         ans+=1
s217040014.py(34): for i in range(M):
s217040014.py(35):     init(N)
 --- modulename: s217040014, funcname: init
s217040014.py(11):     for i in range(N):
s217040014.py(12):         par[i]=i
s217040014.py(13):         rnk[i]=0
s217040014.py(11):     for i in range(N):
s217040014.py(12):         par[i]=i
s217040014.py(13):         rnk[i]=0
s217040014.py(11):     for i in range(N):
s217040014.py(12):         par[i]=i
s217040014.py(13):         rnk[i]=0
s217040014.py(11):     for i in range(N):
s217040014.py(12):         par[i]=i
s217040014.py(13):         rnk[i]=0
s217040014.py(11):     for i in range(N):
s217040014.py(12):         par[i]=i
s217040014.py(13):         rnk[i]=0
s217040014.py(11):     for i in range(N):
s217040014.py(12):         par[i]=i
s217040014.py(13):         rnk[i]=0
s217040014.py(11):     for i in range(N):
s217040014.py(12):         par[i]=i
s217040014.py(13):         rnk[i]=0
s217040014.py(11):     for i in range(N):
s217040014.py(36):     for j in range(M):
s217040014.py(37):         if i==j:
s217040014.py(39):         unite(a[j],b[j])
 --- modulename: s217040014, funcname: unite
s217040014.py(21):     x=find(x)
 --- modulename: s217040014, funcname: find
s217040014.py(15):     if par[x]==x:
s217040014.py(16):         return x
s217040014.py(22):     y=find(y)
 --- modulename: s217040014, funcname: find
s217040014.py(15):     if par[x]==x:
s217040014.py(16):         return x
s217040014.py(23):     if x==y:
s217040014.py(25):     if (rnk[x]<rnk[y]):
s217040014.py(28):         par[y]=x
s217040014.py(29):         if(rnk[x]==rnk[y]):
s217040014.py(30):             rnk[x]+=1
s217040014.py(36):     for j in range(M):
s217040014.py(37):         if i==j:
s217040014.py(39):         unite(a[j],b[j])
 --- modulename: s217040014, funcname: unite
s217040014.py(21):     x=find(x)
 --- modulename: s217040014, funcname: find
s217040014.py(15):     if par[x]==x:
s217040014.py(16):         return x
s217040014.py(22):     y=find(y)
 --- modulename: s217040014, funcname: find
s217040014.py(15):     if par[x]==x:
s217040014.py(16):         return x
s217040014.py(23):     if x==y:
s217040014.py(25):     if (rnk[x]<rnk[y]):
s217040014.py(28):         par[y]=x
s217040014.py(29):         if(rnk[x]==rnk[y]):
s217040014.py(30):             rnk[x]+=1
s217040014.py(36):     for j in range(M):
s217040014.py(37):         if i==j:
s217040014.py(39):         unite(a[j],b[j])
 --- modulename: s217040014, funcname: unite
s217040014.py(21):     x=find(x)
 --- modulename: s217040014, funcname: find
s217040014.py(15):     if par[x]==x:
s217040014.py(18):         par[x]=find(par[x])
 --- modulename: s217040014, funcname: find
s217040014.py(15):     if par[x]==x:
s217040014.py(16):         return x
s217040014.py(19):         return par[x]
s217040014.py(22):     y=find(y)
 --- modulename: s217040014, funcname: find
s217040014.py(15):     if par[x]==x:
s217040014.py(16):         return x
s217040014.py(23):     if x==y:
s217040014.py(25):     if (rnk[x]<rnk[y]):
s217040014.py(28):         par[y]=x
s217040014.py(29):         if(rnk[x]==rnk[y]):
s217040014.py(36):     for j in range(M):
s217040014.py(37):         if i==j:
s217040014.py(38):             continue
s217040014.py(36):     for j in range(M):
s217040014.py(37):         if i==j:
s217040014.py(39):         unite(a[j],b[j])
 --- modulename: s217040014, funcname: unite
s217040014.py(21):     x=find(x)
 --- modulename: s217040014, funcname: find
s217040014.py(15):     if par[x]==x:
s217040014.py(18):         par[x]=find(par[x])
 --- modulename: s217040014, funcname: find
s217040014.py(15):     if par[x]==x:
s217040014.py(16):         return x
s217040014.py(19):         return par[x]
s217040014.py(22):     y=find(y)
 --- modulename: s217040014, funcname: find
s217040014.py(15):     if par[x]==x:
s217040014.py(16):         return x
s217040014.py(23):     if x==y:
s217040014.py(25):     if (rnk[x]<rnk[y]):
s217040014.py(28):         par[y]=x
s217040014.py(29):         if(rnk[x]==rnk[y]):
s217040014.py(36):     for j in range(M):
s217040014.py(37):         if i==j:
s217040014.py(39):         unite(a[j],b[j])
 --- modulename: s217040014, funcname: unite
s217040014.py(21):     x=find(x)
 --- modulename: s217040014, funcname: find
s217040014.py(15):     if par[x]==x:
s217040014.py(16):         return x
s217040014.py(22):     y=find(y)
 --- modulename: s217040014, funcname: find
s217040014.py(15):     if par[x]==x:
s217040014.py(18):         par[x]=find(par[x])
 --- modulename: s217040014, funcname: find
s217040014.py(15):     if par[x]==x:
s217040014.py(16):         return x
s217040014.py(19):         return par[x]
s217040014.py(23):     if x==y:
s217040014.py(25):     if (rnk[x]<rnk[y]):
s217040014.py(26):         par[x]=y
s217040014.py(36):     for j in range(M):
s217040014.py(37):         if i==j:
s217040014.py(39):         unite(a[j],b[j])
 --- modulename: s217040014, funcname: unite
s217040014.py(21):     x=find(x)
 --- modulename: s217040014, funcname: find
s217040014.py(15):     if par[x]==x:
s217040014.py(18):         par[x]=find(par[x])
 --- modulename: s217040014, funcname: find
s217040014.py(15):     if par[x]==x:
s217040014.py(16):         return x
s217040014.py(19):         return par[x]
s217040014.py(22):     y=find(y)
 --- modulename: s217040014, funcname: find
s217040014.py(15):     if par[x]==x:
s217040014.py(18):         par[x]=find(par[x])
 --- modulename: s217040014, funcname: find
s217040014.py(15):     if par[x]==x:
s217040014.py(16):         return x
s217040014.py(19):         return par[x]
s217040014.py(23):     if x==y:
s217040014.py(25):     if (rnk[x]<rnk[y]):
s217040014.py(28):         par[y]=x
s217040014.py(29):         if(rnk[x]==rnk[y]):
s217040014.py(30):             rnk[x]+=1
s217040014.py(36):     for j in range(M):
s217040014.py(40):     flag=0
s217040014.py(41):     for j in range(1,N):
s217040014.py(42):         if find(0)!=find(j):
 --- modulename: s217040014, funcname: find
s217040014.py(15):     if par[x]==x:
s217040014.py(16):         return x
 --- modulename: s217040014, funcname: find
s217040014.py(15):     if par[x]==x:
s217040014.py(18):         par[x]=find(par[x])
 --- modulename: s217040014, funcname: find
s217040014.py(15):     if par[x]==x:
s217040014.py(16):         return x
s217040014.py(19):         return par[x]
s217040014.py(41):     for j in range(1,N):
s217040014.py(42):         if find(0)!=find(j):
 --- modulename: s217040014, funcname: find
s217040014.py(15):     if par[x]==x:
s217040014.py(16):         return x
 --- modulename: s217040014, funcname: find
s217040014.py(15):     if par[x]==x:
s217040014.py(18):         par[x]=find(par[x])
 --- modulename: s217040014, funcname: find
s217040014.py(15):     if par[x]==x:
s217040014.py(16):         return x
s217040014.py(19):         return par[x]
s217040014.py(41):     for j in range(1,N):
s217040014.py(42):         if find(0)!=find(j):
 --- modulename: s217040014, funcname: find
s217040014.py(15):     if par[x]==x:
s217040014.py(16):         return x
 --- modulename: s217040014, funcname: find
s217040014.py(15):     if par[x]==x:
s217040014.py(18):         par[x]=find(par[x])
 --- modulename: s217040014, funcname: find
s217040014.py(15):     if par[x]==x:
s217040014.py(16):         return x
s217040014.py(19):         return par[x]
s217040014.py(41):     for j in range(1,N):
s217040014.py(42):         if find(0)!=find(j):
 --- modulename: s217040014, funcname: find
s217040014.py(15):     if par[x]==x:
s217040014.py(16):         return x
 --- modulename: s217040014, funcname: find
s217040014.py(15):     if par[x]==x:
s217040014.py(18):         par[x]=find(par[x])
 --- modulename: s217040014, funcname: find
s217040014.py(15):     if par[x]==x:
s217040014.py(16):         return x
s217040014.py(19):         return par[x]
s217040014.py(41):     for j in range(1,N):
s217040014.py(42):         if find(0)!=find(j):
 --- modulename: s217040014, funcname: find
s217040014.py(15):     if par[x]==x:
s217040014.py(16):         return x
 --- modulename: s217040014, funcname: find
s217040014.py(15):     if par[x]==x:
s217040014.py(18):         par[x]=find(par[x])
 --- modulename: s217040014, funcname: find
s217040014.py(15):     if par[x]==x:
s217040014.py(16):         return x
s217040014.py(19):         return par[x]
s217040014.py(41):     for j in range(1,N):
s217040014.py(42):         if find(0)!=find(j):
 --- modulename: s217040014, funcname: find
s217040014.py(15):     if par[x]==x:
s217040014.py(16):         return x
 --- modulename: s217040014, funcname: find
s217040014.py(15):     if par[x]==x:
s217040014.py(18):         par[x]=find(par[x])
 --- modulename: s217040014, funcname: find
s217040014.py(15):     if par[x]==x:
s217040014.py(18):         par[x]=find(par[x])
 --- modulename: s217040014, funcname: find
s217040014.py(15):     if par[x]==x:
s217040014.py(16):         return x
s217040014.py(19):         return par[x]
s217040014.py(19):         return par[x]
s217040014.py(41):     for j in range(1,N):
s217040014.py(45):     if flag==1:
s217040014.py(34): for i in range(M):
s217040014.py(35):     init(N)
 --- modulename: s217040014, funcname: init
s217040014.py(11):     for i in range(N):
s217040014.py(12):         par[i]=i
s217040014.py(13):         rnk[i]=0
s217040014.py(11):     for i in range(N):
s217040014.py(12):         par[i]=i
s217040014.py(13):         rnk[i]=0
s217040014.py(11):     for i in range(N):
s217040014.py(12):         par[i]=i
s217040014.py(13):         rnk[i]=0
s217040014.py(11):     for i in range(N):
s217040014.py(12):         par[i]=i
s217040014.py(13):         rnk[i]=0
s217040014.py(11):     for i in range(N):
s217040014.py(12):         par[i]=i
s217040014.py(13):         rnk[i]=0
s217040014.py(11):     for i in range(N):
s217040014.py(12):         par[i]=i
s217040014.py(13):         rnk[i]=0
s217040014.py(11):     for i in range(N):
s217040014.py(12):         par[i]=i
s217040014.py(13):         rnk[i]=0
s217040014.py(11):     for i in range(N):
s217040014.py(36):     for j in range(M):
s217040014.py(37):         if i==j:
s217040014.py(39):         unite(a[j],b[j])
 --- modulename: s217040014, funcname: unite
s217040014.py(21):     x=find(x)
 --- modulename: s217040014, funcname: find
s217040014.py(15):     if par[x]==x:
s217040014.py(16):         return x
s217040014.py(22):     y=find(y)
 --- modulename: s217040014, funcname: find
s217040014.py(15):     if par[x]==x:
s217040014.py(16):         return x
s217040014.py(23):     if x==y:
s217040014.py(25):     if (rnk[x]<rnk[y]):
s217040014.py(28):         par[y]=x
s217040014.py(29):         if(rnk[x]==rnk[y]):
s217040014.py(30):             rnk[x]+=1
s217040014.py(36):     for j in range(M):
s217040014.py(37):         if i==j:
s217040014.py(39):         unite(a[j],b[j])
 --- modulename: s217040014, funcname: unite
s217040014.py(21):     x=find(x)
 --- modulename: s217040014, funcname: find
s217040014.py(15):     if par[x]==x:
s217040014.py(16):         return x
s217040014.py(22):     y=find(y)
 --- modulename: s217040014, funcname: find
s217040014.py(15):     if par[x]==x:
s217040014.py(16):         return x
s217040014.py(23):     if x==y:
s217040014.py(25):     if (rnk[x]<rnk[y]):
s217040014.py(28):         par[y]=x
s217040014.py(29):         if(rnk[x]==rnk[y]):
s217040014.py(30):             rnk[x]+=1
s217040014.py(36):     for j in range(M):
s217040014.py(37):         if i==j:
s217040014.py(39):         unite(a[j],b[j])
 --- modulename: s217040014, funcname: unite
s217040014.py(21):     x=find(x)
 --- modulename: s217040014, funcname: find
s217040014.py(15):     if par[x]==x:
s217040014.py(18):         par[x]=find(par[x])
 --- modulename: s217040014, funcname: find
s217040014.py(15):     if par[x]==x:
s217040014.py(16):         return x
s217040014.py(19):         return par[x]
s217040014.py(22):     y=find(y)
 --- modulename: s217040014, funcname: find
s217040014.py(15):     if par[x]==x:
s217040014.py(16):         return x
s217040014.py(23):     if x==y:
s217040014.py(25):     if (rnk[x]<rnk[y]):
s217040014.py(28):         par[y]=x
s217040014.py(29):         if(rnk[x]==rnk[y]):
s217040014.py(36):     for j in range(M):
s217040014.py(37):         if i==j:
s217040014.py(39):         unite(a[j],b[j])
 --- modulename: s217040014, funcname: unite
s217040014.py(21):     x=find(x)
 --- modulename: s217040014, funcname: find
s217040014.py(15):     if par[x]==x:
s217040014.py(18):         par[x]=find(par[x])
 --- modulename: s217040014, funcname: find
s217040014.py(15):     if par[x]==x:
s217040014.py(16):         return x
s217040014.py(19):         return par[x]
s217040014.py(22):     y=find(y)
 --- modulename: s217040014, funcname: find
s217040014.py(15):     if par[x]==x:
s217040014.py(16):         return x
s217040014.py(23):     if x==y:
s217040014.py(25):     if (rnk[x]<rnk[y]):
s217040014.py(28):         par[y]=x
s217040014.py(29):         if(rnk[x]==rnk[y]):
s217040014.py(36):     for j in range(M):
s217040014.py(37):         if i==j:
s217040014.py(38):             continue
s217040014.py(36):     for j in range(M):
s217040014.py(37):         if i==j:
s217040014.py(39):         unite(a[j],b[j])
 --- modulename: s217040014, funcname: unite
s217040014.py(21):     x=find(x)
 --- modulename: s217040014, funcname: find
s217040014.py(15):     if par[x]==x:
s217040014.py(18):         par[x]=find(par[x])
 --- modulename: s217040014, funcname: find
s217040014.py(15):     if par[x]==x:
s217040014.py(16):         return x
s217040014.py(19):         return par[x]
s217040014.py(22):     y=find(y)
 --- modulename: s217040014, funcname: find
s217040014.py(15):     if par[x]==x:
s217040014.py(16):         return x
s217040014.py(23):     if x==y:
s217040014.py(25):     if (rnk[x]<rnk[y]):
s217040014.py(28):         par[y]=x
s217040014.py(29):         if(rnk[x]==rnk[y]):
s217040014.py(36):     for j in range(M):
s217040014.py(37):         if i==j:
s217040014.py(39):         unite(a[j],b[j])
 --- modulename: s217040014, funcname: unite
s217040014.py(21):     x=find(x)
 --- modulename: s217040014, funcname: find
s217040014.py(15):     if par[x]==x:
s217040014.py(18):         par[x]=find(par[x])
 --- modulename: s217040014, funcname: find
s217040014.py(15):     if par[x]==x:
s217040014.py(16):         return x
s217040014.py(19):         return par[x]
s217040014.py(22):     y=find(y)
 --- modulename: s217040014, funcname: find
s217040014.py(15):     if par[x]==x:
s217040014.py(18):         par[x]=find(par[x])
 --- modulename: s217040014, funcname: find
s217040014.py(15):     if par[x]==x:
s217040014.py(16):         return x
s217040014.py(19):         return par[x]
s217040014.py(23):     if x==y:
s217040014.py(25):     if (rnk[x]<rnk[y]):
s217040014.py(28):         par[y]=x
s217040014.py(29):         if(rnk[x]==rnk[y]):
s217040014.py(30):             rnk[x]+=1
s217040014.py(36):     for j in range(M):
s217040014.py(40):     flag=0
s217040014.py(41):     for j in range(1,N):
s217040014.py(42):         if find(0)!=find(j):
 --- modulename: s217040014, funcname: find
s217040014.py(15):     if par[x]==x:
s217040014.py(16):         return x
 --- modulename: s217040014, funcname: find
s217040014.py(15):     if par[x]==x:
s217040014.py(18):         par[x]=find(par[x])
 --- modulename: s217040014, funcname: find
s217040014.py(15):     if par[x]==x:
s217040014.py(16):         return x
s217040014.py(19):         return par[x]
s217040014.py(41):     for j in range(1,N):
s217040014.py(42):         if find(0)!=find(j):
 --- modulename: s217040014, funcname: find
s217040014.py(15):     if par[x]==x:
s217040014.py(16):         return x
 --- modulename: s217040014, funcname: find
s217040014.py(15):     if par[x]==x:
s217040014.py(18):         par[x]=find(par[x])
 --- modulename: s217040014, funcname: find
s217040014.py(15):     if par[x]==x:
s217040014.py(16):         return x
s217040014.py(19):         return par[x]
s217040014.py(41):     for j in range(1,N):
s217040014.py(42):         if find(0)!=find(j):
 --- modulename: s217040014, funcname: find
s217040014.py(15):     if par[x]==x:
s217040014.py(16):         return x
 --- modulename: s217040014, funcname: find
s217040014.py(15):     if par[x]==x:
s217040014.py(18):         par[x]=find(par[x])
 --- modulename: s217040014, funcname: find
s217040014.py(15):     if par[x]==x:
s217040014.py(16):         return x
s217040014.py(19):         return par[x]
s217040014.py(41):     for j in range(1,N):
s217040014.py(42):         if find(0)!=find(j):
 --- modulename: s217040014, funcname: find
s217040014.py(15):     if par[x]==x:
s217040014.py(16):         return x
 --- modulename: s217040014, funcname: find
s217040014.py(15):     if par[x]==x:
s217040014.py(18):         par[x]=find(par[x])
 --- modulename: s217040014, funcname: find
s217040014.py(15):     if par[x]==x:
s217040014.py(16):         return x
s217040014.py(19):         return par[x]
s217040014.py(41):     for j in range(1,N):
s217040014.py(42):         if find(0)!=find(j):
 --- modulename: s217040014, funcname: find
s217040014.py(15):     if par[x]==x:
s217040014.py(16):         return x
 --- modulename: s217040014, funcname: find
s217040014.py(15):     if par[x]==x:
s217040014.py(18):         par[x]=find(par[x])
 --- modulename: s217040014, funcname: find
s217040014.py(15):     if par[x]==x:
s217040014.py(16):         return x
s217040014.py(19):         return par[x]
s217040014.py(41):     for j in range(1,N):
s217040014.py(42):         if find(0)!=find(j):
 --- modulename: s217040014, funcname: find
s217040014.py(15):     if par[x]==x:
s217040014.py(16):         return x
 --- modulename: s217040014, funcname: find
s217040014.py(15):     if par[x]==x:
s217040014.py(18):         par[x]=find(par[x])
 --- modulename: s217040014, funcname: find
s217040014.py(15):     if par[x]==x:
s217040014.py(18):         par[x]=find(par[x])
 --- modulename: s217040014, funcname: find
s217040014.py(15):     if par[x]==x:
s217040014.py(16):         return x
s217040014.py(19):         return par[x]
s217040014.py(19):         return par[x]
s217040014.py(41):     for j in range(1,N):
s217040014.py(45):     if flag==1:
s217040014.py(34): for i in range(M):
s217040014.py(35):     init(N)
 --- modulename: s217040014, funcname: init
s217040014.py(11):     for i in range(N):
s217040014.py(12):         par[i]=i
s217040014.py(13):         rnk[i]=0
s217040014.py(11):     for i in range(N):
s217040014.py(12):         par[i]=i
s217040014.py(13):         rnk[i]=0
s217040014.py(11):     for i in range(N):
s217040014.py(12):         par[i]=i
s217040014.py(13):         rnk[i]=0
s217040014.py(11):     for i in range(N):
s217040014.py(12):         par[i]=i
s217040014.py(13):         rnk[i]=0
s217040014.py(11):     for i in range(N):
s217040014.py(12):         par[i]=i
s217040014.py(13):         rnk[i]=0
s217040014.py(11):     for i in range(N):
s217040014.py(12):         par[i]=i
s217040014.py(13):         rnk[i]=0
s217040014.py(11):     for i in range(N):
s217040014.py(12):         par[i]=i
s217040014.py(13):         rnk[i]=0
s217040014.py(11):     for i in range(N):
s217040014.py(36):     for j in range(M):
s217040014.py(37):         if i==j:
s217040014.py(39):         unite(a[j],b[j])
 --- modulename: s217040014, funcname: unite
s217040014.py(21):     x=find(x)
 --- modulename: s217040014, funcname: find
s217040014.py(15):     if par[x]==x:
s217040014.py(16):         return x
s217040014.py(22):     y=find(y)
 --- modulename: s217040014, funcname: find
s217040014.py(15):     if par[x]==x:
s217040014.py(16):         return x
s217040014.py(23):     if x==y:
s217040014.py(25):     if (rnk[x]<rnk[y]):
s217040014.py(28):         par[y]=x
s217040014.py(29):         if(rnk[x]==rnk[y]):
s217040014.py(30):             rnk[x]+=1
s217040014.py(36):     for j in range(M):
s217040014.py(37):         if i==j:
s217040014.py(39):         unite(a[j],b[j])
 --- modulename: s217040014, funcname: unite
s217040014.py(21):     x=find(x)
 --- modulename: s217040014, funcname: find
s217040014.py(15):     if par[x]==x:
s217040014.py(16):         return x
s217040014.py(22):     y=find(y)
 --- modulename: s217040014, funcname: find
s217040014.py(15):     if par[x]==x:
s217040014.py(16):         return x
s217040014.py(23):     if x==y:
s217040014.py(25):     if (rnk[x]<rnk[y]):
s217040014.py(28):         par[y]=x
s217040014.py(29):         if(rnk[x]==rnk[y]):
s217040014.py(30):             rnk[x]+=1
s217040014.py(36):     for j in range(M):
s217040014.py(37):         if i==j:
s217040014.py(39):         unite(a[j],b[j])
 --- modulename: s217040014, funcname: unite
s217040014.py(21):     x=find(x)
 --- modulename: s217040014, funcname: find
s217040014.py(15):     if par[x]==x:
s217040014.py(18):         par[x]=find(par[x])
 --- modulename: s217040014, funcname: find
s217040014.py(15):     if par[x]==x:
s217040014.py(16):         return x
s217040014.py(19):         return par[x]
s217040014.py(22):     y=find(y)
 --- modulename: s217040014, funcname: find
s217040014.py(15):     if par[x]==x:
s217040014.py(16):         return x
s217040014.py(23):     if x==y:
s217040014.py(25):     if (rnk[x]<rnk[y]):
s217040014.py(28):         par[y]=x
s217040014.py(29):         if(rnk[x]==rnk[y]):
s217040014.py(36):     for j in range(M):
s217040014.py(37):         if i==j:
s217040014.py(39):         unite(a[j],b[j])
 --- modulename: s217040014, funcname: unite
s217040014.py(21):     x=find(x)
 --- modulename: s217040014, funcname: find
s217040014.py(15):     if par[x]==x:
s217040014.py(18):         par[x]=find(par[x])
 --- modulename: s217040014, funcname: find
s217040014.py(15):     if par[x]==x:
s217040014.py(16):         return x
s217040014.py(19):         return par[x]
s217040014.py(22):     y=find(y)
 --- modulename: s217040014, funcname: find
s217040014.py(15):     if par[x]==x:
s217040014.py(16):         return x
s217040014.py(23):     if x==y:
s217040014.py(25):     if (rnk[x]<rnk[y]):
s217040014.py(28):         par[y]=x
s217040014.py(29):         if(rnk[x]==rnk[y]):
s217040014.py(36):     for j in range(M):
s217040014.py(37):         if i==j:
s217040014.py(39):         unite(a[j],b[j])
 --- modulename: s217040014, funcname: unite
s217040014.py(21):     x=find(x)
 --- modulename: s217040014, funcname: find
s217040014.py(15):     if par[x]==x:
s217040014.py(18):         par[x]=find(par[x])
 --- modulename: s217040014, funcname: find
s217040014.py(15):     if par[x]==x:
s217040014.py(16):         return x
s217040014.py(19):         return par[x]
s217040014.py(22):     y=find(y)
 --- modulename: s217040014, funcname: find
s217040014.py(15):     if par[x]==x:
s217040014.py(16):         return x
s217040014.py(23):     if x==y:
s217040014.py(25):     if (rnk[x]<rnk[y]):
s217040014.py(28):         par[y]=x
s217040014.py(29):         if(rnk[x]==rnk[y]):
s217040014.py(36):     for j in range(M):
s217040014.py(37):         if i==j:
s217040014.py(38):             continue
s217040014.py(36):     for j in range(M):
s217040014.py(37):         if i==j:
s217040014.py(39):         unite(a[j],b[j])
 --- modulename: s217040014, funcname: unite
s217040014.py(21):     x=find(x)
 --- modulename: s217040014, funcname: find
s217040014.py(15):     if par[x]==x:
s217040014.py(18):         par[x]=find(par[x])
 --- modulename: s217040014, funcname: find
s217040014.py(15):     if par[x]==x:
s217040014.py(16):         return x
s217040014.py(19):         return par[x]
s217040014.py(22):     y=find(y)
 --- modulename: s217040014, funcname: find
s217040014.py(15):     if par[x]==x:
s217040014.py(18):         par[x]=find(par[x])
 --- modulename: s217040014, funcname: find
s217040014.py(15):     if par[x]==x:
s217040014.py(16):         return x
s217040014.py(19):         return par[x]
s217040014.py(23):     if x==y:
s217040014.py(25):     if (rnk[x]<rnk[y]):
s217040014.py(28):         par[y]=x
s217040014.py(29):         if(rnk[x]==rnk[y]):
s217040014.py(30):             rnk[x]+=1
s217040014.py(36):     for j in range(M):
s217040014.py(40):     flag=0
s217040014.py(41):     for j in range(1,N):
s217040014.py(42):         if find(0)!=find(j):
 --- modulename: s217040014, funcname: find
s217040014.py(15):     if par[x]==x:
s217040014.py(16):         return x
 --- modulename: s217040014, funcname: find
s217040014.py(15):     if par[x]==x:
s217040014.py(18):         par[x]=find(par[x])
 --- modulename: s217040014, funcname: find
s217040014.py(15):     if par[x]==x:
s217040014.py(16):         return x
s217040014.py(19):         return par[x]
s217040014.py(41):     for j in range(1,N):
s217040014.py(42):         if find(0)!=find(j):
 --- modulename: s217040014, funcname: find
s217040014.py(15):     if par[x]==x:
s217040014.py(16):         return x
 --- modulename: s217040014, funcname: find
s217040014.py(15):     if par[x]==x:
s217040014.py(18):         par[x]=find(par[x])
 --- modulename: s217040014, funcname: find
s217040014.py(15):     if par[x]==x:
s217040014.py(16):         return x
s217040014.py(19):         return par[x]
s217040014.py(41):     for j in range(1,N):
s217040014.py(42):         if find(0)!=find(j):
 --- modulename: s217040014, funcname: find
s217040014.py(15):     if par[x]==x:
s217040014.py(16):         return x
 --- modulename: s217040014, funcname: find
s217040014.py(15):     if par[x]==x:
s217040014.py(18):         par[x]=find(par[x])
 --- modulename: s217040014, funcname: find
s217040014.py(15):     if par[x]==x:
s217040014.py(16):         return x
s217040014.py(19):         return par[x]
s217040014.py(41):     for j in range(1,N):
s217040014.py(42):         if find(0)!=find(j):
 --- modulename: s217040014, funcname: find
s217040014.py(15):     if par[x]==x:
s217040014.py(16):         return x
 --- modulename: s217040014, funcname: find
s217040014.py(15):     if par[x]==x:
s217040014.py(18):         par[x]=find(par[x])
 --- modulename: s217040014, funcname: find
s217040014.py(15):     if par[x]==x:
s217040014.py(16):         return x
s217040014.py(19):         return par[x]
s217040014.py(41):     for j in range(1,N):
s217040014.py(42):         if find(0)!=find(j):
 --- modulename: s217040014, funcname: find
s217040014.py(15):     if par[x]==x:
s217040014.py(16):         return x
 --- modulename: s217040014, funcname: find
s217040014.py(15):     if par[x]==x:
s217040014.py(18):         par[x]=find(par[x])
 --- modulename: s217040014, funcname: find
s217040014.py(15):     if par[x]==x:
s217040014.py(16):         return x
s217040014.py(19):         return par[x]
s217040014.py(41):     for j in range(1,N):
s217040014.py(42):         if find(0)!=find(j):
 --- modulename: s217040014, funcname: find
s217040014.py(15):     if par[x]==x:
s217040014.py(16):         return x
 --- modulename: s217040014, funcname: find
s217040014.py(15):     if par[x]==x:
s217040014.py(18):         par[x]=find(par[x])
 --- modulename: s217040014, funcname: find
s217040014.py(15):     if par[x]==x:
s217040014.py(18):         par[x]=find(par[x])
 --- modulename: s217040014, funcname: find
s217040014.py(15):     if par[x]==x:
s217040014.py(16):         return x
s217040014.py(19):         return par[x]
s217040014.py(19):         return par[x]
s217040014.py(41):     for j in range(1,N):
s217040014.py(45):     if flag==1:
s217040014.py(34): for i in range(M):
s217040014.py(35):     init(N)
 --- modulename: s217040014, funcname: init
s217040014.py(11):     for i in range(N):
s217040014.py(12):         par[i]=i
s217040014.py(13):         rnk[i]=0
s217040014.py(11):     for i in range(N):
s217040014.py(12):         par[i]=i
s217040014.py(13):         rnk[i]=0
s217040014.py(11):     for i in range(N):
s217040014.py(12):         par[i]=i
s217040014.py(13):         rnk[i]=0
s217040014.py(11):     for i in range(N):
s217040014.py(12):         par[i]=i
s217040014.py(13):         rnk[i]=0
s217040014.py(11):     for i in range(N):
s217040014.py(12):         par[i]=i
s217040014.py(13):         rnk[i]=0
s217040014.py(11):     for i in range(N):
s217040014.py(12):         par[i]=i
s217040014.py(13):         rnk[i]=0
s217040014.py(11):     for i in range(N):
s217040014.py(12):         par[i]=i
s217040014.py(13):         rnk[i]=0
s217040014.py(11):     for i in range(N):
s217040014.py(36):     for j in range(M):
s217040014.py(37):         if i==j:
s217040014.py(39):         unite(a[j],b[j])
 --- modulename: s217040014, funcname: unite
s217040014.py(21):     x=find(x)
 --- modulename: s217040014, funcname: find
s217040014.py(15):     if par[x]==x:
s217040014.py(16):         return x
s217040014.py(22):     y=find(y)
 --- modulename: s217040014, funcname: find
s217040014.py(15):     if par[x]==x:
s217040014.py(16):         return x
s217040014.py(23):     if x==y:
s217040014.py(25):     if (rnk[x]<rnk[y]):
s217040014.py(28):         par[y]=x
s217040014.py(29):         if(rnk[x]==rnk[y]):
s217040014.py(30):             rnk[x]+=1
s217040014.py(36):     for j in range(M):
s217040014.py(37):         if i==j:
s217040014.py(39):         unite(a[j],b[j])
 --- modulename: s217040014, funcname: unite
s217040014.py(21):     x=find(x)
 --- modulename: s217040014, funcname: find
s217040014.py(15):     if par[x]==x:
s217040014.py(16):         return x
s217040014.py(22):     y=find(y)
 --- modulename: s217040014, funcname: find
s217040014.py(15):     if par[x]==x:
s217040014.py(16):         return x
s217040014.py(23):     if x==y:
s217040014.py(25):     if (rnk[x]<rnk[y]):
s217040014.py(28):         par[y]=x
s217040014.py(29):         if(rnk[x]==rnk[y]):
s217040014.py(30):             rnk[x]+=1
s217040014.py(36):     for j in range(M):
s217040014.py(37):         if i==j:
s217040014.py(39):         unite(a[j],b[j])
 --- modulename: s217040014, funcname: unite
s217040014.py(21):     x=find(x)
 --- modulename: s217040014, funcname: find
s217040014.py(15):     if par[x]==x:
s217040014.py(18):         par[x]=find(par[x])
 --- modulename: s217040014, funcname: find
s217040014.py(15):     if par[x]==x:
s217040014.py(16):         return x
s217040014.py(19):         return par[x]
s217040014.py(22):     y=find(y)
 --- modulename: s217040014, funcname: find
s217040014.py(15):     if par[x]==x:
s217040014.py(16):         return x
s217040014.py(23):     if x==y:
s217040014.py(25):     if (rnk[x]<rnk[y]):
s217040014.py(28):         par[y]=x
s217040014.py(29):         if(rnk[x]==rnk[y]):
s217040014.py(36):     for j in range(M):
s217040014.py(37):         if i==j:
s217040014.py(39):         unite(a[j],b[j])
 --- modulename: s217040014, funcname: unite
s217040014.py(21):     x=find(x)
 --- modulename: s217040014, funcname: find
s217040014.py(15):     if par[x]==x:
s217040014.py(18):         par[x]=find(par[x])
 --- modulename: s217040014, funcname: find
s217040014.py(15):     if par[x]==x:
s217040014.py(16):         return x
s217040014.py(19):         return par[x]
s217040014.py(22):     y=find(y)
 --- modulename: s217040014, funcname: find
s217040014.py(15):     if par[x]==x:
s217040014.py(16):         return x
s217040014.py(23):     if x==y:
s217040014.py(25):     if (rnk[x]<rnk[y]):
s217040014.py(28):         par[y]=x
s217040014.py(29):         if(rnk[x]==rnk[y]):
s217040014.py(36):     for j in range(M):
s217040014.py(37):         if i==j:
s217040014.py(39):         unite(a[j],b[j])
 --- modulename: s217040014, funcname: unite
s217040014.py(21):     x=find(x)
 --- modulename: s217040014, funcname: find
s217040014.py(15):     if par[x]==x:
s217040014.py(18):         par[x]=find(par[x])
 --- modulename: s217040014, funcname: find
s217040014.py(15):     if par[x]==x:
s217040014.py(16):         return x
s217040014.py(19):         return par[x]
s217040014.py(22):     y=find(y)
 --- modulename: s217040014, funcname: find
s217040014.py(15):     if par[x]==x:
s217040014.py(16):         return x
s217040014.py(23):     if x==y:
s217040014.py(25):     if (rnk[x]<rnk[y]):
s217040014.py(28):         par[y]=x
s217040014.py(29):         if(rnk[x]==rnk[y]):
s217040014.py(36):     for j in range(M):
s217040014.py(37):         if i==j:
s217040014.py(39):         unite(a[j],b[j])
 --- modulename: s217040014, funcname: unite
s217040014.py(21):     x=find(x)
 --- modulename: s217040014, funcname: find
s217040014.py(15):     if par[x]==x:
s217040014.py(18):         par[x]=find(par[x])
 --- modulename: s217040014, funcname: find
s217040014.py(15):     if par[x]==x:
s217040014.py(16):         return x
s217040014.py(19):         return par[x]
s217040014.py(22):     y=find(y)
 --- modulename: s217040014, funcname: find
s217040014.py(15):     if par[x]==x:
s217040014.py(18):         par[x]=find(par[x])
 --- modulename: s217040014, funcname: find
s217040014.py(15):     if par[x]==x:
s217040014.py(16):         return x
s217040014.py(19):         return par[x]
s217040014.py(23):     if x==y:
s217040014.py(24):         return
s217040014.py(36):     for j in range(M):
s217040014.py(37):         if i==j:
s217040014.py(38):             continue
s217040014.py(36):     for j in range(M):
s217040014.py(40):     flag=0
s217040014.py(41):     for j in range(1,N):
s217040014.py(42):         if find(0)!=find(j):
 --- modulename: s217040014, funcname: find
s217040014.py(15):     if par[x]==x:
s217040014.py(16):         return x
 --- modulename: s217040014, funcname: find
s217040014.py(15):     if par[x]==x:
s217040014.py(16):         return x
s217040014.py(43):             flag=1
s217040014.py(44):             break
s217040014.py(45):     if flag==1:
s217040014.py(46):         ans+=1
s217040014.py(34): for i in range(M):
s217040014.py(47): print(ans)
4
