 --- modulename: s222411353, funcname: <module>
s222411353.py(2): def getStart(field):
s222411353.py(10): def bfs(field,start_x,start_y,goal_N):
s222411353.py(38): def main(field):
s222411353.py(43): matrix = []
s222411353.py(45):     row = input().rstrip().split()
 --- modulename: codecs, funcname: getstate
codecs.py(333):         return (self.buffer, 0)
 --- modulename: codecs, funcname: decode
codecs.py(321):         data = self.buffer + input
codecs.py(322):         (result, consumed) = self._buffer_decode(data, self.errors, final)
codecs.py(324):         self.buffer = data[consumed:]
codecs.py(325):         return result
s222411353.py(46):     if len(row) == 3:
s222411353.py(47):         re_row = []
s222411353.py(48):         for i in row:
s222411353.py(49):             re_row.append(int(i))
s222411353.py(48):         for i in row:
s222411353.py(49):             re_row.append(int(i))
s222411353.py(48):         for i in row:
s222411353.py(49):             re_row.append(int(i))
s222411353.py(48):         for i in row:
s222411353.py(50):         matrix.append(re_row)
s222411353.py(59):     if len(matrix) == int(matrix[0][0]) + 1:
s222411353.py(45):     row = input().rstrip().split()
s222411353.py(46):     if len(row) == 3:
s222411353.py(52):         re_row = []
s222411353.py(53):         for char in row[0]:
s222411353.py(54):             if char.isdigit():
s222411353.py(57):                 re_row.append(char)
s222411353.py(53):         for char in row[0]:
s222411353.py(54):             if char.isdigit():
s222411353.py(57):                 re_row.append(char)
s222411353.py(53):         for char in row[0]:
s222411353.py(54):             if char.isdigit():
s222411353.py(57):                 re_row.append(char)
s222411353.py(53):         for char in row[0]:
s222411353.py(58):         matrix.append(re_row)
s222411353.py(59):     if len(matrix) == int(matrix[0][0]) + 1:
s222411353.py(45):     row = input().rstrip().split()
s222411353.py(46):     if len(row) == 3:
s222411353.py(52):         re_row = []
s222411353.py(53):         for char in row[0]:
s222411353.py(54):             if char.isdigit():
s222411353.py(57):                 re_row.append(char)
s222411353.py(53):         for char in row[0]:
s222411353.py(54):             if char.isdigit():
s222411353.py(57):                 re_row.append(char)
s222411353.py(53):         for char in row[0]:
s222411353.py(54):             if char.isdigit():
s222411353.py(57):                 re_row.append(char)
s222411353.py(53):         for char in row[0]:
s222411353.py(58):         matrix.append(re_row)
s222411353.py(59):     if len(matrix) == int(matrix[0][0]) + 1:
s222411353.py(45):     row = input().rstrip().split()
s222411353.py(46):     if len(row) == 3:
s222411353.py(52):         re_row = []
s222411353.py(53):         for char in row[0]:
s222411353.py(54):             if char.isdigit():
s222411353.py(57):                 re_row.append(char)
s222411353.py(53):         for char in row[0]:
s222411353.py(54):             if char.isdigit():
s222411353.py(57):                 re_row.append(char)
s222411353.py(53):         for char in row[0]:
s222411353.py(54):             if char.isdigit():
s222411353.py(55):                 re_row.append(int(char))
s222411353.py(53):         for char in row[0]:
s222411353.py(58):         matrix.append(re_row)
s222411353.py(59):     if len(matrix) == int(matrix[0][0]) + 1:
s222411353.py(60):         main(matrix)
 --- modulename: s222411353, funcname: main
s222411353.py(40):     sx,sy = getStart(field)
 --- modulename: s222411353, funcname: getStart
s222411353.py(3):     search_field = field[1:]  
s222411353.py(4):     for y in range(len(search_field)):
s222411353.py(5):         for x in range(len(search_field[0])):
s222411353.py(6):             if search_field[y][x] == "S":
s222411353.py(7):                 return x,y+1
s222411353.py(41):     bfs(field,sx,sy,field[0][2])
 --- modulename: s222411353, funcname: bfs
s222411353.py(11):     direction = [[-1,0],[1,0],[0,-1],[0,1]]
s222411353.py(12):     gotten_cheese = 1
s222411353.py(13):     distance = 0
s222411353.py(14):     que = []
s222411353.py(15):     que.append([start_x,start_y,gotten_cheese,distance])
s222411353.py(16):     INF = 1
s222411353.py(17):     min_path = [[INF for j in range(field[0][1])] for i in range(field[0][0])]
 --- modulename: s222411353, funcname: <listcomp>
s222411353.py(17):     min_path = [[INF for j in range(field[0][1])] for i in range(field[0][0])]
 --- modulename: s222411353, funcname: <listcomp>
s222411353.py(17):     min_path = [[INF for j in range(field[0][1])] for i in range(field[0][0])]
s222411353.py(17):     min_path = [[INF for j in range(field[0][1])] for i in range(field[0][0])]
s222411353.py(17):     min_path = [[INF for j in range(field[0][1])] for i in range(field[0][0])]
s222411353.py(17):     min_path = [[INF for j in range(field[0][1])] for i in range(field[0][0])]
s222411353.py(17):     min_path = [[INF for j in range(field[0][1])] for i in range(field[0][0])]
 --- modulename: s222411353, funcname: <listcomp>
s222411353.py(17):     min_path = [[INF for j in range(field[0][1])] for i in range(field[0][0])]
s222411353.py(17):     min_path = [[INF for j in range(field[0][1])] for i in range(field[0][0])]
s222411353.py(17):     min_path = [[INF for j in range(field[0][1])] for i in range(field[0][0])]
s222411353.py(17):     min_path = [[INF for j in range(field[0][1])] for i in range(field[0][0])]
s222411353.py(17):     min_path = [[INF for j in range(field[0][1])] for i in range(field[0][0])]
 --- modulename: s222411353, funcname: <listcomp>
s222411353.py(17):     min_path = [[INF for j in range(field[0][1])] for i in range(field[0][0])]
s222411353.py(17):     min_path = [[INF for j in range(field[0][1])] for i in range(field[0][0])]
s222411353.py(17):     min_path = [[INF for j in range(field[0][1])] for i in range(field[0][0])]
s222411353.py(17):     min_path = [[INF for j in range(field[0][1])] for i in range(field[0][0])]
s222411353.py(17):     min_path = [[INF for j in range(field[0][1])] for i in range(field[0][0])]
s222411353.py(18):     while len(que) != 0:
s222411353.py(19):         current = que.pop(0)
s222411353.py(20):         for d in direction:
s222411353.py(21):             nx = current[0] + d[0]
s222411353.py(22):             ny = current[1] + d[1]
s222411353.py(23):             if 0 <= nx < field[0][1] and 1 <= ny < field[0][0]+1 and field[ny][nx] != "X" and min_path[ny-1][nx] == INF:
s222411353.py(20):         for d in direction:
s222411353.py(21):             nx = current[0] + d[0]
s222411353.py(22):             ny = current[1] + d[1]
s222411353.py(23):             if 0 <= nx < field[0][1] and 1 <= ny < field[0][0]+1 and field[ny][nx] != "X" and min_path[ny-1][nx] == INF:
s222411353.py(24):                 if field[ny][nx] == current[2]: 
s222411353.py(34):                     que.append([nx,ny,current[2],current[3]+1])
s222411353.py(35):                     min_path[ny-1][nx] = 0
s222411353.py(20):         for d in direction:
s222411353.py(21):             nx = current[0] + d[0]
s222411353.py(22):             ny = current[1] + d[1]
s222411353.py(23):             if 0 <= nx < field[0][1] and 1 <= ny < field[0][0]+1 and field[ny][nx] != "X" and min_path[ny-1][nx] == INF:
s222411353.py(20):         for d in direction:
s222411353.py(21):             nx = current[0] + d[0]
s222411353.py(22):             ny = current[1] + d[1]
s222411353.py(23):             if 0 <= nx < field[0][1] and 1 <= ny < field[0][0]+1 and field[ny][nx] != "X" and min_path[ny-1][nx] == INF:
s222411353.py(24):                 if field[ny][nx] == current[2]: 
s222411353.py(34):                     que.append([nx,ny,current[2],current[3]+1])
s222411353.py(35):                     min_path[ny-1][nx] = 0
s222411353.py(20):         for d in direction:
s222411353.py(18):     while len(que) != 0:
s222411353.py(19):         current = que.pop(0)
s222411353.py(20):         for d in direction:
s222411353.py(21):             nx = current[0] + d[0]
s222411353.py(22):             ny = current[1] + d[1]
s222411353.py(23):             if 0 <= nx < field[0][1] and 1 <= ny < field[0][0]+1 and field[ny][nx] != "X" and min_path[ny-1][nx] == INF:
s222411353.py(24):                 if field[ny][nx] == current[2]: 
s222411353.py(34):                     que.append([nx,ny,current[2],current[3]+1])
s222411353.py(35):                     min_path[ny-1][nx] = 0
s222411353.py(20):         for d in direction:
s222411353.py(21):             nx = current[0] + d[0]
s222411353.py(22):             ny = current[1] + d[1]
s222411353.py(23):             if 0 <= nx < field[0][1] and 1 <= ny < field[0][0]+1 and field[ny][nx] != "X" and min_path[ny-1][nx] == INF:
s222411353.py(24):                 if field[ny][nx] == current[2]: 
s222411353.py(34):                     que.append([nx,ny,current[2],current[3]+1])
s222411353.py(35):                     min_path[ny-1][nx] = 0
s222411353.py(20):         for d in direction:
s222411353.py(21):             nx = current[0] + d[0]
s222411353.py(22):             ny = current[1] + d[1]
s222411353.py(23):             if 0 <= nx < field[0][1] and 1 <= ny < field[0][0]+1 and field[ny][nx] != "X" and min_path[ny-1][nx] == INF:
s222411353.py(20):         for d in direction:
s222411353.py(21):             nx = current[0] + d[0]
s222411353.py(22):             ny = current[1] + d[1]
s222411353.py(23):             if 0 <= nx < field[0][1] and 1 <= ny < field[0][0]+1 and field[ny][nx] != "X" and min_path[ny-1][nx] == INF:
s222411353.py(24):                 if field[ny][nx] == current[2]: 
s222411353.py(34):                     que.append([nx,ny,current[2],current[3]+1])
s222411353.py(35):                     min_path[ny-1][nx] = 0
s222411353.py(20):         for d in direction:
s222411353.py(18):     while len(que) != 0:
s222411353.py(19):         current = que.pop(0)
s222411353.py(20):         for d in direction:
s222411353.py(21):             nx = current[0] + d[0]
s222411353.py(22):             ny = current[1] + d[1]
s222411353.py(23):             if 0 <= nx < field[0][1] and 1 <= ny < field[0][0]+1 and field[ny][nx] != "X" and min_path[ny-1][nx] == INF:
s222411353.py(20):         for d in direction:
s222411353.py(21):             nx = current[0] + d[0]
s222411353.py(22):             ny = current[1] + d[1]
s222411353.py(23):             if 0 <= nx < field[0][1] and 1 <= ny < field[0][0]+1 and field[ny][nx] != "X" and min_path[ny-1][nx] == INF:
s222411353.py(20):         for d in direction:
s222411353.py(21):             nx = current[0] + d[0]
s222411353.py(22):             ny = current[1] + d[1]
s222411353.py(23):             if 0 <= nx < field[0][1] and 1 <= ny < field[0][0]+1 and field[ny][nx] != "X" and min_path[ny-1][nx] == INF:
s222411353.py(20):         for d in direction:
s222411353.py(21):             nx = current[0] + d[0]
s222411353.py(22):             ny = current[1] + d[1]
s222411353.py(23):             if 0 <= nx < field[0][1] and 1 <= ny < field[0][0]+1 and field[ny][nx] != "X" and min_path[ny-1][nx] == INF:
s222411353.py(24):                 if field[ny][nx] == current[2]: 
s222411353.py(34):                     que.append([nx,ny,current[2],current[3]+1])
s222411353.py(35):                     min_path[ny-1][nx] = 0
s222411353.py(20):         for d in direction:
s222411353.py(18):     while len(que) != 0:
s222411353.py(19):         current = que.pop(0)
s222411353.py(20):         for d in direction:
s222411353.py(21):             nx = current[0] + d[0]
s222411353.py(22):             ny = current[1] + d[1]
s222411353.py(23):             if 0 <= nx < field[0][1] and 1 <= ny < field[0][0]+1 and field[ny][nx] != "X" and min_path[ny-1][nx] == INF:
s222411353.py(20):         for d in direction:
s222411353.py(21):             nx = current[0] + d[0]
s222411353.py(22):             ny = current[1] + d[1]
s222411353.py(23):             if 0 <= nx < field[0][1] and 1 <= ny < field[0][0]+1 and field[ny][nx] != "X" and min_path[ny-1][nx] == INF:
s222411353.py(20):         for d in direction:
s222411353.py(21):             nx = current[0] + d[0]
s222411353.py(22):             ny = current[1] + d[1]
s222411353.py(23):             if 0 <= nx < field[0][1] and 1 <= ny < field[0][0]+1 and field[ny][nx] != "X" and min_path[ny-1][nx] == INF:
s222411353.py(20):         for d in direction:
s222411353.py(21):             nx = current[0] + d[0]
s222411353.py(22):             ny = current[1] + d[1]
s222411353.py(23):             if 0 <= nx < field[0][1] and 1 <= ny < field[0][0]+1 and field[ny][nx] != "X" and min_path[ny-1][nx] == INF:
s222411353.py(20):         for d in direction:
s222411353.py(18):     while len(que) != 0:
s222411353.py(19):         current = que.pop(0)
s222411353.py(20):         for d in direction:
s222411353.py(21):             nx = current[0] + d[0]
s222411353.py(22):             ny = current[1] + d[1]
s222411353.py(23):             if 0 <= nx < field[0][1] and 1 <= ny < field[0][0]+1 and field[ny][nx] != "X" and min_path[ny-1][nx] == INF:
s222411353.py(20):         for d in direction:
s222411353.py(21):             nx = current[0] + d[0]
s222411353.py(22):             ny = current[1] + d[1]
s222411353.py(23):             if 0 <= nx < field[0][1] and 1 <= ny < field[0][0]+1 and field[ny][nx] != "X" and min_path[ny-1][nx] == INF:
s222411353.py(20):         for d in direction:
s222411353.py(21):             nx = current[0] + d[0]
s222411353.py(22):             ny = current[1] + d[1]
s222411353.py(23):             if 0 <= nx < field[0][1] and 1 <= ny < field[0][0]+1 and field[ny][nx] != "X" and min_path[ny-1][nx] == INF:
s222411353.py(20):         for d in direction:
s222411353.py(21):             nx = current[0] + d[0]
s222411353.py(22):             ny = current[1] + d[1]
s222411353.py(23):             if 0 <= nx < field[0][1] and 1 <= ny < field[0][0]+1 and field[ny][nx] != "X" and min_path[ny-1][nx] == INF:
s222411353.py(24):                 if field[ny][nx] == current[2]: 
s222411353.py(34):                     que.append([nx,ny,current[2],current[3]+1])
s222411353.py(35):                     min_path[ny-1][nx] = 0
s222411353.py(20):         for d in direction:
s222411353.py(18):     while len(que) != 0:
s222411353.py(19):         current = que.pop(0)
s222411353.py(20):         for d in direction:
s222411353.py(21):             nx = current[0] + d[0]
s222411353.py(22):             ny = current[1] + d[1]
s222411353.py(23):             if 0 <= nx < field[0][1] and 1 <= ny < field[0][0]+1 and field[ny][nx] != "X" and min_path[ny-1][nx] == INF:
s222411353.py(20):         for d in direction:
s222411353.py(21):             nx = current[0] + d[0]
s222411353.py(22):             ny = current[1] + d[1]
s222411353.py(23):             if 0 <= nx < field[0][1] and 1 <= ny < field[0][0]+1 and field[ny][nx] != "X" and min_path[ny-1][nx] == INF:
s222411353.py(20):         for d in direction:
s222411353.py(21):             nx = current[0] + d[0]
s222411353.py(22):             ny = current[1] + d[1]
s222411353.py(23):             if 0 <= nx < field[0][1] and 1 <= ny < field[0][0]+1 and field[ny][nx] != "X" and min_path[ny-1][nx] == INF:
s222411353.py(20):         for d in direction:
s222411353.py(21):             nx = current[0] + d[0]
s222411353.py(22):             ny = current[1] + d[1]
s222411353.py(23):             if 0 <= nx < field[0][1] and 1 <= ny < field[0][0]+1 and field[ny][nx] != "X" and min_path[ny-1][nx] == INF:
s222411353.py(24):                 if field[ny][nx] == current[2]: 
s222411353.py(34):                     que.append([nx,ny,current[2],current[3]+1])
s222411353.py(35):                     min_path[ny-1][nx] = 0
s222411353.py(20):         for d in direction:
s222411353.py(18):     while len(que) != 0:
s222411353.py(19):         current = que.pop(0)
s222411353.py(20):         for d in direction:
s222411353.py(21):             nx = current[0] + d[0]
s222411353.py(22):             ny = current[1] + d[1]
s222411353.py(23):             if 0 <= nx < field[0][1] and 1 <= ny < field[0][0]+1 and field[ny][nx] != "X" and min_path[ny-1][nx] == INF:
s222411353.py(20):         for d in direction:
s222411353.py(21):             nx = current[0] + d[0]
s222411353.py(22):             ny = current[1] + d[1]
s222411353.py(23):             if 0 <= nx < field[0][1] and 1 <= ny < field[0][0]+1 and field[ny][nx] != "X" and min_path[ny-1][nx] == INF:
s222411353.py(20):         for d in direction:
s222411353.py(21):             nx = current[0] + d[0]
s222411353.py(22):             ny = current[1] + d[1]
s222411353.py(23):             if 0 <= nx < field[0][1] and 1 <= ny < field[0][0]+1 and field[ny][nx] != "X" and min_path[ny-1][nx] == INF:
s222411353.py(20):         for d in direction:
s222411353.py(21):             nx = current[0] + d[0]
s222411353.py(22):             ny = current[1] + d[1]
s222411353.py(23):             if 0 <= nx < field[0][1] and 1 <= ny < field[0][0]+1 and field[ny][nx] != "X" and min_path[ny-1][nx] == INF:
s222411353.py(20):         for d in direction:
s222411353.py(18):     while len(que) != 0:
s222411353.py(19):         current = que.pop(0)
s222411353.py(20):         for d in direction:
s222411353.py(21):             nx = current[0] + d[0]
s222411353.py(22):             ny = current[1] + d[1]
s222411353.py(23):             if 0 <= nx < field[0][1] and 1 <= ny < field[0][0]+1 and field[ny][nx] != "X" and min_path[ny-1][nx] == INF:
s222411353.py(20):         for d in direction:
s222411353.py(21):             nx = current[0] + d[0]
s222411353.py(22):             ny = current[1] + d[1]
s222411353.py(23):             if 0 <= nx < field[0][1] and 1 <= ny < field[0][0]+1 and field[ny][nx] != "X" and min_path[ny-1][nx] == INF:
s222411353.py(20):         for d in direction:
s222411353.py(21):             nx = current[0] + d[0]
s222411353.py(22):             ny = current[1] + d[1]
s222411353.py(23):             if 0 <= nx < field[0][1] and 1 <= ny < field[0][0]+1 and field[ny][nx] != "X" and min_path[ny-1][nx] == INF:
s222411353.py(20):         for d in direction:
s222411353.py(21):             nx = current[0] + d[0]
s222411353.py(22):             ny = current[1] + d[1]
s222411353.py(23):             if 0 <= nx < field[0][1] and 1 <= ny < field[0][0]+1 and field[ny][nx] != "X" and min_path[ny-1][nx] == INF:
s222411353.py(24):                 if field[ny][nx] == current[2]: 
s222411353.py(25):                     if field[ny][nx] == goal_N: 
s222411353.py(26):                         print(current[3]+1)
4
s222411353.py(27):                         return
s222411353.py(61):         break
