 --- modulename: s232115169, funcname: <module>
s232115169.py(2): import os
s232115169.py(3): import sys
s232115169.py(4): from io import BytesIO, IOBase
s232115169.py(7): def main():
s232115169.py(43): BUFSIZE = 8192
s232115169.py(46): class FastIO(IOBase):
 --- modulename: s232115169, funcname: FastIO
s232115169.py(46): class FastIO(IOBase):
s232115169.py(47):     newlines = 0
s232115169.py(49):     def __init__(self, file):
s232115169.py(55):     def read(self):
s232115169.py(65):     def readline(self):
s232115169.py(74):     def flush(self):
 --- modulename: abc, funcname: __new__
abc.py(106):             cls = super().__new__(mcls, name, bases, namespace, **kwargs)
abc.py(107):             _abc_init(cls)
abc.py(108):             return cls
s232115169.py(80): class IOWrapper(IOBase):
 --- modulename: s232115169, funcname: IOWrapper
s232115169.py(80): class IOWrapper(IOBase):
s232115169.py(81):     def __init__(self, file):
 --- modulename: abc, funcname: __new__
abc.py(106):             cls = super().__new__(mcls, name, bases, namespace, **kwargs)
abc.py(107):             _abc_init(cls)
abc.py(108):             return cls
s232115169.py(90): sys.stdin, sys.stdout = IOWrapper(sys.stdin), IOWrapper(sys.stdout)
 --- modulename: s232115169, funcname: __init__
s232115169.py(82):         self.buffer = FastIO(file)
 --- modulename: s232115169, funcname: __init__
s232115169.py(50):         self._fd = file.fileno()
s232115169.py(51):         self.buffer = BytesIO()
s232115169.py(52):         self.writable = "x" in file.mode or "r" not in file.mode
s232115169.py(53):         self.write = self.buffer.write if self.writable else None
s232115169.py(83):         self.flush = self.buffer.flush
s232115169.py(84):         self.writable = self.buffer.writable
s232115169.py(85):         self.write = lambda s: self.buffer.write(s.encode("ascii"))
s232115169.py(86):         self.read = lambda: self.buffer.read().decode("ascii")
s232115169.py(87):         self.readline = lambda: self.buffer.readline().decode("ascii")
 --- modulename: s232115169, funcname: __init__
s232115169.py(82):         self.buffer = FastIO(file)
 --- modulename: s232115169, funcname: __init__
s232115169.py(50):         self._fd = file.fileno()
s232115169.py(51):         self.buffer = BytesIO()
s232115169.py(52):         self.writable = "x" in file.mode or "r" not in file.mode
s232115169.py(53):         self.write = self.buffer.write if self.writable else None
s232115169.py(83):         self.flush = self.buffer.flush
s232115169.py(84):         self.writable = self.buffer.writable
s232115169.py(85):         self.write = lambda s: self.buffer.write(s.encode("ascii"))
s232115169.py(86):         self.read = lambda: self.buffer.read().decode("ascii")
s232115169.py(87):         self.readline = lambda: self.buffer.readline().decode("ascii")
s232115169.py(91): input = lambda: sys.stdin.readline().rstrip("\r\n")
s232115169.py(95): if __name__ == "__main__":
s232115169.py(96):     main()
 --- modulename: s232115169, funcname: main
s232115169.py(8):     n,a,b,c=map(int,input().split())
 --- modulename: s232115169, funcname: <lambda>
s232115169.py(91): input = lambda: sys.stdin.readline().rstrip("\r\n")
 --- modulename: s232115169, funcname: <lambda>
s232115169.py(87):         self.readline = lambda: self.buffer.readline().decode("ascii")
 --- modulename: s232115169, funcname: readline
s232115169.py(66):         while self.newlines == 0:
s232115169.py(67):             b = os.read(self._fd, max(os.fstat(self._fd).st_size, BUFSIZE))
s232115169.py(68):             self.newlines = b.count(b"\n") + (not b)
s232115169.py(69):             ptr = self.buffer.tell()
s232115169.py(70):             self.buffer.seek(0, 2), self.buffer.write(b), self.buffer.seek(ptr)
s232115169.py(66):         while self.newlines == 0:
s232115169.py(71):         self.newlines -= 1
s232115169.py(72):         return self.buffer.readline()
s232115169.py(9):     d={}
s232115169.py(10):     d['A']=a
s232115169.py(11):     d['B']=b
s232115169.py(12):     d['C']=c
s232115169.py(14):     ss=[input() for _ in range(n)]
 --- modulename: s232115169, funcname: <listcomp>
s232115169.py(14):     ss=[input() for _ in range(n)]
 --- modulename: s232115169, funcname: <lambda>
s232115169.py(91): input = lambda: sys.stdin.readline().rstrip("\r\n")
 --- modulename: s232115169, funcname: <lambda>
s232115169.py(87):         self.readline = lambda: self.buffer.readline().decode("ascii")
 --- modulename: s232115169, funcname: readline
s232115169.py(66):         while self.newlines == 0:
s232115169.py(71):         self.newlines -= 1
s232115169.py(72):         return self.buffer.readline()
s232115169.py(14):     ss=[input() for _ in range(n)]
 --- modulename: s232115169, funcname: <lambda>
s232115169.py(91): input = lambda: sys.stdin.readline().rstrip("\r\n")
 --- modulename: s232115169, funcname: <lambda>
s232115169.py(87):         self.readline = lambda: self.buffer.readline().decode("ascii")
 --- modulename: s232115169, funcname: readline
s232115169.py(66):         while self.newlines == 0:
s232115169.py(71):         self.newlines -= 1
s232115169.py(72):         return self.buffer.readline()
s232115169.py(14):     ss=[input() for _ in range(n)]
s232115169.py(16):     ans=[0]*n
s232115169.py(17):     for i in range(n):
s232115169.py(18):         s=ss[i]
s232115169.py(19):         pos=0
s232115169.py(20):         if d[s[0]]>d[s[1]]:
s232115169.py(22):         elif d[s[1]]>d[s[0]] or i==n-1:
s232115169.py(23):             pos=1
s232115169.py(29):         d[s[pos]]-=1
s232115169.py(30):         d[s[pos^1]]+=1
s232115169.py(31):         ans[i]=ord(s[pos^1])
s232115169.py(35):         if d['A']<0 or d['B']<0 or d['C']<0 :
s232115169.py(17):     for i in range(n):
s232115169.py(18):         s=ss[i]
s232115169.py(19):         pos=0
s232115169.py(20):         if d[s[0]]>d[s[1]]:
s232115169.py(21):             pos=0
s232115169.py(29):         d[s[pos]]-=1
s232115169.py(30):         d[s[pos^1]]+=1
s232115169.py(31):         ans[i]=ord(s[pos^1])
s232115169.py(35):         if d['A']<0 or d['B']<0 or d['C']<0 :
s232115169.py(17):     for i in range(n):
s232115169.py(38):     print("Yes")
 --- modulename: s232115169, funcname: <lambda>
s232115169.py(85):         self.write = lambda s: self.buffer.write(s.encode("ascii"))
Yes --- modulename: s232115169, funcname: <lambda>
s232115169.py(85):         self.write = lambda s: self.buffer.write(s.encode("ascii"))

s232115169.py(39):     print("\n".join(chr(x) for x in ans))
 --- modulename: s232115169, funcname: <genexpr>
s232115169.py(39):     print("\n".join(chr(x) for x in ans))
 --- modulename: s232115169, funcname: <genexpr>
s232115169.py(39):     print("\n".join(chr(x) for x in ans))
 --- modulename: s232115169, funcname: <genexpr>
s232115169.py(39):     print("\n".join(chr(x) for x in ans))
 --- modulename: s232115169, funcname: <lambda>
s232115169.py(85):         self.write = lambda s: self.buffer.write(s.encode("ascii"))
A
C --- modulename: s232115169, funcname: <lambda>
s232115169.py(85):         self.write = lambda s: self.buffer.write(s.encode("ascii"))

