 --- modulename: s240954725, funcname: <module>
s240954725.py(2): import sys
s240954725.py(3): sys.setrecursionlimit(10 ** 7)
s240954725.py(5): MOD = 2  # type: int
s240954725.py(8): def solve(N: int, a: "List[int]"):
s240954725.py(31): def main():
s240954725.py(42): if __name__ == '__main__':
s240954725.py(43):     main()
 --- modulename: s240954725, funcname: main
s240954725.py(32):     def iterate_tokens():
s240954725.py(36):     tokens = iterate_tokens()
s240954725.py(37):     N = int(next(tokens))  # type: int
 --- modulename: s240954725, funcname: iterate_tokens
s240954725.py(33):         for line in sys.stdin:
 --- modulename: codecs, funcname: decode
codecs.py(321):         data = self.buffer + input
codecs.py(322):         (result, consumed) = self._buffer_decode(data, self.errors, final)
codecs.py(324):         self.buffer = data[consumed:]
codecs.py(325):         return result
s240954725.py(34):             for word in line.split():
s240954725.py(35):                 yield word
s240954725.py(38):     a = [int(next(tokens)) for _ in range(N)]  # type: "List[int]"
 --- modulename: s240954725, funcname: <listcomp>
s240954725.py(38):     a = [int(next(tokens)) for _ in range(N)]  # type: "List[int]"
 --- modulename: s240954725, funcname: iterate_tokens
s240954725.py(34):             for word in line.split():
s240954725.py(33):         for line in sys.stdin:
s240954725.py(34):             for word in line.split():
s240954725.py(35):                 yield word
s240954725.py(38):     a = [int(next(tokens)) for _ in range(N)]  # type: "List[int]"
 --- modulename: s240954725, funcname: iterate_tokens
s240954725.py(34):             for word in line.split():
s240954725.py(35):                 yield word
s240954725.py(38):     a = [int(next(tokens)) for _ in range(N)]  # type: "List[int]"
 --- modulename: s240954725, funcname: iterate_tokens
s240954725.py(34):             for word in line.split():
s240954725.py(35):                 yield word
s240954725.py(38):     a = [int(next(tokens)) for _ in range(N)]  # type: "List[int]"
s240954725.py(39):     solve(N, a)
 --- modulename: s240954725, funcname: solve
s240954725.py(9):     ans = [0 for x in range(N)]
 --- modulename: s240954725, funcname: <listcomp>
s240954725.py(9):     ans = [0 for x in range(N)]
s240954725.py(9):     ans = [0 for x in range(N)]
s240954725.py(9):     ans = [0 for x in range(N)]
s240954725.py(9):     ans = [0 for x in range(N)]
s240954725.py(10):     for i in range(N - 1, -1, -1):
s240954725.py(11):         s = 0
s240954725.py(12):         for j in range(i, N, i + 1):
s240954725.py(13):             s += ans[j]
s240954725.py(12):         for j in range(i, N, i + 1):
s240954725.py(15):         if (s + a[i]) & 1:
s240954725.py(10):     for i in range(N - 1, -1, -1):
s240954725.py(11):         s = 0
s240954725.py(12):         for j in range(i, N, i + 1):
s240954725.py(13):             s += ans[j]
s240954725.py(12):         for j in range(i, N, i + 1):
s240954725.py(15):         if (s + a[i]) & 1:
s240954725.py(10):     for i in range(N - 1, -1, -1):
s240954725.py(11):         s = 0
s240954725.py(12):         for j in range(i, N, i + 1):
s240954725.py(13):             s += ans[j]
s240954725.py(12):         for j in range(i, N, i + 1):
s240954725.py(13):             s += ans[j]
s240954725.py(12):         for j in range(i, N, i + 1):
s240954725.py(13):             s += ans[j]
s240954725.py(12):         for j in range(i, N, i + 1):
s240954725.py(15):         if (s + a[i]) & 1:
s240954725.py(16):             ans[i] = 1
s240954725.py(10):     for i in range(N - 1, -1, -1):
s240954725.py(18):     b = int(sum(ans))
s240954725.py(19):     print(b)
1
s240954725.py(20):     l = []
s240954725.py(21):     if b:
s240954725.py(22):         for i, x in enumerate(ans):
s240954725.py(23):             if x == 1:
s240954725.py(24):                 l.append(i + 1)
s240954725.py(22):         for i, x in enumerate(ans):
s240954725.py(23):             if x == 1:
s240954725.py(22):         for i, x in enumerate(ans):
s240954725.py(23):             if x == 1:
s240954725.py(22):         for i, x in enumerate(ans):
s240954725.py(25):         print(*l)
1
s240954725.py(26):     return
 --- modulename: s240954725, funcname: iterate_tokens
