 --- modulename: s244045292, funcname: <module>
s244045292.py(17): production = True
s244045292.py(19): import sys, math, collections
 --- modulename: _bootstrap, funcname: _find_and_load
<frozen importlib._bootstrap>(1004):  --- modulename: _bootstrap, funcname: __init__
<frozen importlib._bootstrap>(153): <frozen importlib._bootstrap>(154):  --- modulename: _bootstrap, funcname: __enter__
<frozen importlib._bootstrap>(157):  --- modulename: _bootstrap, funcname: _get_module_lock
<frozen importlib._bootstrap>(172): <frozen importlib._bootstrap>(173): <frozen importlib._bootstrap>(174): <frozen importlib._bootstrap>(175): <frozen importlib._bootstrap>(176): <frozen importlib._bootstrap>(177): <frozen importlib._bootstrap>(179): <frozen importlib._bootstrap>(180): <frozen importlib._bootstrap>(183):  --- modulename: _bootstrap, funcname: __init__
<frozen importlib._bootstrap>(59): <frozen importlib._bootstrap>(60): <frozen importlib._bootstrap>(61): <frozen importlib._bootstrap>(62): <frozen importlib._bootstrap>(63): <frozen importlib._bootstrap>(64): <frozen importlib._bootstrap>(185): <frozen importlib._bootstrap>(196): <frozen importlib._bootstrap>(198): <frozen importlib._bootstrap>(200): <frozen importlib._bootstrap>(158):  --- modulename: _bootstrap, funcname: acquire
<frozen importlib._bootstrap>(93): <frozen importlib._bootstrap>(94): <frozen importlib._bootstrap>(95): <frozen importlib._bootstrap>(97): <frozen importlib._bootstrap>(98): <frozen importlib._bootstrap>(99): <frozen importlib._bootstrap>(100): <frozen importlib._bootstrap>(101): <frozen importlib._bootstrap>(110): <frozen importlib._bootstrap>(101): <frozen importlib._bootstrap>(1005): <frozen importlib._bootstrap>(1006): <frozen importlib._bootstrap>(1007):  --- modulename: _bootstrap, funcname: _find_and_load_unlocked
<frozen importlib._bootstrap>(968): <frozen importlib._bootstrap>(969): <frozen importlib._bootstrap>(970): <frozen importlib._bootstrap>(982):  --- modulename: _bootstrap, funcname: _find_spec
<frozen importlib._bootstrap>(903): <frozen importlib._bootstrap>(904): <frozen importlib._bootstrap>(909): <frozen importlib._bootstrap>(915): <frozen importlib._bootstrap>(916): <frozen importlib._bootstrap>(917):  --- modulename: _bootstrap, funcname: __enter__
<frozen importlib._bootstrap>(876): <frozen importlib._bootstrap>(918): <frozen importlib._bootstrap>(919): <frozen importlib._bootstrap>(925):  --- modulename: __init__, funcname: find_spec
__init__.py(104):         if path is not None and not fullname.startswith('test.'):
__init__.py(107):         method_name = 'spec_for_{fullname}'.format(**locals())
__init__.py(108):         method = getattr(self, method_name, lambda: None)
__init__.py(109):         return method()
 --- modulename: __init__, funcname: <lambda>
__init__.py(108):         method = getattr(self, method_name, lambda: None)
 --- modulename: _bootstrap, funcname: __exit__
<frozen importlib._bootstrap>(880): <frozen importlib._bootstrap>(926): <frozen importlib._bootstrap>(916): <frozen importlib._bootstrap>(917):  --- modulename: _bootstrap, funcname: __enter__
<frozen importlib._bootstrap>(876): <frozen importlib._bootstrap>(918): <frozen importlib._bootstrap>(919): <frozen importlib._bootstrap>(925):  --- modulename: _virtualenv, funcname: find_spec
_virtualenv.py(53):         if fullname in _DISTUTILS_PATCH and self.fullname is None:  # noqa: PLR1702
_virtualenv.py(87):         return None
 --- modulename: _bootstrap, funcname: __exit__
<frozen importlib._bootstrap>(880): <frozen importlib._bootstrap>(926): <frozen importlib._bootstrap>(916): <frozen importlib._bootstrap>(917):  --- modulename: _bootstrap, funcname: __enter__
<frozen importlib._bootstrap>(876): <frozen importlib._bootstrap>(918): <frozen importlib._bootstrap>(919): <frozen importlib._bootstrap>(925):  --- modulename: _bootstrap, funcname: find_spec
<frozen importlib._bootstrap>(738): <frozen importlib._bootstrap>(740): <frozen importlib._bootstrap>(741):  --- modulename: _bootstrap, funcname: spec_from_loader
<frozen importlib._bootstrap>(417): <frozen importlib._bootstrap>(428): <frozen importlib._bootstrap>(429): <frozen importlib._bootstrap>(430): <frozen importlib._bootstrap>(431):  --- modulename: _bootstrap, funcname: _requires_builtin_wrapper
<frozen importlib._bootstrap>(242): <frozen importlib._bootstrap>(245):  --- modulename: _bootstrap, funcname: is_package
<frozen importlib._bootstrap>(786): <frozen importlib._bootstrap>(438):  --- modulename: _bootstrap, funcname: __init__
<frozen importlib._bootstrap>(353): <frozen importlib._bootstrap>(354): <frozen importlib._bootstrap>(355): <frozen importlib._bootstrap>(356): <frozen importlib._bootstrap>(357): <frozen importlib._bootstrap>(360): <frozen importlib._bootstrap>(361):  --- modulename: _bootstrap, funcname: __exit__
<frozen importlib._bootstrap>(880): <frozen importlib._bootstrap>(926): <frozen importlib._bootstrap>(928): <frozen importlib._bootstrap>(943): <frozen importlib._bootstrap>(983): <frozen importlib._bootstrap>(986):  --- modulename: _bootstrap, funcname: _load_unlocked
<frozen importlib._bootstrap>(661): <frozen importlib._bootstrap>(663): <frozen importlib._bootstrap>(666):  --- modulename: _bootstrap, funcname: module_from_spec
<frozen importlib._bootstrap>(561): <frozen importlib._bootstrap>(562): <frozen importlib._bootstrap>(565):  --- modulename: _bootstrap, funcname: create_module
<frozen importlib._bootstrap>(760): <frozen importlib._bootstrap>(763):  --- modulename: _bootstrap, funcname: _call_with_frames_removed
<frozen importlib._bootstrap>(228): <frozen importlib._bootstrap>(569): <frozen importlib._bootstrap>(571):  --- modulename: _bootstrap, funcname: _init_module_attrs
<frozen importlib._bootstrap>(490): <frozen importlib._bootstrap>(496): <frozen importlib._bootstrap>(497): <frozen importlib._bootstrap>(498): <frozen importlib._bootstrap>(519): <frozen importlib._bootstrap>(520): <frozen importlib._bootstrap>(524): <frozen importlib._bootstrap>(525): <frozen importlib._bootstrap>(526):  --- modulename: _bootstrap, funcname: parent
<frozen importlib._bootstrap>(401): <frozen importlib._bootstrap>(402): <frozen importlib._bootstrap>(530): <frozen importlib._bootstrap>(531): <frozen importlib._bootstrap>(535): <frozen importlib._bootstrap>(536): <frozen importlib._bootstrap>(542):  --- modulename: _bootstrap, funcname: has_location
<frozen importlib._bootstrap>(408): <frozen importlib._bootstrap>(555): <frozen importlib._bootstrap>(572): <frozen importlib._bootstrap>(671): <frozen importlib._bootstrap>(672): <frozen importlib._bootstrap>(673): <frozen importlib._bootstrap>(674): <frozen importlib._bootstrap>(675): <frozen importlib._bootstrap>(680):  --- modulename: _bootstrap, funcname: exec_module
<frozen importlib._bootstrap>(768):  --- modulename: _bootstrap, funcname: _call_with_frames_removed
<frozen importlib._bootstrap>(228): <frozen importlib._bootstrap>(691): <frozen importlib._bootstrap>(692): <frozen importlib._bootstrap>(693):  --- modulename: _bootstrap, funcname: _verbose_message
<frozen importlib._bootstrap>(233): <frozen importlib._bootstrap>(695): <frozen importlib._bootstrap>(697): <frozen importlib._bootstrap>(987): <frozen importlib._bootstrap>(996):  --- modulename: _bootstrap, funcname: __exit__
<frozen importlib._bootstrap>(161):  --- modulename: _bootstrap, funcname: release
<frozen importlib._bootstrap>(113): <frozen importlib._bootstrap>(114): <frozen importlib._bootstrap>(115): <frozen importlib._bootstrap>(117): <frozen importlib._bootstrap>(118): <frozen importlib._bootstrap>(119): <frozen importlib._bootstrap>(120): <frozen importlib._bootstrap>(121):  --- modulename: _bootstrap, funcname: cb
<frozen importlib._bootstrap>(186): <frozen importlib._bootstrap>(187): <frozen importlib._bootstrap>(191): <frozen importlib._bootstrap>(192): <frozen importlib._bootstrap>(194): s244045292.py(21): def input(input_format = 0, multi = 0):
s244045292.py(42): def out(output_line, output_format = 0, newline = True):
s244045292.py(52): def log(*args):
s244045292.py(57): enu = enumerate
s244045292.py(59): ter = lambda a, b, c: b if a else c
s244045292.py(61): def mapl(iterable, format = 0):
s244045292.py(71): def solve():
s244045292.py(98): solve()
 --- modulename: s244045292, funcname: solve
s244045292.py(73):     n = input(11)
 --- modulename: s244045292, funcname: input
s244045292.py(23):     if multi > 0: return [input(input_format) for i in range(multi)]
s244045292.py(25):         next_line = sys.stdin.readline()[:-1]
 --- modulename: codecs, funcname: getstate
codecs.py(333):         return (self.buffer, 0)
 --- modulename: codecs, funcname: decode
codecs.py(321):         data = self.buffer + input
codecs.py(322):         (result, consumed) = self._buffer_decode(data, self.errors, final)
codecs.py(324):         self.buffer = data[consumed:]
codecs.py(325):         return result
s244045292.py(27):         if input_format >= 10:
s244045292.py(28):             use_list = False
s244045292.py(29):             input_format = int(str(input_format)[-1])
s244045292.py(32):         if input_format == 0: formatted_input = [next_line]
s244045292.py(33):         elif input_format == 1: formatted_input = list(map(int, next_line.split()))
s244045292.py(40):         return formatted_input if use_list else formatted_input[0]
s244045292.py(74):     g = input(0, n)
 --- modulename: s244045292, funcname: input
s244045292.py(23):     if multi > 0: return [input(input_format) for i in range(multi)]
 --- modulename: s244045292, funcname: <listcomp>
s244045292.py(23):     if multi > 0: return [input(input_format) for i in range(multi)]
 --- modulename: s244045292, funcname: input
s244045292.py(23):     if multi > 0: return [input(input_format) for i in range(multi)]
s244045292.py(25):         next_line = sys.stdin.readline()[:-1]
s244045292.py(27):         if input_format >= 10:
s244045292.py(30):         else: use_list = True
s244045292.py(32):         if input_format == 0: formatted_input = [next_line]
s244045292.py(40):         return formatted_input if use_list else formatted_input[0]
s244045292.py(23):     if multi > 0: return [input(input_format) for i in range(multi)]
 --- modulename: s244045292, funcname: input
s244045292.py(23):     if multi > 0: return [input(input_format) for i in range(multi)]
s244045292.py(25):         next_line = sys.stdin.readline()[:-1]
s244045292.py(27):         if input_format >= 10:
s244045292.py(30):         else: use_list = True
s244045292.py(32):         if input_format == 0: formatted_input = [next_line]
s244045292.py(40):         return formatted_input if use_list else formatted_input[0]
s244045292.py(23):     if multi > 0: return [input(input_format) for i in range(multi)]
 --- modulename: s244045292, funcname: input
s244045292.py(23):     if multi > 0: return [input(input_format) for i in range(multi)]
s244045292.py(25):         next_line = sys.stdin.readline()[:-1]
s244045292.py(27):         if input_format >= 10:
s244045292.py(30):         else: use_list = True
s244045292.py(32):         if input_format == 0: formatted_input = [next_line]
s244045292.py(40):         return formatted_input if use_list else formatted_input[0]
s244045292.py(23):     if multi > 0: return [input(input_format) for i in range(multi)]
 --- modulename: s244045292, funcname: input
s244045292.py(23):     if multi > 0: return [input(input_format) for i in range(multi)]
s244045292.py(25):         next_line = sys.stdin.readline()[:-1]
s244045292.py(27):         if input_format >= 10:
s244045292.py(30):         else: use_list = True
s244045292.py(32):         if input_format == 0: formatted_input = [next_line]
s244045292.py(40):         return formatted_input if use_list else formatted_input[0]
s244045292.py(23):     if multi > 0: return [input(input_format) for i in range(multi)]
 --- modulename: s244045292, funcname: input
s244045292.py(23):     if multi > 0: return [input(input_format) for i in range(multi)]
s244045292.py(25):         next_line = sys.stdin.readline()[:-1]
s244045292.py(27):         if input_format >= 10:
s244045292.py(30):         else: use_list = True
s244045292.py(32):         if input_format == 0: formatted_input = [next_line]
s244045292.py(40):         return formatted_input if use_list else formatted_input[0]
s244045292.py(23):     if multi > 0: return [input(input_format) for i in range(multi)]
 --- modulename: s244045292, funcname: input
s244045292.py(23):     if multi > 0: return [input(input_format) for i in range(multi)]
s244045292.py(25):         next_line = sys.stdin.readline()[:-1]
s244045292.py(27):         if input_format >= 10:
s244045292.py(30):         else: use_list = True
s244045292.py(32):         if input_format == 0: formatted_input = [next_line]
s244045292.py(40):         return formatted_input if use_list else formatted_input[0]
s244045292.py(23):     if multi > 0: return [input(input_format) for i in range(multi)]
s244045292.py(76):     a = t = w = r = 0
s244045292.py(78):     for i in g:
s244045292.py(79):         i = i[0]
s244045292.py(80):         if i == "AC":
s244045292.py(81):             a += 1
s244045292.py(78):     for i in g:
s244045292.py(79):         i = i[0]
s244045292.py(80):         if i == "AC":
s244045292.py(82):         elif i == "TLE":
s244045292.py(83):             t += 1
s244045292.py(78):     for i in g:
s244045292.py(79):         i = i[0]
s244045292.py(80):         if i == "AC":
s244045292.py(81):             a += 1
s244045292.py(78):     for i in g:
s244045292.py(79):         i = i[0]
s244045292.py(80):         if i == "AC":
s244045292.py(81):             a += 1
s244045292.py(78):     for i in g:
s244045292.py(79):         i = i[0]
s244045292.py(80):         if i == "AC":
s244045292.py(82):         elif i == "TLE":
s244045292.py(84):         elif i == "WA":
s244045292.py(85):             w += 1
s244045292.py(78):     for i in g:
s244045292.py(79):         i = i[0]
s244045292.py(80):         if i == "AC":
s244045292.py(82):         elif i == "TLE":
s244045292.py(83):             t += 1
s244045292.py(78):     for i in g:
s244045292.py(89):     out(f"AC x {a}")
 --- modulename: s244045292, funcname: out
s244045292.py(44):     formatted_output = ""
s244045292.py(46):     if output_format == 0: formatted_output = str(output_line)
s244045292.py(50):     print(formatted_output, end = "\n" if newline else "")
AC x 3
s244045292.py(90):     out(f"WA x {w}")
 --- modulename: s244045292, funcname: out
s244045292.py(44):     formatted_output = ""
s244045292.py(46):     if output_format == 0: formatted_output = str(output_line)
s244045292.py(50):     print(formatted_output, end = "\n" if newline else "")
WA x 1
s244045292.py(91):     out(f"TLE x {t}")
 --- modulename: s244045292, funcname: out
s244045292.py(44):     formatted_output = ""
s244045292.py(46):     if output_format == 0: formatted_output = str(output_line)
s244045292.py(50):     print(formatted_output, end = "\n" if newline else "")
TLE x 2
s244045292.py(92):     out(f"RE x {r}")
 --- modulename: s244045292, funcname: out
s244045292.py(44):     formatted_output = ""
s244045292.py(46):     if output_format == 0: formatted_output = str(output_line)
s244045292.py(50):     print(formatted_output, end = "\n" if newline else "")
RE x 0
s244045292.py(94):     return
