 --- modulename: s246659972, funcname: <module>
s246659972.py(1): import sys
s246659972.py(2): sys.setrecursionlimit(10**6)
s246659972.py(3): def input(): return sys.stdin.readline()
s246659972.py(4): def read(): return int(input())
s246659972.py(5): def reads(): return [int(i) for i in input().split()]
s246659972.py(7): def f(dt, dx, dy):
s246659972.py(15): N = read()
 --- modulename: s246659972, funcname: read
s246659972.py(4): def read(): return int(input())
 --- modulename: s246659972, funcname: input
s246659972.py(3): def input(): return sys.stdin.readline()
 --- modulename: codecs, funcname: getstate
codecs.py(333):         return (self.buffer, 0)
 --- modulename: codecs, funcname: decode
codecs.py(321):         data = self.buffer + input
codecs.py(322):         (result, consumed) = self._buffer_decode(data, self.errors, final)
codecs.py(324):         self.buffer = data[consumed:]
codecs.py(325):         return result
s246659972.py(16): t, x, y = [0]*(N+1), [0]*(N+1), [0]*(N+1)
s246659972.py(17): for i in range(1, N+1):
s246659972.py(18): 	t[i], x[i], y[i] = reads()
 --- modulename: s246659972, funcname: reads
s246659972.py(5): def reads(): return [int(i) for i in input().split()]
 --- modulename: s246659972, funcname: input
s246659972.py(3): def input(): return sys.stdin.readline()
 --- modulename: s246659972, funcname: <listcomp>
s246659972.py(5): def reads(): return [int(i) for i in input().split()]
s246659972.py(5): def reads(): return [int(i) for i in input().split()]
s246659972.py(5): def reads(): return [int(i) for i in input().split()]
s246659972.py(5): def reads(): return [int(i) for i in input().split()]
s246659972.py(17): for i in range(1, N+1):
s246659972.py(18): 	t[i], x[i], y[i] = reads()
 --- modulename: s246659972, funcname: reads
s246659972.py(5): def reads(): return [int(i) for i in input().split()]
 --- modulename: s246659972, funcname: input
s246659972.py(3): def input(): return sys.stdin.readline()
 --- modulename: s246659972, funcname: <listcomp>
s246659972.py(5): def reads(): return [int(i) for i in input().split()]
s246659972.py(5): def reads(): return [int(i) for i in input().split()]
s246659972.py(5): def reads(): return [int(i) for i in input().split()]
s246659972.py(5): def reads(): return [int(i) for i in input().split()]
s246659972.py(17): for i in range(1, N+1):
s246659972.py(20): ans = True
s246659972.py(21): for i in range(N):
s246659972.py(22): 	dt = t[i+1] - t[i]
s246659972.py(23): 	dx = abs(x[i+1] - x[i])
s246659972.py(24): 	dy = abs(y[i+1] - y[i])
s246659972.py(25): 	ans = ans and f(dt, dx, dy)
 --- modulename: s246659972, funcname: f
s246659972.py(8): 	if dt == dx + dy:
s246659972.py(9): 		return True
s246659972.py(21): for i in range(N):
s246659972.py(22): 	dt = t[i+1] - t[i]
s246659972.py(23): 	dx = abs(x[i+1] - x[i])
s246659972.py(24): 	dy = abs(y[i+1] - y[i])
s246659972.py(25): 	ans = ans and f(dt, dx, dy)
 --- modulename: s246659972, funcname: f
s246659972.py(8): 	if dt == dx + dy:
s246659972.py(10): 	elif dt < dx + dy:
s246659972.py(13): 		return f(dt-2, dx, dy)
 --- modulename: s246659972, funcname: f
s246659972.py(8): 	if dt == dx + dy:
s246659972.py(9): 		return True
s246659972.py(21): for i in range(N):
s246659972.py(27): if ans:
s246659972.py(28): 	print('Yes')
Yes
