 --- modulename: s250720511, funcname: <module>
s250720511.py(2): import collections as cl
s250720511.py(3): import sys
s250720511.py(6): def II():
s250720511.py(10): def MI():
s250720511.py(14): def LI():
s250720511.py(18): def battle(enemy, r, s, p):
s250720511.py(27): def main():
s250720511.py(53): main()
 --- modulename: s250720511, funcname: main
s250720511.py(28):     N, K = MI()
 --- modulename: s250720511, funcname: MI
s250720511.py(11):     return map(int, sys.stdin.readline().split())
 --- modulename: codecs, funcname: getstate
codecs.py(333):         return (self.buffer, 0)
 --- modulename: codecs, funcname: decode
codecs.py(321):         data = self.buffer + input
codecs.py(322):         (result, consumed) = self._buffer_decode(data, self.errors, final)
codecs.py(324):         self.buffer = data[consumed:]
codecs.py(325):         return result
s250720511.py(29):     r, s, p = MI()
 --- modulename: s250720511, funcname: MI
s250720511.py(11):     return map(int, sys.stdin.readline().split())
s250720511.py(30):     t = input()
s250720511.py(31):     splited_t = [[] for i in range(K)]
 --- modulename: s250720511, funcname: <listcomp>
s250720511.py(31):     splited_t = [[] for i in range(K)]
s250720511.py(31):     splited_t = [[] for i in range(K)]
s250720511.py(31):     splited_t = [[] for i in range(K)]
s250720511.py(33):     for i in range(N):
s250720511.py(34):         amari = i % K
s250720511.py(35):         splited_t[amari].append(t[i])
s250720511.py(33):     for i in range(N):
s250720511.py(34):         amari = i % K
s250720511.py(35):         splited_t[amari].append(t[i])
s250720511.py(33):     for i in range(N):
s250720511.py(34):         amari = i % K
s250720511.py(35):         splited_t[amari].append(t[i])
s250720511.py(33):     for i in range(N):
s250720511.py(34):         amari = i % K
s250720511.py(35):         splited_t[amari].append(t[i])
s250720511.py(33):     for i in range(N):
s250720511.py(34):         amari = i % K
s250720511.py(35):         splited_t[amari].append(t[i])
s250720511.py(33):     for i in range(N):
s250720511.py(37):     ans = 0
s250720511.py(38):     for i in range(K):
s250720511.py(39):         targets = splited_t[i]
s250720511.py(40):         score = battle(targets[0], r, s, p)
 --- modulename: s250720511, funcname: battle
s250720511.py(19):     if enemy == "r":
s250720511.py(20):         return p
s250720511.py(41):         ans += score
s250720511.py(42):         won = True
s250720511.py(43):         for j in range(1, len(targets)):
s250720511.py(44):             if targets[j] == targets[j - 1] and won:
s250720511.py(45):                 won = False
s250720511.py(46):                 continue
s250720511.py(43):         for j in range(1, len(targets)):
s250720511.py(44):             if targets[j] == targets[j - 1] and won:
s250720511.py(47):             score = battle(targets[j], r, s, p)
 --- modulename: s250720511, funcname: battle
s250720511.py(19):     if enemy == "r":
s250720511.py(20):         return p
s250720511.py(48):             won = True
s250720511.py(49):             ans += score
s250720511.py(43):         for j in range(1, len(targets)):
s250720511.py(38):     for i in range(K):
s250720511.py(39):         targets = splited_t[i]
s250720511.py(40):         score = battle(targets[0], r, s, p)
 --- modulename: s250720511, funcname: battle
s250720511.py(19):     if enemy == "r":
s250720511.py(21):     if enemy == "s":
s250720511.py(22):         return r
s250720511.py(41):         ans += score
s250720511.py(42):         won = True
s250720511.py(43):         for j in range(1, len(targets)):
s250720511.py(44):             if targets[j] == targets[j - 1] and won:
s250720511.py(47):             score = battle(targets[j], r, s, p)
 --- modulename: s250720511, funcname: battle
s250720511.py(19):     if enemy == "r":
s250720511.py(21):     if enemy == "s":
s250720511.py(23):     if enemy == "p":
s250720511.py(24):         return s
s250720511.py(48):             won = True
s250720511.py(49):             ans += score
s250720511.py(43):         for j in range(1, len(targets)):
s250720511.py(38):     for i in range(K):
s250720511.py(50):     print(ans)
27
