 --- modulename: s253671454, funcname: <module>
s253671454.py(2): import sys
s253671454.py(5): def solve(N: int, s: "List[int]"):
s253671454.py(25): def main():
s253671454.py(35): if __name__ == '__main__':
s253671454.py(36):     main()
 --- modulename: s253671454, funcname: main
s253671454.py(26):     def iterate_tokens():
s253671454.py(30):     tokens = iterate_tokens()
s253671454.py(31):     N = int(next(tokens))  # type: int
 --- modulename: s253671454, funcname: iterate_tokens
s253671454.py(27):         for line in sys.stdin:
 --- modulename: codecs, funcname: decode
codecs.py(321):         data = self.buffer + input
codecs.py(322):         (result, consumed) = self._buffer_decode(data, self.errors, final)
codecs.py(324):         self.buffer = data[consumed:]
codecs.py(325):         return result
s253671454.py(28):             for word in line.split():
s253671454.py(29):                 yield word
s253671454.py(32):     s = [int(next(tokens)) for _ in range(N)]  # type: "List[int]"
 --- modulename: s253671454, funcname: <listcomp>
s253671454.py(32):     s = [int(next(tokens)) for _ in range(N)]  # type: "List[int]"
 --- modulename: s253671454, funcname: iterate_tokens
s253671454.py(28):             for word in line.split():
s253671454.py(27):         for line in sys.stdin:
s253671454.py(28):             for word in line.split():
s253671454.py(29):                 yield word
s253671454.py(32):     s = [int(next(tokens)) for _ in range(N)]  # type: "List[int]"
 --- modulename: s253671454, funcname: iterate_tokens
s253671454.py(28):             for word in line.split():
s253671454.py(27):         for line in sys.stdin:
s253671454.py(28):             for word in line.split():
s253671454.py(29):                 yield word
s253671454.py(32):     s = [int(next(tokens)) for _ in range(N)]  # type: "List[int]"
 --- modulename: s253671454, funcname: iterate_tokens
s253671454.py(28):             for word in line.split():
s253671454.py(27):         for line in sys.stdin:
s253671454.py(28):             for word in line.split():
s253671454.py(29):                 yield word
s253671454.py(32):     s = [int(next(tokens)) for _ in range(N)]  # type: "List[int]"
s253671454.py(33):     solve(N, s)
 --- modulename: s253671454, funcname: solve
s253671454.py(6):     s.sort()
s253671454.py(7):     x = sum(s)
s253671454.py(8):     si = [i for i in s if(i%10 != 0)]
 --- modulename: s253671454, funcname: <listcomp>
s253671454.py(8):     si = [i for i in s if(i%10 != 0)]
s253671454.py(8):     si = [i for i in s if(i%10 != 0)]
s253671454.py(8):     si = [i for i in s if(i%10 != 0)]
s253671454.py(8):     si = [i for i in s if(i%10 != 0)]
s253671454.py(9):     if(x%10 == 0):
s253671454.py(10):         idx = 0
s253671454.py(11):         while(x%10 == 0 and idx < len(si)):
s253671454.py(12):             x -= si[idx]
s253671454.py(13):             idx += 1
s253671454.py(11):         while(x%10 == 0 and idx < len(si)):
s253671454.py(16):     if(x%10 == 0):
s253671454.py(19):         print(x)
25
s253671454.py(21):     return
 --- modulename: s253671454, funcname: iterate_tokens
