 --- modulename: s268661660, funcname: <module>
s268661660.py(3): import sys
s268661660.py(34): def main():
s268661660.py(58): if __name__ == "__main__":
s268661660.py(59):     main()
 --- modulename: s268661660, funcname: main
s268661660.py(35):     mod = 1000000007                # 10^9+7
s268661660.py(36):     inf = float('inf')              # sys.float_info.max = 1.79...e+308
s268661660.py(38):     sys.setrecursionlimit(10**6)    # 1000 -> 1000000
s268661660.py(39):     def input(): return sys.stdin.readline().rstrip()
s268661660.py(40):     def ii():    return int(input())
s268661660.py(41):     def mi():    return map(int, input().split())
s268661660.py(42):     def mi_0():  return map(lambda x: int(x)-1, input().split())
s268661660.py(43):     def lmi():   return list(map(int, input().split()))
s268661660.py(44):     def lmi_0(): return list(map(lambda x: int(x)-1, input().split()))
s268661660.py(45):     def li():    return list(input())
s268661660.py(48):     a, b = input().split()
 --- modulename: s268661660, funcname: input
s268661660.py(39):     def input(): return sys.stdin.readline().rstrip()
 --- modulename: codecs, funcname: getstate
codecs.py(333):         return (self.buffer, 0)
 --- modulename: codecs, funcname: decode
codecs.py(321):         data = self.buffer + input
codecs.py(322):         (result, consumed) = self._buffer_decode(data, self.errors, final)
codecs.py(324):         self.buffer = data[consumed:]
codecs.py(325):         return result
s268661660.py(49):     num = int(a + b)
s268661660.py(50):     for i in range(1000):
s268661660.py(51):         if i ** 2 == num:
s268661660.py(50):     for i in range(1000):
s268661660.py(51):         if i ** 2 == num:
s268661660.py(50):     for i in range(1000):
s268661660.py(51):         if i ** 2 == num:
s268661660.py(50):     for i in range(1000):
s268661660.py(51):         if i ** 2 == num:
s268661660.py(50):     for i in range(1000):
s268661660.py(51):         if i ** 2 == num:
s268661660.py(50):     for i in range(1000):
s268661660.py(51):         if i ** 2 == num:
s268661660.py(50):     for i in range(1000):
s268661660.py(51):         if i ** 2 == num:
s268661660.py(50):     for i in range(1000):
s268661660.py(51):         if i ** 2 == num:
s268661660.py(50):     for i in range(1000):
s268661660.py(51):         if i ** 2 == num:
s268661660.py(50):     for i in range(1000):
s268661660.py(51):         if i ** 2 == num:
s268661660.py(50):     for i in range(1000):
s268661660.py(51):         if i ** 2 == num:
s268661660.py(50):     for i in range(1000):
s268661660.py(51):         if i ** 2 == num:
s268661660.py(52):             print('Yes')
Yes
s268661660.py(53):             exit()
 --- modulename: _sitebuiltins, funcname: __call__
_sitebuiltins.py(22):         try:
_sitebuiltins.py(23):             sys.stdin.close()
_sitebuiltins.py(26):         raise SystemExit(code)
