 --- modulename: s273541527, funcname: <module>
s273541527.py(6): def gcd(a, b):
s273541527.py(11): def lcm(a, b):
s273541527.py(13): def div(x):#約数配列
s273541527.py(25): def div2(x):#素因数分解配列
s273541527.py(37): def main():
s273541527.py(54): main()
 --- modulename: s273541527, funcname: main
s273541527.py(46):     n=int(input())
 --- modulename: codecs, funcname: getstate
codecs.py(333):         return (self.buffer, 0)
 --- modulename: codecs, funcname: decode
codecs.py(321):         data = self.buffer + input
codecs.py(322):         (result, consumed) = self._buffer_decode(data, self.errors, final)
codecs.py(324):         self.buffer = data[consumed:]
codecs.py(325):         return result
s273541527.py(47):     a = list(map(int,input().split()))
s273541527.py(48):     ans=gcd(a[0],a[1])
 --- modulename: s273541527, funcname: gcd
s273541527.py(7):     if b == 0:
s273541527.py(10):         return gcd(b, a%b)
 --- modulename: s273541527, funcname: gcd
s273541527.py(7):     if b == 0:
s273541527.py(10):         return gcd(b, a%b)
 --- modulename: s273541527, funcname: gcd
s273541527.py(7):     if b == 0:
s273541527.py(8):         return a
s273541527.py(49):     for i in range(n-2):
s273541527.py(50):         ans=gcd(ans,a[i+2])
 --- modulename: s273541527, funcname: gcd
s273541527.py(7):     if b == 0:
s273541527.py(10):         return gcd(b, a%b)
 --- modulename: s273541527, funcname: gcd
s273541527.py(7):     if b == 0:
s273541527.py(10):         return gcd(b, a%b)
 --- modulename: s273541527, funcname: gcd
s273541527.py(7):     if b == 0:
s273541527.py(8):         return a
s273541527.py(51):         if ans==1:
s273541527.py(49):     for i in range(n-2):
s273541527.py(50):         ans=gcd(ans,a[i+2])
 --- modulename: s273541527, funcname: gcd
s273541527.py(7):     if b == 0:
s273541527.py(10):         return gcd(b, a%b)
 --- modulename: s273541527, funcname: gcd
s273541527.py(7):     if b == 0:
s273541527.py(10):         return gcd(b, a%b)
 --- modulename: s273541527, funcname: gcd
s273541527.py(7):     if b == 0:
s273541527.py(8):         return a
s273541527.py(51):         if ans==1:
s273541527.py(49):     for i in range(n-2):
s273541527.py(53):     print(ans)
2
