 --- modulename: s277318565, funcname: <module>
s277318565.py(3): import sys
s277318565.py(5): def input(): return sys.stdin.readline().strip()
s277318565.py(6): def list2d(a, b, c): return [[c] * b for i in range(a)]
s277318565.py(7): def list3d(a, b, c, d): return [[[d] * c for j in range(b)] for i in range(a)]
s277318565.py(8): def list4d(a, b, c, d, e): return [[[[e] * d for j in range(c)] for j in range(b)] for i in range(a)]
s277318565.py(9): def ceil(x, y=1): return int(-(-x // y))
s277318565.py(10): def INT(): return int(input())
s277318565.py(11): def MAP(): return map(int, input().split())
s277318565.py(12): def LIST(N=None): return list(MAP()) if N is None else [INT() for i in range(N)]
s277318565.py(13): def Yes(): print('Yes')
s277318565.py(14): def No(): print('No')
s277318565.py(15): def YES(): print('YES')
s277318565.py(16): def NO(): print('NO')
s277318565.py(17): sys.setrecursionlimit(10 ** 9)
s277318565.py(18): INF = 10 ** 18
s277318565.py(19): MOD = 10 ** 9 + 7
s277318565.py(21): N = INT()
 --- modulename: s277318565, funcname: INT
s277318565.py(10): def INT(): return int(input())
 --- modulename: s277318565, funcname: input
s277318565.py(5): def input(): return sys.stdin.readline().strip()
 --- modulename: codecs, funcname: getstate
codecs.py(333):         return (self.buffer, 0)
 --- modulename: codecs, funcname: decode
codecs.py(321):         data = self.buffer + input
codecs.py(322):         (result, consumed) = self._buffer_decode(data, self.errors, final)
codecs.py(324):         self.buffer = data[consumed:]
codecs.py(325):         return result
s277318565.py(22): nodes = [[] for i in range(N)]
 --- modulename: s277318565, funcname: <listcomp>
s277318565.py(22): nodes = [[] for i in range(N)]
s277318565.py(22): nodes = [[] for i in range(N)]
s277318565.py(22): nodes = [[] for i in range(N)]
s277318565.py(22): nodes = [[] for i in range(N)]
s277318565.py(23): edges = {}
s277318565.py(24): for i in range(N-1):
s277318565.py(25):     a, b = MAP()
 --- modulename: s277318565, funcname: MAP
s277318565.py(11): def MAP(): return map(int, input().split())
 --- modulename: s277318565, funcname: input
s277318565.py(5): def input(): return sys.stdin.readline().strip()
s277318565.py(26):     a -= 1; b -= 1
s277318565.py(27):     nodes[a].append(b)
s277318565.py(28):     nodes[b].append(a)
s277318565.py(29):     edges[(a, b)] = [i, -1]
s277318565.py(24): for i in range(N-1):
s277318565.py(25):     a, b = MAP()
 --- modulename: s277318565, funcname: MAP
s277318565.py(11): def MAP(): return map(int, input().split())
 --- modulename: s277318565, funcname: input
s277318565.py(5): def input(): return sys.stdin.readline().strip()
s277318565.py(26):     a -= 1; b -= 1
s277318565.py(27):     nodes[a].append(b)
s277318565.py(28):     nodes[b].append(a)
s277318565.py(29):     edges[(a, b)] = [i, -1]
s277318565.py(24): for i in range(N-1):
s277318565.py(32): stack = [(0, -1)]
s277318565.py(33): mx = 0
s277318565.py(34): ans = [0] * (N-1)
s277318565.py(35): while stack:
s277318565.py(36):     u, prev = stack.pop()
s277318565.py(37):     color = 0
s277318565.py(39):     for v in nodes[u]:
s277318565.py(40):         if v == prev:
s277318565.py(42):         stack.append((v, u))
s277318565.py(43):         color += 1
s277318565.py(44):         a, b = min(u, prev), max(u, prev)
s277318565.py(46):         if a != -1 and color == edges[(a, b)][1]:
s277318565.py(48):         a, b = min(u, v), max(u, v)
s277318565.py(49):         edges[(a, b)][1] = color
s277318565.py(50):         i = edges[(a, b)][0]
s277318565.py(51):         ans[i] = str(color)
s277318565.py(39):     for v in nodes[u]:
s277318565.py(53):     mx = max(mx, color)
s277318565.py(35): while stack:
s277318565.py(36):     u, prev = stack.pop()
s277318565.py(37):     color = 0
s277318565.py(39):     for v in nodes[u]:
s277318565.py(40):         if v == prev:
s277318565.py(41):             continue
s277318565.py(39):     for v in nodes[u]:
s277318565.py(40):         if v == prev:
s277318565.py(42):         stack.append((v, u))
s277318565.py(43):         color += 1
s277318565.py(44):         a, b = min(u, prev), max(u, prev)
s277318565.py(46):         if a != -1 and color == edges[(a, b)][1]:
s277318565.py(47):             color += 1
s277318565.py(48):         a, b = min(u, v), max(u, v)
s277318565.py(49):         edges[(a, b)][1] = color
s277318565.py(50):         i = edges[(a, b)][0]
s277318565.py(51):         ans[i] = str(color)
s277318565.py(39):     for v in nodes[u]:
s277318565.py(53):     mx = max(mx, color)
s277318565.py(35): while stack:
s277318565.py(36):     u, prev = stack.pop()
s277318565.py(37):     color = 0
s277318565.py(39):     for v in nodes[u]:
s277318565.py(40):         if v == prev:
s277318565.py(41):             continue
s277318565.py(39):     for v in nodes[u]:
s277318565.py(53):     mx = max(mx, color)
s277318565.py(35): while stack:
s277318565.py(55): print(mx)
2
s277318565.py(56): print('\n'.join(ans))
1
2
