 --- modulename: s280257798, funcname: <module>
s280257798.py(1): import sys
s280257798.py(4): def input():
s280257798.py(7): class UnionFind():
 --- modulename: s280257798, funcname: UnionFind
s280257798.py(7): class UnionFind():
s280257798.py(8):     def __init__(self, n):
s280257798.py(12):     def find(self, x):
s280257798.py(19):     def union(self, x, y):
s280257798.py(32):     def size(self, x):
s280257798.py(35):     def same(self, x, y):
s280257798.py(38):     def members(self, x):
s280257798.py(42):     def roots(self):
s280257798.py(45):     def group_count(self):
s280257798.py(48):     def all_group_members(self):
s280257798.py(51):     def __str__(self):
s280257798.py(54): def main():
s280257798.py(79): if __name__ == "__main__":
s280257798.py(80):     main()
 --- modulename: s280257798, funcname: main
s280257798.py(56):     N,M =map(int,input().split())
 --- modulename: s280257798, funcname: input
s280257798.py(5):     return sys.stdin.readline().rstrip()
 --- modulename: codecs, funcname: getstate
codecs.py(333):         return (self.buffer, 0)
 --- modulename: codecs, funcname: decode
codecs.py(321):         data = self.buffer + input
codecs.py(322):         (result, consumed) = self._buffer_decode(data, self.errors, final)
codecs.py(324):         self.buffer = data[consumed:]
codecs.py(325):         return result
s280257798.py(57):     U = UnionFind(N)
 --- modulename: s280257798, funcname: __init__
s280257798.py(9):         self.n = n
s280257798.py(10):         self.parents = [-1] * n
s280257798.py(59):     for i in range(M):
s280257798.py(60):         a,b =map(int,input().split())
 --- modulename: s280257798, funcname: input
s280257798.py(5):     return sys.stdin.readline().rstrip()
s280257798.py(61):         U.union(a-1,b-1)
 --- modulename: s280257798, funcname: union
s280257798.py(20):         x = self.find(x)
 --- modulename: s280257798, funcname: find
s280257798.py(13):         if self.parents[x] < 0:
s280257798.py(14):             return x
s280257798.py(21):         y = self.find(y)
 --- modulename: s280257798, funcname: find
s280257798.py(13):         if self.parents[x] < 0:
s280257798.py(14):             return x
s280257798.py(23):         if x == y:
s280257798.py(26):         if self.parents[x] > self.parents[y]:
s280257798.py(29):         self.parents[x] += self.parents[y]
s280257798.py(30):         self.parents[y] = x
s280257798.py(59):     for i in range(M):
s280257798.py(60):         a,b =map(int,input().split())
 --- modulename: s280257798, funcname: input
s280257798.py(5):     return sys.stdin.readline().rstrip()
s280257798.py(61):         U.union(a-1,b-1)
 --- modulename: s280257798, funcname: union
s280257798.py(20):         x = self.find(x)
 --- modulename: s280257798, funcname: find
s280257798.py(13):         if self.parents[x] < 0:
s280257798.py(14):             return x
s280257798.py(21):         y = self.find(y)
 --- modulename: s280257798, funcname: find
s280257798.py(13):         if self.parents[x] < 0:
s280257798.py(14):             return x
s280257798.py(23):         if x == y:
s280257798.py(26):         if self.parents[x] > self.parents[y]:
s280257798.py(29):         self.parents[x] += self.parents[y]
s280257798.py(30):         self.parents[y] = x
s280257798.py(59):     for i in range(M):
s280257798.py(60):         a,b =map(int,input().split())
 --- modulename: s280257798, funcname: input
s280257798.py(5):     return sys.stdin.readline().rstrip()
s280257798.py(61):         U.union(a-1,b-1)
 --- modulename: s280257798, funcname: union
s280257798.py(20):         x = self.find(x)
 --- modulename: s280257798, funcname: find
s280257798.py(13):         if self.parents[x] < 0:
s280257798.py(14):             return x
s280257798.py(21):         y = self.find(y)
 --- modulename: s280257798, funcname: find
s280257798.py(13):         if self.parents[x] < 0:
s280257798.py(14):             return x
s280257798.py(23):         if x == y:
s280257798.py(26):         if self.parents[x] > self.parents[y]:
s280257798.py(27):             x, y = y, x
s280257798.py(29):         self.parents[x] += self.parents[y]
s280257798.py(30):         self.parents[y] = x
s280257798.py(59):     for i in range(M):
s280257798.py(63):     s =0
s280257798.py(64):     for i in U.roots():
 --- modulename: s280257798, funcname: roots
s280257798.py(43):         return [i for i, x in enumerate(self.parents) if x < 0]
 --- modulename: s280257798, funcname: <listcomp>
s280257798.py(43):         return [i for i, x in enumerate(self.parents) if x < 0]
s280257798.py(43):         return [i for i, x in enumerate(self.parents) if x < 0]
s280257798.py(43):         return [i for i, x in enumerate(self.parents) if x < 0]
s280257798.py(43):         return [i for i, x in enumerate(self.parents) if x < 0]
s280257798.py(43):         return [i for i, x in enumerate(self.parents) if x < 0]
s280257798.py(43):         return [i for i, x in enumerate(self.parents) if x < 0]
s280257798.py(65):         s =max(s,U.size(i))
 --- modulename: s280257798, funcname: size
s280257798.py(33):         return -self.parents[self.find(x)]
 --- modulename: s280257798, funcname: find
s280257798.py(13):         if self.parents[x] < 0:
s280257798.py(14):             return x
s280257798.py(64):     for i in U.roots():
s280257798.py(65):         s =max(s,U.size(i))
 --- modulename: s280257798, funcname: size
s280257798.py(33):         return -self.parents[self.find(x)]
 --- modulename: s280257798, funcname: find
s280257798.py(13):         if self.parents[x] < 0:
s280257798.py(14):             return x
s280257798.py(64):     for i in U.roots():
s280257798.py(66):     print(s)
3
