 --- modulename: s281334112, funcname: <module>
s281334112.py(1): import sys
s281334112.py(2): input = sys.stdin.readline
s281334112.py(4): def I(): return int(input())
s281334112.py(5): def MI(): return map(int, input().split())
s281334112.py(6): def LI(): return list(map(int, input().split()))
s281334112.py(8): def main():
s281334112.py(161): main()
 --- modulename: s281334112, funcname: main
s281334112.py(10):     def gcd(a, b):
s281334112.py(13):     def isPrimeMR(n):
s281334112.py(26):     def findFactorRho(n):
s281334112.py(53):     def primeFactor(n):
s281334112.py(82):     def primeFactor2(n):
s281334112.py(112):     def divisors(N):
s281334112.py(125):     mod=10**9+7
s281334112.py(126):     N=I()
 --- modulename: s281334112, funcname: I
s281334112.py(4): def I(): return int(input())
 --- modulename: codecs, funcname: getstate
codecs.py(333):         return (self.buffer, 0)
 --- modulename: codecs, funcname: decode
codecs.py(321):         data = self.buffer + input
codecs.py(322):         (result, consumed) = self._buffer_decode(data, self.errors, final)
codecs.py(324):         self.buffer = data[consumed:]
codecs.py(325):         return result
s281334112.py(127):     A=LI()
 --- modulename: s281334112, funcname: LI
s281334112.py(6): def LI(): return list(map(int, input().split()))
s281334112.py(128):     from collections import defaultdict
 --- modulename: _bootstrap, funcname: _handle_fromlist
<frozen importlib._bootstrap>(1043): <frozen importlib._bootstrap>(1044): <frozen importlib._bootstrap>(1051): <frozen importlib._bootstrap>(1055): <frozen importlib._bootstrap>(1043): <frozen importlib._bootstrap>(1067): s281334112.py(129):     dd = defaultdict(int)
s281334112.py(130):     for i in range(N):
s281334112.py(131):         dd[A[i]]+=1
s281334112.py(130):     for i in range(N):
s281334112.py(131):         dd[A[i]]+=1
s281334112.py(130):     for i in range(N):
s281334112.py(131):         dd[A[i]]+=1
s281334112.py(130):     for i in range(N):
s281334112.py(131):         dd[A[i]]+=1
s281334112.py(130):     for i in range(N):
s281334112.py(131):         dd[A[i]]+=1
s281334112.py(130):     for i in range(N):
s281334112.py(133):     A.sort()
s281334112.py(135):     ans=0
s281334112.py(136):     for i in range(N):
s281334112.py(137):         if dd[A[i]]<2:
s281334112.py(138):             L=divisors(A[i])
 --- modulename: s281334112, funcname: divisors
s281334112.py(113):         pf = primeFactor(N)
 --- modulename: s281334112, funcname: primeFactor
s281334112.py(54):         i = 2
s281334112.py(55):         ret = {}
s281334112.py(56):         rhoFlg = 0
s281334112.py(57):         while i*i <= n:
s281334112.py(77):         if n > 1: ret[n] = 1
s281334112.py(78):         if rhoFlg: ret = {x: ret[x] for x in sorted(ret)}
s281334112.py(79):         return ret
s281334112.py(114):         ret = [1]
s281334112.py(115):         for p in pf:
s281334112.py(116):             ret_prev = ret
s281334112.py(117):             ret = []
s281334112.py(118):             for i in range(pf[p]+1):
s281334112.py(119):                 for r in ret_prev:
s281334112.py(120):                     ret.append(r * (p ** i))
s281334112.py(119):                 for r in ret_prev:
s281334112.py(118):             for i in range(pf[p]+1):
s281334112.py(119):                 for r in ret_prev:
s281334112.py(120):                     ret.append(r * (p ** i))
s281334112.py(119):                 for r in ret_prev:
s281334112.py(118):             for i in range(pf[p]+1):
s281334112.py(115):         for p in pf:
s281334112.py(121):         return sorted(ret)
s281334112.py(139):             flag=1
s281334112.py(140):             for v in L[:-1]:
s281334112.py(141):                 if dd[v]:
s281334112.py(140):             for v in L[:-1]:
s281334112.py(144):             if flag:
s281334112.py(145):                 ans+=1
s281334112.py(136):     for i in range(N):
s281334112.py(137):         if dd[A[i]]<2:
s281334112.py(138):             L=divisors(A[i])
 --- modulename: s281334112, funcname: divisors
s281334112.py(113):         pf = primeFactor(N)
 --- modulename: s281334112, funcname: primeFactor
s281334112.py(54):         i = 2
s281334112.py(55):         ret = {}
s281334112.py(56):         rhoFlg = 0
s281334112.py(57):         while i*i <= n:
s281334112.py(58):             k = 0
s281334112.py(59):             while n % i == 0:
s281334112.py(60):                 n //= i
s281334112.py(61):                 k += 1
s281334112.py(59):             while n % i == 0:
s281334112.py(60):                 n //= i
s281334112.py(61):                 k += 1
s281334112.py(59):             while n % i == 0:
s281334112.py(60):                 n //= i
s281334112.py(61):                 k += 1
s281334112.py(59):             while n % i == 0:
s281334112.py(62):             if k: ret[i] = k
s281334112.py(63):             i += 1 + i % 2
s281334112.py(64):             if i == 101 and n >= 2 ** 20:
s281334112.py(57):         while i*i <= n:
s281334112.py(77):         if n > 1: ret[n] = 1
s281334112.py(78):         if rhoFlg: ret = {x: ret[x] for x in sorted(ret)}
s281334112.py(79):         return ret
s281334112.py(114):         ret = [1]
s281334112.py(115):         for p in pf:
s281334112.py(116):             ret_prev = ret
s281334112.py(117):             ret = []
s281334112.py(118):             for i in range(pf[p]+1):
s281334112.py(119):                 for r in ret_prev:
s281334112.py(120):                     ret.append(r * (p ** i))
s281334112.py(119):                 for r in ret_prev:
s281334112.py(118):             for i in range(pf[p]+1):
s281334112.py(119):                 for r in ret_prev:
s281334112.py(120):                     ret.append(r * (p ** i))
s281334112.py(119):                 for r in ret_prev:
s281334112.py(118):             for i in range(pf[p]+1):
s281334112.py(119):                 for r in ret_prev:
s281334112.py(120):                     ret.append(r * (p ** i))
s281334112.py(119):                 for r in ret_prev:
s281334112.py(118):             for i in range(pf[p]+1):
s281334112.py(119):                 for r in ret_prev:
s281334112.py(120):                     ret.append(r * (p ** i))
s281334112.py(119):                 for r in ret_prev:
s281334112.py(118):             for i in range(pf[p]+1):
s281334112.py(115):         for p in pf:
s281334112.py(121):         return sorted(ret)
s281334112.py(139):             flag=1
s281334112.py(140):             for v in L[:-1]:
s281334112.py(141):                 if dd[v]:
s281334112.py(140):             for v in L[:-1]:
s281334112.py(141):                 if dd[v]:
s281334112.py(140):             for v in L[:-1]:
s281334112.py(141):                 if dd[v]:
s281334112.py(140):             for v in L[:-1]:
s281334112.py(144):             if flag:
s281334112.py(145):                 ans+=1
s281334112.py(136):     for i in range(N):
s281334112.py(137):         if dd[A[i]]<2:
s281334112.py(138):             L=divisors(A[i])
 --- modulename: s281334112, funcname: divisors
s281334112.py(113):         pf = primeFactor(N)
 --- modulename: s281334112, funcname: primeFactor
s281334112.py(54):         i = 2
s281334112.py(55):         ret = {}
s281334112.py(56):         rhoFlg = 0
s281334112.py(57):         while i*i <= n:
s281334112.py(58):             k = 0
s281334112.py(59):             while n % i == 0:
s281334112.py(62):             if k: ret[i] = k
s281334112.py(63):             i += 1 + i % 2
s281334112.py(64):             if i == 101 and n >= 2 ** 20:
s281334112.py(57):         while i*i <= n:
s281334112.py(58):             k = 0
s281334112.py(59):             while n % i == 0:
s281334112.py(62):             if k: ret[i] = k
s281334112.py(63):             i += 1 + i % 2
s281334112.py(64):             if i == 101 and n >= 2 ** 20:
s281334112.py(57):         while i*i <= n:
s281334112.py(77):         if n > 1: ret[n] = 1
s281334112.py(78):         if rhoFlg: ret = {x: ret[x] for x in sorted(ret)}
s281334112.py(79):         return ret
s281334112.py(114):         ret = [1]
s281334112.py(115):         for p in pf:
s281334112.py(116):             ret_prev = ret
s281334112.py(117):             ret = []
s281334112.py(118):             for i in range(pf[p]+1):
s281334112.py(119):                 for r in ret_prev:
s281334112.py(120):                     ret.append(r * (p ** i))
s281334112.py(119):                 for r in ret_prev:
s281334112.py(118):             for i in range(pf[p]+1):
s281334112.py(119):                 for r in ret_prev:
s281334112.py(120):                     ret.append(r * (p ** i))
s281334112.py(119):                 for r in ret_prev:
s281334112.py(118):             for i in range(pf[p]+1):
s281334112.py(115):         for p in pf:
s281334112.py(121):         return sorted(ret)
s281334112.py(139):             flag=1
s281334112.py(140):             for v in L[:-1]:
s281334112.py(141):                 if dd[v]:
s281334112.py(140):             for v in L[:-1]:
s281334112.py(144):             if flag:
s281334112.py(145):                 ans+=1
s281334112.py(136):     for i in range(N):
s281334112.py(137):         if dd[A[i]]<2:
s281334112.py(138):             L=divisors(A[i])
 --- modulename: s281334112, funcname: divisors
s281334112.py(113):         pf = primeFactor(N)
 --- modulename: s281334112, funcname: primeFactor
s281334112.py(54):         i = 2
s281334112.py(55):         ret = {}
s281334112.py(56):         rhoFlg = 0
s281334112.py(57):         while i*i <= n:
s281334112.py(58):             k = 0
s281334112.py(59):             while n % i == 0:
s281334112.py(60):                 n //= i
s281334112.py(61):                 k += 1
s281334112.py(59):             while n % i == 0:
s281334112.py(60):                 n //= i
s281334112.py(61):                 k += 1
s281334112.py(59):             while n % i == 0:
s281334112.py(60):                 n //= i
s281334112.py(61):                 k += 1
s281334112.py(59):             while n % i == 0:
s281334112.py(60):                 n //= i
s281334112.py(61):                 k += 1
s281334112.py(59):             while n % i == 0:
s281334112.py(62):             if k: ret[i] = k
s281334112.py(63):             i += 1 + i % 2
s281334112.py(64):             if i == 101 and n >= 2 ** 20:
s281334112.py(57):         while i*i <= n:
s281334112.py(77):         if n > 1: ret[n] = 1
s281334112.py(78):         if rhoFlg: ret = {x: ret[x] for x in sorted(ret)}
s281334112.py(79):         return ret
s281334112.py(114):         ret = [1]
s281334112.py(115):         for p in pf:
s281334112.py(116):             ret_prev = ret
s281334112.py(117):             ret = []
s281334112.py(118):             for i in range(pf[p]+1):
s281334112.py(119):                 for r in ret_prev:
s281334112.py(120):                     ret.append(r * (p ** i))
s281334112.py(119):                 for r in ret_prev:
s281334112.py(118):             for i in range(pf[p]+1):
s281334112.py(119):                 for r in ret_prev:
s281334112.py(120):                     ret.append(r * (p ** i))
s281334112.py(119):                 for r in ret_prev:
s281334112.py(118):             for i in range(pf[p]+1):
s281334112.py(119):                 for r in ret_prev:
s281334112.py(120):                     ret.append(r * (p ** i))
s281334112.py(119):                 for r in ret_prev:
s281334112.py(118):             for i in range(pf[p]+1):
s281334112.py(119):                 for r in ret_prev:
s281334112.py(120):                     ret.append(r * (p ** i))
s281334112.py(119):                 for r in ret_prev:
s281334112.py(118):             for i in range(pf[p]+1):
s281334112.py(119):                 for r in ret_prev:
s281334112.py(120):                     ret.append(r * (p ** i))
s281334112.py(119):                 for r in ret_prev:
s281334112.py(118):             for i in range(pf[p]+1):
s281334112.py(115):         for p in pf:
s281334112.py(121):         return sorted(ret)
s281334112.py(139):             flag=1
s281334112.py(140):             for v in L[:-1]:
s281334112.py(141):                 if dd[v]:
s281334112.py(140):             for v in L[:-1]:
s281334112.py(141):                 if dd[v]:
s281334112.py(140):             for v in L[:-1]:
s281334112.py(141):                 if dd[v]:
s281334112.py(140):             for v in L[:-1]:
s281334112.py(141):                 if dd[v]:
s281334112.py(142):                     flag=0
s281334112.py(143):                     break
s281334112.py(144):             if flag:
s281334112.py(136):     for i in range(N):
s281334112.py(137):         if dd[A[i]]<2:
s281334112.py(138):             L=divisors(A[i])
 --- modulename: s281334112, funcname: divisors
s281334112.py(113):         pf = primeFactor(N)
 --- modulename: s281334112, funcname: primeFactor
s281334112.py(54):         i = 2
s281334112.py(55):         ret = {}
s281334112.py(56):         rhoFlg = 0
s281334112.py(57):         while i*i <= n:
s281334112.py(58):             k = 0
s281334112.py(59):             while n % i == 0:
s281334112.py(60):                 n //= i
s281334112.py(61):                 k += 1
s281334112.py(59):             while n % i == 0:
s281334112.py(60):                 n //= i
s281334112.py(61):                 k += 1
s281334112.py(59):             while n % i == 0:
s281334112.py(60):                 n //= i
s281334112.py(61):                 k += 1
s281334112.py(59):             while n % i == 0:
s281334112.py(62):             if k: ret[i] = k
s281334112.py(63):             i += 1 + i % 2
s281334112.py(64):             if i == 101 and n >= 2 ** 20:
s281334112.py(57):         while i*i <= n:
s281334112.py(77):         if n > 1: ret[n] = 1
s281334112.py(78):         if rhoFlg: ret = {x: ret[x] for x in sorted(ret)}
s281334112.py(79):         return ret
s281334112.py(114):         ret = [1]
s281334112.py(115):         for p in pf:
s281334112.py(116):             ret_prev = ret
s281334112.py(117):             ret = []
s281334112.py(118):             for i in range(pf[p]+1):
s281334112.py(119):                 for r in ret_prev:
s281334112.py(120):                     ret.append(r * (p ** i))
s281334112.py(119):                 for r in ret_prev:
s281334112.py(118):             for i in range(pf[p]+1):
s281334112.py(119):                 for r in ret_prev:
s281334112.py(120):                     ret.append(r * (p ** i))
s281334112.py(119):                 for r in ret_prev:
s281334112.py(118):             for i in range(pf[p]+1):
s281334112.py(119):                 for r in ret_prev:
s281334112.py(120):                     ret.append(r * (p ** i))
s281334112.py(119):                 for r in ret_prev:
s281334112.py(118):             for i in range(pf[p]+1):
s281334112.py(119):                 for r in ret_prev:
s281334112.py(120):                     ret.append(r * (p ** i))
s281334112.py(119):                 for r in ret_prev:
s281334112.py(118):             for i in range(pf[p]+1):
s281334112.py(115):         for p in pf:
s281334112.py(116):             ret_prev = ret
s281334112.py(117):             ret = []
s281334112.py(118):             for i in range(pf[p]+1):
s281334112.py(119):                 for r in ret_prev:
s281334112.py(120):                     ret.append(r * (p ** i))
s281334112.py(119):                 for r in ret_prev:
s281334112.py(120):                     ret.append(r * (p ** i))
s281334112.py(119):                 for r in ret_prev:
s281334112.py(120):                     ret.append(r * (p ** i))
s281334112.py(119):                 for r in ret_prev:
s281334112.py(120):                     ret.append(r * (p ** i))
s281334112.py(119):                 for r in ret_prev:
s281334112.py(118):             for i in range(pf[p]+1):
s281334112.py(119):                 for r in ret_prev:
s281334112.py(120):                     ret.append(r * (p ** i))
s281334112.py(119):                 for r in ret_prev:
s281334112.py(120):                     ret.append(r * (p ** i))
s281334112.py(119):                 for r in ret_prev:
s281334112.py(120):                     ret.append(r * (p ** i))
s281334112.py(119):                 for r in ret_prev:
s281334112.py(120):                     ret.append(r * (p ** i))
s281334112.py(119):                 for r in ret_prev:
s281334112.py(118):             for i in range(pf[p]+1):
s281334112.py(115):         for p in pf:
s281334112.py(121):         return sorted(ret)
s281334112.py(139):             flag=1
s281334112.py(140):             for v in L[:-1]:
s281334112.py(141):                 if dd[v]:
s281334112.py(140):             for v in L[:-1]:
s281334112.py(141):                 if dd[v]:
s281334112.py(140):             for v in L[:-1]:
s281334112.py(141):                 if dd[v]:
s281334112.py(142):                     flag=0
s281334112.py(143):                     break
s281334112.py(144):             if flag:
s281334112.py(136):     for i in range(N):
s281334112.py(147):     if A.count(1)==1:
s281334112.py(151):     print(ans)
3
