 --- modulename: s285361248, funcname: <module>
s285361248.py(1): from collections import defaultdict
 --- modulename: _bootstrap, funcname: _handle_fromlist
<frozen importlib._bootstrap>(1043): <frozen importlib._bootstrap>(1044): <frozen importlib._bootstrap>(1051): <frozen importlib._bootstrap>(1055): <frozen importlib._bootstrap>(1043): <frozen importlib._bootstrap>(1067): s285361248.py(2): S = input()
 --- modulename: codecs, funcname: getstate
codecs.py(333):         return (self.buffer, 0)
 --- modulename: codecs, funcname: decode
codecs.py(321):         data = self.buffer + input
codecs.py(322):         (result, consumed) = self._buffer_decode(data, self.errors, final)
codecs.py(324):         self.buffer = data[consumed:]
codecs.py(325):         return result
s285361248.py(4): class BIT:
 --- modulename: s285361248, funcname: BIT
s285361248.py(4): class BIT:
s285361248.py(5):     def __init__(self, n):
s285361248.py(9):     def update(self, i, v):
s285361248.py(14):     def query(self, i):
s285361248.py(22): d = defaultdict(list)
s285361248.py(23): for i, v in enumerate(S):
s285361248.py(24):     d[v].append(i + 1)
s285361248.py(23): for i, v in enumerate(S):
s285361248.py(24):     d[v].append(i + 1)
s285361248.py(23): for i, v in enumerate(S):
s285361248.py(24):     d[v].append(i + 1)
s285361248.py(23): for i, v in enumerate(S):
s285361248.py(26): if sum(len(l) % 2 != 0 for l in d.values()) > 1:
 --- modulename: s285361248, funcname: <genexpr>
s285361248.py(26): if sum(len(l) % 2 != 0 for l in d.values()) > 1:
 --- modulename: s285361248, funcname: <genexpr>
s285361248.py(26): if sum(len(l) % 2 != 0 for l in d.values()) > 1:
 --- modulename: s285361248, funcname: <genexpr>
s285361248.py(26): if sum(len(l) % 2 != 0 for l in d.values()) > 1:
s285361248.py(30): N = len(S)
s285361248.py(31): ctr = []
s285361248.py(32): key_map = [-1] * (N + 1)
s285361248.py(34): for k, v in d.items():
s285361248.py(35):     t = len(v)
s285361248.py(36):     if t % 2  == 1:
s285361248.py(39):     for j in range(t // 2):
s285361248.py(40):         ctr.append((v[j], v[-j - 1]))
s285361248.py(39):     for j in range(t // 2):
s285361248.py(34): for k, v in d.items():
s285361248.py(35):     t = len(v)
s285361248.py(36):     if t % 2  == 1:
s285361248.py(37):         key_map[v[t // 2]] = N // 2 + 1
s285361248.py(39):     for j in range(t // 2):
s285361248.py(34): for k, v in d.items():
s285361248.py(42): ctr.sort()
s285361248.py(44): for i, (l, r) in enumerate(ctr):
s285361248.py(45):     key_map[l] = i + 1
s285361248.py(46):     key_map[r] = N - i
s285361248.py(44): for i, (l, r) in enumerate(ctr):
s285361248.py(48): tree = BIT(N)
 --- modulename: s285361248, funcname: __init__
s285361248.py(6):         self.n = n
s285361248.py(7):         self.bit = [0] * (n + 1)
s285361248.py(49): ans = 0
s285361248.py(50): for i, v in enumerate(key_map[1:]):
s285361248.py(51):     ans += i - tree.query(v)
 --- modulename: s285361248, funcname: query
s285361248.py(15):         ret = 0
s285361248.py(16):         while i > 0:
s285361248.py(17):             ret += self.bit[i]
s285361248.py(18):             i -= i & -i
s285361248.py(16):         while i > 0:
s285361248.py(20):         return ret
s285361248.py(52):     tree.update(v, 1)
 --- modulename: s285361248, funcname: update
s285361248.py(10):         while i <= self.n:
s285361248.py(11):             self.bit[i] += v
s285361248.py(12):             i += i & -i
s285361248.py(10):         while i <= self.n:
s285361248.py(11):             self.bit[i] += v
s285361248.py(12):             i += i & -i
s285361248.py(10):         while i <= self.n:
s285361248.py(50): for i, v in enumerate(key_map[1:]):
s285361248.py(51):     ans += i - tree.query(v)
 --- modulename: s285361248, funcname: query
s285361248.py(15):         ret = 0
s285361248.py(16):         while i > 0:
s285361248.py(17):             ret += self.bit[i]
s285361248.py(18):             i -= i & -i
s285361248.py(16):         while i > 0:
s285361248.py(17):             ret += self.bit[i]
s285361248.py(18):             i -= i & -i
s285361248.py(16):         while i > 0:
s285361248.py(20):         return ret
s285361248.py(52):     tree.update(v, 1)
 --- modulename: s285361248, funcname: update
s285361248.py(10):         while i <= self.n:
s285361248.py(11):             self.bit[i] += v
s285361248.py(12):             i += i & -i
s285361248.py(10):         while i <= self.n:
s285361248.py(50): for i, v in enumerate(key_map[1:]):
s285361248.py(51):     ans += i - tree.query(v)
 --- modulename: s285361248, funcname: query
s285361248.py(15):         ret = 0
s285361248.py(16):         while i > 0:
s285361248.py(17):             ret += self.bit[i]
s285361248.py(18):             i -= i & -i
s285361248.py(16):         while i > 0:
s285361248.py(20):         return ret
s285361248.py(52):     tree.update(v, 1)
 --- modulename: s285361248, funcname: update
s285361248.py(10):         while i <= self.n:
s285361248.py(11):             self.bit[i] += v
s285361248.py(12):             i += i & -i
s285361248.py(10):         while i <= self.n:
s285361248.py(50): for i, v in enumerate(key_map[1:]):
s285361248.py(53): print(ans)
1
