 --- modulename: s291177676, funcname: <module>
s291177676.py(1): from operator import itemgetter
s291177676.py(2): n = int(input())
 --- modulename: codecs, funcname: getstate
codecs.py(333):         return (self.buffer, 0)
 --- modulename: codecs, funcname: decode
codecs.py(321):         data = self.buffer + input
codecs.py(322):         (result, consumed) = self._buffer_decode(data, self.errors, final)
codecs.py(324):         self.buffer = data[consumed:]
codecs.py(325):         return result
s291177676.py(3): x =[]
s291177676.py(4): y =[]
s291177676.py(5): info = [list(map(int,input().split())) for i in range(n)]
 --- modulename: s291177676, funcname: <listcomp>
s291177676.py(5): info = [list(map(int,input().split())) for i in range(n)]
s291177676.py(5): info = [list(map(int,input().split())) for i in range(n)]
s291177676.py(5): info = [list(map(int,input().split())) for i in range(n)]
s291177676.py(5): info = [list(map(int,input().split())) for i in range(n)]
s291177676.py(6): for i in range(n):
s291177676.py(7):   x.append([i,info[i][0]])
s291177676.py(8):   y.append([i,info[i][1]])
s291177676.py(6): for i in range(n):
s291177676.py(7):   x.append([i,info[i][0]])
s291177676.py(8):   y.append([i,info[i][1]])
s291177676.py(6): for i in range(n):
s291177676.py(7):   x.append([i,info[i][0]])
s291177676.py(8):   y.append([i,info[i][1]])
s291177676.py(6): for i in range(n):
s291177676.py(10): x = sorted(x,key=itemgetter(1))
s291177676.py(11): y = sorted(y,key=itemgetter(1))
s291177676.py(12): tree = []
s291177676.py(26): for i in range(n-1):
s291177676.py(27):     tree.append([x[i][0],x[i+1][0],abs(x[i][1]-x[i+1][1])])
s291177676.py(28):     tree.append([y[i][0],y[i+1][0],abs(y[i][1]-y[i+1][1])])
s291177676.py(26): for i in range(n-1):
s291177676.py(27):     tree.append([x[i][0],x[i+1][0],abs(x[i][1]-x[i+1][1])])
s291177676.py(28):     tree.append([y[i][0],y[i+1][0],abs(y[i][1]-y[i+1][1])])
s291177676.py(26): for i in range(n-1):
s291177676.py(31): class UnionFind(object):
 --- modulename: s291177676, funcname: UnionFind
s291177676.py(31): class UnionFind(object):
s291177676.py(33):   def __init__(self, n=1):
s291177676.py(37):   def find(self, x):
s291177676.py(46):   def union(self, x, y):
s291177676.py(57):   def is_same(self, x, y):
s291177676.py(60): uf = UnionFind(len(tree))
 --- modulename: s291177676, funcname: __init__
s291177676.py(34):     self.par = [i for i in range(n)]
 --- modulename: s291177676, funcname: <listcomp>
s291177676.py(34):     self.par = [i for i in range(n)]
s291177676.py(34):     self.par = [i for i in range(n)]
s291177676.py(34):     self.par = [i for i in range(n)]
s291177676.py(34):     self.par = [i for i in range(n)]
s291177676.py(34):     self.par = [i for i in range(n)]
s291177676.py(35):     self.rank = [0 for _ in range(n)]
 --- modulename: s291177676, funcname: <listcomp>
s291177676.py(35):     self.rank = [0 for _ in range(n)]
s291177676.py(35):     self.rank = [0 for _ in range(n)]
s291177676.py(35):     self.rank = [0 for _ in range(n)]
s291177676.py(35):     self.rank = [0 for _ in range(n)]
s291177676.py(35):     self.rank = [0 for _ in range(n)]
s291177676.py(61): tree = sorted(tree,key=itemgetter(2))
s291177676.py(62): ans = 0
s291177676.py(64): for i in tree:
s291177676.py(65):   x,y,kyori = i
s291177676.py(66):   if not uf.is_same(x,y):
 --- modulename: s291177676, funcname: is_same
s291177676.py(58):     return self.find(x) == self.find(y)
 --- modulename: s291177676, funcname: find
s291177676.py(39):         if self.par[x] == x:
s291177676.py(40):             return x
 --- modulename: s291177676, funcname: find
s291177676.py(39):         if self.par[x] == x:
s291177676.py(40):             return x
s291177676.py(67):     uf.union(y,x)
 --- modulename: s291177676, funcname: union
s291177676.py(47):     x = self.find(x)
 --- modulename: s291177676, funcname: find
s291177676.py(39):         if self.par[x] == x:
s291177676.py(40):             return x
s291177676.py(48):     y = self.find(y)
 --- modulename: s291177676, funcname: find
s291177676.py(39):         if self.par[x] == x:
s291177676.py(40):             return x
s291177676.py(49):     if x != y:
s291177676.py(50):       if self.rank[x] < self.rank[y]:
s291177676.py(52):       if self.rank[x] == self.rank[y]:
s291177676.py(53):         self.rank[x] += 1
s291177676.py(54):       self.par[y] = x
s291177676.py(68):     ans += kyori
s291177676.py(64): for i in tree:
s291177676.py(65):   x,y,kyori = i
s291177676.py(66):   if not uf.is_same(x,y):
 --- modulename: s291177676, funcname: is_same
s291177676.py(58):     return self.find(x) == self.find(y)
 --- modulename: s291177676, funcname: find
s291177676.py(39):         if self.par[x] == x:
s291177676.py(40):             return x
 --- modulename: s291177676, funcname: find
s291177676.py(39):         if self.par[x] == x:
s291177676.py(40):             return x
s291177676.py(67):     uf.union(y,x)
 --- modulename: s291177676, funcname: union
s291177676.py(47):     x = self.find(x)
 --- modulename: s291177676, funcname: find
s291177676.py(39):         if self.par[x] == x:
s291177676.py(40):             return x
s291177676.py(48):     y = self.find(y)
 --- modulename: s291177676, funcname: find
s291177676.py(39):         if self.par[x] == x:
s291177676.py(40):             return x
s291177676.py(49):     if x != y:
s291177676.py(50):       if self.rank[x] < self.rank[y]:
s291177676.py(52):       if self.rank[x] == self.rank[y]:
s291177676.py(54):       self.par[y] = x
s291177676.py(68):     ans += kyori
s291177676.py(64): for i in tree:
s291177676.py(65):   x,y,kyori = i
s291177676.py(66):   if not uf.is_same(x,y):
 --- modulename: s291177676, funcname: is_same
s291177676.py(58):     return self.find(x) == self.find(y)
 --- modulename: s291177676, funcname: find
s291177676.py(39):         if self.par[x] == x:
s291177676.py(42):             self.par[x] = self.find(self.par[x])
 --- modulename: s291177676, funcname: find
s291177676.py(39):         if self.par[x] == x:
s291177676.py(40):             return x
s291177676.py(43):             return self.par[x]
 --- modulename: s291177676, funcname: find
s291177676.py(39):         if self.par[x] == x:
s291177676.py(42):             self.par[x] = self.find(self.par[x])
 --- modulename: s291177676, funcname: find
s291177676.py(39):         if self.par[x] == x:
s291177676.py(40):             return x
s291177676.py(43):             return self.par[x]
s291177676.py(64): for i in tree:
s291177676.py(65):   x,y,kyori = i
s291177676.py(66):   if not uf.is_same(x,y):
 --- modulename: s291177676, funcname: is_same
s291177676.py(58):     return self.find(x) == self.find(y)
 --- modulename: s291177676, funcname: find
s291177676.py(39):         if self.par[x] == x:
s291177676.py(40):             return x
 --- modulename: s291177676, funcname: find
s291177676.py(39):         if self.par[x] == x:
s291177676.py(42):             self.par[x] = self.find(self.par[x])
 --- modulename: s291177676, funcname: find
s291177676.py(39):         if self.par[x] == x:
s291177676.py(40):             return x
s291177676.py(43):             return self.par[x]
s291177676.py(64): for i in tree:
s291177676.py(69): print(ans)
3
