 --- modulename: s293341761, funcname: <module>
s293341761.py(1): from collections import deque, namedtuple
 --- modulename: _bootstrap, funcname: _handle_fromlist
<frozen importlib._bootstrap>(1043): <frozen importlib._bootstrap>(1044): <frozen importlib._bootstrap>(1051): <frozen importlib._bootstrap>(1055): <frozen importlib._bootstrap>(1043): <frozen importlib._bootstrap>(1044): <frozen importlib._bootstrap>(1051): <frozen importlib._bootstrap>(1055): <frozen importlib._bootstrap>(1043): <frozen importlib._bootstrap>(1067): s293341761.py(3): class BinaryTree:
 --- modulename: s293341761, funcname: BinaryTree
s293341761.py(3): class BinaryTree:
s293341761.py(4):     def __init__(self, t):
s293341761.py(7):     def setDepth(self, u, d):
s293341761.py(14):     def setHeight(self, u):
s293341761.py(24):     def getSibling(self, u):
s293341761.py(33):     def printNode(self, i):
s293341761.py(51): if __name__ == '__main__':
s293341761.py(52):     n = int(input().rstrip())
 --- modulename: codecs, funcname: getstate
codecs.py(333):         return (self.buffer, 0)
 --- modulename: codecs, funcname: decode
codecs.py(321):         data = self.buffer + input
codecs.py(322):         (result, consumed) = self._buffer_decode(data, self.errors, final)
codecs.py(324):         self.buffer = data[consumed:]
codecs.py(325):         return result
s293341761.py(53):     Node = namedtuple('Node', ['p', 'l', 'r', 'd', 'h'])
 --- modulename: __init__, funcname: namedtuple
__init__.py(371):     if isinstance(field_names, str):
__init__.py(373):     field_names = list(map(str, field_names))
__init__.py(374):     typename = _sys.intern(str(typename))
__init__.py(376):     if rename:
__init__.py(386):     for name in [typename] + field_names:
__init__.py(387):         if type(name) is not str:
__init__.py(389):         if not name.isidentifier():
__init__.py(392):         if _iskeyword(name):
__init__.py(386):     for name in [typename] + field_names:
__init__.py(387):         if type(name) is not str:
__init__.py(389):         if not name.isidentifier():
__init__.py(392):         if _iskeyword(name):
__init__.py(386):     for name in [typename] + field_names:
__init__.py(387):         if type(name) is not str:
__init__.py(389):         if not name.isidentifier():
__init__.py(392):         if _iskeyword(name):
__init__.py(386):     for name in [typename] + field_names:
__init__.py(387):         if type(name) is not str:
__init__.py(389):         if not name.isidentifier():
__init__.py(392):         if _iskeyword(name):
__init__.py(386):     for name in [typename] + field_names:
__init__.py(387):         if type(name) is not str:
__init__.py(389):         if not name.isidentifier():
__init__.py(392):         if _iskeyword(name):
__init__.py(386):     for name in [typename] + field_names:
__init__.py(387):         if type(name) is not str:
__init__.py(389):         if not name.isidentifier():
__init__.py(392):         if _iskeyword(name):
__init__.py(386):     for name in [typename] + field_names:
__init__.py(396):     seen = set()
__init__.py(397):     for name in field_names:
__init__.py(398):         if name.startswith('_') and not rename:
__init__.py(401):         if name in seen:
__init__.py(403):         seen.add(name)
__init__.py(397):     for name in field_names:
__init__.py(398):         if name.startswith('_') and not rename:
__init__.py(401):         if name in seen:
__init__.py(403):         seen.add(name)
__init__.py(397):     for name in field_names:
__init__.py(398):         if name.startswith('_') and not rename:
__init__.py(401):         if name in seen:
__init__.py(403):         seen.add(name)
__init__.py(397):     for name in field_names:
__init__.py(398):         if name.startswith('_') and not rename:
__init__.py(401):         if name in seen:
__init__.py(403):         seen.add(name)
__init__.py(397):     for name in field_names:
__init__.py(398):         if name.startswith('_') and not rename:
__init__.py(401):         if name in seen:
__init__.py(403):         seen.add(name)
__init__.py(397):     for name in field_names:
__init__.py(405):     field_defaults = {}
__init__.py(406):     if defaults is not None:
__init__.py(414):     field_names = tuple(map(_sys.intern, field_names))
__init__.py(415):     num_fields = len(field_names)
__init__.py(416):     arg_list = ', '.join(field_names)
__init__.py(417):     if num_fields == 1:
__init__.py(419):     repr_fmt = '(' + ', '.join(f'{name}=%r' for name in field_names) + ')'
 --- modulename: __init__, funcname: <genexpr>
__init__.py(419):     repr_fmt = '(' + ', '.join(f'{name}=%r' for name in field_names) + ')'
 --- modulename: __init__, funcname: <genexpr>
__init__.py(419):     repr_fmt = '(' + ', '.join(f'{name}=%r' for name in field_names) + ')'
 --- modulename: __init__, funcname: <genexpr>
__init__.py(419):     repr_fmt = '(' + ', '.join(f'{name}=%r' for name in field_names) + ')'
 --- modulename: __init__, funcname: <genexpr>
__init__.py(419):     repr_fmt = '(' + ', '.join(f'{name}=%r' for name in field_names) + ')'
 --- modulename: __init__, funcname: <genexpr>
__init__.py(419):     repr_fmt = '(' + ', '.join(f'{name}=%r' for name in field_names) + ')'
 --- modulename: __init__, funcname: <genexpr>
__init__.py(419):     repr_fmt = '(' + ', '.join(f'{name}=%r' for name in field_names) + ')'
__init__.py(420):     tuple_new = tuple.__new__
__init__.py(421):     _dict, _tuple, _len, _map, _zip = dict, tuple, len, map, zip
__init__.py(426):         '_tuple_new': tuple_new,
__init__.py(427):         '__builtins__': {},
__init__.py(428):         '__name__': f'namedtuple_{typename}',
__init__.py(425):     namespace = {
__init__.py(430):     code = f'lambda _cls, {arg_list}: _tuple_new(_cls, ({arg_list}))'
__init__.py(431):     __new__ = eval(code, namespace)
__init__.py(432):     __new__.__name__ = '__new__'
__init__.py(433):     __new__.__doc__ = f'Create new instance of {typename}({arg_list})'
__init__.py(434):     if defaults is not None:
__init__.py(437):     @classmethod
__init__.py(438):     def _make(cls, iterable):
__init__.py(444):     _make.__func__.__doc__ = (f'Make a new {typename} object from a sequence '
__init__.py(447):     def _replace(self, /, **kwds):
__init__.py(453):     _replace.__doc__ = (f'Return a new {typename} object replacing specified '
__init__.py(456):     def __repr__(self):
__init__.py(460):     def _asdict(self):
__init__.py(464):     def __getnewargs__(self):
__init__.py(470):         __new__,
__init__.py(471):         _make.__func__,
__init__.py(472):         _replace,
__init__.py(473):         __repr__,
__init__.py(474):         _asdict,
__init__.py(475):         __getnewargs__,
__init__.py(469):     for method in (
__init__.py(477):         method.__qualname__ = f'{typename}.{method.__name__}'
__init__.py(469):     for method in (
__init__.py(477):         method.__qualname__ = f'{typename}.{method.__name__}'
__init__.py(469):     for method in (
__init__.py(477):         method.__qualname__ = f'{typename}.{method.__name__}'
__init__.py(469):     for method in (
__init__.py(477):         method.__qualname__ = f'{typename}.{method.__name__}'
__init__.py(469):     for method in (
__init__.py(477):         method.__qualname__ = f'{typename}.{method.__name__}'
__init__.py(469):     for method in (
__init__.py(477):         method.__qualname__ = f'{typename}.{method.__name__}'
__init__.py(469):     for method in (
__init__.py(482):         '__doc__': f'{typename}({arg_list})',
__init__.py(483):         '__slots__': (),
__init__.py(484):         '_fields': field_names,
__init__.py(485):         '_field_defaults': field_defaults,
__init__.py(486):         '__new__': __new__,
__init__.py(487):         '_make': _make,
__init__.py(488):         '_replace': _replace,
__init__.py(489):         '__repr__': __repr__,
__init__.py(490):         '_asdict': _asdict,
__init__.py(491):         '__getnewargs__': __getnewargs__,
__init__.py(481):     class_namespace = {
__init__.py(493):     for index, name in enumerate(field_names):
__init__.py(494):         doc = _sys.intern(f'Alias for field number {index}')
__init__.py(495):         class_namespace[name] = _tuplegetter(index, doc)
__init__.py(493):     for index, name in enumerate(field_names):
__init__.py(494):         doc = _sys.intern(f'Alias for field number {index}')
__init__.py(495):         class_namespace[name] = _tuplegetter(index, doc)
__init__.py(493):     for index, name in enumerate(field_names):
__init__.py(494):         doc = _sys.intern(f'Alias for field number {index}')
__init__.py(495):         class_namespace[name] = _tuplegetter(index, doc)
__init__.py(493):     for index, name in enumerate(field_names):
__init__.py(494):         doc = _sys.intern(f'Alias for field number {index}')
__init__.py(495):         class_namespace[name] = _tuplegetter(index, doc)
__init__.py(493):     for index, name in enumerate(field_names):
__init__.py(494):         doc = _sys.intern(f'Alias for field number {index}')
__init__.py(495):         class_namespace[name] = _tuplegetter(index, doc)
__init__.py(493):     for index, name in enumerate(field_names):
__init__.py(497):     result = type(typename, (tuple,), class_namespace)
__init__.py(504):     if module is None:
__init__.py(505):         try:
__init__.py(506):             module = _sys._getframe(1).f_globals.get('__name__', '__main__')
__init__.py(509):     if module is not None:
__init__.py(510):         result.__module__ = module
__init__.py(512):     return result
s293341761.py(54):     t = [Node(-1, -1, -1, -1, -1)] * n
s293341761.py(55):     r = -1
s293341761.py(56):     for i in range(n):
s293341761.py(57):         v, l, r = [int(i) for i in input().rstrip().split(" ")]
 --- modulename: s293341761, funcname: <listcomp>
s293341761.py(57):         v, l, r = [int(i) for i in input().rstrip().split(" ")]
s293341761.py(57):         v, l, r = [int(i) for i in input().rstrip().split(" ")]
s293341761.py(57):         v, l, r = [int(i) for i in input().rstrip().split(" ")]
s293341761.py(57):         v, l, r = [int(i) for i in input().rstrip().split(" ")]
s293341761.py(58):         t[v] = t[v]._replace(l = l, r = r)
 --- modulename: __init__, funcname: _replace
__init__.py(448):         result = self._make(_map(kwds.pop, field_names, self))
 --- modulename: __init__, funcname: _make
__init__.py(439):         result = tuple_new(cls, iterable)
__init__.py(440):         if _len(result) != num_fields:
__init__.py(442):         return result
__init__.py(449):         if kwds:
__init__.py(451):         return result
s293341761.py(59):         if l != -1:
s293341761.py(60):             t[l] = t[l]._replace(p = v)
 --- modulename: __init__, funcname: _replace
__init__.py(448):         result = self._make(_map(kwds.pop, field_names, self))
 --- modulename: __init__, funcname: _make
__init__.py(439):         result = tuple_new(cls, iterable)
__init__.py(440):         if _len(result) != num_fields:
__init__.py(442):         return result
__init__.py(449):         if kwds:
__init__.py(451):         return result
s293341761.py(61):         if r != -1:
s293341761.py(62):             t[r] = t[r]._replace(p = v)
 --- modulename: __init__, funcname: _replace
__init__.py(448):         result = self._make(_map(kwds.pop, field_names, self))
 --- modulename: __init__, funcname: _make
__init__.py(439):         result = tuple_new(cls, iterable)
__init__.py(440):         if _len(result) != num_fields:
__init__.py(442):         return result
__init__.py(449):         if kwds:
__init__.py(451):         return result
s293341761.py(56):     for i in range(n):
s293341761.py(57):         v, l, r = [int(i) for i in input().rstrip().split(" ")]
 --- modulename: s293341761, funcname: <listcomp>
s293341761.py(57):         v, l, r = [int(i) for i in input().rstrip().split(" ")]
s293341761.py(57):         v, l, r = [int(i) for i in input().rstrip().split(" ")]
s293341761.py(57):         v, l, r = [int(i) for i in input().rstrip().split(" ")]
s293341761.py(57):         v, l, r = [int(i) for i in input().rstrip().split(" ")]
s293341761.py(58):         t[v] = t[v]._replace(l = l, r = r)
 --- modulename: __init__, funcname: _replace
__init__.py(448):         result = self._make(_map(kwds.pop, field_names, self))
 --- modulename: __init__, funcname: _make
__init__.py(439):         result = tuple_new(cls, iterable)
__init__.py(440):         if _len(result) != num_fields:
__init__.py(442):         return result
__init__.py(449):         if kwds:
__init__.py(451):         return result
s293341761.py(59):         if l != -1:
s293341761.py(60):             t[l] = t[l]._replace(p = v)
 --- modulename: __init__, funcname: _replace
__init__.py(448):         result = self._make(_map(kwds.pop, field_names, self))
 --- modulename: __init__, funcname: _make
__init__.py(439):         result = tuple_new(cls, iterable)
__init__.py(440):         if _len(result) != num_fields:
__init__.py(442):         return result
__init__.py(449):         if kwds:
__init__.py(451):         return result
s293341761.py(61):         if r != -1:
s293341761.py(62):             t[r] = t[r]._replace(p = v)
 --- modulename: __init__, funcname: _replace
__init__.py(448):         result = self._make(_map(kwds.pop, field_names, self))
 --- modulename: __init__, funcname: _make
__init__.py(439):         result = tuple_new(cls, iterable)
__init__.py(440):         if _len(result) != num_fields:
__init__.py(442):         return result
__init__.py(449):         if kwds:
__init__.py(451):         return result
s293341761.py(56):     for i in range(n):
s293341761.py(57):         v, l, r = [int(i) for i in input().rstrip().split(" ")]
 --- modulename: s293341761, funcname: <listcomp>
s293341761.py(57):         v, l, r = [int(i) for i in input().rstrip().split(" ")]
s293341761.py(57):         v, l, r = [int(i) for i in input().rstrip().split(" ")]
s293341761.py(57):         v, l, r = [int(i) for i in input().rstrip().split(" ")]
s293341761.py(57):         v, l, r = [int(i) for i in input().rstrip().split(" ")]
s293341761.py(58):         t[v] = t[v]._replace(l = l, r = r)
 --- modulename: __init__, funcname: _replace
__init__.py(448):         result = self._make(_map(kwds.pop, field_names, self))
 --- modulename: __init__, funcname: _make
__init__.py(439):         result = tuple_new(cls, iterable)
__init__.py(440):         if _len(result) != num_fields:
__init__.py(442):         return result
__init__.py(449):         if kwds:
__init__.py(451):         return result
s293341761.py(59):         if l != -1:
s293341761.py(61):         if r != -1:
s293341761.py(56):     for i in range(n):
s293341761.py(57):         v, l, r = [int(i) for i in input().rstrip().split(" ")]
 --- modulename: s293341761, funcname: <listcomp>
s293341761.py(57):         v, l, r = [int(i) for i in input().rstrip().split(" ")]
s293341761.py(57):         v, l, r = [int(i) for i in input().rstrip().split(" ")]
s293341761.py(57):         v, l, r = [int(i) for i in input().rstrip().split(" ")]
s293341761.py(57):         v, l, r = [int(i) for i in input().rstrip().split(" ")]
s293341761.py(58):         t[v] = t[v]._replace(l = l, r = r)
 --- modulename: __init__, funcname: _replace
__init__.py(448):         result = self._make(_map(kwds.pop, field_names, self))
 --- modulename: __init__, funcname: _make
__init__.py(439):         result = tuple_new(cls, iterable)
__init__.py(440):         if _len(result) != num_fields:
__init__.py(442):         return result
__init__.py(449):         if kwds:
__init__.py(451):         return result
s293341761.py(59):         if l != -1:
s293341761.py(61):         if r != -1:
s293341761.py(56):     for i in range(n):
s293341761.py(57):         v, l, r = [int(i) for i in input().rstrip().split(" ")]
 --- modulename: s293341761, funcname: <listcomp>
s293341761.py(57):         v, l, r = [int(i) for i in input().rstrip().split(" ")]
s293341761.py(57):         v, l, r = [int(i) for i in input().rstrip().split(" ")]
s293341761.py(57):         v, l, r = [int(i) for i in input().rstrip().split(" ")]
s293341761.py(57):         v, l, r = [int(i) for i in input().rstrip().split(" ")]
s293341761.py(58):         t[v] = t[v]._replace(l = l, r = r)
 --- modulename: __init__, funcname: _replace
__init__.py(448):         result = self._make(_map(kwds.pop, field_names, self))
 --- modulename: __init__, funcname: _make
__init__.py(439):         result = tuple_new(cls, iterable)
__init__.py(440):         if _len(result) != num_fields:
__init__.py(442):         return result
__init__.py(449):         if kwds:
__init__.py(451):         return result
s293341761.py(59):         if l != -1:
s293341761.py(60):             t[l] = t[l]._replace(p = v)
 --- modulename: __init__, funcname: _replace
__init__.py(448):         result = self._make(_map(kwds.pop, field_names, self))
 --- modulename: __init__, funcname: _make
__init__.py(439):         result = tuple_new(cls, iterable)
__init__.py(440):         if _len(result) != num_fields:
__init__.py(442):         return result
__init__.py(449):         if kwds:
__init__.py(451):         return result
s293341761.py(61):         if r != -1:
s293341761.py(62):             t[r] = t[r]._replace(p = v)
 --- modulename: __init__, funcname: _replace
__init__.py(448):         result = self._make(_map(kwds.pop, field_names, self))
 --- modulename: __init__, funcname: _make
__init__.py(439):         result = tuple_new(cls, iterable)
__init__.py(440):         if _len(result) != num_fields:
__init__.py(442):         return result
__init__.py(449):         if kwds:
__init__.py(451):         return result
s293341761.py(56):     for i in range(n):
s293341761.py(57):         v, l, r = [int(i) for i in input().rstrip().split(" ")]
 --- modulename: s293341761, funcname: <listcomp>
s293341761.py(57):         v, l, r = [int(i) for i in input().rstrip().split(" ")]
s293341761.py(57):         v, l, r = [int(i) for i in input().rstrip().split(" ")]
s293341761.py(57):         v, l, r = [int(i) for i in input().rstrip().split(" ")]
s293341761.py(57):         v, l, r = [int(i) for i in input().rstrip().split(" ")]
s293341761.py(58):         t[v] = t[v]._replace(l = l, r = r)
 --- modulename: __init__, funcname: _replace
__init__.py(448):         result = self._make(_map(kwds.pop, field_names, self))
 --- modulename: __init__, funcname: _make
__init__.py(439):         result = tuple_new(cls, iterable)
__init__.py(440):         if _len(result) != num_fields:
__init__.py(442):         return result
__init__.py(449):         if kwds:
__init__.py(451):         return result
s293341761.py(59):         if l != -1:
s293341761.py(60):             t[l] = t[l]._replace(p = v)
 --- modulename: __init__, funcname: _replace
__init__.py(448):         result = self._make(_map(kwds.pop, field_names, self))
 --- modulename: __init__, funcname: _make
__init__.py(439):         result = tuple_new(cls, iterable)
__init__.py(440):         if _len(result) != num_fields:
__init__.py(442):         return result
__init__.py(449):         if kwds:
__init__.py(451):         return result
s293341761.py(61):         if r != -1:
s293341761.py(62):             t[r] = t[r]._replace(p = v)
 --- modulename: __init__, funcname: _replace
__init__.py(448):         result = self._make(_map(kwds.pop, field_names, self))
 --- modulename: __init__, funcname: _make
__init__.py(439):         result = tuple_new(cls, iterable)
__init__.py(440):         if _len(result) != num_fields:
__init__.py(442):         return result
__init__.py(449):         if kwds:
__init__.py(451):         return result
s293341761.py(56):     for i in range(n):
s293341761.py(57):         v, l, r = [int(i) for i in input().rstrip().split(" ")]
 --- modulename: s293341761, funcname: <listcomp>
s293341761.py(57):         v, l, r = [int(i) for i in input().rstrip().split(" ")]
s293341761.py(57):         v, l, r = [int(i) for i in input().rstrip().split(" ")]
s293341761.py(57):         v, l, r = [int(i) for i in input().rstrip().split(" ")]
s293341761.py(57):         v, l, r = [int(i) for i in input().rstrip().split(" ")]
s293341761.py(58):         t[v] = t[v]._replace(l = l, r = r)
 --- modulename: __init__, funcname: _replace
__init__.py(448):         result = self._make(_map(kwds.pop, field_names, self))
 --- modulename: __init__, funcname: _make
__init__.py(439):         result = tuple_new(cls, iterable)
__init__.py(440):         if _len(result) != num_fields:
__init__.py(442):         return result
__init__.py(449):         if kwds:
__init__.py(451):         return result
s293341761.py(59):         if l != -1:
s293341761.py(61):         if r != -1:
s293341761.py(56):     for i in range(n):
s293341761.py(57):         v, l, r = [int(i) for i in input().rstrip().split(" ")]
 --- modulename: s293341761, funcname: <listcomp>
s293341761.py(57):         v, l, r = [int(i) for i in input().rstrip().split(" ")]
s293341761.py(57):         v, l, r = [int(i) for i in input().rstrip().split(" ")]
s293341761.py(57):         v, l, r = [int(i) for i in input().rstrip().split(" ")]
s293341761.py(57):         v, l, r = [int(i) for i in input().rstrip().split(" ")]
s293341761.py(58):         t[v] = t[v]._replace(l = l, r = r)
 --- modulename: __init__, funcname: _replace
__init__.py(448):         result = self._make(_map(kwds.pop, field_names, self))
 --- modulename: __init__, funcname: _make
__init__.py(439):         result = tuple_new(cls, iterable)
__init__.py(440):         if _len(result) != num_fields:
__init__.py(442):         return result
__init__.py(449):         if kwds:
__init__.py(451):         return result
s293341761.py(59):         if l != -1:
s293341761.py(61):         if r != -1:
s293341761.py(56):     for i in range(n):
s293341761.py(57):         v, l, r = [int(i) for i in input().rstrip().split(" ")]
 --- modulename: s293341761, funcname: <listcomp>
s293341761.py(57):         v, l, r = [int(i) for i in input().rstrip().split(" ")]
s293341761.py(57):         v, l, r = [int(i) for i in input().rstrip().split(" ")]
s293341761.py(57):         v, l, r = [int(i) for i in input().rstrip().split(" ")]
s293341761.py(57):         v, l, r = [int(i) for i in input().rstrip().split(" ")]
s293341761.py(58):         t[v] = t[v]._replace(l = l, r = r)
 --- modulename: __init__, funcname: _replace
__init__.py(448):         result = self._make(_map(kwds.pop, field_names, self))
 --- modulename: __init__, funcname: _make
__init__.py(439):         result = tuple_new(cls, iterable)
__init__.py(440):         if _len(result) != num_fields:
__init__.py(442):         return result
__init__.py(449):         if kwds:
__init__.py(451):         return result
s293341761.py(59):         if l != -1:
s293341761.py(61):         if r != -1:
s293341761.py(56):     for i in range(n):
s293341761.py(63):     for i in range(n):
s293341761.py(64):         if (t[i].p == -1):
s293341761.py(65):             r = i
s293341761.py(63):     for i in range(n):
s293341761.py(64):         if (t[i].p == -1):
s293341761.py(63):     for i in range(n):
s293341761.py(64):         if (t[i].p == -1):
s293341761.py(63):     for i in range(n):
s293341761.py(64):         if (t[i].p == -1):
s293341761.py(63):     for i in range(n):
s293341761.py(64):         if (t[i].p == -1):
s293341761.py(63):     for i in range(n):
s293341761.py(64):         if (t[i].p == -1):
s293341761.py(63):     for i in range(n):
s293341761.py(64):         if (t[i].p == -1):
s293341761.py(63):     for i in range(n):
s293341761.py(64):         if (t[i].p == -1):
s293341761.py(63):     for i in range(n):
s293341761.py(64):         if (t[i].p == -1):
s293341761.py(63):     for i in range(n):
s293341761.py(66):     x = BinaryTree(t)
 --- modulename: s293341761, funcname: __init__
s293341761.py(5):         self.t = t
s293341761.py(67):     x.setDepth(r, 0)
 --- modulename: s293341761, funcname: setDepth
s293341761.py(8):         if u == -1:
s293341761.py(10):         self.t[u] = self.t[u]._replace(d = d)
 --- modulename: __init__, funcname: _replace
__init__.py(448):         result = self._make(_map(kwds.pop, field_names, self))
 --- modulename: __init__, funcname: _make
__init__.py(439):         result = tuple_new(cls, iterable)
__init__.py(440):         if _len(result) != num_fields:
__init__.py(442):         return result
__init__.py(449):         if kwds:
__init__.py(451):         return result
s293341761.py(11):         self.setDepth(self.t[u].l, d + 1)
 --- modulename: s293341761, funcname: setDepth
s293341761.py(8):         if u == -1:
s293341761.py(10):         self.t[u] = self.t[u]._replace(d = d)
 --- modulename: __init__, funcname: _replace
__init__.py(448):         result = self._make(_map(kwds.pop, field_names, self))
 --- modulename: __init__, funcname: _make
__init__.py(439):         result = tuple_new(cls, iterable)
__init__.py(440):         if _len(result) != num_fields:
__init__.py(442):         return result
__init__.py(449):         if kwds:
__init__.py(451):         return result
s293341761.py(11):         self.setDepth(self.t[u].l, d + 1)
 --- modulename: s293341761, funcname: setDepth
s293341761.py(8):         if u == -1:
s293341761.py(10):         self.t[u] = self.t[u]._replace(d = d)
 --- modulename: __init__, funcname: _replace
__init__.py(448):         result = self._make(_map(kwds.pop, field_names, self))
 --- modulename: __init__, funcname: _make
__init__.py(439):         result = tuple_new(cls, iterable)
__init__.py(440):         if _len(result) != num_fields:
__init__.py(442):         return result
__init__.py(449):         if kwds:
__init__.py(451):         return result
s293341761.py(11):         self.setDepth(self.t[u].l, d + 1)
 --- modulename: s293341761, funcname: setDepth
s293341761.py(8):         if u == -1:
s293341761.py(9):             return
s293341761.py(12):         self.setDepth(self.t[u].r, d + 1)
 --- modulename: s293341761, funcname: setDepth
s293341761.py(8):         if u == -1:
s293341761.py(9):             return
s293341761.py(12):         self.setDepth(self.t[u].r, d + 1)
 --- modulename: s293341761, funcname: setDepth
s293341761.py(8):         if u == -1:
s293341761.py(10):         self.t[u] = self.t[u]._replace(d = d)
 --- modulename: __init__, funcname: _replace
__init__.py(448):         result = self._make(_map(kwds.pop, field_names, self))
 --- modulename: __init__, funcname: _make
__init__.py(439):         result = tuple_new(cls, iterable)
__init__.py(440):         if _len(result) != num_fields:
__init__.py(442):         return result
__init__.py(449):         if kwds:
__init__.py(451):         return result
s293341761.py(11):         self.setDepth(self.t[u].l, d + 1)
 --- modulename: s293341761, funcname: setDepth
s293341761.py(8):         if u == -1:
s293341761.py(9):             return
s293341761.py(12):         self.setDepth(self.t[u].r, d + 1)
 --- modulename: s293341761, funcname: setDepth
s293341761.py(8):         if u == -1:
s293341761.py(9):             return
s293341761.py(12):         self.setDepth(self.t[u].r, d + 1)
 --- modulename: s293341761, funcname: setDepth
s293341761.py(8):         if u == -1:
s293341761.py(10):         self.t[u] = self.t[u]._replace(d = d)
 --- modulename: __init__, funcname: _replace
__init__.py(448):         result = self._make(_map(kwds.pop, field_names, self))
 --- modulename: __init__, funcname: _make
__init__.py(439):         result = tuple_new(cls, iterable)
__init__.py(440):         if _len(result) != num_fields:
__init__.py(442):         return result
__init__.py(449):         if kwds:
__init__.py(451):         return result
s293341761.py(11):         self.setDepth(self.t[u].l, d + 1)
 --- modulename: s293341761, funcname: setDepth
s293341761.py(8):         if u == -1:
s293341761.py(10):         self.t[u] = self.t[u]._replace(d = d)
 --- modulename: __init__, funcname: _replace
__init__.py(448):         result = self._make(_map(kwds.pop, field_names, self))
 --- modulename: __init__, funcname: _make
__init__.py(439):         result = tuple_new(cls, iterable)
__init__.py(440):         if _len(result) != num_fields:
__init__.py(442):         return result
__init__.py(449):         if kwds:
__init__.py(451):         return result
s293341761.py(11):         self.setDepth(self.t[u].l, d + 1)
 --- modulename: s293341761, funcname: setDepth
s293341761.py(8):         if u == -1:
s293341761.py(10):         self.t[u] = self.t[u]._replace(d = d)
 --- modulename: __init__, funcname: _replace
__init__.py(448):         result = self._make(_map(kwds.pop, field_names, self))
 --- modulename: __init__, funcname: _make
__init__.py(439):         result = tuple_new(cls, iterable)
__init__.py(440):         if _len(result) != num_fields:
__init__.py(442):         return result
__init__.py(449):         if kwds:
__init__.py(451):         return result
s293341761.py(11):         self.setDepth(self.t[u].l, d + 1)
 --- modulename: s293341761, funcname: setDepth
s293341761.py(8):         if u == -1:
s293341761.py(9):             return
s293341761.py(12):         self.setDepth(self.t[u].r, d + 1)
 --- modulename: s293341761, funcname: setDepth
s293341761.py(8):         if u == -1:
s293341761.py(9):             return
s293341761.py(12):         self.setDepth(self.t[u].r, d + 1)
 --- modulename: s293341761, funcname: setDepth
s293341761.py(8):         if u == -1:
s293341761.py(10):         self.t[u] = self.t[u]._replace(d = d)
 --- modulename: __init__, funcname: _replace
__init__.py(448):         result = self._make(_map(kwds.pop, field_names, self))
 --- modulename: __init__, funcname: _make
__init__.py(439):         result = tuple_new(cls, iterable)
__init__.py(440):         if _len(result) != num_fields:
__init__.py(442):         return result
__init__.py(449):         if kwds:
__init__.py(451):         return result
s293341761.py(11):         self.setDepth(self.t[u].l, d + 1)
 --- modulename: s293341761, funcname: setDepth
s293341761.py(8):         if u == -1:
s293341761.py(9):             return
s293341761.py(12):         self.setDepth(self.t[u].r, d + 1)
 --- modulename: s293341761, funcname: setDepth
s293341761.py(8):         if u == -1:
s293341761.py(9):             return
s293341761.py(12):         self.setDepth(self.t[u].r, d + 1)
 --- modulename: s293341761, funcname: setDepth
s293341761.py(8):         if u == -1:
s293341761.py(10):         self.t[u] = self.t[u]._replace(d = d)
 --- modulename: __init__, funcname: _replace
__init__.py(448):         result = self._make(_map(kwds.pop, field_names, self))
 --- modulename: __init__, funcname: _make
__init__.py(439):         result = tuple_new(cls, iterable)
__init__.py(440):         if _len(result) != num_fields:
__init__.py(442):         return result
__init__.py(449):         if kwds:
__init__.py(451):         return result
s293341761.py(11):         self.setDepth(self.t[u].l, d + 1)
 --- modulename: s293341761, funcname: setDepth
s293341761.py(8):         if u == -1:
s293341761.py(9):             return
s293341761.py(12):         self.setDepth(self.t[u].r, d + 1)
 --- modulename: s293341761, funcname: setDepth
s293341761.py(8):         if u == -1:
s293341761.py(9):             return
s293341761.py(68):     x.setHeight(r)
 --- modulename: s293341761, funcname: setHeight
s293341761.py(15):         h1 = 0
s293341761.py(16):         h2 = 0
s293341761.py(17):         if self.t[u].l != -1:
s293341761.py(18):             h1 = self.setHeight(self.t[u].l) + 1
 --- modulename: s293341761, funcname: setHeight
s293341761.py(15):         h1 = 0
s293341761.py(16):         h2 = 0
s293341761.py(17):         if self.t[u].l != -1:
s293341761.py(18):             h1 = self.setHeight(self.t[u].l) + 1
 --- modulename: s293341761, funcname: setHeight
s293341761.py(15):         h1 = 0
s293341761.py(16):         h2 = 0
s293341761.py(17):         if self.t[u].l != -1:
s293341761.py(19):         if self.t[u].r != -1:
s293341761.py(21):         self.t[u] = self.t[u]._replace(h = max(h1, h2))
 --- modulename: __init__, funcname: _replace
__init__.py(448):         result = self._make(_map(kwds.pop, field_names, self))
 --- modulename: __init__, funcname: _make
__init__.py(439):         result = tuple_new(cls, iterable)
__init__.py(440):         if _len(result) != num_fields:
__init__.py(442):         return result
__init__.py(449):         if kwds:
__init__.py(451):         return result
s293341761.py(22):         return self.t[u].h
s293341761.py(19):         if self.t[u].r != -1:
s293341761.py(20):             h2 = self.setHeight(self.t[u].r) + 1
 --- modulename: s293341761, funcname: setHeight
s293341761.py(15):         h1 = 0
s293341761.py(16):         h2 = 0
s293341761.py(17):         if self.t[u].l != -1:
s293341761.py(19):         if self.t[u].r != -1:
s293341761.py(21):         self.t[u] = self.t[u]._replace(h = max(h1, h2))
 --- modulename: __init__, funcname: _replace
__init__.py(448):         result = self._make(_map(kwds.pop, field_names, self))
 --- modulename: __init__, funcname: _make
__init__.py(439):         result = tuple_new(cls, iterable)
__init__.py(440):         if _len(result) != num_fields:
__init__.py(442):         return result
__init__.py(449):         if kwds:
__init__.py(451):         return result
s293341761.py(22):         return self.t[u].h
s293341761.py(21):         self.t[u] = self.t[u]._replace(h = max(h1, h2))
 --- modulename: __init__, funcname: _replace
__init__.py(448):         result = self._make(_map(kwds.pop, field_names, self))
 --- modulename: __init__, funcname: _make
__init__.py(439):         result = tuple_new(cls, iterable)
__init__.py(440):         if _len(result) != num_fields:
__init__.py(442):         return result
__init__.py(449):         if kwds:
__init__.py(451):         return result
s293341761.py(22):         return self.t[u].h
s293341761.py(19):         if self.t[u].r != -1:
s293341761.py(20):             h2 = self.setHeight(self.t[u].r) + 1
 --- modulename: s293341761, funcname: setHeight
s293341761.py(15):         h1 = 0
s293341761.py(16):         h2 = 0
s293341761.py(17):         if self.t[u].l != -1:
s293341761.py(18):             h1 = self.setHeight(self.t[u].l) + 1
 --- modulename: s293341761, funcname: setHeight
s293341761.py(15):         h1 = 0
s293341761.py(16):         h2 = 0
s293341761.py(17):         if self.t[u].l != -1:
s293341761.py(18):             h1 = self.setHeight(self.t[u].l) + 1
 --- modulename: s293341761, funcname: setHeight
s293341761.py(15):         h1 = 0
s293341761.py(16):         h2 = 0
s293341761.py(17):         if self.t[u].l != -1:
s293341761.py(19):         if self.t[u].r != -1:
s293341761.py(21):         self.t[u] = self.t[u]._replace(h = max(h1, h2))
 --- modulename: __init__, funcname: _replace
__init__.py(448):         result = self._make(_map(kwds.pop, field_names, self))
 --- modulename: __init__, funcname: _make
__init__.py(439):         result = tuple_new(cls, iterable)
__init__.py(440):         if _len(result) != num_fields:
__init__.py(442):         return result
__init__.py(449):         if kwds:
__init__.py(451):         return result
s293341761.py(22):         return self.t[u].h
s293341761.py(19):         if self.t[u].r != -1:
s293341761.py(20):             h2 = self.setHeight(self.t[u].r) + 1
 --- modulename: s293341761, funcname: setHeight
s293341761.py(15):         h1 = 0
s293341761.py(16):         h2 = 0
s293341761.py(17):         if self.t[u].l != -1:
s293341761.py(19):         if self.t[u].r != -1:
s293341761.py(21):         self.t[u] = self.t[u]._replace(h = max(h1, h2))
 --- modulename: __init__, funcname: _replace
__init__.py(448):         result = self._make(_map(kwds.pop, field_names, self))
 --- modulename: __init__, funcname: _make
__init__.py(439):         result = tuple_new(cls, iterable)
__init__.py(440):         if _len(result) != num_fields:
__init__.py(442):         return result
__init__.py(449):         if kwds:
__init__.py(451):         return result
s293341761.py(22):         return self.t[u].h
s293341761.py(21):         self.t[u] = self.t[u]._replace(h = max(h1, h2))
 --- modulename: __init__, funcname: _replace
__init__.py(448):         result = self._make(_map(kwds.pop, field_names, self))
 --- modulename: __init__, funcname: _make
__init__.py(439):         result = tuple_new(cls, iterable)
__init__.py(440):         if _len(result) != num_fields:
__init__.py(442):         return result
__init__.py(449):         if kwds:
__init__.py(451):         return result
s293341761.py(22):         return self.t[u].h
s293341761.py(19):         if self.t[u].r != -1:
s293341761.py(20):             h2 = self.setHeight(self.t[u].r) + 1
 --- modulename: s293341761, funcname: setHeight
s293341761.py(15):         h1 = 0
s293341761.py(16):         h2 = 0
s293341761.py(17):         if self.t[u].l != -1:
s293341761.py(19):         if self.t[u].r != -1:
s293341761.py(21):         self.t[u] = self.t[u]._replace(h = max(h1, h2))
 --- modulename: __init__, funcname: _replace
__init__.py(448):         result = self._make(_map(kwds.pop, field_names, self))
 --- modulename: __init__, funcname: _make
__init__.py(439):         result = tuple_new(cls, iterable)
__init__.py(440):         if _len(result) != num_fields:
__init__.py(442):         return result
__init__.py(449):         if kwds:
__init__.py(451):         return result
s293341761.py(22):         return self.t[u].h
s293341761.py(21):         self.t[u] = self.t[u]._replace(h = max(h1, h2))
 --- modulename: __init__, funcname: _replace
__init__.py(448):         result = self._make(_map(kwds.pop, field_names, self))
 --- modulename: __init__, funcname: _make
__init__.py(439):         result = tuple_new(cls, iterable)
__init__.py(440):         if _len(result) != num_fields:
__init__.py(442):         return result
__init__.py(449):         if kwds:
__init__.py(451):         return result
s293341761.py(22):         return self.t[u].h
s293341761.py(21):         self.t[u] = self.t[u]._replace(h = max(h1, h2))
 --- modulename: __init__, funcname: _replace
__init__.py(448):         result = self._make(_map(kwds.pop, field_names, self))
 --- modulename: __init__, funcname: _make
__init__.py(439):         result = tuple_new(cls, iterable)
__init__.py(440):         if _len(result) != num_fields:
__init__.py(442):         return result
__init__.py(449):         if kwds:
__init__.py(451):         return result
s293341761.py(22):         return self.t[u].h
s293341761.py(69):     for i in range(n):
s293341761.py(70):         x.printNode(i)
 --- modulename: s293341761, funcname: printNode
s293341761.py(34):         p_ = self.t[i].p
s293341761.py(35):         s_ = self.getSibling(i)
 --- modulename: s293341761, funcname: getSibling
s293341761.py(25):         if self.t[u].p == -1:
s293341761.py(26):             return -1
s293341761.py(36):         deg_ = 0
s293341761.py(37):         if self.t[i].l != -1:
s293341761.py(38):             deg_ += 1
s293341761.py(39):         if self.t[i].r != -1:
s293341761.py(40):             deg_ += 1
s293341761.py(41):         dep_ = self.t[i].d
s293341761.py(42):         h_ = self.t[i].h
s293341761.py(43):         if p_ == -1:
s293341761.py(44):             t_ = "root"
s293341761.py(49):         print("node {}: parent = {}, sibling = {}, degree = {}, depth = {}, height = {}, {}".format(i, p_, s_,  deg_, dep_, h_, t_))
node 0: parent = -1, sibling = -1, degree = 2, depth = 0, height = 3, root
s293341761.py(69):     for i in range(n):
s293341761.py(70):         x.printNode(i)
 --- modulename: s293341761, funcname: printNode
s293341761.py(34):         p_ = self.t[i].p
s293341761.py(35):         s_ = self.getSibling(i)
 --- modulename: s293341761, funcname: getSibling
s293341761.py(25):         if self.t[u].p == -1:
s293341761.py(27):         if self.t[self.t[u].p].l not in (u, -1):
s293341761.py(29):         if self.t[self.t[u].p].r not in (u, -1):
s293341761.py(30):             return self.t[self.t[u].p].r
s293341761.py(36):         deg_ = 0
s293341761.py(37):         if self.t[i].l != -1:
s293341761.py(38):             deg_ += 1
s293341761.py(39):         if self.t[i].r != -1:
s293341761.py(40):             deg_ += 1
s293341761.py(41):         dep_ = self.t[i].d
s293341761.py(42):         h_ = self.t[i].h
s293341761.py(43):         if p_ == -1:
s293341761.py(45):         elif deg_ == 0:
s293341761.py(48):             t_ = "internal node"
s293341761.py(49):         print("node {}: parent = {}, sibling = {}, degree = {}, depth = {}, height = {}, {}".format(i, p_, s_,  deg_, dep_, h_, t_))
node 1: parent = 0, sibling = 4, degree = 2, depth = 1, height = 1, internal node
s293341761.py(69):     for i in range(n):
s293341761.py(70):         x.printNode(i)
 --- modulename: s293341761, funcname: printNode
s293341761.py(34):         p_ = self.t[i].p
s293341761.py(35):         s_ = self.getSibling(i)
 --- modulename: s293341761, funcname: getSibling
s293341761.py(25):         if self.t[u].p == -1:
s293341761.py(27):         if self.t[self.t[u].p].l not in (u, -1):
s293341761.py(29):         if self.t[self.t[u].p].r not in (u, -1):
s293341761.py(30):             return self.t[self.t[u].p].r
s293341761.py(36):         deg_ = 0
s293341761.py(37):         if self.t[i].l != -1:
s293341761.py(39):         if self.t[i].r != -1:
s293341761.py(41):         dep_ = self.t[i].d
s293341761.py(42):         h_ = self.t[i].h
s293341761.py(43):         if p_ == -1:
s293341761.py(45):         elif deg_ == 0:
s293341761.py(46):             t_ = "leaf"
s293341761.py(49):         print("node {}: parent = {}, sibling = {}, degree = {}, depth = {}, height = {}, {}".format(i, p_, s_,  deg_, dep_, h_, t_))
node 2: parent = 1, sibling = 3, degree = 0, depth = 2, height = 0, leaf
s293341761.py(69):     for i in range(n):
s293341761.py(70):         x.printNode(i)
 --- modulename: s293341761, funcname: printNode
s293341761.py(34):         p_ = self.t[i].p
s293341761.py(35):         s_ = self.getSibling(i)
 --- modulename: s293341761, funcname: getSibling
s293341761.py(25):         if self.t[u].p == -1:
s293341761.py(27):         if self.t[self.t[u].p].l not in (u, -1):
s293341761.py(28):             return self.t[self.t[u].p].l
s293341761.py(36):         deg_ = 0
s293341761.py(37):         if self.t[i].l != -1:
s293341761.py(39):         if self.t[i].r != -1:
s293341761.py(41):         dep_ = self.t[i].d
s293341761.py(42):         h_ = self.t[i].h
s293341761.py(43):         if p_ == -1:
s293341761.py(45):         elif deg_ == 0:
s293341761.py(46):             t_ = "leaf"
s293341761.py(49):         print("node {}: parent = {}, sibling = {}, degree = {}, depth = {}, height = {}, {}".format(i, p_, s_,  deg_, dep_, h_, t_))
node 3: parent = 1, sibling = 2, degree = 0, depth = 2, height = 0, leaf
s293341761.py(69):     for i in range(n):
s293341761.py(70):         x.printNode(i)
 --- modulename: s293341761, funcname: printNode
s293341761.py(34):         p_ = self.t[i].p
s293341761.py(35):         s_ = self.getSibling(i)
 --- modulename: s293341761, funcname: getSibling
s293341761.py(25):         if self.t[u].p == -1:
s293341761.py(27):         if self.t[self.t[u].p].l not in (u, -1):
s293341761.py(28):             return self.t[self.t[u].p].l
s293341761.py(36):         deg_ = 0
s293341761.py(37):         if self.t[i].l != -1:
s293341761.py(38):             deg_ += 1
s293341761.py(39):         if self.t[i].r != -1:
s293341761.py(40):             deg_ += 1
s293341761.py(41):         dep_ = self.t[i].d
s293341761.py(42):         h_ = self.t[i].h
s293341761.py(43):         if p_ == -1:
s293341761.py(45):         elif deg_ == 0:
s293341761.py(48):             t_ = "internal node"
s293341761.py(49):         print("node {}: parent = {}, sibling = {}, degree = {}, depth = {}, height = {}, {}".format(i, p_, s_,  deg_, dep_, h_, t_))
node 4: parent = 0, sibling = 1, degree = 2, depth = 1, height = 2, internal node
s293341761.py(69):     for i in range(n):
s293341761.py(70):         x.printNode(i)
 --- modulename: s293341761, funcname: printNode
s293341761.py(34):         p_ = self.t[i].p
s293341761.py(35):         s_ = self.getSibling(i)
 --- modulename: s293341761, funcname: getSibling
s293341761.py(25):         if self.t[u].p == -1:
s293341761.py(27):         if self.t[self.t[u].p].l not in (u, -1):
s293341761.py(29):         if self.t[self.t[u].p].r not in (u, -1):
s293341761.py(30):             return self.t[self.t[u].p].r
s293341761.py(36):         deg_ = 0
s293341761.py(37):         if self.t[i].l != -1:
s293341761.py(38):             deg_ += 1
s293341761.py(39):         if self.t[i].r != -1:
s293341761.py(40):             deg_ += 1
s293341761.py(41):         dep_ = self.t[i].d
s293341761.py(42):         h_ = self.t[i].h
s293341761.py(43):         if p_ == -1:
s293341761.py(45):         elif deg_ == 0:
s293341761.py(48):             t_ = "internal node"
s293341761.py(49):         print("node {}: parent = {}, sibling = {}, degree = {}, depth = {}, height = {}, {}".format(i, p_, s_,  deg_, dep_, h_, t_))
node 5: parent = 4, sibling = 8, degree = 2, depth = 2, height = 1, internal node
s293341761.py(69):     for i in range(n):
s293341761.py(70):         x.printNode(i)
 --- modulename: s293341761, funcname: printNode
s293341761.py(34):         p_ = self.t[i].p
s293341761.py(35):         s_ = self.getSibling(i)
 --- modulename: s293341761, funcname: getSibling
s293341761.py(25):         if self.t[u].p == -1:
s293341761.py(27):         if self.t[self.t[u].p].l not in (u, -1):
s293341761.py(29):         if self.t[self.t[u].p].r not in (u, -1):
s293341761.py(30):             return self.t[self.t[u].p].r
s293341761.py(36):         deg_ = 0
s293341761.py(37):         if self.t[i].l != -1:
s293341761.py(39):         if self.t[i].r != -1:
s293341761.py(41):         dep_ = self.t[i].d
s293341761.py(42):         h_ = self.t[i].h
s293341761.py(43):         if p_ == -1:
s293341761.py(45):         elif deg_ == 0:
s293341761.py(46):             t_ = "leaf"
s293341761.py(49):         print("node {}: parent = {}, sibling = {}, degree = {}, depth = {}, height = {}, {}".format(i, p_, s_,  deg_, dep_, h_, t_))
node 6: parent = 5, sibling = 7, degree = 0, depth = 3, height = 0, leaf
s293341761.py(69):     for i in range(n):
s293341761.py(70):         x.printNode(i)
 --- modulename: s293341761, funcname: printNode
s293341761.py(34):         p_ = self.t[i].p
s293341761.py(35):         s_ = self.getSibling(i)
 --- modulename: s293341761, funcname: getSibling
s293341761.py(25):         if self.t[u].p == -1:
s293341761.py(27):         if self.t[self.t[u].p].l not in (u, -1):
s293341761.py(28):             return self.t[self.t[u].p].l
s293341761.py(36):         deg_ = 0
s293341761.py(37):         if self.t[i].l != -1:
s293341761.py(39):         if self.t[i].r != -1:
s293341761.py(41):         dep_ = self.t[i].d
s293341761.py(42):         h_ = self.t[i].h
s293341761.py(43):         if p_ == -1:
s293341761.py(45):         elif deg_ == 0:
s293341761.py(46):             t_ = "leaf"
s293341761.py(49):         print("node {}: parent = {}, sibling = {}, degree = {}, depth = {}, height = {}, {}".format(i, p_, s_,  deg_, dep_, h_, t_))
node 7: parent = 5, sibling = 6, degree = 0, depth = 3, height = 0, leaf
s293341761.py(69):     for i in range(n):
s293341761.py(70):         x.printNode(i)
 --- modulename: s293341761, funcname: printNode
s293341761.py(34):         p_ = self.t[i].p
s293341761.py(35):         s_ = self.getSibling(i)
 --- modulename: s293341761, funcname: getSibling
s293341761.py(25):         if self.t[u].p == -1:
s293341761.py(27):         if self.t[self.t[u].p].l not in (u, -1):
s293341761.py(28):             return self.t[self.t[u].p].l
s293341761.py(36):         deg_ = 0
s293341761.py(37):         if self.t[i].l != -1:
s293341761.py(39):         if self.t[i].r != -1:
s293341761.py(41):         dep_ = self.t[i].d
s293341761.py(42):         h_ = self.t[i].h
s293341761.py(43):         if p_ == -1:
s293341761.py(45):         elif deg_ == 0:
s293341761.py(46):             t_ = "leaf"
s293341761.py(49):         print("node {}: parent = {}, sibling = {}, degree = {}, depth = {}, height = {}, {}".format(i, p_, s_,  deg_, dep_, h_, t_))
node 8: parent = 4, sibling = 5, degree = 0, depth = 2, height = 0, leaf
s293341761.py(69):     for i in range(n):
