 --- modulename: s299015259, funcname: <module>
s299015259.py(2): import sys
s299015259.py(3): sys.setrecursionlimit(10**6)
s299015259.py(4): INF = 10 ** 9 + 1  # sys.maxsize # float("inf")
s299015259.py(5): MOD = 10 ** 9 + 7
s299015259.py(8): def debug(*x):
s299015259.py(12): def solve(N, AS):
s299015259.py(47): def main():
s299015259.py(55): T1 = """
s299015259.py(59): TEST_T1 = """
s299015259.py(65): T2 = """
s299015259.py(69): TEST_T2 = """
s299015259.py(75): T3 = """
s299015259.py(79): TEST_T3 = """
s299015259.py(85): T4 = """
s299015259.py(89): TEST_T4 = """
s299015259.py(96): def _test():
s299015259.py(105): def as_input(s):
s299015259.py(114): input = sys.stdin.buffer.readline
s299015259.py(115): read = sys.stdin.buffer.read
s299015259.py(117): if sys.argv[-1] == "-t":
s299015259.py(122): main()
 --- modulename: s299015259, funcname: main
s299015259.py(49):     N = int(input())
s299015259.py(50):     AS = list(map(int, input().split()))
s299015259.py(51):     print(solve(N, AS))
 --- modulename: s299015259, funcname: solve
s299015259.py(13):     num_division = 0
s299015259.py(14):     maxAS = max(AS)
s299015259.py(15):     eratree = [0] * (maxAS + 10)
s299015259.py(16):     for p in range(2, maxAS + 1):
s299015259.py(17):         if eratree[p]:
s299015259.py(20):         x = p
s299015259.py(21):         while x <= maxAS:
s299015259.py(22):             if not eratree[x]:
s299015259.py(23):                 eratree[x] = p
s299015259.py(24):             x += p
s299015259.py(21):         while x <= maxAS:
s299015259.py(22):             if not eratree[x]:
s299015259.py(23):                 eratree[x] = p
s299015259.py(24):             x += p
s299015259.py(21):         while x <= maxAS:
s299015259.py(16):     for p in range(2, maxAS + 1):
s299015259.py(17):         if eratree[p]:
s299015259.py(20):         x = p
s299015259.py(21):         while x <= maxAS:
s299015259.py(22):             if not eratree[x]:
s299015259.py(23):                 eratree[x] = p
s299015259.py(24):             x += p
s299015259.py(21):         while x <= maxAS:
s299015259.py(16):     for p in range(2, maxAS + 1):
s299015259.py(17):         if eratree[p]:
s299015259.py(18):             continue
s299015259.py(16):     for p in range(2, maxAS + 1):
s299015259.py(17):         if eratree[p]:
s299015259.py(20):         x = p
s299015259.py(21):         while x <= maxAS:
s299015259.py(22):             if not eratree[x]:
s299015259.py(23):                 eratree[x] = p
s299015259.py(24):             x += p
s299015259.py(21):         while x <= maxAS:
s299015259.py(16):     for p in range(2, maxAS + 1):
s299015259.py(26):     from collections import defaultdict
 --- modulename: _bootstrap, funcname: _handle_fromlist
<frozen importlib._bootstrap>(1043): <frozen importlib._bootstrap>(1044): <frozen importlib._bootstrap>(1051): <frozen importlib._bootstrap>(1055): <frozen importlib._bootstrap>(1043): <frozen importlib._bootstrap>(1067): s299015259.py(27):     count = defaultdict(int)
s299015259.py(28):     for a in AS:
s299015259.py(29):         factors = []
s299015259.py(30):         while a > 1:
s299015259.py(31):             d = eratree[a]
s299015259.py(32):             factors.append(d)
s299015259.py(33):             a //= d
s299015259.py(34):             num_division += 1
s299015259.py(30):         while a > 1:
s299015259.py(36):         for f in set(factors):
s299015259.py(37):             count[f] += 1
s299015259.py(36):         for f in set(factors):
s299015259.py(28):     for a in AS:
s299015259.py(29):         factors = []
s299015259.py(30):         while a > 1:
s299015259.py(31):             d = eratree[a]
s299015259.py(32):             factors.append(d)
s299015259.py(33):             a //= d
s299015259.py(34):             num_division += 1
s299015259.py(30):         while a > 1:
s299015259.py(31):             d = eratree[a]
s299015259.py(32):             factors.append(d)
s299015259.py(33):             a //= d
s299015259.py(34):             num_division += 1
s299015259.py(30):         while a > 1:
s299015259.py(36):         for f in set(factors):
s299015259.py(37):             count[f] += 1
s299015259.py(36):         for f in set(factors):
s299015259.py(28):     for a in AS:
s299015259.py(29):         factors = []
s299015259.py(30):         while a > 1:
s299015259.py(31):             d = eratree[a]
s299015259.py(32):             factors.append(d)
s299015259.py(33):             a //= d
s299015259.py(34):             num_division += 1
s299015259.py(30):         while a > 1:
s299015259.py(36):         for f in set(factors):
s299015259.py(37):             count[f] += 1
s299015259.py(36):         for f in set(factors):
s299015259.py(28):     for a in AS:
s299015259.py(40):     if any(x == N for x in count.values()):
 --- modulename: s299015259, funcname: <genexpr>
s299015259.py(40):     if any(x == N for x in count.values()):
 --- modulename: s299015259, funcname: <genexpr>
s299015259.py(40):     if any(x == N for x in count.values()):
 --- modulename: s299015259, funcname: <genexpr>
s299015259.py(40):     if any(x == N for x in count.values()):
 --- modulename: s299015259, funcname: <genexpr>
s299015259.py(40):     if any(x == N for x in count.values()):
s299015259.py(42):     if any(x >= 2 for x in count.values()):
 --- modulename: s299015259, funcname: <genexpr>
s299015259.py(42):     if any(x >= 2 for x in count.values()):
 --- modulename: s299015259, funcname: <genexpr>
s299015259.py(42):     if any(x >= 2 for x in count.values()):
 --- modulename: s299015259, funcname: <genexpr>
s299015259.py(42):     if any(x >= 2 for x in count.values()):
 --- modulename: s299015259, funcname: <genexpr>
s299015259.py(42):     if any(x >= 2 for x in count.values()):
s299015259.py(44):     return "pairwise coprime"
pairwise coprime
