 --- modulename: s302230363, funcname: <module>
s302230363.py(4): """
s302230363.py(26): import sys
s302230363.py(29): class Node(object):
 --- modulename: s302230363, funcname: Node
s302230363.py(29): class Node(object):
s302230363.py(30):     def __init__(self):
s302230363.py(37): def pre_parse(v):
s302230363.py(53): def in_parse(v):
s302230363.py(70): def post_parse(v):
s302230363.py(87): def generate_tree(_array):
s302230363.py(116): if __name__ == '__main__':
s302230363.py(117):     _input = sys.stdin.readlines()
 --- modulename: codecs, funcname: decode
codecs.py(321):         data = self.buffer + input
codecs.py(322):         (result, consumed) = self._buffer_decode(data, self.errors, final)
codecs.py(324):         self.buffer = data[consumed:]
codecs.py(325):         return result
 --- modulename: codecs, funcname: decode
codecs.py(321):         data = self.buffer + input
codecs.py(322):         (result, consumed) = self._buffer_decode(data, self.errors, final)
codecs.py(324):         self.buffer = data[consumed:]
codecs.py(325):         return result
s302230363.py(118):     array_length = int(_input[0])
s302230363.py(119):     array = list(map(lambda x: x.split(), _input[1:]))
 --- modulename: s302230363, funcname: <lambda>
s302230363.py(119):     array = list(map(lambda x: x.split(), _input[1:]))
 --- modulename: s302230363, funcname: <lambda>
s302230363.py(119):     array = list(map(lambda x: x.split(), _input[1:]))
 --- modulename: s302230363, funcname: <lambda>
s302230363.py(119):     array = list(map(lambda x: x.split(), _input[1:]))
 --- modulename: s302230363, funcname: <lambda>
s302230363.py(119):     array = list(map(lambda x: x.split(), _input[1:]))
 --- modulename: s302230363, funcname: <lambda>
s302230363.py(119):     array = list(map(lambda x: x.split(), _input[1:]))
 --- modulename: s302230363, funcname: <lambda>
s302230363.py(119):     array = list(map(lambda x: x.split(), _input[1:]))
 --- modulename: s302230363, funcname: <lambda>
s302230363.py(119):     array = list(map(lambda x: x.split(), _input[1:]))
 --- modulename: s302230363, funcname: <lambda>
s302230363.py(119):     array = list(map(lambda x: x.split(), _input[1:]))
 --- modulename: s302230363, funcname: <lambda>
s302230363.py(119):     array = list(map(lambda x: x.split(), _input[1:]))
s302230363.py(120):     assert len(array) == array_length
s302230363.py(122):     node_list = [Node() for _ in range(array_length)]
 --- modulename: s302230363, funcname: <listcomp>
s302230363.py(122):     node_list = [Node() for _ in range(array_length)]
 --- modulename: s302230363, funcname: __init__
s302230363.py(32):         self.parent = -1
s302230363.py(33):         self.children = []
s302230363.py(34):         self.index = -1
s302230363.py(122):     node_list = [Node() for _ in range(array_length)]
 --- modulename: s302230363, funcname: __init__
s302230363.py(32):         self.parent = -1
s302230363.py(33):         self.children = []
s302230363.py(34):         self.index = -1
s302230363.py(122):     node_list = [Node() for _ in range(array_length)]
 --- modulename: s302230363, funcname: __init__
s302230363.py(32):         self.parent = -1
s302230363.py(33):         self.children = []
s302230363.py(34):         self.index = -1
s302230363.py(122):     node_list = [Node() for _ in range(array_length)]
 --- modulename: s302230363, funcname: __init__
s302230363.py(32):         self.parent = -1
s302230363.py(33):         self.children = []
s302230363.py(34):         self.index = -1
s302230363.py(122):     node_list = [Node() for _ in range(array_length)]
 --- modulename: s302230363, funcname: __init__
s302230363.py(32):         self.parent = -1
s302230363.py(33):         self.children = []
s302230363.py(34):         self.index = -1
s302230363.py(122):     node_list = [Node() for _ in range(array_length)]
 --- modulename: s302230363, funcname: __init__
s302230363.py(32):         self.parent = -1
s302230363.py(33):         self.children = []
s302230363.py(34):         self.index = -1
s302230363.py(122):     node_list = [Node() for _ in range(array_length)]
 --- modulename: s302230363, funcname: __init__
s302230363.py(32):         self.parent = -1
s302230363.py(33):         self.children = []
s302230363.py(34):         self.index = -1
s302230363.py(122):     node_list = [Node() for _ in range(array_length)]
 --- modulename: s302230363, funcname: __init__
s302230363.py(32):         self.parent = -1
s302230363.py(33):         self.children = []
s302230363.py(34):         self.index = -1
s302230363.py(122):     node_list = [Node() for _ in range(array_length)]
 --- modulename: s302230363, funcname: __init__
s302230363.py(32):         self.parent = -1
s302230363.py(33):         self.children = []
s302230363.py(34):         self.index = -1
s302230363.py(122):     node_list = [Node() for _ in range(array_length)]
s302230363.py(123):     ans = generate_tree(_array=array)
 --- modulename: s302230363, funcname: generate_tree
s302230363.py(89):     for each in _array:
s302230363.py(90):         idx, *children = [int(x) for x in each]
 --- modulename: s302230363, funcname: <listcomp>
s302230363.py(90):         idx, *children = [int(x) for x in each]
s302230363.py(90):         idx, *children = [int(x) for x in each]
s302230363.py(90):         idx, *children = [int(x) for x in each]
s302230363.py(90):         idx, *children = [int(x) for x in each]
s302230363.py(91):         assert len(children) == 2 and idx >= 0
s302230363.py(92):         node_list[idx].index = idx
s302230363.py(93):         node_list[idx].children = children
s302230363.py(95):         for child_idx in children:
s302230363.py(97):             if child_idx == -1:
s302230363.py(99):             node_list[child_idx].parent = idx
s302230363.py(95):         for child_idx in children:
s302230363.py(97):             if child_idx == -1:
s302230363.py(99):             node_list[child_idx].parent = idx
s302230363.py(95):         for child_idx in children:
s302230363.py(89):     for each in _array:
s302230363.py(90):         idx, *children = [int(x) for x in each]
 --- modulename: s302230363, funcname: <listcomp>
s302230363.py(90):         idx, *children = [int(x) for x in each]
s302230363.py(90):         idx, *children = [int(x) for x in each]
s302230363.py(90):         idx, *children = [int(x) for x in each]
s302230363.py(90):         idx, *children = [int(x) for x in each]
s302230363.py(91):         assert len(children) == 2 and idx >= 0
s302230363.py(92):         node_list[idx].index = idx
s302230363.py(93):         node_list[idx].children = children
s302230363.py(95):         for child_idx in children:
s302230363.py(97):             if child_idx == -1:
s302230363.py(99):             node_list[child_idx].parent = idx
s302230363.py(95):         for child_idx in children:
s302230363.py(97):             if child_idx == -1:
s302230363.py(99):             node_list[child_idx].parent = idx
s302230363.py(95):         for child_idx in children:
s302230363.py(89):     for each in _array:
s302230363.py(90):         idx, *children = [int(x) for x in each]
 --- modulename: s302230363, funcname: <listcomp>
s302230363.py(90):         idx, *children = [int(x) for x in each]
s302230363.py(90):         idx, *children = [int(x) for x in each]
s302230363.py(90):         idx, *children = [int(x) for x in each]
s302230363.py(90):         idx, *children = [int(x) for x in each]
s302230363.py(91):         assert len(children) == 2 and idx >= 0
s302230363.py(92):         node_list[idx].index = idx
s302230363.py(93):         node_list[idx].children = children
s302230363.py(95):         for child_idx in children:
s302230363.py(97):             if child_idx == -1:
s302230363.py(98):                 continue
s302230363.py(95):         for child_idx in children:
s302230363.py(97):             if child_idx == -1:
s302230363.py(98):                 continue
s302230363.py(95):         for child_idx in children:
s302230363.py(89):     for each in _array:
s302230363.py(90):         idx, *children = [int(x) for x in each]
 --- modulename: s302230363, funcname: <listcomp>
s302230363.py(90):         idx, *children = [int(x) for x in each]
s302230363.py(90):         idx, *children = [int(x) for x in each]
s302230363.py(90):         idx, *children = [int(x) for x in each]
s302230363.py(90):         idx, *children = [int(x) for x in each]
s302230363.py(91):         assert len(children) == 2 and idx >= 0
s302230363.py(92):         node_list[idx].index = idx
s302230363.py(93):         node_list[idx].children = children
s302230363.py(95):         for child_idx in children:
s302230363.py(97):             if child_idx == -1:
s302230363.py(98):                 continue
s302230363.py(95):         for child_idx in children:
s302230363.py(97):             if child_idx == -1:
s302230363.py(98):                 continue
s302230363.py(95):         for child_idx in children:
s302230363.py(89):     for each in _array:
s302230363.py(90):         idx, *children = [int(x) for x in each]
 --- modulename: s302230363, funcname: <listcomp>
s302230363.py(90):         idx, *children = [int(x) for x in each]
s302230363.py(90):         idx, *children = [int(x) for x in each]
s302230363.py(90):         idx, *children = [int(x) for x in each]
s302230363.py(90):         idx, *children = [int(x) for x in each]
s302230363.py(91):         assert len(children) == 2 and idx >= 0
s302230363.py(92):         node_list[idx].index = idx
s302230363.py(93):         node_list[idx].children = children
s302230363.py(95):         for child_idx in children:
s302230363.py(97):             if child_idx == -1:
s302230363.py(99):             node_list[child_idx].parent = idx
s302230363.py(95):         for child_idx in children:
s302230363.py(97):             if child_idx == -1:
s302230363.py(99):             node_list[child_idx].parent = idx
s302230363.py(95):         for child_idx in children:
s302230363.py(89):     for each in _array:
s302230363.py(90):         idx, *children = [int(x) for x in each]
 --- modulename: s302230363, funcname: <listcomp>
s302230363.py(90):         idx, *children = [int(x) for x in each]
s302230363.py(90):         idx, *children = [int(x) for x in each]
s302230363.py(90):         idx, *children = [int(x) for x in each]
s302230363.py(90):         idx, *children = [int(x) for x in each]
s302230363.py(91):         assert len(children) == 2 and idx >= 0
s302230363.py(92):         node_list[idx].index = idx
s302230363.py(93):         node_list[idx].children = children
s302230363.py(95):         for child_idx in children:
s302230363.py(97):             if child_idx == -1:
s302230363.py(99):             node_list[child_idx].parent = idx
s302230363.py(95):         for child_idx in children:
s302230363.py(97):             if child_idx == -1:
s302230363.py(99):             node_list[child_idx].parent = idx
s302230363.py(95):         for child_idx in children:
s302230363.py(89):     for each in _array:
s302230363.py(90):         idx, *children = [int(x) for x in each]
 --- modulename: s302230363, funcname: <listcomp>
s302230363.py(90):         idx, *children = [int(x) for x in each]
s302230363.py(90):         idx, *children = [int(x) for x in each]
s302230363.py(90):         idx, *children = [int(x) for x in each]
s302230363.py(90):         idx, *children = [int(x) for x in each]
s302230363.py(91):         assert len(children) == 2 and idx >= 0
s302230363.py(92):         node_list[idx].index = idx
s302230363.py(93):         node_list[idx].children = children
s302230363.py(95):         for child_idx in children:
s302230363.py(97):             if child_idx == -1:
s302230363.py(98):                 continue
s302230363.py(95):         for child_idx in children:
s302230363.py(97):             if child_idx == -1:
s302230363.py(98):                 continue
s302230363.py(95):         for child_idx in children:
s302230363.py(89):     for each in _array:
s302230363.py(90):         idx, *children = [int(x) for x in each]
 --- modulename: s302230363, funcname: <listcomp>
s302230363.py(90):         idx, *children = [int(x) for x in each]
s302230363.py(90):         idx, *children = [int(x) for x in each]
s302230363.py(90):         idx, *children = [int(x) for x in each]
s302230363.py(90):         idx, *children = [int(x) for x in each]
s302230363.py(91):         assert len(children) == 2 and idx >= 0
s302230363.py(92):         node_list[idx].index = idx
s302230363.py(93):         node_list[idx].children = children
s302230363.py(95):         for child_idx in children:
s302230363.py(97):             if child_idx == -1:
s302230363.py(98):                 continue
s302230363.py(95):         for child_idx in children:
s302230363.py(97):             if child_idx == -1:
s302230363.py(98):                 continue
s302230363.py(95):         for child_idx in children:
s302230363.py(89):     for each in _array:
s302230363.py(90):         idx, *children = [int(x) for x in each]
 --- modulename: s302230363, funcname: <listcomp>
s302230363.py(90):         idx, *children = [int(x) for x in each]
s302230363.py(90):         idx, *children = [int(x) for x in each]
s302230363.py(90):         idx, *children = [int(x) for x in each]
s302230363.py(90):         idx, *children = [int(x) for x in each]
s302230363.py(91):         assert len(children) == 2 and idx >= 0
s302230363.py(92):         node_list[idx].index = idx
s302230363.py(93):         node_list[idx].children = children
s302230363.py(95):         for child_idx in children:
s302230363.py(97):             if child_idx == -1:
s302230363.py(98):                 continue
s302230363.py(95):         for child_idx in children:
s302230363.py(97):             if child_idx == -1:
s302230363.py(98):                 continue
s302230363.py(95):         for child_idx in children:
s302230363.py(89):     for each in _array:
s302230363.py(102):     root_idx = [i for i, x in enumerate(node_list) if x.parent == -1][0]
 --- modulename: s302230363, funcname: <listcomp>
s302230363.py(102):     root_idx = [i for i, x in enumerate(node_list) if x.parent == -1][0]
s302230363.py(102):     root_idx = [i for i, x in enumerate(node_list) if x.parent == -1][0]
s302230363.py(102):     root_idx = [i for i, x in enumerate(node_list) if x.parent == -1][0]
s302230363.py(102):     root_idx = [i for i, x in enumerate(node_list) if x.parent == -1][0]
s302230363.py(102):     root_idx = [i for i, x in enumerate(node_list) if x.parent == -1][0]
s302230363.py(102):     root_idx = [i for i, x in enumerate(node_list) if x.parent == -1][0]
s302230363.py(102):     root_idx = [i for i, x in enumerate(node_list) if x.parent == -1][0]
s302230363.py(102):     root_idx = [i for i, x in enumerate(node_list) if x.parent == -1][0]
s302230363.py(102):     root_idx = [i for i, x in enumerate(node_list) if x.parent == -1][0]
s302230363.py(102):     root_idx = [i for i, x in enumerate(node_list) if x.parent == -1][0]
s302230363.py(105):     print('Preorder')
Preorder
s302230363.py(106):     pre_parse(node_list[root_idx])
 --- modulename: s302230363, funcname: pre_parse
s302230363.py(38):     print(' ' + str(v.index), end='')
 0s302230363.py(39):     if not v.children:
s302230363.py(41):     left_child_idx = v.children[0]
s302230363.py(42):     right_child_idx = v.children[1]
s302230363.py(44):     if left_child_idx != -1:
s302230363.py(45):         pre_parse(node_list[left_child_idx])
 --- modulename: s302230363, funcname: pre_parse
s302230363.py(38):     print(' ' + str(v.index), end='')
 1s302230363.py(39):     if not v.children:
s302230363.py(41):     left_child_idx = v.children[0]
s302230363.py(42):     right_child_idx = v.children[1]
s302230363.py(44):     if left_child_idx != -1:
s302230363.py(45):         pre_parse(node_list[left_child_idx])
 --- modulename: s302230363, funcname: pre_parse
s302230363.py(38):     print(' ' + str(v.index), end='')
 2s302230363.py(39):     if not v.children:
s302230363.py(41):     left_child_idx = v.children[0]
s302230363.py(42):     right_child_idx = v.children[1]
s302230363.py(44):     if left_child_idx != -1:
s302230363.py(47):     if right_child_idx != -1:
s302230363.py(50):     return None
s302230363.py(47):     if right_child_idx != -1:
s302230363.py(48):         pre_parse(node_list[right_child_idx])
 --- modulename: s302230363, funcname: pre_parse
s302230363.py(38):     print(' ' + str(v.index), end='')
 3s302230363.py(39):     if not v.children:
s302230363.py(41):     left_child_idx = v.children[0]
s302230363.py(42):     right_child_idx = v.children[1]
s302230363.py(44):     if left_child_idx != -1:
s302230363.py(47):     if right_child_idx != -1:
s302230363.py(50):     return None
s302230363.py(50):     return None
s302230363.py(47):     if right_child_idx != -1:
s302230363.py(48):         pre_parse(node_list[right_child_idx])
 --- modulename: s302230363, funcname: pre_parse
s302230363.py(38):     print(' ' + str(v.index), end='')
 4s302230363.py(39):     if not v.children:
s302230363.py(41):     left_child_idx = v.children[0]
s302230363.py(42):     right_child_idx = v.children[1]
s302230363.py(44):     if left_child_idx != -1:
s302230363.py(45):         pre_parse(node_list[left_child_idx])
 --- modulename: s302230363, funcname: pre_parse
s302230363.py(38):     print(' ' + str(v.index), end='')
 5s302230363.py(39):     if not v.children:
s302230363.py(41):     left_child_idx = v.children[0]
s302230363.py(42):     right_child_idx = v.children[1]
s302230363.py(44):     if left_child_idx != -1:
s302230363.py(45):         pre_parse(node_list[left_child_idx])
 --- modulename: s302230363, funcname: pre_parse
s302230363.py(38):     print(' ' + str(v.index), end='')
 6s302230363.py(39):     if not v.children:
s302230363.py(41):     left_child_idx = v.children[0]
s302230363.py(42):     right_child_idx = v.children[1]
s302230363.py(44):     if left_child_idx != -1:
s302230363.py(47):     if right_child_idx != -1:
s302230363.py(50):     return None
s302230363.py(47):     if right_child_idx != -1:
s302230363.py(48):         pre_parse(node_list[right_child_idx])
 --- modulename: s302230363, funcname: pre_parse
s302230363.py(38):     print(' ' + str(v.index), end='')
 7s302230363.py(39):     if not v.children:
s302230363.py(41):     left_child_idx = v.children[0]
s302230363.py(42):     right_child_idx = v.children[1]
s302230363.py(44):     if left_child_idx != -1:
s302230363.py(47):     if right_child_idx != -1:
s302230363.py(50):     return None
s302230363.py(50):     return None
s302230363.py(47):     if right_child_idx != -1:
s302230363.py(48):         pre_parse(node_list[right_child_idx])
 --- modulename: s302230363, funcname: pre_parse
s302230363.py(38):     print(' ' + str(v.index), end='')
 8s302230363.py(39):     if not v.children:
s302230363.py(41):     left_child_idx = v.children[0]
s302230363.py(42):     right_child_idx = v.children[1]
s302230363.py(44):     if left_child_idx != -1:
s302230363.py(47):     if right_child_idx != -1:
s302230363.py(50):     return None
s302230363.py(50):     return None
s302230363.py(50):     return None
s302230363.py(107):     print('\n' + 'Inorder')

Inorder
s302230363.py(108):     in_parse(node_list[root_idx])
 --- modulename: s302230363, funcname: in_parse
s302230363.py(54):     if not v.children:
s302230363.py(56):     left_child_idx = v.children[0]
s302230363.py(57):     right_child_idx = v.children[1]
s302230363.py(59):     if left_child_idx != -1:
s302230363.py(60):         in_parse(node_list[left_child_idx])
 --- modulename: s302230363, funcname: in_parse
s302230363.py(54):     if not v.children:
s302230363.py(56):     left_child_idx = v.children[0]
s302230363.py(57):     right_child_idx = v.children[1]
s302230363.py(59):     if left_child_idx != -1:
s302230363.py(60):         in_parse(node_list[left_child_idx])
 --- modulename: s302230363, funcname: in_parse
s302230363.py(54):     if not v.children:
s302230363.py(56):     left_child_idx = v.children[0]
s302230363.py(57):     right_child_idx = v.children[1]
s302230363.py(59):     if left_child_idx != -1:
s302230363.py(62):     print(' ' + str(v.index), end='')
 2s302230363.py(64):     if right_child_idx != -1:
s302230363.py(67):     return None
s302230363.py(62):     print(' ' + str(v.index), end='')
 1s302230363.py(64):     if right_child_idx != -1:
s302230363.py(65):         in_parse(node_list[right_child_idx])
 --- modulename: s302230363, funcname: in_parse
s302230363.py(54):     if not v.children:
s302230363.py(56):     left_child_idx = v.children[0]
s302230363.py(57):     right_child_idx = v.children[1]
s302230363.py(59):     if left_child_idx != -1:
s302230363.py(62):     print(' ' + str(v.index), end='')
 3s302230363.py(64):     if right_child_idx != -1:
s302230363.py(67):     return None
s302230363.py(67):     return None
s302230363.py(62):     print(' ' + str(v.index), end='')
 0s302230363.py(64):     if right_child_idx != -1:
s302230363.py(65):         in_parse(node_list[right_child_idx])
 --- modulename: s302230363, funcname: in_parse
s302230363.py(54):     if not v.children:
s302230363.py(56):     left_child_idx = v.children[0]
s302230363.py(57):     right_child_idx = v.children[1]
s302230363.py(59):     if left_child_idx != -1:
s302230363.py(60):         in_parse(node_list[left_child_idx])
 --- modulename: s302230363, funcname: in_parse
s302230363.py(54):     if not v.children:
s302230363.py(56):     left_child_idx = v.children[0]
s302230363.py(57):     right_child_idx = v.children[1]
s302230363.py(59):     if left_child_idx != -1:
s302230363.py(60):         in_parse(node_list[left_child_idx])
 --- modulename: s302230363, funcname: in_parse
s302230363.py(54):     if not v.children:
s302230363.py(56):     left_child_idx = v.children[0]
s302230363.py(57):     right_child_idx = v.children[1]
s302230363.py(59):     if left_child_idx != -1:
s302230363.py(62):     print(' ' + str(v.index), end='')
 6s302230363.py(64):     if right_child_idx != -1:
s302230363.py(67):     return None
s302230363.py(62):     print(' ' + str(v.index), end='')
 5s302230363.py(64):     if right_child_idx != -1:
s302230363.py(65):         in_parse(node_list[right_child_idx])
 --- modulename: s302230363, funcname: in_parse
s302230363.py(54):     if not v.children:
s302230363.py(56):     left_child_idx = v.children[0]
s302230363.py(57):     right_child_idx = v.children[1]
s302230363.py(59):     if left_child_idx != -1:
s302230363.py(62):     print(' ' + str(v.index), end='')
 7s302230363.py(64):     if right_child_idx != -1:
s302230363.py(67):     return None
s302230363.py(67):     return None
s302230363.py(62):     print(' ' + str(v.index), end='')
 4s302230363.py(64):     if right_child_idx != -1:
s302230363.py(65):         in_parse(node_list[right_child_idx])
 --- modulename: s302230363, funcname: in_parse
s302230363.py(54):     if not v.children:
s302230363.py(56):     left_child_idx = v.children[0]
s302230363.py(57):     right_child_idx = v.children[1]
s302230363.py(59):     if left_child_idx != -1:
s302230363.py(62):     print(' ' + str(v.index), end='')
 8s302230363.py(64):     if right_child_idx != -1:
s302230363.py(67):     return None
s302230363.py(67):     return None
s302230363.py(67):     return None
s302230363.py(109):     print('\n' + 'Postorder')

Postorder
s302230363.py(110):     post_parse(node_list[root_idx])
 --- modulename: s302230363, funcname: post_parse
s302230363.py(71):     if not v.children:
s302230363.py(73):     left_child_idx = v.children[0]
s302230363.py(74):     right_child_idx = v.children[1]
s302230363.py(76):     if left_child_idx != -1:
s302230363.py(77):         post_parse(node_list[left_child_idx])
 --- modulename: s302230363, funcname: post_parse
s302230363.py(71):     if not v.children:
s302230363.py(73):     left_child_idx = v.children[0]
s302230363.py(74):     right_child_idx = v.children[1]
s302230363.py(76):     if left_child_idx != -1:
s302230363.py(77):         post_parse(node_list[left_child_idx])
 --- modulename: s302230363, funcname: post_parse
s302230363.py(71):     if not v.children:
s302230363.py(73):     left_child_idx = v.children[0]
s302230363.py(74):     right_child_idx = v.children[1]
s302230363.py(76):     if left_child_idx != -1:
s302230363.py(79):     if right_child_idx != -1:
s302230363.py(82):     print(' ' + str(v.index), end='')
 2s302230363.py(84):     return None
s302230363.py(79):     if right_child_idx != -1:
s302230363.py(80):         post_parse(node_list[right_child_idx])
 --- modulename: s302230363, funcname: post_parse
s302230363.py(71):     if not v.children:
s302230363.py(73):     left_child_idx = v.children[0]
s302230363.py(74):     right_child_idx = v.children[1]
s302230363.py(76):     if left_child_idx != -1:
s302230363.py(79):     if right_child_idx != -1:
s302230363.py(82):     print(' ' + str(v.index), end='')
 3s302230363.py(84):     return None
s302230363.py(82):     print(' ' + str(v.index), end='')
 1s302230363.py(84):     return None
s302230363.py(79):     if right_child_idx != -1:
s302230363.py(80):         post_parse(node_list[right_child_idx])
 --- modulename: s302230363, funcname: post_parse
s302230363.py(71):     if not v.children:
s302230363.py(73):     left_child_idx = v.children[0]
s302230363.py(74):     right_child_idx = v.children[1]
s302230363.py(76):     if left_child_idx != -1:
s302230363.py(77):         post_parse(node_list[left_child_idx])
 --- modulename: s302230363, funcname: post_parse
s302230363.py(71):     if not v.children:
s302230363.py(73):     left_child_idx = v.children[0]
s302230363.py(74):     right_child_idx = v.children[1]
s302230363.py(76):     if left_child_idx != -1:
s302230363.py(77):         post_parse(node_list[left_child_idx])
 --- modulename: s302230363, funcname: post_parse
s302230363.py(71):     if not v.children:
s302230363.py(73):     left_child_idx = v.children[0]
s302230363.py(74):     right_child_idx = v.children[1]
s302230363.py(76):     if left_child_idx != -1:
s302230363.py(79):     if right_child_idx != -1:
s302230363.py(82):     print(' ' + str(v.index), end='')
 6s302230363.py(84):     return None
s302230363.py(79):     if right_child_idx != -1:
s302230363.py(80):         post_parse(node_list[right_child_idx])
 --- modulename: s302230363, funcname: post_parse
s302230363.py(71):     if not v.children:
s302230363.py(73):     left_child_idx = v.children[0]
s302230363.py(74):     right_child_idx = v.children[1]
s302230363.py(76):     if left_child_idx != -1:
s302230363.py(79):     if right_child_idx != -1:
s302230363.py(82):     print(' ' + str(v.index), end='')
 7s302230363.py(84):     return None
s302230363.py(82):     print(' ' + str(v.index), end='')
 5s302230363.py(84):     return None
s302230363.py(79):     if right_child_idx != -1:
s302230363.py(80):         post_parse(node_list[right_child_idx])
 --- modulename: s302230363, funcname: post_parse
s302230363.py(71):     if not v.children:
s302230363.py(73):     left_child_idx = v.children[0]
s302230363.py(74):     right_child_idx = v.children[1]
s302230363.py(76):     if left_child_idx != -1:
s302230363.py(79):     if right_child_idx != -1:
s302230363.py(82):     print(' ' + str(v.index), end='')
 8s302230363.py(84):     return None
s302230363.py(82):     print(' ' + str(v.index), end='')
 4s302230363.py(84):     return None
s302230363.py(82):     print(' ' + str(v.index), end='')
 0s302230363.py(84):     return None
s302230363.py(111):     print('')

s302230363.py(113):     return node_list
