 --- modulename: s302057939, funcname: <module>
s302057939.py(2): import sys
s302057939.py(3): from itertools import accumulate, product
s302057939.py(9): def solve(N: int, W: int, ws: "List[int]", vs: "List[int]"):
s302057939.py(33): def main():
s302057939.py(48): if __name__ == '__main__':
s302057939.py(49):     main()
 --- modulename: s302057939, funcname: main
s302057939.py(34):     def iterate_tokens():
s302057939.py(38):     tokens = iterate_tokens()
s302057939.py(39):     N = int(next(tokens))  # type: int
 --- modulename: s302057939, funcname: iterate_tokens
s302057939.py(35):         for line in sys.stdin:
 --- modulename: codecs, funcname: decode
codecs.py(321):         data = self.buffer + input
codecs.py(322):         (result, consumed) = self._buffer_decode(data, self.errors, final)
codecs.py(324):         self.buffer = data[consumed:]
codecs.py(325):         return result
s302057939.py(36):             for word in line.split():
s302057939.py(37):                 yield word
s302057939.py(40):     W = int(next(tokens))  # type: int
 --- modulename: s302057939, funcname: iterate_tokens
s302057939.py(36):             for word in line.split():
s302057939.py(37):                 yield word
s302057939.py(41):     w = [int()] * (N)  # type: "List[int]" 
s302057939.py(42):     v = [int()] * (N)  # type: "List[int]" 
s302057939.py(43):     for i in range(N):
s302057939.py(44):         w[i] = int(next(tokens))
 --- modulename: s302057939, funcname: iterate_tokens
s302057939.py(36):             for word in line.split():
s302057939.py(35):         for line in sys.stdin:
s302057939.py(36):             for word in line.split():
s302057939.py(37):                 yield word
s302057939.py(45):         v[i] = int(next(tokens))
 --- modulename: s302057939, funcname: iterate_tokens
s302057939.py(36):             for word in line.split():
s302057939.py(37):                 yield word
s302057939.py(43):     for i in range(N):
s302057939.py(44):         w[i] = int(next(tokens))
 --- modulename: s302057939, funcname: iterate_tokens
s302057939.py(36):             for word in line.split():
s302057939.py(35):         for line in sys.stdin:
s302057939.py(36):             for word in line.split():
s302057939.py(37):                 yield word
s302057939.py(45):         v[i] = int(next(tokens))
 --- modulename: s302057939, funcname: iterate_tokens
s302057939.py(36):             for word in line.split():
s302057939.py(37):                 yield word
s302057939.py(43):     for i in range(N):
s302057939.py(44):         w[i] = int(next(tokens))
 --- modulename: s302057939, funcname: iterate_tokens
s302057939.py(36):             for word in line.split():
s302057939.py(35):         for line in sys.stdin:
s302057939.py(36):             for word in line.split():
s302057939.py(37):                 yield word
s302057939.py(45):         v[i] = int(next(tokens))
 --- modulename: s302057939, funcname: iterate_tokens
s302057939.py(36):             for word in line.split():
s302057939.py(37):                 yield word
s302057939.py(43):     for i in range(N):
s302057939.py(44):         w[i] = int(next(tokens))
 --- modulename: s302057939, funcname: iterate_tokens
s302057939.py(36):             for word in line.split():
s302057939.py(35):         for line in sys.stdin:
s302057939.py(36):             for word in line.split():
s302057939.py(37):                 yield word
s302057939.py(45):         v[i] = int(next(tokens))
 --- modulename: s302057939, funcname: iterate_tokens
s302057939.py(36):             for word in line.split():
s302057939.py(37):                 yield word
s302057939.py(43):     for i in range(N):
s302057939.py(46):     solve(N, W, w, v)
 --- modulename: s302057939, funcname: solve
s302057939.py(10):     w0 = ws[0]
s302057939.py(11):     items = [[] for _ in range(4)]
 --- modulename: s302057939, funcname: <listcomp>
s302057939.py(11):     items = [[] for _ in range(4)]
s302057939.py(11):     items = [[] for _ in range(4)]
s302057939.py(11):     items = [[] for _ in range(4)]
s302057939.py(11):     items = [[] for _ in range(4)]
s302057939.py(11):     items = [[] for _ in range(4)]
s302057939.py(12):     accum = [[] for _ in range(4)]
 --- modulename: s302057939, funcname: <listcomp>
s302057939.py(12):     accum = [[] for _ in range(4)]
s302057939.py(12):     accum = [[] for _ in range(4)]
s302057939.py(12):     accum = [[] for _ in range(4)]
s302057939.py(12):     accum = [[] for _ in range(4)]
s302057939.py(12):     accum = [[] for _ in range(4)]
s302057939.py(13):     for w, v in zip(ws, vs):
s302057939.py(14):         items[w-w0].append(v)
s302057939.py(13):     for w, v in zip(ws, vs):
s302057939.py(14):         items[w-w0].append(v)
s302057939.py(13):     for w, v in zip(ws, vs):
s302057939.py(14):         items[w-w0].append(v)
s302057939.py(13):     for w, v in zip(ws, vs):
s302057939.py(14):         items[w-w0].append(v)
s302057939.py(13):     for w, v in zip(ws, vs):
s302057939.py(15):     for i in range(4):
s302057939.py(16):         items[i].sort(reverse=True)
s302057939.py(17):         accum[i] = [0] + list(accumulate(items[i]))
s302057939.py(15):     for i in range(4):
s302057939.py(16):         items[i].sort(reverse=True)
s302057939.py(17):         accum[i] = [0] + list(accumulate(items[i]))
s302057939.py(15):     for i in range(4):
s302057939.py(16):         items[i].sort(reverse=True)
s302057939.py(17):         accum[i] = [0] + list(accumulate(items[i]))
s302057939.py(15):     for i in range(4):
s302057939.py(16):         items[i].sort(reverse=True)
s302057939.py(17):         accum[i] = [0] + list(accumulate(items[i]))
s302057939.py(15):     for i in range(4):
s302057939.py(18):     count = [len(items[i]) for i in range(4)]
 --- modulename: s302057939, funcname: <listcomp>
s302057939.py(18):     count = [len(items[i]) for i in range(4)]
s302057939.py(18):     count = [len(items[i]) for i in range(4)]
s302057939.py(18):     count = [len(items[i]) for i in range(4)]
s302057939.py(18):     count = [len(items[i]) for i in range(4)]
s302057939.py(18):     count = [len(items[i]) for i in range(4)]
s302057939.py(20):     res = 0
s302057939.py(21):     for nums in product(*[range(count[i] + 1) for i in range(4)]):
 --- modulename: s302057939, funcname: <listcomp>
s302057939.py(21):     for nums in product(*[range(count[i] + 1) for i in range(4)]):
s302057939.py(21):     for nums in product(*[range(count[i] + 1) for i in range(4)]):
s302057939.py(21):     for nums in product(*[range(count[i] + 1) for i in range(4)]):
s302057939.py(21):     for nums in product(*[range(count[i] + 1) for i in range(4)]):
s302057939.py(21):     for nums in product(*[range(count[i] + 1) for i in range(4)]):
s302057939.py(22):         w = sum((w0+i) * nums[i] for i in range(4))
 --- modulename: s302057939, funcname: <genexpr>
s302057939.py(22):         w = sum((w0+i) * nums[i] for i in range(4))
 --- modulename: s302057939, funcname: <genexpr>
s302057939.py(22):         w = sum((w0+i) * nums[i] for i in range(4))
 --- modulename: s302057939, funcname: <genexpr>
s302057939.py(22):         w = sum((w0+i) * nums[i] for i in range(4))
 --- modulename: s302057939, funcname: <genexpr>
s302057939.py(22):         w = sum((w0+i) * nums[i] for i in range(4))
 --- modulename: s302057939, funcname: <genexpr>
s302057939.py(22):         w = sum((w0+i) * nums[i] for i in range(4))
s302057939.py(23):         if w > W:
s302057939.py(25):         v = sum(accum[i][nums[i]] for i in range(4))
 --- modulename: s302057939, funcname: <genexpr>
s302057939.py(25):         v = sum(accum[i][nums[i]] for i in range(4))
 --- modulename: s302057939, funcname: <genexpr>
s302057939.py(25):         v = sum(accum[i][nums[i]] for i in range(4))
 --- modulename: s302057939, funcname: <genexpr>
s302057939.py(25):         v = sum(accum[i][nums[i]] for i in range(4))
 --- modulename: s302057939, funcname: <genexpr>
s302057939.py(25):         v = sum(accum[i][nums[i]] for i in range(4))
 --- modulename: s302057939, funcname: <genexpr>
s302057939.py(25):         v = sum(accum[i][nums[i]] for i in range(4))
s302057939.py(26):         res = max(v, res)
s302057939.py(21):     for nums in product(*[range(count[i] + 1) for i in range(4)]):
s302057939.py(22):         w = sum((w0+i) * nums[i] for i in range(4))
 --- modulename: s302057939, funcname: <genexpr>
s302057939.py(22):         w = sum((w0+i) * nums[i] for i in range(4))
 --- modulename: s302057939, funcname: <genexpr>
s302057939.py(22):         w = sum((w0+i) * nums[i] for i in range(4))
 --- modulename: s302057939, funcname: <genexpr>
s302057939.py(22):         w = sum((w0+i) * nums[i] for i in range(4))
 --- modulename: s302057939, funcname: <genexpr>
s302057939.py(22):         w = sum((w0+i) * nums[i] for i in range(4))
 --- modulename: s302057939, funcname: <genexpr>
s302057939.py(22):         w = sum((w0+i) * nums[i] for i in range(4))
s302057939.py(23):         if w > W:
s302057939.py(25):         v = sum(accum[i][nums[i]] for i in range(4))
 --- modulename: s302057939, funcname: <genexpr>
s302057939.py(25):         v = sum(accum[i][nums[i]] for i in range(4))
 --- modulename: s302057939, funcname: <genexpr>
s302057939.py(25):         v = sum(accum[i][nums[i]] for i in range(4))
 --- modulename: s302057939, funcname: <genexpr>
s302057939.py(25):         v = sum(accum[i][nums[i]] for i in range(4))
 --- modulename: s302057939, funcname: <genexpr>
s302057939.py(25):         v = sum(accum[i][nums[i]] for i in range(4))
 --- modulename: s302057939, funcname: <genexpr>
s302057939.py(25):         v = sum(accum[i][nums[i]] for i in range(4))
s302057939.py(26):         res = max(v, res)
s302057939.py(21):     for nums in product(*[range(count[i] + 1) for i in range(4)]):
s302057939.py(22):         w = sum((w0+i) * nums[i] for i in range(4))
 --- modulename: s302057939, funcname: <genexpr>
s302057939.py(22):         w = sum((w0+i) * nums[i] for i in range(4))
 --- modulename: s302057939, funcname: <genexpr>
s302057939.py(22):         w = sum((w0+i) * nums[i] for i in range(4))
 --- modulename: s302057939, funcname: <genexpr>
s302057939.py(22):         w = sum((w0+i) * nums[i] for i in range(4))
 --- modulename: s302057939, funcname: <genexpr>
s302057939.py(22):         w = sum((w0+i) * nums[i] for i in range(4))
 --- modulename: s302057939, funcname: <genexpr>
s302057939.py(22):         w = sum((w0+i) * nums[i] for i in range(4))
s302057939.py(23):         if w > W:
s302057939.py(25):         v = sum(accum[i][nums[i]] for i in range(4))
 --- modulename: s302057939, funcname: <genexpr>
s302057939.py(25):         v = sum(accum[i][nums[i]] for i in range(4))
 --- modulename: s302057939, funcname: <genexpr>
s302057939.py(25):         v = sum(accum[i][nums[i]] for i in range(4))
 --- modulename: s302057939, funcname: <genexpr>
s302057939.py(25):         v = sum(accum[i][nums[i]] for i in range(4))
 --- modulename: s302057939, funcname: <genexpr>
s302057939.py(25):         v = sum(accum[i][nums[i]] for i in range(4))
 --- modulename: s302057939, funcname: <genexpr>
s302057939.py(25):         v = sum(accum[i][nums[i]] for i in range(4))
s302057939.py(26):         res = max(v, res)
s302057939.py(21):     for nums in product(*[range(count[i] + 1) for i in range(4)]):
s302057939.py(22):         w = sum((w0+i) * nums[i] for i in range(4))
 --- modulename: s302057939, funcname: <genexpr>
s302057939.py(22):         w = sum((w0+i) * nums[i] for i in range(4))
 --- modulename: s302057939, funcname: <genexpr>
s302057939.py(22):         w = sum((w0+i) * nums[i] for i in range(4))
 --- modulename: s302057939, funcname: <genexpr>
s302057939.py(22):         w = sum((w0+i) * nums[i] for i in range(4))
 --- modulename: s302057939, funcname: <genexpr>
s302057939.py(22):         w = sum((w0+i) * nums[i] for i in range(4))
 --- modulename: s302057939, funcname: <genexpr>
s302057939.py(22):         w = sum((w0+i) * nums[i] for i in range(4))
s302057939.py(23):         if w > W:
s302057939.py(24):             continue
s302057939.py(21):     for nums in product(*[range(count[i] + 1) for i in range(4)]):
s302057939.py(22):         w = sum((w0+i) * nums[i] for i in range(4))
 --- modulename: s302057939, funcname: <genexpr>
s302057939.py(22):         w = sum((w0+i) * nums[i] for i in range(4))
 --- modulename: s302057939, funcname: <genexpr>
s302057939.py(22):         w = sum((w0+i) * nums[i] for i in range(4))
 --- modulename: s302057939, funcname: <genexpr>
s302057939.py(22):         w = sum((w0+i) * nums[i] for i in range(4))
 --- modulename: s302057939, funcname: <genexpr>
s302057939.py(22):         w = sum((w0+i) * nums[i] for i in range(4))
 --- modulename: s302057939, funcname: <genexpr>
s302057939.py(22):         w = sum((w0+i) * nums[i] for i in range(4))
s302057939.py(23):         if w > W:
s302057939.py(25):         v = sum(accum[i][nums[i]] for i in range(4))
 --- modulename: s302057939, funcname: <genexpr>
s302057939.py(25):         v = sum(accum[i][nums[i]] for i in range(4))
 --- modulename: s302057939, funcname: <genexpr>
s302057939.py(25):         v = sum(accum[i][nums[i]] for i in range(4))
 --- modulename: s302057939, funcname: <genexpr>
s302057939.py(25):         v = sum(accum[i][nums[i]] for i in range(4))
 --- modulename: s302057939, funcname: <genexpr>
s302057939.py(25):         v = sum(accum[i][nums[i]] for i in range(4))
 --- modulename: s302057939, funcname: <genexpr>
s302057939.py(25):         v = sum(accum[i][nums[i]] for i in range(4))
s302057939.py(26):         res = max(v, res)
s302057939.py(21):     for nums in product(*[range(count[i] + 1) for i in range(4)]):
s302057939.py(22):         w = sum((w0+i) * nums[i] for i in range(4))
 --- modulename: s302057939, funcname: <genexpr>
s302057939.py(22):         w = sum((w0+i) * nums[i] for i in range(4))
 --- modulename: s302057939, funcname: <genexpr>
s302057939.py(22):         w = sum((w0+i) * nums[i] for i in range(4))
 --- modulename: s302057939, funcname: <genexpr>
s302057939.py(22):         w = sum((w0+i) * nums[i] for i in range(4))
 --- modulename: s302057939, funcname: <genexpr>
s302057939.py(22):         w = sum((w0+i) * nums[i] for i in range(4))
 --- modulename: s302057939, funcname: <genexpr>
s302057939.py(22):         w = sum((w0+i) * nums[i] for i in range(4))
s302057939.py(23):         if w > W:
s302057939.py(24):             continue
s302057939.py(21):     for nums in product(*[range(count[i] + 1) for i in range(4)]):
s302057939.py(22):         w = sum((w0+i) * nums[i] for i in range(4))
 --- modulename: s302057939, funcname: <genexpr>
s302057939.py(22):         w = sum((w0+i) * nums[i] for i in range(4))
 --- modulename: s302057939, funcname: <genexpr>
s302057939.py(22):         w = sum((w0+i) * nums[i] for i in range(4))
 --- modulename: s302057939, funcname: <genexpr>
s302057939.py(22):         w = sum((w0+i) * nums[i] for i in range(4))
 --- modulename: s302057939, funcname: <genexpr>
s302057939.py(22):         w = sum((w0+i) * nums[i] for i in range(4))
 --- modulename: s302057939, funcname: <genexpr>
s302057939.py(22):         w = sum((w0+i) * nums[i] for i in range(4))
s302057939.py(23):         if w > W:
s302057939.py(25):         v = sum(accum[i][nums[i]] for i in range(4))
 --- modulename: s302057939, funcname: <genexpr>
s302057939.py(25):         v = sum(accum[i][nums[i]] for i in range(4))
 --- modulename: s302057939, funcname: <genexpr>
s302057939.py(25):         v = sum(accum[i][nums[i]] for i in range(4))
 --- modulename: s302057939, funcname: <genexpr>
s302057939.py(25):         v = sum(accum[i][nums[i]] for i in range(4))
 --- modulename: s302057939, funcname: <genexpr>
s302057939.py(25):         v = sum(accum[i][nums[i]] for i in range(4))
 --- modulename: s302057939, funcname: <genexpr>
s302057939.py(25):         v = sum(accum[i][nums[i]] for i in range(4))
s302057939.py(26):         res = max(v, res)
s302057939.py(21):     for nums in product(*[range(count[i] + 1) for i in range(4)]):
s302057939.py(22):         w = sum((w0+i) * nums[i] for i in range(4))
 --- modulename: s302057939, funcname: <genexpr>
s302057939.py(22):         w = sum((w0+i) * nums[i] for i in range(4))
 --- modulename: s302057939, funcname: <genexpr>
s302057939.py(22):         w = sum((w0+i) * nums[i] for i in range(4))
 --- modulename: s302057939, funcname: <genexpr>
s302057939.py(22):         w = sum((w0+i) * nums[i] for i in range(4))
 --- modulename: s302057939, funcname: <genexpr>
s302057939.py(22):         w = sum((w0+i) * nums[i] for i in range(4))
 --- modulename: s302057939, funcname: <genexpr>
s302057939.py(22):         w = sum((w0+i) * nums[i] for i in range(4))
s302057939.py(23):         if w > W:
s302057939.py(25):         v = sum(accum[i][nums[i]] for i in range(4))
 --- modulename: s302057939, funcname: <genexpr>
s302057939.py(25):         v = sum(accum[i][nums[i]] for i in range(4))
 --- modulename: s302057939, funcname: <genexpr>
s302057939.py(25):         v = sum(accum[i][nums[i]] for i in range(4))
 --- modulename: s302057939, funcname: <genexpr>
s302057939.py(25):         v = sum(accum[i][nums[i]] for i in range(4))
 --- modulename: s302057939, funcname: <genexpr>
s302057939.py(25):         v = sum(accum[i][nums[i]] for i in range(4))
 --- modulename: s302057939, funcname: <genexpr>
s302057939.py(25):         v = sum(accum[i][nums[i]] for i in range(4))
s302057939.py(26):         res = max(v, res)
s302057939.py(21):     for nums in product(*[range(count[i] + 1) for i in range(4)]):
s302057939.py(22):         w = sum((w0+i) * nums[i] for i in range(4))
 --- modulename: s302057939, funcname: <genexpr>
s302057939.py(22):         w = sum((w0+i) * nums[i] for i in range(4))
 --- modulename: s302057939, funcname: <genexpr>
s302057939.py(22):         w = sum((w0+i) * nums[i] for i in range(4))
 --- modulename: s302057939, funcname: <genexpr>
s302057939.py(22):         w = sum((w0+i) * nums[i] for i in range(4))
 --- modulename: s302057939, funcname: <genexpr>
s302057939.py(22):         w = sum((w0+i) * nums[i] for i in range(4))
 --- modulename: s302057939, funcname: <genexpr>
s302057939.py(22):         w = sum((w0+i) * nums[i] for i in range(4))
s302057939.py(23):         if w > W:
s302057939.py(25):         v = sum(accum[i][nums[i]] for i in range(4))
 --- modulename: s302057939, funcname: <genexpr>
s302057939.py(25):         v = sum(accum[i][nums[i]] for i in range(4))
 --- modulename: s302057939, funcname: <genexpr>
s302057939.py(25):         v = sum(accum[i][nums[i]] for i in range(4))
 --- modulename: s302057939, funcname: <genexpr>
s302057939.py(25):         v = sum(accum[i][nums[i]] for i in range(4))
 --- modulename: s302057939, funcname: <genexpr>
s302057939.py(25):         v = sum(accum[i][nums[i]] for i in range(4))
 --- modulename: s302057939, funcname: <genexpr>
s302057939.py(25):         v = sum(accum[i][nums[i]] for i in range(4))
s302057939.py(26):         res = max(v, res)
s302057939.py(21):     for nums in product(*[range(count[i] + 1) for i in range(4)]):
s302057939.py(22):         w = sum((w0+i) * nums[i] for i in range(4))
 --- modulename: s302057939, funcname: <genexpr>
s302057939.py(22):         w = sum((w0+i) * nums[i] for i in range(4))
 --- modulename: s302057939, funcname: <genexpr>
s302057939.py(22):         w = sum((w0+i) * nums[i] for i in range(4))
 --- modulename: s302057939, funcname: <genexpr>
s302057939.py(22):         w = sum((w0+i) * nums[i] for i in range(4))
 --- modulename: s302057939, funcname: <genexpr>
s302057939.py(22):         w = sum((w0+i) * nums[i] for i in range(4))
 --- modulename: s302057939, funcname: <genexpr>
s302057939.py(22):         w = sum((w0+i) * nums[i] for i in range(4))
s302057939.py(23):         if w > W:
s302057939.py(24):             continue
s302057939.py(21):     for nums in product(*[range(count[i] + 1) for i in range(4)]):
s302057939.py(22):         w = sum((w0+i) * nums[i] for i in range(4))
 --- modulename: s302057939, funcname: <genexpr>
s302057939.py(22):         w = sum((w0+i) * nums[i] for i in range(4))
 --- modulename: s302057939, funcname: <genexpr>
s302057939.py(22):         w = sum((w0+i) * nums[i] for i in range(4))
 --- modulename: s302057939, funcname: <genexpr>
s302057939.py(22):         w = sum((w0+i) * nums[i] for i in range(4))
 --- modulename: s302057939, funcname: <genexpr>
s302057939.py(22):         w = sum((w0+i) * nums[i] for i in range(4))
 --- modulename: s302057939, funcname: <genexpr>
s302057939.py(22):         w = sum((w0+i) * nums[i] for i in range(4))
s302057939.py(23):         if w > W:
s302057939.py(24):             continue
s302057939.py(21):     for nums in product(*[range(count[i] + 1) for i in range(4)]):
s302057939.py(22):         w = sum((w0+i) * nums[i] for i in range(4))
 --- modulename: s302057939, funcname: <genexpr>
s302057939.py(22):         w = sum((w0+i) * nums[i] for i in range(4))
 --- modulename: s302057939, funcname: <genexpr>
s302057939.py(22):         w = sum((w0+i) * nums[i] for i in range(4))
 --- modulename: s302057939, funcname: <genexpr>
s302057939.py(22):         w = sum((w0+i) * nums[i] for i in range(4))
 --- modulename: s302057939, funcname: <genexpr>
s302057939.py(22):         w = sum((w0+i) * nums[i] for i in range(4))
 --- modulename: s302057939, funcname: <genexpr>
s302057939.py(22):         w = sum((w0+i) * nums[i] for i in range(4))
s302057939.py(23):         if w > W:
s302057939.py(24):             continue
s302057939.py(21):     for nums in product(*[range(count[i] + 1) for i in range(4)]):
s302057939.py(28):     print(res)
11
s302057939.py(29):     return
 --- modulename: s302057939, funcname: iterate_tokens
