 --- modulename: s303038514, funcname: <module>
s303038514.py(1): import sys
s303038514.py(2): input = sys.stdin.readline
s303038514.py(4): def readlines(n):
s303038514.py(9): n, m = map(int, input().split())
 --- modulename: codecs, funcname: getstate
codecs.py(333):         return (self.buffer, 0)
 --- modulename: codecs, funcname: decode
codecs.py(321):         data = self.buffer + input
codecs.py(322):         (result, consumed) = self._buffer_decode(data, self.errors, final)
codecs.py(324):         self.buffer = data[consumed:]
codecs.py(325):         return result
s303038514.py(10): bridges = list(readlines(m))
 --- modulename: s303038514, funcname: readlines
s303038514.py(5):     for _ in range(n):
s303038514.py(6):         a, b = map(int, input().split())
s303038514.py(7):         yield a, b
 --- modulename: s303038514, funcname: readlines
s303038514.py(5):     for _ in range(n):
s303038514.py(6):         a, b = map(int, input().split())
s303038514.py(7):         yield a, b
 --- modulename: s303038514, funcname: readlines
s303038514.py(5):     for _ in range(n):
s303038514.py(6):         a, b = map(int, input().split())
s303038514.py(7):         yield a, b
 --- modulename: s303038514, funcname: readlines
s303038514.py(5):     for _ in range(n):
s303038514.py(6):         a, b = map(int, input().split())
s303038514.py(7):         yield a, b
 --- modulename: s303038514, funcname: readlines
s303038514.py(5):     for _ in range(n):
s303038514.py(6):         a, b = map(int, input().split())
s303038514.py(7):         yield a, b
 --- modulename: s303038514, funcname: readlines
s303038514.py(5):     for _ in range(n):
s303038514.py(11): tree = list(range(n+1))
s303038514.py(12): rank = [1] * (n+1)
s303038514.py(14): def root(v):
s303038514.py(20): def merge(x, y):
s303038514.py(28): def main():
s303038514.py(44): print("\n".join(reversed(list(main()))))
 --- modulename: s303038514, funcname: main
s303038514.py(29):     fuben = n*(n-1)//2
s303038514.py(31):     for a, b in bridges[::-1]:
s303038514.py(32):         x = root(a)
 --- modulename: s303038514, funcname: root
s303038514.py(15):     while tree[v] != v:
s303038514.py(18):     return v
s303038514.py(33):         y = root(b)
 --- modulename: s303038514, funcname: root
s303038514.py(15):     while tree[v] != v:
s303038514.py(18):     return v
s303038514.py(35):         if x == y:
s303038514.py(39):         yield str(fuben)
 --- modulename: s303038514, funcname: main
s303038514.py(40):         fuben -= rank[x]*rank[y]
s303038514.py(41):         merge(x, y)
 --- modulename: s303038514, funcname: merge
s303038514.py(21):     if rank[x] < rank[y]:
s303038514.py(25):         tree[y] = x
s303038514.py(26):         rank[x] += rank[y]
s303038514.py(31):     for a, b in bridges[::-1]:
s303038514.py(32):         x = root(a)
 --- modulename: s303038514, funcname: root
s303038514.py(15):     while tree[v] != v:
s303038514.py(18):     return v
s303038514.py(33):         y = root(b)
 --- modulename: s303038514, funcname: root
s303038514.py(15):     while tree[v] != v:
s303038514.py(18):     return v
s303038514.py(35):         if x == y:
s303038514.py(39):         yield str(fuben)
 --- modulename: s303038514, funcname: main
s303038514.py(40):         fuben -= rank[x]*rank[y]
s303038514.py(41):         merge(x, y)
 --- modulename: s303038514, funcname: merge
s303038514.py(21):     if rank[x] < rank[y]:
s303038514.py(25):         tree[y] = x
s303038514.py(26):         rank[x] += rank[y]
s303038514.py(31):     for a, b in bridges[::-1]:
s303038514.py(32):         x = root(a)
 --- modulename: s303038514, funcname: root
s303038514.py(15):     while tree[v] != v:
s303038514.py(18):     return v
s303038514.py(33):         y = root(b)
 --- modulename: s303038514, funcname: root
s303038514.py(15):     while tree[v] != v:
s303038514.py(16):         tree[v] = tree[tree[v]]
s303038514.py(17):         v = tree[v]
s303038514.py(15):     while tree[v] != v:
s303038514.py(18):     return v
s303038514.py(35):         if x == y:
s303038514.py(39):         yield str(fuben)
 --- modulename: s303038514, funcname: main
s303038514.py(40):         fuben -= rank[x]*rank[y]
s303038514.py(41):         merge(x, y)
 --- modulename: s303038514, funcname: merge
s303038514.py(21):     if rank[x] < rank[y]:
s303038514.py(25):         tree[y] = x
s303038514.py(26):         rank[x] += rank[y]
s303038514.py(31):     for a, b in bridges[::-1]:
s303038514.py(32):         x = root(a)
 --- modulename: s303038514, funcname: root
s303038514.py(15):     while tree[v] != v:
s303038514.py(16):         tree[v] = tree[tree[v]]
s303038514.py(17):         v = tree[v]
s303038514.py(15):     while tree[v] != v:
s303038514.py(18):     return v
s303038514.py(33):         y = root(b)
 --- modulename: s303038514, funcname: root
s303038514.py(15):     while tree[v] != v:
s303038514.py(16):         tree[v] = tree[tree[v]]
s303038514.py(17):         v = tree[v]
s303038514.py(15):     while tree[v] != v:
s303038514.py(18):     return v
s303038514.py(35):         if x == y:
s303038514.py(36):             yield str(fuben)
 --- modulename: s303038514, funcname: main
s303038514.py(37):             continue
s303038514.py(31):     for a, b in bridges[::-1]:
s303038514.py(32):         x = root(a)
 --- modulename: s303038514, funcname: root
s303038514.py(15):     while tree[v] != v:
s303038514.py(18):     return v
s303038514.py(33):         y = root(b)
 --- modulename: s303038514, funcname: root
s303038514.py(15):     while tree[v] != v:
s303038514.py(16):         tree[v] = tree[tree[v]]
s303038514.py(17):         v = tree[v]
s303038514.py(15):     while tree[v] != v:
s303038514.py(18):     return v
s303038514.py(35):         if x == y:
s303038514.py(36):             yield str(fuben)
 --- modulename: s303038514, funcname: main
s303038514.py(37):             continue
s303038514.py(31):     for a, b in bridges[::-1]:
0
0
4
5
6
