 --- modulename: s310450927, funcname: <module>
s310450927.py(1): import sys
s310450927.py(2): input = lambda: sys.stdin.readline().rstrip() 
s310450927.py(3): sys.setrecursionlimit(10**7)
s310450927.py(4): INF = 10**20
s310450927.py(5): def I(): return int(input())
s310450927.py(6): def F(): return float(input())
s310450927.py(7): def S(): return input()
s310450927.py(8): def LI(): return [int(x) for x in input().split()]
s310450927.py(9): def LI_(): return [int(x)-1 for x in input().split()]
s310450927.py(10): def LF(): return [float(x) for x in input().split()]
s310450927.py(11): def LS(): return input().split()
s310450927.py(13): def resolve():
s310450927.py(20): if __name__ == '__main__':
s310450927.py(21):     resolve()
 --- modulename: s310450927, funcname: resolve
s310450927.py(14):     M = I()
 --- modulename: s310450927, funcname: I
s310450927.py(5): def I(): return int(input())
 --- modulename: s310450927, funcname: <lambda>
s310450927.py(2): input = lambda: sys.stdin.readline().rstrip() 
 --- modulename: codecs, funcname: getstate
codecs.py(333):         return (self.buffer, 0)
 --- modulename: codecs, funcname: decode
codecs.py(321):         data = self.buffer + input
codecs.py(322):         (result, consumed) = self._buffer_decode(data, self.errors, final)
codecs.py(324):         self.buffer = data[consumed:]
codecs.py(325):         return result
s310450927.py(15):     dc = [LI() for _ in range(M)]
 --- modulename: s310450927, funcname: <listcomp>
s310450927.py(15):     dc = [LI() for _ in range(M)]
 --- modulename: s310450927, funcname: LI
s310450927.py(8): def LI(): return [int(x) for x in input().split()]
 --- modulename: s310450927, funcname: <lambda>
s310450927.py(2): input = lambda: sys.stdin.readline().rstrip() 
 --- modulename: s310450927, funcname: <listcomp>
s310450927.py(8): def LI(): return [int(x) for x in input().split()]
s310450927.py(8): def LI(): return [int(x) for x in input().split()]
s310450927.py(8): def LI(): return [int(x) for x in input().split()]
s310450927.py(15):     dc = [LI() for _ in range(M)]
 --- modulename: s310450927, funcname: LI
s310450927.py(8): def LI(): return [int(x) for x in input().split()]
 --- modulename: s310450927, funcname: <lambda>
s310450927.py(2): input = lambda: sys.stdin.readline().rstrip() 
 --- modulename: s310450927, funcname: <listcomp>
s310450927.py(8): def LI(): return [int(x) for x in input().split()]
s310450927.py(8): def LI(): return [int(x) for x in input().split()]
s310450927.py(8): def LI(): return [int(x) for x in input().split()]
s310450927.py(15):     dc = [LI() for _ in range(M)]
s310450927.py(17):     s = sum([i[0]*i[1] for i in dc])
 --- modulename: s310450927, funcname: <listcomp>
s310450927.py(17):     s = sum([i[0]*i[1] for i in dc])
s310450927.py(17):     s = sum([i[0]*i[1] for i in dc])
s310450927.py(17):     s = sum([i[0]*i[1] for i in dc])
s310450927.py(18):     print((sum([i[1] for i in dc])-1)+(s-1)//9)
 --- modulename: s310450927, funcname: <listcomp>
s310450927.py(18):     print((sum([i[1] for i in dc])-1)+(s-1)//9)
s310450927.py(18):     print((sum([i[1] for i in dc])-1)+(s-1)//9)
s310450927.py(18):     print((sum([i[1] for i in dc])-1)+(s-1)//9)
3
