 --- modulename: s314809097, funcname: <module>
s314809097.py(2): import sys
s314809097.py(3): import collections
s314809097.py(5): YES = "Yes"  # type: str
s314809097.py(6): NO = "No"  # type: str
s314809097.py(8): def solve(N: int, K: int, Q: int, A: "List[int]"):
s314809097.py(23): def main():
s314809097.py(35): if __name__ == '__main__':
s314809097.py(36):     main()
 --- modulename: s314809097, funcname: main
s314809097.py(24):     def iterate_tokens():
s314809097.py(28):     tokens = iterate_tokens()
s314809097.py(29):     N = int(next(tokens))  # type: int
 --- modulename: s314809097, funcname: iterate_tokens
s314809097.py(25):         for line in sys.stdin:
 --- modulename: codecs, funcname: decode
codecs.py(321):         data = self.buffer + input
codecs.py(322):         (result, consumed) = self._buffer_decode(data, self.errors, final)
codecs.py(324):         self.buffer = data[consumed:]
codecs.py(325):         return result
s314809097.py(26):             for word in line.split():
s314809097.py(27):                 yield word
s314809097.py(30):     K = int(next(tokens))  # type: int
 --- modulename: s314809097, funcname: iterate_tokens
s314809097.py(26):             for word in line.split():
s314809097.py(27):                 yield word
s314809097.py(31):     Q = int(next(tokens))  # type: int
 --- modulename: s314809097, funcname: iterate_tokens
s314809097.py(26):             for word in line.split():
s314809097.py(27):                 yield word
s314809097.py(32):     A = [ int(next(tokens)) for _ in range(Q) ]  # type: "List[int]"
 --- modulename: s314809097, funcname: <listcomp>
s314809097.py(32):     A = [ int(next(tokens)) for _ in range(Q) ]  # type: "List[int]"
 --- modulename: s314809097, funcname: iterate_tokens
s314809097.py(26):             for word in line.split():
s314809097.py(25):         for line in sys.stdin:
s314809097.py(26):             for word in line.split():
s314809097.py(27):                 yield word
s314809097.py(32):     A = [ int(next(tokens)) for _ in range(Q) ]  # type: "List[int]"
 --- modulename: s314809097, funcname: iterate_tokens
s314809097.py(26):             for word in line.split():
s314809097.py(25):         for line in sys.stdin:
s314809097.py(26):             for word in line.split():
s314809097.py(27):                 yield word
s314809097.py(32):     A = [ int(next(tokens)) for _ in range(Q) ]  # type: "List[int]"
 --- modulename: s314809097, funcname: iterate_tokens
s314809097.py(26):             for word in line.split():
s314809097.py(25):         for line in sys.stdin:
s314809097.py(26):             for word in line.split():
s314809097.py(27):                 yield word
s314809097.py(32):     A = [ int(next(tokens)) for _ in range(Q) ]  # type: "List[int]"
 --- modulename: s314809097, funcname: iterate_tokens
s314809097.py(26):             for word in line.split():
s314809097.py(25):         for line in sys.stdin:
s314809097.py(26):             for word in line.split():
s314809097.py(27):                 yield word
s314809097.py(32):     A = [ int(next(tokens)) for _ in range(Q) ]  # type: "List[int]"
s314809097.py(33):     solve(N, K, Q, A)
 --- modulename: s314809097, funcname: solve
s314809097.py(10):     ans = collections.defaultdict(int)
s314809097.py(11):     for a in A:
s314809097.py(12):         ans[a] += 1
s314809097.py(11):     for a in A:
s314809097.py(12):         ans[a] += 1
s314809097.py(11):     for a in A:
s314809097.py(12):         ans[a] += 1
s314809097.py(11):     for a in A:
s314809097.py(12):         ans[a] += 1
s314809097.py(11):     for a in A:
s314809097.py(14):     for i in range(1,N+1):
s314809097.py(15):         p = K - Q + ans[i]
s314809097.py(16):         if p > 0:
s314809097.py(19):             print(NO)
No
s314809097.py(14):     for i in range(1,N+1):
s314809097.py(15):         p = K - Q + ans[i]
s314809097.py(16):         if p > 0:
s314809097.py(19):             print(NO)
No
s314809097.py(14):     for i in range(1,N+1):
s314809097.py(15):         p = K - Q + ans[i]
s314809097.py(16):         if p > 0:
s314809097.py(17):             print(YES)
Yes
s314809097.py(14):     for i in range(1,N+1):
s314809097.py(15):         p = K - Q + ans[i]
s314809097.py(16):         if p > 0:
s314809097.py(19):             print(NO)
No
s314809097.py(14):     for i in range(1,N+1):
s314809097.py(15):         p = K - Q + ans[i]
s314809097.py(16):         if p > 0:
s314809097.py(19):             print(NO)
No
s314809097.py(14):     for i in range(1,N+1):
s314809097.py(15):         p = K - Q + ans[i]
s314809097.py(16):         if p > 0:
s314809097.py(19):             print(NO)
No
s314809097.py(14):     for i in range(1,N+1):
 --- modulename: s314809097, funcname: iterate_tokens
