 --- modulename: s315760370, funcname: <module>
s315760370.py(1): class LazySegmentTree():
 --- modulename: s315760370, funcname: LazySegmentTree
s315760370.py(1): class LazySegmentTree():
s315760370.py(2):     def __init__(self, op, e, mapping, composition, im, init_array):
s315760370.py(28):     def set(self, p, x):
s315760370.py(39):     def __getitem__(self, p):
s315760370.py(45):     def prod(self, l, r):
s315760370.py(73):     def apply(self, l, r, f):
s315760370.py(104):     def __update(self, k):
s315760370.py(107):     def __all_apply(self, k, f):
s315760370.py(112):     def __push(self, k):
s315760370.py(120): def op(x,y):
s315760370.py(124): def mapping(x, y):
s315760370.py(128): def composition(x,y):
s315760370.py(132): def im():
s315760370.py(136): def a():
s315760370.py(160): if __name__ == "__main__":
s315760370.py(161):     a()
 --- modulename: s315760370, funcname: a
s315760370.py(138):     import sys
s315760370.py(139):     input = sys.stdin.buffer.readline
s315760370.py(140):     N, Q = map(int, input().split())
s315760370.py(142):     def e():
s315760370.py(144):     ans = (N-2) * (N-2)
s315760370.py(145):     ssss = [N-2] * (N-1)
s315760370.py(146):     st = LazySegmentTree(op, e, mapping, composition, im,ssss)
 --- modulename: s315760370, funcname: __init__
s315760370.py(3):         self.op = op
s315760370.py(4):         self.e = e
s315760370.py(5):         self.mapping = mapping
s315760370.py(6):         self.composition = composition
s315760370.py(7):         self.im = im
s315760370.py(9):         l = len(init_array)
s315760370.py(11):         def ceil_pow2(n):
s315760370.py(17):         self.log = ceil_pow2(l)
 --- modulename: s315760370, funcname: ceil_pow2
s315760370.py(12):             x = 0
s315760370.py(13):             while (1 << x) < n:
s315760370.py(14):                 x += 1
s315760370.py(13):             while (1 << x) < n:
s315760370.py(14):                 x += 1
s315760370.py(13):             while (1 << x) < n:
s315760370.py(15):             return x
s315760370.py(18):         self.size = 1 << self.log
s315760370.py(19):         self.d = [e() for _ in range(2 * self.size)]
 --- modulename: s315760370, funcname: <listcomp>
s315760370.py(19):         self.d = [e() for _ in range(2 * self.size)]
 --- modulename: s315760370, funcname: e
s315760370.py(143):         return N - 2
s315760370.py(19):         self.d = [e() for _ in range(2 * self.size)]
 --- modulename: s315760370, funcname: e
s315760370.py(143):         return N - 2
s315760370.py(19):         self.d = [e() for _ in range(2 * self.size)]
 --- modulename: s315760370, funcname: e
s315760370.py(143):         return N - 2
s315760370.py(19):         self.d = [e() for _ in range(2 * self.size)]
 --- modulename: s315760370, funcname: e
s315760370.py(143):         return N - 2
s315760370.py(19):         self.d = [e() for _ in range(2 * self.size)]
 --- modulename: s315760370, funcname: e
s315760370.py(143):         return N - 2
s315760370.py(19):         self.d = [e() for _ in range(2 * self.size)]
 --- modulename: s315760370, funcname: e
s315760370.py(143):         return N - 2
s315760370.py(19):         self.d = [e() for _ in range(2 * self.size)]
 --- modulename: s315760370, funcname: e
s315760370.py(143):         return N - 2
s315760370.py(19):         self.d = [e() for _ in range(2 * self.size)]
 --- modulename: s315760370, funcname: e
s315760370.py(143):         return N - 2
s315760370.py(19):         self.d = [e() for _ in range(2 * self.size)]
s315760370.py(20):         self.lz = [im() for _ in range(self.size)]
 --- modulename: s315760370, funcname: <listcomp>
s315760370.py(20):         self.lz = [im() for _ in range(self.size)]
 --- modulename: s315760370, funcname: im
s315760370.py(133):     return 100000000000
s315760370.py(20):         self.lz = [im() for _ in range(self.size)]
 --- modulename: s315760370, funcname: im
s315760370.py(133):     return 100000000000
s315760370.py(20):         self.lz = [im() for _ in range(self.size)]
 --- modulename: s315760370, funcname: im
s315760370.py(133):     return 100000000000
s315760370.py(20):         self.lz = [im() for _ in range(self.size)]
 --- modulename: s315760370, funcname: im
s315760370.py(133):     return 100000000000
s315760370.py(20):         self.lz = [im() for _ in range(self.size)]
s315760370.py(22):         for i, a in enumerate(init_array):
s315760370.py(23):             self.d[i + self.size] = a
s315760370.py(22):         for i, a in enumerate(init_array):
s315760370.py(23):             self.d[i + self.size] = a
s315760370.py(22):         for i, a in enumerate(init_array):
s315760370.py(23):             self.d[i + self.size] = a
s315760370.py(22):         for i, a in enumerate(init_array):
s315760370.py(23):             self.d[i + self.size] = a
s315760370.py(22):         for i, a in enumerate(init_array):
s315760370.py(25):         for i in range(self.size - 1, 0, -1):
s315760370.py(26):             self.__update(i)
 --- modulename: s315760370, funcname: __update
s315760370.py(105):         self.d[k] = self.op(self.d[2 * k], self.d[2 * k + 1])
 --- modulename: s315760370, funcname: op
s315760370.py(121):     return x+y
s315760370.py(25):         for i in range(self.size - 1, 0, -1):
s315760370.py(26):             self.__update(i)
 --- modulename: s315760370, funcname: __update
s315760370.py(105):         self.d[k] = self.op(self.d[2 * k], self.d[2 * k + 1])
 --- modulename: s315760370, funcname: op
s315760370.py(121):     return x+y
s315760370.py(25):         for i in range(self.size - 1, 0, -1):
s315760370.py(26):             self.__update(i)
 --- modulename: s315760370, funcname: __update
s315760370.py(105):         self.d[k] = self.op(self.d[2 * k], self.d[2 * k + 1])
 --- modulename: s315760370, funcname: op
s315760370.py(121):     return x+y
s315760370.py(25):         for i in range(self.size - 1, 0, -1):
s315760370.py(147):     sa = LazySegmentTree(op, e, mapping, composition, im,ssss)
 --- modulename: s315760370, funcname: __init__
s315760370.py(3):         self.op = op
s315760370.py(4):         self.e = e
s315760370.py(5):         self.mapping = mapping
s315760370.py(6):         self.composition = composition
s315760370.py(7):         self.im = im
s315760370.py(9):         l = len(init_array)
s315760370.py(11):         def ceil_pow2(n):
s315760370.py(17):         self.log = ceil_pow2(l)
 --- modulename: s315760370, funcname: ceil_pow2
s315760370.py(12):             x = 0
s315760370.py(13):             while (1 << x) < n:
s315760370.py(14):                 x += 1
s315760370.py(13):             while (1 << x) < n:
s315760370.py(14):                 x += 1
s315760370.py(13):             while (1 << x) < n:
s315760370.py(15):             return x
s315760370.py(18):         self.size = 1 << self.log
s315760370.py(19):         self.d = [e() for _ in range(2 * self.size)]
 --- modulename: s315760370, funcname: <listcomp>
s315760370.py(19):         self.d = [e() for _ in range(2 * self.size)]
 --- modulename: s315760370, funcname: e
s315760370.py(143):         return N - 2
s315760370.py(19):         self.d = [e() for _ in range(2 * self.size)]
 --- modulename: s315760370, funcname: e
s315760370.py(143):         return N - 2
s315760370.py(19):         self.d = [e() for _ in range(2 * self.size)]
 --- modulename: s315760370, funcname: e
s315760370.py(143):         return N - 2
s315760370.py(19):         self.d = [e() for _ in range(2 * self.size)]
 --- modulename: s315760370, funcname: e
s315760370.py(143):         return N - 2
s315760370.py(19):         self.d = [e() for _ in range(2 * self.size)]
 --- modulename: s315760370, funcname: e
s315760370.py(143):         return N - 2
s315760370.py(19):         self.d = [e() for _ in range(2 * self.size)]
 --- modulename: s315760370, funcname: e
s315760370.py(143):         return N - 2
s315760370.py(19):         self.d = [e() for _ in range(2 * self.size)]
 --- modulename: s315760370, funcname: e
s315760370.py(143):         return N - 2
s315760370.py(19):         self.d = [e() for _ in range(2 * self.size)]
 --- modulename: s315760370, funcname: e
s315760370.py(143):         return N - 2
s315760370.py(19):         self.d = [e() for _ in range(2 * self.size)]
s315760370.py(20):         self.lz = [im() for _ in range(self.size)]
 --- modulename: s315760370, funcname: <listcomp>
s315760370.py(20):         self.lz = [im() for _ in range(self.size)]
 --- modulename: s315760370, funcname: im
s315760370.py(133):     return 100000000000
s315760370.py(20):         self.lz = [im() for _ in range(self.size)]
 --- modulename: s315760370, funcname: im
s315760370.py(133):     return 100000000000
s315760370.py(20):         self.lz = [im() for _ in range(self.size)]
 --- modulename: s315760370, funcname: im
s315760370.py(133):     return 100000000000
s315760370.py(20):         self.lz = [im() for _ in range(self.size)]
 --- modulename: s315760370, funcname: im
s315760370.py(133):     return 100000000000
s315760370.py(20):         self.lz = [im() for _ in range(self.size)]
s315760370.py(22):         for i, a in enumerate(init_array):
s315760370.py(23):             self.d[i + self.size] = a
s315760370.py(22):         for i, a in enumerate(init_array):
s315760370.py(23):             self.d[i + self.size] = a
s315760370.py(22):         for i, a in enumerate(init_array):
s315760370.py(23):             self.d[i + self.size] = a
s315760370.py(22):         for i, a in enumerate(init_array):
s315760370.py(23):             self.d[i + self.size] = a
s315760370.py(22):         for i, a in enumerate(init_array):
s315760370.py(25):         for i in range(self.size - 1, 0, -1):
s315760370.py(26):             self.__update(i)
 --- modulename: s315760370, funcname: __update
s315760370.py(105):         self.d[k] = self.op(self.d[2 * k], self.d[2 * k + 1])
 --- modulename: s315760370, funcname: op
s315760370.py(121):     return x+y
s315760370.py(25):         for i in range(self.size - 1, 0, -1):
s315760370.py(26):             self.__update(i)
 --- modulename: s315760370, funcname: __update
s315760370.py(105):         self.d[k] = self.op(self.d[2 * k], self.d[2 * k + 1])
 --- modulename: s315760370, funcname: op
s315760370.py(121):     return x+y
s315760370.py(25):         for i in range(self.size - 1, 0, -1):
s315760370.py(26):             self.__update(i)
 --- modulename: s315760370, funcname: __update
s315760370.py(105):         self.d[k] = self.op(self.d[2 * k], self.d[2 * k + 1])
 --- modulename: s315760370, funcname: op
s315760370.py(121):     return x+y
s315760370.py(25):         for i in range(self.size - 1, 0, -1):
s315760370.py(148):     for _ in range(Q):
s315760370.py(149):         t, l = map(int, input().split())
s315760370.py(150):         if t == 1:
s315760370.py(151):             t = st.__getitem__(l-1) + 1
 --- modulename: s315760370, funcname: __getitem__
s315760370.py(40):         p += self.size
s315760370.py(41):         for i in range(self.log, 0, -1):
s315760370.py(42):             self.__push(p >> i)
 --- modulename: s315760370, funcname: __push
s315760370.py(113):         self.__all_apply(2 * k, self.lz[k])
 --- modulename: s315760370, funcname: __all_apply
s315760370.py(108):         self.d[k] = self.mapping(f, self.d[k])
 --- modulename: s315760370, funcname: mapping
s315760370.py(125):     return min(x, y)
s315760370.py(109):         if k < self.size:
s315760370.py(110):             self.lz[k] = self.composition(f, self.lz[k])
 --- modulename: s315760370, funcname: composition
s315760370.py(129):     return min(x, y)
s315760370.py(114):         self.__all_apply(2 * k + 1, self.lz[k])
 --- modulename: s315760370, funcname: __all_apply
s315760370.py(108):         self.d[k] = self.mapping(f, self.d[k])
 --- modulename: s315760370, funcname: mapping
s315760370.py(125):     return min(x, y)
s315760370.py(109):         if k < self.size:
s315760370.py(110):             self.lz[k] = self.composition(f, self.lz[k])
 --- modulename: s315760370, funcname: composition
s315760370.py(129):     return min(x, y)
s315760370.py(115):         self.lz[k] = self.im()
 --- modulename: s315760370, funcname: im
s315760370.py(133):     return 100000000000
s315760370.py(41):         for i in range(self.log, 0, -1):
s315760370.py(42):             self.__push(p >> i)
 --- modulename: s315760370, funcname: __push
s315760370.py(113):         self.__all_apply(2 * k, self.lz[k])
 --- modulename: s315760370, funcname: __all_apply
s315760370.py(108):         self.d[k] = self.mapping(f, self.d[k])
 --- modulename: s315760370, funcname: mapping
s315760370.py(125):     return min(x, y)
s315760370.py(109):         if k < self.size:
s315760370.py(114):         self.__all_apply(2 * k + 1, self.lz[k])
 --- modulename: s315760370, funcname: __all_apply
s315760370.py(108):         self.d[k] = self.mapping(f, self.d[k])
 --- modulename: s315760370, funcname: mapping
s315760370.py(125):     return min(x, y)
s315760370.py(109):         if k < self.size:
s315760370.py(115):         self.lz[k] = self.im()
 --- modulename: s315760370, funcname: im
s315760370.py(133):     return 100000000000
s315760370.py(41):         for i in range(self.log, 0, -1):
s315760370.py(43):         return self.d[p]
s315760370.py(152):             sa.apply(1, t, l-2)
 --- modulename: s315760370, funcname: apply
s315760370.py(74):         if l == r:
s315760370.py(77):         l += self.size
s315760370.py(78):         r += self.size
s315760370.py(80):         for i in range(self.log, 0, -1):
s315760370.py(81):             if ((l >> i) << i) != l:
s315760370.py(82):                 self.__push(l >> i)
 --- modulename: s315760370, funcname: __push
s315760370.py(113):         self.__all_apply(2 * k, self.lz[k])
 --- modulename: s315760370, funcname: __all_apply
s315760370.py(108):         self.d[k] = self.mapping(f, self.d[k])
 --- modulename: s315760370, funcname: mapping
s315760370.py(125):     return min(x, y)
s315760370.py(109):         if k < self.size:
s315760370.py(110):             self.lz[k] = self.composition(f, self.lz[k])
 --- modulename: s315760370, funcname: composition
s315760370.py(129):     return min(x, y)
s315760370.py(114):         self.__all_apply(2 * k + 1, self.lz[k])
 --- modulename: s315760370, funcname: __all_apply
s315760370.py(108):         self.d[k] = self.mapping(f, self.d[k])
 --- modulename: s315760370, funcname: mapping
s315760370.py(125):     return min(x, y)
s315760370.py(109):         if k < self.size:
s315760370.py(110):             self.lz[k] = self.composition(f, self.lz[k])
 --- modulename: s315760370, funcname: composition
s315760370.py(129):     return min(x, y)
s315760370.py(115):         self.lz[k] = self.im()
 --- modulename: s315760370, funcname: im
s315760370.py(133):     return 100000000000
s315760370.py(83):             if ((r >> i) << i) != r:
s315760370.py(80):         for i in range(self.log, 0, -1):
s315760370.py(81):             if ((l >> i) << i) != l:
s315760370.py(82):                 self.__push(l >> i)
 --- modulename: s315760370, funcname: __push
s315760370.py(113):         self.__all_apply(2 * k, self.lz[k])
 --- modulename: s315760370, funcname: __all_apply
s315760370.py(108):         self.d[k] = self.mapping(f, self.d[k])
 --- modulename: s315760370, funcname: mapping
s315760370.py(125):     return min(x, y)
s315760370.py(109):         if k < self.size:
s315760370.py(114):         self.__all_apply(2 * k + 1, self.lz[k])
 --- modulename: s315760370, funcname: __all_apply
s315760370.py(108):         self.d[k] = self.mapping(f, self.d[k])
 --- modulename: s315760370, funcname: mapping
s315760370.py(125):     return min(x, y)
s315760370.py(109):         if k < self.size:
s315760370.py(115):         self.lz[k] = self.im()
 --- modulename: s315760370, funcname: im
s315760370.py(133):     return 100000000000
s315760370.py(83):             if ((r >> i) << i) != r:
s315760370.py(80):         for i in range(self.log, 0, -1):
s315760370.py(86):         l2, r2 = l, r
s315760370.py(87):         while l < r:
s315760370.py(88):             if l & 1:
s315760370.py(89):                 self.__all_apply(l, f)
 --- modulename: s315760370, funcname: __all_apply
s315760370.py(108):         self.d[k] = self.mapping(f, self.d[k])
 --- modulename: s315760370, funcname: mapping
s315760370.py(125):     return min(x, y)
s315760370.py(109):         if k < self.size:
s315760370.py(90):                 l += 1
s315760370.py(91):             if r & 1:
s315760370.py(94):             l >>= 1
s315760370.py(95):             r >>= 1
s315760370.py(87):         while l < r:
s315760370.py(88):             if l & 1:
s315760370.py(89):                 self.__all_apply(l, f)
 --- modulename: s315760370, funcname: __all_apply
s315760370.py(108):         self.d[k] = self.mapping(f, self.d[k])
 --- modulename: s315760370, funcname: mapping
s315760370.py(125):     return min(x, y)
s315760370.py(109):         if k < self.size:
s315760370.py(110):             self.lz[k] = self.composition(f, self.lz[k])
 --- modulename: s315760370, funcname: composition
s315760370.py(129):     return min(x, y)
s315760370.py(90):                 l += 1
s315760370.py(91):             if r & 1:
s315760370.py(94):             l >>= 1
s315760370.py(95):             r >>= 1
s315760370.py(87):         while l < r:
s315760370.py(96):         l, r = l2, r2
s315760370.py(98):         for i in range(1, self.log + 1):
s315760370.py(99):             if ((l >> i) << i) != l:
s315760370.py(100):                 self.__update(l >> i)
 --- modulename: s315760370, funcname: __update
s315760370.py(105):         self.d[k] = self.op(self.d[2 * k], self.d[2 * k + 1])
 --- modulename: s315760370, funcname: op
s315760370.py(121):     return x+y
s315760370.py(101):             if ((r >> i) << i) != r:
s315760370.py(98):         for i in range(1, self.log + 1):
s315760370.py(99):             if ((l >> i) << i) != l:
s315760370.py(100):                 self.__update(l >> i)
 --- modulename: s315760370, funcname: __update
s315760370.py(105):         self.d[k] = self.op(self.d[2 * k], self.d[2 * k + 1])
 --- modulename: s315760370, funcname: op
s315760370.py(121):     return x+y
s315760370.py(101):             if ((r >> i) << i) != r:
s315760370.py(98):         for i in range(1, self.log + 1):
s315760370.py(153):             ans -= t-1
s315760370.py(148):     for _ in range(Q):
s315760370.py(149):         t, l = map(int, input().split())
s315760370.py(150):         if t == 1:
s315760370.py(155):             t = sa.__getitem__(l-1) + 1
 --- modulename: s315760370, funcname: __getitem__
s315760370.py(40):         p += self.size
s315760370.py(41):         for i in range(self.log, 0, -1):
s315760370.py(42):             self.__push(p >> i)
 --- modulename: s315760370, funcname: __push
s315760370.py(113):         self.__all_apply(2 * k, self.lz[k])
 --- modulename: s315760370, funcname: __all_apply
s315760370.py(108):         self.d[k] = self.mapping(f, self.d[k])
 --- modulename: s315760370, funcname: mapping
s315760370.py(125):     return min(x, y)
s315760370.py(109):         if k < self.size:
s315760370.py(110):             self.lz[k] = self.composition(f, self.lz[k])
 --- modulename: s315760370, funcname: composition
s315760370.py(129):     return min(x, y)
s315760370.py(114):         self.__all_apply(2 * k + 1, self.lz[k])
 --- modulename: s315760370, funcname: __all_apply
s315760370.py(108):         self.d[k] = self.mapping(f, self.d[k])
 --- modulename: s315760370, funcname: mapping
s315760370.py(125):     return min(x, y)
s315760370.py(109):         if k < self.size:
s315760370.py(110):             self.lz[k] = self.composition(f, self.lz[k])
 --- modulename: s315760370, funcname: composition
s315760370.py(129):     return min(x, y)
s315760370.py(115):         self.lz[k] = self.im()
 --- modulename: s315760370, funcname: im
s315760370.py(133):     return 100000000000
s315760370.py(41):         for i in range(self.log, 0, -1):
s315760370.py(42):             self.__push(p >> i)
 --- modulename: s315760370, funcname: __push
s315760370.py(113):         self.__all_apply(2 * k, self.lz[k])
 --- modulename: s315760370, funcname: __all_apply
s315760370.py(108):         self.d[k] = self.mapping(f, self.d[k])
 --- modulename: s315760370, funcname: mapping
s315760370.py(125):     return min(x, y)
s315760370.py(109):         if k < self.size:
s315760370.py(114):         self.__all_apply(2 * k + 1, self.lz[k])
 --- modulename: s315760370, funcname: __all_apply
s315760370.py(108):         self.d[k] = self.mapping(f, self.d[k])
 --- modulename: s315760370, funcname: mapping
s315760370.py(125):     return min(x, y)
s315760370.py(109):         if k < self.size:
s315760370.py(115):         self.lz[k] = self.im()
 --- modulename: s315760370, funcname: im
s315760370.py(133):     return 100000000000
s315760370.py(41):         for i in range(self.log, 0, -1):
s315760370.py(43):         return self.d[p]
s315760370.py(156):             st.apply(1, t, l-2)
 --- modulename: s315760370, funcname: apply
s315760370.py(74):         if l == r:
s315760370.py(77):         l += self.size
s315760370.py(78):         r += self.size
s315760370.py(80):         for i in range(self.log, 0, -1):
s315760370.py(81):             if ((l >> i) << i) != l:
s315760370.py(82):                 self.__push(l >> i)
 --- modulename: s315760370, funcname: __push
s315760370.py(113):         self.__all_apply(2 * k, self.lz[k])
 --- modulename: s315760370, funcname: __all_apply
s315760370.py(108):         self.d[k] = self.mapping(f, self.d[k])
 --- modulename: s315760370, funcname: mapping
s315760370.py(125):     return min(x, y)
s315760370.py(109):         if k < self.size:
s315760370.py(110):             self.lz[k] = self.composition(f, self.lz[k])
 --- modulename: s315760370, funcname: composition
s315760370.py(129):     return min(x, y)
s315760370.py(114):         self.__all_apply(2 * k + 1, self.lz[k])
 --- modulename: s315760370, funcname: __all_apply
s315760370.py(108):         self.d[k] = self.mapping(f, self.d[k])
 --- modulename: s315760370, funcname: mapping
s315760370.py(125):     return min(x, y)
s315760370.py(109):         if k < self.size:
s315760370.py(110):             self.lz[k] = self.composition(f, self.lz[k])
 --- modulename: s315760370, funcname: composition
s315760370.py(129):     return min(x, y)
s315760370.py(115):         self.lz[k] = self.im()
 --- modulename: s315760370, funcname: im
s315760370.py(133):     return 100000000000
s315760370.py(83):             if ((r >> i) << i) != r:
s315760370.py(84):                 self.__push((r - 1) >> i)
 --- modulename: s315760370, funcname: __push
s315760370.py(113):         self.__all_apply(2 * k, self.lz[k])
 --- modulename: s315760370, funcname: __all_apply
s315760370.py(108):         self.d[k] = self.mapping(f, self.d[k])
 --- modulename: s315760370, funcname: mapping
s315760370.py(125):     return min(x, y)
s315760370.py(109):         if k < self.size:
s315760370.py(110):             self.lz[k] = self.composition(f, self.lz[k])
 --- modulename: s315760370, funcname: composition
s315760370.py(129):     return min(x, y)
s315760370.py(114):         self.__all_apply(2 * k + 1, self.lz[k])
 --- modulename: s315760370, funcname: __all_apply
s315760370.py(108):         self.d[k] = self.mapping(f, self.d[k])
 --- modulename: s315760370, funcname: mapping
s315760370.py(125):     return min(x, y)
s315760370.py(109):         if k < self.size:
s315760370.py(110):             self.lz[k] = self.composition(f, self.lz[k])
 --- modulename: s315760370, funcname: composition
s315760370.py(129):     return min(x, y)
s315760370.py(115):         self.lz[k] = self.im()
 --- modulename: s315760370, funcname: im
s315760370.py(133):     return 100000000000
s315760370.py(80):         for i in range(self.log, 0, -1):
s315760370.py(81):             if ((l >> i) << i) != l:
s315760370.py(82):                 self.__push(l >> i)
 --- modulename: s315760370, funcname: __push
s315760370.py(113):         self.__all_apply(2 * k, self.lz[k])
 --- modulename: s315760370, funcname: __all_apply
s315760370.py(108):         self.d[k] = self.mapping(f, self.d[k])
 --- modulename: s315760370, funcname: mapping
s315760370.py(125):     return min(x, y)
s315760370.py(109):         if k < self.size:
s315760370.py(114):         self.__all_apply(2 * k + 1, self.lz[k])
 --- modulename: s315760370, funcname: __all_apply
s315760370.py(108):         self.d[k] = self.mapping(f, self.d[k])
 --- modulename: s315760370, funcname: mapping
s315760370.py(125):     return min(x, y)
s315760370.py(109):         if k < self.size:
s315760370.py(115):         self.lz[k] = self.im()
 --- modulename: s315760370, funcname: im
s315760370.py(133):     return 100000000000
s315760370.py(83):             if ((r >> i) << i) != r:
s315760370.py(80):         for i in range(self.log, 0, -1):
s315760370.py(86):         l2, r2 = l, r
s315760370.py(87):         while l < r:
s315760370.py(88):             if l & 1:
s315760370.py(89):                 self.__all_apply(l, f)
 --- modulename: s315760370, funcname: __all_apply
s315760370.py(108):         self.d[k] = self.mapping(f, self.d[k])
 --- modulename: s315760370, funcname: mapping
s315760370.py(125):     return min(x, y)
s315760370.py(109):         if k < self.size:
s315760370.py(90):                 l += 1
s315760370.py(91):             if r & 1:
s315760370.py(94):             l >>= 1
s315760370.py(95):             r >>= 1
s315760370.py(87):         while l < r:
s315760370.py(96):         l, r = l2, r2
s315760370.py(98):         for i in range(1, self.log + 1):
s315760370.py(99):             if ((l >> i) << i) != l:
s315760370.py(100):                 self.__update(l >> i)
 --- modulename: s315760370, funcname: __update
s315760370.py(105):         self.d[k] = self.op(self.d[2 * k], self.d[2 * k + 1])
 --- modulename: s315760370, funcname: op
s315760370.py(121):     return x+y
s315760370.py(101):             if ((r >> i) << i) != r:
s315760370.py(98):         for i in range(1, self.log + 1):
s315760370.py(99):             if ((l >> i) << i) != l:
s315760370.py(100):                 self.__update(l >> i)
 --- modulename: s315760370, funcname: __update
s315760370.py(105):         self.d[k] = self.op(self.d[2 * k], self.d[2 * k + 1])
 --- modulename: s315760370, funcname: op
s315760370.py(121):     return x+y
s315760370.py(101):             if ((r >> i) << i) != r:
s315760370.py(102):                 self.__update((r - 1) >> i)
 --- modulename: s315760370, funcname: __update
s315760370.py(105):         self.d[k] = self.op(self.d[2 * k], self.d[2 * k + 1])
 --- modulename: s315760370, funcname: op
s315760370.py(121):     return x+y
s315760370.py(98):         for i in range(1, self.log + 1):
s315760370.py(157):             ans -= t-1
s315760370.py(148):     for _ in range(Q):
s315760370.py(149):         t, l = map(int, input().split())
s315760370.py(150):         if t == 1:
s315760370.py(151):             t = st.__getitem__(l-1) + 1
 --- modulename: s315760370, funcname: __getitem__
s315760370.py(40):         p += self.size
s315760370.py(41):         for i in range(self.log, 0, -1):
s315760370.py(42):             self.__push(p >> i)
 --- modulename: s315760370, funcname: __push
s315760370.py(113):         self.__all_apply(2 * k, self.lz[k])
 --- modulename: s315760370, funcname: __all_apply
s315760370.py(108):         self.d[k] = self.mapping(f, self.d[k])
 --- modulename: s315760370, funcname: mapping
s315760370.py(125):     return min(x, y)
s315760370.py(109):         if k < self.size:
s315760370.py(110):             self.lz[k] = self.composition(f, self.lz[k])
 --- modulename: s315760370, funcname: composition
s315760370.py(129):     return min(x, y)
s315760370.py(114):         self.__all_apply(2 * k + 1, self.lz[k])
 --- modulename: s315760370, funcname: __all_apply
s315760370.py(108):         self.d[k] = self.mapping(f, self.d[k])
 --- modulename: s315760370, funcname: mapping
s315760370.py(125):     return min(x, y)
s315760370.py(109):         if k < self.size:
s315760370.py(110):             self.lz[k] = self.composition(f, self.lz[k])
 --- modulename: s315760370, funcname: composition
s315760370.py(129):     return min(x, y)
s315760370.py(115):         self.lz[k] = self.im()
 --- modulename: s315760370, funcname: im
s315760370.py(133):     return 100000000000
s315760370.py(41):         for i in range(self.log, 0, -1):
s315760370.py(42):             self.__push(p >> i)
 --- modulename: s315760370, funcname: __push
s315760370.py(113):         self.__all_apply(2 * k, self.lz[k])
 --- modulename: s315760370, funcname: __all_apply
s315760370.py(108):         self.d[k] = self.mapping(f, self.d[k])
 --- modulename: s315760370, funcname: mapping
s315760370.py(125):     return min(x, y)
s315760370.py(109):         if k < self.size:
s315760370.py(114):         self.__all_apply(2 * k + 1, self.lz[k])
 --- modulename: s315760370, funcname: __all_apply
s315760370.py(108):         self.d[k] = self.mapping(f, self.d[k])
 --- modulename: s315760370, funcname: mapping
s315760370.py(125):     return min(x, y)
s315760370.py(109):         if k < self.size:
s315760370.py(115):         self.lz[k] = self.im()
 --- modulename: s315760370, funcname: im
s315760370.py(133):     return 100000000000
s315760370.py(41):         for i in range(self.log, 0, -1):
s315760370.py(43):         return self.d[p]
s315760370.py(152):             sa.apply(1, t, l-2)
 --- modulename: s315760370, funcname: apply
s315760370.py(74):         if l == r:
s315760370.py(77):         l += self.size
s315760370.py(78):         r += self.size
s315760370.py(80):         for i in range(self.log, 0, -1):
s315760370.py(81):             if ((l >> i) << i) != l:
s315760370.py(82):                 self.__push(l >> i)
 --- modulename: s315760370, funcname: __push
s315760370.py(113):         self.__all_apply(2 * k, self.lz[k])
 --- modulename: s315760370, funcname: __all_apply
s315760370.py(108):         self.d[k] = self.mapping(f, self.d[k])
 --- modulename: s315760370, funcname: mapping
s315760370.py(125):     return min(x, y)
s315760370.py(109):         if k < self.size:
s315760370.py(110):             self.lz[k] = self.composition(f, self.lz[k])
 --- modulename: s315760370, funcname: composition
s315760370.py(129):     return min(x, y)
s315760370.py(114):         self.__all_apply(2 * k + 1, self.lz[k])
 --- modulename: s315760370, funcname: __all_apply
s315760370.py(108):         self.d[k] = self.mapping(f, self.d[k])
 --- modulename: s315760370, funcname: mapping
s315760370.py(125):     return min(x, y)
s315760370.py(109):         if k < self.size:
s315760370.py(110):             self.lz[k] = self.composition(f, self.lz[k])
 --- modulename: s315760370, funcname: composition
s315760370.py(129):     return min(x, y)
s315760370.py(115):         self.lz[k] = self.im()
 --- modulename: s315760370, funcname: im
s315760370.py(133):     return 100000000000
s315760370.py(83):             if ((r >> i) << i) != r:
s315760370.py(80):         for i in range(self.log, 0, -1):
s315760370.py(81):             if ((l >> i) << i) != l:
s315760370.py(82):                 self.__push(l >> i)
 --- modulename: s315760370, funcname: __push
s315760370.py(113):         self.__all_apply(2 * k, self.lz[k])
 --- modulename: s315760370, funcname: __all_apply
s315760370.py(108):         self.d[k] = self.mapping(f, self.d[k])
 --- modulename: s315760370, funcname: mapping
s315760370.py(125):     return min(x, y)
s315760370.py(109):         if k < self.size:
s315760370.py(114):         self.__all_apply(2 * k + 1, self.lz[k])
 --- modulename: s315760370, funcname: __all_apply
s315760370.py(108):         self.d[k] = self.mapping(f, self.d[k])
 --- modulename: s315760370, funcname: mapping
s315760370.py(125):     return min(x, y)
s315760370.py(109):         if k < self.size:
s315760370.py(115):         self.lz[k] = self.im()
 --- modulename: s315760370, funcname: im
s315760370.py(133):     return 100000000000
s315760370.py(83):             if ((r >> i) << i) != r:
s315760370.py(80):         for i in range(self.log, 0, -1):
s315760370.py(86):         l2, r2 = l, r
s315760370.py(87):         while l < r:
s315760370.py(88):             if l & 1:
s315760370.py(89):                 self.__all_apply(l, f)
 --- modulename: s315760370, funcname: __all_apply
s315760370.py(108):         self.d[k] = self.mapping(f, self.d[k])
 --- modulename: s315760370, funcname: mapping
s315760370.py(125):     return min(x, y)
s315760370.py(109):         if k < self.size:
s315760370.py(90):                 l += 1
s315760370.py(91):             if r & 1:
s315760370.py(94):             l >>= 1
s315760370.py(95):             r >>= 1
s315760370.py(87):         while l < r:
s315760370.py(88):             if l & 1:
s315760370.py(89):                 self.__all_apply(l, f)
 --- modulename: s315760370, funcname: __all_apply
s315760370.py(108):         self.d[k] = self.mapping(f, self.d[k])
 --- modulename: s315760370, funcname: mapping
s315760370.py(125):     return min(x, y)
s315760370.py(109):         if k < self.size:
s315760370.py(110):             self.lz[k] = self.composition(f, self.lz[k])
 --- modulename: s315760370, funcname: composition
s315760370.py(129):     return min(x, y)
s315760370.py(90):                 l += 1
s315760370.py(91):             if r & 1:
s315760370.py(94):             l >>= 1
s315760370.py(95):             r >>= 1
s315760370.py(87):         while l < r:
s315760370.py(96):         l, r = l2, r2
s315760370.py(98):         for i in range(1, self.log + 1):
s315760370.py(99):             if ((l >> i) << i) != l:
s315760370.py(100):                 self.__update(l >> i)
 --- modulename: s315760370, funcname: __update
s315760370.py(105):         self.d[k] = self.op(self.d[2 * k], self.d[2 * k + 1])
 --- modulename: s315760370, funcname: op
s315760370.py(121):     return x+y
s315760370.py(101):             if ((r >> i) << i) != r:
s315760370.py(98):         for i in range(1, self.log + 1):
s315760370.py(99):             if ((l >> i) << i) != l:
s315760370.py(100):                 self.__update(l >> i)
 --- modulename: s315760370, funcname: __update
s315760370.py(105):         self.d[k] = self.op(self.d[2 * k], self.d[2 * k + 1])
 --- modulename: s315760370, funcname: op
s315760370.py(121):     return x+y
s315760370.py(101):             if ((r >> i) << i) != r:
s315760370.py(98):         for i in range(1, self.log + 1):
s315760370.py(153):             ans -= t-1
s315760370.py(148):     for _ in range(Q):
s315760370.py(149):         t, l = map(int, input().split())
s315760370.py(150):         if t == 1:
s315760370.py(155):             t = sa.__getitem__(l-1) + 1
 --- modulename: s315760370, funcname: __getitem__
s315760370.py(40):         p += self.size
s315760370.py(41):         for i in range(self.log, 0, -1):
s315760370.py(42):             self.__push(p >> i)
 --- modulename: s315760370, funcname: __push
s315760370.py(113):         self.__all_apply(2 * k, self.lz[k])
 --- modulename: s315760370, funcname: __all_apply
s315760370.py(108):         self.d[k] = self.mapping(f, self.d[k])
 --- modulename: s315760370, funcname: mapping
s315760370.py(125):     return min(x, y)
s315760370.py(109):         if k < self.size:
s315760370.py(110):             self.lz[k] = self.composition(f, self.lz[k])
 --- modulename: s315760370, funcname: composition
s315760370.py(129):     return min(x, y)
s315760370.py(114):         self.__all_apply(2 * k + 1, self.lz[k])
 --- modulename: s315760370, funcname: __all_apply
s315760370.py(108):         self.d[k] = self.mapping(f, self.d[k])
 --- modulename: s315760370, funcname: mapping
s315760370.py(125):     return min(x, y)
s315760370.py(109):         if k < self.size:
s315760370.py(110):             self.lz[k] = self.composition(f, self.lz[k])
 --- modulename: s315760370, funcname: composition
s315760370.py(129):     return min(x, y)
s315760370.py(115):         self.lz[k] = self.im()
 --- modulename: s315760370, funcname: im
s315760370.py(133):     return 100000000000
s315760370.py(41):         for i in range(self.log, 0, -1):
s315760370.py(42):             self.__push(p >> i)
 --- modulename: s315760370, funcname: __push
s315760370.py(113):         self.__all_apply(2 * k, self.lz[k])
 --- modulename: s315760370, funcname: __all_apply
s315760370.py(108):         self.d[k] = self.mapping(f, self.d[k])
 --- modulename: s315760370, funcname: mapping
s315760370.py(125):     return min(x, y)
s315760370.py(109):         if k < self.size:
s315760370.py(114):         self.__all_apply(2 * k + 1, self.lz[k])
 --- modulename: s315760370, funcname: __all_apply
s315760370.py(108):         self.d[k] = self.mapping(f, self.d[k])
 --- modulename: s315760370, funcname: mapping
s315760370.py(125):     return min(x, y)
s315760370.py(109):         if k < self.size:
s315760370.py(115):         self.lz[k] = self.im()
 --- modulename: s315760370, funcname: im
s315760370.py(133):     return 100000000000
s315760370.py(41):         for i in range(self.log, 0, -1):
s315760370.py(43):         return self.d[p]
s315760370.py(156):             st.apply(1, t, l-2)
 --- modulename: s315760370, funcname: apply
s315760370.py(74):         if l == r:
s315760370.py(77):         l += self.size
s315760370.py(78):         r += self.size
s315760370.py(80):         for i in range(self.log, 0, -1):
s315760370.py(81):             if ((l >> i) << i) != l:
s315760370.py(82):                 self.__push(l >> i)
 --- modulename: s315760370, funcname: __push
s315760370.py(113):         self.__all_apply(2 * k, self.lz[k])
 --- modulename: s315760370, funcname: __all_apply
s315760370.py(108):         self.d[k] = self.mapping(f, self.d[k])
 --- modulename: s315760370, funcname: mapping
s315760370.py(125):     return min(x, y)
s315760370.py(109):         if k < self.size:
s315760370.py(110):             self.lz[k] = self.composition(f, self.lz[k])
 --- modulename: s315760370, funcname: composition
s315760370.py(129):     return min(x, y)
s315760370.py(114):         self.__all_apply(2 * k + 1, self.lz[k])
 --- modulename: s315760370, funcname: __all_apply
s315760370.py(108):         self.d[k] = self.mapping(f, self.d[k])
 --- modulename: s315760370, funcname: mapping
s315760370.py(125):     return min(x, y)
s315760370.py(109):         if k < self.size:
s315760370.py(110):             self.lz[k] = self.composition(f, self.lz[k])
 --- modulename: s315760370, funcname: composition
s315760370.py(129):     return min(x, y)
s315760370.py(115):         self.lz[k] = self.im()
 --- modulename: s315760370, funcname: im
s315760370.py(133):     return 100000000000
s315760370.py(83):             if ((r >> i) << i) != r:
s315760370.py(84):                 self.__push((r - 1) >> i)
 --- modulename: s315760370, funcname: __push
s315760370.py(113):         self.__all_apply(2 * k, self.lz[k])
 --- modulename: s315760370, funcname: __all_apply
s315760370.py(108):         self.d[k] = self.mapping(f, self.d[k])
 --- modulename: s315760370, funcname: mapping
s315760370.py(125):     return min(x, y)
s315760370.py(109):         if k < self.size:
s315760370.py(110):             self.lz[k] = self.composition(f, self.lz[k])
 --- modulename: s315760370, funcname: composition
s315760370.py(129):     return min(x, y)
s315760370.py(114):         self.__all_apply(2 * k + 1, self.lz[k])
 --- modulename: s315760370, funcname: __all_apply
s315760370.py(108):         self.d[k] = self.mapping(f, self.d[k])
 --- modulename: s315760370, funcname: mapping
s315760370.py(125):     return min(x, y)
s315760370.py(109):         if k < self.size:
s315760370.py(110):             self.lz[k] = self.composition(f, self.lz[k])
 --- modulename: s315760370, funcname: composition
s315760370.py(129):     return min(x, y)
s315760370.py(115):         self.lz[k] = self.im()
 --- modulename: s315760370, funcname: im
s315760370.py(133):     return 100000000000
s315760370.py(80):         for i in range(self.log, 0, -1):
s315760370.py(81):             if ((l >> i) << i) != l:
s315760370.py(82):                 self.__push(l >> i)
 --- modulename: s315760370, funcname: __push
s315760370.py(113):         self.__all_apply(2 * k, self.lz[k])
 --- modulename: s315760370, funcname: __all_apply
s315760370.py(108):         self.d[k] = self.mapping(f, self.d[k])
 --- modulename: s315760370, funcname: mapping
s315760370.py(125):     return min(x, y)
s315760370.py(109):         if k < self.size:
s315760370.py(114):         self.__all_apply(2 * k + 1, self.lz[k])
 --- modulename: s315760370, funcname: __all_apply
s315760370.py(108):         self.d[k] = self.mapping(f, self.d[k])
 --- modulename: s315760370, funcname: mapping
s315760370.py(125):     return min(x, y)
s315760370.py(109):         if k < self.size:
s315760370.py(115):         self.lz[k] = self.im()
 --- modulename: s315760370, funcname: im
s315760370.py(133):     return 100000000000
s315760370.py(83):             if ((r >> i) << i) != r:
s315760370.py(80):         for i in range(self.log, 0, -1):
s315760370.py(86):         l2, r2 = l, r
s315760370.py(87):         while l < r:
s315760370.py(88):             if l & 1:
s315760370.py(89):                 self.__all_apply(l, f)
 --- modulename: s315760370, funcname: __all_apply
s315760370.py(108):         self.d[k] = self.mapping(f, self.d[k])
 --- modulename: s315760370, funcname: mapping
s315760370.py(125):     return min(x, y)
s315760370.py(109):         if k < self.size:
s315760370.py(90):                 l += 1
s315760370.py(91):             if r & 1:
s315760370.py(94):             l >>= 1
s315760370.py(95):             r >>= 1
s315760370.py(87):         while l < r:
s315760370.py(96):         l, r = l2, r2
s315760370.py(98):         for i in range(1, self.log + 1):
s315760370.py(99):             if ((l >> i) << i) != l:
s315760370.py(100):                 self.__update(l >> i)
 --- modulename: s315760370, funcname: __update
s315760370.py(105):         self.d[k] = self.op(self.d[2 * k], self.d[2 * k + 1])
 --- modulename: s315760370, funcname: op
s315760370.py(121):     return x+y
s315760370.py(101):             if ((r >> i) << i) != r:
s315760370.py(98):         for i in range(1, self.log + 1):
s315760370.py(99):             if ((l >> i) << i) != l:
s315760370.py(100):                 self.__update(l >> i)
 --- modulename: s315760370, funcname: __update
s315760370.py(105):         self.d[k] = self.op(self.d[2 * k], self.d[2 * k + 1])
 --- modulename: s315760370, funcname: op
s315760370.py(121):     return x+y
s315760370.py(101):             if ((r >> i) << i) != r:
s315760370.py(102):                 self.__update((r - 1) >> i)
 --- modulename: s315760370, funcname: __update
s315760370.py(105):         self.d[k] = self.op(self.d[2 * k], self.d[2 * k + 1])
 --- modulename: s315760370, funcname: op
s315760370.py(121):     return x+y
s315760370.py(98):         for i in range(1, self.log + 1):
s315760370.py(157):             ans -= t-1
s315760370.py(148):     for _ in range(Q):
s315760370.py(149):         t, l = map(int, input().split())
s315760370.py(150):         if t == 1:
s315760370.py(151):             t = st.__getitem__(l-1) + 1
 --- modulename: s315760370, funcname: __getitem__
s315760370.py(40):         p += self.size
s315760370.py(41):         for i in range(self.log, 0, -1):
s315760370.py(42):             self.__push(p >> i)
 --- modulename: s315760370, funcname: __push
s315760370.py(113):         self.__all_apply(2 * k, self.lz[k])
 --- modulename: s315760370, funcname: __all_apply
s315760370.py(108):         self.d[k] = self.mapping(f, self.d[k])
 --- modulename: s315760370, funcname: mapping
s315760370.py(125):     return min(x, y)
s315760370.py(109):         if k < self.size:
s315760370.py(110):             self.lz[k] = self.composition(f, self.lz[k])
 --- modulename: s315760370, funcname: composition
s315760370.py(129):     return min(x, y)
s315760370.py(114):         self.__all_apply(2 * k + 1, self.lz[k])
 --- modulename: s315760370, funcname: __all_apply
s315760370.py(108):         self.d[k] = self.mapping(f, self.d[k])
 --- modulename: s315760370, funcname: mapping
s315760370.py(125):     return min(x, y)
s315760370.py(109):         if k < self.size:
s315760370.py(110):             self.lz[k] = self.composition(f, self.lz[k])
 --- modulename: s315760370, funcname: composition
s315760370.py(129):     return min(x, y)
s315760370.py(115):         self.lz[k] = self.im()
 --- modulename: s315760370, funcname: im
s315760370.py(133):     return 100000000000
s315760370.py(41):         for i in range(self.log, 0, -1):
s315760370.py(42):             self.__push(p >> i)
 --- modulename: s315760370, funcname: __push
s315760370.py(113):         self.__all_apply(2 * k, self.lz[k])
 --- modulename: s315760370, funcname: __all_apply
s315760370.py(108):         self.d[k] = self.mapping(f, self.d[k])
 --- modulename: s315760370, funcname: mapping
s315760370.py(125):     return min(x, y)
s315760370.py(109):         if k < self.size:
s315760370.py(114):         self.__all_apply(2 * k + 1, self.lz[k])
 --- modulename: s315760370, funcname: __all_apply
s315760370.py(108):         self.d[k] = self.mapping(f, self.d[k])
 --- modulename: s315760370, funcname: mapping
s315760370.py(125):     return min(x, y)
s315760370.py(109):         if k < self.size:
s315760370.py(115):         self.lz[k] = self.im()
 --- modulename: s315760370, funcname: im
s315760370.py(133):     return 100000000000
s315760370.py(41):         for i in range(self.log, 0, -1):
s315760370.py(43):         return self.d[p]
s315760370.py(152):             sa.apply(1, t, l-2)
 --- modulename: s315760370, funcname: apply
s315760370.py(74):         if l == r:
s315760370.py(75):             return
s315760370.py(153):             ans -= t-1
s315760370.py(148):     for _ in range(Q):
s315760370.py(158):     print(ans)
1
