 --- modulename: s843208214, funcname: <module>
s843208214.py(2): """
s843208214.py(7): import sys
s843208214.py(8): readline = sys.stdin.buffer.readline
s843208214.py(9): def even(n): return 1 if n%2==0 else 0
s843208214.py(11): n = int(readline())
s843208214.py(12): g = [[float("inf")]*n for i in range(n)]
 --- modulename: s843208214, funcname: <listcomp>
s843208214.py(12): g = [[float("inf")]*n for i in range(n)]
s843208214.py(12): g = [[float("inf")]*n for i in range(n)]
s843208214.py(12): g = [[float("inf")]*n for i in range(n)]
s843208214.py(13): g2 = [[] for i in range(n)] #g[i]:点iに隣接している点のリスト
 --- modulename: s843208214, funcname: <listcomp>
s843208214.py(13): g2 = [[] for i in range(n)] #g[i]:点iに隣接している点のリスト
s843208214.py(13): g2 = [[] for i in range(n)] #g[i]:点iに隣接している点のリスト
s843208214.py(13): g2 = [[] for i in range(n)] #g[i]:点iに隣接している点のリスト
s843208214.py(14): for i in range(n):
s843208214.py(15):     s = readline().rstrip().decode('utf-8')
s843208214.py(16):     for j in range(n):
s843208214.py(17):         if s[j] == "1":
s843208214.py(16):     for j in range(n):
s843208214.py(17):         if s[j] == "1":
s843208214.py(18):             g[i][j] = 1
s843208214.py(19):             g2[i].append(j)
s843208214.py(20):             g2[j].append(i)
s843208214.py(16):     for j in range(n):
s843208214.py(14): for i in range(n):
s843208214.py(15):     s = readline().rstrip().decode('utf-8')
s843208214.py(16):     for j in range(n):
s843208214.py(17):         if s[j] == "1":
s843208214.py(18):             g[i][j] = 1
s843208214.py(19):             g2[i].append(j)
s843208214.py(20):             g2[j].append(i)
s843208214.py(16):     for j in range(n):
s843208214.py(17):         if s[j] == "1":
s843208214.py(16):     for j in range(n):
s843208214.py(14): for i in range(n):
s843208214.py(21): for i in range(n):
s843208214.py(22):     g[i][i] = 0 #自分自身への距離は0とする
s843208214.py(21): for i in range(n):
s843208214.py(22):     g[i][i] = 0 #自分自身への距離は0とする
s843208214.py(21): for i in range(n):
s843208214.py(24): def warshall_floyd(d): #隣接行列を入れる
s843208214.py(32): FW = warshall_floyd(g)
 --- modulename: s843208214, funcname: warshall_floyd
s843208214.py(26):     for k in range(n):
s843208214.py(27):         for i in range(n):
s843208214.py(28):             for j in range(n):
s843208214.py(29):                 d[i][j] = min(d[i][j],d[i][k] + d[k][j])
s843208214.py(28):             for j in range(n):
s843208214.py(29):                 d[i][j] = min(d[i][j],d[i][k] + d[k][j])
s843208214.py(28):             for j in range(n):
s843208214.py(27):         for i in range(n):
s843208214.py(28):             for j in range(n):
s843208214.py(29):                 d[i][j] = min(d[i][j],d[i][k] + d[k][j])
s843208214.py(28):             for j in range(n):
s843208214.py(29):                 d[i][j] = min(d[i][j],d[i][k] + d[k][j])
s843208214.py(28):             for j in range(n):
s843208214.py(27):         for i in range(n):
s843208214.py(26):     for k in range(n):
s843208214.py(27):         for i in range(n):
s843208214.py(28):             for j in range(n):
s843208214.py(29):                 d[i][j] = min(d[i][j],d[i][k] + d[k][j])
s843208214.py(28):             for j in range(n):
s843208214.py(29):                 d[i][j] = min(d[i][j],d[i][k] + d[k][j])
s843208214.py(28):             for j in range(n):
s843208214.py(27):         for i in range(n):
s843208214.py(28):             for j in range(n):
s843208214.py(29):                 d[i][j] = min(d[i][j],d[i][k] + d[k][j])
s843208214.py(28):             for j in range(n):
s843208214.py(29):                 d[i][j] = min(d[i][j],d[i][k] + d[k][j])
s843208214.py(28):             for j in range(n):
s843208214.py(27):         for i in range(n):
s843208214.py(26):     for k in range(n):
s843208214.py(30):     return d
s843208214.py(34): color = [0] * n #color[i]:点iの色(1 or -1)。但し塗られていないときは0とする
s843208214.py(36): def f(v,c,g):
s843208214.py(47): k = 1 #判定　1ならYes -1ならNo
s843208214.py(48): for i in range(n):
s843208214.py(49):     if color[i] == 0:
s843208214.py(50):         if not f(i,1,g2):
 --- modulename: s843208214, funcname: f
s843208214.py(38):     color[v] = c
s843208214.py(39):     for i in range(len(g[v])):
s843208214.py(40):         if color[ g[v][i] ] == c:
s843208214.py(42):         elif color[ g[v][i] ] == 0 and not f(g[v][i],-c,g2):
 --- modulename: s843208214, funcname: f
s843208214.py(38):     color[v] = c
s843208214.py(39):     for i in range(len(g[v])):
s843208214.py(40):         if color[ g[v][i] ] == c:
s843208214.py(42):         elif color[ g[v][i] ] == 0 and not f(g[v][i],-c,g2):
s843208214.py(39):     for i in range(len(g[v])):
s843208214.py(40):         if color[ g[v][i] ] == c:
s843208214.py(42):         elif color[ g[v][i] ] == 0 and not f(g[v][i],-c,g2):
s843208214.py(39):     for i in range(len(g[v])):
s843208214.py(45):     return True
s843208214.py(39):     for i in range(len(g[v])):
s843208214.py(40):         if color[ g[v][i] ] == c:
s843208214.py(42):         elif color[ g[v][i] ] == 0 and not f(g[v][i],-c,g2):
s843208214.py(39):     for i in range(len(g[v])):
s843208214.py(45):     return True
s843208214.py(48): for i in range(n):
s843208214.py(49):     if color[i] == 0:
s843208214.py(48): for i in range(n):
s843208214.py(53): if k != 1:
s843208214.py(56):     ans = 0
s843208214.py(57):     for i in FW:
s843208214.py(58):         for j in i:
s843208214.py(59):             if j != float("inf"):
s843208214.py(60):                 ans = max(ans,j)
s843208214.py(58):         for j in i:
s843208214.py(59):             if j != float("inf"):
s843208214.py(60):                 ans = max(ans,j)
s843208214.py(58):         for j in i:
s843208214.py(57):     for i in FW:
s843208214.py(58):         for j in i:
s843208214.py(59):             if j != float("inf"):
s843208214.py(60):                 ans = max(ans,j)
s843208214.py(58):         for j in i:
s843208214.py(59):             if j != float("inf"):
s843208214.py(60):                 ans = max(ans,j)
s843208214.py(58):         for j in i:
s843208214.py(57):     for i in FW:
s843208214.py(61):     print(ans+1)
2
