 --- modulename: s843881922, funcname: <module>
s843881922.py(1): import sys
s843881922.py(2): sys.setrecursionlimit(10**8)
s843881922.py(3): def ii(): return int(sys.stdin.readline())
s843881922.py(4): def mi(): return map(int, sys.stdin.readline().split())
s843881922.py(5): def li(): return list(map(int, sys.stdin.readline().split()))
s843881922.py(6): def li2(N): return [list(map(int, sys.stdin.readline().split())) for _ in range(N)]
s843881922.py(7): def dp2(ini, i, j): return [[ini]*i for _ in range(j)]
s843881922.py(8): def dp3(ini, i, j, k): return [[[ini]*i for _ in range(j)] for _ in range(k)]
s843881922.py(13): N, K = mi()
 --- modulename: s843881922, funcname: mi
s843881922.py(4): def mi(): return map(int, sys.stdin.readline().split())
 --- modulename: codecs, funcname: getstate
codecs.py(333):         return (self.buffer, 0)
 --- modulename: codecs, funcname: decode
codecs.py(321):         data = self.buffer + input
codecs.py(322):         (result, consumed) = self._buffer_decode(data, self.errors, final)
codecs.py(324):         self.buffer = data[consumed:]
codecs.py(325):         return result
s843881922.py(14): S = input()
s843881922.py(15): inds = [[0, 0]]
s843881922.py(17): flag = 0
s843881922.py(18): s = 0
s843881922.py(19): for i in range(N):
s843881922.py(20):     if S[i] == '0':
s843881922.py(21):         if not flag:
s843881922.py(22):             flag = 1
s843881922.py(23):             inds.append([s, i-1])
s843881922.py(19): for i in range(N):
s843881922.py(20):     if S[i] == '0':
s843881922.py(21):         if not flag:
s843881922.py(19): for i in range(N):
s843881922.py(20):     if S[i] == '0':
s843881922.py(21):         if not flag:
s843881922.py(19): for i in range(N):
s843881922.py(20):     if S[i] == '0':
s843881922.py(25):         if flag:
s843881922.py(26):             s = i
s843881922.py(27):         flag = 0
s843881922.py(19): for i in range(N):
s843881922.py(20):     if S[i] == '0':
s843881922.py(21):         if not flag:
s843881922.py(22):             flag = 1
s843881922.py(23):             inds.append([s, i-1])
s843881922.py(19): for i in range(N):
s843881922.py(28): if flag:
s843881922.py(29):     inds.append([N-1, N-1])
s843881922.py(30): if not flag:
s843881922.py(33): l_inds = len(inds)
s843881922.py(34): wa = 0
s843881922.py(35): if K >= l_inds-1:
s843881922.py(38): for i in range(l_inds-K):
s843881922.py(39):     wa = max(inds[i+K][1] - inds[i][0] + 1, wa)
s843881922.py(38): for i in range(l_inds-K):
s843881922.py(39):     wa = max(inds[i+K][1] - inds[i][0] + 1, wa)
s843881922.py(38): for i in range(l_inds-K):
s843881922.py(39):     wa = max(inds[i+K][1] - inds[i][0] + 1, wa)
s843881922.py(38): for i in range(l_inds-K):
s843881922.py(41): print(wa)
4
