 --- modulename: s845400742, funcname: <module>
s845400742.py(1): N,A,B = map(int,input().split())
 --- modulename: codecs, funcname: getstate
codecs.py(333):         return (self.buffer, 0)
 --- modulename: codecs, funcname: decode
codecs.py(321):         data = self.buffer + input
codecs.py(322):         (result, consumed) = self._buffer_decode(data, self.errors, final)
codecs.py(324):         self.buffer = data[consumed:]
codecs.py(325):         return result
s845400742.py(2): def power_func(a,n,p=10**9+7):
s845400742.py(11): def combination(n, r, mod=10**9+7):
s845400742.py(17): def modinv(a, mod=10**9+7):
s845400742.py(19): def egcd(a, b):
s845400742.py(26): ans = power_func(2,N) - 1
 --- modulename: s845400742, funcname: power_func
s845400742.py(3):     bi=str(format(n,"b"))#2進表現に
s845400742.py(4):     res=1
s845400742.py(5):     for i in range(len(bi)):
s845400742.py(6):         res=(res*res) %p
s845400742.py(7):         if bi[i]=="1":
s845400742.py(8):             res=(res*a) %p
s845400742.py(5):     for i in range(len(bi)):
s845400742.py(6):         res=(res*res) %p
s845400742.py(7):         if bi[i]=="1":
s845400742.py(5):     for i in range(len(bi)):
s845400742.py(6):         res=(res*res) %p
s845400742.py(7):         if bi[i]=="1":
s845400742.py(5):     for i in range(len(bi)):
s845400742.py(9):     return res
s845400742.py(27): ans = ans if ans >= 0 else ans + 10 ** 9 + 7
s845400742.py(28): ans = ans - combination(N,A)
 --- modulename: s845400742, funcname: combination
s845400742.py(12):     r = min(r, n-r)
s845400742.py(13):     res = 1
s845400742.py(14):     for i in range(r):
s845400742.py(15):         res = res * (n - i) * modinv(i+1, mod) % mod
 --- modulename: s845400742, funcname: modinv
s845400742.py(18):     return pow(a, mod-2, mod)
s845400742.py(14):     for i in range(r):
s845400742.py(16):     return res
s845400742.py(29): ans = ans if ans >= 0 else ans + 10 ** 9 + 7
s845400742.py(30): ans = ans - combination(N,B)
 --- modulename: s845400742, funcname: combination
s845400742.py(12):     r = min(r, n-r)
s845400742.py(13):     res = 1
s845400742.py(14):     for i in range(r):
s845400742.py(15):         res = res * (n - i) * modinv(i+1, mod) % mod
 --- modulename: s845400742, funcname: modinv
s845400742.py(18):     return pow(a, mod-2, mod)
s845400742.py(14):     for i in range(r):
s845400742.py(16):     return res
s845400742.py(31): ans = ans if ans >= 0 else ans + 10 ** 9 + 7
s845400742.py(32): print(ans)
7
