 --- modulename: s849744429, funcname: <module>
s849744429.py(1): import sys
s849744429.py(2): sys.setrecursionlimit(10 ** 7)
s849744429.py(4): class UnionFind():
 --- modulename: s849744429, funcname: UnionFind
s849744429.py(4): class UnionFind():
s849744429.py(5):     def __init__(self, n):
s849744429.py(8):     def find(self, x):
s849744429.py(14):     def union(self, x, y):
s849744429.py(23):     def size(self, x):
s849744429.py(25):     def same(self, x, y):
s849744429.py(27):     def members(self, x):
s849744429.py(30):     def roots(self):
s849744429.py(32):     def group_count(self):
s849744429.py(34):     def all_group_members(self):
s849744429.py(36):     def __str__(self):
s849744429.py(39): def main():
s849744429.py(116): if __name__ == "__main__":
s849744429.py(117):     main()
 --- modulename: s849744429, funcname: main
s849744429.py(40):     n, k = map(int, input().split())
 --- modulename: codecs, funcname: getstate
codecs.py(333):         return (self.buffer, 0)
 --- modulename: codecs, funcname: decode
codecs.py(321):         data = self.buffer + input
codecs.py(322):         (result, consumed) = self._buffer_decode(data, self.errors, final)
codecs.py(324):         self.buffer = data[consumed:]
codecs.py(325):         return result
s849744429.py(41):     p = list(map(int, input().split()))
s849744429.py(42):     c = list(map(int, input().split()))
s849744429.py(43):     uf = UnionFind(n)
 --- modulename: s849744429, funcname: __init__
s849744429.py(6):         self.n = n
s849744429.py(7):         self.parents = [-1] * n
s849744429.py(44):     for i in range(n):
s849744429.py(45):         uf.union(i, p[i]-1)
 --- modulename: s849744429, funcname: union
s849744429.py(15):         x = self.find(x)
 --- modulename: s849744429, funcname: find
s849744429.py(9):         if self.parents[x] < 0:
s849744429.py(10):             return x
s849744429.py(16):         y = self.find(y)
 --- modulename: s849744429, funcname: find
s849744429.py(9):         if self.parents[x] < 0:
s849744429.py(10):             return x
s849744429.py(17):         if x == y:
s849744429.py(19):         if self.parents[x] > self.parents[y]:
s849744429.py(21):         self.parents[x] += self.parents[y]
s849744429.py(22):         self.parents[y] = x
s849744429.py(44):     for i in range(n):
s849744429.py(45):         uf.union(i, p[i]-1)
 --- modulename: s849744429, funcname: union
s849744429.py(15):         x = self.find(x)
 --- modulename: s849744429, funcname: find
s849744429.py(9):         if self.parents[x] < 0:
s849744429.py(12):             self.parents[x] = self.find(self.parents[x])
 --- modulename: s849744429, funcname: find
s849744429.py(9):         if self.parents[x] < 0:
s849744429.py(10):             return x
s849744429.py(13):             return self.parents[x]
s849744429.py(16):         y = self.find(y)
 --- modulename: s849744429, funcname: find
s849744429.py(9):         if self.parents[x] < 0:
s849744429.py(10):             return x
s849744429.py(17):         if x == y:
s849744429.py(19):         if self.parents[x] > self.parents[y]:
s849744429.py(21):         self.parents[x] += self.parents[y]
s849744429.py(22):         self.parents[y] = x
s849744429.py(44):     for i in range(n):
s849744429.py(45):         uf.union(i, p[i]-1)
 --- modulename: s849744429, funcname: union
s849744429.py(15):         x = self.find(x)
 --- modulename: s849744429, funcname: find
s849744429.py(9):         if self.parents[x] < 0:
s849744429.py(10):             return x
s849744429.py(16):         y = self.find(y)
 --- modulename: s849744429, funcname: find
s849744429.py(9):         if self.parents[x] < 0:
s849744429.py(10):             return x
s849744429.py(17):         if x == y:
s849744429.py(19):         if self.parents[x] > self.parents[y]:
s849744429.py(21):         self.parents[x] += self.parents[y]
s849744429.py(22):         self.parents[y] = x
s849744429.py(44):     for i in range(n):
s849744429.py(45):         uf.union(i, p[i]-1)
 --- modulename: s849744429, funcname: union
s849744429.py(15):         x = self.find(x)
 --- modulename: s849744429, funcname: find
s849744429.py(9):         if self.parents[x] < 0:
s849744429.py(12):             self.parents[x] = self.find(self.parents[x])
 --- modulename: s849744429, funcname: find
s849744429.py(9):         if self.parents[x] < 0:
s849744429.py(10):             return x
s849744429.py(13):             return self.parents[x]
s849744429.py(16):         y = self.find(y)
 --- modulename: s849744429, funcname: find
s849744429.py(9):         if self.parents[x] < 0:
s849744429.py(10):             return x
s849744429.py(17):         if x == y:
s849744429.py(18):             return
s849744429.py(44):     for i in range(n):
s849744429.py(45):         uf.union(i, p[i]-1)
 --- modulename: s849744429, funcname: union
s849744429.py(15):         x = self.find(x)
 --- modulename: s849744429, funcname: find
s849744429.py(9):         if self.parents[x] < 0:
s849744429.py(12):             self.parents[x] = self.find(self.parents[x])
 --- modulename: s849744429, funcname: find
s849744429.py(9):         if self.parents[x] < 0:
s849744429.py(10):             return x
s849744429.py(13):             return self.parents[x]
s849744429.py(16):         y = self.find(y)
 --- modulename: s849744429, funcname: find
s849744429.py(9):         if self.parents[x] < 0:
s849744429.py(10):             return x
s849744429.py(17):         if x == y:
s849744429.py(18):             return
s849744429.py(44):     for i in range(n):
s849744429.py(46):     G = [[] for _ in range(uf.group_count())]
 --- modulename: s849744429, funcname: group_count
s849744429.py(33):         return len(self.roots())
 --- modulename: s849744429, funcname: roots
s849744429.py(31):         return [i for i, x in enumerate(self.parents) if x < 0]
 --- modulename: s849744429, funcname: <listcomp>
s849744429.py(31):         return [i for i, x in enumerate(self.parents) if x < 0]
s849744429.py(31):         return [i for i, x in enumerate(self.parents) if x < 0]
s849744429.py(31):         return [i for i, x in enumerate(self.parents) if x < 0]
s849744429.py(31):         return [i for i, x in enumerate(self.parents) if x < 0]
s849744429.py(31):         return [i for i, x in enumerate(self.parents) if x < 0]
s849744429.py(31):         return [i for i, x in enumerate(self.parents) if x < 0]
 --- modulename: s849744429, funcname: <listcomp>
s849744429.py(46):     G = [[] for _ in range(uf.group_count())]
s849744429.py(46):     G = [[] for _ in range(uf.group_count())]
s849744429.py(46):     G = [[] for _ in range(uf.group_count())]
s849744429.py(47):     idx = 0
s849744429.py(48):     st = set()
s849744429.py(49):     for i in range(n):
s849744429.py(50):         if not i in st:
s849744429.py(51):             x = i
s849744429.py(52):             while not x in st:
s849744429.py(53):                 G[idx].append(c[x])
s849744429.py(54):                 st.add(x)
s849744429.py(55):                 x = p[x] - 1
s849744429.py(52):             while not x in st:
s849744429.py(53):                 G[idx].append(c[x])
s849744429.py(54):                 st.add(x)
s849744429.py(55):                 x = p[x] - 1
s849744429.py(52):             while not x in st:
s849744429.py(53):                 G[idx].append(c[x])
s849744429.py(54):                 st.add(x)
s849744429.py(55):                 x = p[x] - 1
s849744429.py(52):             while not x in st:
s849744429.py(56):             idx += 1
s849744429.py(49):     for i in range(n):
s849744429.py(50):         if not i in st:
s849744429.py(49):     for i in range(n):
s849744429.py(50):         if not i in st:
s849744429.py(51):             x = i
s849744429.py(52):             while not x in st:
s849744429.py(53):                 G[idx].append(c[x])
s849744429.py(54):                 st.add(x)
s849744429.py(55):                 x = p[x] - 1
s849744429.py(52):             while not x in st:
s849744429.py(53):                 G[idx].append(c[x])
s849744429.py(54):                 st.add(x)
s849744429.py(55):                 x = p[x] - 1
s849744429.py(52):             while not x in st:
s849744429.py(56):             idx += 1
s849744429.py(49):     for i in range(n):
s849744429.py(50):         if not i in st:
s849744429.py(49):     for i in range(n):
s849744429.py(50):         if not i in st:
s849744429.py(49):     for i in range(n):
s849744429.py(57):     ans = max(c) #1回動かした時の最大
s849744429.py(58):     for i in range(len(G)):
s849744429.py(59):         sum_g = sum(G[i])
s849744429.py(60):         tmp_k = k
s849744429.py(61):         if sum_g > 0:
s849744429.py(101):             if tmp_k > len(G[i]):
s849744429.py(103):             csum = [0]
s849744429.py(104):             for v in G[i]:
s849744429.py(105):                 csum.append(v)
s849744429.py(104):             for v in G[i]:
s849744429.py(105):                 csum.append(v)
s849744429.py(104):             for v in G[i]:
s849744429.py(105):                 csum.append(v)
s849744429.py(104):             for v in G[i]:
s849744429.py(106):             for v in G[i]:
s849744429.py(107):                 csum.append(v)
s849744429.py(106):             for v in G[i]:
s849744429.py(107):                 csum.append(v)
s849744429.py(106):             for v in G[i]:
s849744429.py(107):                 csum.append(v)
s849744429.py(106):             for v in G[i]:
s849744429.py(108):             for j in range(len(csum)-1):
s849744429.py(109):                 csum[j+1] += csum[j]
s849744429.py(108):             for j in range(len(csum)-1):
s849744429.py(109):                 csum[j+1] += csum[j]
s849744429.py(108):             for j in range(len(csum)-1):
s849744429.py(109):                 csum[j+1] += csum[j]
s849744429.py(108):             for j in range(len(csum)-1):
s849744429.py(109):                 csum[j+1] += csum[j]
s849744429.py(108):             for j in range(len(csum)-1):
s849744429.py(109):                 csum[j+1] += csum[j]
s849744429.py(108):             for j in range(len(csum)-1):
s849744429.py(109):                 csum[j+1] += csum[j]
s849744429.py(108):             for j in range(len(csum)-1):
s849744429.py(110):             for j in range(len(G[i])):
s849744429.py(111):                 for l in range(1, tmp_k+1):
s849744429.py(112):                     if ans < csum[j+l] - csum[j]:
s849744429.py(111):                 for l in range(1, tmp_k+1):
s849744429.py(112):                     if ans < csum[j+l] - csum[j]:
s849744429.py(111):                 for l in range(1, tmp_k+1):
s849744429.py(110):             for j in range(len(G[i])):
s849744429.py(111):                 for l in range(1, tmp_k+1):
s849744429.py(112):                     if ans < csum[j+l] - csum[j]:
s849744429.py(111):                 for l in range(1, tmp_k+1):
s849744429.py(112):                     if ans < csum[j+l] - csum[j]:
s849744429.py(111):                 for l in range(1, tmp_k+1):
s849744429.py(110):             for j in range(len(G[i])):
s849744429.py(111):                 for l in range(1, tmp_k+1):
s849744429.py(112):                     if ans < csum[j+l] - csum[j]:
s849744429.py(111):                 for l in range(1, tmp_k+1):
s849744429.py(112):                     if ans < csum[j+l] - csum[j]:
s849744429.py(111):                 for l in range(1, tmp_k+1):
s849744429.py(110):             for j in range(len(G[i])):
s849744429.py(58):     for i in range(len(G)):
s849744429.py(59):         sum_g = sum(G[i])
s849744429.py(60):         tmp_k = k
s849744429.py(61):         if sum_g > 0:
s849744429.py(101):             if tmp_k > len(G[i]):
s849744429.py(103):             csum = [0]
s849744429.py(104):             for v in G[i]:
s849744429.py(105):                 csum.append(v)
s849744429.py(104):             for v in G[i]:
s849744429.py(105):                 csum.append(v)
s849744429.py(104):             for v in G[i]:
s849744429.py(106):             for v in G[i]:
s849744429.py(107):                 csum.append(v)
s849744429.py(106):             for v in G[i]:
s849744429.py(107):                 csum.append(v)
s849744429.py(106):             for v in G[i]:
s849744429.py(108):             for j in range(len(csum)-1):
s849744429.py(109):                 csum[j+1] += csum[j]
s849744429.py(108):             for j in range(len(csum)-1):
s849744429.py(109):                 csum[j+1] += csum[j]
s849744429.py(108):             for j in range(len(csum)-1):
s849744429.py(109):                 csum[j+1] += csum[j]
s849744429.py(108):             for j in range(len(csum)-1):
s849744429.py(109):                 csum[j+1] += csum[j]
s849744429.py(108):             for j in range(len(csum)-1):
s849744429.py(110):             for j in range(len(G[i])):
s849744429.py(111):                 for l in range(1, tmp_k+1):
s849744429.py(112):                     if ans < csum[j+l] - csum[j]:
s849744429.py(111):                 for l in range(1, tmp_k+1):
s849744429.py(112):                     if ans < csum[j+l] - csum[j]:
s849744429.py(111):                 for l in range(1, tmp_k+1):
s849744429.py(110):             for j in range(len(G[i])):
s849744429.py(111):                 for l in range(1, tmp_k+1):
s849744429.py(112):                     if ans < csum[j+l] - csum[j]:
s849744429.py(111):                 for l in range(1, tmp_k+1):
s849744429.py(112):                     if ans < csum[j+l] - csum[j]:
s849744429.py(111):                 for l in range(1, tmp_k+1):
s849744429.py(110):             for j in range(len(G[i])):
s849744429.py(58):     for i in range(len(G)):
s849744429.py(114):     print(ans)
8
