 --- modulename: s851905586, funcname: <module>
s851905586.py(2): import sys
s851905586.py(5): def solve(K: int, N: int, A: "List[int]"):
s851905586.py(15): def main():
s851905586.py(26): if __name__ == '__main__':
s851905586.py(27):     main()
 --- modulename: s851905586, funcname: main
s851905586.py(16):     def iterate_tokens():
s851905586.py(20):     tokens = iterate_tokens()
s851905586.py(21):     K = int(next(tokens))  # type: int
 --- modulename: s851905586, funcname: iterate_tokens
s851905586.py(17):         for line in sys.stdin:
 --- modulename: codecs, funcname: decode
codecs.py(321):         data = self.buffer + input
codecs.py(322):         (result, consumed) = self._buffer_decode(data, self.errors, final)
codecs.py(324):         self.buffer = data[consumed:]
codecs.py(325):         return result
s851905586.py(18):             for word in line.split():
s851905586.py(19):                 yield word
s851905586.py(22):     N = int(next(tokens))  # type: int
 --- modulename: s851905586, funcname: iterate_tokens
s851905586.py(18):             for word in line.split():
s851905586.py(19):                 yield word
s851905586.py(23):     A = [int(next(tokens)) for _ in range(N)]  # type: "List[int]"
 --- modulename: s851905586, funcname: <listcomp>
s851905586.py(23):     A = [int(next(tokens)) for _ in range(N)]  # type: "List[int]"
 --- modulename: s851905586, funcname: iterate_tokens
s851905586.py(18):             for word in line.split():
s851905586.py(17):         for line in sys.stdin:
s851905586.py(18):             for word in line.split():
s851905586.py(19):                 yield word
s851905586.py(23):     A = [int(next(tokens)) for _ in range(N)]  # type: "List[int]"
 --- modulename: s851905586, funcname: iterate_tokens
s851905586.py(18):             for word in line.split():
s851905586.py(19):                 yield word
s851905586.py(23):     A = [int(next(tokens)) for _ in range(N)]  # type: "List[int]"
 --- modulename: s851905586, funcname: iterate_tokens
s851905586.py(18):             for word in line.split():
s851905586.py(19):                 yield word
s851905586.py(23):     A = [int(next(tokens)) for _ in range(N)]  # type: "List[int]"
s851905586.py(24):     solve(K, N, A)
 --- modulename: s851905586, funcname: solve
s851905586.py(6):     D = []
s851905586.py(7):     for i in range(1,len(A)):
s851905586.py(8):         D.append(abs(A[i]-A[i-1]))
s851905586.py(7):     for i in range(1,len(A)):
s851905586.py(8):         D.append(abs(A[i]-A[i-1]))
s851905586.py(7):     for i in range(1,len(A)):
s851905586.py(9):     D.append(A[0]+K-A[-1])
s851905586.py(10):     print(sum(D)-max(D))
10
s851905586.py(11):     return
 --- modulename: s851905586, funcname: iterate_tokens
