 --- modulename: s774036518, funcname: <module>
s774036518.py(1): import collections,itertools,sys
s774036518.py(2): def S(): return sys.stdin.readline().rstrip()
s774036518.py(3): def LI(): return list(map(int,sys.stdin.readline().rstrip().split()))
s774036518.py(4): H,W = LI()
 --- modulename: s774036518, funcname: LI
s774036518.py(3): def LI(): return list(map(int,sys.stdin.readline().rstrip().split()))
 --- modulename: codecs, funcname: getstate
codecs.py(333):         return (self.buffer, 0)
 --- modulename: codecs, funcname: decode
codecs.py(321):         data = self.buffer + input
codecs.py(322):         (result, consumed) = self._buffer_decode(data, self.errors, final)
codecs.py(324):         self.buffer = data[consumed:]
codecs.py(325):         return result
s774036518.py(5): s = [S() for _ in range(H)]
 --- modulename: s774036518, funcname: <listcomp>
s774036518.py(5): s = [S() for _ in range(H)]
 --- modulename: s774036518, funcname: S
s774036518.py(2): def S(): return sys.stdin.readline().rstrip()
s774036518.py(5): s = [S() for _ in range(H)]
 --- modulename: s774036518, funcname: S
s774036518.py(2): def S(): return sys.stdin.readline().rstrip()
s774036518.py(5): s = [S() for _ in range(H)]
 --- modulename: s774036518, funcname: S
s774036518.py(2): def S(): return sys.stdin.readline().rstrip()
s774036518.py(5): s = [S() for _ in range(H)]
s774036518.py(6): black_count = 0
s774036518.py(7): for i,j in itertools.product(range(H),range(W)):
s774036518.py(8):     if s[i][j]=='#':
s774036518.py(7): for i,j in itertools.product(range(H),range(W)):
s774036518.py(8):     if s[i][j]=='#':
s774036518.py(7): for i,j in itertools.product(range(H),range(W)):
s774036518.py(8):     if s[i][j]=='#':
s774036518.py(9):         black_count += 1
s774036518.py(7): for i,j in itertools.product(range(H),range(W)):
s774036518.py(8):     if s[i][j]=='#':
s774036518.py(9):         black_count += 1
s774036518.py(7): for i,j in itertools.product(range(H),range(W)):
s774036518.py(8):     if s[i][j]=='#':
s774036518.py(7): for i,j in itertools.product(range(H),range(W)):
s774036518.py(8):     if s[i][j]=='#':
s774036518.py(7): for i,j in itertools.product(range(H),range(W)):
s774036518.py(8):     if s[i][j]=='#':
s774036518.py(7): for i,j in itertools.product(range(H),range(W)):
s774036518.py(8):     if s[i][j]=='#':
s774036518.py(7): for i,j in itertools.product(range(H),range(W)):
s774036518.py(8):     if s[i][j]=='#':
s774036518.py(7): for i,j in itertools.product(range(H),range(W)):
s774036518.py(10): dhdw = [[-1,0],[1,0],[0,-1],[0,1]]
s774036518.py(11): min_dist = [[-1]*W for _ in range(H)]
 --- modulename: s774036518, funcname: <listcomp>
s774036518.py(11): min_dist = [[-1]*W for _ in range(H)]
s774036518.py(11): min_dist = [[-1]*W for _ in range(H)]
s774036518.py(11): min_dist = [[-1]*W for _ in range(H)]
s774036518.py(11): min_dist = [[-1]*W for _ in range(H)]
s774036518.py(12): seen = [[0]*W for _ in range(H)]
 --- modulename: s774036518, funcname: <listcomp>
s774036518.py(12): seen = [[0]*W for _ in range(H)]
s774036518.py(12): seen = [[0]*W for _ in range(H)]
s774036518.py(12): seen = [[0]*W for _ in range(H)]
s774036518.py(12): seen = [[0]*W for _ in range(H)]
s774036518.py(13): queue = collections.deque() #位置[行,列]を入れておく
s774036518.py(14): def bfs():
s774036518.py(31): min_dist = bfs()
 --- modulename: s774036518, funcname: bfs
s774036518.py(15):     seen[0][0] = 1
s774036518.py(16):     queue.append([0,0])
s774036518.py(17):     min_dist[0][0] = 1
s774036518.py(18):     while queue:
s774036518.py(19):         qh,qw = queue.popleft()
s774036518.py(20):         for dh,dw in dhdw:
s774036518.py(21):             nh,nw = qh+dh,qw+dw
s774036518.py(22):             if not(0<=nh<=H-1) or not(0<=nw<=W-1) or seen[nh][nw] or s[nh][nw]=='#':
s774036518.py(20):         for dh,dw in dhdw:
s774036518.py(21):             nh,nw = qh+dh,qw+dw
s774036518.py(22):             if not(0<=nh<=H-1) or not(0<=nw<=W-1) or seen[nh][nw] or s[nh][nw]=='#':
s774036518.py(23):                 continue
s774036518.py(20):         for dh,dw in dhdw:
s774036518.py(21):             nh,nw = qh+dh,qw+dw
s774036518.py(22):             if not(0<=nh<=H-1) or not(0<=nw<=W-1) or seen[nh][nw] or s[nh][nw]=='#':
s774036518.py(20):         for dh,dw in dhdw:
s774036518.py(21):             nh,nw = qh+dh,qw+dw
s774036518.py(22):             if not(0<=nh<=H-1) or not(0<=nw<=W-1) or seen[nh][nw] or s[nh][nw]=='#':
s774036518.py(24):             if [nh,nw]==[H-1,W-1]:
s774036518.py(26):             seen[nh][nw] = 1
s774036518.py(27):             queue.append([nh,nw])
s774036518.py(28):             min_dist[nh][nw] = min_dist[qh][qw]+1
s774036518.py(20):         for dh,dw in dhdw:
s774036518.py(18):     while queue:
s774036518.py(19):         qh,qw = queue.popleft()
s774036518.py(20):         for dh,dw in dhdw:
s774036518.py(21):             nh,nw = qh+dh,qw+dw
s774036518.py(22):             if not(0<=nh<=H-1) or not(0<=nw<=W-1) or seen[nh][nw] or s[nh][nw]=='#':
s774036518.py(20):         for dh,dw in dhdw:
s774036518.py(21):             nh,nw = qh+dh,qw+dw
s774036518.py(22):             if not(0<=nh<=H-1) or not(0<=nw<=W-1) or seen[nh][nw] or s[nh][nw]=='#':
s774036518.py(24):             if [nh,nw]==[H-1,W-1]:
s774036518.py(26):             seen[nh][nw] = 1
s774036518.py(27):             queue.append([nh,nw])
s774036518.py(28):             min_dist[nh][nw] = min_dist[qh][qw]+1
s774036518.py(20):         for dh,dw in dhdw:
s774036518.py(21):             nh,nw = qh+dh,qw+dw
s774036518.py(22):             if not(0<=nh<=H-1) or not(0<=nw<=W-1) or seen[nh][nw] or s[nh][nw]=='#':
s774036518.py(20):         for dh,dw in dhdw:
s774036518.py(21):             nh,nw = qh+dh,qw+dw
s774036518.py(22):             if not(0<=nh<=H-1) or not(0<=nw<=W-1) or seen[nh][nw] or s[nh][nw]=='#':
s774036518.py(23):                 continue
s774036518.py(20):         for dh,dw in dhdw:
s774036518.py(18):     while queue:
s774036518.py(19):         qh,qw = queue.popleft()
s774036518.py(20):         for dh,dw in dhdw:
s774036518.py(21):             nh,nw = qh+dh,qw+dw
s774036518.py(22):             if not(0<=nh<=H-1) or not(0<=nw<=W-1) or seen[nh][nw] or s[nh][nw]=='#':
s774036518.py(20):         for dh,dw in dhdw:
s774036518.py(21):             nh,nw = qh+dh,qw+dw
s774036518.py(22):             if not(0<=nh<=H-1) or not(0<=nw<=W-1) or seen[nh][nw] or s[nh][nw]=='#':
s774036518.py(24):             if [nh,nw]==[H-1,W-1]:
s774036518.py(26):             seen[nh][nw] = 1
s774036518.py(27):             queue.append([nh,nw])
s774036518.py(28):             min_dist[nh][nw] = min_dist[qh][qw]+1
s774036518.py(20):         for dh,dw in dhdw:
s774036518.py(21):             nh,nw = qh+dh,qw+dw
s774036518.py(22):             if not(0<=nh<=H-1) or not(0<=nw<=W-1) or seen[nh][nw] or s[nh][nw]=='#':
s774036518.py(23):                 continue
s774036518.py(20):         for dh,dw in dhdw:
s774036518.py(21):             nh,nw = qh+dh,qw+dw
s774036518.py(22):             if not(0<=nh<=H-1) or not(0<=nw<=W-1) or seen[nh][nw] or s[nh][nw]=='#':
s774036518.py(24):             if [nh,nw]==[H-1,W-1]:
s774036518.py(26):             seen[nh][nw] = 1
s774036518.py(27):             queue.append([nh,nw])
s774036518.py(28):             min_dist[nh][nw] = min_dist[qh][qw]+1
s774036518.py(20):         for dh,dw in dhdw:
s774036518.py(18):     while queue:
s774036518.py(19):         qh,qw = queue.popleft()
s774036518.py(20):         for dh,dw in dhdw:
s774036518.py(21):             nh,nw = qh+dh,qw+dw
s774036518.py(22):             if not(0<=nh<=H-1) or not(0<=nw<=W-1) or seen[nh][nw] or s[nh][nw]=='#':
s774036518.py(20):         for dh,dw in dhdw:
s774036518.py(21):             nh,nw = qh+dh,qw+dw
s774036518.py(22):             if not(0<=nh<=H-1) or not(0<=nw<=W-1) or seen[nh][nw] or s[nh][nw]=='#':
s774036518.py(20):         for dh,dw in dhdw:
s774036518.py(21):             nh,nw = qh+dh,qw+dw
s774036518.py(22):             if not(0<=nh<=H-1) or not(0<=nw<=W-1) or seen[nh][nw] or s[nh][nw]=='#':
s774036518.py(24):             if [nh,nw]==[H-1,W-1]:
s774036518.py(26):             seen[nh][nw] = 1
s774036518.py(27):             queue.append([nh,nw])
s774036518.py(28):             min_dist[nh][nw] = min_dist[qh][qw]+1
s774036518.py(20):         for dh,dw in dhdw:
s774036518.py(21):             nh,nw = qh+dh,qw+dw
s774036518.py(22):             if not(0<=nh<=H-1) or not(0<=nw<=W-1) or seen[nh][nw] or s[nh][nw]=='#':
s774036518.py(24):             if [nh,nw]==[H-1,W-1]:
s774036518.py(25):                 return min_dist[qh][qw]+1
s774036518.py(32): print(H*W-black_count-min_dist if min_dist!=-1 else -1)
2
