 --- modulename: s776711315, funcname: <module>
s776711315.py(2): class SegmentTree:
 --- modulename: s776711315, funcname: SegmentTree
s776711315.py(2): class SegmentTree:
s776711315.py(3):     def __init__(self, n, f, gen):
s776711315.py(12):     def set(k, x):
s776711315.py(15):     def build(self):
s776711315.py(21):     def update(self, i, x):
s776711315.py(28):     def query(self, a, b):
s776711315.py(49): def f(a, b):
s776711315.py(52): def main():
s776711315.py(65): if __name__ == "__main__":
s776711315.py(66):     main()    
 --- modulename: s776711315, funcname: main
s776711315.py(53):     n, q = map(int, input().split())
 --- modulename: codecs, funcname: getstate
codecs.py(333):         return (self.buffer, 0)
 --- modulename: codecs, funcname: decode
codecs.py(321):         data = self.buffer + input
codecs.py(322):         (result, consumed) = self._buffer_decode(data, self.errors, final)
codecs.py(324):         self.buffer = data[consumed:]
codecs.py(325):         return result
s776711315.py(54):     seg = SegmentTree(n, f, 2**31-1)
 --- modulename: s776711315, funcname: __init__
s776711315.py(4):         self.n = n
s776711315.py(5):         self.size = 1
s776711315.py(6):         self.gen = gen
s776711315.py(7):         self.f = f
s776711315.py(8):         while self.size < n:
s776711315.py(9):             self.size *= 2
s776711315.py(8):         while self.size < n:
s776711315.py(9):             self.size *= 2
s776711315.py(8):         while self.size < n:
s776711315.py(10):         self.seg = [gen] * (2 * self.size)
s776711315.py(55):     seg.build()
 --- modulename: s776711315, funcname: build
s776711315.py(16):         k = self.size - 1
s776711315.py(17):         while k>0:
s776711315.py(18):             self.seg[k] = self.f(self.seg[2 * k], self.seg[2 * k + 1])
 --- modulename: s776711315, funcname: f
s776711315.py(50):     return min(a,b)
s776711315.py(19):             k -= 1
s776711315.py(17):         while k>0:
s776711315.py(18):             self.seg[k] = self.f(self.seg[2 * k], self.seg[2 * k + 1])
 --- modulename: s776711315, funcname: f
s776711315.py(50):     return min(a,b)
s776711315.py(19):             k -= 1
s776711315.py(17):         while k>0:
s776711315.py(18):             self.seg[k] = self.f(self.seg[2 * k], self.seg[2 * k + 1])
 --- modulename: s776711315, funcname: f
s776711315.py(50):     return min(a,b)
s776711315.py(19):             k -= 1
s776711315.py(17):         while k>0:
s776711315.py(57):     for _ in range(q):
s776711315.py(58):         t, x, y = map(int, input().split())
s776711315.py(59):         if t==0:
s776711315.py(60):             seg.update(x, y)
 --- modulename: s776711315, funcname: update
s776711315.py(22):         k = i + self.size
s776711315.py(23):         self.seg[k] = x
s776711315.py(24):         while k > 0:
s776711315.py(25):             k >>= 1
s776711315.py(26):             self.seg[k] = self.f(self.seg[2 * k], self.seg[2 * k + 1])
 --- modulename: s776711315, funcname: f
s776711315.py(50):     return min(a,b)
s776711315.py(24):         while k > 0:
s776711315.py(25):             k >>= 1
s776711315.py(26):             self.seg[k] = self.f(self.seg[2 * k], self.seg[2 * k + 1])
 --- modulename: s776711315, funcname: f
s776711315.py(50):     return min(a,b)
s776711315.py(24):         while k > 0:
s776711315.py(25):             k >>= 1
s776711315.py(26):             self.seg[k] = self.f(self.seg[2 * k], self.seg[2 * k + 1])
 --- modulename: s776711315, funcname: f
s776711315.py(50):     return min(a,b)
s776711315.py(24):         while k > 0:
s776711315.py(57):     for _ in range(q):
s776711315.py(58):         t, x, y = map(int, input().split())
s776711315.py(59):         if t==0:
s776711315.py(60):             seg.update(x, y)
 --- modulename: s776711315, funcname: update
s776711315.py(22):         k = i + self.size
s776711315.py(23):         self.seg[k] = x
s776711315.py(24):         while k > 0:
s776711315.py(25):             k >>= 1
s776711315.py(26):             self.seg[k] = self.f(self.seg[2 * k], self.seg[2 * k + 1])
 --- modulename: s776711315, funcname: f
s776711315.py(50):     return min(a,b)
s776711315.py(24):         while k > 0:
s776711315.py(25):             k >>= 1
s776711315.py(26):             self.seg[k] = self.f(self.seg[2 * k], self.seg[2 * k + 1])
 --- modulename: s776711315, funcname: f
s776711315.py(50):     return min(a,b)
s776711315.py(24):         while k > 0:
s776711315.py(25):             k >>= 1
s776711315.py(26):             self.seg[k] = self.f(self.seg[2 * k], self.seg[2 * k + 1])
 --- modulename: s776711315, funcname: f
s776711315.py(50):     return min(a,b)
s776711315.py(24):         while k > 0:
s776711315.py(57):     for _ in range(q):
s776711315.py(58):         t, x, y = map(int, input().split())
s776711315.py(59):         if t==0:
s776711315.py(60):             seg.update(x, y)
 --- modulename: s776711315, funcname: update
s776711315.py(22):         k = i + self.size
s776711315.py(23):         self.seg[k] = x
s776711315.py(24):         while k > 0:
s776711315.py(25):             k >>= 1
s776711315.py(26):             self.seg[k] = self.f(self.seg[2 * k], self.seg[2 * k + 1])
 --- modulename: s776711315, funcname: f
s776711315.py(50):     return min(a,b)
s776711315.py(24):         while k > 0:
s776711315.py(25):             k >>= 1
s776711315.py(26):             self.seg[k] = self.f(self.seg[2 * k], self.seg[2 * k + 1])
 --- modulename: s776711315, funcname: f
s776711315.py(50):     return min(a,b)
s776711315.py(24):         while k > 0:
s776711315.py(25):             k >>= 1
s776711315.py(26):             self.seg[k] = self.f(self.seg[2 * k], self.seg[2 * k + 1])
 --- modulename: s776711315, funcname: f
s776711315.py(50):     return min(a,b)
s776711315.py(24):         while k > 0:
s776711315.py(57):     for _ in range(q):
s776711315.py(58):         t, x, y = map(int, input().split())
s776711315.py(59):         if t==0:
s776711315.py(62):             print(seg.query(x, y+1))
 --- modulename: s776711315, funcname: query
s776711315.py(32):         L = self.gen
s776711315.py(33):         R = self.gen
s776711315.py(34):         A = a + self.size
s776711315.py(35):         B = b + self.size
s776711315.py(36):         while A<B:
s776711315.py(37):             if A%2:
s776711315.py(40):             if B%2:
s776711315.py(41):                 B -= 1
s776711315.py(42):                 R = self.f(self.seg[B], R)
 --- modulename: s776711315, funcname: f
s776711315.py(50):     return min(a,b)
s776711315.py(43):             A >>= 1
s776711315.py(44):             B >>= 1
s776711315.py(36):         while A<B:
s776711315.py(37):             if A%2:
s776711315.py(40):             if B%2:
s776711315.py(41):                 B -= 1
s776711315.py(42):                 R = self.f(self.seg[B], R)
 --- modulename: s776711315, funcname: f
s776711315.py(50):     return min(a,b)
s776711315.py(43):             A >>= 1
s776711315.py(44):             B >>= 1
s776711315.py(36):         while A<B:
s776711315.py(45):         return f(L, R)
 --- modulename: s776711315, funcname: f
s776711315.py(50):     return min(a,b)
1
s776711315.py(57):     for _ in range(q):
s776711315.py(58):         t, x, y = map(int, input().split())
s776711315.py(59):         if t==0:
s776711315.py(62):             print(seg.query(x, y+1))
 --- modulename: s776711315, funcname: query
s776711315.py(32):         L = self.gen
s776711315.py(33):         R = self.gen
s776711315.py(34):         A = a + self.size
s776711315.py(35):         B = b + self.size
s776711315.py(36):         while A<B:
s776711315.py(37):             if A%2:
s776711315.py(38):                 L = self.f(L, self.seg[A])
 --- modulename: s776711315, funcname: f
s776711315.py(50):     return min(a,b)
s776711315.py(39):                 A += 1
s776711315.py(40):             if B%2:
s776711315.py(41):                 B -= 1
s776711315.py(42):                 R = self.f(self.seg[B], R)
 --- modulename: s776711315, funcname: f
s776711315.py(50):     return min(a,b)
s776711315.py(43):             A >>= 1
s776711315.py(44):             B >>= 1
s776711315.py(36):         while A<B:
s776711315.py(45):         return f(L, R)
 --- modulename: s776711315, funcname: f
s776711315.py(50):     return min(a,b)
2
s776711315.py(57):     for _ in range(q):
