 --- modulename: s777123177, funcname: <module>
s777123177.py(1): class Dice():
 --- modulename: s777123177, funcname: Dice
s777123177.py(1): class Dice():
s777123177.py(2):     directions = "EEENEEENEEESEEESEEENEEEN"
s777123177.py(4):     def __init__(self, lst):
s777123177.py(12):     def rotate(self, direction):
s777123177.py(22):     def fit_top_front(self, num_top, num_front):
s777123177.py(29): def main():
s777123177.py(41): if __name__ == "__main__":
s777123177.py(42):     main()
 --- modulename: s777123177, funcname: main
s777123177.py(30):     dice_nums = list(map(int, input().split()))
 --- modulename: codecs, funcname: getstate
codecs.py(333):         return (self.buffer, 0)
 --- modulename: codecs, funcname: decode
codecs.py(321):         data = self.buffer + input
codecs.py(322):         (result, consumed) = self._buffer_decode(data, self.errors, final)
codecs.py(324):         self.buffer = data[consumed:]
codecs.py(325):         return result
s777123177.py(31):     dice = Dice(dice_nums)
 --- modulename: s777123177, funcname: __init__
s777123177.py(5):         self.top = lst[0]
s777123177.py(6):         self.front = lst[1]
s777123177.py(7):         self.right = lst[2]
s777123177.py(8):         self.left = lst[3]
s777123177.py(9):         self.back = lst[4]
s777123177.py(10):         self.bottom = lst[5]
s777123177.py(33):     num_questions = int(input())
s777123177.py(35):     for _ in range(num_questions):
s777123177.py(36):         nums = list(map(int, input().split()))
s777123177.py(37):         dice.fit_top_front(nums[0], nums[1])
 --- modulename: s777123177, funcname: fit_top_front
s777123177.py(23):         for direction in Dice.directions:
s777123177.py(24):             if self.top == num_top and self.front == num_front:
s777123177.py(26):             self.rotate(direction)
 --- modulename: s777123177, funcname: rotate
s777123177.py(13):         if direction == "E":
s777123177.py(14):             self.top, self.right, self.bottom, self.left = self.left, self.top, self.right, self.bottom
s777123177.py(15):         if direction == "N":
s777123177.py(17):         if direction == "S":
s777123177.py(19):         if direction == "W":
s777123177.py(23):         for direction in Dice.directions:
s777123177.py(24):             if self.top == num_top and self.front == num_front:
s777123177.py(26):             self.rotate(direction)
 --- modulename: s777123177, funcname: rotate
s777123177.py(13):         if direction == "E":
s777123177.py(14):             self.top, self.right, self.bottom, self.left = self.left, self.top, self.right, self.bottom
s777123177.py(15):         if direction == "N":
s777123177.py(17):         if direction == "S":
s777123177.py(19):         if direction == "W":
s777123177.py(23):         for direction in Dice.directions:
s777123177.py(24):             if self.top == num_top and self.front == num_front:
s777123177.py(26):             self.rotate(direction)
 --- modulename: s777123177, funcname: rotate
s777123177.py(13):         if direction == "E":
s777123177.py(14):             self.top, self.right, self.bottom, self.left = self.left, self.top, self.right, self.bottom
s777123177.py(15):         if direction == "N":
s777123177.py(17):         if direction == "S":
s777123177.py(19):         if direction == "W":
s777123177.py(23):         for direction in Dice.directions:
s777123177.py(24):             if self.top == num_top and self.front == num_front:
s777123177.py(26):             self.rotate(direction)
 --- modulename: s777123177, funcname: rotate
s777123177.py(13):         if direction == "E":
s777123177.py(15):         if direction == "N":
s777123177.py(16):             self.top, self.back, self.bottom, self.front = self.front, self.top, self.back, self.bottom
s777123177.py(17):         if direction == "S":
s777123177.py(19):         if direction == "W":
s777123177.py(23):         for direction in Dice.directions:
s777123177.py(24):             if self.top == num_top and self.front == num_front:
s777123177.py(26):             self.rotate(direction)
 --- modulename: s777123177, funcname: rotate
s777123177.py(13):         if direction == "E":
s777123177.py(14):             self.top, self.right, self.bottom, self.left = self.left, self.top, self.right, self.bottom
s777123177.py(15):         if direction == "N":
s777123177.py(17):         if direction == "S":
s777123177.py(19):         if direction == "W":
s777123177.py(23):         for direction in Dice.directions:
s777123177.py(24):             if self.top == num_top and self.front == num_front:
s777123177.py(26):             self.rotate(direction)
 --- modulename: s777123177, funcname: rotate
s777123177.py(13):         if direction == "E":
s777123177.py(14):             self.top, self.right, self.bottom, self.left = self.left, self.top, self.right, self.bottom
s777123177.py(15):         if direction == "N":
s777123177.py(17):         if direction == "S":
s777123177.py(19):         if direction == "W":
s777123177.py(23):         for direction in Dice.directions:
s777123177.py(24):             if self.top == num_top and self.front == num_front:
s777123177.py(26):             self.rotate(direction)
 --- modulename: s777123177, funcname: rotate
s777123177.py(13):         if direction == "E":
s777123177.py(14):             self.top, self.right, self.bottom, self.left = self.left, self.top, self.right, self.bottom
s777123177.py(15):         if direction == "N":
s777123177.py(17):         if direction == "S":
s777123177.py(19):         if direction == "W":
s777123177.py(23):         for direction in Dice.directions:
s777123177.py(24):             if self.top == num_top and self.front == num_front:
s777123177.py(26):             self.rotate(direction)
 --- modulename: s777123177, funcname: rotate
s777123177.py(13):         if direction == "E":
s777123177.py(15):         if direction == "N":
s777123177.py(16):             self.top, self.back, self.bottom, self.front = self.front, self.top, self.back, self.bottom
s777123177.py(17):         if direction == "S":
s777123177.py(19):         if direction == "W":
s777123177.py(23):         for direction in Dice.directions:
s777123177.py(24):             if self.top == num_top and self.front == num_front:
s777123177.py(26):             self.rotate(direction)
 --- modulename: s777123177, funcname: rotate
s777123177.py(13):         if direction == "E":
s777123177.py(14):             self.top, self.right, self.bottom, self.left = self.left, self.top, self.right, self.bottom
s777123177.py(15):         if direction == "N":
s777123177.py(17):         if direction == "S":
s777123177.py(19):         if direction == "W":
s777123177.py(23):         for direction in Dice.directions:
s777123177.py(24):             if self.top == num_top and self.front == num_front:
s777123177.py(26):             self.rotate(direction)
 --- modulename: s777123177, funcname: rotate
s777123177.py(13):         if direction == "E":
s777123177.py(14):             self.top, self.right, self.bottom, self.left = self.left, self.top, self.right, self.bottom
s777123177.py(15):         if direction == "N":
s777123177.py(17):         if direction == "S":
s777123177.py(19):         if direction == "W":
s777123177.py(23):         for direction in Dice.directions:
s777123177.py(24):             if self.top == num_top and self.front == num_front:
s777123177.py(26):             self.rotate(direction)
 --- modulename: s777123177, funcname: rotate
s777123177.py(13):         if direction == "E":
s777123177.py(14):             self.top, self.right, self.bottom, self.left = self.left, self.top, self.right, self.bottom
s777123177.py(15):         if direction == "N":
s777123177.py(17):         if direction == "S":
s777123177.py(19):         if direction == "W":
s777123177.py(23):         for direction in Dice.directions:
s777123177.py(24):             if self.top == num_top and self.front == num_front:
s777123177.py(26):             self.rotate(direction)
 --- modulename: s777123177, funcname: rotate
s777123177.py(13):         if direction == "E":
s777123177.py(15):         if direction == "N":
s777123177.py(17):         if direction == "S":
s777123177.py(18):             self.top, self.front, self.bottom, self.back = self.back, self.top, self.front, self.bottom
s777123177.py(19):         if direction == "W":
s777123177.py(23):         for direction in Dice.directions:
s777123177.py(24):             if self.top == num_top and self.front == num_front:
s777123177.py(25):                 break
s777123177.py(38):         print(dice.right)
3
s777123177.py(35):     for _ in range(num_questions):
s777123177.py(36):         nums = list(map(int, input().split()))
s777123177.py(37):         dice.fit_top_front(nums[0], nums[1])
 --- modulename: s777123177, funcname: fit_top_front
s777123177.py(23):         for direction in Dice.directions:
s777123177.py(24):             if self.top == num_top and self.front == num_front:
s777123177.py(26):             self.rotate(direction)
 --- modulename: s777123177, funcname: rotate
s777123177.py(13):         if direction == "E":
s777123177.py(14):             self.top, self.right, self.bottom, self.left = self.left, self.top, self.right, self.bottom
s777123177.py(15):         if direction == "N":
s777123177.py(17):         if direction == "S":
s777123177.py(19):         if direction == "W":
s777123177.py(23):         for direction in Dice.directions:
s777123177.py(24):             if self.top == num_top and self.front == num_front:
s777123177.py(26):             self.rotate(direction)
 --- modulename: s777123177, funcname: rotate
s777123177.py(13):         if direction == "E":
s777123177.py(14):             self.top, self.right, self.bottom, self.left = self.left, self.top, self.right, self.bottom
s777123177.py(15):         if direction == "N":
s777123177.py(17):         if direction == "S":
s777123177.py(19):         if direction == "W":
s777123177.py(23):         for direction in Dice.directions:
s777123177.py(24):             if self.top == num_top and self.front == num_front:
s777123177.py(26):             self.rotate(direction)
 --- modulename: s777123177, funcname: rotate
s777123177.py(13):         if direction == "E":
s777123177.py(14):             self.top, self.right, self.bottom, self.left = self.left, self.top, self.right, self.bottom
s777123177.py(15):         if direction == "N":
s777123177.py(17):         if direction == "S":
s777123177.py(19):         if direction == "W":
s777123177.py(23):         for direction in Dice.directions:
s777123177.py(24):             if self.top == num_top and self.front == num_front:
s777123177.py(26):             self.rotate(direction)
 --- modulename: s777123177, funcname: rotate
s777123177.py(13):         if direction == "E":
s777123177.py(15):         if direction == "N":
s777123177.py(16):             self.top, self.back, self.bottom, self.front = self.front, self.top, self.back, self.bottom
s777123177.py(17):         if direction == "S":
s777123177.py(19):         if direction == "W":
s777123177.py(23):         for direction in Dice.directions:
s777123177.py(24):             if self.top == num_top and self.front == num_front:
s777123177.py(26):             self.rotate(direction)
 --- modulename: s777123177, funcname: rotate
s777123177.py(13):         if direction == "E":
s777123177.py(14):             self.top, self.right, self.bottom, self.left = self.left, self.top, self.right, self.bottom
s777123177.py(15):         if direction == "N":
s777123177.py(17):         if direction == "S":
s777123177.py(19):         if direction == "W":
s777123177.py(23):         for direction in Dice.directions:
s777123177.py(24):             if self.top == num_top and self.front == num_front:
s777123177.py(26):             self.rotate(direction)
 --- modulename: s777123177, funcname: rotate
s777123177.py(13):         if direction == "E":
s777123177.py(14):             self.top, self.right, self.bottom, self.left = self.left, self.top, self.right, self.bottom
s777123177.py(15):         if direction == "N":
s777123177.py(17):         if direction == "S":
s777123177.py(19):         if direction == "W":
s777123177.py(23):         for direction in Dice.directions:
s777123177.py(24):             if self.top == num_top and self.front == num_front:
s777123177.py(26):             self.rotate(direction)
 --- modulename: s777123177, funcname: rotate
s777123177.py(13):         if direction == "E":
s777123177.py(14):             self.top, self.right, self.bottom, self.left = self.left, self.top, self.right, self.bottom
s777123177.py(15):         if direction == "N":
s777123177.py(17):         if direction == "S":
s777123177.py(19):         if direction == "W":
s777123177.py(23):         for direction in Dice.directions:
s777123177.py(24):             if self.top == num_top and self.front == num_front:
s777123177.py(26):             self.rotate(direction)
 --- modulename: s777123177, funcname: rotate
s777123177.py(13):         if direction == "E":
s777123177.py(15):         if direction == "N":
s777123177.py(16):             self.top, self.back, self.bottom, self.front = self.front, self.top, self.back, self.bottom
s777123177.py(17):         if direction == "S":
s777123177.py(19):         if direction == "W":
s777123177.py(23):         for direction in Dice.directions:
s777123177.py(24):             if self.top == num_top and self.front == num_front:
s777123177.py(26):             self.rotate(direction)
 --- modulename: s777123177, funcname: rotate
s777123177.py(13):         if direction == "E":
s777123177.py(14):             self.top, self.right, self.bottom, self.left = self.left, self.top, self.right, self.bottom
s777123177.py(15):         if direction == "N":
s777123177.py(17):         if direction == "S":
s777123177.py(19):         if direction == "W":
s777123177.py(23):         for direction in Dice.directions:
s777123177.py(24):             if self.top == num_top and self.front == num_front:
s777123177.py(26):             self.rotate(direction)
 --- modulename: s777123177, funcname: rotate
s777123177.py(13):         if direction == "E":
s777123177.py(14):             self.top, self.right, self.bottom, self.left = self.left, self.top, self.right, self.bottom
s777123177.py(15):         if direction == "N":
s777123177.py(17):         if direction == "S":
s777123177.py(19):         if direction == "W":
s777123177.py(23):         for direction in Dice.directions:
s777123177.py(24):             if self.top == num_top and self.front == num_front:
s777123177.py(26):             self.rotate(direction)
 --- modulename: s777123177, funcname: rotate
s777123177.py(13):         if direction == "E":
s777123177.py(14):             self.top, self.right, self.bottom, self.left = self.left, self.top, self.right, self.bottom
s777123177.py(15):         if direction == "N":
s777123177.py(17):         if direction == "S":
s777123177.py(19):         if direction == "W":
s777123177.py(23):         for direction in Dice.directions:
s777123177.py(24):             if self.top == num_top and self.front == num_front:
s777123177.py(26):             self.rotate(direction)
 --- modulename: s777123177, funcname: rotate
s777123177.py(13):         if direction == "E":
s777123177.py(15):         if direction == "N":
s777123177.py(17):         if direction == "S":
s777123177.py(18):             self.top, self.front, self.bottom, self.back = self.back, self.top, self.front, self.bottom
s777123177.py(19):         if direction == "W":
s777123177.py(23):         for direction in Dice.directions:
s777123177.py(24):             if self.top == num_top and self.front == num_front:
s777123177.py(26):             self.rotate(direction)
 --- modulename: s777123177, funcname: rotate
s777123177.py(13):         if direction == "E":
s777123177.py(14):             self.top, self.right, self.bottom, self.left = self.left, self.top, self.right, self.bottom
s777123177.py(15):         if direction == "N":
s777123177.py(17):         if direction == "S":
s777123177.py(19):         if direction == "W":
s777123177.py(23):         for direction in Dice.directions:
s777123177.py(24):             if self.top == num_top and self.front == num_front:
s777123177.py(26):             self.rotate(direction)
 --- modulename: s777123177, funcname: rotate
s777123177.py(13):         if direction == "E":
s777123177.py(14):             self.top, self.right, self.bottom, self.left = self.left, self.top, self.right, self.bottom
s777123177.py(15):         if direction == "N":
s777123177.py(17):         if direction == "S":
s777123177.py(19):         if direction == "W":
s777123177.py(23):         for direction in Dice.directions:
s777123177.py(24):             if self.top == num_top and self.front == num_front:
s777123177.py(26):             self.rotate(direction)
 --- modulename: s777123177, funcname: rotate
s777123177.py(13):         if direction == "E":
s777123177.py(14):             self.top, self.right, self.bottom, self.left = self.left, self.top, self.right, self.bottom
s777123177.py(15):         if direction == "N":
s777123177.py(17):         if direction == "S":
s777123177.py(19):         if direction == "W":
s777123177.py(23):         for direction in Dice.directions:
s777123177.py(24):             if self.top == num_top and self.front == num_front:
s777123177.py(26):             self.rotate(direction)
 --- modulename: s777123177, funcname: rotate
s777123177.py(13):         if direction == "E":
s777123177.py(15):         if direction == "N":
s777123177.py(17):         if direction == "S":
s777123177.py(18):             self.top, self.front, self.bottom, self.back = self.back, self.top, self.front, self.bottom
s777123177.py(19):         if direction == "W":
s777123177.py(23):         for direction in Dice.directions:
s777123177.py(24):             if self.top == num_top and self.front == num_front:
s777123177.py(26):             self.rotate(direction)
 --- modulename: s777123177, funcname: rotate
s777123177.py(13):         if direction == "E":
s777123177.py(14):             self.top, self.right, self.bottom, self.left = self.left, self.top, self.right, self.bottom
s777123177.py(15):         if direction == "N":
s777123177.py(17):         if direction == "S":
s777123177.py(19):         if direction == "W":
s777123177.py(23):         for direction in Dice.directions:
s777123177.py(24):             if self.top == num_top and self.front == num_front:
s777123177.py(25):                 break
s777123177.py(38):         print(dice.right)
5
s777123177.py(35):     for _ in range(num_questions):
s777123177.py(36):         nums = list(map(int, input().split()))
s777123177.py(37):         dice.fit_top_front(nums[0], nums[1])
 --- modulename: s777123177, funcname: fit_top_front
s777123177.py(23):         for direction in Dice.directions:
s777123177.py(24):             if self.top == num_top and self.front == num_front:
s777123177.py(26):             self.rotate(direction)
 --- modulename: s777123177, funcname: rotate
s777123177.py(13):         if direction == "E":
s777123177.py(14):             self.top, self.right, self.bottom, self.left = self.left, self.top, self.right, self.bottom
s777123177.py(15):         if direction == "N":
s777123177.py(17):         if direction == "S":
s777123177.py(19):         if direction == "W":
s777123177.py(23):         for direction in Dice.directions:
s777123177.py(24):             if self.top == num_top and self.front == num_front:
s777123177.py(26):             self.rotate(direction)
 --- modulename: s777123177, funcname: rotate
s777123177.py(13):         if direction == "E":
s777123177.py(14):             self.top, self.right, self.bottom, self.left = self.left, self.top, self.right, self.bottom
s777123177.py(15):         if direction == "N":
s777123177.py(17):         if direction == "S":
s777123177.py(19):         if direction == "W":
s777123177.py(23):         for direction in Dice.directions:
s777123177.py(24):             if self.top == num_top and self.front == num_front:
s777123177.py(26):             self.rotate(direction)
 --- modulename: s777123177, funcname: rotate
s777123177.py(13):         if direction == "E":
s777123177.py(14):             self.top, self.right, self.bottom, self.left = self.left, self.top, self.right, self.bottom
s777123177.py(15):         if direction == "N":
s777123177.py(17):         if direction == "S":
s777123177.py(19):         if direction == "W":
s777123177.py(23):         for direction in Dice.directions:
s777123177.py(24):             if self.top == num_top and self.front == num_front:
s777123177.py(26):             self.rotate(direction)
 --- modulename: s777123177, funcname: rotate
s777123177.py(13):         if direction == "E":
s777123177.py(15):         if direction == "N":
s777123177.py(16):             self.top, self.back, self.bottom, self.front = self.front, self.top, self.back, self.bottom
s777123177.py(17):         if direction == "S":
s777123177.py(19):         if direction == "W":
s777123177.py(23):         for direction in Dice.directions:
s777123177.py(24):             if self.top == num_top and self.front == num_front:
s777123177.py(25):                 break
s777123177.py(38):         print(dice.right)
6
s777123177.py(35):     for _ in range(num_questions):
