 --- modulename: s780727302, funcname: <module>
s780727302.py(1): _rule = {'N':(1,5,2,3,0,4),'S':(4,0,2,3,5,1),'E':(0,3,1,4,2,5),'W':(0,2,4,1,3,5)}
s780727302.py(2): _idx = {'top':0, 'front':1, 'right':2, 'left':3, 'back':4, 'bottom':5}
s780727302.py(3): _idxmap = ((1,2),(1,1),(2,1),(0,1),(3,1),(1,0))
s780727302.py(5): def motion(dlist, direction):
s780727302.py(11): def stopmotion(dlist, num, distination):
s780727302.py(14): def search(dlist, top, front):
s780727302.py(38): x = input().split()
 --- modulename: codecs, funcname: getstate
codecs.py(333):         return (self.buffer, 0)
 --- modulename: codecs, funcname: decode
codecs.py(321):         data = self.buffer + input
codecs.py(322):         (result, consumed) = self._buffer_decode(data, self.errors, final)
codecs.py(324):         self.buffer = data[consumed:]
codecs.py(325):         return result
s780727302.py(40): for _ in range(int(input())):
s780727302.py(41):     top, front = input().split()
s780727302.py(42):     templist = search(x, top, front)
 --- modulename: s780727302, funcname: search
s780727302.py(15):     ret = ''
s780727302.py(16):     prepos = _idxmap[dlist.index(top)]
s780727302.py(17):     topxpos, topypos = _idxmap[0]
s780727302.py(18):     xpos = topxpos - prepos[0]
s780727302.py(19):     ypos = topypos - prepos[1]
s780727302.py(20):     if xpos <= 0:
s780727302.py(21):         ret = 'W' * abs(xpos)
s780727302.py(24):     ret += 'N' * abs(ypos)
s780727302.py(26):     templist = motion(x, ret)
 --- modulename: s780727302, funcname: motion
s780727302.py(6):     templist = dlist
s780727302.py(7):     for i in range(len(direction)):
s780727302.py(8):         templist = [templist[r] for r in _rule[direction[i]]]
 --- modulename: s780727302, funcname: <listcomp>
s780727302.py(8):         templist = [templist[r] for r in _rule[direction[i]]]
s780727302.py(8):         templist = [templist[r] for r in _rule[direction[i]]]
s780727302.py(8):         templist = [templist[r] for r in _rule[direction[i]]]
s780727302.py(8):         templist = [templist[r] for r in _rule[direction[i]]]
s780727302.py(8):         templist = [templist[r] for r in _rule[direction[i]]]
s780727302.py(8):         templist = [templist[r] for r in _rule[direction[i]]]
s780727302.py(8):         templist = [templist[r] for r in _rule[direction[i]]]
s780727302.py(7):     for i in range(len(direction)):
s780727302.py(8):         templist = [templist[r] for r in _rule[direction[i]]]
 --- modulename: s780727302, funcname: <listcomp>
s780727302.py(8):         templist = [templist[r] for r in _rule[direction[i]]]
s780727302.py(8):         templist = [templist[r] for r in _rule[direction[i]]]
s780727302.py(8):         templist = [templist[r] for r in _rule[direction[i]]]
s780727302.py(8):         templist = [templist[r] for r in _rule[direction[i]]]
s780727302.py(8):         templist = [templist[r] for r in _rule[direction[i]]]
s780727302.py(8):         templist = [templist[r] for r in _rule[direction[i]]]
s780727302.py(8):         templist = [templist[r] for r in _rule[direction[i]]]
s780727302.py(7):     for i in range(len(direction)):
s780727302.py(9):     return templist
s780727302.py(28):     ret = ''
s780727302.py(29):     prepos = _idxmap[templist.index(front)]
s780727302.py(30):     frontxpos, frontypos = _idxmap[1]
s780727302.py(31):     xpos = frontxpos - prepos[0]
s780727302.py(32):     if xpos <= 0:
s780727302.py(33):         ret = 'W' * abs(xpos)
s780727302.py(36):     return motion(templist, ret)
 --- modulename: s780727302, funcname: motion
s780727302.py(6):     templist = dlist
s780727302.py(7):     for i in range(len(direction)):
s780727302.py(9):     return templist
s780727302.py(43):     print(templist[_idx['right']])
3
s780727302.py(40): for _ in range(int(input())):
s780727302.py(41):     top, front = input().split()
s780727302.py(42):     templist = search(x, top, front)
 --- modulename: s780727302, funcname: search
s780727302.py(15):     ret = ''
s780727302.py(16):     prepos = _idxmap[dlist.index(top)]
s780727302.py(17):     topxpos, topypos = _idxmap[0]
s780727302.py(18):     xpos = topxpos - prepos[0]
s780727302.py(19):     ypos = topypos - prepos[1]
s780727302.py(20):     if xpos <= 0:
s780727302.py(21):         ret = 'W' * abs(xpos)
s780727302.py(24):     ret += 'N' * abs(ypos)
s780727302.py(26):     templist = motion(x, ret)
 --- modulename: s780727302, funcname: motion
s780727302.py(6):     templist = dlist
s780727302.py(7):     for i in range(len(direction)):
s780727302.py(9):     return templist
s780727302.py(28):     ret = ''
s780727302.py(29):     prepos = _idxmap[templist.index(front)]
s780727302.py(30):     frontxpos, frontypos = _idxmap[1]
s780727302.py(31):     xpos = frontxpos - prepos[0]
s780727302.py(32):     if xpos <= 0:
s780727302.py(33):         ret = 'W' * abs(xpos)
s780727302.py(36):     return motion(templist, ret)
 --- modulename: s780727302, funcname: motion
s780727302.py(6):     templist = dlist
s780727302.py(7):     for i in range(len(direction)):
s780727302.py(8):         templist = [templist[r] for r in _rule[direction[i]]]
 --- modulename: s780727302, funcname: <listcomp>
s780727302.py(8):         templist = [templist[r] for r in _rule[direction[i]]]
s780727302.py(8):         templist = [templist[r] for r in _rule[direction[i]]]
s780727302.py(8):         templist = [templist[r] for r in _rule[direction[i]]]
s780727302.py(8):         templist = [templist[r] for r in _rule[direction[i]]]
s780727302.py(8):         templist = [templist[r] for r in _rule[direction[i]]]
s780727302.py(8):         templist = [templist[r] for r in _rule[direction[i]]]
s780727302.py(8):         templist = [templist[r] for r in _rule[direction[i]]]
s780727302.py(7):     for i in range(len(direction)):
s780727302.py(9):     return templist
s780727302.py(43):     print(templist[_idx['right']])
5
s780727302.py(40): for _ in range(int(input())):
s780727302.py(41):     top, front = input().split()
s780727302.py(42):     templist = search(x, top, front)
 --- modulename: s780727302, funcname: search
s780727302.py(15):     ret = ''
s780727302.py(16):     prepos = _idxmap[dlist.index(top)]
s780727302.py(17):     topxpos, topypos = _idxmap[0]
s780727302.py(18):     xpos = topxpos - prepos[0]
s780727302.py(19):     ypos = topypos - prepos[1]
s780727302.py(20):     if xpos <= 0:
s780727302.py(21):         ret = 'W' * abs(xpos)
s780727302.py(24):     ret += 'N' * abs(ypos)
s780727302.py(26):     templist = motion(x, ret)
 --- modulename: s780727302, funcname: motion
s780727302.py(6):     templist = dlist
s780727302.py(7):     for i in range(len(direction)):
s780727302.py(8):         templist = [templist[r] for r in _rule[direction[i]]]
 --- modulename: s780727302, funcname: <listcomp>
s780727302.py(8):         templist = [templist[r] for r in _rule[direction[i]]]
s780727302.py(8):         templist = [templist[r] for r in _rule[direction[i]]]
s780727302.py(8):         templist = [templist[r] for r in _rule[direction[i]]]
s780727302.py(8):         templist = [templist[r] for r in _rule[direction[i]]]
s780727302.py(8):         templist = [templist[r] for r in _rule[direction[i]]]
s780727302.py(8):         templist = [templist[r] for r in _rule[direction[i]]]
s780727302.py(8):         templist = [templist[r] for r in _rule[direction[i]]]
s780727302.py(7):     for i in range(len(direction)):
s780727302.py(8):         templist = [templist[r] for r in _rule[direction[i]]]
 --- modulename: s780727302, funcname: <listcomp>
s780727302.py(8):         templist = [templist[r] for r in _rule[direction[i]]]
s780727302.py(8):         templist = [templist[r] for r in _rule[direction[i]]]
s780727302.py(8):         templist = [templist[r] for r in _rule[direction[i]]]
s780727302.py(8):         templist = [templist[r] for r in _rule[direction[i]]]
s780727302.py(8):         templist = [templist[r] for r in _rule[direction[i]]]
s780727302.py(8):         templist = [templist[r] for r in _rule[direction[i]]]
s780727302.py(8):         templist = [templist[r] for r in _rule[direction[i]]]
s780727302.py(7):     for i in range(len(direction)):
s780727302.py(9):     return templist
s780727302.py(28):     ret = ''
s780727302.py(29):     prepos = _idxmap[templist.index(front)]
s780727302.py(30):     frontxpos, frontypos = _idxmap[1]
s780727302.py(31):     xpos = frontxpos - prepos[0]
s780727302.py(32):     if xpos <= 0:
s780727302.py(35):         ret = 'E' * abs(xpos)
s780727302.py(36):     return motion(templist, ret)
 --- modulename: s780727302, funcname: motion
s780727302.py(6):     templist = dlist
s780727302.py(7):     for i in range(len(direction)):
s780727302.py(8):         templist = [templist[r] for r in _rule[direction[i]]]
 --- modulename: s780727302, funcname: <listcomp>
s780727302.py(8):         templist = [templist[r] for r in _rule[direction[i]]]
s780727302.py(8):         templist = [templist[r] for r in _rule[direction[i]]]
s780727302.py(8):         templist = [templist[r] for r in _rule[direction[i]]]
s780727302.py(8):         templist = [templist[r] for r in _rule[direction[i]]]
s780727302.py(8):         templist = [templist[r] for r in _rule[direction[i]]]
s780727302.py(8):         templist = [templist[r] for r in _rule[direction[i]]]
s780727302.py(8):         templist = [templist[r] for r in _rule[direction[i]]]
s780727302.py(7):     for i in range(len(direction)):
s780727302.py(9):     return templist
s780727302.py(43):     print(templist[_idx['right']])
6
s780727302.py(40): for _ in range(int(input())):
