 --- modulename: s783359010, funcname: <module>
s783359010.py(1): import sys
s783359010.py(2): sys.setrecursionlimit(10 ** 6)
s783359010.py(4): int1 = lambda x: int(x) - 1
s783359010.py(5): def II(): return int(input())
s783359010.py(7): def MI(): return map(int, input().split())
s783359010.py(8): def MI1(): return map(int1, input().split())
s783359010.py(10): def LI(): return list(map(int, input().split()))
s783359010.py(11): def LI1(): return list(map(int1, input().split()))
s783359010.py(12): def LLI(rows_number): return [LI() for _ in range(rows_number)]
s783359010.py(14): INF = float('inf')
s783359010.py(16): def solve():
s783359010.py(54): if __name__ == '__main__':
s783359010.py(55):     solve()
 --- modulename: s783359010, funcname: solve
s783359010.py(17):     n, m = MI()
 --- modulename: s783359010, funcname: MI
s783359010.py(7): def MI(): return map(int, input().split())
 --- modulename: codecs, funcname: getstate
codecs.py(333):         return (self.buffer, 0)
 --- modulename: codecs, funcname: decode
codecs.py(321):         data = self.buffer + input
codecs.py(322):         (result, consumed) = self._buffer_decode(data, self.errors, final)
codecs.py(324):         self.buffer = data[consumed:]
codecs.py(325):         return result
s783359010.py(19):     num = [-1] * n
s783359010.py(20):     for i in range(m):
s783359010.py(21):         s, c = MI()
 --- modulename: s783359010, funcname: MI
s783359010.py(7): def MI(): return map(int, input().split())
s783359010.py(22):         s -= 1
s783359010.py(23):         if num[s] == -1:
s783359010.py(24):             num[s] = c
s783359010.py(20):     for i in range(m):
s783359010.py(21):         s, c = MI()
 --- modulename: s783359010, funcname: MI
s783359010.py(7): def MI(): return map(int, input().split())
s783359010.py(22):         s -= 1
s783359010.py(23):         if num[s] == -1:
s783359010.py(24):             num[s] = c
s783359010.py(20):     for i in range(m):
s783359010.py(21):         s, c = MI()
 --- modulename: s783359010, funcname: MI
s783359010.py(7): def MI(): return map(int, input().split())
s783359010.py(22):         s -= 1
s783359010.py(23):         if num[s] == -1:
s783359010.py(25):         elif num[s] == c:
s783359010.py(26):             continue
s783359010.py(20):     for i in range(m):
s783359010.py(32):     if num[0] == 0:
s783359010.py(39):     if num[0] == -1:
s783359010.py(46):     ans = ''
s783359010.py(47):     for idx, i in enumerate(num):
s783359010.py(48):         if i == -1:
s783359010.py(51):             ans += str(i)
s783359010.py(47):     for idx, i in enumerate(num):
s783359010.py(48):         if i == -1:
s783359010.py(49):             ans += '0'
s783359010.py(47):     for idx, i in enumerate(num):
s783359010.py(48):         if i == -1:
s783359010.py(51):             ans += str(i)
s783359010.py(47):     for idx, i in enumerate(num):
s783359010.py(52):     print(ans)
702
