 --- modulename: s785328183, funcname: <module>
s785328183.py(3): import sys
s785328183.py(6): def string_to_list_spliter():
s785328183.py(11): def generate_frame(h, w):
s785328183.py(26): def print_frame():
s785328183.py(34): def main():
s785328183.py(38): if __name__ == '__main__':
s785328183.py(39):     main()
 --- modulename: s785328183, funcname: main
s785328183.py(35):     print_frame()
 --- modulename: s785328183, funcname: print_frame
s785328183.py(28):         h, w = string_to_list_spliter()
 --- modulename: s785328183, funcname: string_to_list_spliter
s785328183.py(7):     h, w = [int(i) for i in sys.stdin.readline().split()]
 --- modulename: codecs, funcname: getstate
codecs.py(333):         return (self.buffer, 0)
 --- modulename: codecs, funcname: decode
codecs.py(321):         data = self.buffer + input
codecs.py(322):         (result, consumed) = self._buffer_decode(data, self.errors, final)
codecs.py(324):         self.buffer = data[consumed:]
codecs.py(325):         return result
 --- modulename: s785328183, funcname: <listcomp>
s785328183.py(7):     h, w = [int(i) for i in sys.stdin.readline().split()]
s785328183.py(7):     h, w = [int(i) for i in sys.stdin.readline().split()]
s785328183.py(7):     h, w = [int(i) for i in sys.stdin.readline().split()]
s785328183.py(8):     return h, w
s785328183.py(29):         if h == 0 and w == 0:
s785328183.py(31):         print(generate_frame(h, w))
 --- modulename: s785328183, funcname: generate_frame
s785328183.py(12):     frame = ''
s785328183.py(13):     for i in range(h):
s785328183.py(14):         for j in range(w):
s785328183.py(15):             if i == 0 or i == h-1:
s785328183.py(16):                 frame += '#'
s785328183.py(14):         for j in range(w):
s785328183.py(15):             if i == 0 or i == h-1:
s785328183.py(16):                 frame += '#'
s785328183.py(14):         for j in range(w):
s785328183.py(15):             if i == 0 or i == h-1:
s785328183.py(16):                 frame += '#'
s785328183.py(14):         for j in range(w):
s785328183.py(15):             if i == 0 or i == h-1:
s785328183.py(16):                 frame += '#'
s785328183.py(14):         for j in range(w):
s785328183.py(22):         frame += '\n'
s785328183.py(13):     for i in range(h):
s785328183.py(14):         for j in range(w):
s785328183.py(15):             if i == 0 or i == h-1:
s785328183.py(18):                 if j == 0 or j == w-1:
s785328183.py(19):                     frame += '#'
s785328183.py(14):         for j in range(w):
s785328183.py(15):             if i == 0 or i == h-1:
s785328183.py(18):                 if j == 0 or j == w-1:
s785328183.py(21):                     frame += '.'
s785328183.py(14):         for j in range(w):
s785328183.py(15):             if i == 0 or i == h-1:
s785328183.py(18):                 if j == 0 or j == w-1:
s785328183.py(21):                     frame += '.'
s785328183.py(14):         for j in range(w):
s785328183.py(15):             if i == 0 or i == h-1:
s785328183.py(18):                 if j == 0 or j == w-1:
s785328183.py(19):                     frame += '#'
s785328183.py(14):         for j in range(w):
s785328183.py(22):         frame += '\n'
s785328183.py(13):     for i in range(h):
s785328183.py(14):         for j in range(w):
s785328183.py(15):             if i == 0 or i == h-1:
s785328183.py(16):                 frame += '#'
s785328183.py(14):         for j in range(w):
s785328183.py(15):             if i == 0 or i == h-1:
s785328183.py(16):                 frame += '#'
s785328183.py(14):         for j in range(w):
s785328183.py(15):             if i == 0 or i == h-1:
s785328183.py(16):                 frame += '#'
s785328183.py(14):         for j in range(w):
s785328183.py(15):             if i == 0 or i == h-1:
s785328183.py(16):                 frame += '#'
s785328183.py(14):         for j in range(w):
s785328183.py(22):         frame += '\n'
s785328183.py(13):     for i in range(h):
s785328183.py(23):     return frame
####
#..#
####

s785328183.py(28):         h, w = string_to_list_spliter()
 --- modulename: s785328183, funcname: string_to_list_spliter
s785328183.py(7):     h, w = [int(i) for i in sys.stdin.readline().split()]
 --- modulename: s785328183, funcname: <listcomp>
s785328183.py(7):     h, w = [int(i) for i in sys.stdin.readline().split()]
s785328183.py(7):     h, w = [int(i) for i in sys.stdin.readline().split()]
s785328183.py(7):     h, w = [int(i) for i in sys.stdin.readline().split()]
s785328183.py(8):     return h, w
s785328183.py(29):         if h == 0 and w == 0:
s785328183.py(31):         print(generate_frame(h, w))
 --- modulename: s785328183, funcname: generate_frame
s785328183.py(12):     frame = ''
s785328183.py(13):     for i in range(h):
s785328183.py(14):         for j in range(w):
s785328183.py(15):             if i == 0 or i == h-1:
s785328183.py(16):                 frame += '#'
s785328183.py(14):         for j in range(w):
s785328183.py(15):             if i == 0 or i == h-1:
s785328183.py(16):                 frame += '#'
s785328183.py(14):         for j in range(w):
s785328183.py(15):             if i == 0 or i == h-1:
s785328183.py(16):                 frame += '#'
s785328183.py(14):         for j in range(w):
s785328183.py(15):             if i == 0 or i == h-1:
s785328183.py(16):                 frame += '#'
s785328183.py(14):         for j in range(w):
s785328183.py(15):             if i == 0 or i == h-1:
s785328183.py(16):                 frame += '#'
s785328183.py(14):         for j in range(w):
s785328183.py(15):             if i == 0 or i == h-1:
s785328183.py(16):                 frame += '#'
s785328183.py(14):         for j in range(w):
s785328183.py(22):         frame += '\n'
s785328183.py(13):     for i in range(h):
s785328183.py(14):         for j in range(w):
s785328183.py(15):             if i == 0 or i == h-1:
s785328183.py(18):                 if j == 0 or j == w-1:
s785328183.py(19):                     frame += '#'
s785328183.py(14):         for j in range(w):
s785328183.py(15):             if i == 0 or i == h-1:
s785328183.py(18):                 if j == 0 or j == w-1:
s785328183.py(21):                     frame += '.'
s785328183.py(14):         for j in range(w):
s785328183.py(15):             if i == 0 or i == h-1:
s785328183.py(18):                 if j == 0 or j == w-1:
s785328183.py(21):                     frame += '.'
s785328183.py(14):         for j in range(w):
s785328183.py(15):             if i == 0 or i == h-1:
s785328183.py(18):                 if j == 0 or j == w-1:
s785328183.py(21):                     frame += '.'
s785328183.py(14):         for j in range(w):
s785328183.py(15):             if i == 0 or i == h-1:
s785328183.py(18):                 if j == 0 or j == w-1:
s785328183.py(21):                     frame += '.'
s785328183.py(14):         for j in range(w):
s785328183.py(15):             if i == 0 or i == h-1:
s785328183.py(18):                 if j == 0 or j == w-1:
s785328183.py(19):                     frame += '#'
s785328183.py(14):         for j in range(w):
s785328183.py(22):         frame += '\n'
s785328183.py(13):     for i in range(h):
s785328183.py(14):         for j in range(w):
s785328183.py(15):             if i == 0 or i == h-1:
s785328183.py(18):                 if j == 0 or j == w-1:
s785328183.py(19):                     frame += '#'
s785328183.py(14):         for j in range(w):
s785328183.py(15):             if i == 0 or i == h-1:
s785328183.py(18):                 if j == 0 or j == w-1:
s785328183.py(21):                     frame += '.'
s785328183.py(14):         for j in range(w):
s785328183.py(15):             if i == 0 or i == h-1:
s785328183.py(18):                 if j == 0 or j == w-1:
s785328183.py(21):                     frame += '.'
s785328183.py(14):         for j in range(w):
s785328183.py(15):             if i == 0 or i == h-1:
s785328183.py(18):                 if j == 0 or j == w-1:
s785328183.py(21):                     frame += '.'
s785328183.py(14):         for j in range(w):
s785328183.py(15):             if i == 0 or i == h-1:
s785328183.py(18):                 if j == 0 or j == w-1:
s785328183.py(21):                     frame += '.'
s785328183.py(14):         for j in range(w):
s785328183.py(15):             if i == 0 or i == h-1:
s785328183.py(18):                 if j == 0 or j == w-1:
s785328183.py(19):                     frame += '#'
s785328183.py(14):         for j in range(w):
s785328183.py(22):         frame += '\n'
s785328183.py(13):     for i in range(h):
s785328183.py(14):         for j in range(w):
s785328183.py(15):             if i == 0 or i == h-1:
s785328183.py(18):                 if j == 0 or j == w-1:
s785328183.py(19):                     frame += '#'
s785328183.py(14):         for j in range(w):
s785328183.py(15):             if i == 0 or i == h-1:
s785328183.py(18):                 if j == 0 or j == w-1:
s785328183.py(21):                     frame += '.'
s785328183.py(14):         for j in range(w):
s785328183.py(15):             if i == 0 or i == h-1:
s785328183.py(18):                 if j == 0 or j == w-1:
s785328183.py(21):                     frame += '.'
s785328183.py(14):         for j in range(w):
s785328183.py(15):             if i == 0 or i == h-1:
s785328183.py(18):                 if j == 0 or j == w-1:
s785328183.py(21):                     frame += '.'
s785328183.py(14):         for j in range(w):
s785328183.py(15):             if i == 0 or i == h-1:
s785328183.py(18):                 if j == 0 or j == w-1:
s785328183.py(21):                     frame += '.'
s785328183.py(14):         for j in range(w):
s785328183.py(15):             if i == 0 or i == h-1:
s785328183.py(18):                 if j == 0 or j == w-1:
s785328183.py(19):                     frame += '#'
s785328183.py(14):         for j in range(w):
s785328183.py(22):         frame += '\n'
s785328183.py(13):     for i in range(h):
s785328183.py(14):         for j in range(w):
s785328183.py(15):             if i == 0 or i == h-1:
s785328183.py(16):                 frame += '#'
s785328183.py(14):         for j in range(w):
s785328183.py(15):             if i == 0 or i == h-1:
s785328183.py(16):                 frame += '#'
s785328183.py(14):         for j in range(w):
s785328183.py(15):             if i == 0 or i == h-1:
s785328183.py(16):                 frame += '#'
s785328183.py(14):         for j in range(w):
s785328183.py(15):             if i == 0 or i == h-1:
s785328183.py(16):                 frame += '#'
s785328183.py(14):         for j in range(w):
s785328183.py(15):             if i == 0 or i == h-1:
s785328183.py(16):                 frame += '#'
s785328183.py(14):         for j in range(w):
s785328183.py(15):             if i == 0 or i == h-1:
s785328183.py(16):                 frame += '#'
s785328183.py(14):         for j in range(w):
s785328183.py(22):         frame += '\n'
s785328183.py(13):     for i in range(h):
s785328183.py(23):     return frame
######
#....#
#....#
#....#
######

s785328183.py(28):         h, w = string_to_list_spliter()
 --- modulename: s785328183, funcname: string_to_list_spliter
s785328183.py(7):     h, w = [int(i) for i in sys.stdin.readline().split()]
 --- modulename: s785328183, funcname: <listcomp>
s785328183.py(7):     h, w = [int(i) for i in sys.stdin.readline().split()]
s785328183.py(7):     h, w = [int(i) for i in sys.stdin.readline().split()]
s785328183.py(7):     h, w = [int(i) for i in sys.stdin.readline().split()]
s785328183.py(8):     return h, w
s785328183.py(29):         if h == 0 and w == 0:
s785328183.py(31):         print(generate_frame(h, w))
 --- modulename: s785328183, funcname: generate_frame
s785328183.py(12):     frame = ''
s785328183.py(13):     for i in range(h):
s785328183.py(14):         for j in range(w):
s785328183.py(15):             if i == 0 or i == h-1:
s785328183.py(16):                 frame += '#'
s785328183.py(14):         for j in range(w):
s785328183.py(15):             if i == 0 or i == h-1:
s785328183.py(16):                 frame += '#'
s785328183.py(14):         for j in range(w):
s785328183.py(15):             if i == 0 or i == h-1:
s785328183.py(16):                 frame += '#'
s785328183.py(14):         for j in range(w):
s785328183.py(22):         frame += '\n'
s785328183.py(13):     for i in range(h):
s785328183.py(14):         for j in range(w):
s785328183.py(15):             if i == 0 or i == h-1:
s785328183.py(18):                 if j == 0 or j == w-1:
s785328183.py(19):                     frame += '#'
s785328183.py(14):         for j in range(w):
s785328183.py(15):             if i == 0 or i == h-1:
s785328183.py(18):                 if j == 0 or j == w-1:
s785328183.py(21):                     frame += '.'
s785328183.py(14):         for j in range(w):
s785328183.py(15):             if i == 0 or i == h-1:
s785328183.py(18):                 if j == 0 or j == w-1:
s785328183.py(19):                     frame += '#'
s785328183.py(14):         for j in range(w):
s785328183.py(22):         frame += '\n'
s785328183.py(13):     for i in range(h):
s785328183.py(14):         for j in range(w):
s785328183.py(15):             if i == 0 or i == h-1:
s785328183.py(16):                 frame += '#'
s785328183.py(14):         for j in range(w):
s785328183.py(15):             if i == 0 or i == h-1:
s785328183.py(16):                 frame += '#'
s785328183.py(14):         for j in range(w):
s785328183.py(15):             if i == 0 or i == h-1:
s785328183.py(16):                 frame += '#'
s785328183.py(14):         for j in range(w):
s785328183.py(22):         frame += '\n'
s785328183.py(13):     for i in range(h):
s785328183.py(23):     return frame
###
#.#
###

s785328183.py(28):         h, w = string_to_list_spliter()
 --- modulename: s785328183, funcname: string_to_list_spliter
s785328183.py(7):     h, w = [int(i) for i in sys.stdin.readline().split()]
 --- modulename: s785328183, funcname: <listcomp>
s785328183.py(7):     h, w = [int(i) for i in sys.stdin.readline().split()]
s785328183.py(7):     h, w = [int(i) for i in sys.stdin.readline().split()]
s785328183.py(7):     h, w = [int(i) for i in sys.stdin.readline().split()]
s785328183.py(8):     return h, w
s785328183.py(29):         if h == 0 and w == 0:
s785328183.py(30):             break
