 --- modulename: s785952863, funcname: <module>
s785952863.py(2): import sys
s785952863.py(3): INF = float("inf")
s785952863.py(5): MOD = 1000000007  # type: int
s785952863.py(8): def cmb(n, r):
s785952863.py(35): def solve(N: int, K: int):
s785952863.py(49): def main():
s785952863.py(61): if __name__ == '__main__':
s785952863.py(62):     main()
 --- modulename: s785952863, funcname: main
s785952863.py(51):     def iterate_tokens():
s785952863.py(55):     tokens = iterate_tokens()
s785952863.py(56):     N = int(next(tokens))  # type: int
 --- modulename: s785952863, funcname: iterate_tokens
s785952863.py(52):         for line in sys.stdin:
 --- modulename: codecs, funcname: decode
codecs.py(321):         data = self.buffer + input
codecs.py(322):         (result, consumed) = self._buffer_decode(data, self.errors, final)
codecs.py(324):         self.buffer = data[consumed:]
codecs.py(325):         return result
s785952863.py(53):             for word in line.split():
s785952863.py(54):                 yield word
s785952863.py(57):     K = int(next(tokens))  # type: int
 --- modulename: s785952863, funcname: iterate_tokens
s785952863.py(53):             for word in line.split():
s785952863.py(54):                 yield word
s785952863.py(58):     solve(N, K)
 --- modulename: s785952863, funcname: solve
s785952863.py(37):     for i in range(1, K+1):
s785952863.py(38):         if N-K+1 < i:
s785952863.py(41):             ans = cmb(N-K+1, i)
 --- modulename: s785952863, funcname: cmb
s785952863.py(9):     r = min(r, n-r)
s785952863.py(10):     if r == 0:
s785952863.py(12):     if r == 1:
s785952863.py(13):         return n
s785952863.py(42):         ans *= cmb(K-1, i-1)
 --- modulename: s785952863, funcname: cmb
s785952863.py(9):     r = min(r, n-r)
s785952863.py(10):     if r == 0:
s785952863.py(11):         return 1
s785952863.py(43):         ans %= MOD
s785952863.py(44):         print(ans)
3
s785952863.py(37):     for i in range(1, K+1):
s785952863.py(38):         if N-K+1 < i:
s785952863.py(41):             ans = cmb(N-K+1, i)
 --- modulename: s785952863, funcname: cmb
s785952863.py(9):     r = min(r, n-r)
s785952863.py(10):     if r == 0:
s785952863.py(12):     if r == 1:
s785952863.py(13):         return n
s785952863.py(42):         ans *= cmb(K-1, i-1)
 --- modulename: s785952863, funcname: cmb
s785952863.py(9):     r = min(r, n-r)
s785952863.py(10):     if r == 0:
s785952863.py(12):     if r == 1:
s785952863.py(13):         return n
s785952863.py(43):         ans %= MOD
s785952863.py(44):         print(ans)
6
s785952863.py(37):     for i in range(1, K+1):
s785952863.py(38):         if N-K+1 < i:
s785952863.py(41):             ans = cmb(N-K+1, i)
 --- modulename: s785952863, funcname: cmb
s785952863.py(9):     r = min(r, n-r)
s785952863.py(10):     if r == 0:
s785952863.py(11):         return 1
s785952863.py(42):         ans *= cmb(K-1, i-1)
 --- modulename: s785952863, funcname: cmb
s785952863.py(9):     r = min(r, n-r)
s785952863.py(10):     if r == 0:
s785952863.py(11):         return 1
s785952863.py(43):         ans %= MOD
s785952863.py(44):         print(ans)
1
s785952863.py(37):     for i in range(1, K+1):
s785952863.py(46):     return
 --- modulename: s785952863, funcname: iterate_tokens
