 --- modulename: s788109298, funcname: <module>
s788109298.py(2): import sys, heapq
s788109298.py(5): def solve(N: int, M: int, A: "List[int]"):
s788109298.py(17): def main():
s788109298.py(28): if __name__ == '__main__':
s788109298.py(29):     main()
 --- modulename: s788109298, funcname: main
s788109298.py(18):     def iterate_tokens():
s788109298.py(22):     tokens = iterate_tokens()
s788109298.py(23):     N = int(next(tokens))  # type: int
 --- modulename: s788109298, funcname: iterate_tokens
s788109298.py(19):         for line in sys.stdin:
 --- modulename: codecs, funcname: decode
codecs.py(321):         data = self.buffer + input
codecs.py(322):         (result, consumed) = self._buffer_decode(data, self.errors, final)
codecs.py(324):         self.buffer = data[consumed:]
codecs.py(325):         return result
s788109298.py(20):             for word in line.split():
s788109298.py(21):                 yield word
s788109298.py(24):     M = int(next(tokens))  # type: int
 --- modulename: s788109298, funcname: iterate_tokens
s788109298.py(20):             for word in line.split():
s788109298.py(21):                 yield word
s788109298.py(25):     A = [int(next(tokens)) for _ in range(N)]  # type: "List[int]"
 --- modulename: s788109298, funcname: <listcomp>
s788109298.py(25):     A = [int(next(tokens)) for _ in range(N)]  # type: "List[int]"
 --- modulename: s788109298, funcname: iterate_tokens
s788109298.py(20):             for word in line.split():
s788109298.py(19):         for line in sys.stdin:
s788109298.py(20):             for word in line.split():
s788109298.py(21):                 yield word
s788109298.py(25):     A = [int(next(tokens)) for _ in range(N)]  # type: "List[int]"
 --- modulename: s788109298, funcname: iterate_tokens
s788109298.py(20):             for word in line.split():
s788109298.py(21):                 yield word
s788109298.py(25):     A = [int(next(tokens)) for _ in range(N)]  # type: "List[int]"
 --- modulename: s788109298, funcname: iterate_tokens
s788109298.py(20):             for word in line.split():
s788109298.py(21):                 yield word
s788109298.py(25):     A = [int(next(tokens)) for _ in range(N)]  # type: "List[int]"
s788109298.py(26):     solve(N, M, A)
 --- modulename: s788109298, funcname: solve
s788109298.py(6):     H = [(-a, a) for a in A]
 --- modulename: s788109298, funcname: <listcomp>
s788109298.py(6):     H = [(-a, a) for a in A]
s788109298.py(6):     H = [(-a, a) for a in A]
s788109298.py(6):     H = [(-a, a) for a in A]
s788109298.py(6):     H = [(-a, a) for a in A]
s788109298.py(7):     heapq.heapify(H)
s788109298.py(8):     for i in range(M):
s788109298.py(9):         mx = heapq.heappop(H)
s788109298.py(10):         mx = mx[1] >> 1
s788109298.py(11):         heapq.heappush(H, (-mx, mx))
s788109298.py(8):     for i in range(M):
s788109298.py(9):         mx = heapq.heappop(H)
s788109298.py(10):         mx = mx[1] >> 1
s788109298.py(11):         heapq.heappush(H, (-mx, mx))
s788109298.py(8):     for i in range(M):
s788109298.py(9):         mx = heapq.heappop(H)
s788109298.py(10):         mx = mx[1] >> 1
s788109298.py(11):         heapq.heappush(H, (-mx, mx))
s788109298.py(8):     for i in range(M):
s788109298.py(12):     print(sum([e[1] for e in heapq.nlargest(N, H)]))
 --- modulename: heapq, funcname: nlargest
heapq.py(528):     if n == 1:
heapq.py(535):     try:
heapq.py(536):         size = len(iterable)
heapq.py(540):         if n >= size:
heapq.py(541):             return sorted(iterable, key=key, reverse=True)[:n]
 --- modulename: s788109298, funcname: <listcomp>
s788109298.py(12):     print(sum([e[1] for e in heapq.nlargest(N, H)]))
s788109298.py(12):     print(sum([e[1] for e in heapq.nlargest(N, H)]))
s788109298.py(12):     print(sum([e[1] for e in heapq.nlargest(N, H)]))
s788109298.py(12):     print(sum([e[1] for e in heapq.nlargest(N, H)]))
9
s788109298.py(13):     return
 --- modulename: s788109298, funcname: iterate_tokens
