 --- modulename: s789971897, funcname: <module>
s789971897.py(1): import sys
s789971897.py(2): mod = pow(10, 9) + 7
s789971897.py(3): sys.setrecursionlimit(pow(10, 8))
s789971897.py(5): def power(x, y):
s789971897.py(11): def mul(a, b):
s789971897.py(14): def div(a, b):
s789971897.py(17): import sys
s789971897.py(18): input = sys.stdin.readline
s789971897.py(21): N = int(input())
 --- modulename: codecs, funcname: getstate
codecs.py(333):         return (self.buffer, 0)
 --- modulename: codecs, funcname: decode
codecs.py(321):         data = self.buffer + input
codecs.py(322):         (result, consumed) = self._buffer_decode(data, self.errors, final)
codecs.py(324):         self.buffer = data[consumed:]
codecs.py(325):         return result
s789971897.py(23): d2 = [1]
s789971897.py(24): inverse = [0, 1]
s789971897.py(25): for _ in range(N):
s789971897.py(26):     d2.append(2*d2[-1]%mod)
s789971897.py(25): for _ in range(N):
s789971897.py(26):     d2.append(2*d2[-1]%mod)
s789971897.py(25): for _ in range(N):
s789971897.py(26):     d2.append(2*d2[-1]%mod)
s789971897.py(25): for _ in range(N):
s789971897.py(27): for i in range( 2,  10):
s789971897.py(28):     inverse.append( ( -inverse[mod % i] * (mod//i) ) % mod )
s789971897.py(27): for i in range( 2,  10):
s789971897.py(28):     inverse.append( ( -inverse[mod % i] * (mod//i) ) % mod )
s789971897.py(27): for i in range( 2,  10):
s789971897.py(28):     inverse.append( ( -inverse[mod % i] * (mod//i) ) % mod )
s789971897.py(27): for i in range( 2,  10):
s789971897.py(28):     inverse.append( ( -inverse[mod % i] * (mod//i) ) % mod )
s789971897.py(27): for i in range( 2,  10):
s789971897.py(28):     inverse.append( ( -inverse[mod % i] * (mod//i) ) % mod )
s789971897.py(27): for i in range( 2,  10):
s789971897.py(28):     inverse.append( ( -inverse[mod % i] * (mod//i) ) % mod )
s789971897.py(27): for i in range( 2,  10):
s789971897.py(28):     inverse.append( ( -inverse[mod % i] * (mod//i) ) % mod )
s789971897.py(27): for i in range( 2,  10):
s789971897.py(28):     inverse.append( ( -inverse[mod % i] * (mod//i) ) % mod )
s789971897.py(27): for i in range( 2,  10):
s789971897.py(30): G = [[] for _ in range(N+1)]
 --- modulename: s789971897, funcname: <listcomp>
s789971897.py(30): G = [[] for _ in range(N+1)]
s789971897.py(30): G = [[] for _ in range(N+1)]
s789971897.py(30): G = [[] for _ in range(N+1)]
s789971897.py(30): G = [[] for _ in range(N+1)]
s789971897.py(30): G = [[] for _ in range(N+1)]
s789971897.py(31): for v in range(N-1):
s789971897.py(32):     a, b = map(int, input().split())
s789971897.py(33):     G[a].append(b)
s789971897.py(34):     G[b].append(a)
s789971897.py(31): for v in range(N-1):
s789971897.py(32):     a, b = map(int, input().split())
s789971897.py(33):     G[a].append(b)
s789971897.py(34):     G[b].append(a)
s789971897.py(31): for v in range(N-1):
s789971897.py(36): v2i = [0 for _ in range(N+1)]
 --- modulename: s789971897, funcname: <listcomp>
s789971897.py(36): v2i = [0 for _ in range(N+1)]
s789971897.py(36): v2i = [0 for _ in range(N+1)]
s789971897.py(36): v2i = [0 for _ in range(N+1)]
s789971897.py(36): v2i = [0 for _ in range(N+1)]
s789971897.py(36): v2i = [0 for _ in range(N+1)]
s789971897.py(37): def itt(v, p):
s789971897.py(50): itt(1, None)
 --- modulename: s789971897, funcname: itt
s789971897.py(38):     cn = 0
s789971897.py(39):     ms = []
s789971897.py(40):     for u in G[v]:
s789971897.py(41):         if u == p:
s789971897.py(43):         un = itt(u, v)
 --- modulename: s789971897, funcname: itt
s789971897.py(38):     cn = 0
s789971897.py(39):     ms = []
s789971897.py(40):     for u in G[v]:
s789971897.py(41):         if u == p:
s789971897.py(42):             continue
s789971897.py(40):     for u in G[v]:
s789971897.py(41):         if u == p:
s789971897.py(43):         un = itt(u, v)
 --- modulename: s789971897, funcname: itt
s789971897.py(38):     cn = 0
s789971897.py(39):     ms = []
s789971897.py(40):     for u in G[v]:
s789971897.py(41):         if u == p:
s789971897.py(42):             continue
s789971897.py(40):     for u in G[v]:
s789971897.py(46):     if p != None:
s789971897.py(47):         ms.append(N-1-cn)
s789971897.py(48):     v2i[v] = ms
s789971897.py(49):     return cn+1
s789971897.py(44):         ms.append(un)
s789971897.py(45):         cn += un
s789971897.py(40):     for u in G[v]:
s789971897.py(46):     if p != None:
s789971897.py(47):         ms.append(N-1-cn)
s789971897.py(48):     v2i[v] = ms
s789971897.py(49):     return cn+1
s789971897.py(44):         ms.append(un)
s789971897.py(45):         cn += un
s789971897.py(40):     for u in G[v]:
s789971897.py(46):     if p != None:
s789971897.py(48):     v2i[v] = ms
s789971897.py(49):     return cn+1
s789971897.py(51): r = 0
s789971897.py(52): for v in range(1, N+1):
s789971897.py(53):     ff = v2i[v]
s789971897.py(54):     for f in ff:
s789971897.py(55):         r += d2[f] - 1 % mod
s789971897.py(54):     for f in ff:
s789971897.py(52): for v in range(1, N+1):
s789971897.py(53):     ff = v2i[v]
s789971897.py(54):     for f in ff:
s789971897.py(55):         r += d2[f] - 1 % mod
s789971897.py(54):     for f in ff:
s789971897.py(55):         r += d2[f] - 1 % mod
s789971897.py(54):     for f in ff:
s789971897.py(52): for v in range(1, N+1):
s789971897.py(53):     ff = v2i[v]
s789971897.py(54):     for f in ff:
s789971897.py(55):         r += d2[f] - 1 % mod
s789971897.py(54):     for f in ff:
s789971897.py(52): for v in range(1, N+1):
s789971897.py(56): r = N*d2[N-1]-N-r
s789971897.py(57): for _ in range(N):
s789971897.py(58):     r = r*500000004 % mod
s789971897.py(57): for _ in range(N):
s789971897.py(58):     r = r*500000004 % mod
s789971897.py(57): for _ in range(N):
s789971897.py(58):     r = r*500000004 % mod
s789971897.py(57): for _ in range(N):
s789971897.py(59): print(r)
125000001
