 --- modulename: s791907518, funcname: <module>
s791907518.py(4): """
s791907518.py(26): import sys
s791907518.py(29): class Node(object):
 --- modulename: s791907518, funcname: Node
s791907518.py(29): class Node(object):
s791907518.py(30):     def __init__(self):
s791907518.py(37): def pre_parse(v):
s791907518.py(52): def in_parse(v):
s791907518.py(67): def post_parse(v):
s791907518.py(82): def generate_tree(_array):
s791907518.py(112): if __name__ == '__main__':
s791907518.py(113):     _input = sys.stdin.readlines()
 --- modulename: codecs, funcname: decode
codecs.py(321):         data = self.buffer + input
codecs.py(322):         (result, consumed) = self._buffer_decode(data, self.errors, final)
codecs.py(324):         self.buffer = data[consumed:]
codecs.py(325):         return result
 --- modulename: codecs, funcname: decode
codecs.py(321):         data = self.buffer + input
codecs.py(322):         (result, consumed) = self._buffer_decode(data, self.errors, final)
codecs.py(324):         self.buffer = data[consumed:]
codecs.py(325):         return result
s791907518.py(114):     array_length = int(_input[0])
s791907518.py(115):     array = list(map(lambda x: x.split(), _input[1:]))
 --- modulename: s791907518, funcname: <lambda>
s791907518.py(115):     array = list(map(lambda x: x.split(), _input[1:]))
 --- modulename: s791907518, funcname: <lambda>
s791907518.py(115):     array = list(map(lambda x: x.split(), _input[1:]))
 --- modulename: s791907518, funcname: <lambda>
s791907518.py(115):     array = list(map(lambda x: x.split(), _input[1:]))
 --- modulename: s791907518, funcname: <lambda>
s791907518.py(115):     array = list(map(lambda x: x.split(), _input[1:]))
 --- modulename: s791907518, funcname: <lambda>
s791907518.py(115):     array = list(map(lambda x: x.split(), _input[1:]))
 --- modulename: s791907518, funcname: <lambda>
s791907518.py(115):     array = list(map(lambda x: x.split(), _input[1:]))
 --- modulename: s791907518, funcname: <lambda>
s791907518.py(115):     array = list(map(lambda x: x.split(), _input[1:]))
 --- modulename: s791907518, funcname: <lambda>
s791907518.py(115):     array = list(map(lambda x: x.split(), _input[1:]))
 --- modulename: s791907518, funcname: <lambda>
s791907518.py(115):     array = list(map(lambda x: x.split(), _input[1:]))
s791907518.py(118):     node_list = [Node() for _ in range(array_length)]
 --- modulename: s791907518, funcname: <listcomp>
s791907518.py(118):     node_list = [Node() for _ in range(array_length)]
 --- modulename: s791907518, funcname: __init__
s791907518.py(32):         self.parent = -1
s791907518.py(33):         self.children = []
s791907518.py(34):         self.index = -1
s791907518.py(118):     node_list = [Node() for _ in range(array_length)]
 --- modulename: s791907518, funcname: __init__
s791907518.py(32):         self.parent = -1
s791907518.py(33):         self.children = []
s791907518.py(34):         self.index = -1
s791907518.py(118):     node_list = [Node() for _ in range(array_length)]
 --- modulename: s791907518, funcname: __init__
s791907518.py(32):         self.parent = -1
s791907518.py(33):         self.children = []
s791907518.py(34):         self.index = -1
s791907518.py(118):     node_list = [Node() for _ in range(array_length)]
 --- modulename: s791907518, funcname: __init__
s791907518.py(32):         self.parent = -1
s791907518.py(33):         self.children = []
s791907518.py(34):         self.index = -1
s791907518.py(118):     node_list = [Node() for _ in range(array_length)]
 --- modulename: s791907518, funcname: __init__
s791907518.py(32):         self.parent = -1
s791907518.py(33):         self.children = []
s791907518.py(34):         self.index = -1
s791907518.py(118):     node_list = [Node() for _ in range(array_length)]
 --- modulename: s791907518, funcname: __init__
s791907518.py(32):         self.parent = -1
s791907518.py(33):         self.children = []
s791907518.py(34):         self.index = -1
s791907518.py(118):     node_list = [Node() for _ in range(array_length)]
 --- modulename: s791907518, funcname: __init__
s791907518.py(32):         self.parent = -1
s791907518.py(33):         self.children = []
s791907518.py(34):         self.index = -1
s791907518.py(118):     node_list = [Node() for _ in range(array_length)]
 --- modulename: s791907518, funcname: __init__
s791907518.py(32):         self.parent = -1
s791907518.py(33):         self.children = []
s791907518.py(34):         self.index = -1
s791907518.py(118):     node_list = [Node() for _ in range(array_length)]
 --- modulename: s791907518, funcname: __init__
s791907518.py(32):         self.parent = -1
s791907518.py(33):         self.children = []
s791907518.py(34):         self.index = -1
s791907518.py(118):     node_list = [Node() for _ in range(array_length)]
s791907518.py(119):     ans = generate_tree(_array=array)
 --- modulename: s791907518, funcname: generate_tree
s791907518.py(84):     for each in _array:
s791907518.py(85):         idx, *children = [int(x) for x in each]
 --- modulename: s791907518, funcname: <listcomp>
s791907518.py(85):         idx, *children = [int(x) for x in each]
s791907518.py(85):         idx, *children = [int(x) for x in each]
s791907518.py(85):         idx, *children = [int(x) for x in each]
s791907518.py(85):         idx, *children = [int(x) for x in each]
s791907518.py(87):         node_list[idx].index = idx
s791907518.py(88):         node_list[idx].children = children
s791907518.py(90):         for child_idx in children:
s791907518.py(92):             if child_idx == -1:
s791907518.py(94):             node_list[child_idx].parent = idx
s791907518.py(90):         for child_idx in children:
s791907518.py(92):             if child_idx == -1:
s791907518.py(94):             node_list[child_idx].parent = idx
s791907518.py(90):         for child_idx in children:
s791907518.py(84):     for each in _array:
s791907518.py(85):         idx, *children = [int(x) for x in each]
 --- modulename: s791907518, funcname: <listcomp>
s791907518.py(85):         idx, *children = [int(x) for x in each]
s791907518.py(85):         idx, *children = [int(x) for x in each]
s791907518.py(85):         idx, *children = [int(x) for x in each]
s791907518.py(85):         idx, *children = [int(x) for x in each]
s791907518.py(87):         node_list[idx].index = idx
s791907518.py(88):         node_list[idx].children = children
s791907518.py(90):         for child_idx in children:
s791907518.py(92):             if child_idx == -1:
s791907518.py(94):             node_list[child_idx].parent = idx
s791907518.py(90):         for child_idx in children:
s791907518.py(92):             if child_idx == -1:
s791907518.py(94):             node_list[child_idx].parent = idx
s791907518.py(90):         for child_idx in children:
s791907518.py(84):     for each in _array:
s791907518.py(85):         idx, *children = [int(x) for x in each]
 --- modulename: s791907518, funcname: <listcomp>
s791907518.py(85):         idx, *children = [int(x) for x in each]
s791907518.py(85):         idx, *children = [int(x) for x in each]
s791907518.py(85):         idx, *children = [int(x) for x in each]
s791907518.py(85):         idx, *children = [int(x) for x in each]
s791907518.py(87):         node_list[idx].index = idx
s791907518.py(88):         node_list[idx].children = children
s791907518.py(90):         for child_idx in children:
s791907518.py(92):             if child_idx == -1:
s791907518.py(93):                 continue
s791907518.py(90):         for child_idx in children:
s791907518.py(92):             if child_idx == -1:
s791907518.py(93):                 continue
s791907518.py(90):         for child_idx in children:
s791907518.py(84):     for each in _array:
s791907518.py(85):         idx, *children = [int(x) for x in each]
 --- modulename: s791907518, funcname: <listcomp>
s791907518.py(85):         idx, *children = [int(x) for x in each]
s791907518.py(85):         idx, *children = [int(x) for x in each]
s791907518.py(85):         idx, *children = [int(x) for x in each]
s791907518.py(85):         idx, *children = [int(x) for x in each]
s791907518.py(87):         node_list[idx].index = idx
s791907518.py(88):         node_list[idx].children = children
s791907518.py(90):         for child_idx in children:
s791907518.py(92):             if child_idx == -1:
s791907518.py(93):                 continue
s791907518.py(90):         for child_idx in children:
s791907518.py(92):             if child_idx == -1:
s791907518.py(93):                 continue
s791907518.py(90):         for child_idx in children:
s791907518.py(84):     for each in _array:
s791907518.py(85):         idx, *children = [int(x) for x in each]
 --- modulename: s791907518, funcname: <listcomp>
s791907518.py(85):         idx, *children = [int(x) for x in each]
s791907518.py(85):         idx, *children = [int(x) for x in each]
s791907518.py(85):         idx, *children = [int(x) for x in each]
s791907518.py(85):         idx, *children = [int(x) for x in each]
s791907518.py(87):         node_list[idx].index = idx
s791907518.py(88):         node_list[idx].children = children
s791907518.py(90):         for child_idx in children:
s791907518.py(92):             if child_idx == -1:
s791907518.py(94):             node_list[child_idx].parent = idx
s791907518.py(90):         for child_idx in children:
s791907518.py(92):             if child_idx == -1:
s791907518.py(94):             node_list[child_idx].parent = idx
s791907518.py(90):         for child_idx in children:
s791907518.py(84):     for each in _array:
s791907518.py(85):         idx, *children = [int(x) for x in each]
 --- modulename: s791907518, funcname: <listcomp>
s791907518.py(85):         idx, *children = [int(x) for x in each]
s791907518.py(85):         idx, *children = [int(x) for x in each]
s791907518.py(85):         idx, *children = [int(x) for x in each]
s791907518.py(85):         idx, *children = [int(x) for x in each]
s791907518.py(87):         node_list[idx].index = idx
s791907518.py(88):         node_list[idx].children = children
s791907518.py(90):         for child_idx in children:
s791907518.py(92):             if child_idx == -1:
s791907518.py(94):             node_list[child_idx].parent = idx
s791907518.py(90):         for child_idx in children:
s791907518.py(92):             if child_idx == -1:
s791907518.py(94):             node_list[child_idx].parent = idx
s791907518.py(90):         for child_idx in children:
s791907518.py(84):     for each in _array:
s791907518.py(85):         idx, *children = [int(x) for x in each]
 --- modulename: s791907518, funcname: <listcomp>
s791907518.py(85):         idx, *children = [int(x) for x in each]
s791907518.py(85):         idx, *children = [int(x) for x in each]
s791907518.py(85):         idx, *children = [int(x) for x in each]
s791907518.py(85):         idx, *children = [int(x) for x in each]
s791907518.py(87):         node_list[idx].index = idx
s791907518.py(88):         node_list[idx].children = children
s791907518.py(90):         for child_idx in children:
s791907518.py(92):             if child_idx == -1:
s791907518.py(93):                 continue
s791907518.py(90):         for child_idx in children:
s791907518.py(92):             if child_idx == -1:
s791907518.py(93):                 continue
s791907518.py(90):         for child_idx in children:
s791907518.py(84):     for each in _array:
s791907518.py(85):         idx, *children = [int(x) for x in each]
 --- modulename: s791907518, funcname: <listcomp>
s791907518.py(85):         idx, *children = [int(x) for x in each]
s791907518.py(85):         idx, *children = [int(x) for x in each]
s791907518.py(85):         idx, *children = [int(x) for x in each]
s791907518.py(85):         idx, *children = [int(x) for x in each]
s791907518.py(87):         node_list[idx].index = idx
s791907518.py(88):         node_list[idx].children = children
s791907518.py(90):         for child_idx in children:
s791907518.py(92):             if child_idx == -1:
s791907518.py(93):                 continue
s791907518.py(90):         for child_idx in children:
s791907518.py(92):             if child_idx == -1:
s791907518.py(93):                 continue
s791907518.py(90):         for child_idx in children:
s791907518.py(84):     for each in _array:
s791907518.py(85):         idx, *children = [int(x) for x in each]
 --- modulename: s791907518, funcname: <listcomp>
s791907518.py(85):         idx, *children = [int(x) for x in each]
s791907518.py(85):         idx, *children = [int(x) for x in each]
s791907518.py(85):         idx, *children = [int(x) for x in each]
s791907518.py(85):         idx, *children = [int(x) for x in each]
s791907518.py(87):         node_list[idx].index = idx
s791907518.py(88):         node_list[idx].children = children
s791907518.py(90):         for child_idx in children:
s791907518.py(92):             if child_idx == -1:
s791907518.py(93):                 continue
s791907518.py(90):         for child_idx in children:
s791907518.py(92):             if child_idx == -1:
s791907518.py(93):                 continue
s791907518.py(90):         for child_idx in children:
s791907518.py(84):     for each in _array:
s791907518.py(97):     root_idx = [x.index for x in node_list if x.parent == -1][0]
 --- modulename: s791907518, funcname: <listcomp>
s791907518.py(97):     root_idx = [x.index for x in node_list if x.parent == -1][0]
s791907518.py(97):     root_idx = [x.index for x in node_list if x.parent == -1][0]
s791907518.py(97):     root_idx = [x.index for x in node_list if x.parent == -1][0]
s791907518.py(97):     root_idx = [x.index for x in node_list if x.parent == -1][0]
s791907518.py(97):     root_idx = [x.index for x in node_list if x.parent == -1][0]
s791907518.py(97):     root_idx = [x.index for x in node_list if x.parent == -1][0]
s791907518.py(97):     root_idx = [x.index for x in node_list if x.parent == -1][0]
s791907518.py(97):     root_idx = [x.index for x in node_list if x.parent == -1][0]
s791907518.py(97):     root_idx = [x.index for x in node_list if x.parent == -1][0]
s791907518.py(97):     root_idx = [x.index for x in node_list if x.parent == -1][0]
s791907518.py(98):     root_node = node_list[root_idx]
s791907518.py(101):     print('Preorder')
Preorder
s791907518.py(102):     pre_parse(root_node)
 --- modulename: s791907518, funcname: pre_parse
s791907518.py(38):     print(' ' + str(v.index), end='')
 0s791907518.py(40):     left_child_idx = v.children[0]
s791907518.py(41):     right_child_idx = v.children[1]
s791907518.py(43):     if left_child_idx != -1:
s791907518.py(44):         pre_parse(node_list[left_child_idx])
 --- modulename: s791907518, funcname: pre_parse
s791907518.py(38):     print(' ' + str(v.index), end='')
 1s791907518.py(40):     left_child_idx = v.children[0]
s791907518.py(41):     right_child_idx = v.children[1]
s791907518.py(43):     if left_child_idx != -1:
s791907518.py(44):         pre_parse(node_list[left_child_idx])
 --- modulename: s791907518, funcname: pre_parse
s791907518.py(38):     print(' ' + str(v.index), end='')
 2s791907518.py(40):     left_child_idx = v.children[0]
s791907518.py(41):     right_child_idx = v.children[1]
s791907518.py(43):     if left_child_idx != -1:
s791907518.py(46):     if right_child_idx != -1:
s791907518.py(49):     return v.index
s791907518.py(46):     if right_child_idx != -1:
s791907518.py(47):         pre_parse(node_list[right_child_idx])
 --- modulename: s791907518, funcname: pre_parse
s791907518.py(38):     print(' ' + str(v.index), end='')
 3s791907518.py(40):     left_child_idx = v.children[0]
s791907518.py(41):     right_child_idx = v.children[1]
s791907518.py(43):     if left_child_idx != -1:
s791907518.py(46):     if right_child_idx != -1:
s791907518.py(49):     return v.index
s791907518.py(49):     return v.index
s791907518.py(46):     if right_child_idx != -1:
s791907518.py(47):         pre_parse(node_list[right_child_idx])
 --- modulename: s791907518, funcname: pre_parse
s791907518.py(38):     print(' ' + str(v.index), end='')
 4s791907518.py(40):     left_child_idx = v.children[0]
s791907518.py(41):     right_child_idx = v.children[1]
s791907518.py(43):     if left_child_idx != -1:
s791907518.py(44):         pre_parse(node_list[left_child_idx])
 --- modulename: s791907518, funcname: pre_parse
s791907518.py(38):     print(' ' + str(v.index), end='')
 5s791907518.py(40):     left_child_idx = v.children[0]
s791907518.py(41):     right_child_idx = v.children[1]
s791907518.py(43):     if left_child_idx != -1:
s791907518.py(44):         pre_parse(node_list[left_child_idx])
 --- modulename: s791907518, funcname: pre_parse
s791907518.py(38):     print(' ' + str(v.index), end='')
 6s791907518.py(40):     left_child_idx = v.children[0]
s791907518.py(41):     right_child_idx = v.children[1]
s791907518.py(43):     if left_child_idx != -1:
s791907518.py(46):     if right_child_idx != -1:
s791907518.py(49):     return v.index
s791907518.py(46):     if right_child_idx != -1:
s791907518.py(47):         pre_parse(node_list[right_child_idx])
 --- modulename: s791907518, funcname: pre_parse
s791907518.py(38):     print(' ' + str(v.index), end='')
 7s791907518.py(40):     left_child_idx = v.children[0]
s791907518.py(41):     right_child_idx = v.children[1]
s791907518.py(43):     if left_child_idx != -1:
s791907518.py(46):     if right_child_idx != -1:
s791907518.py(49):     return v.index
s791907518.py(49):     return v.index
s791907518.py(46):     if right_child_idx != -1:
s791907518.py(47):         pre_parse(node_list[right_child_idx])
 --- modulename: s791907518, funcname: pre_parse
s791907518.py(38):     print(' ' + str(v.index), end='')
 8s791907518.py(40):     left_child_idx = v.children[0]
s791907518.py(41):     right_child_idx = v.children[1]
s791907518.py(43):     if left_child_idx != -1:
s791907518.py(46):     if right_child_idx != -1:
s791907518.py(49):     return v.index
s791907518.py(49):     return v.index
s791907518.py(49):     return v.index
s791907518.py(103):     print('\n' + 'Inorder')

Inorder
s791907518.py(104):     in_parse(root_node)
 --- modulename: s791907518, funcname: in_parse
s791907518.py(53):     left_child_idx = v.children[0]
s791907518.py(54):     right_child_idx = v.children[1]
s791907518.py(56):     if left_child_idx != -1:
s791907518.py(57):         in_parse(node_list[left_child_idx])
 --- modulename: s791907518, funcname: in_parse
s791907518.py(53):     left_child_idx = v.children[0]
s791907518.py(54):     right_child_idx = v.children[1]
s791907518.py(56):     if left_child_idx != -1:
s791907518.py(57):         in_parse(node_list[left_child_idx])
 --- modulename: s791907518, funcname: in_parse
s791907518.py(53):     left_child_idx = v.children[0]
s791907518.py(54):     right_child_idx = v.children[1]
s791907518.py(56):     if left_child_idx != -1:
s791907518.py(59):     print(' ' + str(v.index), end='')
 2s791907518.py(61):     if right_child_idx != -1:
s791907518.py(64):     return v.index
s791907518.py(59):     print(' ' + str(v.index), end='')
 1s791907518.py(61):     if right_child_idx != -1:
s791907518.py(62):         in_parse(node_list[right_child_idx])
 --- modulename: s791907518, funcname: in_parse
s791907518.py(53):     left_child_idx = v.children[0]
s791907518.py(54):     right_child_idx = v.children[1]
s791907518.py(56):     if left_child_idx != -1:
s791907518.py(59):     print(' ' + str(v.index), end='')
 3s791907518.py(61):     if right_child_idx != -1:
s791907518.py(64):     return v.index
s791907518.py(64):     return v.index
s791907518.py(59):     print(' ' + str(v.index), end='')
 0s791907518.py(61):     if right_child_idx != -1:
s791907518.py(62):         in_parse(node_list[right_child_idx])
 --- modulename: s791907518, funcname: in_parse
s791907518.py(53):     left_child_idx = v.children[0]
s791907518.py(54):     right_child_idx = v.children[1]
s791907518.py(56):     if left_child_idx != -1:
s791907518.py(57):         in_parse(node_list[left_child_idx])
 --- modulename: s791907518, funcname: in_parse
s791907518.py(53):     left_child_idx = v.children[0]
s791907518.py(54):     right_child_idx = v.children[1]
s791907518.py(56):     if left_child_idx != -1:
s791907518.py(57):         in_parse(node_list[left_child_idx])
 --- modulename: s791907518, funcname: in_parse
s791907518.py(53):     left_child_idx = v.children[0]
s791907518.py(54):     right_child_idx = v.children[1]
s791907518.py(56):     if left_child_idx != -1:
s791907518.py(59):     print(' ' + str(v.index), end='')
 6s791907518.py(61):     if right_child_idx != -1:
s791907518.py(64):     return v.index
s791907518.py(59):     print(' ' + str(v.index), end='')
 5s791907518.py(61):     if right_child_idx != -1:
s791907518.py(62):         in_parse(node_list[right_child_idx])
 --- modulename: s791907518, funcname: in_parse
s791907518.py(53):     left_child_idx = v.children[0]
s791907518.py(54):     right_child_idx = v.children[1]
s791907518.py(56):     if left_child_idx != -1:
s791907518.py(59):     print(' ' + str(v.index), end='')
 7s791907518.py(61):     if right_child_idx != -1:
s791907518.py(64):     return v.index
s791907518.py(64):     return v.index
s791907518.py(59):     print(' ' + str(v.index), end='')
 4s791907518.py(61):     if right_child_idx != -1:
s791907518.py(62):         in_parse(node_list[right_child_idx])
 --- modulename: s791907518, funcname: in_parse
s791907518.py(53):     left_child_idx = v.children[0]
s791907518.py(54):     right_child_idx = v.children[1]
s791907518.py(56):     if left_child_idx != -1:
s791907518.py(59):     print(' ' + str(v.index), end='')
 8s791907518.py(61):     if right_child_idx != -1:
s791907518.py(64):     return v.index
s791907518.py(64):     return v.index
s791907518.py(64):     return v.index
s791907518.py(105):     print('\n' + 'Postorder')

Postorder
s791907518.py(106):     post_parse(root_node)
 --- modulename: s791907518, funcname: post_parse
s791907518.py(68):     left_child_idx = v.children[0]
s791907518.py(69):     right_child_idx = v.children[1]
s791907518.py(71):     if left_child_idx != -1:
s791907518.py(72):         post_parse(node_list[left_child_idx])
 --- modulename: s791907518, funcname: post_parse
s791907518.py(68):     left_child_idx = v.children[0]
s791907518.py(69):     right_child_idx = v.children[1]
s791907518.py(71):     if left_child_idx != -1:
s791907518.py(72):         post_parse(node_list[left_child_idx])
 --- modulename: s791907518, funcname: post_parse
s791907518.py(68):     left_child_idx = v.children[0]
s791907518.py(69):     right_child_idx = v.children[1]
s791907518.py(71):     if left_child_idx != -1:
s791907518.py(74):     if right_child_idx != -1:
s791907518.py(77):     print(' ' + str(v.index), end='')
 2s791907518.py(79):     return v.index
s791907518.py(74):     if right_child_idx != -1:
s791907518.py(75):         post_parse(node_list[right_child_idx])
 --- modulename: s791907518, funcname: post_parse
s791907518.py(68):     left_child_idx = v.children[0]
s791907518.py(69):     right_child_idx = v.children[1]
s791907518.py(71):     if left_child_idx != -1:
s791907518.py(74):     if right_child_idx != -1:
s791907518.py(77):     print(' ' + str(v.index), end='')
 3s791907518.py(79):     return v.index
s791907518.py(77):     print(' ' + str(v.index), end='')
 1s791907518.py(79):     return v.index
s791907518.py(74):     if right_child_idx != -1:
s791907518.py(75):         post_parse(node_list[right_child_idx])
 --- modulename: s791907518, funcname: post_parse
s791907518.py(68):     left_child_idx = v.children[0]
s791907518.py(69):     right_child_idx = v.children[1]
s791907518.py(71):     if left_child_idx != -1:
s791907518.py(72):         post_parse(node_list[left_child_idx])
 --- modulename: s791907518, funcname: post_parse
s791907518.py(68):     left_child_idx = v.children[0]
s791907518.py(69):     right_child_idx = v.children[1]
s791907518.py(71):     if left_child_idx != -1:
s791907518.py(72):         post_parse(node_list[left_child_idx])
 --- modulename: s791907518, funcname: post_parse
s791907518.py(68):     left_child_idx = v.children[0]
s791907518.py(69):     right_child_idx = v.children[1]
s791907518.py(71):     if left_child_idx != -1:
s791907518.py(74):     if right_child_idx != -1:
s791907518.py(77):     print(' ' + str(v.index), end='')
 6s791907518.py(79):     return v.index
s791907518.py(74):     if right_child_idx != -1:
s791907518.py(75):         post_parse(node_list[right_child_idx])
 --- modulename: s791907518, funcname: post_parse
s791907518.py(68):     left_child_idx = v.children[0]
s791907518.py(69):     right_child_idx = v.children[1]
s791907518.py(71):     if left_child_idx != -1:
s791907518.py(74):     if right_child_idx != -1:
s791907518.py(77):     print(' ' + str(v.index), end='')
 7s791907518.py(79):     return v.index
s791907518.py(77):     print(' ' + str(v.index), end='')
 5s791907518.py(79):     return v.index
s791907518.py(74):     if right_child_idx != -1:
s791907518.py(75):         post_parse(node_list[right_child_idx])
 --- modulename: s791907518, funcname: post_parse
s791907518.py(68):     left_child_idx = v.children[0]
s791907518.py(69):     right_child_idx = v.children[1]
s791907518.py(71):     if left_child_idx != -1:
s791907518.py(74):     if right_child_idx != -1:
s791907518.py(77):     print(' ' + str(v.index), end='')
 8s791907518.py(79):     return v.index
s791907518.py(77):     print(' ' + str(v.index), end='')
 4s791907518.py(79):     return v.index
s791907518.py(77):     print(' ' + str(v.index), end='')
 0s791907518.py(79):     return v.index
s791907518.py(107):     print('')

s791907518.py(109):     return node_list
