 --- modulename: s792860594, funcname: <module>
s792860594.py(1): import sys
s792860594.py(3): input_methods=['clipboard','file','key']
s792860594.py(4): using_method=0
s792860594.py(5): input_method=input_methods[using_method]
s792860594.py(7): tin=lambda : map(int, input().split())
s792860594.py(8): lin=lambda : list(tin())
s792860594.py(9): mod=1000000007
s792860594.py(13): def main():
s792860594.py(26): isTest=False
s792860594.py(28): def pa(v):
s792860594.py(32): def input_clipboard():
s792860594.py(39): if __name__ == "__main__":
s792860594.py(40): 	if sys.platform =='ios':
s792860594.py(53): 	ret = main()
 --- modulename: s792860594, funcname: main
s792860594.py(14): 	x = int(input())
 --- modulename: codecs, funcname: getstate
codecs.py(333):         return (self.buffer, 0)
 --- modulename: codecs, funcname: decode
codecs.py(321):         data = self.buffer + input
codecs.py(322):         (result, consumed) = self._buffer_decode(data, self.errors, final)
codecs.py(324):         self.buffer = data[consumed:]
codecs.py(325):         return result
s792860594.py(17): 	s=0
s792860594.py(18): 	for i in range(mod):
s792860594.py(19): 		s+=i
s792860594.py(20): 		if s >= x:
s792860594.py(18): 	for i in range(mod):
s792860594.py(19): 		s+=i
s792860594.py(20): 		if s >= x:
s792860594.py(18): 	for i in range(mod):
s792860594.py(19): 		s+=i
s792860594.py(20): 		if s >= x:
s792860594.py(18): 	for i in range(mod):
s792860594.py(19): 		s+=i
s792860594.py(20): 		if s >= x:
s792860594.py(21): 			return i
s792860594.py(54): 	if ret is not None:
s792860594.py(55): 		print(ret)
3
