 --- modulename: s624922652, funcname: <module>
s624922652.py(1): import sys
s624922652.py(3): def input(): return sys.stdin.readline().strip()
s624922652.py(4): def list2d(a, b, c): return [[c] * b for i in range(a)]
s624922652.py(5): def list3d(a, b, c, d): return [[[d] * c for j in range(b)] for i in range(a)]
s624922652.py(6): def list4d(a, b, c, d, e): return [[[[e] * d for j in range(c)] for j in range(b)] for i in range(a)]
s624922652.py(7): def ceil(x, y=1): return int(-(-x // y))
s624922652.py(8): def INT(): return int(input())
s624922652.py(9): def MAP(): return map(int, input().split())
s624922652.py(10): def LIST(N=None): return list(MAP()) if N is None else [INT() for i in range(N)]
s624922652.py(11): def Yes(): print('Yes')
s624922652.py(12): def No(): print('No')
s624922652.py(13): def YES(): print('YES')
s624922652.py(14): def NO(): print('NO')
s624922652.py(15): sys.setrecursionlimit(10 ** 9)
s624922652.py(16): INF = 10 ** 18
s624922652.py(17): MOD = 10 ** 9 + 7
s624922652.py(18): EPS = 10 ** -10
s624922652.py(20): class ModTools:
 --- modulename: s624922652, funcname: ModTools
s624922652.py(20): class ModTools:
s624922652.py(21):     """ 階乗・逆元用のテーブルを構築する """
s624922652.py(23):     def __init__(self, MAX, MOD):
s624922652.py(39):     def nCr(self, n, r):
s624922652.py(48):     def nHr(self, n, r):
s624922652.py(53):     def nPr(self, n, r):
s624922652.py(59):     def div(self, x, y):
s624922652.py(64): N, K = MAP()
 --- modulename: s624922652, funcname: MAP
s624922652.py(9): def MAP(): return map(int, input().split())
 --- modulename: s624922652, funcname: input
s624922652.py(3): def input(): return sys.stdin.readline().strip()
 --- modulename: codecs, funcname: getstate
codecs.py(333):         return (self.buffer, 0)
 --- modulename: codecs, funcname: decode
codecs.py(321):         data = self.buffer + input
codecs.py(322):         (result, consumed) = self._buffer_decode(data, self.errors, final)
codecs.py(324):         self.buffer = data[consumed:]
codecs.py(325):         return result
s624922652.py(66): mt = ModTools(N+K+1, MOD)
 --- modulename: s624922652, funcname: __init__
s624922652.py(25):         MAX += 1
s624922652.py(26):         self.MAX = MAX
s624922652.py(27):         self.MOD = MOD
s624922652.py(28):         factorial = [1] * MAX
s624922652.py(29):         factorial[0] = factorial[1] = 1
s624922652.py(30):         for i in range(2, MAX):
s624922652.py(31):             factorial[i] = factorial[i-1] * i % MOD
s624922652.py(30):         for i in range(2, MAX):
s624922652.py(31):             factorial[i] = factorial[i-1] * i % MOD
s624922652.py(30):         for i in range(2, MAX):
s624922652.py(31):             factorial[i] = factorial[i-1] * i % MOD
s624922652.py(30):         for i in range(2, MAX):
s624922652.py(31):             factorial[i] = factorial[i-1] * i % MOD
s624922652.py(30):         for i in range(2, MAX):
s624922652.py(31):             factorial[i] = factorial[i-1] * i % MOD
s624922652.py(30):         for i in range(2, MAX):
s624922652.py(31):             factorial[i] = factorial[i-1] * i % MOD
s624922652.py(30):         for i in range(2, MAX):
s624922652.py(31):             factorial[i] = factorial[i-1] * i % MOD
s624922652.py(30):         for i in range(2, MAX):
s624922652.py(31):             factorial[i] = factorial[i-1] * i % MOD
s624922652.py(30):         for i in range(2, MAX):
s624922652.py(32):         inverse = [1] * MAX
s624922652.py(33):         inverse[MAX-1] = pow(factorial[MAX-1], MOD-2, MOD)
s624922652.py(34):         for i in range(MAX-2, -1, -1):
s624922652.py(35):             inverse[i] = inverse[i+1] * (i+1) % MOD
s624922652.py(34):         for i in range(MAX-2, -1, -1):
s624922652.py(35):             inverse[i] = inverse[i+1] * (i+1) % MOD
s624922652.py(34):         for i in range(MAX-2, -1, -1):
s624922652.py(35):             inverse[i] = inverse[i+1] * (i+1) % MOD
s624922652.py(34):         for i in range(MAX-2, -1, -1):
s624922652.py(35):             inverse[i] = inverse[i+1] * (i+1) % MOD
s624922652.py(34):         for i in range(MAX-2, -1, -1):
s624922652.py(35):             inverse[i] = inverse[i+1] * (i+1) % MOD
s624922652.py(34):         for i in range(MAX-2, -1, -1):
s624922652.py(35):             inverse[i] = inverse[i+1] * (i+1) % MOD
s624922652.py(34):         for i in range(MAX-2, -1, -1):
s624922652.py(35):             inverse[i] = inverse[i+1] * (i+1) % MOD
s624922652.py(34):         for i in range(MAX-2, -1, -1):
s624922652.py(35):             inverse[i] = inverse[i+1] * (i+1) % MOD
s624922652.py(34):         for i in range(MAX-2, -1, -1):
s624922652.py(35):             inverse[i] = inverse[i+1] * (i+1) % MOD
s624922652.py(34):         for i in range(MAX-2, -1, -1):
s624922652.py(36):         self.fact = factorial
s624922652.py(37):         self.inv = inverse
s624922652.py(67): ans = mt.nCr(K, N)
 --- modulename: s624922652, funcname: nCr
s624922652.py(42):         if n < r: return 0
s624922652.py(43):         r = min(r, n-r)
s624922652.py(44):         numerator = self.fact[n]
s624922652.py(45):         denominator = self.inv[r] * self.inv[n-r] % self.MOD
s624922652.py(46):         return numerator * denominator % self.MOD
s624922652.py(68): print(ans)
10
