 --- modulename: s625371710, funcname: <module>
s625371710.py(1): def add_adj(adj, k, v):
s625371710.py(7): def all_visited(N):
s625371710.py(14): def dfs(adj, cur, visited, N):
s625371710.py(25): def main():
s625371710.py(34): if __name__ == '__main__':
s625371710.py(35):     main()
 --- modulename: s625371710, funcname: main
s625371710.py(26):     N, M = map(int, input().split())
 --- modulename: codecs, funcname: getstate
codecs.py(333):         return (self.buffer, 0)
 --- modulename: codecs, funcname: decode
codecs.py(321):         data = self.buffer + input
codecs.py(322):         (result, consumed) = self._buffer_decode(data, self.errors, final)
codecs.py(324):         self.buffer = data[consumed:]
codecs.py(325):         return result
s625371710.py(27):     adj = {}
s625371710.py(28):     for i in range(M):
s625371710.py(29):         a, b = map(int, input().split())
s625371710.py(30):         add_adj(adj, a, b)
 --- modulename: s625371710, funcname: add_adj
s625371710.py(2):     if k not in adj:
s625371710.py(3):         adj[k] = set()
s625371710.py(4):     adj[k].add(v)
s625371710.py(31):         add_adj(adj, b, a)
 --- modulename: s625371710, funcname: add_adj
s625371710.py(2):     if k not in adj:
s625371710.py(3):         adj[k] = set()
s625371710.py(4):     adj[k].add(v)
s625371710.py(28):     for i in range(M):
s625371710.py(29):         a, b = map(int, input().split())
s625371710.py(30):         add_adj(adj, a, b)
 --- modulename: s625371710, funcname: add_adj
s625371710.py(2):     if k not in adj:
s625371710.py(4):     adj[k].add(v)
s625371710.py(31):         add_adj(adj, b, a)
 --- modulename: s625371710, funcname: add_adj
s625371710.py(2):     if k not in adj:
s625371710.py(3):         adj[k] = set()
s625371710.py(4):     adj[k].add(v)
s625371710.py(28):     for i in range(M):
s625371710.py(29):         a, b = map(int, input().split())
s625371710.py(30):         add_adj(adj, a, b)
 --- modulename: s625371710, funcname: add_adj
s625371710.py(2):     if k not in adj:
s625371710.py(4):     adj[k].add(v)
s625371710.py(31):         add_adj(adj, b, a)
 --- modulename: s625371710, funcname: add_adj
s625371710.py(2):     if k not in adj:
s625371710.py(4):     adj[k].add(v)
s625371710.py(28):     for i in range(M):
s625371710.py(32):     print(dfs(adj, 1, 1, N))
 --- modulename: s625371710, funcname: dfs
s625371710.py(15):     if visited == all_visited(N):
 --- modulename: s625371710, funcname: all_visited
s625371710.py(8):     x = 0
s625371710.py(9):     for i in range(N):
s625371710.py(10):         x += 1 << i
s625371710.py(9):     for i in range(N):
s625371710.py(10):         x += 1 << i
s625371710.py(9):     for i in range(N):
s625371710.py(10):         x += 1 << i
s625371710.py(9):     for i in range(N):
s625371710.py(11):     return x
s625371710.py(17):     cnt = 0
s625371710.py(18):     for nex in adj[cur]:
s625371710.py(19):         if (visited >> (nex - 1)) & 1 == 1:
s625371710.py(21):         cnt += dfs(adj, nex, (visited | (1 << (nex - 1))), N)
 --- modulename: s625371710, funcname: dfs
s625371710.py(15):     if visited == all_visited(N):
 --- modulename: s625371710, funcname: all_visited
s625371710.py(8):     x = 0
s625371710.py(9):     for i in range(N):
s625371710.py(10):         x += 1 << i
s625371710.py(9):     for i in range(N):
s625371710.py(10):         x += 1 << i
s625371710.py(9):     for i in range(N):
s625371710.py(10):         x += 1 << i
s625371710.py(9):     for i in range(N):
s625371710.py(11):     return x
s625371710.py(17):     cnt = 0
s625371710.py(18):     for nex in adj[cur]:
s625371710.py(19):         if (visited >> (nex - 1)) & 1 == 1:
s625371710.py(20):             continue
s625371710.py(18):     for nex in adj[cur]:
s625371710.py(19):         if (visited >> (nex - 1)) & 1 == 1:
s625371710.py(21):         cnt += dfs(adj, nex, (visited | (1 << (nex - 1))), N)
 --- modulename: s625371710, funcname: dfs
s625371710.py(15):     if visited == all_visited(N):
 --- modulename: s625371710, funcname: all_visited
s625371710.py(8):     x = 0
s625371710.py(9):     for i in range(N):
s625371710.py(10):         x += 1 << i
s625371710.py(9):     for i in range(N):
s625371710.py(10):         x += 1 << i
s625371710.py(9):     for i in range(N):
s625371710.py(10):         x += 1 << i
s625371710.py(9):     for i in range(N):
s625371710.py(11):     return x
s625371710.py(16):         return 1
s625371710.py(18):     for nex in adj[cur]:
s625371710.py(22):     return cnt
s625371710.py(18):     for nex in adj[cur]:
s625371710.py(19):         if (visited >> (nex - 1)) & 1 == 1:
s625371710.py(21):         cnt += dfs(adj, nex, (visited | (1 << (nex - 1))), N)
 --- modulename: s625371710, funcname: dfs
s625371710.py(15):     if visited == all_visited(N):
 --- modulename: s625371710, funcname: all_visited
s625371710.py(8):     x = 0
s625371710.py(9):     for i in range(N):
s625371710.py(10):         x += 1 << i
s625371710.py(9):     for i in range(N):
s625371710.py(10):         x += 1 << i
s625371710.py(9):     for i in range(N):
s625371710.py(10):         x += 1 << i
s625371710.py(9):     for i in range(N):
s625371710.py(11):     return x
s625371710.py(17):     cnt = 0
s625371710.py(18):     for nex in adj[cur]:
s625371710.py(19):         if (visited >> (nex - 1)) & 1 == 1:
s625371710.py(20):             continue
s625371710.py(18):     for nex in adj[cur]:
s625371710.py(19):         if (visited >> (nex - 1)) & 1 == 1:
s625371710.py(21):         cnt += dfs(adj, nex, (visited | (1 << (nex - 1))), N)
 --- modulename: s625371710, funcname: dfs
s625371710.py(15):     if visited == all_visited(N):
 --- modulename: s625371710, funcname: all_visited
s625371710.py(8):     x = 0
s625371710.py(9):     for i in range(N):
s625371710.py(10):         x += 1 << i
s625371710.py(9):     for i in range(N):
s625371710.py(10):         x += 1 << i
s625371710.py(9):     for i in range(N):
s625371710.py(10):         x += 1 << i
s625371710.py(9):     for i in range(N):
s625371710.py(11):     return x
s625371710.py(16):         return 1
s625371710.py(18):     for nex in adj[cur]:
s625371710.py(22):     return cnt
s625371710.py(18):     for nex in adj[cur]:
s625371710.py(22):     return cnt
2
