 --- modulename: s629703440, funcname: <module>
s629703440.py(2): import sys
s629703440.py(5): def solve(A: int, B: int):
s629703440.py(14): def main():
s629703440.py(24): if __name__ == '__main__':
s629703440.py(25):     main()
 --- modulename: s629703440, funcname: main
s629703440.py(15):     def iterate_tokens():
s629703440.py(19):     tokens = iterate_tokens()
s629703440.py(20):     A = int(next(tokens))  # type: int
 --- modulename: s629703440, funcname: iterate_tokens
s629703440.py(16):         for line in sys.stdin:
 --- modulename: codecs, funcname: decode
codecs.py(321):         data = self.buffer + input
codecs.py(322):         (result, consumed) = self._buffer_decode(data, self.errors, final)
codecs.py(324):         self.buffer = data[consumed:]
codecs.py(325):         return result
s629703440.py(17):             for word in line.split():
s629703440.py(18):                 yield word
s629703440.py(21):     B = int(next(tokens))  # type: int
 --- modulename: s629703440, funcname: iterate_tokens
s629703440.py(17):             for word in line.split():
s629703440.py(16):         for line in sys.stdin:
s629703440.py(17):             for word in line.split():
s629703440.py(18):                 yield word
s629703440.py(22):     solve(A, B)
 --- modulename: s629703440, funcname: solve
s629703440.py(6):     l = [1,2,3]
s629703440.py(7):     l.remove(A)
s629703440.py(8):     l.remove(B)
s629703440.py(9):     print(l[0])
2
s629703440.py(10):     return
 --- modulename: s629703440, funcname: iterate_tokens
