 --- modulename: s629634793, funcname: <module>
s629634793.py(1): import sys
s629634793.py(2): input=sys.stdin.readline
s629634793.py(5): def get_candidate(K):
s629634793.py(15): def get_ans(K, l):
s629634793.py(23): def solve():
s629634793.py(32): if __name__ == "__main__":
s629634793.py(33):     solve()
 --- modulename: s629634793, funcname: solve
s629634793.py(24):     N, K = map(int, input().split())
 --- modulename: codecs, funcname: getstate
codecs.py(333):         return (self.buffer, 0)
 --- modulename: codecs, funcname: decode
codecs.py(321):         data = self.buffer + input
codecs.py(322):         (result, consumed) = self._buffer_decode(data, self.errors, final)
codecs.py(324):         self.buffer = data[consumed:]
codecs.py(325):         return result
s629634793.py(25):     l = [tuple(map(int, input().split())) for _ in range(N)]
 --- modulename: s629634793, funcname: <listcomp>
s629634793.py(25):     l = [tuple(map(int, input().split())) for _ in range(N)]
s629634793.py(25):     l = [tuple(map(int, input().split())) for _ in range(N)]
s629634793.py(25):     l = [tuple(map(int, input().split())) for _ in range(N)]
s629634793.py(25):     l = [tuple(map(int, input().split())) for _ in range(N)]
s629634793.py(26):     ans = 0
s629634793.py(27):     for k in get_candidate(K):
 --- modulename: s629634793, funcname: get_candidate
s629634793.py(6):     l = []
s629634793.py(7):     b = 0
s629634793.py(8):     for i in range(30)[::-1]:
s629634793.py(9):         if K&(1<<i):
s629634793.py(8):     for i in range(30)[::-1]:
s629634793.py(9):         if K&(1<<i):
s629634793.py(8):     for i in range(30)[::-1]:
s629634793.py(9):         if K&(1<<i):
s629634793.py(8):     for i in range(30)[::-1]:
s629634793.py(9):         if K&(1<<i):
s629634793.py(8):     for i in range(30)[::-1]:
s629634793.py(9):         if K&(1<<i):
s629634793.py(8):     for i in range(30)[::-1]:
s629634793.py(9):         if K&(1<<i):
s629634793.py(8):     for i in range(30)[::-1]:
s629634793.py(9):         if K&(1<<i):
s629634793.py(8):     for i in range(30)[::-1]:
s629634793.py(9):         if K&(1<<i):
s629634793.py(8):     for i in range(30)[::-1]:
s629634793.py(9):         if K&(1<<i):
s629634793.py(8):     for i in range(30)[::-1]:
s629634793.py(9):         if K&(1<<i):
s629634793.py(8):     for i in range(30)[::-1]:
s629634793.py(9):         if K&(1<<i):
s629634793.py(8):     for i in range(30)[::-1]:
s629634793.py(9):         if K&(1<<i):
s629634793.py(8):     for i in range(30)[::-1]:
s629634793.py(9):         if K&(1<<i):
s629634793.py(8):     for i in range(30)[::-1]:
s629634793.py(9):         if K&(1<<i):
s629634793.py(8):     for i in range(30)[::-1]:
s629634793.py(9):         if K&(1<<i):
s629634793.py(8):     for i in range(30)[::-1]:
s629634793.py(9):         if K&(1<<i):
s629634793.py(8):     for i in range(30)[::-1]:
s629634793.py(9):         if K&(1<<i):
s629634793.py(8):     for i in range(30)[::-1]:
s629634793.py(9):         if K&(1<<i):
s629634793.py(8):     for i in range(30)[::-1]:
s629634793.py(9):         if K&(1<<i):
s629634793.py(8):     for i in range(30)[::-1]:
s629634793.py(9):         if K&(1<<i):
s629634793.py(8):     for i in range(30)[::-1]:
s629634793.py(9):         if K&(1<<i):
s629634793.py(8):     for i in range(30)[::-1]:
s629634793.py(9):         if K&(1<<i):
s629634793.py(8):     for i in range(30)[::-1]:
s629634793.py(9):         if K&(1<<i):
s629634793.py(8):     for i in range(30)[::-1]:
s629634793.py(9):         if K&(1<<i):
s629634793.py(8):     for i in range(30)[::-1]:
s629634793.py(9):         if K&(1<<i):
s629634793.py(8):     for i in range(30)[::-1]:
s629634793.py(9):         if K&(1<<i):
s629634793.py(8):     for i in range(30)[::-1]:
s629634793.py(9):         if K&(1<<i):
s629634793.py(8):     for i in range(30)[::-1]:
s629634793.py(9):         if K&(1<<i):
s629634793.py(10):             l.append(b + (1<<i) - 1)
s629634793.py(11):             b += (1<<i)
s629634793.py(8):     for i in range(30)[::-1]:
s629634793.py(9):         if K&(1<<i):
s629634793.py(8):     for i in range(30)[::-1]:
s629634793.py(9):         if K&(1<<i):
s629634793.py(10):             l.append(b + (1<<i) - 1)
s629634793.py(11):             b += (1<<i)
s629634793.py(8):     for i in range(30)[::-1]:
s629634793.py(12):     return l+[K]
s629634793.py(28):         ans = max(ans, get_ans(k, l))
 --- modulename: s629634793, funcname: get_ans
s629634793.py(16):     ans = 0
s629634793.py(17):     for i, j in l:
s629634793.py(18):         if i|K==K:
s629634793.py(19):             ans += j
s629634793.py(17):     for i, j in l:
s629634793.py(18):         if i|K==K:
s629634793.py(17):     for i, j in l:
s629634793.py(18):         if i|K==K:
s629634793.py(19):             ans += j
s629634793.py(17):     for i, j in l:
s629634793.py(20):     return ans
s629634793.py(27):     for k in get_candidate(K):
s629634793.py(28):         ans = max(ans, get_ans(k, l))
 --- modulename: s629634793, funcname: get_ans
s629634793.py(16):     ans = 0
s629634793.py(17):     for i, j in l:
s629634793.py(18):         if i|K==K:
s629634793.py(17):     for i, j in l:
s629634793.py(18):         if i|K==K:
s629634793.py(19):             ans += j
s629634793.py(17):     for i, j in l:
s629634793.py(18):         if i|K==K:
s629634793.py(17):     for i, j in l:
s629634793.py(20):     return ans
s629634793.py(27):     for k in get_candidate(K):
s629634793.py(28):         ans = max(ans, get_ans(k, l))
 --- modulename: s629634793, funcname: get_ans
s629634793.py(16):     ans = 0
s629634793.py(17):     for i, j in l:
s629634793.py(18):         if i|K==K:
s629634793.py(17):     for i, j in l:
s629634793.py(18):         if i|K==K:
s629634793.py(19):             ans += j
s629634793.py(17):     for i, j in l:
s629634793.py(18):         if i|K==K:
s629634793.py(17):     for i, j in l:
s629634793.py(20):     return ans
s629634793.py(27):     for k in get_candidate(K):
s629634793.py(29):     print(ans)
8
