 --- modulename: s632867095, funcname: <module>
s632867095.py(1): import sys
s632867095.py(2): input = sys.stdin.readline
s632867095.py(3): sys.setrecursionlimit(10**6)
s632867095.py(5): def inp():
s632867095.py(7): def inps():
s632867095.py(9): def inpl():
s632867095.py(11): def _debug(obj):
s632867095.py(27): N = inp()
 --- modulename: s632867095, funcname: inp
s632867095.py(6):     return int(input())
 --- modulename: codecs, funcname: getstate
codecs.py(333):         return (self.buffer, 0)
 --- modulename: codecs, funcname: decode
codecs.py(321):         data = self.buffer + input
codecs.py(322):         (result, consumed) = self._buffer_decode(data, self.errors, final)
codecs.py(324):         self.buffer = data[consumed:]
codecs.py(325):         return result
s632867095.py(28): S = inps()
 --- modulename: s632867095, funcname: inps
s632867095.py(8):     return input().rstrip()
s632867095.py(30): r = []
s632867095.py(31): g = []
s632867095.py(32): b = []
s632867095.py(34): for i in range(N):
s632867095.py(35):     if S[i] == "R":
s632867095.py(36):         r.append(i)
s632867095.py(37):     if S[i] == "G":
s632867095.py(39):     if S[i] == "B":
s632867095.py(34): for i in range(N):
s632867095.py(35):     if S[i] == "R":
s632867095.py(36):         r.append(i)
s632867095.py(37):     if S[i] == "G":
s632867095.py(39):     if S[i] == "B":
s632867095.py(34): for i in range(N):
s632867095.py(35):     if S[i] == "R":
s632867095.py(37):     if S[i] == "G":
s632867095.py(38):         g.append(i)
s632867095.py(39):     if S[i] == "B":
s632867095.py(34): for i in range(N):
s632867095.py(35):     if S[i] == "R":
s632867095.py(37):     if S[i] == "G":
s632867095.py(39):     if S[i] == "B":
s632867095.py(40):         b.append(i)
s632867095.py(34): for i in range(N):
s632867095.py(42): ans = 0
s632867095.py(43): for i in r:
s632867095.py(44):     for j in g:
s632867095.py(45):         m = i
s632867095.py(46):         n = j
s632867095.py(47):         if m > n:
s632867095.py(49):         sa = abs(m - n)
s632867095.py(50):         ans += len(b)
s632867095.py(51):         if m - sa >= 0 and S[m - sa] == "B":
s632867095.py(53):         if n + sa < N and S[n + sa] == "B":
s632867095.py(55):         if sa % 2 == 0 and S[m + sa//2] == "B":
s632867095.py(44):     for j in g:
s632867095.py(43): for i in r:
s632867095.py(44):     for j in g:
s632867095.py(45):         m = i
s632867095.py(46):         n = j
s632867095.py(47):         if m > n:
s632867095.py(49):         sa = abs(m - n)
s632867095.py(50):         ans += len(b)
s632867095.py(51):         if m - sa >= 0 and S[m - sa] == "B":
s632867095.py(53):         if n + sa < N and S[n + sa] == "B":
s632867095.py(54):             ans -= 1
s632867095.py(55):         if sa % 2 == 0 and S[m + sa//2] == "B":
s632867095.py(44):     for j in g:
s632867095.py(43): for i in r:
s632867095.py(57): print(ans)
1
