 --- modulename: s637937108, funcname: <module>
s637937108.py(1): class Trio:
 --- modulename: s637937108, funcname: Trio
s637937108.py(1): class Trio:
s637937108.py(2):     __pre=None
s637937108.py(3):     __val=None
s637937108.py(4):     __nex=None
s637937108.py(5):     def __init__(self,val,p=None,n=None):
s637937108.py(10):     def get_pre(self):return self.__pre
s637937108.py(12):     def get_nex(self):return self.__nex
s637937108.py(14):     def set_pre(self,n):self.__pre=n
s637937108.py(16):     def set_nex(self,n):self.__nex=n
s637937108.py(18):     def set_val(self,n):self.__val=n
s637937108.py(20):     def get_val(self):return self.__val
s637937108.py(22): class Queue:
 --- modulename: s637937108, funcname: Queue
s637937108.py(22): class Queue:
s637937108.py(23):     top = back = None
s637937108.py(24):     def __init__(self):
s637937108.py(27):     def enqueue(self,n):
s637937108.py(34):     def dequeue(self):
s637937108.py(47): s = input()
 --- modulename: codecs, funcname: getstate
codecs.py(333):         return (self.buffer, 0)
 --- modulename: codecs, funcname: decode
codecs.py(321):         data = self.buffer + input
codecs.py(322):         (result, consumed) = self._buffer_decode(data, self.errors, final)
codecs.py(324):         self.buffer = data[consumed:]
codecs.py(325):         return result
s637937108.py(48): n,limit=map(int,s.split())
s637937108.py(49): que=Queue()
 --- modulename: s637937108, funcname: __init__
s637937108.py(25):         pass
s637937108.py(50): for i in range(n):
s637937108.py(51):     lis=input().split()
s637937108.py(52):     que.enqueue((lis[0],int(lis[1])))
 --- modulename: s637937108, funcname: enqueue
s637937108.py(28):         if(self.top==None):
s637937108.py(29):             self.top = self.back = Trio(n)
 --- modulename: s637937108, funcname: __init__
s637937108.py(6):         self.__pre=p
s637937108.py(7):         self.__val=val
s637937108.py(8):         self.__nex=n
s637937108.py(50): for i in range(n):
s637937108.py(51):     lis=input().split()
s637937108.py(52):     que.enqueue((lis[0],int(lis[1])))
 --- modulename: s637937108, funcname: enqueue
s637937108.py(28):         if(self.top==None):
s637937108.py(31):             self.back.set_nex(Trio(n,p=self.back))
 --- modulename: s637937108, funcname: __init__
s637937108.py(6):         self.__pre=p
s637937108.py(7):         self.__val=val
s637937108.py(8):         self.__nex=n
 --- modulename: s637937108, funcname: set_nex
s637937108.py(16):     def set_nex(self,n):self.__nex=n
s637937108.py(32):             self.back=self.back.get_nex()
 --- modulename: s637937108, funcname: get_nex
s637937108.py(12):     def get_nex(self):return self.__nex
s637937108.py(50): for i in range(n):
s637937108.py(51):     lis=input().split()
s637937108.py(52):     que.enqueue((lis[0],int(lis[1])))
 --- modulename: s637937108, funcname: enqueue
s637937108.py(28):         if(self.top==None):
s637937108.py(31):             self.back.set_nex(Trio(n,p=self.back))
 --- modulename: s637937108, funcname: __init__
s637937108.py(6):         self.__pre=p
s637937108.py(7):         self.__val=val
s637937108.py(8):         self.__nex=n
 --- modulename: s637937108, funcname: set_nex
s637937108.py(16):     def set_nex(self,n):self.__nex=n
s637937108.py(32):             self.back=self.back.get_nex()
 --- modulename: s637937108, funcname: get_nex
s637937108.py(12):     def get_nex(self):return self.__nex
s637937108.py(50): for i in range(n):
s637937108.py(51):     lis=input().split()
s637937108.py(52):     que.enqueue((lis[0],int(lis[1])))
 --- modulename: s637937108, funcname: enqueue
s637937108.py(28):         if(self.top==None):
s637937108.py(31):             self.back.set_nex(Trio(n,p=self.back))
 --- modulename: s637937108, funcname: __init__
s637937108.py(6):         self.__pre=p
s637937108.py(7):         self.__val=val
s637937108.py(8):         self.__nex=n
 --- modulename: s637937108, funcname: set_nex
s637937108.py(16):     def set_nex(self,n):self.__nex=n
s637937108.py(32):             self.back=self.back.get_nex()
 --- modulename: s637937108, funcname: get_nex
s637937108.py(12):     def get_nex(self):return self.__nex
s637937108.py(50): for i in range(n):
s637937108.py(51):     lis=input().split()
s637937108.py(52):     que.enqueue((lis[0],int(lis[1])))
 --- modulename: s637937108, funcname: enqueue
s637937108.py(28):         if(self.top==None):
s637937108.py(31):             self.back.set_nex(Trio(n,p=self.back))
 --- modulename: s637937108, funcname: __init__
s637937108.py(6):         self.__pre=p
s637937108.py(7):         self.__val=val
s637937108.py(8):         self.__nex=n
 --- modulename: s637937108, funcname: set_nex
s637937108.py(16):     def set_nex(self,n):self.__nex=n
s637937108.py(32):             self.back=self.back.get_nex()
 --- modulename: s637937108, funcname: get_nex
s637937108.py(12):     def get_nex(self):return self.__nex
s637937108.py(50): for i in range(n):
s637937108.py(54): time=0
s637937108.py(56):     elm=que.dequeue()
 --- modulename: s637937108, funcname: dequeue
s637937108.py(35):         if(self.top==None):
s637937108.py(37):         elif(self.top==self.back):
s637937108.py(42):             self.top=self.top.get_nex()
 --- modulename: s637937108, funcname: get_nex
s637937108.py(12):     def get_nex(self):return self.__nex
s637937108.py(43):             oldtop=self.top.get_pre()
 --- modulename: s637937108, funcname: get_pre
s637937108.py(10):     def get_pre(self):return self.__pre
s637937108.py(44):             self.top.set_pre(None)
 --- modulename: s637937108, funcname: set_pre
s637937108.py(14):     def set_pre(self,n):self.__pre=n
s637937108.py(45):             return oldtop.get_val()
 --- modulename: s637937108, funcname: get_val
s637937108.py(20):     def get_val(self):return self.__val
s637937108.py(57):     if(elm==None):
s637937108.py(59):     elif(elm[1]>limit):
s637937108.py(60):         que.enqueue((elm[0],elm[1]-limit))
 --- modulename: s637937108, funcname: enqueue
s637937108.py(28):         if(self.top==None):
s637937108.py(31):             self.back.set_nex(Trio(n,p=self.back))
 --- modulename: s637937108, funcname: __init__
s637937108.py(6):         self.__pre=p
s637937108.py(7):         self.__val=val
s637937108.py(8):         self.__nex=n
 --- modulename: s637937108, funcname: set_nex
s637937108.py(16):     def set_nex(self,n):self.__nex=n
s637937108.py(32):             self.back=self.back.get_nex()
 --- modulename: s637937108, funcname: get_nex
s637937108.py(12):     def get_nex(self):return self.__nex
s637937108.py(61):         time+=limit
s637937108.py(56):     elm=que.dequeue()
 --- modulename: s637937108, funcname: dequeue
s637937108.py(35):         if(self.top==None):
s637937108.py(37):         elif(self.top==self.back):
s637937108.py(42):             self.top=self.top.get_nex()
 --- modulename: s637937108, funcname: get_nex
s637937108.py(12):     def get_nex(self):return self.__nex
s637937108.py(43):             oldtop=self.top.get_pre()
 --- modulename: s637937108, funcname: get_pre
s637937108.py(10):     def get_pre(self):return self.__pre
s637937108.py(44):             self.top.set_pre(None)
 --- modulename: s637937108, funcname: set_pre
s637937108.py(14):     def set_pre(self,n):self.__pre=n
s637937108.py(45):             return oldtop.get_val()
 --- modulename: s637937108, funcname: get_val
s637937108.py(20):     def get_val(self):return self.__val
s637937108.py(57):     if(elm==None):
s637937108.py(59):     elif(elm[1]>limit):
s637937108.py(63):         time+=elm[1]
s637937108.py(64):         print(elm[0],time)
p2 180
s637937108.py(56):     elm=que.dequeue()
 --- modulename: s637937108, funcname: dequeue
s637937108.py(35):         if(self.top==None):
s637937108.py(37):         elif(self.top==self.back):
s637937108.py(42):             self.top=self.top.get_nex()
 --- modulename: s637937108, funcname: get_nex
s637937108.py(12):     def get_nex(self):return self.__nex
s637937108.py(43):             oldtop=self.top.get_pre()
 --- modulename: s637937108, funcname: get_pre
s637937108.py(10):     def get_pre(self):return self.__pre
s637937108.py(44):             self.top.set_pre(None)
 --- modulename: s637937108, funcname: set_pre
s637937108.py(14):     def set_pre(self,n):self.__pre=n
s637937108.py(45):             return oldtop.get_val()
 --- modulename: s637937108, funcname: get_val
s637937108.py(20):     def get_val(self):return self.__val
s637937108.py(57):     if(elm==None):
s637937108.py(59):     elif(elm[1]>limit):
s637937108.py(60):         que.enqueue((elm[0],elm[1]-limit))
 --- modulename: s637937108, funcname: enqueue
s637937108.py(28):         if(self.top==None):
s637937108.py(31):             self.back.set_nex(Trio(n,p=self.back))
 --- modulename: s637937108, funcname: __init__
s637937108.py(6):         self.__pre=p
s637937108.py(7):         self.__val=val
s637937108.py(8):         self.__nex=n
 --- modulename: s637937108, funcname: set_nex
s637937108.py(16):     def set_nex(self,n):self.__nex=n
s637937108.py(32):             self.back=self.back.get_nex()
 --- modulename: s637937108, funcname: get_nex
s637937108.py(12):     def get_nex(self):return self.__nex
s637937108.py(61):         time+=limit
s637937108.py(56):     elm=que.dequeue()
 --- modulename: s637937108, funcname: dequeue
s637937108.py(35):         if(self.top==None):
s637937108.py(37):         elif(self.top==self.back):
s637937108.py(42):             self.top=self.top.get_nex()
 --- modulename: s637937108, funcname: get_nex
s637937108.py(12):     def get_nex(self):return self.__nex
s637937108.py(43):             oldtop=self.top.get_pre()
 --- modulename: s637937108, funcname: get_pre
s637937108.py(10):     def get_pre(self):return self.__pre
s637937108.py(44):             self.top.set_pre(None)
 --- modulename: s637937108, funcname: set_pre
s637937108.py(14):     def set_pre(self,n):self.__pre=n
s637937108.py(45):             return oldtop.get_val()
 --- modulename: s637937108, funcname: get_val
s637937108.py(20):     def get_val(self):return self.__val
s637937108.py(57):     if(elm==None):
s637937108.py(59):     elif(elm[1]>limit):
s637937108.py(60):         que.enqueue((elm[0],elm[1]-limit))
 --- modulename: s637937108, funcname: enqueue
s637937108.py(28):         if(self.top==None):
s637937108.py(31):             self.back.set_nex(Trio(n,p=self.back))
 --- modulename: s637937108, funcname: __init__
s637937108.py(6):         self.__pre=p
s637937108.py(7):         self.__val=val
s637937108.py(8):         self.__nex=n
 --- modulename: s637937108, funcname: set_nex
s637937108.py(16):     def set_nex(self,n):self.__nex=n
s637937108.py(32):             self.back=self.back.get_nex()
 --- modulename: s637937108, funcname: get_nex
s637937108.py(12):     def get_nex(self):return self.__nex
s637937108.py(61):         time+=limit
s637937108.py(56):     elm=que.dequeue()
 --- modulename: s637937108, funcname: dequeue
s637937108.py(35):         if(self.top==None):
s637937108.py(37):         elif(self.top==self.back):
s637937108.py(42):             self.top=self.top.get_nex()
 --- modulename: s637937108, funcname: get_nex
s637937108.py(12):     def get_nex(self):return self.__nex
s637937108.py(43):             oldtop=self.top.get_pre()
 --- modulename: s637937108, funcname: get_pre
s637937108.py(10):     def get_pre(self):return self.__pre
s637937108.py(44):             self.top.set_pre(None)
 --- modulename: s637937108, funcname: set_pre
s637937108.py(14):     def set_pre(self,n):self.__pre=n
s637937108.py(45):             return oldtop.get_val()
 --- modulename: s637937108, funcname: get_val
s637937108.py(20):     def get_val(self):return self.__val
s637937108.py(57):     if(elm==None):
s637937108.py(59):     elif(elm[1]>limit):
s637937108.py(63):         time+=elm[1]
s637937108.py(64):         print(elm[0],time)
p5 400
s637937108.py(56):     elm=que.dequeue()
 --- modulename: s637937108, funcname: dequeue
s637937108.py(35):         if(self.top==None):
s637937108.py(37):         elif(self.top==self.back):
s637937108.py(42):             self.top=self.top.get_nex()
 --- modulename: s637937108, funcname: get_nex
s637937108.py(12):     def get_nex(self):return self.__nex
s637937108.py(43):             oldtop=self.top.get_pre()
 --- modulename: s637937108, funcname: get_pre
s637937108.py(10):     def get_pre(self):return self.__pre
s637937108.py(44):             self.top.set_pre(None)
 --- modulename: s637937108, funcname: set_pre
s637937108.py(14):     def set_pre(self,n):self.__pre=n
s637937108.py(45):             return oldtop.get_val()
 --- modulename: s637937108, funcname: get_val
s637937108.py(20):     def get_val(self):return self.__val
s637937108.py(57):     if(elm==None):
s637937108.py(59):     elif(elm[1]>limit):
s637937108.py(63):         time+=elm[1]
s637937108.py(64):         print(elm[0],time)
p1 450
s637937108.py(56):     elm=que.dequeue()
 --- modulename: s637937108, funcname: dequeue
s637937108.py(35):         if(self.top==None):
s637937108.py(37):         elif(self.top==self.back):
s637937108.py(42):             self.top=self.top.get_nex()
 --- modulename: s637937108, funcname: get_nex
s637937108.py(12):     def get_nex(self):return self.__nex
s637937108.py(43):             oldtop=self.top.get_pre()
 --- modulename: s637937108, funcname: get_pre
s637937108.py(10):     def get_pre(self):return self.__pre
s637937108.py(44):             self.top.set_pre(None)
 --- modulename: s637937108, funcname: set_pre
s637937108.py(14):     def set_pre(self,n):self.__pre=n
s637937108.py(45):             return oldtop.get_val()
 --- modulename: s637937108, funcname: get_val
s637937108.py(20):     def get_val(self):return self.__val
s637937108.py(57):     if(elm==None):
s637937108.py(59):     elif(elm[1]>limit):
s637937108.py(63):         time+=elm[1]
s637937108.py(64):         print(elm[0],time)
p3 550
s637937108.py(56):     elm=que.dequeue()
 --- modulename: s637937108, funcname: dequeue
s637937108.py(35):         if(self.top==None):
s637937108.py(37):         elif(self.top==self.back):
s637937108.py(38):             a=self.top.get_val()
 --- modulename: s637937108, funcname: get_val
s637937108.py(20):     def get_val(self):return self.__val
s637937108.py(39):             self.top,self.back=None,None
s637937108.py(40):             return a
s637937108.py(57):     if(elm==None):
s637937108.py(59):     elif(elm[1]>limit):
s637937108.py(60):         que.enqueue((elm[0],elm[1]-limit))
 --- modulename: s637937108, funcname: enqueue
s637937108.py(28):         if(self.top==None):
s637937108.py(29):             self.top = self.back = Trio(n)
 --- modulename: s637937108, funcname: __init__
s637937108.py(6):         self.__pre=p
s637937108.py(7):         self.__val=val
s637937108.py(8):         self.__nex=n
s637937108.py(61):         time+=limit
s637937108.py(56):     elm=que.dequeue()
 --- modulename: s637937108, funcname: dequeue
s637937108.py(35):         if(self.top==None):
s637937108.py(37):         elif(self.top==self.back):
s637937108.py(38):             a=self.top.get_val()
 --- modulename: s637937108, funcname: get_val
s637937108.py(20):     def get_val(self):return self.__val
s637937108.py(39):             self.top,self.back=None,None
s637937108.py(40):             return a
s637937108.py(57):     if(elm==None):
s637937108.py(59):     elif(elm[1]>limit):
s637937108.py(60):         que.enqueue((elm[0],elm[1]-limit))
 --- modulename: s637937108, funcname: enqueue
s637937108.py(28):         if(self.top==None):
s637937108.py(29):             self.top = self.back = Trio(n)
 --- modulename: s637937108, funcname: __init__
s637937108.py(6):         self.__pre=p
s637937108.py(7):         self.__val=val
s637937108.py(8):         self.__nex=n
s637937108.py(61):         time+=limit
s637937108.py(56):     elm=que.dequeue()
 --- modulename: s637937108, funcname: dequeue
s637937108.py(35):         if(self.top==None):
s637937108.py(37):         elif(self.top==self.back):
s637937108.py(38):             a=self.top.get_val()
 --- modulename: s637937108, funcname: get_val
s637937108.py(20):     def get_val(self):return self.__val
s637937108.py(39):             self.top,self.back=None,None
s637937108.py(40):             return a
s637937108.py(57):     if(elm==None):
s637937108.py(59):     elif(elm[1]>limit):
s637937108.py(63):         time+=elm[1]
s637937108.py(64):         print(elm[0],time)
p4 800
s637937108.py(56):     elm=que.dequeue()
 --- modulename: s637937108, funcname: dequeue
s637937108.py(35):         if(self.top==None):
s637937108.py(36):             return None
s637937108.py(57):     if(elm==None):
s637937108.py(58):         break
