 --- modulename: s640737201, funcname: <module>
s640737201.py(6): from collections import defaultdict
 --- modulename: _bootstrap, funcname: _handle_fromlist
<frozen importlib._bootstrap>(1043): <frozen importlib._bootstrap>(1044): <frozen importlib._bootstrap>(1051): <frozen importlib._bootstrap>(1055): <frozen importlib._bootstrap>(1043): <frozen importlib._bootstrap>(1067): s640737201.py(8): class ReRooting:
 --- modulename: s640737201, funcname: ReRooting
s640737201.py(8): class ReRooting:
s640737201.py(9):     def __init__(self, f, g, merge, ie):
s640737201.py(17):     def add_edge(self, u, v):
s640737201.py(21):     def __dfs1(self, u, p):
s640737201.py(41):     def __dfs2(self, u, p, a):
s640737201.py(95):     def build(self, root=1):
s640737201.py(99):     def slv(self, u):
s640737201.py(107): def atcoder_dp_dp_v():
s640737201.py(124): def atcoder_abc60_f():
s640737201.py(164): def codeforces_1324_f():
s640737201.py(192): if __name__ == '__main__':
s640737201.py(193):     atcoder_dp_dp_v()
 --- modulename: s640737201, funcname: atcoder_dp_dp_v
s640737201.py(109):     N, M = map(int, input().split())
 --- modulename: codecs, funcname: getstate
codecs.py(333):         return (self.buffer, 0)
 --- modulename: codecs, funcname: decode
codecs.py(321):         data = self.buffer + input
codecs.py(322):         (result, consumed) = self._buffer_decode(data, self.errors, final)
codecs.py(324):         self.buffer = data[consumed:]
codecs.py(325):         return result
s640737201.py(110):     XY = [list(map(int, input().split())) for _ in range(N-1)]
 --- modulename: s640737201, funcname: <listcomp>
s640737201.py(110):     XY = [list(map(int, input().split())) for _ in range(N-1)]
s640737201.py(110):     XY = [list(map(int, input().split())) for _ in range(N-1)]
s640737201.py(110):     XY = [list(map(int, input().split())) for _ in range(N-1)]
s640737201.py(112):     f = lambda x, y: x
s640737201.py(113):     g = lambda x, y: x + 1
s640737201.py(114):     merge = lambda x, y: (x * y) % M
s640737201.py(115):     rr = ReRooting(f, g, merge, 1)
 --- modulename: s640737201, funcname: __init__
s640737201.py(10):         self.tree = defaultdict(list)
s640737201.py(11):         self.f = f
s640737201.py(12):         self.g = g
s640737201.py(13):         self.merge = merge
s640737201.py(14):         self.ie = ie
s640737201.py(15):         self.dp = defaultdict(dict)
s640737201.py(116):     for x, y in XY:
s640737201.py(117):         rr.add_edge(x, y)
 --- modulename: s640737201, funcname: add_edge
s640737201.py(18):         self.tree[u].append(v)
s640737201.py(19):         self.tree[v].append(u)
s640737201.py(116):     for x, y in XY:
s640737201.py(117):         rr.add_edge(x, y)
 --- modulename: s640737201, funcname: add_edge
s640737201.py(18):         self.tree[u].append(v)
s640737201.py(19):         self.tree[v].append(u)
s640737201.py(116):     for x, y in XY:
s640737201.py(119):     rr.build()
 --- modulename: s640737201, funcname: build
s640737201.py(96):         self.__dfs1(root, -1)
 --- modulename: s640737201, funcname: __dfs1
s640737201.py(22):         o = []
s640737201.py(23):         s = [(u, -1)]
s640737201.py(24):         while s:
s640737201.py(25):             u, p = s.pop()
s640737201.py(26):             o.append((u, p))
s640737201.py(27):             for v in self.tree[u]:
s640737201.py(28):                 if v == p:
s640737201.py(30):                 s.append((v, u))
s640737201.py(27):             for v in self.tree[u]:
s640737201.py(24):         while s:
s640737201.py(25):             u, p = s.pop()
s640737201.py(26):             o.append((u, p))
s640737201.py(27):             for v in self.tree[u]:
s640737201.py(28):                 if v == p:
s640737201.py(29):                     continue
s640737201.py(27):             for v in self.tree[u]:
s640737201.py(28):                 if v == p:
s640737201.py(30):                 s.append((v, u))
s640737201.py(27):             for v in self.tree[u]:
s640737201.py(24):         while s:
s640737201.py(25):             u, p = s.pop()
s640737201.py(26):             o.append((u, p))
s640737201.py(27):             for v in self.tree[u]:
s640737201.py(28):                 if v == p:
s640737201.py(29):                     continue
s640737201.py(27):             for v in self.tree[u]:
s640737201.py(24):         while s:
s640737201.py(32):         for u, p in reversed(o):
s640737201.py(33):             r = self.ie
s640737201.py(34):             for v in self.tree[u]:
s640737201.py(35):                 if v == p:
s640737201.py(36):                     continue
s640737201.py(34):             for v in self.tree[u]:
s640737201.py(39):             self.dp[p][u] = self.g(r, u)
 --- modulename: s640737201, funcname: <lambda>
s640737201.py(113):     g = lambda x, y: x + 1
s640737201.py(32):         for u, p in reversed(o):
s640737201.py(33):             r = self.ie
s640737201.py(34):             for v in self.tree[u]:
s640737201.py(35):                 if v == p:
s640737201.py(36):                     continue
s640737201.py(34):             for v in self.tree[u]:
s640737201.py(35):                 if v == p:
s640737201.py(37):                 r = self.merge(r, self.f(self.dp[u][v], v))
 --- modulename: s640737201, funcname: <lambda>
s640737201.py(112):     f = lambda x, y: x
 --- modulename: s640737201, funcname: <lambda>
s640737201.py(114):     merge = lambda x, y: (x * y) % M
s640737201.py(34):             for v in self.tree[u]:
s640737201.py(39):             self.dp[p][u] = self.g(r, u)
 --- modulename: s640737201, funcname: <lambda>
s640737201.py(113):     g = lambda x, y: x + 1
s640737201.py(32):         for u, p in reversed(o):
s640737201.py(33):             r = self.ie
s640737201.py(34):             for v in self.tree[u]:
s640737201.py(35):                 if v == p:
s640737201.py(37):                 r = self.merge(r, self.f(self.dp[u][v], v))
 --- modulename: s640737201, funcname: <lambda>
s640737201.py(112):     f = lambda x, y: x
 --- modulename: s640737201, funcname: <lambda>
s640737201.py(114):     merge = lambda x, y: (x * y) % M
s640737201.py(34):             for v in self.tree[u]:
s640737201.py(39):             self.dp[p][u] = self.g(r, u)
 --- modulename: s640737201, funcname: <lambda>
s640737201.py(113):     g = lambda x, y: x + 1
s640737201.py(32):         for u, p in reversed(o):
s640737201.py(97):         self.__dfs2(root, -1, self.ie)
 --- modulename: s640737201, funcname: __dfs2
s640737201.py(42):         s = [(u, p, a)]
s640737201.py(44):         while s:
s640737201.py(45):             u, p, a = s.pop()
s640737201.py(46):             self.dp[u][p] = a
s640737201.py(48):             pl = [0] * (len(self.tree[u]) + 1)
s640737201.py(49):             pl[0] = self.ie
s640737201.py(50):             for i, v in enumerate(self.tree[u]):
s640737201.py(51):                 pl[i+1] = self.merge(pl[i], self.f(self.dp[u][v], v))
 --- modulename: s640737201, funcname: <lambda>
s640737201.py(112):     f = lambda x, y: x
 --- modulename: s640737201, funcname: <lambda>
s640737201.py(114):     merge = lambda x, y: (x * y) % M
s640737201.py(50):             for i, v in enumerate(self.tree[u]):
s640737201.py(53):             pr = [0] * (len(self.tree[u]) + 1)
s640737201.py(54):             pr[-1] = self.ie
s640737201.py(55):             for i, v in reversed(list(enumerate(self.tree[u]))):
s640737201.py(56):                 pr[i] = self.merge(pr[i+1], self.f(self.dp[u][v], v))
 --- modulename: s640737201, funcname: <lambda>
s640737201.py(112):     f = lambda x, y: x
 --- modulename: s640737201, funcname: <lambda>
s640737201.py(114):     merge = lambda x, y: (x * y) % M
s640737201.py(55):             for i, v in reversed(list(enumerate(self.tree[u]))):
s640737201.py(58):             for i, v in enumerate(self.tree[u]):
s640737201.py(59):                 if v == p:
s640737201.py(61):                 r = self.merge(pl[i], pr[i+1])
 --- modulename: s640737201, funcname: <lambda>
s640737201.py(114):     merge = lambda x, y: (x * y) % M
s640737201.py(62):                 s.append((v, u, self.g(r, u)))
 --- modulename: s640737201, funcname: <lambda>
s640737201.py(113):     g = lambda x, y: x + 1
s640737201.py(58):             for i, v in enumerate(self.tree[u]):
s640737201.py(44):         while s:
s640737201.py(45):             u, p, a = s.pop()
s640737201.py(46):             self.dp[u][p] = a
s640737201.py(48):             pl = [0] * (len(self.tree[u]) + 1)
s640737201.py(49):             pl[0] = self.ie
s640737201.py(50):             for i, v in enumerate(self.tree[u]):
s640737201.py(51):                 pl[i+1] = self.merge(pl[i], self.f(self.dp[u][v], v))
 --- modulename: s640737201, funcname: <lambda>
s640737201.py(112):     f = lambda x, y: x
 --- modulename: s640737201, funcname: <lambda>
s640737201.py(114):     merge = lambda x, y: (x * y) % M
s640737201.py(50):             for i, v in enumerate(self.tree[u]):
s640737201.py(51):                 pl[i+1] = self.merge(pl[i], self.f(self.dp[u][v], v))
 --- modulename: s640737201, funcname: <lambda>
s640737201.py(112):     f = lambda x, y: x
 --- modulename: s640737201, funcname: <lambda>
s640737201.py(114):     merge = lambda x, y: (x * y) % M
s640737201.py(50):             for i, v in enumerate(self.tree[u]):
s640737201.py(53):             pr = [0] * (len(self.tree[u]) + 1)
s640737201.py(54):             pr[-1] = self.ie
s640737201.py(55):             for i, v in reversed(list(enumerate(self.tree[u]))):
s640737201.py(56):                 pr[i] = self.merge(pr[i+1], self.f(self.dp[u][v], v))
 --- modulename: s640737201, funcname: <lambda>
s640737201.py(112):     f = lambda x, y: x
 --- modulename: s640737201, funcname: <lambda>
s640737201.py(114):     merge = lambda x, y: (x * y) % M
s640737201.py(55):             for i, v in reversed(list(enumerate(self.tree[u]))):
s640737201.py(56):                 pr[i] = self.merge(pr[i+1], self.f(self.dp[u][v], v))
 --- modulename: s640737201, funcname: <lambda>
s640737201.py(112):     f = lambda x, y: x
 --- modulename: s640737201, funcname: <lambda>
s640737201.py(114):     merge = lambda x, y: (x * y) % M
s640737201.py(55):             for i, v in reversed(list(enumerate(self.tree[u]))):
s640737201.py(58):             for i, v in enumerate(self.tree[u]):
s640737201.py(59):                 if v == p:
s640737201.py(60):                     continue
s640737201.py(58):             for i, v in enumerate(self.tree[u]):
s640737201.py(59):                 if v == p:
s640737201.py(61):                 r = self.merge(pl[i], pr[i+1])
 --- modulename: s640737201, funcname: <lambda>
s640737201.py(114):     merge = lambda x, y: (x * y) % M
s640737201.py(62):                 s.append((v, u, self.g(r, u)))
 --- modulename: s640737201, funcname: <lambda>
s640737201.py(113):     g = lambda x, y: x + 1
s640737201.py(58):             for i, v in enumerate(self.tree[u]):
s640737201.py(44):         while s:
s640737201.py(45):             u, p, a = s.pop()
s640737201.py(46):             self.dp[u][p] = a
s640737201.py(48):             pl = [0] * (len(self.tree[u]) + 1)
s640737201.py(49):             pl[0] = self.ie
s640737201.py(50):             for i, v in enumerate(self.tree[u]):
s640737201.py(51):                 pl[i+1] = self.merge(pl[i], self.f(self.dp[u][v], v))
 --- modulename: s640737201, funcname: <lambda>
s640737201.py(112):     f = lambda x, y: x
 --- modulename: s640737201, funcname: <lambda>
s640737201.py(114):     merge = lambda x, y: (x * y) % M
s640737201.py(50):             for i, v in enumerate(self.tree[u]):
s640737201.py(53):             pr = [0] * (len(self.tree[u]) + 1)
s640737201.py(54):             pr[-1] = self.ie
s640737201.py(55):             for i, v in reversed(list(enumerate(self.tree[u]))):
s640737201.py(56):                 pr[i] = self.merge(pr[i+1], self.f(self.dp[u][v], v))
 --- modulename: s640737201, funcname: <lambda>
s640737201.py(112):     f = lambda x, y: x
 --- modulename: s640737201, funcname: <lambda>
s640737201.py(114):     merge = lambda x, y: (x * y) % M
s640737201.py(55):             for i, v in reversed(list(enumerate(self.tree[u]))):
s640737201.py(58):             for i, v in enumerate(self.tree[u]):
s640737201.py(59):                 if v == p:
s640737201.py(60):                     continue
s640737201.py(58):             for i, v in enumerate(self.tree[u]):
s640737201.py(44):         while s:
s640737201.py(120):     for u in range(1, N+1):
s640737201.py(121):         print(rr.slv(u)-1)
 --- modulename: s640737201, funcname: slv
s640737201.py(100):         r = self.ie
s640737201.py(101):         for v in self.tree[u]:
s640737201.py(102):             r = self.merge(r, self.f(self.dp[u][v], v))
 --- modulename: s640737201, funcname: <lambda>
s640737201.py(112):     f = lambda x, y: x
 --- modulename: s640737201, funcname: <lambda>
s640737201.py(114):     merge = lambda x, y: (x * y) % M
s640737201.py(101):         for v in self.tree[u]:
s640737201.py(104):         return self.g(r, u)
 --- modulename: s640737201, funcname: <lambda>
s640737201.py(113):     g = lambda x, y: x + 1
3
s640737201.py(120):     for u in range(1, N+1):
s640737201.py(121):         print(rr.slv(u)-1)
 --- modulename: s640737201, funcname: slv
s640737201.py(100):         r = self.ie
s640737201.py(101):         for v in self.tree[u]:
s640737201.py(102):             r = self.merge(r, self.f(self.dp[u][v], v))
 --- modulename: s640737201, funcname: <lambda>
s640737201.py(112):     f = lambda x, y: x
 --- modulename: s640737201, funcname: <lambda>
s640737201.py(114):     merge = lambda x, y: (x * y) % M
s640737201.py(101):         for v in self.tree[u]:
s640737201.py(102):             r = self.merge(r, self.f(self.dp[u][v], v))
 --- modulename: s640737201, funcname: <lambda>
s640737201.py(112):     f = lambda x, y: x
 --- modulename: s640737201, funcname: <lambda>
s640737201.py(114):     merge = lambda x, y: (x * y) % M
s640737201.py(101):         for v in self.tree[u]:
s640737201.py(104):         return self.g(r, u)
 --- modulename: s640737201, funcname: <lambda>
s640737201.py(113):     g = lambda x, y: x + 1
4
s640737201.py(120):     for u in range(1, N+1):
s640737201.py(121):         print(rr.slv(u)-1)
 --- modulename: s640737201, funcname: slv
s640737201.py(100):         r = self.ie
s640737201.py(101):         for v in self.tree[u]:
s640737201.py(102):             r = self.merge(r, self.f(self.dp[u][v], v))
 --- modulename: s640737201, funcname: <lambda>
s640737201.py(112):     f = lambda x, y: x
 --- modulename: s640737201, funcname: <lambda>
s640737201.py(114):     merge = lambda x, y: (x * y) % M
s640737201.py(101):         for v in self.tree[u]:
s640737201.py(104):         return self.g(r, u)
 --- modulename: s640737201, funcname: <lambda>
s640737201.py(113):     g = lambda x, y: x + 1
3
s640737201.py(120):     for u in range(1, N+1):
