 --- modulename: s641642436, funcname: <module>
s641642436.py(2): import sys
s641642436.py(3): def input():
s641642436.py(6): N, A, B, K = list(map(int, input().split()))
 --- modulename: s641642436, funcname: input
s641642436.py(4): 	return sys.stdin.readline().strip()
 --- modulename: codecs, funcname: getstate
codecs.py(333):         return (self.buffer, 0)
 --- modulename: codecs, funcname: decode
codecs.py(321):         data = self.buffer + input
codecs.py(322):         (result, consumed) = self._buffer_decode(data, self.errors, final)
codecs.py(324):         self.buffer = data[consumed:]
codecs.py(325):         return result
s641642436.py(8): mod = 998244353
s641642436.py(10): fact_list = [1]
s641642436.py(11): for i in range(1, N + 1):
s641642436.py(12): 	fact_list.append((fact_list[-1]*i) % mod)
s641642436.py(11): for i in range(1, N + 1):
s641642436.py(12): 	fact_list.append((fact_list[-1]*i) % mod)
s641642436.py(11): for i in range(1, N + 1):
s641642436.py(12): 	fact_list.append((fact_list[-1]*i) % mod)
s641642436.py(11): for i in range(1, N + 1):
s641642436.py(12): 	fact_list.append((fact_list[-1]*i) % mod)
s641642436.py(11): for i in range(1, N + 1):
s641642436.py(14): def pow(x, y, mod=1000000007):
s641642436.py(31): def fact(n, mod=1000000007):
s641642436.py(34): inv_t = [0] + [1]
s641642436.py(35): for i in range(2,N + 1):
s641642436.py(36): 	inv_t += [inv_t[mod % i] * (mod - int(mod / i)) % mod]
s641642436.py(35): for i in range(2,N + 1):
s641642436.py(36): 	inv_t += [inv_t[mod % i] * (mod - int(mod / i)) % mod]
s641642436.py(35): for i in range(2,N + 1):
s641642436.py(36): 	inv_t += [inv_t[mod % i] * (mod - int(mod / i)) % mod]
s641642436.py(35): for i in range(2,N + 1):
s641642436.py(38): def mod_rev(x, mod):
s641642436.py(44): inv_fact = [1] + [1]
s641642436.py(46): for i in range(2, N + 1):
s641642436.py(47): 	inv_fact.append((inv_fact[-1] * inv_t[i]) % mod)
s641642436.py(46): for i in range(2, N + 1):
s641642436.py(47): 	inv_fact.append((inv_fact[-1] * inv_t[i]) % mod)
s641642436.py(46): for i in range(2, N + 1):
s641642436.py(47): 	inv_fact.append((inv_fact[-1] * inv_t[i]) % mod)
s641642436.py(46): for i in range(2, N + 1):
s641642436.py(50): def comb(a, b, mod=1000000007):
s641642436.py(66): ans = 0
s641642436.py(67): times = 0
s641642436.py(68): for r in range(N + 1):
s641642436.py(69): 	rest = K - r * A
s641642436.py(70): 	if rest % B == 0 and rest // B >= 0 and rest // B <= N:
s641642436.py(68): for r in range(N + 1):
s641642436.py(69): 	rest = K - r * A
s641642436.py(70): 	if rest % B == 0 and rest // B >= 0 and rest // B <= N:
s641642436.py(71): 		b = rest // B
s641642436.py(72): 		ans += comb(N, r, mod)*comb(N, b, mod)
 --- modulename: s641642436, funcname: comb
s641642436.py(54): 	if a < b or b < 0:
s641642436.py(56): 	if a == b or b == 0:
s641642436.py(58): 	a_fact = fact(a, mod)
 --- modulename: s641642436, funcname: fact
s641642436.py(32): 	return fact_list[n]
s641642436.py(59): 	b_fact = fact(b, mod)
 --- modulename: s641642436, funcname: fact
s641642436.py(32): 	return fact_list[n]
s641642436.py(60): 	a_b_fact = fact(a - b, mod)
 --- modulename: s641642436, funcname: fact
s641642436.py(32): 	return fact_list[n]
s641642436.py(61): 	if mod != 0:
s641642436.py(62): 		return (a_fact * inv_fact[b] * inv_fact[a - b])%mod
 --- modulename: s641642436, funcname: comb
s641642436.py(54): 	if a < b or b < 0:
s641642436.py(56): 	if a == b or b == 0:
s641642436.py(58): 	a_fact = fact(a, mod)
 --- modulename: s641642436, funcname: fact
s641642436.py(32): 	return fact_list[n]
s641642436.py(59): 	b_fact = fact(b, mod)
 --- modulename: s641642436, funcname: fact
s641642436.py(32): 	return fact_list[n]
s641642436.py(60): 	a_b_fact = fact(a - b, mod)
 --- modulename: s641642436, funcname: fact
s641642436.py(32): 	return fact_list[n]
s641642436.py(61): 	if mod != 0:
s641642436.py(62): 		return (a_fact * inv_fact[b] * inv_fact[a - b])%mod
s641642436.py(73): 		ans %= mod
s641642436.py(74): 		times += 1
s641642436.py(68): for r in range(N + 1):
s641642436.py(69): 	rest = K - r * A
s641642436.py(70): 	if rest % B == 0 and rest // B >= 0 and rest // B <= N:
s641642436.py(68): for r in range(N + 1):
s641642436.py(69): 	rest = K - r * A
s641642436.py(70): 	if rest % B == 0 and rest // B >= 0 and rest // B <= N:
s641642436.py(71): 		b = rest // B
s641642436.py(72): 		ans += comb(N, r, mod)*comb(N, b, mod)
 --- modulename: s641642436, funcname: comb
s641642436.py(54): 	if a < b or b < 0:
s641642436.py(56): 	if a == b or b == 0:
s641642436.py(58): 	a_fact = fact(a, mod)
 --- modulename: s641642436, funcname: fact
s641642436.py(32): 	return fact_list[n]
s641642436.py(59): 	b_fact = fact(b, mod)
 --- modulename: s641642436, funcname: fact
s641642436.py(32): 	return fact_list[n]
s641642436.py(60): 	a_b_fact = fact(a - b, mod)
 --- modulename: s641642436, funcname: fact
s641642436.py(32): 	return fact_list[n]
s641642436.py(61): 	if mod != 0:
s641642436.py(62): 		return (a_fact * inv_fact[b] * inv_fact[a - b])%mod
 --- modulename: s641642436, funcname: comb
s641642436.py(54): 	if a < b or b < 0:
s641642436.py(56): 	if a == b or b == 0:
s641642436.py(58): 	a_fact = fact(a, mod)
 --- modulename: s641642436, funcname: fact
s641642436.py(32): 	return fact_list[n]
s641642436.py(59): 	b_fact = fact(b, mod)
 --- modulename: s641642436, funcname: fact
s641642436.py(32): 	return fact_list[n]
s641642436.py(60): 	a_b_fact = fact(a - b, mod)
 --- modulename: s641642436, funcname: fact
s641642436.py(32): 	return fact_list[n]
s641642436.py(61): 	if mod != 0:
s641642436.py(62): 		return (a_fact * inv_fact[b] * inv_fact[a - b])%mod
s641642436.py(73): 		ans %= mod
s641642436.py(74): 		times += 1
s641642436.py(68): for r in range(N + 1):
s641642436.py(69): 	rest = K - r * A
s641642436.py(70): 	if rest % B == 0 and rest // B >= 0 and rest // B <= N:
s641642436.py(68): for r in range(N + 1):
s641642436.py(76): print(ans)
40
