 --- modulename: s461067238, funcname: <module>
s461067238.py(2): import sys
s461067238.py(3): from collections import defaultdict
 --- modulename: _bootstrap, funcname: _handle_fromlist
<frozen importlib._bootstrap>(1043): <frozen importlib._bootstrap>(1044): <frozen importlib._bootstrap>(1051): <frozen importlib._bootstrap>(1055): <frozen importlib._bootstrap>(1043): <frozen importlib._bootstrap>(1067): s461067238.py(4): from collections import deque
 --- modulename: _bootstrap, funcname: _handle_fromlist
<frozen importlib._bootstrap>(1043): <frozen importlib._bootstrap>(1044): <frozen importlib._bootstrap>(1051): <frozen importlib._bootstrap>(1055): <frozen importlib._bootstrap>(1043): <frozen importlib._bootstrap>(1067): s461067238.py(6): INF = float("inf")
s461067238.py(9): class Graph(object):
 --- modulename: s461067238, funcname: Graph
s461067238.py(9): class Graph(object):
s461067238.py(10):     def __init__(self, N):
s461067238.py(14):     def add_edge(self, f, t, w=1):
s461067238.py(18): def Topological_sorting(g):
s461067238.py(39): def solve(N: int, M: int, x: "List[int]", y: "List[int]"):
s461067238.py(55): def main():
s461067238.py(72): if __name__ == '__main__':
s461067238.py(73):     main()
 --- modulename: s461067238, funcname: main
s461067238.py(57):     def iterate_tokens():
s461067238.py(61):     tokens = iterate_tokens()
s461067238.py(62):     N = int(next(tokens))  # type: int
 --- modulename: s461067238, funcname: iterate_tokens
s461067238.py(58):         for line in sys.stdin:
 --- modulename: codecs, funcname: decode
codecs.py(321):         data = self.buffer + input
codecs.py(322):         (result, consumed) = self._buffer_decode(data, self.errors, final)
codecs.py(324):         self.buffer = data[consumed:]
codecs.py(325):         return result
s461067238.py(59):             for word in line.split():
s461067238.py(60):                 yield word
s461067238.py(63):     M = int(next(tokens))  # type: int
 --- modulename: s461067238, funcname: iterate_tokens
s461067238.py(59):             for word in line.split():
s461067238.py(60):                 yield word
s461067238.py(64):     x = [int()] * (M)  # type: "List[int]"
s461067238.py(65):     y = [int()] * (M)  # type: "List[int]"
s461067238.py(66):     for i in range(M):
s461067238.py(67):         x[i] = int(next(tokens))
 --- modulename: s461067238, funcname: iterate_tokens
s461067238.py(59):             for word in line.split():
s461067238.py(58):         for line in sys.stdin:
s461067238.py(59):             for word in line.split():
s461067238.py(60):                 yield word
s461067238.py(68):         y[i] = int(next(tokens))
 --- modulename: s461067238, funcname: iterate_tokens
s461067238.py(59):             for word in line.split():
s461067238.py(60):                 yield word
s461067238.py(66):     for i in range(M):
s461067238.py(67):         x[i] = int(next(tokens))
 --- modulename: s461067238, funcname: iterate_tokens
s461067238.py(59):             for word in line.split():
s461067238.py(58):         for line in sys.stdin:
s461067238.py(59):             for word in line.split():
s461067238.py(60):                 yield word
s461067238.py(68):         y[i] = int(next(tokens))
 --- modulename: s461067238, funcname: iterate_tokens
s461067238.py(59):             for word in line.split():
s461067238.py(60):                 yield word
s461067238.py(66):     for i in range(M):
s461067238.py(67):         x[i] = int(next(tokens))
 --- modulename: s461067238, funcname: iterate_tokens
s461067238.py(59):             for word in line.split():
s461067238.py(58):         for line in sys.stdin:
s461067238.py(59):             for word in line.split():
s461067238.py(60):                 yield word
s461067238.py(68):         y[i] = int(next(tokens))
 --- modulename: s461067238, funcname: iterate_tokens
s461067238.py(59):             for word in line.split():
s461067238.py(60):                 yield word
s461067238.py(66):     for i in range(M):
s461067238.py(67):         x[i] = int(next(tokens))
 --- modulename: s461067238, funcname: iterate_tokens
s461067238.py(59):             for word in line.split():
s461067238.py(58):         for line in sys.stdin:
s461067238.py(59):             for word in line.split():
s461067238.py(60):                 yield word
s461067238.py(68):         y[i] = int(next(tokens))
 --- modulename: s461067238, funcname: iterate_tokens
s461067238.py(59):             for word in line.split():
s461067238.py(60):                 yield word
s461067238.py(66):     for i in range(M):
s461067238.py(67):         x[i] = int(next(tokens))
 --- modulename: s461067238, funcname: iterate_tokens
s461067238.py(59):             for word in line.split():
s461067238.py(58):         for line in sys.stdin:
s461067238.py(59):             for word in line.split():
s461067238.py(60):                 yield word
s461067238.py(68):         y[i] = int(next(tokens))
 --- modulename: s461067238, funcname: iterate_tokens
s461067238.py(59):             for word in line.split():
s461067238.py(60):                 yield word
s461067238.py(66):     for i in range(M):
s461067238.py(69):     solve(N, M, x, y)
 --- modulename: s461067238, funcname: solve
s461067238.py(40):     g = Graph(N)
 --- modulename: s461067238, funcname: __init__
s461067238.py(11):         self.N = N
s461067238.py(12):         self.E = defaultdict(list)
s461067238.py(41):     for xx, yy in zip(x, y):
s461067238.py(42):         g.add_edge(xx-1, yy-1)
 --- modulename: s461067238, funcname: add_edge
s461067238.py(15):         self.E[f].append((t, w))
s461067238.py(41):     for xx, yy in zip(x, y):
s461067238.py(42):         g.add_edge(xx-1, yy-1)
 --- modulename: s461067238, funcname: add_edge
s461067238.py(15):         self.E[f].append((t, w))
s461067238.py(41):     for xx, yy in zip(x, y):
s461067238.py(42):         g.add_edge(xx-1, yy-1)
 --- modulename: s461067238, funcname: add_edge
s461067238.py(15):         self.E[f].append((t, w))
s461067238.py(41):     for xx, yy in zip(x, y):
s461067238.py(42):         g.add_edge(xx-1, yy-1)
 --- modulename: s461067238, funcname: add_edge
s461067238.py(15):         self.E[f].append((t, w))
s461067238.py(41):     for xx, yy in zip(x, y):
s461067238.py(42):         g.add_edge(xx-1, yy-1)
 --- modulename: s461067238, funcname: add_edge
s461067238.py(15):         self.E[f].append((t, w))
s461067238.py(41):     for xx, yy in zip(x, y):
s461067238.py(44):     tsg = Topological_sorting(g)
 --- modulename: s461067238, funcname: Topological_sorting
s461067238.py(19):     in_deg = [0]*g.N
s461067238.py(20):     for i in range(g.N):        # ２重ループでO(E)
s461067238.py(21):         for to_, _ in g.E[i]:
s461067238.py(22):             in_deg[to_] += 1
s461067238.py(21):         for to_, _ in g.E[i]:
s461067238.py(22):             in_deg[to_] += 1
s461067238.py(21):         for to_, _ in g.E[i]:
s461067238.py(20):     for i in range(g.N):        # ２重ループでO(E)
s461067238.py(21):         for to_, _ in g.E[i]:
s461067238.py(22):             in_deg[to_] += 1
s461067238.py(21):         for to_, _ in g.E[i]:
s461067238.py(20):     for i in range(g.N):        # ２重ループでO(E)
s461067238.py(21):         for to_, _ in g.E[i]:
s461067238.py(22):             in_deg[to_] += 1
s461067238.py(21):         for to_, _ in g.E[i]:
s461067238.py(22):             in_deg[to_] += 1
s461067238.py(21):         for to_, _ in g.E[i]:
s461067238.py(20):     for i in range(g.N):        # ２重ループでO(E)
s461067238.py(21):         for to_, _ in g.E[i]:
s461067238.py(20):     for i in range(g.N):        # ２重ループでO(E)
s461067238.py(24):     ans = [v for v in range(g.N) if in_deg[v] == 0]
 --- modulename: s461067238, funcname: <listcomp>
s461067238.py(24):     ans = [v for v in range(g.N) if in_deg[v] == 0]
s461067238.py(24):     ans = [v for v in range(g.N) if in_deg[v] == 0]
s461067238.py(24):     ans = [v for v in range(g.N) if in_deg[v] == 0]
s461067238.py(24):     ans = [v for v in range(g.N) if in_deg[v] == 0]
s461067238.py(24):     ans = [v for v in range(g.N) if in_deg[v] == 0]
s461067238.py(25):     deq = deque(ans)
s461067238.py(27):     while deq:                  # O(V+E)
s461067238.py(28):         v = deq.popleft()
s461067238.py(29):         for t, _ in g.E[v]:
s461067238.py(30):             in_deg[t] -= 1
s461067238.py(31):             if in_deg[t] == 0:
s461067238.py(29):         for t, _ in g.E[v]:
s461067238.py(30):             in_deg[t] -= 1
s461067238.py(31):             if in_deg[t] == 0:
s461067238.py(32):                 ans.append(t)
s461067238.py(33):                 deq.append(t)
s461067238.py(29):         for t, _ in g.E[v]:
s461067238.py(27):     while deq:                  # O(V+E)
s461067238.py(28):         v = deq.popleft()
s461067238.py(29):         for t, _ in g.E[v]:
s461067238.py(30):             in_deg[t] -= 1
s461067238.py(31):             if in_deg[t] == 0:
s461067238.py(32):                 ans.append(t)
s461067238.py(33):                 deq.append(t)
s461067238.py(29):         for t, _ in g.E[v]:
s461067238.py(30):             in_deg[t] -= 1
s461067238.py(31):             if in_deg[t] == 0:
s461067238.py(29):         for t, _ in g.E[v]:
s461067238.py(27):     while deq:                  # O(V+E)
s461067238.py(28):         v = deq.popleft()
s461067238.py(29):         for t, _ in g.E[v]:
s461067238.py(30):             in_deg[t] -= 1
s461067238.py(31):             if in_deg[t] == 0:
s461067238.py(32):                 ans.append(t)
s461067238.py(33):                 deq.append(t)
s461067238.py(29):         for t, _ in g.E[v]:
s461067238.py(27):     while deq:                  # O(V+E)
s461067238.py(28):         v = deq.popleft()
s461067238.py(29):         for t, _ in g.E[v]:
s461067238.py(27):     while deq:                  # O(V+E)
s461067238.py(34):     if len(ans) != g.N:
s461067238.py(36):     return ans
s461067238.py(46):     DP = [0]*N
s461067238.py(47):     for i in tsg:
s461067238.py(48):         for to, _ in g.E[i]:
s461067238.py(49):             DP[to] = max(DP[i]+1, DP[to])
s461067238.py(48):         for to, _ in g.E[i]:
s461067238.py(49):             DP[to] = max(DP[i]+1, DP[to])
s461067238.py(48):         for to, _ in g.E[i]:
s461067238.py(47):     for i in tsg:
s461067238.py(48):         for to, _ in g.E[i]:
s461067238.py(49):             DP[to] = max(DP[i]+1, DP[to])
s461067238.py(48):         for to, _ in g.E[i]:
s461067238.py(49):             DP[to] = max(DP[i]+1, DP[to])
s461067238.py(48):         for to, _ in g.E[i]:
s461067238.py(47):     for i in tsg:
s461067238.py(48):         for to, _ in g.E[i]:
s461067238.py(49):             DP[to] = max(DP[i]+1, DP[to])
s461067238.py(48):         for to, _ in g.E[i]:
s461067238.py(47):     for i in tsg:
s461067238.py(48):         for to, _ in g.E[i]:
s461067238.py(47):     for i in tsg:
s461067238.py(50):     print(max(DP))
3
s461067238.py(52):     return
 --- modulename: s461067238, funcname: iterate_tokens
