 --- modulename: s470706012, funcname: <module>
s470706012.py(2): def isRoot(point,A,n):
s470706012.py(8): def isBranch(point,A,ans):
s470706012.py(16): def isIn(point,A,ans):
s470706012.py(23): def isPost(point,A,ans):
s470706012.py(30): def Pre(A,n):
s470706012.py(46): def In(A,n):
s470706012.py(60): def Post(A,n):
s470706012.py(74): def TW(A,n):
s470706012.py(80): if __name__=="__main__":
s470706012.py(81):     n=int(input())
 --- modulename: codecs, funcname: getstate
codecs.py(333):         return (self.buffer, 0)
 --- modulename: codecs, funcname: decode
codecs.py(321):         data = self.buffer + input
codecs.py(322):         (result, consumed) = self._buffer_decode(data, self.errors, final)
codecs.py(324):         self.buffer = data[consumed:]
codecs.py(325):         return result
s470706012.py(82):     A=[]
s470706012.py(83):     for i in range(n):
s470706012.py(84):         A.append(list(map(int,input().split(" "))))
s470706012.py(83):     for i in range(n):
s470706012.py(84):         A.append(list(map(int,input().split(" "))))
s470706012.py(83):     for i in range(n):
s470706012.py(84):         A.append(list(map(int,input().split(" "))))
s470706012.py(83):     for i in range(n):
s470706012.py(84):         A.append(list(map(int,input().split(" "))))
s470706012.py(83):     for i in range(n):
s470706012.py(84):         A.append(list(map(int,input().split(" "))))
s470706012.py(83):     for i in range(n):
s470706012.py(84):         A.append(list(map(int,input().split(" "))))
s470706012.py(83):     for i in range(n):
s470706012.py(84):         A.append(list(map(int,input().split(" "))))
s470706012.py(83):     for i in range(n):
s470706012.py(84):         A.append(list(map(int,input().split(" "))))
s470706012.py(83):     for i in range(n):
s470706012.py(84):         A.append(list(map(int,input().split(" "))))
s470706012.py(83):     for i in range(n):
s470706012.py(85):     for i in range(n):
s470706012.py(86):         minj=i
s470706012.py(87):         for j in range(i,n):
s470706012.py(88):             if A[j][0]<A[minj][0]:
s470706012.py(87):         for j in range(i,n):
s470706012.py(88):             if A[j][0]<A[minj][0]:
s470706012.py(87):         for j in range(i,n):
s470706012.py(88):             if A[j][0]<A[minj][0]:
s470706012.py(87):         for j in range(i,n):
s470706012.py(88):             if A[j][0]<A[minj][0]:
s470706012.py(87):         for j in range(i,n):
s470706012.py(88):             if A[j][0]<A[minj][0]:
s470706012.py(87):         for j in range(i,n):
s470706012.py(88):             if A[j][0]<A[minj][0]:
s470706012.py(87):         for j in range(i,n):
s470706012.py(88):             if A[j][0]<A[minj][0]:
s470706012.py(87):         for j in range(i,n):
s470706012.py(88):             if A[j][0]<A[minj][0]:
s470706012.py(87):         for j in range(i,n):
s470706012.py(88):             if A[j][0]<A[minj][0]:
s470706012.py(87):         for j in range(i,n):
s470706012.py(90):         A[i],A[minj]=A[minj],A[i]
s470706012.py(85):     for i in range(n):
s470706012.py(86):         minj=i
s470706012.py(87):         for j in range(i,n):
s470706012.py(88):             if A[j][0]<A[minj][0]:
s470706012.py(87):         for j in range(i,n):
s470706012.py(88):             if A[j][0]<A[minj][0]:
s470706012.py(87):         for j in range(i,n):
s470706012.py(88):             if A[j][0]<A[minj][0]:
s470706012.py(87):         for j in range(i,n):
s470706012.py(88):             if A[j][0]<A[minj][0]:
s470706012.py(87):         for j in range(i,n):
s470706012.py(88):             if A[j][0]<A[minj][0]:
s470706012.py(87):         for j in range(i,n):
s470706012.py(88):             if A[j][0]<A[minj][0]:
s470706012.py(87):         for j in range(i,n):
s470706012.py(88):             if A[j][0]<A[minj][0]:
s470706012.py(87):         for j in range(i,n):
s470706012.py(88):             if A[j][0]<A[minj][0]:
s470706012.py(87):         for j in range(i,n):
s470706012.py(90):         A[i],A[minj]=A[minj],A[i]
s470706012.py(85):     for i in range(n):
s470706012.py(86):         minj=i
s470706012.py(87):         for j in range(i,n):
s470706012.py(88):             if A[j][0]<A[minj][0]:
s470706012.py(87):         for j in range(i,n):
s470706012.py(88):             if A[j][0]<A[minj][0]:
s470706012.py(87):         for j in range(i,n):
s470706012.py(88):             if A[j][0]<A[minj][0]:
s470706012.py(87):         for j in range(i,n):
s470706012.py(88):             if A[j][0]<A[minj][0]:
s470706012.py(87):         for j in range(i,n):
s470706012.py(88):             if A[j][0]<A[minj][0]:
s470706012.py(87):         for j in range(i,n):
s470706012.py(88):             if A[j][0]<A[minj][0]:
s470706012.py(87):         for j in range(i,n):
s470706012.py(88):             if A[j][0]<A[minj][0]:
s470706012.py(87):         for j in range(i,n):
s470706012.py(90):         A[i],A[minj]=A[minj],A[i]
s470706012.py(85):     for i in range(n):
s470706012.py(86):         minj=i
s470706012.py(87):         for j in range(i,n):
s470706012.py(88):             if A[j][0]<A[minj][0]:
s470706012.py(87):         for j in range(i,n):
s470706012.py(88):             if A[j][0]<A[minj][0]:
s470706012.py(87):         for j in range(i,n):
s470706012.py(88):             if A[j][0]<A[minj][0]:
s470706012.py(87):         for j in range(i,n):
s470706012.py(88):             if A[j][0]<A[minj][0]:
s470706012.py(87):         for j in range(i,n):
s470706012.py(88):             if A[j][0]<A[minj][0]:
s470706012.py(87):         for j in range(i,n):
s470706012.py(88):             if A[j][0]<A[minj][0]:
s470706012.py(87):         for j in range(i,n):
s470706012.py(90):         A[i],A[minj]=A[minj],A[i]
s470706012.py(85):     for i in range(n):
s470706012.py(86):         minj=i
s470706012.py(87):         for j in range(i,n):
s470706012.py(88):             if A[j][0]<A[minj][0]:
s470706012.py(87):         for j in range(i,n):
s470706012.py(88):             if A[j][0]<A[minj][0]:
s470706012.py(87):         for j in range(i,n):
s470706012.py(88):             if A[j][0]<A[minj][0]:
s470706012.py(87):         for j in range(i,n):
s470706012.py(88):             if A[j][0]<A[minj][0]:
s470706012.py(87):         for j in range(i,n):
s470706012.py(88):             if A[j][0]<A[minj][0]:
s470706012.py(87):         for j in range(i,n):
s470706012.py(90):         A[i],A[minj]=A[minj],A[i]
s470706012.py(85):     for i in range(n):
s470706012.py(86):         minj=i
s470706012.py(87):         for j in range(i,n):
s470706012.py(88):             if A[j][0]<A[minj][0]:
s470706012.py(87):         for j in range(i,n):
s470706012.py(88):             if A[j][0]<A[minj][0]:
s470706012.py(87):         for j in range(i,n):
s470706012.py(88):             if A[j][0]<A[minj][0]:
s470706012.py(87):         for j in range(i,n):
s470706012.py(88):             if A[j][0]<A[minj][0]:
s470706012.py(87):         for j in range(i,n):
s470706012.py(90):         A[i],A[minj]=A[minj],A[i]
s470706012.py(85):     for i in range(n):
s470706012.py(86):         minj=i
s470706012.py(87):         for j in range(i,n):
s470706012.py(88):             if A[j][0]<A[minj][0]:
s470706012.py(87):         for j in range(i,n):
s470706012.py(88):             if A[j][0]<A[minj][0]:
s470706012.py(87):         for j in range(i,n):
s470706012.py(88):             if A[j][0]<A[minj][0]:
s470706012.py(87):         for j in range(i,n):
s470706012.py(90):         A[i],A[minj]=A[minj],A[i]
s470706012.py(85):     for i in range(n):
s470706012.py(86):         minj=i
s470706012.py(87):         for j in range(i,n):
s470706012.py(88):             if A[j][0]<A[minj][0]:
s470706012.py(87):         for j in range(i,n):
s470706012.py(88):             if A[j][0]<A[minj][0]:
s470706012.py(87):         for j in range(i,n):
s470706012.py(90):         A[i],A[minj]=A[minj],A[i]
s470706012.py(85):     for i in range(n):
s470706012.py(86):         minj=i
s470706012.py(87):         for j in range(i,n):
s470706012.py(88):             if A[j][0]<A[minj][0]:
s470706012.py(87):         for j in range(i,n):
s470706012.py(90):         A[i],A[minj]=A[minj],A[i]
s470706012.py(85):     for i in range(n):
s470706012.py(91):     TW(A,n)
 --- modulename: s470706012, funcname: TW
s470706012.py(75):     Pre(A,n)
 --- modulename: s470706012, funcname: Pre
s470706012.py(31):     ans=[]
s470706012.py(32):     for i in range(n):
s470706012.py(33):         if isRoot(A[i][0],A,n)==True:
 --- modulename: s470706012, funcname: isRoot
s470706012.py(3):     for i in range(n):
s470706012.py(4):         if A[i][1]==point or A[i][2]==point:
s470706012.py(3):     for i in range(n):
s470706012.py(4):         if A[i][1]==point or A[i][2]==point:
s470706012.py(3):     for i in range(n):
s470706012.py(4):         if A[i][1]==point or A[i][2]==point:
s470706012.py(3):     for i in range(n):
s470706012.py(4):         if A[i][1]==point or A[i][2]==point:
s470706012.py(3):     for i in range(n):
s470706012.py(4):         if A[i][1]==point or A[i][2]==point:
s470706012.py(3):     for i in range(n):
s470706012.py(4):         if A[i][1]==point or A[i][2]==point:
s470706012.py(3):     for i in range(n):
s470706012.py(4):         if A[i][1]==point or A[i][2]==point:
s470706012.py(3):     for i in range(n):
s470706012.py(4):         if A[i][1]==point or A[i][2]==point:
s470706012.py(3):     for i in range(n):
s470706012.py(4):         if A[i][1]==point or A[i][2]==point:
s470706012.py(3):     for i in range(n):
s470706012.py(6):     return True
s470706012.py(34):             ans.append(A[i][0])
s470706012.py(35):             if A[i][1]!=-1:
s470706012.py(36):                 ans.append(A[i][1])
s470706012.py(37):                 isBranch(A[i][1],A,ans)
 --- modulename: s470706012, funcname: isBranch
s470706012.py(9):     if A[point][1]!=-1:
s470706012.py(10):         ans.append(A[point][1])
s470706012.py(11):         isBranch(A[point][1],A,ans)
 --- modulename: s470706012, funcname: isBranch
s470706012.py(9):     if A[point][1]!=-1:
s470706012.py(12):     if A[point][2]!=-1:
s470706012.py(12):     if A[point][2]!=-1:
s470706012.py(13):         ans.append(A[point][2])
s470706012.py(14):         isBranch(A[point][2],A,ans)
 --- modulename: s470706012, funcname: isBranch
s470706012.py(9):     if A[point][1]!=-1:
s470706012.py(12):     if A[point][2]!=-1:
s470706012.py(38):             if A[i][2]!=-1:
s470706012.py(39):                 ans.append(A[i][2])
s470706012.py(40):                 isBranch(A[i][2],A,ans)
 --- modulename: s470706012, funcname: isBranch
s470706012.py(9):     if A[point][1]!=-1:
s470706012.py(10):         ans.append(A[point][1])
s470706012.py(11):         isBranch(A[point][1],A,ans)
 --- modulename: s470706012, funcname: isBranch
s470706012.py(9):     if A[point][1]!=-1:
s470706012.py(10):         ans.append(A[point][1])
s470706012.py(11):         isBranch(A[point][1],A,ans)
 --- modulename: s470706012, funcname: isBranch
s470706012.py(9):     if A[point][1]!=-1:
s470706012.py(12):     if A[point][2]!=-1:
s470706012.py(12):     if A[point][2]!=-1:
s470706012.py(13):         ans.append(A[point][2])
s470706012.py(14):         isBranch(A[point][2],A,ans)
 --- modulename: s470706012, funcname: isBranch
s470706012.py(9):     if A[point][1]!=-1:
s470706012.py(12):     if A[point][2]!=-1:
s470706012.py(12):     if A[point][2]!=-1:
s470706012.py(13):         ans.append(A[point][2])
s470706012.py(14):         isBranch(A[point][2],A,ans)
 --- modulename: s470706012, funcname: isBranch
s470706012.py(9):     if A[point][1]!=-1:
s470706012.py(12):     if A[point][2]!=-1:
s470706012.py(32):     for i in range(n):
s470706012.py(33):         if isRoot(A[i][0],A,n)==True:
 --- modulename: s470706012, funcname: isRoot
s470706012.py(3):     for i in range(n):
s470706012.py(4):         if A[i][1]==point or A[i][2]==point:
s470706012.py(5):             return False
s470706012.py(32):     for i in range(n):
s470706012.py(33):         if isRoot(A[i][0],A,n)==True:
 --- modulename: s470706012, funcname: isRoot
s470706012.py(3):     for i in range(n):
s470706012.py(4):         if A[i][1]==point or A[i][2]==point:
s470706012.py(3):     for i in range(n):
s470706012.py(4):         if A[i][1]==point or A[i][2]==point:
s470706012.py(5):             return False
s470706012.py(32):     for i in range(n):
s470706012.py(33):         if isRoot(A[i][0],A,n)==True:
 --- modulename: s470706012, funcname: isRoot
s470706012.py(3):     for i in range(n):
s470706012.py(4):         if A[i][1]==point or A[i][2]==point:
s470706012.py(3):     for i in range(n):
s470706012.py(4):         if A[i][1]==point or A[i][2]==point:
s470706012.py(5):             return False
s470706012.py(32):     for i in range(n):
s470706012.py(33):         if isRoot(A[i][0],A,n)==True:
 --- modulename: s470706012, funcname: isRoot
s470706012.py(3):     for i in range(n):
s470706012.py(4):         if A[i][1]==point or A[i][2]==point:
s470706012.py(5):             return False
s470706012.py(32):     for i in range(n):
s470706012.py(33):         if isRoot(A[i][0],A,n)==True:
 --- modulename: s470706012, funcname: isRoot
s470706012.py(3):     for i in range(n):
s470706012.py(4):         if A[i][1]==point or A[i][2]==point:
s470706012.py(3):     for i in range(n):
s470706012.py(4):         if A[i][1]==point or A[i][2]==point:
s470706012.py(3):     for i in range(n):
s470706012.py(4):         if A[i][1]==point or A[i][2]==point:
s470706012.py(3):     for i in range(n):
s470706012.py(4):         if A[i][1]==point or A[i][2]==point:
s470706012.py(3):     for i in range(n):
s470706012.py(4):         if A[i][1]==point or A[i][2]==point:
s470706012.py(5):             return False
s470706012.py(32):     for i in range(n):
s470706012.py(33):         if isRoot(A[i][0],A,n)==True:
 --- modulename: s470706012, funcname: isRoot
s470706012.py(3):     for i in range(n):
s470706012.py(4):         if A[i][1]==point or A[i][2]==point:
s470706012.py(3):     for i in range(n):
s470706012.py(4):         if A[i][1]==point or A[i][2]==point:
s470706012.py(3):     for i in range(n):
s470706012.py(4):         if A[i][1]==point or A[i][2]==point:
s470706012.py(3):     for i in range(n):
s470706012.py(4):         if A[i][1]==point or A[i][2]==point:
s470706012.py(3):     for i in range(n):
s470706012.py(4):         if A[i][1]==point or A[i][2]==point:
s470706012.py(3):     for i in range(n):
s470706012.py(4):         if A[i][1]==point or A[i][2]==point:
s470706012.py(5):             return False
s470706012.py(32):     for i in range(n):
s470706012.py(33):         if isRoot(A[i][0],A,n)==True:
 --- modulename: s470706012, funcname: isRoot
s470706012.py(3):     for i in range(n):
s470706012.py(4):         if A[i][1]==point or A[i][2]==point:
s470706012.py(3):     for i in range(n):
s470706012.py(4):         if A[i][1]==point or A[i][2]==point:
s470706012.py(3):     for i in range(n):
s470706012.py(4):         if A[i][1]==point or A[i][2]==point:
s470706012.py(3):     for i in range(n):
s470706012.py(4):         if A[i][1]==point or A[i][2]==point:
s470706012.py(3):     for i in range(n):
s470706012.py(4):         if A[i][1]==point or A[i][2]==point:
s470706012.py(3):     for i in range(n):
s470706012.py(4):         if A[i][1]==point or A[i][2]==point:
s470706012.py(5):             return False
s470706012.py(32):     for i in range(n):
s470706012.py(33):         if isRoot(A[i][0],A,n)==True:
 --- modulename: s470706012, funcname: isRoot
s470706012.py(3):     for i in range(n):
s470706012.py(4):         if A[i][1]==point or A[i][2]==point:
s470706012.py(3):     for i in range(n):
s470706012.py(4):         if A[i][1]==point or A[i][2]==point:
s470706012.py(3):     for i in range(n):
s470706012.py(4):         if A[i][1]==point or A[i][2]==point:
s470706012.py(3):     for i in range(n):
s470706012.py(4):         if A[i][1]==point or A[i][2]==point:
s470706012.py(3):     for i in range(n):
s470706012.py(4):         if A[i][1]==point or A[i][2]==point:
s470706012.py(5):             return False
s470706012.py(32):     for i in range(n):
s470706012.py(41):     print("Preorder")
Preorder
s470706012.py(42):     for i in range(n):
s470706012.py(43):         ans[i]=str(ans[i])
s470706012.py(42):     for i in range(n):
s470706012.py(43):         ans[i]=str(ans[i])
s470706012.py(42):     for i in range(n):
s470706012.py(43):         ans[i]=str(ans[i])
s470706012.py(42):     for i in range(n):
s470706012.py(43):         ans[i]=str(ans[i])
s470706012.py(42):     for i in range(n):
s470706012.py(43):         ans[i]=str(ans[i])
s470706012.py(42):     for i in range(n):
s470706012.py(43):         ans[i]=str(ans[i])
s470706012.py(42):     for i in range(n):
s470706012.py(43):         ans[i]=str(ans[i])
s470706012.py(42):     for i in range(n):
s470706012.py(43):         ans[i]=str(ans[i])
s470706012.py(42):     for i in range(n):
s470706012.py(43):         ans[i]=str(ans[i])
s470706012.py(42):     for i in range(n):
s470706012.py(44):     print(" "+" ".join(ans))
 0 1 2 3 4 5 6 7 8
s470706012.py(76):     In(A,n)
 --- modulename: s470706012, funcname: In
s470706012.py(47):     ans=[]
s470706012.py(48):     for i in range(n):
s470706012.py(49):         if isRoot(A[i][0],A,n)==True:
 --- modulename: s470706012, funcname: isRoot
s470706012.py(3):     for i in range(n):
s470706012.py(4):         if A[i][1]==point or A[i][2]==point:
s470706012.py(3):     for i in range(n):
s470706012.py(4):         if A[i][1]==point or A[i][2]==point:
s470706012.py(3):     for i in range(n):
s470706012.py(4):         if A[i][1]==point or A[i][2]==point:
s470706012.py(3):     for i in range(n):
s470706012.py(4):         if A[i][1]==point or A[i][2]==point:
s470706012.py(3):     for i in range(n):
s470706012.py(4):         if A[i][1]==point or A[i][2]==point:
s470706012.py(3):     for i in range(n):
s470706012.py(4):         if A[i][1]==point or A[i][2]==point:
s470706012.py(3):     for i in range(n):
s470706012.py(4):         if A[i][1]==point or A[i][2]==point:
s470706012.py(3):     for i in range(n):
s470706012.py(4):         if A[i][1]==point or A[i][2]==point:
s470706012.py(3):     for i in range(n):
s470706012.py(4):         if A[i][1]==point or A[i][2]==point:
s470706012.py(3):     for i in range(n):
s470706012.py(6):     return True
s470706012.py(50):             if A[i][1]!=-1:
s470706012.py(51):                 isIn(A[i][1],A,ans)
 --- modulename: s470706012, funcname: isIn
s470706012.py(17):     if A[point][1]!=-1:
s470706012.py(18):         isIn(A[point][1],A,ans)
 --- modulename: s470706012, funcname: isIn
s470706012.py(17):     if A[point][1]!=-1:
s470706012.py(19):     ans.append(point)
s470706012.py(20):     if A[point][2]!=-1:
s470706012.py(19):     ans.append(point)
s470706012.py(20):     if A[point][2]!=-1:
s470706012.py(21):         isIn(A[point][2],A,ans)
 --- modulename: s470706012, funcname: isIn
s470706012.py(17):     if A[point][1]!=-1:
s470706012.py(19):     ans.append(point)
s470706012.py(20):     if A[point][2]!=-1:
s470706012.py(52):             ans.append(A[i][0])
s470706012.py(53):             if A[i][2]!=-1:
s470706012.py(54):                 isIn(A[i][2],A,ans)
 --- modulename: s470706012, funcname: isIn
s470706012.py(17):     if A[point][1]!=-1:
s470706012.py(18):         isIn(A[point][1],A,ans)
 --- modulename: s470706012, funcname: isIn
s470706012.py(17):     if A[point][1]!=-1:
s470706012.py(18):         isIn(A[point][1],A,ans)
 --- modulename: s470706012, funcname: isIn
s470706012.py(17):     if A[point][1]!=-1:
s470706012.py(19):     ans.append(point)
s470706012.py(20):     if A[point][2]!=-1:
s470706012.py(19):     ans.append(point)
s470706012.py(20):     if A[point][2]!=-1:
s470706012.py(21):         isIn(A[point][2],A,ans)
 --- modulename: s470706012, funcname: isIn
s470706012.py(17):     if A[point][1]!=-1:
s470706012.py(19):     ans.append(point)
s470706012.py(20):     if A[point][2]!=-1:
s470706012.py(19):     ans.append(point)
s470706012.py(20):     if A[point][2]!=-1:
s470706012.py(21):         isIn(A[point][2],A,ans)
 --- modulename: s470706012, funcname: isIn
s470706012.py(17):     if A[point][1]!=-1:
s470706012.py(19):     ans.append(point)
s470706012.py(20):     if A[point][2]!=-1:
s470706012.py(48):     for i in range(n):
s470706012.py(49):         if isRoot(A[i][0],A,n)==True:
 --- modulename: s470706012, funcname: isRoot
s470706012.py(3):     for i in range(n):
s470706012.py(4):         if A[i][1]==point or A[i][2]==point:
s470706012.py(5):             return False
s470706012.py(48):     for i in range(n):
s470706012.py(49):         if isRoot(A[i][0],A,n)==True:
 --- modulename: s470706012, funcname: isRoot
s470706012.py(3):     for i in range(n):
s470706012.py(4):         if A[i][1]==point or A[i][2]==point:
s470706012.py(3):     for i in range(n):
s470706012.py(4):         if A[i][1]==point or A[i][2]==point:
s470706012.py(5):             return False
s470706012.py(48):     for i in range(n):
s470706012.py(49):         if isRoot(A[i][0],A,n)==True:
 --- modulename: s470706012, funcname: isRoot
s470706012.py(3):     for i in range(n):
s470706012.py(4):         if A[i][1]==point or A[i][2]==point:
s470706012.py(3):     for i in range(n):
s470706012.py(4):         if A[i][1]==point or A[i][2]==point:
s470706012.py(5):             return False
s470706012.py(48):     for i in range(n):
s470706012.py(49):         if isRoot(A[i][0],A,n)==True:
 --- modulename: s470706012, funcname: isRoot
s470706012.py(3):     for i in range(n):
s470706012.py(4):         if A[i][1]==point or A[i][2]==point:
s470706012.py(5):             return False
s470706012.py(48):     for i in range(n):
s470706012.py(49):         if isRoot(A[i][0],A,n)==True:
 --- modulename: s470706012, funcname: isRoot
s470706012.py(3):     for i in range(n):
s470706012.py(4):         if A[i][1]==point or A[i][2]==point:
s470706012.py(3):     for i in range(n):
s470706012.py(4):         if A[i][1]==point or A[i][2]==point:
s470706012.py(3):     for i in range(n):
s470706012.py(4):         if A[i][1]==point or A[i][2]==point:
s470706012.py(3):     for i in range(n):
s470706012.py(4):         if A[i][1]==point or A[i][2]==point:
s470706012.py(3):     for i in range(n):
s470706012.py(4):         if A[i][1]==point or A[i][2]==point:
s470706012.py(5):             return False
s470706012.py(48):     for i in range(n):
s470706012.py(49):         if isRoot(A[i][0],A,n)==True:
 --- modulename: s470706012, funcname: isRoot
s470706012.py(3):     for i in range(n):
s470706012.py(4):         if A[i][1]==point or A[i][2]==point:
s470706012.py(3):     for i in range(n):
s470706012.py(4):         if A[i][1]==point or A[i][2]==point:
s470706012.py(3):     for i in range(n):
s470706012.py(4):         if A[i][1]==point or A[i][2]==point:
s470706012.py(3):     for i in range(n):
s470706012.py(4):         if A[i][1]==point or A[i][2]==point:
s470706012.py(3):     for i in range(n):
s470706012.py(4):         if A[i][1]==point or A[i][2]==point:
s470706012.py(3):     for i in range(n):
s470706012.py(4):         if A[i][1]==point or A[i][2]==point:
s470706012.py(5):             return False
s470706012.py(48):     for i in range(n):
s470706012.py(49):         if isRoot(A[i][0],A,n)==True:
 --- modulename: s470706012, funcname: isRoot
s470706012.py(3):     for i in range(n):
s470706012.py(4):         if A[i][1]==point or A[i][2]==point:
s470706012.py(3):     for i in range(n):
s470706012.py(4):         if A[i][1]==point or A[i][2]==point:
s470706012.py(3):     for i in range(n):
s470706012.py(4):         if A[i][1]==point or A[i][2]==point:
s470706012.py(3):     for i in range(n):
s470706012.py(4):         if A[i][1]==point or A[i][2]==point:
s470706012.py(3):     for i in range(n):
s470706012.py(4):         if A[i][1]==point or A[i][2]==point:
s470706012.py(3):     for i in range(n):
s470706012.py(4):         if A[i][1]==point or A[i][2]==point:
s470706012.py(5):             return False
s470706012.py(48):     for i in range(n):
s470706012.py(49):         if isRoot(A[i][0],A,n)==True:
 --- modulename: s470706012, funcname: isRoot
s470706012.py(3):     for i in range(n):
s470706012.py(4):         if A[i][1]==point or A[i][2]==point:
s470706012.py(3):     for i in range(n):
s470706012.py(4):         if A[i][1]==point or A[i][2]==point:
s470706012.py(3):     for i in range(n):
s470706012.py(4):         if A[i][1]==point or A[i][2]==point:
s470706012.py(3):     for i in range(n):
s470706012.py(4):         if A[i][1]==point or A[i][2]==point:
s470706012.py(3):     for i in range(n):
s470706012.py(4):         if A[i][1]==point or A[i][2]==point:
s470706012.py(5):             return False
s470706012.py(48):     for i in range(n):
s470706012.py(55):     print("Inorder")
Inorder
s470706012.py(56):     for i in range(n):
s470706012.py(57):         ans[i]=str(ans[i])
s470706012.py(56):     for i in range(n):
s470706012.py(57):         ans[i]=str(ans[i])
s470706012.py(56):     for i in range(n):
s470706012.py(57):         ans[i]=str(ans[i])
s470706012.py(56):     for i in range(n):
s470706012.py(57):         ans[i]=str(ans[i])
s470706012.py(56):     for i in range(n):
s470706012.py(57):         ans[i]=str(ans[i])
s470706012.py(56):     for i in range(n):
s470706012.py(57):         ans[i]=str(ans[i])
s470706012.py(56):     for i in range(n):
s470706012.py(57):         ans[i]=str(ans[i])
s470706012.py(56):     for i in range(n):
s470706012.py(57):         ans[i]=str(ans[i])
s470706012.py(56):     for i in range(n):
s470706012.py(57):         ans[i]=str(ans[i])
s470706012.py(56):     for i in range(n):
s470706012.py(58):     print(" "+" ".join(ans))
 2 1 3 0 6 5 7 4 8
s470706012.py(77):     Post(A,n)
 --- modulename: s470706012, funcname: Post
s470706012.py(61):     ans=[]
s470706012.py(62):     for i in range(n):
s470706012.py(63):         if isRoot(A[i][0],A,n)==True:
 --- modulename: s470706012, funcname: isRoot
s470706012.py(3):     for i in range(n):
s470706012.py(4):         if A[i][1]==point or A[i][2]==point:
s470706012.py(3):     for i in range(n):
s470706012.py(4):         if A[i][1]==point or A[i][2]==point:
s470706012.py(3):     for i in range(n):
s470706012.py(4):         if A[i][1]==point or A[i][2]==point:
s470706012.py(3):     for i in range(n):
s470706012.py(4):         if A[i][1]==point or A[i][2]==point:
s470706012.py(3):     for i in range(n):
s470706012.py(4):         if A[i][1]==point or A[i][2]==point:
s470706012.py(3):     for i in range(n):
s470706012.py(4):         if A[i][1]==point or A[i][2]==point:
s470706012.py(3):     for i in range(n):
s470706012.py(4):         if A[i][1]==point or A[i][2]==point:
s470706012.py(3):     for i in range(n):
s470706012.py(4):         if A[i][1]==point or A[i][2]==point:
s470706012.py(3):     for i in range(n):
s470706012.py(4):         if A[i][1]==point or A[i][2]==point:
s470706012.py(3):     for i in range(n):
s470706012.py(6):     return True
s470706012.py(64):             if A[i][1]!=-1:
s470706012.py(65):                 isPost(A[i][1],A,ans)
 --- modulename: s470706012, funcname: isPost
s470706012.py(24):     if A[point][1]!=-1:
s470706012.py(25):         isPost(A[point][1],A,ans)
 --- modulename: s470706012, funcname: isPost
s470706012.py(24):     if A[point][1]!=-1:
s470706012.py(26):     if A[point][2]!=-1:
s470706012.py(28):     ans.append(point)
s470706012.py(26):     if A[point][2]!=-1:
s470706012.py(27):         isPost(A[point][2],A,ans)
 --- modulename: s470706012, funcname: isPost
s470706012.py(24):     if A[point][1]!=-1:
s470706012.py(26):     if A[point][2]!=-1:
s470706012.py(28):     ans.append(point)
s470706012.py(28):     ans.append(point)
s470706012.py(66):             if A[i][2]!=-1:
s470706012.py(67):                 isPost(A[i][2],A,ans)
 --- modulename: s470706012, funcname: isPost
s470706012.py(24):     if A[point][1]!=-1:
s470706012.py(25):         isPost(A[point][1],A,ans)
 --- modulename: s470706012, funcname: isPost
s470706012.py(24):     if A[point][1]!=-1:
s470706012.py(25):         isPost(A[point][1],A,ans)
 --- modulename: s470706012, funcname: isPost
s470706012.py(24):     if A[point][1]!=-1:
s470706012.py(26):     if A[point][2]!=-1:
s470706012.py(28):     ans.append(point)
s470706012.py(26):     if A[point][2]!=-1:
s470706012.py(27):         isPost(A[point][2],A,ans)
 --- modulename: s470706012, funcname: isPost
s470706012.py(24):     if A[point][1]!=-1:
s470706012.py(26):     if A[point][2]!=-1:
s470706012.py(28):     ans.append(point)
s470706012.py(28):     ans.append(point)
s470706012.py(26):     if A[point][2]!=-1:
s470706012.py(27):         isPost(A[point][2],A,ans)
 --- modulename: s470706012, funcname: isPost
s470706012.py(24):     if A[point][1]!=-1:
s470706012.py(26):     if A[point][2]!=-1:
s470706012.py(28):     ans.append(point)
s470706012.py(28):     ans.append(point)
s470706012.py(68):             ans.append(A[i][0])
s470706012.py(62):     for i in range(n):
s470706012.py(63):         if isRoot(A[i][0],A,n)==True:
 --- modulename: s470706012, funcname: isRoot
s470706012.py(3):     for i in range(n):
s470706012.py(4):         if A[i][1]==point or A[i][2]==point:
s470706012.py(5):             return False
s470706012.py(62):     for i in range(n):
s470706012.py(63):         if isRoot(A[i][0],A,n)==True:
 --- modulename: s470706012, funcname: isRoot
s470706012.py(3):     for i in range(n):
s470706012.py(4):         if A[i][1]==point or A[i][2]==point:
s470706012.py(3):     for i in range(n):
s470706012.py(4):         if A[i][1]==point or A[i][2]==point:
s470706012.py(5):             return False
s470706012.py(62):     for i in range(n):
s470706012.py(63):         if isRoot(A[i][0],A,n)==True:
 --- modulename: s470706012, funcname: isRoot
s470706012.py(3):     for i in range(n):
s470706012.py(4):         if A[i][1]==point or A[i][2]==point:
s470706012.py(3):     for i in range(n):
s470706012.py(4):         if A[i][1]==point or A[i][2]==point:
s470706012.py(5):             return False
s470706012.py(62):     for i in range(n):
s470706012.py(63):         if isRoot(A[i][0],A,n)==True:
 --- modulename: s470706012, funcname: isRoot
s470706012.py(3):     for i in range(n):
s470706012.py(4):         if A[i][1]==point or A[i][2]==point:
s470706012.py(5):             return False
s470706012.py(62):     for i in range(n):
s470706012.py(63):         if isRoot(A[i][0],A,n)==True:
 --- modulename: s470706012, funcname: isRoot
s470706012.py(3):     for i in range(n):
s470706012.py(4):         if A[i][1]==point or A[i][2]==point:
s470706012.py(3):     for i in range(n):
s470706012.py(4):         if A[i][1]==point or A[i][2]==point:
s470706012.py(3):     for i in range(n):
s470706012.py(4):         if A[i][1]==point or A[i][2]==point:
s470706012.py(3):     for i in range(n):
s470706012.py(4):         if A[i][1]==point or A[i][2]==point:
s470706012.py(3):     for i in range(n):
s470706012.py(4):         if A[i][1]==point or A[i][2]==point:
s470706012.py(5):             return False
s470706012.py(62):     for i in range(n):
s470706012.py(63):         if isRoot(A[i][0],A,n)==True:
 --- modulename: s470706012, funcname: isRoot
s470706012.py(3):     for i in range(n):
s470706012.py(4):         if A[i][1]==point or A[i][2]==point:
s470706012.py(3):     for i in range(n):
s470706012.py(4):         if A[i][1]==point or A[i][2]==point:
s470706012.py(3):     for i in range(n):
s470706012.py(4):         if A[i][1]==point or A[i][2]==point:
s470706012.py(3):     for i in range(n):
s470706012.py(4):         if A[i][1]==point or A[i][2]==point:
s470706012.py(3):     for i in range(n):
s470706012.py(4):         if A[i][1]==point or A[i][2]==point:
s470706012.py(3):     for i in range(n):
s470706012.py(4):         if A[i][1]==point or A[i][2]==point:
s470706012.py(5):             return False
s470706012.py(62):     for i in range(n):
s470706012.py(63):         if isRoot(A[i][0],A,n)==True:
 --- modulename: s470706012, funcname: isRoot
s470706012.py(3):     for i in range(n):
s470706012.py(4):         if A[i][1]==point or A[i][2]==point:
s470706012.py(3):     for i in range(n):
s470706012.py(4):         if A[i][1]==point or A[i][2]==point:
s470706012.py(3):     for i in range(n):
s470706012.py(4):         if A[i][1]==point or A[i][2]==point:
s470706012.py(3):     for i in range(n):
s470706012.py(4):         if A[i][1]==point or A[i][2]==point:
s470706012.py(3):     for i in range(n):
s470706012.py(4):         if A[i][1]==point or A[i][2]==point:
s470706012.py(3):     for i in range(n):
s470706012.py(4):         if A[i][1]==point or A[i][2]==point:
s470706012.py(5):             return False
s470706012.py(62):     for i in range(n):
s470706012.py(63):         if isRoot(A[i][0],A,n)==True:
 --- modulename: s470706012, funcname: isRoot
s470706012.py(3):     for i in range(n):
s470706012.py(4):         if A[i][1]==point or A[i][2]==point:
s470706012.py(3):     for i in range(n):
s470706012.py(4):         if A[i][1]==point or A[i][2]==point:
s470706012.py(3):     for i in range(n):
s470706012.py(4):         if A[i][1]==point or A[i][2]==point:
s470706012.py(3):     for i in range(n):
s470706012.py(4):         if A[i][1]==point or A[i][2]==point:
s470706012.py(3):     for i in range(n):
s470706012.py(4):         if A[i][1]==point or A[i][2]==point:
s470706012.py(5):             return False
s470706012.py(62):     for i in range(n):
s470706012.py(69):     print("Postorder")
Postorder
s470706012.py(70):     for i in range(n):
s470706012.py(71):         ans[i]=str(ans[i])
s470706012.py(70):     for i in range(n):
s470706012.py(71):         ans[i]=str(ans[i])
s470706012.py(70):     for i in range(n):
s470706012.py(71):         ans[i]=str(ans[i])
s470706012.py(70):     for i in range(n):
s470706012.py(71):         ans[i]=str(ans[i])
s470706012.py(70):     for i in range(n):
s470706012.py(71):         ans[i]=str(ans[i])
s470706012.py(70):     for i in range(n):
s470706012.py(71):         ans[i]=str(ans[i])
s470706012.py(70):     for i in range(n):
s470706012.py(71):         ans[i]=str(ans[i])
s470706012.py(70):     for i in range(n):
s470706012.py(71):         ans[i]=str(ans[i])
s470706012.py(70):     for i in range(n):
s470706012.py(71):         ans[i]=str(ans[i])
s470706012.py(70):     for i in range(n):
s470706012.py(72):     print(" "+" ".join(ans))
 2 3 1 6 7 5 8 4 0
