 --- modulename: s478145942, funcname: <module>
s478145942.py(2): import sys
s478145942.py(3): INF = float("inf")
s478145942.py(6): def solve(N: int, s: "List[int]"):
s478145942.py(25): def main():
s478145942.py(37): if __name__ == '__main__':
s478145942.py(38):     main()
 --- modulename: s478145942, funcname: main
s478145942.py(27):     def iterate_tokens():
s478145942.py(31):     tokens = iterate_tokens()
s478145942.py(32):     N = int(next(tokens))  # type: int
 --- modulename: s478145942, funcname: iterate_tokens
s478145942.py(28):         for line in sys.stdin:
 --- modulename: codecs, funcname: decode
codecs.py(321):         data = self.buffer + input
codecs.py(322):         (result, consumed) = self._buffer_decode(data, self.errors, final)
codecs.py(324):         self.buffer = data[consumed:]
codecs.py(325):         return result
s478145942.py(29):             for word in line.split():
s478145942.py(30):                 yield word
s478145942.py(33):     s = [int(next(tokens)) for _ in range(N)]  # type: "List[int]"
 --- modulename: s478145942, funcname: <listcomp>
s478145942.py(33):     s = [int(next(tokens)) for _ in range(N)]  # type: "List[int]"
 --- modulename: s478145942, funcname: iterate_tokens
s478145942.py(29):             for word in line.split():
s478145942.py(28):         for line in sys.stdin:
s478145942.py(29):             for word in line.split():
s478145942.py(30):                 yield word
s478145942.py(33):     s = [int(next(tokens)) for _ in range(N)]  # type: "List[int]"
 --- modulename: s478145942, funcname: iterate_tokens
s478145942.py(29):             for word in line.split():
s478145942.py(28):         for line in sys.stdin:
s478145942.py(29):             for word in line.split():
s478145942.py(30):                 yield word
s478145942.py(33):     s = [int(next(tokens)) for _ in range(N)]  # type: "List[int]"
 --- modulename: s478145942, funcname: iterate_tokens
s478145942.py(29):             for word in line.split():
s478145942.py(28):         for line in sys.stdin:
s478145942.py(29):             for word in line.split():
s478145942.py(30):                 yield word
s478145942.py(33):     s = [int(next(tokens)) for _ in range(N)]  # type: "List[int]"
s478145942.py(34):     solve(N, s)
 --- modulename: s478145942, funcname: solve
s478145942.py(7):     tot = sum(s)
s478145942.py(8):     if tot % 10 != 0:
s478145942.py(11):     m = INF
s478145942.py(12):     for x in s:
s478145942.py(13):         if x % 10 == 0:
s478145942.py(15):         if x < m:
s478145942.py(16):             m = x
s478145942.py(12):     for x in s:
s478145942.py(13):         if x % 10 == 0:
s478145942.py(14):             continue
s478145942.py(12):     for x in s:
s478145942.py(13):         if x % 10 == 0:
s478145942.py(15):         if x < m:
s478145942.py(12):     for x in s:
s478145942.py(17):     if m != INF:
s478145942.py(18):         print(tot-m)
25
s478145942.py(22):     return
 --- modulename: s478145942, funcname: iterate_tokens
