 --- modulename: s478354980, funcname: <module>
s478354980.py(1): import sys
s478354980.py(2): sys.setrecursionlimit(10**8)
s478354980.py(3): def ii(): return int(sys.stdin.readline())
s478354980.py(4): def mi(): return map(int, sys.stdin.readline().split())
s478354980.py(5): def li(): return list(map(int, sys.stdin.readline().split()))
s478354980.py(6): def li2(N): return [list(map(int, sys.stdin.readline().split())) for _ in range(N)]
s478354980.py(7): def dp2(ini, i, j): return [[ini]*i for _ in range(j)]
s478354980.py(8): def dp3(ini, i, j, k): return [[[ini]*i for _ in range(j)] for _ in range(k)]
s478354980.py(10): from collections import defaultdict, deque #d = defaultdict(int) d[key] += value
 --- modulename: _bootstrap, funcname: _handle_fromlist
<frozen importlib._bootstrap>(1043): <frozen importlib._bootstrap>(1044): <frozen importlib._bootstrap>(1051): <frozen importlib._bootstrap>(1055): <frozen importlib._bootstrap>(1043): <frozen importlib._bootstrap>(1044): <frozen importlib._bootstrap>(1051): <frozen importlib._bootstrap>(1055): <frozen importlib._bootstrap>(1043): <frozen importlib._bootstrap>(1067): s478354980.py(13): N = ii()
 --- modulename: s478354980, funcname: ii
s478354980.py(3): def ii(): return int(sys.stdin.readline())
 --- modulename: codecs, funcname: getstate
codecs.py(333):         return (self.buffer, 0)
 --- modulename: codecs, funcname: decode
codecs.py(321):         data = self.buffer + input
codecs.py(322):         (result, consumed) = self._buffer_decode(data, self.errors, final)
codecs.py(324):         self.buffer = data[consumed:]
codecs.py(325):         return result
s478354980.py(15): rel = [[] for _ in range(N)]
 --- modulename: s478354980, funcname: <listcomp>
s478354980.py(15): rel = [[] for _ in range(N)]
s478354980.py(15): rel = [[] for _ in range(N)]
s478354980.py(15): rel = [[] for _ in range(N)]
s478354980.py(17): for i in range(N):
s478354980.py(18):     S = input()
s478354980.py(19):     l = []
s478354980.py(20):     for j in range(N):
s478354980.py(21):         if S[j] == '1':
s478354980.py(20):     for j in range(N):
s478354980.py(21):         if S[j] == '1':
s478354980.py(22):             l.append(j)
s478354980.py(20):     for j in range(N):
s478354980.py(23):     rel[i] = l
s478354980.py(17): for i in range(N):
s478354980.py(18):     S = input()
s478354980.py(19):     l = []
s478354980.py(20):     for j in range(N):
s478354980.py(21):         if S[j] == '1':
s478354980.py(22):             l.append(j)
s478354980.py(20):     for j in range(N):
s478354980.py(21):         if S[j] == '1':
s478354980.py(20):     for j in range(N):
s478354980.py(23):     rel[i] = l
s478354980.py(17): for i in range(N):
s478354980.py(25): flag = [0]*N
s478354980.py(26): ans = 0
s478354980.py(28): for i in range(N):
s478354980.py(29):     flag = [0]*N
s478354980.py(30):     que = deque([i])
s478354980.py(31):     add = 0
s478354980.py(32):     flag[i] = 1
s478354980.py(33):     while que != deque([]):
s478354980.py(34):         node = que.popleft()
s478354980.py(35):         for nn in rel[node]:
s478354980.py(36):             if not flag[nn]:
s478354980.py(37):                 que.append(nn)
s478354980.py(38):                 flag[nn] = flag[node] + 1
s478354980.py(35):         for nn in rel[node]:
s478354980.py(33):     while que != deque([]):
s478354980.py(34):         node = que.popleft()
s478354980.py(35):         for nn in rel[node]:
s478354980.py(36):             if not flag[nn]:
s478354980.py(35):         for nn in rel[node]:
s478354980.py(33):     while que != deque([]):
s478354980.py(39):     ans = max(ans, max(flag))
s478354980.py(28): for i in range(N):
s478354980.py(29):     flag = [0]*N
s478354980.py(30):     que = deque([i])
s478354980.py(31):     add = 0
s478354980.py(32):     flag[i] = 1
s478354980.py(33):     while que != deque([]):
s478354980.py(34):         node = que.popleft()
s478354980.py(35):         for nn in rel[node]:
s478354980.py(36):             if not flag[nn]:
s478354980.py(37):                 que.append(nn)
s478354980.py(38):                 flag[nn] = flag[node] + 1
s478354980.py(35):         for nn in rel[node]:
s478354980.py(33):     while que != deque([]):
s478354980.py(34):         node = que.popleft()
s478354980.py(35):         for nn in rel[node]:
s478354980.py(36):             if not flag[nn]:
s478354980.py(35):         for nn in rel[node]:
s478354980.py(33):     while que != deque([]):
s478354980.py(39):     ans = max(ans, max(flag))
s478354980.py(28): for i in range(N):
s478354980.py(41): for i in range(N):
s478354980.py(42):     for t in rel[i]:
s478354980.py(43):         if abs(flag[t] - flag[i]) != 1:
s478354980.py(42):     for t in rel[i]:
s478354980.py(41): for i in range(N):
s478354980.py(42):     for t in rel[i]:
s478354980.py(43):         if abs(flag[t] - flag[i]) != 1:
s478354980.py(42):     for t in rel[i]:
s478354980.py(41): for i in range(N):
s478354980.py(47): print(ans)
2
