 --- modulename: s124564015, funcname: <module>
s124564015.py(2): import sys
s124564015.py(4): YES = "Yes"  # type: str
s124564015.py(5): NO = "No"  # type: str
s124564015.py(8): def solve(N: int, W: "List[str]"):
s124564015.py(22): def main():
s124564015.py(33): if __name__ == '__main__':
s124564015.py(34):     main()
 --- modulename: s124564015, funcname: main
s124564015.py(23):     def iterate_tokens():
s124564015.py(27):     tokens = iterate_tokens()
s124564015.py(28):     N = int(next(tokens))  # type: int
 --- modulename: s124564015, funcname: iterate_tokens
s124564015.py(24):         for line in sys.stdin:
 --- modulename: codecs, funcname: decode
codecs.py(321):         data = self.buffer + input
codecs.py(322):         (result, consumed) = self._buffer_decode(data, self.errors, final)
codecs.py(324):         self.buffer = data[consumed:]
codecs.py(325):         return result
s124564015.py(25):             for word in line.split():
s124564015.py(26):                 yield word
s124564015.py(29):     W = [next(tokens) for _ in range(N)]  # type: "List[str]"
 --- modulename: s124564015, funcname: <listcomp>
s124564015.py(29):     W = [next(tokens) for _ in range(N)]  # type: "List[str]"
 --- modulename: s124564015, funcname: iterate_tokens
s124564015.py(25):             for word in line.split():
s124564015.py(24):         for line in sys.stdin:
s124564015.py(25):             for word in line.split():
s124564015.py(26):                 yield word
s124564015.py(29):     W = [next(tokens) for _ in range(N)]  # type: "List[str]"
 --- modulename: s124564015, funcname: iterate_tokens
s124564015.py(25):             for word in line.split():
s124564015.py(24):         for line in sys.stdin:
s124564015.py(25):             for word in line.split():
s124564015.py(26):                 yield word
s124564015.py(29):     W = [next(tokens) for _ in range(N)]  # type: "List[str]"
 --- modulename: s124564015, funcname: iterate_tokens
s124564015.py(25):             for word in line.split():
s124564015.py(24):         for line in sys.stdin:
s124564015.py(25):             for word in line.split():
s124564015.py(26):                 yield word
s124564015.py(29):     W = [next(tokens) for _ in range(N)]  # type: "List[str]"
 --- modulename: s124564015, funcname: iterate_tokens
s124564015.py(25):             for word in line.split():
s124564015.py(24):         for line in sys.stdin:
s124564015.py(25):             for word in line.split():
s124564015.py(26):                 yield word
s124564015.py(29):     W = [next(tokens) for _ in range(N)]  # type: "List[str]"
s124564015.py(30):     solve(N, W)
 --- modulename: s124564015, funcname: solve
s124564015.py(9):     if N != len(set(W)):
s124564015.py(10):         print(NO)
No
s124564015.py(11):         exit()
 --- modulename: _sitebuiltins, funcname: __call__
_sitebuiltins.py(22):         try:
_sitebuiltins.py(23):             sys.stdin.close()
_sitebuiltins.py(26):         raise SystemExit(code)
