 --- modulename: s125302756, funcname: <module>
s125302756.py(1): import sys
s125302756.py(11): class IP:
 --- modulename: s125302756, funcname: IP
s125302756.py(11): class IP:
s125302756.py(12):     """
s125302756.py(16):     def __init__(self):
s125302756.py(19):     def I(self):
s125302756.py(26):     def S(self):
s125302756.py(33):     def IL(self):
s125302756.py(40):     def SL(self):
s125302756.py(47):     def ILS(self, n):
s125302756.py(55):     def SLS(self, n):
s125302756.py(63):     def SILS(self, n):
s125302756.py(72):     def SSLS(self, n):
s125302756.py(81): class Idea:
 --- modulename: s125302756, funcname: Idea
s125302756.py(81): class Idea:
s125302756.py(82):     def __init__(self):
s125302756.py(85):     def HF(self, p):
s125302756.py(96):     def Bfs2(self, a):
s125302756.py(122):     def S(self, s, r=0, m=-1):
s125302756.py(136):     def bit_n(self, a, b):
s125302756.py(146):     def bit_o(self, a, b):
s125302756.py(156):     def ceil(self, x, y):
s125302756.py(166):     def ave(self, a):
s125302756.py(174):     def gcd(self, x, y):
s125302756.py(184): def main():
s125302756.py(200): main()
 --- modulename: s125302756, funcname: main
s125302756.py(186):     r, e, p = range, enumerate, print
s125302756.py(187):     ip = IP()
 --- modulename: s125302756, funcname: __init__
s125302756.py(17):         self.input = sys.stdin.readline
s125302756.py(188):     id = Idea()
 --- modulename: s125302756, funcname: __init__
s125302756.py(83):         pass
s125302756.py(189):     mod = 10 ** 9 + 7
s125302756.py(192):     n, x = ip.IL()
 --- modulename: s125302756, funcname: IL
s125302756.py(38):         return list(map(int, self.input().split()))
 --- modulename: codecs, funcname: getstate
codecs.py(333):         return (self.buffer, 0)
 --- modulename: codecs, funcname: decode
codecs.py(321):         data = self.buffer + input
codecs.py(322):         (result, consumed) = self._buffer_decode(data, self.errors, final)
codecs.py(324):         self.buffer = data[consumed:]
codecs.py(325):         return result
s125302756.py(193):     m = ip.ILS(n)
 --- modulename: s125302756, funcname: ILS
s125302756.py(53):         return [int(self.input()) for _ in range(n)]
 --- modulename: s125302756, funcname: <listcomp>
s125302756.py(53):         return [int(self.input()) for _ in range(n)]
s125302756.py(53):         return [int(self.input()) for _ in range(n)]
s125302756.py(53):         return [int(self.input()) for _ in range(n)]
s125302756.py(53):         return [int(self.input()) for _ in range(n)]
s125302756.py(194):     a = sum(m)
s125302756.py(195):     o = x - a
s125302756.py(196):     p(n + (o // min(m)))
9
