 --- modulename: s135259415, funcname: <module>
s135259415.py(1): import sys
s135259415.py(4): def root(x):
s135259415.py(12): def unite(x, y):
s135259415.py(25): def size(node):
s135259415.py(28): if __name__ == '__main__':
s135259415.py(29):     input = sys.stdin.readline
s135259415.py(30):     n, m = map(int, input().split())
 --- modulename: codecs, funcname: getstate
codecs.py(333):         return (self.buffer, 0)
 --- modulename: codecs, funcname: decode
codecs.py(321):         data = self.buffer + input
codecs.py(322):         (result, consumed) = self._buffer_decode(data, self.errors, final)
codecs.py(324):         self.buffer = data[consumed:]
codecs.py(325):         return result
s135259415.py(31):     input_list = [list(map(int, input().split())) for _ in range(m)]
 --- modulename: s135259415, funcname: <listcomp>
s135259415.py(31):     input_list = [list(map(int, input().split())) for _ in range(m)]
s135259415.py(31):     input_list = [list(map(int, input().split())) for _ in range(m)]
s135259415.py(31):     input_list = [list(map(int, input().split())) for _ in range(m)]
s135259415.py(31):     input_list = [list(map(int, input().split())) for _ in range(m)]
s135259415.py(31):     input_list = [list(map(int, input().split())) for _ in range(m)]
s135259415.py(31):     input_list = [list(map(int, input().split())) for _ in range(m)]
s135259415.py(32):     parent = [-1] * n
s135259415.py(33):     ans_list = []
s135259415.py(34):     ans = int(n*(n-1)/2)
s135259415.py(35):     for a, b in input_list[::-1]:
s135259415.py(36):         ans_list.append(ans)
s135259415.py(37):         tmp = size(a-1) * size(b-1)
 --- modulename: s135259415, funcname: size
s135259415.py(26):     return -parent[root(node)]
 --- modulename: s135259415, funcname: root
s135259415.py(5):     if parent[x] < 0:
s135259415.py(6):         return x
 --- modulename: s135259415, funcname: size
s135259415.py(26):     return -parent[root(node)]
 --- modulename: s135259415, funcname: root
s135259415.py(5):     if parent[x] < 0:
s135259415.py(6):         return x
s135259415.py(38):         if unite(a-1, b-1):
 --- modulename: s135259415, funcname: unite
s135259415.py(13):     x = root(x)
 --- modulename: s135259415, funcname: root
s135259415.py(5):     if parent[x] < 0:
s135259415.py(6):         return x
s135259415.py(14):     y = root(y)
 --- modulename: s135259415, funcname: root
s135259415.py(5):     if parent[x] < 0:
s135259415.py(6):         return x
s135259415.py(15):     if x == y:
s135259415.py(18):         if y > x:
s135259415.py(19):             x, y = y, x
s135259415.py(20):         parent[x] += parent[y]
s135259415.py(21):         parent[y] = x
s135259415.py(22):         return True
s135259415.py(39):             ans -= tmp
s135259415.py(35):     for a, b in input_list[::-1]:
s135259415.py(36):         ans_list.append(ans)
s135259415.py(37):         tmp = size(a-1) * size(b-1)
 --- modulename: s135259415, funcname: size
s135259415.py(26):     return -parent[root(node)]
 --- modulename: s135259415, funcname: root
s135259415.py(5):     if parent[x] < 0:
s135259415.py(6):         return x
 --- modulename: s135259415, funcname: size
s135259415.py(26):     return -parent[root(node)]
 --- modulename: s135259415, funcname: root
s135259415.py(5):     if parent[x] < 0:
s135259415.py(6):         return x
s135259415.py(38):         if unite(a-1, b-1):
 --- modulename: s135259415, funcname: unite
s135259415.py(13):     x = root(x)
 --- modulename: s135259415, funcname: root
s135259415.py(5):     if parent[x] < 0:
s135259415.py(6):         return x
s135259415.py(14):     y = root(y)
 --- modulename: s135259415, funcname: root
s135259415.py(5):     if parent[x] < 0:
s135259415.py(6):         return x
s135259415.py(15):     if x == y:
s135259415.py(18):         if y > x:
s135259415.py(19):             x, y = y, x
s135259415.py(20):         parent[x] += parent[y]
s135259415.py(21):         parent[y] = x
s135259415.py(22):         return True
s135259415.py(39):             ans -= tmp
s135259415.py(35):     for a, b in input_list[::-1]:
s135259415.py(36):         ans_list.append(ans)
s135259415.py(37):         tmp = size(a-1) * size(b-1)
 --- modulename: s135259415, funcname: size
s135259415.py(26):     return -parent[root(node)]
 --- modulename: s135259415, funcname: root
s135259415.py(5):     if parent[x] < 0:
s135259415.py(8):         parent[x] = root(parent[x])
 --- modulename: s135259415, funcname: root
s135259415.py(5):     if parent[x] < 0:
s135259415.py(6):         return x
s135259415.py(9):         return parent[x]
 --- modulename: s135259415, funcname: size
s135259415.py(26):     return -parent[root(node)]
 --- modulename: s135259415, funcname: root
s135259415.py(5):     if parent[x] < 0:
s135259415.py(6):         return x
s135259415.py(38):         if unite(a-1, b-1):
 --- modulename: s135259415, funcname: unite
s135259415.py(13):     x = root(x)
 --- modulename: s135259415, funcname: root
s135259415.py(5):     if parent[x] < 0:
s135259415.py(8):         parent[x] = root(parent[x])
 --- modulename: s135259415, funcname: root
s135259415.py(5):     if parent[x] < 0:
s135259415.py(6):         return x
s135259415.py(9):         return parent[x]
s135259415.py(14):     y = root(y)
 --- modulename: s135259415, funcname: root
s135259415.py(5):     if parent[x] < 0:
s135259415.py(6):         return x
s135259415.py(15):     if x == y:
s135259415.py(18):         if y > x:
s135259415.py(20):         parent[x] += parent[y]
s135259415.py(21):         parent[y] = x
s135259415.py(22):         return True
s135259415.py(39):             ans -= tmp
s135259415.py(35):     for a, b in input_list[::-1]:
s135259415.py(36):         ans_list.append(ans)
s135259415.py(37):         tmp = size(a-1) * size(b-1)
 --- modulename: s135259415, funcname: size
s135259415.py(26):     return -parent[root(node)]
 --- modulename: s135259415, funcname: root
s135259415.py(5):     if parent[x] < 0:
s135259415.py(8):         parent[x] = root(parent[x])
 --- modulename: s135259415, funcname: root
s135259415.py(5):     if parent[x] < 0:
s135259415.py(6):         return x
s135259415.py(9):         return parent[x]
 --- modulename: s135259415, funcname: size
s135259415.py(26):     return -parent[root(node)]
 --- modulename: s135259415, funcname: root
s135259415.py(5):     if parent[x] < 0:
s135259415.py(6):         return x
s135259415.py(38):         if unite(a-1, b-1):
 --- modulename: s135259415, funcname: unite
s135259415.py(13):     x = root(x)
 --- modulename: s135259415, funcname: root
s135259415.py(5):     if parent[x] < 0:
s135259415.py(8):         parent[x] = root(parent[x])
 --- modulename: s135259415, funcname: root
s135259415.py(5):     if parent[x] < 0:
s135259415.py(6):         return x
s135259415.py(9):         return parent[x]
s135259415.py(14):     y = root(y)
 --- modulename: s135259415, funcname: root
s135259415.py(5):     if parent[x] < 0:
s135259415.py(6):         return x
s135259415.py(15):     if x == y:
s135259415.py(16):         return False
s135259415.py(35):     for a, b in input_list[::-1]:
s135259415.py(36):         ans_list.append(ans)
s135259415.py(37):         tmp = size(a-1) * size(b-1)
 --- modulename: s135259415, funcname: size
s135259415.py(26):     return -parent[root(node)]
 --- modulename: s135259415, funcname: root
s135259415.py(5):     if parent[x] < 0:
s135259415.py(8):         parent[x] = root(parent[x])
 --- modulename: s135259415, funcname: root
s135259415.py(5):     if parent[x] < 0:
s135259415.py(6):         return x
s135259415.py(9):         return parent[x]
 --- modulename: s135259415, funcname: size
s135259415.py(26):     return -parent[root(node)]
 --- modulename: s135259415, funcname: root
s135259415.py(5):     if parent[x] < 0:
s135259415.py(8):         parent[x] = root(parent[x])
 --- modulename: s135259415, funcname: root
s135259415.py(5):     if parent[x] < 0:
s135259415.py(8):         parent[x] = root(parent[x])
 --- modulename: s135259415, funcname: root
s135259415.py(5):     if parent[x] < 0:
s135259415.py(6):         return x
s135259415.py(9):         return parent[x]
s135259415.py(9):         return parent[x]
s135259415.py(38):         if unite(a-1, b-1):
 --- modulename: s135259415, funcname: unite
s135259415.py(13):     x = root(x)
 --- modulename: s135259415, funcname: root
s135259415.py(5):     if parent[x] < 0:
s135259415.py(8):         parent[x] = root(parent[x])
 --- modulename: s135259415, funcname: root
s135259415.py(5):     if parent[x] < 0:
s135259415.py(6):         return x
s135259415.py(9):         return parent[x]
s135259415.py(14):     y = root(y)
 --- modulename: s135259415, funcname: root
s135259415.py(5):     if parent[x] < 0:
s135259415.py(8):         parent[x] = root(parent[x])
 --- modulename: s135259415, funcname: root
s135259415.py(5):     if parent[x] < 0:
s135259415.py(6):         return x
s135259415.py(9):         return parent[x]
s135259415.py(15):     if x == y:
s135259415.py(16):         return False
s135259415.py(35):     for a, b in input_list[::-1]:
s135259415.py(41):     for ans in ans_list[::-1]:
s135259415.py(42):         print(ans)
0
s135259415.py(41):     for ans in ans_list[::-1]:
s135259415.py(42):         print(ans)
0
s135259415.py(41):     for ans in ans_list[::-1]:
s135259415.py(42):         print(ans)
4
s135259415.py(41):     for ans in ans_list[::-1]:
s135259415.py(42):         print(ans)
5
s135259415.py(41):     for ans in ans_list[::-1]:
s135259415.py(42):         print(ans)
6
s135259415.py(41):     for ans in ans_list[::-1]:
