 --- modulename: s141525443, funcname: <module>
s141525443.py(1): import sys
s141525443.py(2): sys.setrecursionlimit(10**8)
s141525443.py(3): def ii(): return int(sys.stdin.readline())
s141525443.py(4): def mi(): return map(int, sys.stdin.readline().split())
s141525443.py(5): def li(): return list(map(int, sys.stdin.readline().split()))
s141525443.py(6): def li2(N): return [list(map(int, sys.stdin.readline().split())) for _ in range(N)]
s141525443.py(7): def dp2(ini, i, j): return [[ini]*i for _ in range(j)]
s141525443.py(8): def dp3(ini, i, j, k): return [[[ini]*i for _ in range(j)] for _ in range(k)]
s141525443.py(13): class UnionFind:
 --- modulename: s141525443, funcname: UnionFind
s141525443.py(13): class UnionFind:
s141525443.py(14):     def __init__(self, n):
s141525443.py(17):     def find(self, x):
s141525443.py(24):     def unite(self, x, y):
s141525443.py(35):     def same(self, x, y):
s141525443.py(40):     def size(self, x):
s141525443.py(43): V, E = mi()
 --- modulename: s141525443, funcname: mi
s141525443.py(4): def mi(): return map(int, sys.stdin.readline().split())
 --- modulename: codecs, funcname: getstate
codecs.py(333):         return (self.buffer, 0)
 --- modulename: codecs, funcname: decode
codecs.py(321):         data = self.buffer + input
codecs.py(322):         (result, consumed) = self._buffer_decode(data, self.errors, final)
codecs.py(324):         self.buffer = data[consumed:]
codecs.py(325):         return result
s141525443.py(44): stw = li2(E)
 --- modulename: s141525443, funcname: li2
s141525443.py(6): def li2(N): return [list(map(int, sys.stdin.readline().split())) for _ in range(N)]
 --- modulename: s141525443, funcname: <listcomp>
s141525443.py(6): def li2(N): return [list(map(int, sys.stdin.readline().split())) for _ in range(N)]
s141525443.py(6): def li2(N): return [list(map(int, sys.stdin.readline().split())) for _ in range(N)]
s141525443.py(6): def li2(N): return [list(map(int, sys.stdin.readline().split())) for _ in range(N)]
s141525443.py(6): def li2(N): return [list(map(int, sys.stdin.readline().split())) for _ in range(N)]
s141525443.py(6): def li2(N): return [list(map(int, sys.stdin.readline().split())) for _ in range(N)]
s141525443.py(6): def li2(N): return [list(map(int, sys.stdin.readline().split())) for _ in range(N)]
s141525443.py(6): def li2(N): return [list(map(int, sys.stdin.readline().split())) for _ in range(N)]
s141525443.py(45): stw.sort(key=lambda x: x[2])
 --- modulename: s141525443, funcname: <lambda>
s141525443.py(45): stw.sort(key=lambda x: x[2])
 --- modulename: s141525443, funcname: <lambda>
s141525443.py(45): stw.sort(key=lambda x: x[2])
 --- modulename: s141525443, funcname: <lambda>
s141525443.py(45): stw.sort(key=lambda x: x[2])
 --- modulename: s141525443, funcname: <lambda>
s141525443.py(45): stw.sort(key=lambda x: x[2])
 --- modulename: s141525443, funcname: <lambda>
s141525443.py(45): stw.sort(key=lambda x: x[2])
 --- modulename: s141525443, funcname: <lambda>
s141525443.py(45): stw.sort(key=lambda x: x[2])
s141525443.py(47): T = UnionFind(V)
 --- modulename: s141525443, funcname: __init__
s141525443.py(15):         self.d = [-1]*n
s141525443.py(48): cnt = 0
s141525443.py(50): for i in range(E):
s141525443.py(51):     s, t, w = stw[i][0], stw[i][1], stw[i][2]
s141525443.py(52):     if not T.same(s, t):
 --- modulename: s141525443, funcname: same
s141525443.py(36):         if self.find(x)==self.find(y):
 --- modulename: s141525443, funcname: find
s141525443.py(18):         if self.d[x] < 0:
s141525443.py(19):             return x
 --- modulename: s141525443, funcname: find
s141525443.py(18):         if self.d[x] < 0:
s141525443.py(19):             return x
s141525443.py(38):         return False
s141525443.py(53):         T.unite(s, t)
 --- modulename: s141525443, funcname: unite
s141525443.py(25):         x = self.find(x)
 --- modulename: s141525443, funcname: find
s141525443.py(18):         if self.d[x] < 0:
s141525443.py(19):             return x
s141525443.py(26):         y = self.find(y)
 --- modulename: s141525443, funcname: find
s141525443.py(18):         if self.d[x] < 0:
s141525443.py(19):             return x
s141525443.py(27):         if x==y:
s141525443.py(29):         if self.d[x] > self.d[y]:
s141525443.py(31):         self.d[x] += self.d[y]
s141525443.py(32):         self.d[y] = x
s141525443.py(33):         return True
s141525443.py(54):         cnt += w
s141525443.py(50): for i in range(E):
s141525443.py(51):     s, t, w = stw[i][0], stw[i][1], stw[i][2]
s141525443.py(52):     if not T.same(s, t):
 --- modulename: s141525443, funcname: same
s141525443.py(36):         if self.find(x)==self.find(y):
 --- modulename: s141525443, funcname: find
s141525443.py(18):         if self.d[x] < 0:
s141525443.py(21):             self.d[x] = self.find(self.d[x])
 --- modulename: s141525443, funcname: find
s141525443.py(18):         if self.d[x] < 0:
s141525443.py(19):             return x
s141525443.py(22):             return self.find(self.d[x])
 --- modulename: s141525443, funcname: find
s141525443.py(18):         if self.d[x] < 0:
s141525443.py(19):             return x
 --- modulename: s141525443, funcname: find
s141525443.py(18):         if self.d[x] < 0:
s141525443.py(19):             return x
s141525443.py(38):         return False
s141525443.py(53):         T.unite(s, t)
 --- modulename: s141525443, funcname: unite
s141525443.py(25):         x = self.find(x)
 --- modulename: s141525443, funcname: find
s141525443.py(18):         if self.d[x] < 0:
s141525443.py(21):             self.d[x] = self.find(self.d[x])
 --- modulename: s141525443, funcname: find
s141525443.py(18):         if self.d[x] < 0:
s141525443.py(19):             return x
s141525443.py(22):             return self.find(self.d[x])
 --- modulename: s141525443, funcname: find
s141525443.py(18):         if self.d[x] < 0:
s141525443.py(19):             return x
s141525443.py(26):         y = self.find(y)
 --- modulename: s141525443, funcname: find
s141525443.py(18):         if self.d[x] < 0:
s141525443.py(19):             return x
s141525443.py(27):         if x==y:
s141525443.py(29):         if self.d[x] > self.d[y]:
s141525443.py(31):         self.d[x] += self.d[y]
s141525443.py(32):         self.d[y] = x
s141525443.py(33):         return True
s141525443.py(54):         cnt += w
s141525443.py(50): for i in range(E):
s141525443.py(51):     s, t, w = stw[i][0], stw[i][1], stw[i][2]
s141525443.py(52):     if not T.same(s, t):
 --- modulename: s141525443, funcname: same
s141525443.py(36):         if self.find(x)==self.find(y):
 --- modulename: s141525443, funcname: find
s141525443.py(18):         if self.d[x] < 0:
s141525443.py(21):             self.d[x] = self.find(self.d[x])
 --- modulename: s141525443, funcname: find
s141525443.py(18):         if self.d[x] < 0:
s141525443.py(19):             return x
s141525443.py(22):             return self.find(self.d[x])
 --- modulename: s141525443, funcname: find
s141525443.py(18):         if self.d[x] < 0:
s141525443.py(19):             return x
 --- modulename: s141525443, funcname: find
s141525443.py(18):         if self.d[x] < 0:
s141525443.py(19):             return x
s141525443.py(38):         return False
s141525443.py(53):         T.unite(s, t)
 --- modulename: s141525443, funcname: unite
s141525443.py(25):         x = self.find(x)
 --- modulename: s141525443, funcname: find
s141525443.py(18):         if self.d[x] < 0:
s141525443.py(21):             self.d[x] = self.find(self.d[x])
 --- modulename: s141525443, funcname: find
s141525443.py(18):         if self.d[x] < 0:
s141525443.py(19):             return x
s141525443.py(22):             return self.find(self.d[x])
 --- modulename: s141525443, funcname: find
s141525443.py(18):         if self.d[x] < 0:
s141525443.py(19):             return x
s141525443.py(26):         y = self.find(y)
 --- modulename: s141525443, funcname: find
s141525443.py(18):         if self.d[x] < 0:
s141525443.py(19):             return x
s141525443.py(27):         if x==y:
s141525443.py(29):         if self.d[x] > self.d[y]:
s141525443.py(31):         self.d[x] += self.d[y]
s141525443.py(32):         self.d[y] = x
s141525443.py(33):         return True
s141525443.py(54):         cnt += w
s141525443.py(50): for i in range(E):
s141525443.py(51):     s, t, w = stw[i][0], stw[i][1], stw[i][2]
s141525443.py(52):     if not T.same(s, t):
 --- modulename: s141525443, funcname: same
s141525443.py(36):         if self.find(x)==self.find(y):
 --- modulename: s141525443, funcname: find
s141525443.py(18):         if self.d[x] < 0:
s141525443.py(21):             self.d[x] = self.find(self.d[x])
 --- modulename: s141525443, funcname: find
s141525443.py(18):         if self.d[x] < 0:
s141525443.py(19):             return x
s141525443.py(22):             return self.find(self.d[x])
 --- modulename: s141525443, funcname: find
s141525443.py(18):         if self.d[x] < 0:
s141525443.py(19):             return x
 --- modulename: s141525443, funcname: find
s141525443.py(18):         if self.d[x] < 0:
s141525443.py(19):             return x
s141525443.py(37):             return True
s141525443.py(50): for i in range(E):
s141525443.py(51):     s, t, w = stw[i][0], stw[i][1], stw[i][2]
s141525443.py(52):     if not T.same(s, t):
 --- modulename: s141525443, funcname: same
s141525443.py(36):         if self.find(x)==self.find(y):
 --- modulename: s141525443, funcname: find
s141525443.py(18):         if self.d[x] < 0:
s141525443.py(21):             self.d[x] = self.find(self.d[x])
 --- modulename: s141525443, funcname: find
s141525443.py(18):         if self.d[x] < 0:
s141525443.py(19):             return x
s141525443.py(22):             return self.find(self.d[x])
 --- modulename: s141525443, funcname: find
s141525443.py(18):         if self.d[x] < 0:
s141525443.py(19):             return x
 --- modulename: s141525443, funcname: find
s141525443.py(18):         if self.d[x] < 0:
s141525443.py(21):             self.d[x] = self.find(self.d[x])
 --- modulename: s141525443, funcname: find
s141525443.py(18):         if self.d[x] < 0:
s141525443.py(19):             return x
s141525443.py(22):             return self.find(self.d[x])
 --- modulename: s141525443, funcname: find
s141525443.py(18):         if self.d[x] < 0:
s141525443.py(19):             return x
s141525443.py(37):             return True
s141525443.py(50): for i in range(E):
s141525443.py(51):     s, t, w = stw[i][0], stw[i][1], stw[i][2]
s141525443.py(52):     if not T.same(s, t):
 --- modulename: s141525443, funcname: same
s141525443.py(36):         if self.find(x)==self.find(y):
 --- modulename: s141525443, funcname: find
s141525443.py(18):         if self.d[x] < 0:
s141525443.py(19):             return x
 --- modulename: s141525443, funcname: find
s141525443.py(18):         if self.d[x] < 0:
s141525443.py(21):             self.d[x] = self.find(self.d[x])
 --- modulename: s141525443, funcname: find
s141525443.py(18):         if self.d[x] < 0:
s141525443.py(19):             return x
s141525443.py(22):             return self.find(self.d[x])
 --- modulename: s141525443, funcname: find
s141525443.py(18):         if self.d[x] < 0:
s141525443.py(19):             return x
s141525443.py(37):             return True
s141525443.py(50): for i in range(E):
s141525443.py(56): print(cnt)
3
