 --- modulename: s141075590, funcname: <module>
s141075590.py(1): import sys
s141075590.py(2): import math
 --- modulename: _bootstrap, funcname: _find_and_load
<frozen importlib._bootstrap>(1004):  --- modulename: _bootstrap, funcname: __init__
<frozen importlib._bootstrap>(153): <frozen importlib._bootstrap>(154):  --- modulename: _bootstrap, funcname: __enter__
<frozen importlib._bootstrap>(157):  --- modulename: _bootstrap, funcname: _get_module_lock
<frozen importlib._bootstrap>(172): <frozen importlib._bootstrap>(173): <frozen importlib._bootstrap>(174): <frozen importlib._bootstrap>(175): <frozen importlib._bootstrap>(176): <frozen importlib._bootstrap>(177): <frozen importlib._bootstrap>(179): <frozen importlib._bootstrap>(180): <frozen importlib._bootstrap>(183):  --- modulename: _bootstrap, funcname: __init__
<frozen importlib._bootstrap>(59): <frozen importlib._bootstrap>(60): <frozen importlib._bootstrap>(61): <frozen importlib._bootstrap>(62): <frozen importlib._bootstrap>(63): <frozen importlib._bootstrap>(64): <frozen importlib._bootstrap>(185): <frozen importlib._bootstrap>(196): <frozen importlib._bootstrap>(198): <frozen importlib._bootstrap>(200): <frozen importlib._bootstrap>(158):  --- modulename: _bootstrap, funcname: acquire
<frozen importlib._bootstrap>(93): <frozen importlib._bootstrap>(94): <frozen importlib._bootstrap>(95): <frozen importlib._bootstrap>(97): <frozen importlib._bootstrap>(98): <frozen importlib._bootstrap>(99): <frozen importlib._bootstrap>(100): <frozen importlib._bootstrap>(101): <frozen importlib._bootstrap>(110): <frozen importlib._bootstrap>(101): <frozen importlib._bootstrap>(1005): <frozen importlib._bootstrap>(1006): <frozen importlib._bootstrap>(1007):  --- modulename: _bootstrap, funcname: _find_and_load_unlocked
<frozen importlib._bootstrap>(968): <frozen importlib._bootstrap>(969): <frozen importlib._bootstrap>(970): <frozen importlib._bootstrap>(982):  --- modulename: _bootstrap, funcname: _find_spec
<frozen importlib._bootstrap>(903): <frozen importlib._bootstrap>(904): <frozen importlib._bootstrap>(909): <frozen importlib._bootstrap>(915): <frozen importlib._bootstrap>(916): <frozen importlib._bootstrap>(917):  --- modulename: _bootstrap, funcname: __enter__
<frozen importlib._bootstrap>(876): <frozen importlib._bootstrap>(918): <frozen importlib._bootstrap>(919): <frozen importlib._bootstrap>(925):  --- modulename: __init__, funcname: find_spec
__init__.py(104):         if path is not None and not fullname.startswith('test.'):
__init__.py(107):         method_name = 'spec_for_{fullname}'.format(**locals())
__init__.py(108):         method = getattr(self, method_name, lambda: None)
__init__.py(109):         return method()
 --- modulename: __init__, funcname: <lambda>
__init__.py(108):         method = getattr(self, method_name, lambda: None)
 --- modulename: _bootstrap, funcname: __exit__
<frozen importlib._bootstrap>(880): <frozen importlib._bootstrap>(926): <frozen importlib._bootstrap>(916): <frozen importlib._bootstrap>(917):  --- modulename: _bootstrap, funcname: __enter__
<frozen importlib._bootstrap>(876): <frozen importlib._bootstrap>(918): <frozen importlib._bootstrap>(919): <frozen importlib._bootstrap>(925):  --- modulename: _virtualenv, funcname: find_spec
_virtualenv.py(53):         if fullname in _DISTUTILS_PATCH and self.fullname is None:  # noqa: PLR1702
_virtualenv.py(87):         return None
 --- modulename: _bootstrap, funcname: __exit__
<frozen importlib._bootstrap>(880): <frozen importlib._bootstrap>(926): <frozen importlib._bootstrap>(916): <frozen importlib._bootstrap>(917):  --- modulename: _bootstrap, funcname: __enter__
<frozen importlib._bootstrap>(876): <frozen importlib._bootstrap>(918): <frozen importlib._bootstrap>(919): <frozen importlib._bootstrap>(925):  --- modulename: _bootstrap, funcname: find_spec
<frozen importlib._bootstrap>(738): <frozen importlib._bootstrap>(740): <frozen importlib._bootstrap>(741):  --- modulename: _bootstrap, funcname: spec_from_loader
<frozen importlib._bootstrap>(417): <frozen importlib._bootstrap>(428): <frozen importlib._bootstrap>(429): <frozen importlib._bootstrap>(430): <frozen importlib._bootstrap>(431):  --- modulename: _bootstrap, funcname: _requires_builtin_wrapper
<frozen importlib._bootstrap>(242): <frozen importlib._bootstrap>(245):  --- modulename: _bootstrap, funcname: is_package
<frozen importlib._bootstrap>(786): <frozen importlib._bootstrap>(438):  --- modulename: _bootstrap, funcname: __init__
<frozen importlib._bootstrap>(353): <frozen importlib._bootstrap>(354): <frozen importlib._bootstrap>(355): <frozen importlib._bootstrap>(356): <frozen importlib._bootstrap>(357): <frozen importlib._bootstrap>(360): <frozen importlib._bootstrap>(361):  --- modulename: _bootstrap, funcname: __exit__
<frozen importlib._bootstrap>(880): <frozen importlib._bootstrap>(926): <frozen importlib._bootstrap>(928): <frozen importlib._bootstrap>(943): <frozen importlib._bootstrap>(983): <frozen importlib._bootstrap>(986):  --- modulename: _bootstrap, funcname: _load_unlocked
<frozen importlib._bootstrap>(661): <frozen importlib._bootstrap>(663): <frozen importlib._bootstrap>(666):  --- modulename: _bootstrap, funcname: module_from_spec
<frozen importlib._bootstrap>(561): <frozen importlib._bootstrap>(562): <frozen importlib._bootstrap>(565):  --- modulename: _bootstrap, funcname: create_module
<frozen importlib._bootstrap>(760): <frozen importlib._bootstrap>(763):  --- modulename: _bootstrap, funcname: _call_with_frames_removed
<frozen importlib._bootstrap>(228): <frozen importlib._bootstrap>(569): <frozen importlib._bootstrap>(571):  --- modulename: _bootstrap, funcname: _init_module_attrs
<frozen importlib._bootstrap>(490): <frozen importlib._bootstrap>(496): <frozen importlib._bootstrap>(497): <frozen importlib._bootstrap>(498): <frozen importlib._bootstrap>(519): <frozen importlib._bootstrap>(520): <frozen importlib._bootstrap>(524): <frozen importlib._bootstrap>(525): <frozen importlib._bootstrap>(526):  --- modulename: _bootstrap, funcname: parent
<frozen importlib._bootstrap>(401): <frozen importlib._bootstrap>(402): <frozen importlib._bootstrap>(530): <frozen importlib._bootstrap>(531): <frozen importlib._bootstrap>(535): <frozen importlib._bootstrap>(536): <frozen importlib._bootstrap>(542):  --- modulename: _bootstrap, funcname: has_location
<frozen importlib._bootstrap>(408): <frozen importlib._bootstrap>(555): <frozen importlib._bootstrap>(572): <frozen importlib._bootstrap>(671): <frozen importlib._bootstrap>(672): <frozen importlib._bootstrap>(673): <frozen importlib._bootstrap>(674): <frozen importlib._bootstrap>(675): <frozen importlib._bootstrap>(680):  --- modulename: _bootstrap, funcname: exec_module
<frozen importlib._bootstrap>(768):  --- modulename: _bootstrap, funcname: _call_with_frames_removed
<frozen importlib._bootstrap>(228): <frozen importlib._bootstrap>(691): <frozen importlib._bootstrap>(692): <frozen importlib._bootstrap>(693):  --- modulename: _bootstrap, funcname: _verbose_message
<frozen importlib._bootstrap>(233): <frozen importlib._bootstrap>(695): <frozen importlib._bootstrap>(697): <frozen importlib._bootstrap>(987): <frozen importlib._bootstrap>(996):  --- modulename: _bootstrap, funcname: __exit__
<frozen importlib._bootstrap>(161):  --- modulename: _bootstrap, funcname: release
<frozen importlib._bootstrap>(113): <frozen importlib._bootstrap>(114): <frozen importlib._bootstrap>(115): <frozen importlib._bootstrap>(117): <frozen importlib._bootstrap>(118): <frozen importlib._bootstrap>(119): <frozen importlib._bootstrap>(120): <frozen importlib._bootstrap>(121):  --- modulename: _bootstrap, funcname: cb
<frozen importlib._bootstrap>(186): <frozen importlib._bootstrap>(187): <frozen importlib._bootstrap>(191): <frozen importlib._bootstrap>(192): <frozen importlib._bootstrap>(194): s141075590.py(3): from collections import deque
 --- modulename: _bootstrap, funcname: _handle_fromlist
<frozen importlib._bootstrap>(1043): <frozen importlib._bootstrap>(1044): <frozen importlib._bootstrap>(1051): <frozen importlib._bootstrap>(1055): <frozen importlib._bootstrap>(1043): <frozen importlib._bootstrap>(1067): s141075590.py(5): sys.setrecursionlimit(1000000)
s141075590.py(6): MOD = 10 ** 9 + 7
s141075590.py(7): input = lambda: sys.stdin.readline().strip()
s141075590.py(8): NI = lambda: int(input())
s141075590.py(9): NMI = lambda: map(int, input().split())
s141075590.py(10): NLI = lambda: list(NMI())
s141075590.py(11): SI = lambda: input()
s141075590.py(14): def make_grid(h, w, num): return [[int(num)] * w for _ in range(h)]
s141075590.py(17): def make_adjlist_d(n, edges):
s141075590.py(24): def main():
s141075590.py(53): if __name__ == "__main__":
s141075590.py(54):     main()
 --- modulename: s141075590, funcname: main
s141075590.py(25):     N, M = NMI()
 --- modulename: s141075590, funcname: <lambda>
s141075590.py(9): NMI = lambda: map(int, input().split())
 --- modulename: s141075590, funcname: <lambda>
s141075590.py(7): input = lambda: sys.stdin.readline().strip()
 --- modulename: codecs, funcname: getstate
codecs.py(333):         return (self.buffer, 0)
 --- modulename: codecs, funcname: decode
codecs.py(321):         data = self.buffer + input
codecs.py(322):         (result, consumed) = self._buffer_decode(data, self.errors, final)
codecs.py(324):         self.buffer = data[consumed:]
codecs.py(325):         return result
s141075590.py(26):     edges = [NLI() for _ in range(M)]
 --- modulename: s141075590, funcname: <listcomp>
s141075590.py(26):     edges = [NLI() for _ in range(M)]
 --- modulename: s141075590, funcname: <lambda>
s141075590.py(10): NLI = lambda: list(NMI())
 --- modulename: s141075590, funcname: <lambda>
s141075590.py(9): NMI = lambda: map(int, input().split())
 --- modulename: s141075590, funcname: <lambda>
s141075590.py(7): input = lambda: sys.stdin.readline().strip()
s141075590.py(26):     edges = [NLI() for _ in range(M)]
 --- modulename: s141075590, funcname: <lambda>
s141075590.py(10): NLI = lambda: list(NMI())
 --- modulename: s141075590, funcname: <lambda>
s141075590.py(9): NMI = lambda: map(int, input().split())
 --- modulename: s141075590, funcname: <lambda>
s141075590.py(7): input = lambda: sys.stdin.readline().strip()
s141075590.py(26):     edges = [NLI() for _ in range(M)]
 --- modulename: s141075590, funcname: <lambda>
s141075590.py(10): NLI = lambda: list(NMI())
 --- modulename: s141075590, funcname: <lambda>
s141075590.py(9): NMI = lambda: map(int, input().split())
 --- modulename: s141075590, funcname: <lambda>
s141075590.py(7): input = lambda: sys.stdin.readline().strip()
s141075590.py(26):     edges = [NLI() for _ in range(M)]
 --- modulename: s141075590, funcname: <lambda>
s141075590.py(10): NLI = lambda: list(NMI())
 --- modulename: s141075590, funcname: <lambda>
s141075590.py(9): NMI = lambda: map(int, input().split())
 --- modulename: s141075590, funcname: <lambda>
s141075590.py(7): input = lambda: sys.stdin.readline().strip()
s141075590.py(26):     edges = [NLI() for _ in range(M)]
s141075590.py(27):     S, T = NMI()
 --- modulename: s141075590, funcname: <lambda>
s141075590.py(9): NMI = lambda: map(int, input().split())
 --- modulename: s141075590, funcname: <lambda>
s141075590.py(7): input = lambda: sys.stdin.readline().strip()
s141075590.py(29):     tree = [[] for _ in range(3*N+1)]
 --- modulename: s141075590, funcname: <listcomp>
s141075590.py(29):     tree = [[] for _ in range(3*N+1)]
s141075590.py(29):     tree = [[] for _ in range(3*N+1)]
s141075590.py(29):     tree = [[] for _ in range(3*N+1)]
s141075590.py(29):     tree = [[] for _ in range(3*N+1)]
s141075590.py(29):     tree = [[] for _ in range(3*N+1)]
s141075590.py(29):     tree = [[] for _ in range(3*N+1)]
s141075590.py(29):     tree = [[] for _ in range(3*N+1)]
s141075590.py(29):     tree = [[] for _ in range(3*N+1)]
s141075590.py(29):     tree = [[] for _ in range(3*N+1)]
s141075590.py(29):     tree = [[] for _ in range(3*N+1)]
s141075590.py(29):     tree = [[] for _ in range(3*N+1)]
s141075590.py(29):     tree = [[] for _ in range(3*N+1)]
s141075590.py(29):     tree = [[] for _ in range(3*N+1)]
s141075590.py(29):     tree = [[] for _ in range(3*N+1)]
s141075590.py(30):     for e in edges:
s141075590.py(31):         tree[e[0]].append(e[1]+N)
s141075590.py(32):         tree[e[0]+N].append(e[1]+2*N)
s141075590.py(33):         tree[e[0]+2*N].append(e[1])
s141075590.py(30):     for e in edges:
s141075590.py(31):         tree[e[0]].append(e[1]+N)
s141075590.py(32):         tree[e[0]+N].append(e[1]+2*N)
s141075590.py(33):         tree[e[0]+2*N].append(e[1])
s141075590.py(30):     for e in edges:
s141075590.py(31):         tree[e[0]].append(e[1]+N)
s141075590.py(32):         tree[e[0]+N].append(e[1]+2*N)
s141075590.py(33):         tree[e[0]+2*N].append(e[1])
s141075590.py(30):     for e in edges:
s141075590.py(31):         tree[e[0]].append(e[1]+N)
s141075590.py(32):         tree[e[0]+N].append(e[1]+2*N)
s141075590.py(33):         tree[e[0]+2*N].append(e[1])
s141075590.py(30):     for e in edges:
s141075590.py(35):     stack = deque()
s141075590.py(36):     stack.append(S)
s141075590.py(37):     seen = [-1] * (3*N+1)
s141075590.py(38):     seen[S] = 0
s141075590.py(39):     while stack:
s141075590.py(40):         now = stack.popleft()
s141075590.py(41):         now_step = seen[now]
s141075590.py(42):         for goto in tree[now]:
s141075590.py(43):             if seen[goto] >= 0:
s141075590.py(46):             stack.append(goto)
s141075590.py(47):             seen[goto] = now_step + 1
s141075590.py(42):         for goto in tree[now]:
s141075590.py(39):     while stack:
s141075590.py(40):         now = stack.popleft()
s141075590.py(41):         now_step = seen[now]
s141075590.py(42):         for goto in tree[now]:
s141075590.py(43):             if seen[goto] >= 0:
s141075590.py(46):             stack.append(goto)
s141075590.py(47):             seen[goto] = now_step + 1
s141075590.py(42):         for goto in tree[now]:
s141075590.py(39):     while stack:
s141075590.py(40):         now = stack.popleft()
s141075590.py(41):         now_step = seen[now]
s141075590.py(42):         for goto in tree[now]:
s141075590.py(43):             if seen[goto] >= 0:
s141075590.py(46):             stack.append(goto)
s141075590.py(47):             seen[goto] = now_step + 1
s141075590.py(42):         for goto in tree[now]:
s141075590.py(39):     while stack:
s141075590.py(40):         now = stack.popleft()
s141075590.py(41):         now_step = seen[now]
s141075590.py(42):         for goto in tree[now]:
s141075590.py(43):             if seen[goto] >= 0:
s141075590.py(46):             stack.append(goto)
s141075590.py(47):             seen[goto] = now_step + 1
s141075590.py(42):         for goto in tree[now]:
s141075590.py(39):     while stack:
s141075590.py(40):         now = stack.popleft()
s141075590.py(41):         now_step = seen[now]
s141075590.py(42):         for goto in tree[now]:
s141075590.py(43):             if seen[goto] >= 0:
s141075590.py(46):             stack.append(goto)
s141075590.py(47):             seen[goto] = now_step + 1
s141075590.py(42):         for goto in tree[now]:
s141075590.py(39):     while stack:
s141075590.py(40):         now = stack.popleft()
s141075590.py(41):         now_step = seen[now]
s141075590.py(42):         for goto in tree[now]:
s141075590.py(43):             if seen[goto] >= 0:
s141075590.py(46):             stack.append(goto)
s141075590.py(47):             seen[goto] = now_step + 1
s141075590.py(42):         for goto in tree[now]:
s141075590.py(39):     while stack:
s141075590.py(40):         now = stack.popleft()
s141075590.py(41):         now_step = seen[now]
s141075590.py(42):         for goto in tree[now]:
s141075590.py(43):             if seen[goto] >= 0:
s141075590.py(46):             stack.append(goto)
s141075590.py(47):             seen[goto] = now_step + 1
s141075590.py(42):         for goto in tree[now]:
s141075590.py(39):     while stack:
s141075590.py(40):         now = stack.popleft()
s141075590.py(41):         now_step = seen[now]
s141075590.py(42):         for goto in tree[now]:
s141075590.py(43):             if seen[goto] >= 0:
s141075590.py(46):             stack.append(goto)
s141075590.py(47):             seen[goto] = now_step + 1
s141075590.py(42):         for goto in tree[now]:
s141075590.py(39):     while stack:
s141075590.py(40):         now = stack.popleft()
s141075590.py(41):         now_step = seen[now]
s141075590.py(42):         for goto in tree[now]:
s141075590.py(43):             if seen[goto] >= 0:
s141075590.py(46):             stack.append(goto)
s141075590.py(47):             seen[goto] = now_step + 1
s141075590.py(42):         for goto in tree[now]:
s141075590.py(39):     while stack:
s141075590.py(40):         now = stack.popleft()
s141075590.py(41):         now_step = seen[now]
s141075590.py(42):         for goto in tree[now]:
s141075590.py(43):             if seen[goto] >= 0:
s141075590.py(46):             stack.append(goto)
s141075590.py(47):             seen[goto] = now_step + 1
s141075590.py(42):         for goto in tree[now]:
s141075590.py(39):     while stack:
s141075590.py(40):         now = stack.popleft()
s141075590.py(41):         now_step = seen[now]
s141075590.py(42):         for goto in tree[now]:
s141075590.py(43):             if seen[goto] >= 0:
s141075590.py(46):             stack.append(goto)
s141075590.py(47):             seen[goto] = now_step + 1
s141075590.py(42):         for goto in tree[now]:
s141075590.py(39):     while stack:
s141075590.py(40):         now = stack.popleft()
s141075590.py(41):         now_step = seen[now]
s141075590.py(42):         for goto in tree[now]:
s141075590.py(43):             if seen[goto] >= 0:
s141075590.py(44):                 continue
s141075590.py(42):         for goto in tree[now]:
s141075590.py(39):     while stack:
s141075590.py(49):     print(seen[T]//3)
2
