 --- modulename: s010893058, funcname: <module>
s010893058.py(2): import sys
s010893058.py(5): def solve(D: int, N: int):
s010893058.py(13): def main():
s010893058.py(23): if __name__ == '__main__':
s010893058.py(24):     main()
 --- modulename: s010893058, funcname: main
s010893058.py(14):     def iterate_tokens():
s010893058.py(18):     tokens = iterate_tokens()
s010893058.py(19):     D = int(next(tokens))  # type: int
 --- modulename: s010893058, funcname: iterate_tokens
s010893058.py(15):         for line in sys.stdin:
 --- modulename: codecs, funcname: decode
codecs.py(321):         data = self.buffer + input
codecs.py(322):         (result, consumed) = self._buffer_decode(data, self.errors, final)
codecs.py(324):         self.buffer = data[consumed:]
codecs.py(325):         return result
s010893058.py(16):             for word in line.split():
s010893058.py(17):                 yield word
s010893058.py(20):     N = int(next(tokens))  # type: int
 --- modulename: s010893058, funcname: iterate_tokens
s010893058.py(16):             for word in line.split():
s010893058.py(17):                 yield word
s010893058.py(21):     solve(D, N)
 --- modulename: s010893058, funcname: solve
s010893058.py(6):     if N == 100:
s010893058.py(9):         print((100**D)*N)
5
 --- modulename: s010893058, funcname: iterate_tokens
