 --- modulename: s013527687, funcname: <module>
s013527687.py(1): import sys
s013527687.py(2): sys.setrecursionlimit(10**8)
s013527687.py(3): def ii(): return int(sys.stdin.readline())
s013527687.py(4): def mi(): return map(int, sys.stdin.readline().split())
s013527687.py(5): def li(): return list(map(int, sys.stdin.readline().split()))
s013527687.py(6): def li2(N): return [list(map(int, sys.stdin.readline().split())) for _ in range(N)]
s013527687.py(7): def dp2(ini, i, j): return [[ini]*i for _ in range(j)]
s013527687.py(8): def dp3(ini, i, j, k): return [[[ini]*i for _ in range(j)] for _ in range(k)]
s013527687.py(13): S = input()
 --- modulename: codecs, funcname: getstate
codecs.py(333):         return (self.buffer, 0)
 --- modulename: codecs, funcname: decode
codecs.py(321):         data = self.buffer + input
codecs.py(322):         (result, consumed) = self._buffer_decode(data, self.errors, final)
codecs.py(324):         self.buffer = data[consumed:]
codecs.py(325):         return result
s013527687.py(14): N = len(S)
s013527687.py(15): K = ii()
 --- modulename: s013527687, funcname: ii
s013527687.py(3): def ii(): return int(sys.stdin.readline())
s013527687.py(16): cnt = 0
s013527687.py(18): i = 1
s013527687.py(19): flag = 0
s013527687.py(21): if S.count(S[0]) == N:
s013527687.py(25): while i < N:
s013527687.py(26):     if S[i] == S[i-1]:
s013527687.py(32):     i += 1
s013527687.py(25): while i < N:
s013527687.py(26):     if S[i] == S[i-1]:
s013527687.py(27):         cnt += 1
s013527687.py(28):         if i + 1 < N and S[i] == S[i+1]:
s013527687.py(30):         if i == N-1:
s013527687.py(32):     i += 1
s013527687.py(25): while i < N:
s013527687.py(26):     if S[i] == S[i-1]:
s013527687.py(32):     i += 1
s013527687.py(25): while i < N:
s013527687.py(26):     if S[i] == S[i-1]:
s013527687.py(27):         cnt += 1
s013527687.py(28):         if i + 1 < N and S[i] == S[i+1]:
s013527687.py(30):         if i == N-1:
s013527687.py(31):             flag = 1
s013527687.py(32):     i += 1
s013527687.py(25): while i < N:
s013527687.py(34): if flag and S[0] == S[-1]:
s013527687.py(35):     cnt += 1
s013527687.py(36):     cnt_sub = 0
s013527687.py(37):     S = S[1:] + S[0]
s013527687.py(38):     i = 1
s013527687.py(39):     flag = 0
s013527687.py(40):     while i < N:
s013527687.py(41):         if S[i] == S[i-1]:
s013527687.py(42):             cnt_sub += 1
s013527687.py(43):             if i + 1 < N and S[i] == S[i+1]:
s013527687.py(45):         i += 1
s013527687.py(40):     while i < N:
s013527687.py(41):         if S[i] == S[i-1]:
s013527687.py(45):         i += 1
s013527687.py(40):     while i < N:
s013527687.py(41):         if S[i] == S[i-1]:
s013527687.py(42):             cnt_sub += 1
s013527687.py(43):             if i + 1 < N and S[i] == S[i+1]:
s013527687.py(44):                 i += 1
s013527687.py(45):         i += 1
s013527687.py(40):     while i < N:
s013527687.py(46):     print(cnt + cnt_sub * (K-2) + cnt_sub - 1)
4
