 --- modulename: s252746237, funcname: <module>
s252746237.py(1): from collections import deque
 --- modulename: _bootstrap, funcname: _handle_fromlist
<frozen importlib._bootstrap>(1043): <frozen importlib._bootstrap>(1044): <frozen importlib._bootstrap>(1051): <frozen importlib._bootstrap>(1055): <frozen importlib._bootstrap>(1043): <frozen importlib._bootstrap>(1067): s252746237.py(2): deq = deque()
s252746237.py(3): def check(f1, f2, f3):
s252746237.py(5): def f(f1, x):
s252746237.py(7): def add_line(a, b):
s252746237.py(12): def query(x):
s252746237.py(17): N, C = map(int, input().split())
 --- modulename: codecs, funcname: getstate
codecs.py(333):         return (self.buffer, 0)
 --- modulename: codecs, funcname: decode
codecs.py(321):         data = self.buffer + input
codecs.py(322):         (result, consumed) = self._buffer_decode(data, self.errors, final)
codecs.py(324):         self.buffer = data[consumed:]
codecs.py(325):         return result
s252746237.py(18): *H, = map(int, input().split())
s252746237.py(20): add_line(-2*H[0], H[0]**2)
 --- modulename: s252746237, funcname: add_line
s252746237.py(8):     f1 = (a, b)
s252746237.py(9):     while len(deq) >= 2 and check(deq[-2], deq[-1], f1):
s252746237.py(11):     deq.append(f1)
s252746237.py(21): for i in range(1, N):
s252746237.py(22):     y = H[i]**2 + C + query(H[i])
 --- modulename: s252746237, funcname: query
s252746237.py(13):     while len(deq) >= 2 and f(deq[0], x) >= f(deq[1], x):
s252746237.py(15):     return f(deq[0], x)
 --- modulename: s252746237, funcname: f
s252746237.py(6):     return f1[0]*x + f1[1]
s252746237.py(23):     add_line(-2*H[i], y + H[i]**2)
 --- modulename: s252746237, funcname: add_line
s252746237.py(8):     f1 = (a, b)
s252746237.py(9):     while len(deq) >= 2 and check(deq[-2], deq[-1], f1):
s252746237.py(11):     deq.append(f1)
s252746237.py(21): for i in range(1, N):
s252746237.py(22):     y = H[i]**2 + C + query(H[i])
 --- modulename: s252746237, funcname: query
s252746237.py(13):     while len(deq) >= 2 and f(deq[0], x) >= f(deq[1], x):
 --- modulename: s252746237, funcname: f
s252746237.py(6):     return f1[0]*x + f1[1]
 --- modulename: s252746237, funcname: f
s252746237.py(6):     return f1[0]*x + f1[1]
s252746237.py(15):     return f(deq[0], x)
 --- modulename: s252746237, funcname: f
s252746237.py(6):     return f1[0]*x + f1[1]
s252746237.py(23):     add_line(-2*H[i], y + H[i]**2)
 --- modulename: s252746237, funcname: add_line
s252746237.py(8):     f1 = (a, b)
s252746237.py(9):     while len(deq) >= 2 and check(deq[-2], deq[-1], f1):
 --- modulename: s252746237, funcname: check
s252746237.py(4):     return (f2[0] - f1[0]) * (f3[1] - f2[1]) >= (f2[1] - f1[1]) * (f3[0] - f2[0])
s252746237.py(10):         deq.pop()
s252746237.py(9):     while len(deq) >= 2 and check(deq[-2], deq[-1], f1):
s252746237.py(11):     deq.append(f1)
s252746237.py(21): for i in range(1, N):
s252746237.py(22):     y = H[i]**2 + C + query(H[i])
 --- modulename: s252746237, funcname: query
s252746237.py(13):     while len(deq) >= 2 and f(deq[0], x) >= f(deq[1], x):
 --- modulename: s252746237, funcname: f
s252746237.py(6):     return f1[0]*x + f1[1]
 --- modulename: s252746237, funcname: f
s252746237.py(6):     return f1[0]*x + f1[1]
s252746237.py(15):     return f(deq[0], x)
 --- modulename: s252746237, funcname: f
s252746237.py(6):     return f1[0]*x + f1[1]
s252746237.py(23):     add_line(-2*H[i], y + H[i]**2)
 --- modulename: s252746237, funcname: add_line
s252746237.py(8):     f1 = (a, b)
s252746237.py(9):     while len(deq) >= 2 and check(deq[-2], deq[-1], f1):
 --- modulename: s252746237, funcname: check
s252746237.py(4):     return (f2[0] - f1[0]) * (f3[1] - f2[1]) >= (f2[1] - f1[1]) * (f3[0] - f2[0])
s252746237.py(11):     deq.append(f1)
s252746237.py(21): for i in range(1, N):
s252746237.py(22):     y = H[i]**2 + C + query(H[i])
 --- modulename: s252746237, funcname: query
s252746237.py(13):     while len(deq) >= 2 and f(deq[0], x) >= f(deq[1], x):
 --- modulename: s252746237, funcname: f
s252746237.py(6):     return f1[0]*x + f1[1]
 --- modulename: s252746237, funcname: f
s252746237.py(6):     return f1[0]*x + f1[1]
s252746237.py(14):         deq.popleft()
s252746237.py(13):     while len(deq) >= 2 and f(deq[0], x) >= f(deq[1], x):
 --- modulename: s252746237, funcname: f
s252746237.py(6):     return f1[0]*x + f1[1]
 --- modulename: s252746237, funcname: f
s252746237.py(6):     return f1[0]*x + f1[1]
s252746237.py(15):     return f(deq[0], x)
 --- modulename: s252746237, funcname: f
s252746237.py(6):     return f1[0]*x + f1[1]
s252746237.py(23):     add_line(-2*H[i], y + H[i]**2)
 --- modulename: s252746237, funcname: add_line
s252746237.py(8):     f1 = (a, b)
s252746237.py(9):     while len(deq) >= 2 and check(deq[-2], deq[-1], f1):
 --- modulename: s252746237, funcname: check
s252746237.py(4):     return (f2[0] - f1[0]) * (f3[1] - f2[1]) >= (f2[1] - f1[1]) * (f3[0] - f2[0])
s252746237.py(11):     deq.append(f1)
s252746237.py(21): for i in range(1, N):
s252746237.py(24): print(y)
20
