 --- modulename: s254167111, funcname: <module>
s254167111.py(1): class Graph:
 --- modulename: s254167111, funcname: Graph
s254167111.py(1): class Graph:
s254167111.py(2):     def __init__(self, n, adj):
s254167111.py(8):     def solve(self, u):
s254167111.py(22): def main():
s254167111.py(37): if __name__ == "__main__":
s254167111.py(38):     main()
 --- modulename: s254167111, funcname: main
s254167111.py(23):     n, m = map(int, input().split())
 --- modulename: codecs, funcname: getstate
codecs.py(333):         return (self.buffer, 0)
 --- modulename: codecs, funcname: decode
codecs.py(321):         data = self.buffer + input
codecs.py(322):         (result, consumed) = self._buffer_decode(data, self.errors, final)
codecs.py(324):         self.buffer = data[consumed:]
codecs.py(325):         return result
s254167111.py(24):     adj = [[] for _ in range(n)]
 --- modulename: s254167111, funcname: <listcomp>
s254167111.py(24):     adj = [[] for _ in range(n)]
s254167111.py(24):     adj = [[] for _ in range(n)]
s254167111.py(24):     adj = [[] for _ in range(n)]
s254167111.py(24):     adj = [[] for _ in range(n)]
s254167111.py(25):     for _ in range(m):
s254167111.py(26):         a, b = map(int, input().split())
s254167111.py(27):         a -= 1
s254167111.py(28):         b -= 1
s254167111.py(29):         adj[a].append(b)
s254167111.py(30):         adj[b].append(a)
s254167111.py(25):     for _ in range(m):
s254167111.py(26):         a, b = map(int, input().split())
s254167111.py(27):         a -= 1
s254167111.py(28):         b -= 1
s254167111.py(29):         adj[a].append(b)
s254167111.py(30):         adj[b].append(a)
s254167111.py(25):     for _ in range(m):
s254167111.py(26):         a, b = map(int, input().split())
s254167111.py(27):         a -= 1
s254167111.py(28):         b -= 1
s254167111.py(29):         adj[a].append(b)
s254167111.py(30):         adj[b].append(a)
s254167111.py(25):     for _ in range(m):
s254167111.py(32):     graph = Graph(n, adj)
 --- modulename: s254167111, funcname: __init__
s254167111.py(3):         self.adj = adj
s254167111.py(4):         self.cnt = 0
s254167111.py(5):         self.depth = 0
s254167111.py(6):         self.ds = [-1] * n
s254167111.py(33):     graph.solve(0)
 --- modulename: s254167111, funcname: solve
s254167111.py(9):         self.ds[u] = self.depth
s254167111.py(10):         if self.ds.count(-1) == 0:
s254167111.py(14):         self.depth += 1
s254167111.py(15):         for v in self.adj[u]:
s254167111.py(16):             if self.ds[v] == -1:
s254167111.py(17):                 self.solve(v)
 --- modulename: s254167111, funcname: solve
s254167111.py(9):         self.ds[u] = self.depth
s254167111.py(10):         if self.ds.count(-1) == 0:
s254167111.py(14):         self.depth += 1
s254167111.py(15):         for v in self.adj[u]:
s254167111.py(16):             if self.ds[v] == -1:
s254167111.py(15):         for v in self.adj[u]:
s254167111.py(16):             if self.ds[v] == -1:
s254167111.py(17):                 self.solve(v)
 --- modulename: s254167111, funcname: solve
s254167111.py(9):         self.ds[u] = self.depth
s254167111.py(10):         if self.ds.count(-1) == 0:
s254167111.py(11):             self.cnt += 1
s254167111.py(12):             return
s254167111.py(18):                 self.ds[v] = -1
s254167111.py(15):         for v in self.adj[u]:
s254167111.py(19):         self.depth -= 1
s254167111.py(18):                 self.ds[v] = -1
s254167111.py(15):         for v in self.adj[u]:
s254167111.py(16):             if self.ds[v] == -1:
s254167111.py(17):                 self.solve(v)
 --- modulename: s254167111, funcname: solve
s254167111.py(9):         self.ds[u] = self.depth
s254167111.py(10):         if self.ds.count(-1) == 0:
s254167111.py(14):         self.depth += 1
s254167111.py(15):         for v in self.adj[u]:
s254167111.py(16):             if self.ds[v] == -1:
s254167111.py(15):         for v in self.adj[u]:
s254167111.py(16):             if self.ds[v] == -1:
s254167111.py(17):                 self.solve(v)
 --- modulename: s254167111, funcname: solve
s254167111.py(9):         self.ds[u] = self.depth
s254167111.py(10):         if self.ds.count(-1) == 0:
s254167111.py(11):             self.cnt += 1
s254167111.py(12):             return
s254167111.py(18):                 self.ds[v] = -1
s254167111.py(15):         for v in self.adj[u]:
s254167111.py(19):         self.depth -= 1
s254167111.py(18):                 self.ds[v] = -1
s254167111.py(15):         for v in self.adj[u]:
s254167111.py(19):         self.depth -= 1
s254167111.py(34):     print(graph.cnt)
2
