 --- modulename: s255512879, funcname: <module>
s255512879.py(3): from enum import Enum
s255512879.py(5): class Unreachable(Exception):
 --- modulename: s255512879, funcname: Unreachable
s255512879.py(5): class Unreachable(Exception):
s255512879.py(6):     pass
s255512879.py(9): class Type(Enum):
 --- modulename: enum, funcname: __prepare__
enum.py(167):         metacls._check_for_existing_members(cls, bases)
 --- modulename: enum, funcname: _check_for_existing_members
enum.py(563):         for chain in bases:
enum.py(564):             for base in chain.__mro__:
enum.py(565):                 if issubclass(base, Enum) and base._member_names_:
enum.py(564):             for base in chain.__mro__:
enum.py(565):                 if issubclass(base, Enum) and base._member_names_:
enum.py(564):             for base in chain.__mro__:
enum.py(563):         for chain in bases:
enum.py(169):         enum_dict = _EnumDict()
 --- modulename: enum, funcname: __init__
enum.py(82):         super().__init__()
enum.py(83):         self._member_names = []
enum.py(84):         self._last_values = []
enum.py(85):         self._ignore = []
enum.py(86):         self._auto_called = False
enum.py(170):         enum_dict._cls_name = cls
enum.py(172):         member_type, first_enum = metacls._get_mixins_(cls, bases)
 --- modulename: enum, funcname: _get_mixins_
enum.py(579):         if not bases:
enum.py(582):         def _find_data_type(bases):
enum.py(609):         first_enum = bases[-1]
enum.py(610):         if not issubclass(first_enum, Enum):
enum.py(613):         member_type = _find_data_type(bases) or object
 --- modulename: enum, funcname: _find_data_type
enum.py(583):             data_types = set()
enum.py(584):             for chain in bases:
enum.py(585):                 candidate = None
enum.py(586):                 for base in chain.__mro__:
enum.py(587):                     if base is object:
enum.py(589):                     elif issubclass(base, Enum):
enum.py(590):                         if base._member_type_ is not object:
enum.py(586):                 for base in chain.__mro__:
enum.py(587):                     if base is object:
enum.py(588):                         continue
enum.py(586):                 for base in chain.__mro__:
enum.py(584):             for chain in bases:
enum.py(600):             if len(data_types) > 1:
enum.py(602):             elif data_types:
enum.py(605):                 return None
enum.py(614):         if first_enum._member_names_:
enum.py(616):         return member_type, first_enum
enum.py(173):         if first_enum is not None:
enum.py(174):             enum_dict['_generate_next_value_'] = getattr(
enum.py(175):                     first_enum, '_generate_next_value_', None,
enum.py(174):             enum_dict['_generate_next_value_'] = getattr(
 --- modulename: enum, funcname: __setitem__
enum.py(97):         if _is_private(self._cls_name, key):
 --- modulename: enum, funcname: _is_private
enum.py(46):     pattern = '_%s__' % (cls_name, )
enum.py(48):             len(name) >= 5
enum.py(49):             and name.startswith(pattern)
enum.py(47):     if (
enum.py(55):         return False
enum.py(105):         if _is_sunder(key):
 --- modulename: enum, funcname: _is_sunder
enum.py(38):             len(name) > 2 and
enum.py(39):             name[0] == name[-1] == '_' and
enum.py(38):             len(name) > 2 and
enum.py(40):             name[1:2] != '_' and
enum.py(38):             len(name) > 2 and
enum.py(41):             name[-2:-1] != '_'
enum.py(37):     return (
enum.py(106):             if key not in (
enum.py(111):             if key == '_generate_next_value_':
enum.py(113):                 if self._auto_called:
enum.py(115):                 setattr(self, '_generate_next_value', value)
enum.py(152):         super().__setitem__(key, value)
enum.py(177):         return enum_dict
 --- modulename: s255512879, funcname: Type
s255512879.py(9): class Type(Enum):
 --- modulename: enum, funcname: __setitem__
enum.py(97):         if _is_private(self._cls_name, key):
 --- modulename: enum, funcname: _is_private
enum.py(46):     pattern = '_%s__' % (cls_name, )
enum.py(48):             len(name) >= 5
enum.py(49):             and name.startswith(pattern)
enum.py(47):     if (
enum.py(55):         return False
enum.py(105):         if _is_sunder(key):
 --- modulename: enum, funcname: _is_sunder
enum.py(38):             len(name) > 2 and
enum.py(39):             name[0] == name[-1] == '_' and
enum.py(38):             len(name) > 2 and
enum.py(40):             name[1:2] != '_' and
enum.py(38):             len(name) > 2 and
enum.py(37):     return (
enum.py(128):         elif _is_dunder(key):
 --- modulename: enum, funcname: _is_dunder
enum.py(27):             len(name) > 4 and
enum.py(28):             name[:2] == name[-2:] == '__' and
enum.py(27):             len(name) > 4 and
enum.py(29):             name[2] != '_' and
enum.py(27):             len(name) > 4 and
enum.py(30):             name[-3] != '_'
enum.py(26):     return (
enum.py(129):             if key == '__order__':
enum.py(152):         super().__setitem__(key, value)
 --- modulename: enum, funcname: __setitem__
enum.py(97):         if _is_private(self._cls_name, key):
 --- modulename: enum, funcname: _is_private
enum.py(46):     pattern = '_%s__' % (cls_name, )
enum.py(48):             len(name) >= 5
enum.py(49):             and name.startswith(pattern)
enum.py(47):     if (
enum.py(55):         return False
enum.py(105):         if _is_sunder(key):
 --- modulename: enum, funcname: _is_sunder
enum.py(38):             len(name) > 2 and
enum.py(39):             name[0] == name[-1] == '_' and
enum.py(38):             len(name) > 2 and
enum.py(40):             name[1:2] != '_' and
enum.py(38):             len(name) > 2 and
enum.py(37):     return (
enum.py(128):         elif _is_dunder(key):
 --- modulename: enum, funcname: _is_dunder
enum.py(27):             len(name) > 4 and
enum.py(28):             name[:2] == name[-2:] == '__' and
enum.py(27):             len(name) > 4 and
enum.py(29):             name[2] != '_' and
enum.py(27):             len(name) > 4 and
enum.py(30):             name[-3] != '_'
enum.py(26):     return (
enum.py(129):             if key == '__order__':
enum.py(152):         super().__setitem__(key, value)
s255512879.py(10):     VAL = 0
 --- modulename: enum, funcname: __setitem__
enum.py(97):         if _is_private(self._cls_name, key):
 --- modulename: enum, funcname: _is_private
enum.py(46):     pattern = '_%s__' % (cls_name, )
enum.py(48):             len(name) >= 5
enum.py(55):         return False
enum.py(105):         if _is_sunder(key):
 --- modulename: enum, funcname: _is_sunder
enum.py(38):             len(name) > 2 and
enum.py(39):             name[0] == name[-1] == '_' and
enum.py(38):             len(name) > 2 and
enum.py(37):     return (
enum.py(128):         elif _is_dunder(key):
 --- modulename: enum, funcname: _is_dunder
enum.py(27):             len(name) > 4 and
enum.py(26):     return (
enum.py(131):         elif key in self._member_names:
enum.py(134):         elif key in self._ignore:
enum.py(136):         elif not _is_descriptor(value):
 --- modulename: enum, funcname: _is_descriptor
enum.py(17):             hasattr(obj, '__get__') or
enum.py(18):             hasattr(obj, '__set__') or
enum.py(17):             hasattr(obj, '__get__') or
enum.py(19):             hasattr(obj, '__delete__')
enum.py(16):     return (
enum.py(137):             if key in self:
enum.py(140):             if isinstance(value, auto):
enum.py(150):             self._member_names.append(key)
enum.py(151):             self._last_values.append(value)
enum.py(152):         super().__setitem__(key, value)
s255512879.py(11):     PTR = 1
 --- modulename: enum, funcname: __setitem__
enum.py(97):         if _is_private(self._cls_name, key):
 --- modulename: enum, funcname: _is_private
enum.py(46):     pattern = '_%s__' % (cls_name, )
enum.py(48):             len(name) >= 5
enum.py(55):         return False
enum.py(105):         if _is_sunder(key):
 --- modulename: enum, funcname: _is_sunder
enum.py(38):             len(name) > 2 and
enum.py(39):             name[0] == name[-1] == '_' and
enum.py(38):             len(name) > 2 and
enum.py(37):     return (
enum.py(128):         elif _is_dunder(key):
 --- modulename: enum, funcname: _is_dunder
enum.py(27):             len(name) > 4 and
enum.py(26):     return (
enum.py(131):         elif key in self._member_names:
enum.py(134):         elif key in self._ignore:
enum.py(136):         elif not _is_descriptor(value):
 --- modulename: enum, funcname: _is_descriptor
enum.py(17):             hasattr(obj, '__get__') or
enum.py(18):             hasattr(obj, '__set__') or
enum.py(17):             hasattr(obj, '__get__') or
enum.py(19):             hasattr(obj, '__delete__')
enum.py(16):     return (
enum.py(137):             if key in self:
enum.py(140):             if isinstance(value, auto):
enum.py(150):             self._member_names.append(key)
enum.py(151):             self._last_values.append(value)
enum.py(152):         super().__setitem__(key, value)
 --- modulename: enum, funcname: __new__
enum.py(186):         classdict.setdefault('_ignore_', []).append('_ignore_')
enum.py(187):         ignore = classdict['_ignore_']
enum.py(188):         for key in ignore:
enum.py(189):             classdict.pop(key, None)
enum.py(188):         for key in ignore:
enum.py(190):         member_type, first_enum = metacls._get_mixins_(cls, bases)
 --- modulename: enum, funcname: _get_mixins_
enum.py(579):         if not bases:
enum.py(582):         def _find_data_type(bases):
enum.py(609):         first_enum = bases[-1]
enum.py(610):         if not issubclass(first_enum, Enum):
enum.py(613):         member_type = _find_data_type(bases) or object
 --- modulename: enum, funcname: _find_data_type
enum.py(583):             data_types = set()
enum.py(584):             for chain in bases:
enum.py(585):                 candidate = None
enum.py(586):                 for base in chain.__mro__:
enum.py(587):                     if base is object:
enum.py(589):                     elif issubclass(base, Enum):
enum.py(590):                         if base._member_type_ is not object:
enum.py(586):                 for base in chain.__mro__:
enum.py(587):                     if base is object:
enum.py(588):                         continue
enum.py(586):                 for base in chain.__mro__:
enum.py(584):             for chain in bases:
enum.py(600):             if len(data_types) > 1:
enum.py(602):             elif data_types:
enum.py(605):                 return None
enum.py(614):         if first_enum._member_names_:
enum.py(616):         return member_type, first_enum
enum.py(191):         __new__, save_new, use_args = metacls._find_new_(
enum.py(192):                 classdict, member_type, first_enum,
enum.py(191):         __new__, save_new, use_args = metacls._find_new_(
 --- modulename: enum, funcname: _find_new_
enum.py(630):         __new__ = classdict.get('__new__', None)
enum.py(633):         save_new = __new__ is not None
enum.py(635):         if __new__ is None:
enum.py(638):             for method in ('__new_member__', '__new__'):
enum.py(639):                 for possible in (member_type, first_enum):
enum.py(640):                     target = getattr(possible, method, None)
enum.py(641):                     if target not in {
enum.py(642):                             None,
enum.py(643):                             None.__new__,
enum.py(644):                             object.__new__,
enum.py(645):                             Enum.__new__,
enum.py(641):                     if target not in {
enum.py(639):                 for possible in (member_type, first_enum):
enum.py(640):                     target = getattr(possible, method, None)
 --- modulename: enum, funcname: __getattr__
enum.py(424):         if _is_dunder(name):
 --- modulename: enum, funcname: _is_dunder
enum.py(27):             len(name) > 4 and
enum.py(28):             name[:2] == name[-2:] == '__' and
enum.py(27):             len(name) > 4 and
enum.py(29):             name[2] != '_' and
enum.py(27):             len(name) > 4 and
enum.py(30):             name[-3] != '_'
enum.py(26):     return (
enum.py(425):             raise AttributeError(name)
enum.py(641):                     if target not in {
enum.py(642):                             None,
enum.py(643):                             None.__new__,
enum.py(644):                             object.__new__,
enum.py(645):                             Enum.__new__,
enum.py(641):                     if target not in {
enum.py(639):                 for possible in (member_type, first_enum):
enum.py(649):                 if __new__ is not None:
enum.py(638):             for method in ('__new_member__', '__new__'):
enum.py(639):                 for possible in (member_type, first_enum):
enum.py(640):                     target = getattr(possible, method, None)
enum.py(641):                     if target not in {
enum.py(642):                             None,
enum.py(643):                             None.__new__,
enum.py(644):                             object.__new__,
enum.py(645):                             Enum.__new__,
enum.py(641):                     if target not in {
enum.py(639):                 for possible in (member_type, first_enum):
enum.py(640):                     target = getattr(possible, method, None)
enum.py(641):                     if target not in {
enum.py(642):                             None,
enum.py(643):                             None.__new__,
enum.py(644):                             object.__new__,
enum.py(645):                             Enum.__new__,
enum.py(641):                     if target not in {
enum.py(639):                 for possible in (member_type, first_enum):
enum.py(649):                 if __new__ is not None:
enum.py(638):             for method in ('__new_member__', '__new__'):
enum.py(652):                 __new__ = object.__new__
enum.py(657):         if __new__ is object.__new__:
enum.py(658):             use_args = False
enum.py(661):         return __new__, save_new, use_args
enum.py(197):         enum_members = {k: classdict[k] for k in classdict._member_names}
 --- modulename: enum, funcname: <dictcomp>
enum.py(197):         enum_members = {k: classdict[k] for k in classdict._member_names}
enum.py(197):         enum_members = {k: classdict[k] for k in classdict._member_names}
enum.py(197):         enum_members = {k: classdict[k] for k in classdict._member_names}
enum.py(198):         for name in classdict._member_names:
enum.py(199):             del classdict[name]
enum.py(198):         for name in classdict._member_names:
enum.py(199):             del classdict[name]
enum.py(198):         for name in classdict._member_names:
enum.py(202):         _order_ = classdict.pop('_order_', None)
enum.py(205):         invalid_names = set(enum_members) & {'mro', ''}
enum.py(206):         if invalid_names:
enum.py(211):         if '__doc__' not in classdict:
enum.py(212):             classdict['__doc__'] = 'An enumeration.'
 --- modulename: enum, funcname: __setitem__
enum.py(97):         if _is_private(self._cls_name, key):
 --- modulename: enum, funcname: _is_private
enum.py(46):     pattern = '_%s__' % (cls_name, )
enum.py(48):             len(name) >= 5
enum.py(49):             and name.startswith(pattern)
enum.py(47):     if (
enum.py(55):         return False
enum.py(105):         if _is_sunder(key):
 --- modulename: enum, funcname: _is_sunder
enum.py(38):             len(name) > 2 and
enum.py(39):             name[0] == name[-1] == '_' and
enum.py(38):             len(name) > 2 and
enum.py(40):             name[1:2] != '_' and
enum.py(38):             len(name) > 2 and
enum.py(37):     return (
enum.py(128):         elif _is_dunder(key):
 --- modulename: enum, funcname: _is_dunder
enum.py(27):             len(name) > 4 and
enum.py(28):             name[:2] == name[-2:] == '__' and
enum.py(27):             len(name) > 4 and
enum.py(29):             name[2] != '_' and
enum.py(27):             len(name) > 4 and
enum.py(30):             name[-3] != '_'
enum.py(26):     return (
enum.py(129):             if key == '__order__':
enum.py(152):         super().__setitem__(key, value)
enum.py(214):         enum_class = super().__new__(metacls, cls, bases, classdict, **kwds)
enum.py(215):         enum_class._member_names_ = []               # names in definition order
 --- modulename: enum, funcname: __setattr__
enum.py(470):         member_map = cls.__dict__.get('_member_map_', {})
enum.py(471):         if name in member_map:
enum.py(473):         super().__setattr__(name, value)
enum.py(216):         enum_class._member_map_ = {}                 # name->value map
 --- modulename: enum, funcname: __setattr__
enum.py(470):         member_map = cls.__dict__.get('_member_map_', {})
enum.py(471):         if name in member_map:
enum.py(473):         super().__setattr__(name, value)
enum.py(217):         enum_class._member_type_ = member_type
 --- modulename: enum, funcname: __setattr__
enum.py(470):         member_map = cls.__dict__.get('_member_map_', {})
enum.py(471):         if name in member_map:
enum.py(473):         super().__setattr__(name, value)
enum.py(221):         dynamic_attributes = {
enum.py(222):                 k for c in enum_class.mro()
enum.py(221):         dynamic_attributes = {
 --- modulename: enum, funcname: <setcomp>
enum.py(221):         dynamic_attributes = {
enum.py(223):                 for k, v in c.__dict__.items()
enum.py(224):                 if isinstance(v, DynamicClassAttribute)
enum.py(223):                 for k, v in c.__dict__.items()
enum.py(224):                 if isinstance(v, DynamicClassAttribute)
enum.py(223):                 for k, v in c.__dict__.items()
enum.py(224):                 if isinstance(v, DynamicClassAttribute)
enum.py(223):                 for k, v in c.__dict__.items()
enum.py(224):                 if isinstance(v, DynamicClassAttribute)
enum.py(223):                 for k, v in c.__dict__.items()
enum.py(224):                 if isinstance(v, DynamicClassAttribute)
enum.py(223):                 for k, v in c.__dict__.items()
enum.py(224):                 if isinstance(v, DynamicClassAttribute)
enum.py(223):                 for k, v in c.__dict__.items()
enum.py(221):         dynamic_attributes = {
enum.py(223):                 for k, v in c.__dict__.items()
enum.py(224):                 if isinstance(v, DynamicClassAttribute)
enum.py(223):                 for k, v in c.__dict__.items()
enum.py(224):                 if isinstance(v, DynamicClassAttribute)
enum.py(223):                 for k, v in c.__dict__.items()
enum.py(224):                 if isinstance(v, DynamicClassAttribute)
enum.py(223):                 for k, v in c.__dict__.items()
enum.py(224):                 if isinstance(v, DynamicClassAttribute)
enum.py(223):                 for k, v in c.__dict__.items()
enum.py(224):                 if isinstance(v, DynamicClassAttribute)
enum.py(223):                 for k, v in c.__dict__.items()
enum.py(224):                 if isinstance(v, DynamicClassAttribute)
enum.py(223):                 for k, v in c.__dict__.items()
enum.py(224):                 if isinstance(v, DynamicClassAttribute)
enum.py(223):                 for k, v in c.__dict__.items()
enum.py(224):                 if isinstance(v, DynamicClassAttribute)
enum.py(223):                 for k, v in c.__dict__.items()
enum.py(224):                 if isinstance(v, DynamicClassAttribute)
enum.py(223):                 for k, v in c.__dict__.items()
enum.py(224):                 if isinstance(v, DynamicClassAttribute)
enum.py(223):                 for k, v in c.__dict__.items()
enum.py(224):                 if isinstance(v, DynamicClassAttribute)
enum.py(223):                 for k, v in c.__dict__.items()
enum.py(224):                 if isinstance(v, DynamicClassAttribute)
enum.py(222):                 k for c in enum_class.mro()
enum.py(223):                 for k, v in c.__dict__.items()
enum.py(224):                 if isinstance(v, DynamicClassAttribute)
enum.py(222):                 k for c in enum_class.mro()
enum.py(223):                 for k, v in c.__dict__.items()
enum.py(224):                 if isinstance(v, DynamicClassAttribute)
enum.py(223):                 for k, v in c.__dict__.items()
enum.py(224):                 if isinstance(v, DynamicClassAttribute)
enum.py(223):                 for k, v in c.__dict__.items()
enum.py(224):                 if isinstance(v, DynamicClassAttribute)
enum.py(223):                 for k, v in c.__dict__.items()
enum.py(224):                 if isinstance(v, DynamicClassAttribute)
enum.py(223):                 for k, v in c.__dict__.items()
enum.py(224):                 if isinstance(v, DynamicClassAttribute)
enum.py(223):                 for k, v in c.__dict__.items()
enum.py(224):                 if isinstance(v, DynamicClassAttribute)
enum.py(223):                 for k, v in c.__dict__.items()
enum.py(221):         dynamic_attributes = {
enum.py(223):                 for k, v in c.__dict__.items()
enum.py(224):                 if isinstance(v, DynamicClassAttribute)
enum.py(223):                 for k, v in c.__dict__.items()
enum.py(224):                 if isinstance(v, DynamicClassAttribute)
enum.py(223):                 for k, v in c.__dict__.items()
enum.py(224):                 if isinstance(v, DynamicClassAttribute)
enum.py(223):                 for k, v in c.__dict__.items()
enum.py(224):                 if isinstance(v, DynamicClassAttribute)
enum.py(223):                 for k, v in c.__dict__.items()
enum.py(224):                 if isinstance(v, DynamicClassAttribute)
enum.py(223):                 for k, v in c.__dict__.items()
enum.py(224):                 if isinstance(v, DynamicClassAttribute)
enum.py(223):                 for k, v in c.__dict__.items()
enum.py(224):                 if isinstance(v, DynamicClassAttribute)
enum.py(223):                 for k, v in c.__dict__.items()
enum.py(224):                 if isinstance(v, DynamicClassAttribute)
enum.py(223):                 for k, v in c.__dict__.items()
enum.py(224):                 if isinstance(v, DynamicClassAttribute)
enum.py(223):                 for k, v in c.__dict__.items()
enum.py(224):                 if isinstance(v, DynamicClassAttribute)
enum.py(223):                 for k, v in c.__dict__.items()
enum.py(224):                 if isinstance(v, DynamicClassAttribute)
enum.py(223):                 for k, v in c.__dict__.items()
enum.py(224):                 if isinstance(v, DynamicClassAttribute)
enum.py(223):                 for k, v in c.__dict__.items()
enum.py(224):                 if isinstance(v, DynamicClassAttribute)
enum.py(223):                 for k, v in c.__dict__.items()
enum.py(224):                 if isinstance(v, DynamicClassAttribute)
enum.py(223):                 for k, v in c.__dict__.items()
enum.py(224):                 if isinstance(v, DynamicClassAttribute)
enum.py(223):                 for k, v in c.__dict__.items()
enum.py(224):                 if isinstance(v, DynamicClassAttribute)
enum.py(223):                 for k, v in c.__dict__.items()
enum.py(224):                 if isinstance(v, DynamicClassAttribute)
enum.py(223):                 for k, v in c.__dict__.items()
enum.py(224):                 if isinstance(v, DynamicClassAttribute)
enum.py(223):                 for k, v in c.__dict__.items()
enum.py(224):                 if isinstance(v, DynamicClassAttribute)
enum.py(223):                 for k, v in c.__dict__.items()
enum.py(224):                 if isinstance(v, DynamicClassAttribute)
enum.py(223):                 for k, v in c.__dict__.items()
enum.py(224):                 if isinstance(v, DynamicClassAttribute)
enum.py(223):                 for k, v in c.__dict__.items()
enum.py(224):                 if isinstance(v, DynamicClassAttribute)
enum.py(223):                 for k, v in c.__dict__.items()
enum.py(224):                 if isinstance(v, DynamicClassAttribute)
enum.py(223):                 for k, v in c.__dict__.items()
enum.py(221):         dynamic_attributes = {
enum.py(228):         enum_class._value2member_map_ = {}
 --- modulename: enum, funcname: __setattr__
enum.py(470):         member_map = cls.__dict__.get('_member_map_', {})
enum.py(471):         if name in member_map:
enum.py(473):         super().__setattr__(name, value)
enum.py(240):         if '__reduce_ex__' not in classdict:
enum.py(241):             if member_type is not object:
enum.py(275):         for member_name in classdict._member_names:
enum.py(276):             value = enum_members[member_name]
enum.py(277):             if not isinstance(value, tuple):
enum.py(278):                 args = (value, )
enum.py(281):             if member_type is tuple:   # special case for tuple enums
enum.py(283):             if not use_args:
enum.py(284):                 enum_member = __new__(enum_class)
enum.py(285):                 if not hasattr(enum_member, '_value_'):
enum.py(286):                     enum_member._value_ = value
enum.py(294):             value = enum_member._value_
enum.py(295):             enum_member._name_ = member_name
enum.py(296):             enum_member.__objclass__ = enum_class
enum.py(297):             enum_member.__init__(*args)
enum.py(300):             for name, canonical_member in enum_class._member_map_.items():
enum.py(306):                 enum_class._member_names_.append(member_name)
enum.py(309):             if member_name not in dynamic_attributes:
enum.py(310):                 setattr(enum_class, member_name, enum_member)
 --- modulename: enum, funcname: __setattr__
enum.py(470):         member_map = cls.__dict__.get('_member_map_', {})
enum.py(471):         if name in member_map:
enum.py(473):         super().__setattr__(name, value)
enum.py(312):             enum_class._member_map_[member_name] = enum_member
enum.py(313):             try:
enum.py(317):                 enum_class._value2member_map_[value] = enum_member
enum.py(275):         for member_name in classdict._member_names:
enum.py(276):             value = enum_members[member_name]
enum.py(277):             if not isinstance(value, tuple):
enum.py(278):                 args = (value, )
enum.py(281):             if member_type is tuple:   # special case for tuple enums
enum.py(283):             if not use_args:
enum.py(284):                 enum_member = __new__(enum_class)
enum.py(285):                 if not hasattr(enum_member, '_value_'):
enum.py(286):                     enum_member._value_ = value
enum.py(294):             value = enum_member._value_
enum.py(295):             enum_member._name_ = member_name
enum.py(296):             enum_member.__objclass__ = enum_class
enum.py(297):             enum_member.__init__(*args)
enum.py(300):             for name, canonical_member in enum_class._member_map_.items():
enum.py(301):                 if canonical_member._value_ == enum_member._value_:
enum.py(300):             for name, canonical_member in enum_class._member_map_.items():
enum.py(306):                 enum_class._member_names_.append(member_name)
enum.py(309):             if member_name not in dynamic_attributes:
enum.py(310):                 setattr(enum_class, member_name, enum_member)
 --- modulename: enum, funcname: __setattr__
enum.py(470):         member_map = cls.__dict__.get('_member_map_', {})
enum.py(471):         if name in member_map:
enum.py(473):         super().__setattr__(name, value)
enum.py(312):             enum_class._member_map_[member_name] = enum_member
enum.py(313):             try:
enum.py(317):                 enum_class._value2member_map_[value] = enum_member
enum.py(275):         for member_name in classdict._member_names:
enum.py(325):         for name in ('__repr__', '__str__', '__format__', '__reduce_ex__'):
enum.py(326):             if name in classdict:
enum.py(328):             class_method = getattr(enum_class, name)
enum.py(329):             obj_method = getattr(member_type, name, None)
enum.py(330):             enum_method = getattr(first_enum, name, None)
enum.py(331):             if obj_method is not None and obj_method is class_method:
enum.py(325):         for name in ('__repr__', '__str__', '__format__', '__reduce_ex__'):
enum.py(326):             if name in classdict:
enum.py(328):             class_method = getattr(enum_class, name)
enum.py(329):             obj_method = getattr(member_type, name, None)
enum.py(330):             enum_method = getattr(first_enum, name, None)
enum.py(331):             if obj_method is not None and obj_method is class_method:
enum.py(325):         for name in ('__repr__', '__str__', '__format__', '__reduce_ex__'):
enum.py(326):             if name in classdict:
enum.py(328):             class_method = getattr(enum_class, name)
enum.py(329):             obj_method = getattr(member_type, name, None)
enum.py(330):             enum_method = getattr(first_enum, name, None)
enum.py(331):             if obj_method is not None and obj_method is class_method:
enum.py(325):         for name in ('__repr__', '__str__', '__format__', '__reduce_ex__'):
enum.py(326):             if name in classdict:
enum.py(328):             class_method = getattr(enum_class, name)
enum.py(329):             obj_method = getattr(member_type, name, None)
enum.py(330):             enum_method = getattr(first_enum, name, None)
enum.py(331):             if obj_method is not None and obj_method is class_method:
enum.py(325):         for name in ('__repr__', '__str__', '__format__', '__reduce_ex__'):
enum.py(336):         if Enum is not None:
enum.py(339):             if save_new:
enum.py(341):             enum_class.__new__ = Enum.__new__
 --- modulename: enum, funcname: __setattr__
enum.py(470):         member_map = cls.__dict__.get('_member_map_', {})
enum.py(471):         if name in member_map:
enum.py(473):         super().__setattr__(name, value)
enum.py(344):         if _order_ is not None:
enum.py(350):         return enum_class
s255512879.py(14): class Elem:
 --- modulename: s255512879, funcname: Elem
s255512879.py(14): class Elem:
s255512879.py(15):     def __init__(self, i, value, _type):
s255512879.py(20):     def set(self, value, _type):
s255512879.py(25): class SetManager:
 --- modulename: s255512879, funcname: SetManager
s255512879.py(25): class SetManager:
s255512879.py(26):     def __init__(self, n):
s255512879.py(31):     def get(self, i):
s255512879.py(34):     def set(self, i, value):
s255512879.py(41):     def find_root(self, i):
s255512879.py(52):     def run(self, command):
s255512879.py(66):     def unite(self, x, y):
s255512879.py(74):     def same(self, x, y):
s255512879.py(78): class Stdin:
 --- modulename: s255512879, funcname: Stdin
s255512879.py(78): class Stdin:
s255512879.py(79):     @staticmethod
s255512879.py(80):     def read_line(converter=str):
s255512879.py(83):     @staticmethod
s255512879.py(84):     def read_lines(n, converter=str):
s255512879.py(90):     @staticmethod
s255512879.py(91):     def convert(data, n, converter):
s255512879.py(95):     @staticmethod
s255512879.py(96):     def convert_lines(datas, n, converter):
s255512879.py(100): def main():
s255512879.py(109): if __name__ == "__main__":
s255512879.py(110):     main()
 --- modulename: s255512879, funcname: main
s255512879.py(101):     n, q = Stdin.read_line(int)
 --- modulename: s255512879, funcname: read_line
s255512879.py(81):         return [converter(x) for x in input().split()]
 --- modulename: codecs, funcname: getstate
codecs.py(333):         return (self.buffer, 0)
 --- modulename: codecs, funcname: decode
codecs.py(321):         data = self.buffer + input
codecs.py(322):         (result, consumed) = self._buffer_decode(data, self.errors, final)
codecs.py(324):         self.buffer = data[consumed:]
codecs.py(325):         return result
 --- modulename: s255512879, funcname: <listcomp>
s255512879.py(81):         return [converter(x) for x in input().split()]
s255512879.py(81):         return [converter(x) for x in input().split()]
s255512879.py(81):         return [converter(x) for x in input().split()]
s255512879.py(102):     manager = SetManager(n)
 --- modulename: s255512879, funcname: __init__
s255512879.py(27):         self.data = list()
s255512879.py(28):         for i in range(n):
s255512879.py(29):             self.data.append(Elem(i, {i}, Type.VAL))
 --- modulename: s255512879, funcname: __init__
s255512879.py(16):         self.idx = i
s255512879.py(17):         self.value = value
s255512879.py(18):         self.type = _type
s255512879.py(28):         for i in range(n):
s255512879.py(29):             self.data.append(Elem(i, {i}, Type.VAL))
 --- modulename: s255512879, funcname: __init__
s255512879.py(16):         self.idx = i
s255512879.py(17):         self.value = value
s255512879.py(18):         self.type = _type
s255512879.py(28):         for i in range(n):
s255512879.py(29):             self.data.append(Elem(i, {i}, Type.VAL))
 --- modulename: s255512879, funcname: __init__
s255512879.py(16):         self.idx = i
s255512879.py(17):         self.value = value
s255512879.py(18):         self.type = _type
s255512879.py(28):         for i in range(n):
s255512879.py(29):             self.data.append(Elem(i, {i}, Type.VAL))
 --- modulename: s255512879, funcname: __init__
s255512879.py(16):         self.idx = i
s255512879.py(17):         self.value = value
s255512879.py(18):         self.type = _type
s255512879.py(28):         for i in range(n):
s255512879.py(29):             self.data.append(Elem(i, {i}, Type.VAL))
 --- modulename: s255512879, funcname: __init__
s255512879.py(16):         self.idx = i
s255512879.py(17):         self.value = value
s255512879.py(18):         self.type = _type
s255512879.py(28):         for i in range(n):
s255512879.py(103):     commands = Stdin.read_lines(q, int)
 --- modulename: s255512879, funcname: read_lines
s255512879.py(85):         result = list()
s255512879.py(86):         for _ in range(n):
s255512879.py(87):             result.append(Stdin.read_line(converter))
 --- modulename: s255512879, funcname: read_line
s255512879.py(81):         return [converter(x) for x in input().split()]
 --- modulename: s255512879, funcname: <listcomp>
s255512879.py(81):         return [converter(x) for x in input().split()]
s255512879.py(81):         return [converter(x) for x in input().split()]
s255512879.py(81):         return [converter(x) for x in input().split()]
s255512879.py(81):         return [converter(x) for x in input().split()]
s255512879.py(86):         for _ in range(n):
s255512879.py(87):             result.append(Stdin.read_line(converter))
 --- modulename: s255512879, funcname: read_line
s255512879.py(81):         return [converter(x) for x in input().split()]
 --- modulename: s255512879, funcname: <listcomp>
s255512879.py(81):         return [converter(x) for x in input().split()]
s255512879.py(81):         return [converter(x) for x in input().split()]
s255512879.py(81):         return [converter(x) for x in input().split()]
s255512879.py(81):         return [converter(x) for x in input().split()]
s255512879.py(86):         for _ in range(n):
s255512879.py(87):             result.append(Stdin.read_line(converter))
 --- modulename: s255512879, funcname: read_line
s255512879.py(81):         return [converter(x) for x in input().split()]
 --- modulename: s255512879, funcname: <listcomp>
s255512879.py(81):         return [converter(x) for x in input().split()]
s255512879.py(81):         return [converter(x) for x in input().split()]
s255512879.py(81):         return [converter(x) for x in input().split()]
s255512879.py(81):         return [converter(x) for x in input().split()]
s255512879.py(86):         for _ in range(n):
s255512879.py(87):             result.append(Stdin.read_line(converter))
 --- modulename: s255512879, funcname: read_line
s255512879.py(81):         return [converter(x) for x in input().split()]
 --- modulename: s255512879, funcname: <listcomp>
s255512879.py(81):         return [converter(x) for x in input().split()]
s255512879.py(81):         return [converter(x) for x in input().split()]
s255512879.py(81):         return [converter(x) for x in input().split()]
s255512879.py(81):         return [converter(x) for x in input().split()]
s255512879.py(86):         for _ in range(n):
s255512879.py(87):             result.append(Stdin.read_line(converter))
 --- modulename: s255512879, funcname: read_line
s255512879.py(81):         return [converter(x) for x in input().split()]
 --- modulename: s255512879, funcname: <listcomp>
s255512879.py(81):         return [converter(x) for x in input().split()]
s255512879.py(81):         return [converter(x) for x in input().split()]
s255512879.py(81):         return [converter(x) for x in input().split()]
s255512879.py(81):         return [converter(x) for x in input().split()]
s255512879.py(86):         for _ in range(n):
s255512879.py(87):             result.append(Stdin.read_line(converter))
 --- modulename: s255512879, funcname: read_line
s255512879.py(81):         return [converter(x) for x in input().split()]
 --- modulename: s255512879, funcname: <listcomp>
s255512879.py(81):         return [converter(x) for x in input().split()]
s255512879.py(81):         return [converter(x) for x in input().split()]
s255512879.py(81):         return [converter(x) for x in input().split()]
s255512879.py(81):         return [converter(x) for x in input().split()]
s255512879.py(86):         for _ in range(n):
s255512879.py(87):             result.append(Stdin.read_line(converter))
 --- modulename: s255512879, funcname: read_line
s255512879.py(81):         return [converter(x) for x in input().split()]
 --- modulename: s255512879, funcname: <listcomp>
s255512879.py(81):         return [converter(x) for x in input().split()]
s255512879.py(81):         return [converter(x) for x in input().split()]
s255512879.py(81):         return [converter(x) for x in input().split()]
s255512879.py(81):         return [converter(x) for x in input().split()]
s255512879.py(86):         for _ in range(n):
s255512879.py(87):             result.append(Stdin.read_line(converter))
 --- modulename: s255512879, funcname: read_line
s255512879.py(81):         return [converter(x) for x in input().split()]
 --- modulename: s255512879, funcname: <listcomp>
s255512879.py(81):         return [converter(x) for x in input().split()]
s255512879.py(81):         return [converter(x) for x in input().split()]
s255512879.py(81):         return [converter(x) for x in input().split()]
s255512879.py(81):         return [converter(x) for x in input().split()]
s255512879.py(86):         for _ in range(n):
s255512879.py(87):             result.append(Stdin.read_line(converter))
 --- modulename: s255512879, funcname: read_line
s255512879.py(81):         return [converter(x) for x in input().split()]
 --- modulename: s255512879, funcname: <listcomp>
s255512879.py(81):         return [converter(x) for x in input().split()]
s255512879.py(81):         return [converter(x) for x in input().split()]
s255512879.py(81):         return [converter(x) for x in input().split()]
s255512879.py(81):         return [converter(x) for x in input().split()]
s255512879.py(86):         for _ in range(n):
s255512879.py(87):             result.append(Stdin.read_line(converter))
 --- modulename: s255512879, funcname: read_line
s255512879.py(81):         return [converter(x) for x in input().split()]
 --- modulename: s255512879, funcname: <listcomp>
s255512879.py(81):         return [converter(x) for x in input().split()]
s255512879.py(81):         return [converter(x) for x in input().split()]
s255512879.py(81):         return [converter(x) for x in input().split()]
s255512879.py(81):         return [converter(x) for x in input().split()]
s255512879.py(86):         for _ in range(n):
s255512879.py(87):             result.append(Stdin.read_line(converter))
 --- modulename: s255512879, funcname: read_line
s255512879.py(81):         return [converter(x) for x in input().split()]
 --- modulename: s255512879, funcname: <listcomp>
s255512879.py(81):         return [converter(x) for x in input().split()]
s255512879.py(81):         return [converter(x) for x in input().split()]
s255512879.py(81):         return [converter(x) for x in input().split()]
s255512879.py(81):         return [converter(x) for x in input().split()]
s255512879.py(86):         for _ in range(n):
s255512879.py(87):             result.append(Stdin.read_line(converter))
 --- modulename: s255512879, funcname: read_line
s255512879.py(81):         return [converter(x) for x in input().split()]
 --- modulename: s255512879, funcname: <listcomp>
s255512879.py(81):         return [converter(x) for x in input().split()]
s255512879.py(81):         return [converter(x) for x in input().split()]
s255512879.py(81):         return [converter(x) for x in input().split()]
s255512879.py(81):         return [converter(x) for x in input().split()]
s255512879.py(86):         for _ in range(n):
s255512879.py(88):         return result
s255512879.py(105):     for command in commands:
s255512879.py(106):         manager.run(command)
 --- modulename: s255512879, funcname: run
s255512879.py(53):         com, x, y = command
s255512879.py(54):         if com == 0:
s255512879.py(55):             self.unite(x, y)
 --- modulename: s255512879, funcname: unite
s255512879.py(67):         i, elem_x = self.find_root(x)
 --- modulename: s255512879, funcname: find_root
s255512879.py(42):         elem = self.get(i)
 --- modulename: s255512879, funcname: get
s255512879.py(32):         return self.data[i]
s255512879.py(43):         if elem.type == Type.VAL:
s255512879.py(44):             return (i, elem)
s255512879.py(68):         j, elem_y = self.find_root(y)
 --- modulename: s255512879, funcname: find_root
s255512879.py(42):         elem = self.get(i)
 --- modulename: s255512879, funcname: get
s255512879.py(32):         return self.data[i]
s255512879.py(43):         if elem.type == Type.VAL:
s255512879.py(44):             return (i, elem)
s255512879.py(69):         if i != j:
s255512879.py(70):             new_set = elem_x.value | elem_y.value
s255512879.py(71):             self.set(i, new_set)
 --- modulename: s255512879, funcname: set
s255512879.py(35):         if isinstance(value, set):
s255512879.py(36):             t = Type.VAL
s255512879.py(39):         self.data[i].set(value, t)
 --- modulename: s255512879, funcname: set
s255512879.py(21):         self.value = value
s255512879.py(22):         self.type = _type
s255512879.py(72):             self.set(j, i)
 --- modulename: s255512879, funcname: set
s255512879.py(35):         if isinstance(value, set):
s255512879.py(37):         elif isinstance(value, int):
s255512879.py(38):             t = Type.PTR
s255512879.py(39):         self.data[i].set(value, t)
 --- modulename: s255512879, funcname: set
s255512879.py(21):         self.value = value
s255512879.py(22):         self.type = _type
s255512879.py(105):     for command in commands:
s255512879.py(106):         manager.run(command)
 --- modulename: s255512879, funcname: run
s255512879.py(53):         com, x, y = command
s255512879.py(54):         if com == 0:
s255512879.py(55):             self.unite(x, y)
 --- modulename: s255512879, funcname: unite
s255512879.py(67):         i, elem_x = self.find_root(x)
 --- modulename: s255512879, funcname: find_root
s255512879.py(42):         elem = self.get(i)
 --- modulename: s255512879, funcname: get
s255512879.py(32):         return self.data[i]
s255512879.py(43):         if elem.type == Type.VAL:
s255512879.py(44):             return (i, elem)
s255512879.py(68):         j, elem_y = self.find_root(y)
 --- modulename: s255512879, funcname: find_root
s255512879.py(42):         elem = self.get(i)
 --- modulename: s255512879, funcname: get
s255512879.py(32):         return self.data[i]
s255512879.py(43):         if elem.type == Type.VAL:
s255512879.py(44):             return (i, elem)
s255512879.py(69):         if i != j:
s255512879.py(70):             new_set = elem_x.value | elem_y.value
s255512879.py(71):             self.set(i, new_set)
 --- modulename: s255512879, funcname: set
s255512879.py(35):         if isinstance(value, set):
s255512879.py(36):             t = Type.VAL
s255512879.py(39):         self.data[i].set(value, t)
 --- modulename: s255512879, funcname: set
s255512879.py(21):         self.value = value
s255512879.py(22):         self.type = _type
s255512879.py(72):             self.set(j, i)
 --- modulename: s255512879, funcname: set
s255512879.py(35):         if isinstance(value, set):
s255512879.py(37):         elif isinstance(value, int):
s255512879.py(38):             t = Type.PTR
s255512879.py(39):         self.data[i].set(value, t)
 --- modulename: s255512879, funcname: set
s255512879.py(21):         self.value = value
s255512879.py(22):         self.type = _type
s255512879.py(105):     for command in commands:
s255512879.py(106):         manager.run(command)
 --- modulename: s255512879, funcname: run
s255512879.py(53):         com, x, y = command
s255512879.py(54):         if com == 0:
s255512879.py(57):         elif com == 1:
s255512879.py(58):             if self.same(x, y):
 --- modulename: s255512879, funcname: same
s255512879.py(75):         return y in self.find_root(x)[1].value
 --- modulename: s255512879, funcname: find_root
s255512879.py(42):         elem = self.get(i)
 --- modulename: s255512879, funcname: get
s255512879.py(32):         return self.data[i]
s255512879.py(43):         if elem.type == Type.VAL:
s255512879.py(44):             return (i, elem)
s255512879.py(61):                 print(0)
0
s255512879.py(105):     for command in commands:
s255512879.py(106):         manager.run(command)
 --- modulename: s255512879, funcname: run
s255512879.py(53):         com, x, y = command
s255512879.py(54):         if com == 0:
s255512879.py(57):         elif com == 1:
s255512879.py(58):             if self.same(x, y):
 --- modulename: s255512879, funcname: same
s255512879.py(75):         return y in self.find_root(x)[1].value
 --- modulename: s255512879, funcname: find_root
s255512879.py(42):         elem = self.get(i)
 --- modulename: s255512879, funcname: get
s255512879.py(32):         return self.data[i]
s255512879.py(43):         if elem.type == Type.VAL:
s255512879.py(45):         elif elem.type == Type.PTR:
s255512879.py(46):             j, root_elem = self.find_root(elem.value)
 --- modulename: s255512879, funcname: find_root
s255512879.py(42):         elem = self.get(i)
 --- modulename: s255512879, funcname: get
s255512879.py(32):         return self.data[i]
s255512879.py(43):         if elem.type == Type.VAL:
s255512879.py(44):             return (i, elem)
s255512879.py(47):             self.set(i, j)
 --- modulename: s255512879, funcname: set
s255512879.py(35):         if isinstance(value, set):
s255512879.py(37):         elif isinstance(value, int):
s255512879.py(38):             t = Type.PTR
s255512879.py(39):         self.data[i].set(value, t)
 --- modulename: s255512879, funcname: set
s255512879.py(21):         self.value = value
s255512879.py(22):         self.type = _type
s255512879.py(48):             return (j, root_elem)
s255512879.py(61):                 print(0)
0
s255512879.py(105):     for command in commands:
s255512879.py(106):         manager.run(command)
 --- modulename: s255512879, funcname: run
s255512879.py(53):         com, x, y = command
s255512879.py(54):         if com == 0:
s255512879.py(57):         elif com == 1:
s255512879.py(58):             if self.same(x, y):
 --- modulename: s255512879, funcname: same
s255512879.py(75):         return y in self.find_root(x)[1].value
 --- modulename: s255512879, funcname: find_root
s255512879.py(42):         elem = self.get(i)
 --- modulename: s255512879, funcname: get
s255512879.py(32):         return self.data[i]
s255512879.py(43):         if elem.type == Type.VAL:
s255512879.py(44):             return (i, elem)
s255512879.py(59):                 print(1)
1
s255512879.py(105):     for command in commands:
s255512879.py(106):         manager.run(command)
 --- modulename: s255512879, funcname: run
s255512879.py(53):         com, x, y = command
s255512879.py(54):         if com == 0:
s255512879.py(57):         elif com == 1:
s255512879.py(58):             if self.same(x, y):
 --- modulename: s255512879, funcname: same
s255512879.py(75):         return y in self.find_root(x)[1].value
 --- modulename: s255512879, funcname: find_root
s255512879.py(42):         elem = self.get(i)
 --- modulename: s255512879, funcname: get
s255512879.py(32):         return self.data[i]
s255512879.py(43):         if elem.type == Type.VAL:
s255512879.py(45):         elif elem.type == Type.PTR:
s255512879.py(46):             j, root_elem = self.find_root(elem.value)
 --- modulename: s255512879, funcname: find_root
s255512879.py(42):         elem = self.get(i)
 --- modulename: s255512879, funcname: get
s255512879.py(32):         return self.data[i]
s255512879.py(43):         if elem.type == Type.VAL:
s255512879.py(44):             return (i, elem)
s255512879.py(47):             self.set(i, j)
 --- modulename: s255512879, funcname: set
s255512879.py(35):         if isinstance(value, set):
s255512879.py(37):         elif isinstance(value, int):
s255512879.py(38):             t = Type.PTR
s255512879.py(39):         self.data[i].set(value, t)
 --- modulename: s255512879, funcname: set
s255512879.py(21):         self.value = value
s255512879.py(22):         self.type = _type
s255512879.py(48):             return (j, root_elem)
s255512879.py(59):                 print(1)
1
s255512879.py(105):     for command in commands:
s255512879.py(106):         manager.run(command)
 --- modulename: s255512879, funcname: run
s255512879.py(53):         com, x, y = command
s255512879.py(54):         if com == 0:
s255512879.py(55):             self.unite(x, y)
 --- modulename: s255512879, funcname: unite
s255512879.py(67):         i, elem_x = self.find_root(x)
 --- modulename: s255512879, funcname: find_root
s255512879.py(42):         elem = self.get(i)
 --- modulename: s255512879, funcname: get
s255512879.py(32):         return self.data[i]
s255512879.py(43):         if elem.type == Type.VAL:
s255512879.py(44):             return (i, elem)
s255512879.py(68):         j, elem_y = self.find_root(y)
 --- modulename: s255512879, funcname: find_root
s255512879.py(42):         elem = self.get(i)
 --- modulename: s255512879, funcname: get
s255512879.py(32):         return self.data[i]
s255512879.py(43):         if elem.type == Type.VAL:
s255512879.py(45):         elif elem.type == Type.PTR:
s255512879.py(46):             j, root_elem = self.find_root(elem.value)
 --- modulename: s255512879, funcname: find_root
s255512879.py(42):         elem = self.get(i)
 --- modulename: s255512879, funcname: get
s255512879.py(32):         return self.data[i]
s255512879.py(43):         if elem.type == Type.VAL:
s255512879.py(44):             return (i, elem)
s255512879.py(47):             self.set(i, j)
 --- modulename: s255512879, funcname: set
s255512879.py(35):         if isinstance(value, set):
s255512879.py(37):         elif isinstance(value, int):
s255512879.py(38):             t = Type.PTR
s255512879.py(39):         self.data[i].set(value, t)
 --- modulename: s255512879, funcname: set
s255512879.py(21):         self.value = value
s255512879.py(22):         self.type = _type
s255512879.py(48):             return (j, root_elem)
s255512879.py(69):         if i != j:
s255512879.py(70):             new_set = elem_x.value | elem_y.value
s255512879.py(71):             self.set(i, new_set)
 --- modulename: s255512879, funcname: set
s255512879.py(35):         if isinstance(value, set):
s255512879.py(36):             t = Type.VAL
s255512879.py(39):         self.data[i].set(value, t)
 --- modulename: s255512879, funcname: set
s255512879.py(21):         self.value = value
s255512879.py(22):         self.type = _type
s255512879.py(72):             self.set(j, i)
 --- modulename: s255512879, funcname: set
s255512879.py(35):         if isinstance(value, set):
s255512879.py(37):         elif isinstance(value, int):
s255512879.py(38):             t = Type.PTR
s255512879.py(39):         self.data[i].set(value, t)
 --- modulename: s255512879, funcname: set
s255512879.py(21):         self.value = value
s255512879.py(22):         self.type = _type
s255512879.py(105):     for command in commands:
s255512879.py(106):         manager.run(command)
 --- modulename: s255512879, funcname: run
s255512879.py(53):         com, x, y = command
s255512879.py(54):         if com == 0:
s255512879.py(57):         elif com == 1:
s255512879.py(58):             if self.same(x, y):
 --- modulename: s255512879, funcname: same
s255512879.py(75):         return y in self.find_root(x)[1].value
 --- modulename: s255512879, funcname: find_root
s255512879.py(42):         elem = self.get(i)
 --- modulename: s255512879, funcname: get
s255512879.py(32):         return self.data[i]
s255512879.py(43):         if elem.type == Type.VAL:
s255512879.py(45):         elif elem.type == Type.PTR:
s255512879.py(46):             j, root_elem = self.find_root(elem.value)
 --- modulename: s255512879, funcname: find_root
s255512879.py(42):         elem = self.get(i)
 --- modulename: s255512879, funcname: get
s255512879.py(32):         return self.data[i]
s255512879.py(43):         if elem.type == Type.VAL:
s255512879.py(44):             return (i, elem)
s255512879.py(47):             self.set(i, j)
 --- modulename: s255512879, funcname: set
s255512879.py(35):         if isinstance(value, set):
s255512879.py(37):         elif isinstance(value, int):
s255512879.py(38):             t = Type.PTR
s255512879.py(39):         self.data[i].set(value, t)
 --- modulename: s255512879, funcname: set
s255512879.py(21):         self.value = value
s255512879.py(22):         self.type = _type
s255512879.py(48):             return (j, root_elem)
s255512879.py(59):                 print(1)
1
s255512879.py(105):     for command in commands:
s255512879.py(106):         manager.run(command)
 --- modulename: s255512879, funcname: run
s255512879.py(53):         com, x, y = command
s255512879.py(54):         if com == 0:
s255512879.py(57):         elif com == 1:
s255512879.py(58):             if self.same(x, y):
 --- modulename: s255512879, funcname: same
s255512879.py(75):         return y in self.find_root(x)[1].value
 --- modulename: s255512879, funcname: find_root
s255512879.py(42):         elem = self.get(i)
 --- modulename: s255512879, funcname: get
s255512879.py(32):         return self.data[i]
s255512879.py(43):         if elem.type == Type.VAL:
s255512879.py(45):         elif elem.type == Type.PTR:
s255512879.py(46):             j, root_elem = self.find_root(elem.value)
 --- modulename: s255512879, funcname: find_root
s255512879.py(42):         elem = self.get(i)
 --- modulename: s255512879, funcname: get
s255512879.py(32):         return self.data[i]
s255512879.py(43):         if elem.type == Type.VAL:
s255512879.py(45):         elif elem.type == Type.PTR:
s255512879.py(46):             j, root_elem = self.find_root(elem.value)
 --- modulename: s255512879, funcname: find_root
s255512879.py(42):         elem = self.get(i)
 --- modulename: s255512879, funcname: get
s255512879.py(32):         return self.data[i]
s255512879.py(43):         if elem.type == Type.VAL:
s255512879.py(44):             return (i, elem)
s255512879.py(47):             self.set(i, j)
 --- modulename: s255512879, funcname: set
s255512879.py(35):         if isinstance(value, set):
s255512879.py(37):         elif isinstance(value, int):
s255512879.py(38):             t = Type.PTR
s255512879.py(39):         self.data[i].set(value, t)
 --- modulename: s255512879, funcname: set
s255512879.py(21):         self.value = value
s255512879.py(22):         self.type = _type
s255512879.py(48):             return (j, root_elem)
s255512879.py(47):             self.set(i, j)
 --- modulename: s255512879, funcname: set
s255512879.py(35):         if isinstance(value, set):
s255512879.py(37):         elif isinstance(value, int):
s255512879.py(38):             t = Type.PTR
s255512879.py(39):         self.data[i].set(value, t)
 --- modulename: s255512879, funcname: set
s255512879.py(21):         self.value = value
s255512879.py(22):         self.type = _type
s255512879.py(48):             return (j, root_elem)
s255512879.py(61):                 print(0)
0
s255512879.py(105):     for command in commands:
s255512879.py(106):         manager.run(command)
 --- modulename: s255512879, funcname: run
s255512879.py(53):         com, x, y = command
s255512879.py(54):         if com == 0:
s255512879.py(55):             self.unite(x, y)
 --- modulename: s255512879, funcname: unite
s255512879.py(67):         i, elem_x = self.find_root(x)
 --- modulename: s255512879, funcname: find_root
s255512879.py(42):         elem = self.get(i)
 --- modulename: s255512879, funcname: get
s255512879.py(32):         return self.data[i]
s255512879.py(43):         if elem.type == Type.VAL:
s255512879.py(44):             return (i, elem)
s255512879.py(68):         j, elem_y = self.find_root(y)
 --- modulename: s255512879, funcname: find_root
s255512879.py(42):         elem = self.get(i)
 --- modulename: s255512879, funcname: get
s255512879.py(32):         return self.data[i]
s255512879.py(43):         if elem.type == Type.VAL:
s255512879.py(45):         elif elem.type == Type.PTR:
s255512879.py(46):             j, root_elem = self.find_root(elem.value)
 --- modulename: s255512879, funcname: find_root
s255512879.py(42):         elem = self.get(i)
 --- modulename: s255512879, funcname: get
s255512879.py(32):         return self.data[i]
s255512879.py(43):         if elem.type == Type.VAL:
s255512879.py(44):             return (i, elem)
s255512879.py(47):             self.set(i, j)
 --- modulename: s255512879, funcname: set
s255512879.py(35):         if isinstance(value, set):
s255512879.py(37):         elif isinstance(value, int):
s255512879.py(38):             t = Type.PTR
s255512879.py(39):         self.data[i].set(value, t)
 --- modulename: s255512879, funcname: set
s255512879.py(21):         self.value = value
s255512879.py(22):         self.type = _type
s255512879.py(48):             return (j, root_elem)
s255512879.py(69):         if i != j:
s255512879.py(70):             new_set = elem_x.value | elem_y.value
s255512879.py(71):             self.set(i, new_set)
 --- modulename: s255512879, funcname: set
s255512879.py(35):         if isinstance(value, set):
s255512879.py(36):             t = Type.VAL
s255512879.py(39):         self.data[i].set(value, t)
 --- modulename: s255512879, funcname: set
s255512879.py(21):         self.value = value
s255512879.py(22):         self.type = _type
s255512879.py(72):             self.set(j, i)
 --- modulename: s255512879, funcname: set
s255512879.py(35):         if isinstance(value, set):
s255512879.py(37):         elif isinstance(value, int):
s255512879.py(38):             t = Type.PTR
s255512879.py(39):         self.data[i].set(value, t)
 --- modulename: s255512879, funcname: set
s255512879.py(21):         self.value = value
s255512879.py(22):         self.type = _type
s255512879.py(105):     for command in commands:
s255512879.py(106):         manager.run(command)
 --- modulename: s255512879, funcname: run
s255512879.py(53):         com, x, y = command
s255512879.py(54):         if com == 0:
s255512879.py(57):         elif com == 1:
s255512879.py(58):             if self.same(x, y):
 --- modulename: s255512879, funcname: same
s255512879.py(75):         return y in self.find_root(x)[1].value
 --- modulename: s255512879, funcname: find_root
s255512879.py(42):         elem = self.get(i)
 --- modulename: s255512879, funcname: get
s255512879.py(32):         return self.data[i]
s255512879.py(43):         if elem.type == Type.VAL:
s255512879.py(44):             return (i, elem)
s255512879.py(59):                 print(1)
1
s255512879.py(105):     for command in commands:
s255512879.py(106):         manager.run(command)
 --- modulename: s255512879, funcname: run
s255512879.py(53):         com, x, y = command
s255512879.py(54):         if com == 0:
s255512879.py(57):         elif com == 1:
s255512879.py(58):             if self.same(x, y):
 --- modulename: s255512879, funcname: same
s255512879.py(75):         return y in self.find_root(x)[1].value
 --- modulename: s255512879, funcname: find_root
s255512879.py(42):         elem = self.get(i)
 --- modulename: s255512879, funcname: get
s255512879.py(32):         return self.data[i]
s255512879.py(43):         if elem.type == Type.VAL:
s255512879.py(45):         elif elem.type == Type.PTR:
s255512879.py(46):             j, root_elem = self.find_root(elem.value)
 --- modulename: s255512879, funcname: find_root
s255512879.py(42):         elem = self.get(i)
 --- modulename: s255512879, funcname: get
s255512879.py(32):         return self.data[i]
s255512879.py(43):         if elem.type == Type.VAL:
s255512879.py(45):         elif elem.type == Type.PTR:
s255512879.py(46):             j, root_elem = self.find_root(elem.value)
 --- modulename: s255512879, funcname: find_root
s255512879.py(42):         elem = self.get(i)
 --- modulename: s255512879, funcname: get
s255512879.py(32):         return self.data[i]
s255512879.py(43):         if elem.type == Type.VAL:
s255512879.py(44):             return (i, elem)
s255512879.py(47):             self.set(i, j)
 --- modulename: s255512879, funcname: set
s255512879.py(35):         if isinstance(value, set):
s255512879.py(37):         elif isinstance(value, int):
s255512879.py(38):             t = Type.PTR
s255512879.py(39):         self.data[i].set(value, t)
 --- modulename: s255512879, funcname: set
s255512879.py(21):         self.value = value
s255512879.py(22):         self.type = _type
s255512879.py(48):             return (j, root_elem)
s255512879.py(47):             self.set(i, j)
 --- modulename: s255512879, funcname: set
s255512879.py(35):         if isinstance(value, set):
s255512879.py(37):         elif isinstance(value, int):
s255512879.py(38):             t = Type.PTR
s255512879.py(39):         self.data[i].set(value, t)
 --- modulename: s255512879, funcname: set
s255512879.py(21):         self.value = value
s255512879.py(22):         self.type = _type
s255512879.py(48):             return (j, root_elem)
s255512879.py(59):                 print(1)
1
s255512879.py(105):     for command in commands:
