 --- modulename: s942832213, funcname: <module>
s942832213.py(1): class Tree():
 --- modulename: s942832213, funcname: Tree
s942832213.py(1): class Tree():
s942832213.py(2):     def __init__(self, n, decrement=1):
s942832213.py(9):     def add_edge(self, u, v):
s942832213.py(14):     def add_edges(self, edges):
s942832213.py(20):     def set_root(self, root):
s942832213.py(41):     def rerooting(self, op, merge, id):
s942832213.py(64): import sys
s942832213.py(65): input = sys.stdin.readline
s942832213.py(73): N = int(input())
 --- modulename: codecs, funcname: getstate
codecs.py(333):         return (self.buffer, 0)
 --- modulename: codecs, funcname: decode
codecs.py(321):         data = self.buffer + input
codecs.py(322):         (result, consumed) = self._buffer_decode(data, self.errors, final)
codecs.py(324):         self.buffer = data[consumed:]
codecs.py(325):         return result
s942832213.py(74): T = Tree(N)
 --- modulename: s942832213, funcname: __init__
s942832213.py(3):         self.n = n
s942832213.py(4):         self.edges = [[] for _ in range(n)]
 --- modulename: s942832213, funcname: <listcomp>
s942832213.py(4):         self.edges = [[] for _ in range(n)]
s942832213.py(4):         self.edges = [[] for _ in range(n)]
s942832213.py(4):         self.edges = [[] for _ in range(n)]
s942832213.py(4):         self.edges = [[] for _ in range(n)]
s942832213.py(4):         self.edges = [[] for _ in range(n)]
s942832213.py(5):         self.root = None
s942832213.py(6):         self.size = [1]*n       # number of nodes in subtree
s942832213.py(7):         self.decrement = decrement
s942832213.py(75): for _ in range(N-1):
s942832213.py(76):     x, y = map(int, input().split())
s942832213.py(77):     T.add_edge(x,y)
 --- modulename: s942832213, funcname: add_edge
s942832213.py(10):         u, v = u-self.decrement, v-self.decrement
s942832213.py(11):         self.edges[u].append(v)
s942832213.py(12):         self.edges[v].append(u)
s942832213.py(75): for _ in range(N-1):
s942832213.py(76):     x, y = map(int, input().split())
s942832213.py(77):     T.add_edge(x,y)
 --- modulename: s942832213, funcname: add_edge
s942832213.py(10):         u, v = u-self.decrement, v-self.decrement
s942832213.py(11):         self.edges[u].append(v)
s942832213.py(12):         self.edges[v].append(u)
s942832213.py(75): for _ in range(N-1):
s942832213.py(76):     x, y = map(int, input().split())
s942832213.py(77):     T.add_edge(x,y)
 --- modulename: s942832213, funcname: add_edge
s942832213.py(10):         u, v = u-self.decrement, v-self.decrement
s942832213.py(11):         self.edges[u].append(v)
s942832213.py(12):         self.edges[v].append(u)
s942832213.py(75): for _ in range(N-1):
s942832213.py(78): T.set_root(1)
 --- modulename: s942832213, funcname: set_root
s942832213.py(21):         root -= self.decrement
s942832213.py(22):         self.depth = [-1]*self.n
s942832213.py(23):         self.root = root
s942832213.py(24):         self.par = [-1]*self.n
s942832213.py(25):         self.depth[root] = 0
s942832213.py(26):         self.order = [root]
s942832213.py(27):         next_set = [root]
s942832213.py(28):         while next_set:
s942832213.py(29):             p = next_set.pop()
s942832213.py(30):             for q in self.edges[p]:
s942832213.py(31):                 if self.depth[q] != -1: continue
s942832213.py(32):                 self.par[q] = p
s942832213.py(33):                 self.depth[q] = self.depth[p]+1
s942832213.py(34):                 self.order.append(q)
s942832213.py(35):                 next_set.append(q)
s942832213.py(30):             for q in self.edges[p]:
s942832213.py(28):         while next_set:
s942832213.py(29):             p = next_set.pop()
s942832213.py(30):             for q in self.edges[p]:
s942832213.py(31):                 if self.depth[q] != -1: continue
s942832213.py(30):             for q in self.edges[p]:
s942832213.py(31):                 if self.depth[q] != -1: continue
s942832213.py(32):                 self.par[q] = p
s942832213.py(33):                 self.depth[q] = self.depth[p]+1
s942832213.py(34):                 self.order.append(q)
s942832213.py(35):                 next_set.append(q)
s942832213.py(30):             for q in self.edges[p]:
s942832213.py(31):                 if self.depth[q] != -1: continue
s942832213.py(32):                 self.par[q] = p
s942832213.py(33):                 self.depth[q] = self.depth[p]+1
s942832213.py(34):                 self.order.append(q)
s942832213.py(35):                 next_set.append(q)
s942832213.py(30):             for q in self.edges[p]:
s942832213.py(28):         while next_set:
s942832213.py(29):             p = next_set.pop()
s942832213.py(30):             for q in self.edges[p]:
s942832213.py(31):                 if self.depth[q] != -1: continue
s942832213.py(30):             for q in self.edges[p]:
s942832213.py(28):         while next_set:
s942832213.py(29):             p = next_set.pop()
s942832213.py(30):             for q in self.edges[p]:
s942832213.py(31):                 if self.depth[q] != -1: continue
s942832213.py(30):             for q in self.edges[p]:
s942832213.py(28):         while next_set:
s942832213.py(36):         for p in self.order[::-1]:
s942832213.py(37):             for q in self.edges[p]:
s942832213.py(38):                 if self.par[p] == q: continue
s942832213.py(37):             for q in self.edges[p]:
s942832213.py(36):         for p in self.order[::-1]:
s942832213.py(37):             for q in self.edges[p]:
s942832213.py(38):                 if self.par[p] == q: continue
s942832213.py(37):             for q in self.edges[p]:
s942832213.py(36):         for p in self.order[::-1]:
s942832213.py(37):             for q in self.edges[p]:
s942832213.py(38):                 if self.par[p] == q: continue
s942832213.py(37):             for q in self.edges[p]:
s942832213.py(38):                 if self.par[p] == q: continue
s942832213.py(39):                 self.size[p] += self.size[q]
s942832213.py(37):             for q in self.edges[p]:
s942832213.py(38):                 if self.par[p] == q: continue
s942832213.py(39):                 self.size[p] += self.size[q]
s942832213.py(37):             for q in self.edges[p]:
s942832213.py(36):         for p in self.order[::-1]:
s942832213.py(37):             for q in self.edges[p]:
s942832213.py(38):                 if self.par[p] == q: continue
s942832213.py(39):                 self.size[p] += self.size[q]
s942832213.py(37):             for q in self.edges[p]:
s942832213.py(36):         for p in self.order[::-1]:
s942832213.py(81): def op(a, p, q):
s942832213.py(86): def merge(a, b):
s942832213.py(91): id = 0
s942832213.py(94): dp = T.rerooting(op, merge, id)
 --- modulename: s942832213, funcname: rerooting
s942832213.py(43):         dp1 = [id] * self.n
s942832213.py(44):         dp2 = [id] * self.n
s942832213.py(45):         for p in self.order[::-1]:
s942832213.py(46):             t = id
s942832213.py(47):             for q in self.edges[p]:
s942832213.py(48):                 if self.par[p] == q: continue
s942832213.py(47):             for q in self.edges[p]:
s942832213.py(51):             t = id
s942832213.py(52):             for q in self.edges[p][::-1]:
s942832213.py(53):                 if self.par[p] == q: continue
s942832213.py(52):             for q in self.edges[p][::-1]:
s942832213.py(56):             dp1[p] = t
s942832213.py(45):         for p in self.order[::-1]:
s942832213.py(46):             t = id
s942832213.py(47):             for q in self.edges[p]:
s942832213.py(48):                 if self.par[p] == q: continue
s942832213.py(47):             for q in self.edges[p]:
s942832213.py(51):             t = id
s942832213.py(52):             for q in self.edges[p][::-1]:
s942832213.py(53):                 if self.par[p] == q: continue
s942832213.py(52):             for q in self.edges[p][::-1]:
s942832213.py(56):             dp1[p] = t
s942832213.py(45):         for p in self.order[::-1]:
s942832213.py(46):             t = id
s942832213.py(47):             for q in self.edges[p]:
s942832213.py(48):                 if self.par[p] == q: continue
s942832213.py(47):             for q in self.edges[p]:
s942832213.py(48):                 if self.par[p] == q: continue
s942832213.py(49):                 dp2[q] = t
s942832213.py(50):                 t = merge(t, op(dp1[q], p, q))
 --- modulename: s942832213, funcname: op
s942832213.py(84):     return a/(len(T.edges[q])-1) + 1 if a != 0 else 1
 --- modulename: s942832213, funcname: merge
s942832213.py(88):     return a + b
s942832213.py(47):             for q in self.edges[p]:
s942832213.py(48):                 if self.par[p] == q: continue
s942832213.py(49):                 dp2[q] = t
s942832213.py(50):                 t = merge(t, op(dp1[q], p, q))
 --- modulename: s942832213, funcname: op
s942832213.py(84):     return a/(len(T.edges[q])-1) + 1 if a != 0 else 1
 --- modulename: s942832213, funcname: merge
s942832213.py(88):     return a + b
s942832213.py(47):             for q in self.edges[p]:
s942832213.py(51):             t = id
s942832213.py(52):             for q in self.edges[p][::-1]:
s942832213.py(53):                 if self.par[p] == q: continue
s942832213.py(54):                 dp2[q] = merge(t, dp2[q])
 --- modulename: s942832213, funcname: merge
s942832213.py(88):     return a + b
s942832213.py(55):                 t = merge(t, op(dp1[q], p, q))
 --- modulename: s942832213, funcname: op
s942832213.py(84):     return a/(len(T.edges[q])-1) + 1 if a != 0 else 1
 --- modulename: s942832213, funcname: merge
s942832213.py(88):     return a + b
s942832213.py(52):             for q in self.edges[p][::-1]:
s942832213.py(53):                 if self.par[p] == q: continue
s942832213.py(54):                 dp2[q] = merge(t, dp2[q])
 --- modulename: s942832213, funcname: merge
s942832213.py(88):     return a + b
s942832213.py(55):                 t = merge(t, op(dp1[q], p, q))
 --- modulename: s942832213, funcname: op
s942832213.py(84):     return a/(len(T.edges[q])-1) + 1 if a != 0 else 1
 --- modulename: s942832213, funcname: merge
s942832213.py(88):     return a + b
s942832213.py(52):             for q in self.edges[p][::-1]:
s942832213.py(53):                 if self.par[p] == q: continue
s942832213.py(52):             for q in self.edges[p][::-1]:
s942832213.py(56):             dp1[p] = t
s942832213.py(45):         for p in self.order[::-1]:
s942832213.py(46):             t = id
s942832213.py(47):             for q in self.edges[p]:
s942832213.py(48):                 if self.par[p] == q: continue
s942832213.py(49):                 dp2[q] = t
s942832213.py(50):                 t = merge(t, op(dp1[q], p, q))
 --- modulename: s942832213, funcname: op
s942832213.py(84):     return a/(len(T.edges[q])-1) + 1 if a != 0 else 1
 --- modulename: s942832213, funcname: merge
s942832213.py(88):     return a + b
s942832213.py(47):             for q in self.edges[p]:
s942832213.py(51):             t = id
s942832213.py(52):             for q in self.edges[p][::-1]:
s942832213.py(53):                 if self.par[p] == q: continue
s942832213.py(54):                 dp2[q] = merge(t, dp2[q])
 --- modulename: s942832213, funcname: merge
s942832213.py(88):     return a + b
s942832213.py(55):                 t = merge(t, op(dp1[q], p, q))
 --- modulename: s942832213, funcname: op
s942832213.py(84):     return a/(len(T.edges[q])-1) + 1 if a != 0 else 1
 --- modulename: s942832213, funcname: merge
s942832213.py(88):     return a + b
s942832213.py(52):             for q in self.edges[p][::-1]:
s942832213.py(56):             dp1[p] = t
s942832213.py(45):         for p in self.order[::-1]:
s942832213.py(57):         for q in self.order[1:]:
s942832213.py(58):             pq = self.par[q]
s942832213.py(59):             dp2[q] = op(merge(dp2[q], dp2[pq]), q, pq)
 --- modulename: s942832213, funcname: merge
s942832213.py(88):     return a + b
 --- modulename: s942832213, funcname: op
s942832213.py(84):     return a/(len(T.edges[q])-1) + 1 if a != 0 else 1
s942832213.py(60):             dp1[q] = merge(dp1[q], dp2[q])
 --- modulename: s942832213, funcname: merge
s942832213.py(88):     return a + b
s942832213.py(57):         for q in self.order[1:]:
s942832213.py(58):             pq = self.par[q]
s942832213.py(59):             dp2[q] = op(merge(dp2[q], dp2[pq]), q, pq)
 --- modulename: s942832213, funcname: merge
s942832213.py(88):     return a + b
 --- modulename: s942832213, funcname: op
s942832213.py(84):     return a/(len(T.edges[q])-1) + 1 if a != 0 else 1
s942832213.py(60):             dp1[q] = merge(dp1[q], dp2[q])
 --- modulename: s942832213, funcname: merge
s942832213.py(88):     return a + b
s942832213.py(57):         for q in self.order[1:]:
s942832213.py(58):             pq = self.par[q]
s942832213.py(59):             dp2[q] = op(merge(dp2[q], dp2[pq]), q, pq)
 --- modulename: s942832213, funcname: merge
s942832213.py(88):     return a + b
 --- modulename: s942832213, funcname: op
s942832213.py(84):     return a/(len(T.edges[q])-1) + 1 if a != 0 else 1
s942832213.py(60):             dp1[q] = merge(dp1[q], dp2[q])
 --- modulename: s942832213, funcname: merge
s942832213.py(88):     return a + b
s942832213.py(57):         for q in self.order[1:]:
s942832213.py(61):         return dp1
s942832213.py(95): res = [""]*N
s942832213.py(96): for i in range(N):
s942832213.py(97):     res[i] = str(dp[i]/len(T.edges[i]))
s942832213.py(96): for i in range(N):
s942832213.py(97):     res[i] = str(dp[i]/len(T.edges[i]))
s942832213.py(96): for i in range(N):
s942832213.py(97):     res[i] = str(dp[i]/len(T.edges[i]))
s942832213.py(96): for i in range(N):
s942832213.py(97):     res[i] = str(dp[i]/len(T.edges[i]))
s942832213.py(96): for i in range(N):
s942832213.py(98): print("\n".join(res))
2.0
1.0
2.0
2.0
