 --- modulename: s950444620, funcname: <module>
s950444620.py(3): import sys
s950444620.py(5): def input(): return sys.stdin.readline().strip()
s950444620.py(6): def list2d(a, b, c): return [[c] * b for i in range(a)]
s950444620.py(7): def list3d(a, b, c, d): return [[[d] * c for j in range(b)] for i in range(a)]
s950444620.py(8): def list4d(a, b, c, d, e): return [[[[e] * d for j in range(c)] for j in range(b)] for i in range(a)]
s950444620.py(9): def ceil(x, y=1): return int(-(-x // y))
s950444620.py(10): def INT(): return int(input())
s950444620.py(11): def MAP(): return map(int, input().split())
s950444620.py(12): def LIST(N=None): return list(MAP()) if N is None else [INT() for i in range(N)]
s950444620.py(13): def Yes(): print('Yes')
s950444620.py(14): def No(): print('No')
s950444620.py(15): def YES(): print('YES')
s950444620.py(16): def NO(): print('NO')
s950444620.py(17): sys.setrecursionlimit(10 ** 9)
s950444620.py(18): INF = float('inf')
s950444620.py(19): MOD = 10 ** 9 + 7
s950444620.py(21): N, M = MAP()
 --- modulename: s950444620, funcname: MAP
s950444620.py(11): def MAP(): return map(int, input().split())
 --- modulename: s950444620, funcname: input
s950444620.py(5): def input(): return sys.stdin.readline().strip()
 --- modulename: codecs, funcname: getstate
codecs.py(333):         return (self.buffer, 0)
 --- modulename: codecs, funcname: decode
codecs.py(321):         data = self.buffer + input
codecs.py(322):         (result, consumed) = self._buffer_decode(data, self.errors, final)
codecs.py(324):         self.buffer = data[consumed:]
codecs.py(325):         return result
s950444620.py(24): keys = [None] * M
s950444620.py(25): for i in range(M):
s950444620.py(26):     c, _ = MAP()
 --- modulename: s950444620, funcname: MAP
s950444620.py(11): def MAP(): return map(int, input().split())
 --- modulename: s950444620, funcname: input
s950444620.py(5): def input(): return sys.stdin.readline().strip()
s950444620.py(28):     s = 0
s950444620.py(29):     for a in [a-1 for a in LIST()]:
 --- modulename: s950444620, funcname: LIST
s950444620.py(12): def LIST(N=None): return list(MAP()) if N is None else [INT() for i in range(N)]
 --- modulename: s950444620, funcname: MAP
s950444620.py(11): def MAP(): return map(int, input().split())
 --- modulename: s950444620, funcname: input
s950444620.py(5): def input(): return sys.stdin.readline().strip()
 --- modulename: s950444620, funcname: <listcomp>
s950444620.py(29):     for a in [a-1 for a in LIST()]:
s950444620.py(29):     for a in [a-1 for a in LIST()]:
s950444620.py(30):         s += 1 << a
s950444620.py(29):     for a in [a-1 for a in LIST()]:
s950444620.py(31):     keys[i] = (c, s)
s950444620.py(25): for i in range(M):
s950444620.py(26):     c, _ = MAP()
 --- modulename: s950444620, funcname: MAP
s950444620.py(11): def MAP(): return map(int, input().split())
 --- modulename: s950444620, funcname: input
s950444620.py(5): def input(): return sys.stdin.readline().strip()
s950444620.py(28):     s = 0
s950444620.py(29):     for a in [a-1 for a in LIST()]:
 --- modulename: s950444620, funcname: LIST
s950444620.py(12): def LIST(N=None): return list(MAP()) if N is None else [INT() for i in range(N)]
 --- modulename: s950444620, funcname: MAP
s950444620.py(11): def MAP(): return map(int, input().split())
 --- modulename: s950444620, funcname: input
s950444620.py(5): def input(): return sys.stdin.readline().strip()
 --- modulename: s950444620, funcname: <listcomp>
s950444620.py(29):     for a in [a-1 for a in LIST()]:
s950444620.py(29):     for a in [a-1 for a in LIST()]:
s950444620.py(30):         s += 1 << a
s950444620.py(29):     for a in [a-1 for a in LIST()]:
s950444620.py(31):     keys[i] = (c, s)
s950444620.py(25): for i in range(M):
s950444620.py(26):     c, _ = MAP()
 --- modulename: s950444620, funcname: MAP
s950444620.py(11): def MAP(): return map(int, input().split())
 --- modulename: s950444620, funcname: input
s950444620.py(5): def input(): return sys.stdin.readline().strip()
s950444620.py(28):     s = 0
s950444620.py(29):     for a in [a-1 for a in LIST()]:
 --- modulename: s950444620, funcname: LIST
s950444620.py(12): def LIST(N=None): return list(MAP()) if N is None else [INT() for i in range(N)]
 --- modulename: s950444620, funcname: MAP
s950444620.py(11): def MAP(): return map(int, input().split())
 --- modulename: s950444620, funcname: input
s950444620.py(5): def input(): return sys.stdin.readline().strip()
 --- modulename: s950444620, funcname: <listcomp>
s950444620.py(29):     for a in [a-1 for a in LIST()]:
s950444620.py(29):     for a in [a-1 for a in LIST()]:
s950444620.py(29):     for a in [a-1 for a in LIST()]:
s950444620.py(30):         s += 1 << a
s950444620.py(29):     for a in [a-1 for a in LIST()]:
s950444620.py(30):         s += 1 << a
s950444620.py(29):     for a in [a-1 for a in LIST()]:
s950444620.py(31):     keys[i] = (c, s)
s950444620.py(25): for i in range(M):
s950444620.py(34): dp = list2d(2, 1<<N, INF)
 --- modulename: s950444620, funcname: list2d
s950444620.py(6): def list2d(a, b, c): return [[c] * b for i in range(a)]
 --- modulename: s950444620, funcname: <listcomp>
s950444620.py(6): def list2d(a, b, c): return [[c] * b for i in range(a)]
s950444620.py(6): def list2d(a, b, c): return [[c] * b for i in range(a)]
s950444620.py(6): def list2d(a, b, c): return [[c] * b for i in range(a)]
s950444620.py(35): dp[0][0] = 0
s950444620.py(36): for i in range(M):
s950444620.py(38):     s = keys[i][1]
s950444620.py(39):     c = keys[i][0]
s950444620.py(40):     cur = i % 2
s950444620.py(41):     nxt = (i+1) % 2
s950444620.py(43):     dp[nxt] = dp[cur][:]
s950444620.py(44):     for j in range(1<<N):
s950444620.py(45):         if dp[cur][j] != INF:
s950444620.py(46):             m = j | s
s950444620.py(48):             dp[nxt][m] = min(dp[nxt][m], dp[cur][j]+c)
s950444620.py(44):     for j in range(1<<N):
s950444620.py(45):         if dp[cur][j] != INF:
s950444620.py(44):     for j in range(1<<N):
s950444620.py(45):         if dp[cur][j] != INF:
s950444620.py(44):     for j in range(1<<N):
s950444620.py(45):         if dp[cur][j] != INF:
s950444620.py(44):     for j in range(1<<N):
s950444620.py(36): for i in range(M):
s950444620.py(38):     s = keys[i][1]
s950444620.py(39):     c = keys[i][0]
s950444620.py(40):     cur = i % 2
s950444620.py(41):     nxt = (i+1) % 2
s950444620.py(43):     dp[nxt] = dp[cur][:]
s950444620.py(44):     for j in range(1<<N):
s950444620.py(45):         if dp[cur][j] != INF:
s950444620.py(46):             m = j | s
s950444620.py(48):             dp[nxt][m] = min(dp[nxt][m], dp[cur][j]+c)
s950444620.py(44):     for j in range(1<<N):
s950444620.py(45):         if dp[cur][j] != INF:
s950444620.py(46):             m = j | s
s950444620.py(48):             dp[nxt][m] = min(dp[nxt][m], dp[cur][j]+c)
s950444620.py(44):     for j in range(1<<N):
s950444620.py(45):         if dp[cur][j] != INF:
s950444620.py(44):     for j in range(1<<N):
s950444620.py(45):         if dp[cur][j] != INF:
s950444620.py(44):     for j in range(1<<N):
s950444620.py(36): for i in range(M):
s950444620.py(38):     s = keys[i][1]
s950444620.py(39):     c = keys[i][0]
s950444620.py(40):     cur = i % 2
s950444620.py(41):     nxt = (i+1) % 2
s950444620.py(43):     dp[nxt] = dp[cur][:]
s950444620.py(44):     for j in range(1<<N):
s950444620.py(45):         if dp[cur][j] != INF:
s950444620.py(46):             m = j | s
s950444620.py(48):             dp[nxt][m] = min(dp[nxt][m], dp[cur][j]+c)
s950444620.py(44):     for j in range(1<<N):
s950444620.py(45):         if dp[cur][j] != INF:
s950444620.py(46):             m = j | s
s950444620.py(48):             dp[nxt][m] = min(dp[nxt][m], dp[cur][j]+c)
s950444620.py(44):     for j in range(1<<N):
s950444620.py(45):         if dp[cur][j] != INF:
s950444620.py(46):             m = j | s
s950444620.py(48):             dp[nxt][m] = min(dp[nxt][m], dp[cur][j]+c)
s950444620.py(44):     for j in range(1<<N):
s950444620.py(45):         if dp[cur][j] != INF:
s950444620.py(46):             m = j | s
s950444620.py(48):             dp[nxt][m] = min(dp[nxt][m], dp[cur][j]+c)
s950444620.py(44):     for j in range(1<<N):
s950444620.py(36): for i in range(M):
s950444620.py(49): ans = dp[M%2][-1]
s950444620.py(51): if ans != INF:
s950444620.py(52):     print(ans)
25
