 --- modulename: s950802379, funcname: <module>
s950802379.py(1): class UnionFind:
 --- modulename: s950802379, funcname: UnionFind
s950802379.py(1): class UnionFind:
s950802379.py(2):   def __init__(self, n):
s950802379.py(5):   def find(self, x):
s950802379.py(11):   def unit(self, x, y):
s950802379.py(24):   def same(self, x, y):
s950802379.py(27): from collections import defaultdict
 --- modulename: _bootstrap, funcname: _handle_fromlist
<frozen importlib._bootstrap>(1043): <frozen importlib._bootstrap>(1044): <frozen importlib._bootstrap>(1051): <frozen importlib._bootstrap>(1055): <frozen importlib._bootstrap>(1043): <frozen importlib._bootstrap>(1067): s950802379.py(28): N,M,*L = map(int, open(0).read().split())
 --- modulename: _bootlocale, funcname: getpreferredencoding
_bootlocale.py(12):         if sys.flags.utf8_mode:
_bootlocale.py(14):         return _locale._getdefaultlocale()[1]
 --- modulename: codecs, funcname: __init__
codecs.py(310):         IncrementalDecoder.__init__(self, errors)
 --- modulename: codecs, funcname: __init__
codecs.py(268):         self.errors = errors
codecs.py(312):         self.buffer = b""
 --- modulename: codecs, funcname: decode
codecs.py(321):         data = self.buffer + input
codecs.py(322):         (result, consumed) = self._buffer_decode(data, self.errors, final)
codecs.py(324):         self.buffer = data[consumed:]
codecs.py(325):         return result
s950802379.py(29): A = L[:N]
s950802379.py(30): U = UnionFind(N)
 --- modulename: s950802379, funcname: __init__
s950802379.py(3):     self.par = [i for i in range(n)]
 --- modulename: s950802379, funcname: <listcomp>
s950802379.py(3):     self.par = [i for i in range(n)]
s950802379.py(3):     self.par = [i for i in range(n)]
s950802379.py(3):     self.par = [i for i in range(n)]
s950802379.py(3):     self.par = [i for i in range(n)]
s950802379.py(3):     self.par = [i for i in range(n)]
s950802379.py(3):     self.par = [i for i in range(n)]
s950802379.py(3):     self.par = [i for i in range(n)]
s950802379.py(3):     self.par = [i for i in range(n)]
s950802379.py(4):     self.rank = [0]*n
s950802379.py(31): for x,y in zip(*[iter(L[N:])]*2):
s950802379.py(32):   U.unit(x,y)
 --- modulename: s950802379, funcname: unit
s950802379.py(12):     x = self.find(x)
 --- modulename: s950802379, funcname: find
s950802379.py(6):     if self.par[x]==x:
s950802379.py(7):       return x
s950802379.py(13):     y = self.find(y)
 --- modulename: s950802379, funcname: find
s950802379.py(6):     if self.par[x]==x:
s950802379.py(7):       return x
s950802379.py(14):     if x==y:
s950802379.py(16):     elif self.rank[x]<self.rank[y]:
s950802379.py(18):     elif self.rank[y]<self.rank[x]:
s950802379.py(21):       self.par[y] = x
s950802379.py(22):       self.rank[x] += 1
s950802379.py(31): for x,y in zip(*[iter(L[N:])]*2):
s950802379.py(32):   U.unit(x,y)
 --- modulename: s950802379, funcname: unit
s950802379.py(12):     x = self.find(x)
 --- modulename: s950802379, funcname: find
s950802379.py(6):     if self.par[x]==x:
s950802379.py(7):       return x
s950802379.py(13):     y = self.find(y)
 --- modulename: s950802379, funcname: find
s950802379.py(6):     if self.par[x]==x:
s950802379.py(9):       self.par[x] = self.find(self.par[x])
 --- modulename: s950802379, funcname: find
s950802379.py(6):     if self.par[x]==x:
s950802379.py(7):       return x
s950802379.py(10):       return self.par[x]
s950802379.py(14):     if x==y:
s950802379.py(16):     elif self.rank[x]<self.rank[y]:
s950802379.py(17):       self.par[x] = y
s950802379.py(31): for x,y in zip(*[iter(L[N:])]*2):
s950802379.py(32):   U.unit(x,y)
 --- modulename: s950802379, funcname: unit
s950802379.py(12):     x = self.find(x)
 --- modulename: s950802379, funcname: find
s950802379.py(6):     if self.par[x]==x:
s950802379.py(7):       return x
s950802379.py(13):     y = self.find(y)
 --- modulename: s950802379, funcname: find
s950802379.py(6):     if self.par[x]==x:
s950802379.py(7):       return x
s950802379.py(14):     if x==y:
s950802379.py(16):     elif self.rank[x]<self.rank[y]:
s950802379.py(18):     elif self.rank[y]<self.rank[x]:
s950802379.py(21):       self.par[y] = x
s950802379.py(22):       self.rank[x] += 1
s950802379.py(31): for x,y in zip(*[iter(L[N:])]*2):
s950802379.py(32):   U.unit(x,y)
 --- modulename: s950802379, funcname: unit
s950802379.py(12):     x = self.find(x)
 --- modulename: s950802379, funcname: find
s950802379.py(6):     if self.par[x]==x:
s950802379.py(7):       return x
s950802379.py(13):     y = self.find(y)
 --- modulename: s950802379, funcname: find
s950802379.py(6):     if self.par[x]==x:
s950802379.py(7):       return x
s950802379.py(14):     if x==y:
s950802379.py(16):     elif self.rank[x]<self.rank[y]:
s950802379.py(18):     elif self.rank[y]<self.rank[x]:
s950802379.py(21):       self.par[y] = x
s950802379.py(22):       self.rank[x] += 1
s950802379.py(31): for x,y in zip(*[iter(L[N:])]*2):
s950802379.py(32):   U.unit(x,y)
 --- modulename: s950802379, funcname: unit
s950802379.py(12):     x = self.find(x)
 --- modulename: s950802379, funcname: find
s950802379.py(6):     if self.par[x]==x:
s950802379.py(7):       return x
s950802379.py(13):     y = self.find(y)
 --- modulename: s950802379, funcname: find
s950802379.py(6):     if self.par[x]==x:
s950802379.py(7):       return x
s950802379.py(14):     if x==y:
s950802379.py(16):     elif self.rank[x]<self.rank[y]:
s950802379.py(18):     elif self.rank[y]<self.rank[x]:
s950802379.py(21):       self.par[y] = x
s950802379.py(22):       self.rank[x] += 1
s950802379.py(31): for x,y in zip(*[iter(L[N:])]*2):
s950802379.py(33): ans = 0
s950802379.py(34): rest = []
s950802379.py(35): dic = defaultdict(list)
s950802379.py(36): for i in range(N):
s950802379.py(37):   dic[U.find(i)].append(A[i])
 --- modulename: s950802379, funcname: find
s950802379.py(6):     if self.par[x]==x:
s950802379.py(9):       self.par[x] = self.find(self.par[x])
 --- modulename: s950802379, funcname: find
s950802379.py(6):     if self.par[x]==x:
s950802379.py(9):       self.par[x] = self.find(self.par[x])
 --- modulename: s950802379, funcname: find
s950802379.py(6):     if self.par[x]==x:
s950802379.py(7):       return x
s950802379.py(10):       return self.par[x]
s950802379.py(10):       return self.par[x]
s950802379.py(36): for i in range(N):
s950802379.py(37):   dic[U.find(i)].append(A[i])
 --- modulename: s950802379, funcname: find
s950802379.py(6):     if self.par[x]==x:
s950802379.py(7):       return x
s950802379.py(36): for i in range(N):
s950802379.py(37):   dic[U.find(i)].append(A[i])
 --- modulename: s950802379, funcname: find
s950802379.py(6):     if self.par[x]==x:
s950802379.py(9):       self.par[x] = self.find(self.par[x])
 --- modulename: s950802379, funcname: find
s950802379.py(6):     if self.par[x]==x:
s950802379.py(7):       return x
s950802379.py(10):       return self.par[x]
s950802379.py(36): for i in range(N):
s950802379.py(37):   dic[U.find(i)].append(A[i])
 --- modulename: s950802379, funcname: find
s950802379.py(6):     if self.par[x]==x:
s950802379.py(9):       self.par[x] = self.find(self.par[x])
 --- modulename: s950802379, funcname: find
s950802379.py(6):     if self.par[x]==x:
s950802379.py(7):       return x
s950802379.py(10):       return self.par[x]
s950802379.py(36): for i in range(N):
s950802379.py(37):   dic[U.find(i)].append(A[i])
 --- modulename: s950802379, funcname: find
s950802379.py(6):     if self.par[x]==x:
s950802379.py(9):       self.par[x] = self.find(self.par[x])
 --- modulename: s950802379, funcname: find
s950802379.py(6):     if self.par[x]==x:
s950802379.py(9):       self.par[x] = self.find(self.par[x])
 --- modulename: s950802379, funcname: find
s950802379.py(6):     if self.par[x]==x:
s950802379.py(7):       return x
s950802379.py(10):       return self.par[x]
s950802379.py(10):       return self.par[x]
s950802379.py(36): for i in range(N):
s950802379.py(37):   dic[U.find(i)].append(A[i])
 --- modulename: s950802379, funcname: find
s950802379.py(6):     if self.par[x]==x:
s950802379.py(7):       return x
s950802379.py(36): for i in range(N):
s950802379.py(37):   dic[U.find(i)].append(A[i])
 --- modulename: s950802379, funcname: find
s950802379.py(6):     if self.par[x]==x:
s950802379.py(9):       self.par[x] = self.find(self.par[x])
 --- modulename: s950802379, funcname: find
s950802379.py(6):     if self.par[x]==x:
s950802379.py(7):       return x
s950802379.py(10):       return self.par[x]
s950802379.py(36): for i in range(N):
s950802379.py(38): for k in dic.keys():
s950802379.py(39):   dic[k].sort()
s950802379.py(40):   ans += dic[k][0]
s950802379.py(41):   rest.extend(dic[k][1:])
s950802379.py(38): for k in dic.keys():
s950802379.py(39):   dic[k].sort()
s950802379.py(40):   ans += dic[k][0]
s950802379.py(41):   rest.extend(dic[k][1:])
s950802379.py(38): for k in dic.keys():
s950802379.py(42): if N-1==M:
s950802379.py(45): if N<2*(N-M-1):
s950802379.py(49): rest.sort()
s950802379.py(50): remain = 2*(N-M-1)-len(dic.keys())
s950802379.py(51): ans += sum(rest[:remain])
s950802379.py(52): print(ans)
7
