 --- modulename: s956030520, funcname: <module>
s956030520.py(1): import sys
s956030520.py(2): input = sys.stdin.readline
s956030520.py(3): input = sys.stdin.buffer.readline
s956030520.py(4): def RD(): return sys.stdin.read()
s956030520.py(5): def II(): return int(input())
s956030520.py(6): def MI(): return map(int,input().split())
s956030520.py(7): def LI(): return list(map(int,input().split()))
s956030520.py(8): def TI(): return tuple(map(int,input().split()))
s956030520.py(12): from collections import deque
 --- modulename: _bootstrap, funcname: _handle_fromlist
<frozen importlib._bootstrap>(1043): <frozen importlib._bootstrap>(1044): <frozen importlib._bootstrap>(1051): <frozen importlib._bootstrap>(1055): <frozen importlib._bootstrap>(1043): <frozen importlib._bootstrap>(1067): s956030520.py(14): def main():
s956030520.py(43): if __name__ == "__main__":
s956030520.py(44): 	main()
 --- modulename: s956030520, funcname: main
s956030520.py(15): 	n,q=MI()
 --- modulename: s956030520, funcname: MI
s956030520.py(6): def MI(): return map(int,input().split())
s956030520.py(16): 	E=[[] for _ in range(n+1)]
 --- modulename: s956030520, funcname: <listcomp>
s956030520.py(16): 	E=[[] for _ in range(n+1)]
s956030520.py(16): 	E=[[] for _ in range(n+1)]
s956030520.py(16): 	E=[[] for _ in range(n+1)]
s956030520.py(16): 	E=[[] for _ in range(n+1)]
s956030520.py(16): 	E=[[] for _ in range(n+1)]
s956030520.py(16): 	E=[[] for _ in range(n+1)]
s956030520.py(17): 	X=[0]*(n+1)
s956030520.py(19): 	for _ in range(n-1):
s956030520.py(20): 		a,b=MI()
 --- modulename: s956030520, funcname: MI
s956030520.py(6): def MI(): return map(int,input().split())
s956030520.py(21): 		E[a].append(b)
s956030520.py(22): 		E[b].append(a)
s956030520.py(19): 	for _ in range(n-1):
s956030520.py(20): 		a,b=MI()
 --- modulename: s956030520, funcname: MI
s956030520.py(6): def MI(): return map(int,input().split())
s956030520.py(21): 		E[a].append(b)
s956030520.py(22): 		E[b].append(a)
s956030520.py(19): 	for _ in range(n-1):
s956030520.py(20): 		a,b=MI()
 --- modulename: s956030520, funcname: MI
s956030520.py(6): def MI(): return map(int,input().split())
s956030520.py(21): 		E[a].append(b)
s956030520.py(22): 		E[b].append(a)
s956030520.py(19): 	for _ in range(n-1):
s956030520.py(23): 	for _ in range(q):
s956030520.py(24): 		p,x=MI()
 --- modulename: s956030520, funcname: MI
s956030520.py(6): def MI(): return map(int,input().split())
s956030520.py(25): 		X[p]+=x
s956030520.py(23): 	for _ in range(q):
s956030520.py(24): 		p,x=MI()
 --- modulename: s956030520, funcname: MI
s956030520.py(6): def MI(): return map(int,input().split())
s956030520.py(25): 		X[p]+=x
s956030520.py(23): 	for _ in range(q):
s956030520.py(24): 		p,x=MI()
 --- modulename: s956030520, funcname: MI
s956030520.py(6): def MI(): return map(int,input().split())
s956030520.py(25): 		X[p]+=x
s956030520.py(23): 	for _ in range(q):
s956030520.py(28): 	Q=deque([1])
s956030520.py(30): 	while Q:
s956030520.py(32): 		now=Q.popleft()
s956030520.py(34): 		if E[now]!=[]:
s956030520.py(35): 			for i in E[now]:
s956030520.py(36): 				if E[i]!=[]:
s956030520.py(37): 					Q.append(i)
s956030520.py(38): 					X[i]+=X[now]
s956030520.py(35): 			for i in E[now]:
s956030520.py(39): 			E[now]=[]
s956030520.py(30): 	while Q:
s956030520.py(32): 		now=Q.popleft()
s956030520.py(34): 		if E[now]!=[]:
s956030520.py(35): 			for i in E[now]:
s956030520.py(36): 				if E[i]!=[]:
s956030520.py(35): 			for i in E[now]:
s956030520.py(36): 				if E[i]!=[]:
s956030520.py(37): 					Q.append(i)
s956030520.py(38): 					X[i]+=X[now]
s956030520.py(35): 			for i in E[now]:
s956030520.py(36): 				if E[i]!=[]:
s956030520.py(37): 					Q.append(i)
s956030520.py(38): 					X[i]+=X[now]
s956030520.py(35): 			for i in E[now]:
s956030520.py(39): 			E[now]=[]
s956030520.py(30): 	while Q:
s956030520.py(32): 		now=Q.popleft()
s956030520.py(34): 		if E[now]!=[]:
s956030520.py(35): 			for i in E[now]:
s956030520.py(36): 				if E[i]!=[]:
s956030520.py(35): 			for i in E[now]:
s956030520.py(39): 			E[now]=[]
s956030520.py(30): 	while Q:
s956030520.py(32): 		now=Q.popleft()
s956030520.py(34): 		if E[now]!=[]:
s956030520.py(35): 			for i in E[now]:
s956030520.py(36): 				if E[i]!=[]:
s956030520.py(35): 			for i in E[now]:
s956030520.py(39): 			E[now]=[]
s956030520.py(30): 	while Q:
s956030520.py(40): 	print(*X[1:])
100 110 111 110
