 --- modulename: s959293260, funcname: <module>
s959293260.py(1): N, M = map(int, input().split())
 --- modulename: codecs, funcname: getstate
codecs.py(333):         return (self.buffer, 0)
 --- modulename: codecs, funcname: decode
codecs.py(321):         data = self.buffer + input
codecs.py(322):         (result, consumed) = self._buffer_decode(data, self.errors, final)
codecs.py(324):         self.buffer = data[consumed:]
codecs.py(325):         return result
s959293260.py(2): ab = [tuple(map(lambda x:int(x)-1, input().split())) for _ in range(M)]
 --- modulename: s959293260, funcname: <listcomp>
s959293260.py(2): ab = [tuple(map(lambda x:int(x)-1, input().split())) for _ in range(M)]
 --- modulename: s959293260, funcname: <lambda>
s959293260.py(2): ab = [tuple(map(lambda x:int(x)-1, input().split())) for _ in range(M)]
 --- modulename: s959293260, funcname: <lambda>
s959293260.py(2): ab = [tuple(map(lambda x:int(x)-1, input().split())) for _ in range(M)]
s959293260.py(2): ab = [tuple(map(lambda x:int(x)-1, input().split())) for _ in range(M)]
 --- modulename: s959293260, funcname: <lambda>
s959293260.py(2): ab = [tuple(map(lambda x:int(x)-1, input().split())) for _ in range(M)]
 --- modulename: s959293260, funcname: <lambda>
s959293260.py(2): ab = [tuple(map(lambda x:int(x)-1, input().split())) for _ in range(M)]
s959293260.py(2): ab = [tuple(map(lambda x:int(x)-1, input().split())) for _ in range(M)]
 --- modulename: s959293260, funcname: <lambda>
s959293260.py(2): ab = [tuple(map(lambda x:int(x)-1, input().split())) for _ in range(M)]
 --- modulename: s959293260, funcname: <lambda>
s959293260.py(2): ab = [tuple(map(lambda x:int(x)-1, input().split())) for _ in range(M)]
s959293260.py(2): ab = [tuple(map(lambda x:int(x)-1, input().split())) for _ in range(M)]
 --- modulename: s959293260, funcname: <lambda>
s959293260.py(2): ab = [tuple(map(lambda x:int(x)-1, input().split())) for _ in range(M)]
 --- modulename: s959293260, funcname: <lambda>
s959293260.py(2): ab = [tuple(map(lambda x:int(x)-1, input().split())) for _ in range(M)]
s959293260.py(2): ab = [tuple(map(lambda x:int(x)-1, input().split())) for _ in range(M)]
 --- modulename: s959293260, funcname: <lambda>
s959293260.py(2): ab = [tuple(map(lambda x:int(x)-1, input().split())) for _ in range(M)]
 --- modulename: s959293260, funcname: <lambda>
s959293260.py(2): ab = [tuple(map(lambda x:int(x)-1, input().split())) for _ in range(M)]
s959293260.py(2): ab = [tuple(map(lambda x:int(x)-1, input().split())) for _ in range(M)]
s959293260.py(5): class UnionFind:
 --- modulename: s959293260, funcname: UnionFind
s959293260.py(5): class UnionFind:
s959293260.py(6):     def __init__(self, n):
s959293260.py(10):     def find(self, i):
s959293260.py(16):     def unite(self, i, j):
s959293260.py(29): def main():
s959293260.py(45): main()
 --- modulename: s959293260, funcname: main
s959293260.py(30):     uf = UnionFind(N)
 --- modulename: s959293260, funcname: __init__
s959293260.py(7):         self.parents = [i for i in range(n)]
 --- modulename: s959293260, funcname: <listcomp>
s959293260.py(7):         self.parents = [i for i in range(n)]
s959293260.py(7):         self.parents = [i for i in range(n)]
s959293260.py(7):         self.parents = [i for i in range(n)]
s959293260.py(7):         self.parents = [i for i in range(n)]
s959293260.py(7):         self.parents = [i for i in range(n)]
s959293260.py(8):         self.sizes = [1] * n
s959293260.py(9):         self.rank = [0] * n
s959293260.py(31):     p = N * (N - 1) // 2
s959293260.py(32):     ans = [p]
s959293260.py(33):     for x, y in reversed(ab):
s959293260.py(34):         px = uf.find(x)
 --- modulename: s959293260, funcname: find
s959293260.py(11):         if self.parents[i] == i:
s959293260.py(12):             return i
s959293260.py(35):         py = uf.find(y)
 --- modulename: s959293260, funcname: find
s959293260.py(11):         if self.parents[i] == i:
s959293260.py(12):             return i
s959293260.py(36):         if px != py:
s959293260.py(37):             p -= uf.sizes[px] * uf.sizes[py]
s959293260.py(38):             uf.unite(px, py)
 --- modulename: s959293260, funcname: unite
s959293260.py(17):         pi = self.find(i)
 --- modulename: s959293260, funcname: find
s959293260.py(11):         if self.parents[i] == i:
s959293260.py(12):             return i
s959293260.py(18):         pj = self.find(j)
 --- modulename: s959293260, funcname: find
s959293260.py(11):         if self.parents[i] == i:
s959293260.py(12):             return i
s959293260.py(19):         if pi != pj:
s959293260.py(20):             if self.rank[pi] < self.rank[pj]:
s959293260.py(24):                 self.sizes[pi] += self.sizes[pj]
s959293260.py(25):                 self.parents[pj] = pi 
s959293260.py(26):                 if self.rank[pi] == self.rank[pj]:
s959293260.py(27):                     self.rank[pi] += 1
s959293260.py(39):         ans.append(p)
s959293260.py(33):     for x, y in reversed(ab):
s959293260.py(34):         px = uf.find(x)
 --- modulename: s959293260, funcname: find
s959293260.py(11):         if self.parents[i] == i:
s959293260.py(12):             return i
s959293260.py(35):         py = uf.find(y)
 --- modulename: s959293260, funcname: find
s959293260.py(11):         if self.parents[i] == i:
s959293260.py(12):             return i
s959293260.py(36):         if px != py:
s959293260.py(37):             p -= uf.sizes[px] * uf.sizes[py]
s959293260.py(38):             uf.unite(px, py)
 --- modulename: s959293260, funcname: unite
s959293260.py(17):         pi = self.find(i)
 --- modulename: s959293260, funcname: find
s959293260.py(11):         if self.parents[i] == i:
s959293260.py(12):             return i
s959293260.py(18):         pj = self.find(j)
 --- modulename: s959293260, funcname: find
s959293260.py(11):         if self.parents[i] == i:
s959293260.py(12):             return i
s959293260.py(19):         if pi != pj:
s959293260.py(20):             if self.rank[pi] < self.rank[pj]:
s959293260.py(24):                 self.sizes[pi] += self.sizes[pj]
s959293260.py(25):                 self.parents[pj] = pi 
s959293260.py(26):                 if self.rank[pi] == self.rank[pj]:
s959293260.py(27):                     self.rank[pi] += 1
s959293260.py(39):         ans.append(p)
s959293260.py(33):     for x, y in reversed(ab):
s959293260.py(34):         px = uf.find(x)
 --- modulename: s959293260, funcname: find
s959293260.py(11):         if self.parents[i] == i:
s959293260.py(12):             return i
s959293260.py(35):         py = uf.find(y)
 --- modulename: s959293260, funcname: find
s959293260.py(11):         if self.parents[i] == i:
s959293260.py(14):             self.parents[i] = self.find(self.parents[i])
 --- modulename: s959293260, funcname: find
s959293260.py(11):         if self.parents[i] == i:
s959293260.py(12):             return i
s959293260.py(15):             return self.parents[i]
s959293260.py(36):         if px != py:
s959293260.py(37):             p -= uf.sizes[px] * uf.sizes[py]
s959293260.py(38):             uf.unite(px, py)
 --- modulename: s959293260, funcname: unite
s959293260.py(17):         pi = self.find(i)
 --- modulename: s959293260, funcname: find
s959293260.py(11):         if self.parents[i] == i:
s959293260.py(12):             return i
s959293260.py(18):         pj = self.find(j)
 --- modulename: s959293260, funcname: find
s959293260.py(11):         if self.parents[i] == i:
s959293260.py(12):             return i
s959293260.py(19):         if pi != pj:
s959293260.py(20):             if self.rank[pi] < self.rank[pj]:
s959293260.py(24):                 self.sizes[pi] += self.sizes[pj]
s959293260.py(25):                 self.parents[pj] = pi 
s959293260.py(26):                 if self.rank[pi] == self.rank[pj]:
s959293260.py(27):                     self.rank[pi] += 1
s959293260.py(39):         ans.append(p)
s959293260.py(33):     for x, y in reversed(ab):
s959293260.py(34):         px = uf.find(x)
 --- modulename: s959293260, funcname: find
s959293260.py(11):         if self.parents[i] == i:
s959293260.py(14):             self.parents[i] = self.find(self.parents[i])
 --- modulename: s959293260, funcname: find
s959293260.py(11):         if self.parents[i] == i:
s959293260.py(14):             self.parents[i] = self.find(self.parents[i])
 --- modulename: s959293260, funcname: find
s959293260.py(11):         if self.parents[i] == i:
s959293260.py(12):             return i
s959293260.py(15):             return self.parents[i]
s959293260.py(15):             return self.parents[i]
s959293260.py(35):         py = uf.find(y)
 --- modulename: s959293260, funcname: find
s959293260.py(11):         if self.parents[i] == i:
s959293260.py(14):             self.parents[i] = self.find(self.parents[i])
 --- modulename: s959293260, funcname: find
s959293260.py(11):         if self.parents[i] == i:
s959293260.py(12):             return i
s959293260.py(15):             return self.parents[i]
s959293260.py(36):         if px != py:
s959293260.py(39):         ans.append(p)
s959293260.py(33):     for x, y in reversed(ab):
s959293260.py(34):         px = uf.find(x)
 --- modulename: s959293260, funcname: find
s959293260.py(11):         if self.parents[i] == i:
s959293260.py(12):             return i
s959293260.py(35):         py = uf.find(y)
 --- modulename: s959293260, funcname: find
s959293260.py(11):         if self.parents[i] == i:
s959293260.py(14):             self.parents[i] = self.find(self.parents[i])
 --- modulename: s959293260, funcname: find
s959293260.py(11):         if self.parents[i] == i:
s959293260.py(12):             return i
s959293260.py(15):             return self.parents[i]
s959293260.py(36):         if px != py:
s959293260.py(39):         ans.append(p)
s959293260.py(33):     for x, y in reversed(ab):
s959293260.py(41):     for a in reversed(ans[:-1]):
s959293260.py(42):         print(a)
0
s959293260.py(41):     for a in reversed(ans[:-1]):
s959293260.py(42):         print(a)
0
s959293260.py(41):     for a in reversed(ans[:-1]):
s959293260.py(42):         print(a)
4
s959293260.py(41):     for a in reversed(ans[:-1]):
s959293260.py(42):         print(a)
5
s959293260.py(41):     for a in reversed(ans[:-1]):
s959293260.py(42):         print(a)
6
s959293260.py(41):     for a in reversed(ans[:-1]):
