 --- modulename: s960466042, funcname: <module>
s960466042.py(2): import sys
s960466042.py(5): def solve(H: int, A: int):
s960466042.py(11): def main():
s960466042.py(21): if __name__ == '__main__':
s960466042.py(22):     main()
 --- modulename: s960466042, funcname: main
s960466042.py(12):     def iterate_tokens():
s960466042.py(16):     tokens = iterate_tokens()
s960466042.py(17):     H = int(next(tokens))  # type: int
 --- modulename: s960466042, funcname: iterate_tokens
s960466042.py(13):         for line in sys.stdin:
 --- modulename: codecs, funcname: decode
codecs.py(321):         data = self.buffer + input
codecs.py(322):         (result, consumed) = self._buffer_decode(data, self.errors, final)
codecs.py(324):         self.buffer = data[consumed:]
codecs.py(325):         return result
s960466042.py(14):             for word in line.split():
s960466042.py(15):                 yield word
s960466042.py(18):     A = int(next(tokens))  # type: int
 --- modulename: s960466042, funcname: iterate_tokens
s960466042.py(14):             for word in line.split():
s960466042.py(15):                 yield word
s960466042.py(19):     solve(H, A)
 --- modulename: s960466042, funcname: solve
s960466042.py(6):     print(-(-H//A))
3
s960466042.py(7):     return
 --- modulename: s960466042, funcname: iterate_tokens
