 --- modulename: s961939970, funcname: <module>
s961939970.py(4): class Node:
 --- modulename: s961939970, funcname: Node
s961939970.py(4): class Node:
s961939970.py(5):     def __init__(self):
s961939970.py(14): def calcDepth(x,depth):
s961939970.py(20): def calcHeight(x,height):
s961939970.py(26): n=int(input())
 --- modulename: codecs, funcname: getstate
codecs.py(333):         return (self.buffer, 0)
 --- modulename: codecs, funcname: decode
codecs.py(321):         data = self.buffer + input
codecs.py(322):         (result, consumed) = self._buffer_decode(data, self.errors, final)
codecs.py(324):         self.buffer = data[consumed:]
codecs.py(325):         return result
s961939970.py(27): a=[[int(i)for i in input().split()]for j in range(n)]
 --- modulename: s961939970, funcname: <listcomp>
s961939970.py(27): a=[[int(i)for i in input().split()]for j in range(n)]
 --- modulename: s961939970, funcname: <listcomp>
s961939970.py(27): a=[[int(i)for i in input().split()]for j in range(n)]
s961939970.py(27): a=[[int(i)for i in input().split()]for j in range(n)]
s961939970.py(27): a=[[int(i)for i in input().split()]for j in range(n)]
s961939970.py(27): a=[[int(i)for i in input().split()]for j in range(n)]
s961939970.py(27): a=[[int(i)for i in input().split()]for j in range(n)]
 --- modulename: s961939970, funcname: <listcomp>
s961939970.py(27): a=[[int(i)for i in input().split()]for j in range(n)]
s961939970.py(27): a=[[int(i)for i in input().split()]for j in range(n)]
s961939970.py(27): a=[[int(i)for i in input().split()]for j in range(n)]
s961939970.py(27): a=[[int(i)for i in input().split()]for j in range(n)]
s961939970.py(27): a=[[int(i)for i in input().split()]for j in range(n)]
 --- modulename: s961939970, funcname: <listcomp>
s961939970.py(27): a=[[int(i)for i in input().split()]for j in range(n)]
s961939970.py(27): a=[[int(i)for i in input().split()]for j in range(n)]
s961939970.py(27): a=[[int(i)for i in input().split()]for j in range(n)]
s961939970.py(27): a=[[int(i)for i in input().split()]for j in range(n)]
s961939970.py(27): a=[[int(i)for i in input().split()]for j in range(n)]
 --- modulename: s961939970, funcname: <listcomp>
s961939970.py(27): a=[[int(i)for i in input().split()]for j in range(n)]
s961939970.py(27): a=[[int(i)for i in input().split()]for j in range(n)]
s961939970.py(27): a=[[int(i)for i in input().split()]for j in range(n)]
s961939970.py(27): a=[[int(i)for i in input().split()]for j in range(n)]
s961939970.py(27): a=[[int(i)for i in input().split()]for j in range(n)]
 --- modulename: s961939970, funcname: <listcomp>
s961939970.py(27): a=[[int(i)for i in input().split()]for j in range(n)]
s961939970.py(27): a=[[int(i)for i in input().split()]for j in range(n)]
s961939970.py(27): a=[[int(i)for i in input().split()]for j in range(n)]
s961939970.py(27): a=[[int(i)for i in input().split()]for j in range(n)]
s961939970.py(27): a=[[int(i)for i in input().split()]for j in range(n)]
 --- modulename: s961939970, funcname: <listcomp>
s961939970.py(27): a=[[int(i)for i in input().split()]for j in range(n)]
s961939970.py(27): a=[[int(i)for i in input().split()]for j in range(n)]
s961939970.py(27): a=[[int(i)for i in input().split()]for j in range(n)]
s961939970.py(27): a=[[int(i)for i in input().split()]for j in range(n)]
s961939970.py(27): a=[[int(i)for i in input().split()]for j in range(n)]
 --- modulename: s961939970, funcname: <listcomp>
s961939970.py(27): a=[[int(i)for i in input().split()]for j in range(n)]
s961939970.py(27): a=[[int(i)for i in input().split()]for j in range(n)]
s961939970.py(27): a=[[int(i)for i in input().split()]for j in range(n)]
s961939970.py(27): a=[[int(i)for i in input().split()]for j in range(n)]
s961939970.py(27): a=[[int(i)for i in input().split()]for j in range(n)]
 --- modulename: s961939970, funcname: <listcomp>
s961939970.py(27): a=[[int(i)for i in input().split()]for j in range(n)]
s961939970.py(27): a=[[int(i)for i in input().split()]for j in range(n)]
s961939970.py(27): a=[[int(i)for i in input().split()]for j in range(n)]
s961939970.py(27): a=[[int(i)for i in input().split()]for j in range(n)]
s961939970.py(27): a=[[int(i)for i in input().split()]for j in range(n)]
 --- modulename: s961939970, funcname: <listcomp>
s961939970.py(27): a=[[int(i)for i in input().split()]for j in range(n)]
s961939970.py(27): a=[[int(i)for i in input().split()]for j in range(n)]
s961939970.py(27): a=[[int(i)for i in input().split()]for j in range(n)]
s961939970.py(27): a=[[int(i)for i in input().split()]for j in range(n)]
s961939970.py(27): a=[[int(i)for i in input().split()]for j in range(n)]
s961939970.py(28): node=[Node()for i in range(n)]
 --- modulename: s961939970, funcname: <listcomp>
s961939970.py(28): node=[Node()for i in range(n)]
 --- modulename: s961939970, funcname: __init__
s961939970.py(6):         self.parentId=-1
s961939970.py(7):         self.sibling=-1
s961939970.py(8):         self.children=[]
s961939970.py(9):         self.degree=0
s961939970.py(10):         self.depth=-1
s961939970.py(11):         self.height=-1
s961939970.py(12):         self.type=""
s961939970.py(28): node=[Node()for i in range(n)]
 --- modulename: s961939970, funcname: __init__
s961939970.py(6):         self.parentId=-1
s961939970.py(7):         self.sibling=-1
s961939970.py(8):         self.children=[]
s961939970.py(9):         self.degree=0
s961939970.py(10):         self.depth=-1
s961939970.py(11):         self.height=-1
s961939970.py(12):         self.type=""
s961939970.py(28): node=[Node()for i in range(n)]
 --- modulename: s961939970, funcname: __init__
s961939970.py(6):         self.parentId=-1
s961939970.py(7):         self.sibling=-1
s961939970.py(8):         self.children=[]
s961939970.py(9):         self.degree=0
s961939970.py(10):         self.depth=-1
s961939970.py(11):         self.height=-1
s961939970.py(12):         self.type=""
s961939970.py(28): node=[Node()for i in range(n)]
 --- modulename: s961939970, funcname: __init__
s961939970.py(6):         self.parentId=-1
s961939970.py(7):         self.sibling=-1
s961939970.py(8):         self.children=[]
s961939970.py(9):         self.degree=0
s961939970.py(10):         self.depth=-1
s961939970.py(11):         self.height=-1
s961939970.py(12):         self.type=""
s961939970.py(28): node=[Node()for i in range(n)]
 --- modulename: s961939970, funcname: __init__
s961939970.py(6):         self.parentId=-1
s961939970.py(7):         self.sibling=-1
s961939970.py(8):         self.children=[]
s961939970.py(9):         self.degree=0
s961939970.py(10):         self.depth=-1
s961939970.py(11):         self.height=-1
s961939970.py(12):         self.type=""
s961939970.py(28): node=[Node()for i in range(n)]
 --- modulename: s961939970, funcname: __init__
s961939970.py(6):         self.parentId=-1
s961939970.py(7):         self.sibling=-1
s961939970.py(8):         self.children=[]
s961939970.py(9):         self.degree=0
s961939970.py(10):         self.depth=-1
s961939970.py(11):         self.height=-1
s961939970.py(12):         self.type=""
s961939970.py(28): node=[Node()for i in range(n)]
 --- modulename: s961939970, funcname: __init__
s961939970.py(6):         self.parentId=-1
s961939970.py(7):         self.sibling=-1
s961939970.py(8):         self.children=[]
s961939970.py(9):         self.degree=0
s961939970.py(10):         self.depth=-1
s961939970.py(11):         self.height=-1
s961939970.py(12):         self.type=""
s961939970.py(28): node=[Node()for i in range(n)]
 --- modulename: s961939970, funcname: __init__
s961939970.py(6):         self.parentId=-1
s961939970.py(7):         self.sibling=-1
s961939970.py(8):         self.children=[]
s961939970.py(9):         self.degree=0
s961939970.py(10):         self.depth=-1
s961939970.py(11):         self.height=-1
s961939970.py(12):         self.type=""
s961939970.py(28): node=[Node()for i in range(n)]
 --- modulename: s961939970, funcname: __init__
s961939970.py(6):         self.parentId=-1
s961939970.py(7):         self.sibling=-1
s961939970.py(8):         self.children=[]
s961939970.py(9):         self.degree=0
s961939970.py(10):         self.depth=-1
s961939970.py(11):         self.height=-1
s961939970.py(12):         self.type=""
s961939970.py(28): node=[Node()for i in range(n)]
s961939970.py(30): for i in a:
s961939970.py(31):     id=i[0]
s961939970.py(32):     left=i[1]
s961939970.py(33):     right=i[2]
s961939970.py(34):     node[id].children=[left,right]
s961939970.py(35):     if left != -1:node[left].sibling,node[left].parentId=right,id
s961939970.py(36):     if right != -1:node[right].sibling,node[right].parentId =left,id
s961939970.py(30): for i in a:
s961939970.py(31):     id=i[0]
s961939970.py(32):     left=i[1]
s961939970.py(33):     right=i[2]
s961939970.py(34):     node[id].children=[left,right]
s961939970.py(35):     if left != -1:node[left].sibling,node[left].parentId=right,id
s961939970.py(36):     if right != -1:node[right].sibling,node[right].parentId =left,id
s961939970.py(30): for i in a:
s961939970.py(31):     id=i[0]
s961939970.py(32):     left=i[1]
s961939970.py(33):     right=i[2]
s961939970.py(34):     node[id].children=[left,right]
s961939970.py(35):     if left != -1:node[left].sibling,node[left].parentId=right,id
s961939970.py(36):     if right != -1:node[right].sibling,node[right].parentId =left,id
s961939970.py(30): for i in a:
s961939970.py(31):     id=i[0]
s961939970.py(32):     left=i[1]
s961939970.py(33):     right=i[2]
s961939970.py(34):     node[id].children=[left,right]
s961939970.py(35):     if left != -1:node[left].sibling,node[left].parentId=right,id
s961939970.py(36):     if right != -1:node[right].sibling,node[right].parentId =left,id
s961939970.py(30): for i in a:
s961939970.py(31):     id=i[0]
s961939970.py(32):     left=i[1]
s961939970.py(33):     right=i[2]
s961939970.py(34):     node[id].children=[left,right]
s961939970.py(35):     if left != -1:node[left].sibling,node[left].parentId=right,id
s961939970.py(36):     if right != -1:node[right].sibling,node[right].parentId =left,id
s961939970.py(30): for i in a:
s961939970.py(31):     id=i[0]
s961939970.py(32):     left=i[1]
s961939970.py(33):     right=i[2]
s961939970.py(34):     node[id].children=[left,right]
s961939970.py(35):     if left != -1:node[left].sibling,node[left].parentId=right,id
s961939970.py(36):     if right != -1:node[right].sibling,node[right].parentId =left,id
s961939970.py(30): for i in a:
s961939970.py(31):     id=i[0]
s961939970.py(32):     left=i[1]
s961939970.py(33):     right=i[2]
s961939970.py(34):     node[id].children=[left,right]
s961939970.py(35):     if left != -1:node[left].sibling,node[left].parentId=right,id
s961939970.py(36):     if right != -1:node[right].sibling,node[right].parentId =left,id
s961939970.py(30): for i in a:
s961939970.py(31):     id=i[0]
s961939970.py(32):     left=i[1]
s961939970.py(33):     right=i[2]
s961939970.py(34):     node[id].children=[left,right]
s961939970.py(35):     if left != -1:node[left].sibling,node[left].parentId=right,id
s961939970.py(36):     if right != -1:node[right].sibling,node[right].parentId =left,id
s961939970.py(30): for i in a:
s961939970.py(31):     id=i[0]
s961939970.py(32):     left=i[1]
s961939970.py(33):     right=i[2]
s961939970.py(34):     node[id].children=[left,right]
s961939970.py(35):     if left != -1:node[left].sibling,node[left].parentId=right,id
s961939970.py(36):     if right != -1:node[right].sibling,node[right].parentId =left,id
s961939970.py(30): for i in a:
s961939970.py(38): for i in node:
s961939970.py(39):     while -1 in i.children:
s961939970.py(38): for i in node:
s961939970.py(39):     while -1 in i.children:
s961939970.py(38): for i in node:
s961939970.py(39):     while -1 in i.children:
s961939970.py(40):         i.children.remove(-1)
s961939970.py(39):     while -1 in i.children:
s961939970.py(40):         i.children.remove(-1)
s961939970.py(39):     while -1 in i.children:
s961939970.py(38): for i in node:
s961939970.py(39):     while -1 in i.children:
s961939970.py(40):         i.children.remove(-1)
s961939970.py(39):     while -1 in i.children:
s961939970.py(40):         i.children.remove(-1)
s961939970.py(39):     while -1 in i.children:
s961939970.py(38): for i in node:
s961939970.py(39):     while -1 in i.children:
s961939970.py(38): for i in node:
s961939970.py(39):     while -1 in i.children:
s961939970.py(38): for i in node:
s961939970.py(39):     while -1 in i.children:
s961939970.py(40):         i.children.remove(-1)
s961939970.py(39):     while -1 in i.children:
s961939970.py(40):         i.children.remove(-1)
s961939970.py(39):     while -1 in i.children:
s961939970.py(38): for i in node:
s961939970.py(39):     while -1 in i.children:
s961939970.py(40):         i.children.remove(-1)
s961939970.py(39):     while -1 in i.children:
s961939970.py(40):         i.children.remove(-1)
s961939970.py(39):     while -1 in i.children:
s961939970.py(38): for i in node:
s961939970.py(39):     while -1 in i.children:
s961939970.py(40):         i.children.remove(-1)
s961939970.py(39):     while -1 in i.children:
s961939970.py(40):         i.children.remove(-1)
s961939970.py(39):     while -1 in i.children:
s961939970.py(38): for i in node:
s961939970.py(42): for i in node:
s961939970.py(43):     i.degree=len(i.children)
s961939970.py(42): for i in node:
s961939970.py(43):     i.degree=len(i.children)
s961939970.py(42): for i in node:
s961939970.py(43):     i.degree=len(i.children)
s961939970.py(42): for i in node:
s961939970.py(43):     i.degree=len(i.children)
s961939970.py(42): for i in node:
s961939970.py(43):     i.degree=len(i.children)
s961939970.py(42): for i in node:
s961939970.py(43):     i.degree=len(i.children)
s961939970.py(42): for i in node:
s961939970.py(43):     i.degree=len(i.children)
s961939970.py(42): for i in node:
s961939970.py(43):     i.degree=len(i.children)
s961939970.py(42): for i in node:
s961939970.py(43):     i.degree=len(i.children)
s961939970.py(42): for i in node:
s961939970.py(45): for i in range(n):
s961939970.py(46):     if node[i].parentId==-1:
s961939970.py(47):         calcDepth(i,0)
 --- modulename: s961939970, funcname: calcDepth
s961939970.py(16):     node[x].depth=depth
s961939970.py(17):     for i in node[x].children:
s961939970.py(18):         calcDepth(i,depth+1)
 --- modulename: s961939970, funcname: calcDepth
s961939970.py(16):     node[x].depth=depth
s961939970.py(17):     for i in node[x].children:
s961939970.py(18):         calcDepth(i,depth+1)
 --- modulename: s961939970, funcname: calcDepth
s961939970.py(16):     node[x].depth=depth
s961939970.py(17):     for i in node[x].children:
s961939970.py(17):     for i in node[x].children:
s961939970.py(18):         calcDepth(i,depth+1)
 --- modulename: s961939970, funcname: calcDepth
s961939970.py(16):     node[x].depth=depth
s961939970.py(17):     for i in node[x].children:
s961939970.py(17):     for i in node[x].children:
s961939970.py(17):     for i in node[x].children:
s961939970.py(18):         calcDepth(i,depth+1)
 --- modulename: s961939970, funcname: calcDepth
s961939970.py(16):     node[x].depth=depth
s961939970.py(17):     for i in node[x].children:
s961939970.py(18):         calcDepth(i,depth+1)
 --- modulename: s961939970, funcname: calcDepth
s961939970.py(16):     node[x].depth=depth
s961939970.py(17):     for i in node[x].children:
s961939970.py(18):         calcDepth(i,depth+1)
 --- modulename: s961939970, funcname: calcDepth
s961939970.py(16):     node[x].depth=depth
s961939970.py(17):     for i in node[x].children:
s961939970.py(17):     for i in node[x].children:
s961939970.py(18):         calcDepth(i,depth+1)
 --- modulename: s961939970, funcname: calcDepth
s961939970.py(16):     node[x].depth=depth
s961939970.py(17):     for i in node[x].children:
s961939970.py(17):     for i in node[x].children:
s961939970.py(17):     for i in node[x].children:
s961939970.py(18):         calcDepth(i,depth+1)
 --- modulename: s961939970, funcname: calcDepth
s961939970.py(16):     node[x].depth=depth
s961939970.py(17):     for i in node[x].children:
s961939970.py(17):     for i in node[x].children:
s961939970.py(17):     for i in node[x].children:
s961939970.py(48):         break
s961939970.py(50): for i in range(n):
s961939970.py(51):     if node[i].degree==0:
s961939970.py(50): for i in range(n):
s961939970.py(51):     if node[i].degree==0:
s961939970.py(50): for i in range(n):
s961939970.py(51):     if node[i].degree==0:
s961939970.py(52):         calcHeight(i,0)
 --- modulename: s961939970, funcname: calcHeight
s961939970.py(22):     node[x].height=max([height,node[x].height])
s961939970.py(23):     if node[x].parentId != -1:
s961939970.py(24):         calcHeight(node[x].parentId,height+1)
 --- modulename: s961939970, funcname: calcHeight
s961939970.py(22):     node[x].height=max([height,node[x].height])
s961939970.py(23):     if node[x].parentId != -1:
s961939970.py(24):         calcHeight(node[x].parentId,height+1)
 --- modulename: s961939970, funcname: calcHeight
s961939970.py(22):     node[x].height=max([height,node[x].height])
s961939970.py(23):     if node[x].parentId != -1:
s961939970.py(50): for i in range(n):
s961939970.py(51):     if node[i].degree==0:
s961939970.py(52):         calcHeight(i,0)
 --- modulename: s961939970, funcname: calcHeight
s961939970.py(22):     node[x].height=max([height,node[x].height])
s961939970.py(23):     if node[x].parentId != -1:
s961939970.py(24):         calcHeight(node[x].parentId,height+1)
 --- modulename: s961939970, funcname: calcHeight
s961939970.py(22):     node[x].height=max([height,node[x].height])
s961939970.py(23):     if node[x].parentId != -1:
s961939970.py(24):         calcHeight(node[x].parentId,height+1)
 --- modulename: s961939970, funcname: calcHeight
s961939970.py(22):     node[x].height=max([height,node[x].height])
s961939970.py(23):     if node[x].parentId != -1:
s961939970.py(50): for i in range(n):
s961939970.py(51):     if node[i].degree==0:
s961939970.py(50): for i in range(n):
s961939970.py(51):     if node[i].degree==0:
s961939970.py(50): for i in range(n):
s961939970.py(51):     if node[i].degree==0:
s961939970.py(52):         calcHeight(i,0)
 --- modulename: s961939970, funcname: calcHeight
s961939970.py(22):     node[x].height=max([height,node[x].height])
s961939970.py(23):     if node[x].parentId != -1:
s961939970.py(24):         calcHeight(node[x].parentId,height+1)
 --- modulename: s961939970, funcname: calcHeight
s961939970.py(22):     node[x].height=max([height,node[x].height])
s961939970.py(23):     if node[x].parentId != -1:
s961939970.py(24):         calcHeight(node[x].parentId,height+1)
 --- modulename: s961939970, funcname: calcHeight
s961939970.py(22):     node[x].height=max([height,node[x].height])
s961939970.py(23):     if node[x].parentId != -1:
s961939970.py(24):         calcHeight(node[x].parentId,height+1)
 --- modulename: s961939970, funcname: calcHeight
s961939970.py(22):     node[x].height=max([height,node[x].height])
s961939970.py(23):     if node[x].parentId != -1:
s961939970.py(50): for i in range(n):
s961939970.py(51):     if node[i].degree==0:
s961939970.py(52):         calcHeight(i,0)
 --- modulename: s961939970, funcname: calcHeight
s961939970.py(22):     node[x].height=max([height,node[x].height])
s961939970.py(23):     if node[x].parentId != -1:
s961939970.py(24):         calcHeight(node[x].parentId,height+1)
 --- modulename: s961939970, funcname: calcHeight
s961939970.py(22):     node[x].height=max([height,node[x].height])
s961939970.py(23):     if node[x].parentId != -1:
s961939970.py(24):         calcHeight(node[x].parentId,height+1)
 --- modulename: s961939970, funcname: calcHeight
s961939970.py(22):     node[x].height=max([height,node[x].height])
s961939970.py(23):     if node[x].parentId != -1:
s961939970.py(24):         calcHeight(node[x].parentId,height+1)
 --- modulename: s961939970, funcname: calcHeight
s961939970.py(22):     node[x].height=max([height,node[x].height])
s961939970.py(23):     if node[x].parentId != -1:
s961939970.py(50): for i in range(n):
s961939970.py(51):     if node[i].degree==0:
s961939970.py(52):         calcHeight(i,0)
 --- modulename: s961939970, funcname: calcHeight
s961939970.py(22):     node[x].height=max([height,node[x].height])
s961939970.py(23):     if node[x].parentId != -1:
s961939970.py(24):         calcHeight(node[x].parentId,height+1)
 --- modulename: s961939970, funcname: calcHeight
s961939970.py(22):     node[x].height=max([height,node[x].height])
s961939970.py(23):     if node[x].parentId != -1:
s961939970.py(24):         calcHeight(node[x].parentId,height+1)
 --- modulename: s961939970, funcname: calcHeight
s961939970.py(22):     node[x].height=max([height,node[x].height])
s961939970.py(23):     if node[x].parentId != -1:
s961939970.py(50): for i in range(n):
s961939970.py(54): for i in node:
s961939970.py(55):     if i.parentId == -1:
s961939970.py(56):         i.type="root"
s961939970.py(54): for i in node:
s961939970.py(55):     if i.parentId == -1:
s961939970.py(57):     elif i.height==0:
s961939970.py(60):         i.type="internal node"
s961939970.py(54): for i in node:
s961939970.py(55):     if i.parentId == -1:
s961939970.py(57):     elif i.height==0:
s961939970.py(58):         i.type="leaf"
s961939970.py(54): for i in node:
s961939970.py(55):     if i.parentId == -1:
s961939970.py(57):     elif i.height==0:
s961939970.py(58):         i.type="leaf"
s961939970.py(54): for i in node:
s961939970.py(55):     if i.parentId == -1:
s961939970.py(57):     elif i.height==0:
s961939970.py(60):         i.type="internal node"
s961939970.py(54): for i in node:
s961939970.py(55):     if i.parentId == -1:
s961939970.py(57):     elif i.height==0:
s961939970.py(60):         i.type="internal node"
s961939970.py(54): for i in node:
s961939970.py(55):     if i.parentId == -1:
s961939970.py(57):     elif i.height==0:
s961939970.py(58):         i.type="leaf"
s961939970.py(54): for i in node:
s961939970.py(55):     if i.parentId == -1:
s961939970.py(57):     elif i.height==0:
s961939970.py(58):         i.type="leaf"
s961939970.py(54): for i in node:
s961939970.py(55):     if i.parentId == -1:
s961939970.py(57):     elif i.height==0:
s961939970.py(58):         i.type="leaf"
s961939970.py(54): for i in node:
s961939970.py(63): for i in range(n):
s961939970.py(64):     print("node "+str(i)+": parent = "+str(node[i].parentId)+", sibling = "+str(node[i].sibling)+", degree = "+str(node[i].degree)+", depth = "+str(node[i].depth)+", height = "+str(node[i].height)+", "+node[i].type)
node 0: parent = -1, sibling = -1, degree = 2, depth = 0, height = 3, root
s961939970.py(63): for i in range(n):
s961939970.py(64):     print("node "+str(i)+": parent = "+str(node[i].parentId)+", sibling = "+str(node[i].sibling)+", degree = "+str(node[i].degree)+", depth = "+str(node[i].depth)+", height = "+str(node[i].height)+", "+node[i].type)
node 1: parent = 0, sibling = 4, degree = 2, depth = 1, height = 1, internal node
s961939970.py(63): for i in range(n):
s961939970.py(64):     print("node "+str(i)+": parent = "+str(node[i].parentId)+", sibling = "+str(node[i].sibling)+", degree = "+str(node[i].degree)+", depth = "+str(node[i].depth)+", height = "+str(node[i].height)+", "+node[i].type)
node 2: parent = 1, sibling = 3, degree = 0, depth = 2, height = 0, leaf
s961939970.py(63): for i in range(n):
s961939970.py(64):     print("node "+str(i)+": parent = "+str(node[i].parentId)+", sibling = "+str(node[i].sibling)+", degree = "+str(node[i].degree)+", depth = "+str(node[i].depth)+", height = "+str(node[i].height)+", "+node[i].type)
node 3: parent = 1, sibling = 2, degree = 0, depth = 2, height = 0, leaf
s961939970.py(63): for i in range(n):
s961939970.py(64):     print("node "+str(i)+": parent = "+str(node[i].parentId)+", sibling = "+str(node[i].sibling)+", degree = "+str(node[i].degree)+", depth = "+str(node[i].depth)+", height = "+str(node[i].height)+", "+node[i].type)
node 4: parent = 0, sibling = 1, degree = 2, depth = 1, height = 2, internal node
s961939970.py(63): for i in range(n):
s961939970.py(64):     print("node "+str(i)+": parent = "+str(node[i].parentId)+", sibling = "+str(node[i].sibling)+", degree = "+str(node[i].degree)+", depth = "+str(node[i].depth)+", height = "+str(node[i].height)+", "+node[i].type)
node 5: parent = 4, sibling = 8, degree = 2, depth = 2, height = 1, internal node
s961939970.py(63): for i in range(n):
s961939970.py(64):     print("node "+str(i)+": parent = "+str(node[i].parentId)+", sibling = "+str(node[i].sibling)+", degree = "+str(node[i].degree)+", depth = "+str(node[i].depth)+", height = "+str(node[i].height)+", "+node[i].type)
node 6: parent = 5, sibling = 7, degree = 0, depth = 3, height = 0, leaf
s961939970.py(63): for i in range(n):
s961939970.py(64):     print("node "+str(i)+": parent = "+str(node[i].parentId)+", sibling = "+str(node[i].sibling)+", degree = "+str(node[i].degree)+", depth = "+str(node[i].depth)+", height = "+str(node[i].height)+", "+node[i].type)
node 7: parent = 5, sibling = 6, degree = 0, depth = 3, height = 0, leaf
s961939970.py(63): for i in range(n):
s961939970.py(64):     print("node "+str(i)+": parent = "+str(node[i].parentId)+", sibling = "+str(node[i].sibling)+", degree = "+str(node[i].degree)+", depth = "+str(node[i].depth)+", height = "+str(node[i].height)+", "+node[i].type)
node 8: parent = 4, sibling = 5, degree = 0, depth = 2, height = 0, leaf
s961939970.py(63): for i in range(n):
