 --- modulename: s188369418, funcname: <module>
s188369418.py(2): import sys
s188369418.py(5): def solve(N: int, K: int, A: "List[int]"):
s188369418.py(14): def main():
s188369418.py(25): if __name__ == '__main__':
s188369418.py(26):     main()
 --- modulename: s188369418, funcname: main
s188369418.py(15):     def iterate_tokens():
s188369418.py(19):     tokens = iterate_tokens()
s188369418.py(20):     N = int(next(tokens))  # type: int
 --- modulename: s188369418, funcname: iterate_tokens
s188369418.py(16):         for line in sys.stdin:
 --- modulename: codecs, funcname: decode
codecs.py(321):         data = self.buffer + input
codecs.py(322):         (result, consumed) = self._buffer_decode(data, self.errors, final)
codecs.py(324):         self.buffer = data[consumed:]
codecs.py(325):         return result
s188369418.py(17):             for word in line.split():
s188369418.py(18):                 yield word
s188369418.py(21):     K = int(next(tokens))  # type: int
 --- modulename: s188369418, funcname: iterate_tokens
s188369418.py(17):             for word in line.split():
s188369418.py(18):                 yield word
s188369418.py(22):     A = [int(next(tokens)) for _ in range(N)]  # type: "List[int]"
 --- modulename: s188369418, funcname: <listcomp>
s188369418.py(22):     A = [int(next(tokens)) for _ in range(N)]  # type: "List[int]"
 --- modulename: s188369418, funcname: iterate_tokens
s188369418.py(17):             for word in line.split():
s188369418.py(16):         for line in sys.stdin:
s188369418.py(17):             for word in line.split():
s188369418.py(18):                 yield word
s188369418.py(22):     A = [int(next(tokens)) for _ in range(N)]  # type: "List[int]"
 --- modulename: s188369418, funcname: iterate_tokens
s188369418.py(17):             for word in line.split():
s188369418.py(18):                 yield word
s188369418.py(22):     A = [int(next(tokens)) for _ in range(N)]  # type: "List[int]"
 --- modulename: s188369418, funcname: iterate_tokens
s188369418.py(17):             for word in line.split():
s188369418.py(18):                 yield word
s188369418.py(22):     A = [int(next(tokens)) for _ in range(N)]  # type: "List[int]"
 --- modulename: s188369418, funcname: iterate_tokens
s188369418.py(17):             for word in line.split():
s188369418.py(18):                 yield word
s188369418.py(22):     A = [int(next(tokens)) for _ in range(N)]  # type: "List[int]"
s188369418.py(23):     solve(N, K, A)
 --- modulename: s188369418, funcname: solve
s188369418.py(9):     print((N-1) // (K-1) + (1 if (N-1) % (K-1) else 0))
2
s188369418.py(10):     return
 --- modulename: s188369418, funcname: iterate_tokens
