 --- modulename: s442118547, funcname: <module>
s442118547.py(1): import sys
s442118547.py(2): readline = sys.stdin.readline
s442118547.py(3): INF = int(1e10)
s442118547.py(4): def merge(A, left, mid, right):
s442118547.py(15): def mergeSort(A, left, right):
s442118547.py(21): def partition(A, p, r):
s442118547.py(30): def quicksort(A, p, r):
s442118547.py(35): n = int(input())
 --- modulename: codecs, funcname: getstate
codecs.py(333):         return (self.buffer, 0)
 --- modulename: codecs, funcname: decode
codecs.py(321):         data = self.buffer + input
codecs.py(322):         (result, consumed) = self._buffer_decode(data, self.errors, final)
codecs.py(324):         self.buffer = data[consumed:]
codecs.py(325):         return result
s442118547.py(36): f = lambda a: (a[0], int(a[1]))
s442118547.py(37): A = [f(readline().split()) for _ in range(n)]
 --- modulename: s442118547, funcname: <listcomp>
s442118547.py(37): A = [f(readline().split()) for _ in range(n)]
 --- modulename: s442118547, funcname: <lambda>
s442118547.py(36): f = lambda a: (a[0], int(a[1]))
s442118547.py(37): A = [f(readline().split()) for _ in range(n)]
 --- modulename: s442118547, funcname: <lambda>
s442118547.py(36): f = lambda a: (a[0], int(a[1]))
s442118547.py(37): A = [f(readline().split()) for _ in range(n)]
 --- modulename: s442118547, funcname: <lambda>
s442118547.py(36): f = lambda a: (a[0], int(a[1]))
s442118547.py(37): A = [f(readline().split()) for _ in range(n)]
 --- modulename: s442118547, funcname: <lambda>
s442118547.py(36): f = lambda a: (a[0], int(a[1]))
s442118547.py(37): A = [f(readline().split()) for _ in range(n)]
 --- modulename: s442118547, funcname: <lambda>
s442118547.py(36): f = lambda a: (a[0], int(a[1]))
s442118547.py(37): A = [f(readline().split()) for _ in range(n)]
 --- modulename: s442118547, funcname: <lambda>
s442118547.py(36): f = lambda a: (a[0], int(a[1]))
s442118547.py(37): A = [f(readline().split()) for _ in range(n)]
s442118547.py(38): B = A[:]
s442118547.py(39): mergeSort(A, 0, n)
 --- modulename: s442118547, funcname: mergeSort
s442118547.py(16):     if left + 1 < right:
s442118547.py(17):         mid = (left + right) // 2
s442118547.py(18):         mergeSort(A, left, mid)
 --- modulename: s442118547, funcname: mergeSort
s442118547.py(16):     if left + 1 < right:
s442118547.py(17):         mid = (left + right) // 2
s442118547.py(18):         mergeSort(A, left, mid)
 --- modulename: s442118547, funcname: mergeSort
s442118547.py(16):     if left + 1 < right:
s442118547.py(19):         mergeSort(A, mid, right)
 --- modulename: s442118547, funcname: mergeSort
s442118547.py(16):     if left + 1 < right:
s442118547.py(17):         mid = (left + right) // 2
s442118547.py(18):         mergeSort(A, left, mid)
 --- modulename: s442118547, funcname: mergeSort
s442118547.py(16):     if left + 1 < right:
s442118547.py(19):         mergeSort(A, mid, right)
 --- modulename: s442118547, funcname: mergeSort
s442118547.py(16):     if left + 1 < right:
s442118547.py(20):         merge(A, left, mid, right)
 --- modulename: s442118547, funcname: merge
s442118547.py(5):     L = A[left: mid] + [[0, INF]]
s442118547.py(6):     R = A[mid: right] + [[0, INF]]
s442118547.py(7):     i = j = 0
s442118547.py(8):     for k in range(left, right):
s442118547.py(9):         if L[i][1] <= R[j][1]:
s442118547.py(13):             A[k] = R[j]
s442118547.py(14):             j += 1
s442118547.py(8):     for k in range(left, right):
s442118547.py(9):         if L[i][1] <= R[j][1]:
s442118547.py(10):             A[k] = L[i]
s442118547.py(11):             i += 1
s442118547.py(8):     for k in range(left, right):
s442118547.py(20):         merge(A, left, mid, right)
 --- modulename: s442118547, funcname: merge
s442118547.py(5):     L = A[left: mid] + [[0, INF]]
s442118547.py(6):     R = A[mid: right] + [[0, INF]]
s442118547.py(7):     i = j = 0
s442118547.py(8):     for k in range(left, right):
s442118547.py(9):         if L[i][1] <= R[j][1]:
s442118547.py(13):             A[k] = R[j]
s442118547.py(14):             j += 1
s442118547.py(8):     for k in range(left, right):
s442118547.py(9):         if L[i][1] <= R[j][1]:
s442118547.py(13):             A[k] = R[j]
s442118547.py(14):             j += 1
s442118547.py(8):     for k in range(left, right):
s442118547.py(9):         if L[i][1] <= R[j][1]:
s442118547.py(10):             A[k] = L[i]
s442118547.py(11):             i += 1
s442118547.py(8):     for k in range(left, right):
s442118547.py(19):         mergeSort(A, mid, right)
 --- modulename: s442118547, funcname: mergeSort
s442118547.py(16):     if left + 1 < right:
s442118547.py(17):         mid = (left + right) // 2
s442118547.py(18):         mergeSort(A, left, mid)
 --- modulename: s442118547, funcname: mergeSort
s442118547.py(16):     if left + 1 < right:
s442118547.py(19):         mergeSort(A, mid, right)
 --- modulename: s442118547, funcname: mergeSort
s442118547.py(16):     if left + 1 < right:
s442118547.py(17):         mid = (left + right) // 2
s442118547.py(18):         mergeSort(A, left, mid)
 --- modulename: s442118547, funcname: mergeSort
s442118547.py(16):     if left + 1 < right:
s442118547.py(19):         mergeSort(A, mid, right)
 --- modulename: s442118547, funcname: mergeSort
s442118547.py(16):     if left + 1 < right:
s442118547.py(20):         merge(A, left, mid, right)
 --- modulename: s442118547, funcname: merge
s442118547.py(5):     L = A[left: mid] + [[0, INF]]
s442118547.py(6):     R = A[mid: right] + [[0, INF]]
s442118547.py(7):     i = j = 0
s442118547.py(8):     for k in range(left, right):
s442118547.py(9):         if L[i][1] <= R[j][1]:
s442118547.py(13):             A[k] = R[j]
s442118547.py(14):             j += 1
s442118547.py(8):     for k in range(left, right):
s442118547.py(9):         if L[i][1] <= R[j][1]:
s442118547.py(10):             A[k] = L[i]
s442118547.py(11):             i += 1
s442118547.py(8):     for k in range(left, right):
s442118547.py(20):         merge(A, left, mid, right)
 --- modulename: s442118547, funcname: merge
s442118547.py(5):     L = A[left: mid] + [[0, INF]]
s442118547.py(6):     R = A[mid: right] + [[0, INF]]
s442118547.py(7):     i = j = 0
s442118547.py(8):     for k in range(left, right):
s442118547.py(9):         if L[i][1] <= R[j][1]:
s442118547.py(13):             A[k] = R[j]
s442118547.py(14):             j += 1
s442118547.py(8):     for k in range(left, right):
s442118547.py(9):         if L[i][1] <= R[j][1]:
s442118547.py(13):             A[k] = R[j]
s442118547.py(14):             j += 1
s442118547.py(8):     for k in range(left, right):
s442118547.py(9):         if L[i][1] <= R[j][1]:
s442118547.py(10):             A[k] = L[i]
s442118547.py(11):             i += 1
s442118547.py(8):     for k in range(left, right):
s442118547.py(20):         merge(A, left, mid, right)
 --- modulename: s442118547, funcname: merge
s442118547.py(5):     L = A[left: mid] + [[0, INF]]
s442118547.py(6):     R = A[mid: right] + [[0, INF]]
s442118547.py(7):     i = j = 0
s442118547.py(8):     for k in range(left, right):
s442118547.py(9):         if L[i][1] <= R[j][1]:
s442118547.py(10):             A[k] = L[i]
s442118547.py(11):             i += 1
s442118547.py(8):     for k in range(left, right):
s442118547.py(9):         if L[i][1] <= R[j][1]:
s442118547.py(13):             A[k] = R[j]
s442118547.py(14):             j += 1
s442118547.py(8):     for k in range(left, right):
s442118547.py(9):         if L[i][1] <= R[j][1]:
s442118547.py(10):             A[k] = L[i]
s442118547.py(11):             i += 1
s442118547.py(8):     for k in range(left, right):
s442118547.py(9):         if L[i][1] <= R[j][1]:
s442118547.py(13):             A[k] = R[j]
s442118547.py(14):             j += 1
s442118547.py(8):     for k in range(left, right):
s442118547.py(9):         if L[i][1] <= R[j][1]:
s442118547.py(10):             A[k] = L[i]
s442118547.py(11):             i += 1
s442118547.py(8):     for k in range(left, right):
s442118547.py(9):         if L[i][1] <= R[j][1]:
s442118547.py(13):             A[k] = R[j]
s442118547.py(14):             j += 1
s442118547.py(8):     for k in range(left, right):
s442118547.py(40): quicksort(B, 0, n - 1)
 --- modulename: s442118547, funcname: quicksort
s442118547.py(31):     if p < r:
s442118547.py(32):         q = partition(A, p, r)
 --- modulename: s442118547, funcname: partition
s442118547.py(22):     x = A[r][1]
s442118547.py(23):     i = p - 1
s442118547.py(24):     for j in range(p, r):
s442118547.py(25):         if A[j][1] <= x:
s442118547.py(24):     for j in range(p, r):
s442118547.py(25):         if A[j][1] <= x:
s442118547.py(24):     for j in range(p, r):
s442118547.py(25):         if A[j][1] <= x:
s442118547.py(26):             i += 1
s442118547.py(27):             A[i], A[j] = A[j], A[i]
s442118547.py(24):     for j in range(p, r):
s442118547.py(25):         if A[j][1] <= x:
s442118547.py(24):     for j in range(p, r):
s442118547.py(25):         if A[j][1] <= x:
s442118547.py(24):     for j in range(p, r):
s442118547.py(28):     A[i + 1], A[r] = A[r], A[i + 1]
s442118547.py(29):     return i + 1
s442118547.py(33):         quicksort(A, p, q - 1)
 --- modulename: s442118547, funcname: quicksort
s442118547.py(31):     if p < r:
s442118547.py(34):         quicksort(A, q + 1, r)
 --- modulename: s442118547, funcname: quicksort
s442118547.py(31):     if p < r:
s442118547.py(32):         q = partition(A, p, r)
 --- modulename: s442118547, funcname: partition
s442118547.py(22):     x = A[r][1]
s442118547.py(23):     i = p - 1
s442118547.py(24):     for j in range(p, r):
s442118547.py(25):         if A[j][1] <= x:
s442118547.py(24):     for j in range(p, r):
s442118547.py(25):         if A[j][1] <= x:
s442118547.py(24):     for j in range(p, r):
s442118547.py(25):         if A[j][1] <= x:
s442118547.py(26):             i += 1
s442118547.py(27):             A[i], A[j] = A[j], A[i]
s442118547.py(24):     for j in range(p, r):
s442118547.py(28):     A[i + 1], A[r] = A[r], A[i + 1]
s442118547.py(29):     return i + 1
s442118547.py(33):         quicksort(A, p, q - 1)
 --- modulename: s442118547, funcname: quicksort
s442118547.py(31):     if p < r:
s442118547.py(34):         quicksort(A, q + 1, r)
 --- modulename: s442118547, funcname: quicksort
s442118547.py(31):     if p < r:
s442118547.py(32):         q = partition(A, p, r)
 --- modulename: s442118547, funcname: partition
s442118547.py(22):     x = A[r][1]
s442118547.py(23):     i = p - 1
s442118547.py(24):     for j in range(p, r):
s442118547.py(25):         if A[j][1] <= x:
s442118547.py(26):             i += 1
s442118547.py(27):             A[i], A[j] = A[j], A[i]
s442118547.py(24):     for j in range(p, r):
s442118547.py(28):     A[i + 1], A[r] = A[r], A[i + 1]
s442118547.py(29):     return i + 1
s442118547.py(33):         quicksort(A, p, q - 1)
 --- modulename: s442118547, funcname: quicksort
s442118547.py(31):     if p < r:
s442118547.py(34):         quicksort(A, q + 1, r)
 --- modulename: s442118547, funcname: quicksort
s442118547.py(31):     if p < r:
s442118547.py(41): print("Stable" if A == B else "Not stable")
Not stable
s442118547.py(42): print(*(f"{a} {b}" for a, b in B), sep="\n")
 --- modulename: s442118547, funcname: <genexpr>
s442118547.py(42): print(*(f"{a} {b}" for a, b in B), sep="\n")
 --- modulename: s442118547, funcname: <genexpr>
s442118547.py(42): print(*(f"{a} {b}" for a, b in B), sep="\n")
 --- modulename: s442118547, funcname: <genexpr>
s442118547.py(42): print(*(f"{a} {b}" for a, b in B), sep="\n")
 --- modulename: s442118547, funcname: <genexpr>
s442118547.py(42): print(*(f"{a} {b}" for a, b in B), sep="\n")
 --- modulename: s442118547, funcname: <genexpr>
s442118547.py(42): print(*(f"{a} {b}" for a, b in B), sep="\n")
 --- modulename: s442118547, funcname: <genexpr>
s442118547.py(42): print(*(f"{a} {b}" for a, b in B), sep="\n")
 --- modulename: s442118547, funcname: <genexpr>
s442118547.py(42): print(*(f"{a} {b}" for a, b in B), sep="\n")
D 1
C 1
D 2
H 2
D 3
S 3
