 --- modulename: s442348439, funcname: <module>
s442348439.py(1): class UnionFind():
 --- modulename: s442348439, funcname: UnionFind
s442348439.py(1): class UnionFind():
s442348439.py(2):     def __init__(self, n):
s442348439.py(6):     def find(self, x):
s442348439.py(13):     def unite(self, x, y):
s442348439.py(26):     def size(self, x):
s442348439.py(29):     def isSame(self, x, y):
s442348439.py(32): def solve():
s442348439.py(52): if __name__ == '__main__':
s442348439.py(53):     solve()
 --- modulename: s442348439, funcname: solve
s442348439.py(33):     N, M = map(int, input().split())
 --- modulename: codecs, funcname: getstate
codecs.py(333):         return (self.buffer, 0)
 --- modulename: codecs, funcname: decode
codecs.py(321):         data = self.buffer + input
codecs.py(322):         (result, consumed) = self._buffer_decode(data, self.errors, final)
codecs.py(324):         self.buffer = data[consumed:]
codecs.py(325):         return result
s442348439.py(34):     p = list(map(int, input().split()))
s442348439.py(35):     uf = UnionFind(N+1)
 --- modulename: s442348439, funcname: __init__
s442348439.py(3):         self.n = n
s442348439.py(4):         self.parents = [-1] * n
s442348439.py(37):     for _ in range(M):
s442348439.py(38):         x, y = map(lambda elem: int(elem)-1, input().split())
 --- modulename: s442348439, funcname: <lambda>
s442348439.py(38):         x, y = map(lambda elem: int(elem)-1, input().split())
 --- modulename: s442348439, funcname: <lambda>
s442348439.py(38):         x, y = map(lambda elem: int(elem)-1, input().split())
s442348439.py(39):         uf.unite(p[x], p[y])
 --- modulename: s442348439, funcname: unite
s442348439.py(14):         x = self.find(x)
 --- modulename: s442348439, funcname: find
s442348439.py(7):         if self.parents[x] < 0:
s442348439.py(8):             return x
s442348439.py(15):         y = self.find(y)
 --- modulename: s442348439, funcname: find
s442348439.py(7):         if self.parents[x] < 0:
s442348439.py(8):             return x
s442348439.py(17):         if x == y:
s442348439.py(20):         if self.parents[x] > self.parents[y]:
s442348439.py(23):         self.parents[x] += self.parents[y]
s442348439.py(24):         self.parents[y] = x
s442348439.py(37):     for _ in range(M):
s442348439.py(38):         x, y = map(lambda elem: int(elem)-1, input().split())
 --- modulename: s442348439, funcname: <lambda>
s442348439.py(38):         x, y = map(lambda elem: int(elem)-1, input().split())
 --- modulename: s442348439, funcname: <lambda>
s442348439.py(38):         x, y = map(lambda elem: int(elem)-1, input().split())
s442348439.py(39):         uf.unite(p[x], p[y])
 --- modulename: s442348439, funcname: unite
s442348439.py(14):         x = self.find(x)
 --- modulename: s442348439, funcname: find
s442348439.py(7):         if self.parents[x] < 0:
s442348439.py(8):             return x
s442348439.py(15):         y = self.find(y)
 --- modulename: s442348439, funcname: find
s442348439.py(7):         if self.parents[x] < 0:
s442348439.py(8):             return x
s442348439.py(17):         if x == y:
s442348439.py(20):         if self.parents[x] > self.parents[y]:
s442348439.py(23):         self.parents[x] += self.parents[y]
s442348439.py(24):         self.parents[y] = x
s442348439.py(37):     for _ in range(M):
s442348439.py(41):     cnt = 0
s442348439.py(42):     for i in range(1, N+1):
s442348439.py(43):         if i == p[i-1]:
s442348439.py(47):         if uf.isSame(i, p[i-1]):
 --- modulename: s442348439, funcname: isSame
s442348439.py(30):         return self.find(x) == self.find(y)
 --- modulename: s442348439, funcname: find
s442348439.py(7):         if self.parents[x] < 0:
s442348439.py(10):             self.parents[x] = self.find(self.parents[x])
 --- modulename: s442348439, funcname: find
s442348439.py(7):         if self.parents[x] < 0:
s442348439.py(8):             return x
s442348439.py(11):             return self.parents[x]
 --- modulename: s442348439, funcname: find
s442348439.py(7):         if self.parents[x] < 0:
s442348439.py(8):             return x
s442348439.py(48):             cnt += 1
s442348439.py(42):     for i in range(1, N+1):
s442348439.py(43):         if i == p[i-1]:
s442348439.py(47):         if uf.isSame(i, p[i-1]):
 --- modulename: s442348439, funcname: isSame
s442348439.py(30):         return self.find(x) == self.find(y)
 --- modulename: s442348439, funcname: find
s442348439.py(7):         if self.parents[x] < 0:
s442348439.py(8):             return x
 --- modulename: s442348439, funcname: find
s442348439.py(7):         if self.parents[x] < 0:
s442348439.py(8):             return x
s442348439.py(42):     for i in range(1, N+1):
s442348439.py(43):         if i == p[i-1]:
s442348439.py(47):         if uf.isSame(i, p[i-1]):
 --- modulename: s442348439, funcname: isSame
s442348439.py(30):         return self.find(x) == self.find(y)
 --- modulename: s442348439, funcname: find
s442348439.py(7):         if self.parents[x] < 0:
s442348439.py(8):             return x
 --- modulename: s442348439, funcname: find
s442348439.py(7):         if self.parents[x] < 0:
s442348439.py(10):             self.parents[x] = self.find(self.parents[x])
 --- modulename: s442348439, funcname: find
s442348439.py(7):         if self.parents[x] < 0:
s442348439.py(8):             return x
s442348439.py(11):             return self.parents[x]
s442348439.py(42):     for i in range(1, N+1):
s442348439.py(43):         if i == p[i-1]:
s442348439.py(44):             cnt += 1
s442348439.py(45):             continue
s442348439.py(42):     for i in range(1, N+1):
s442348439.py(43):         if i == p[i-1]:
s442348439.py(47):         if uf.isSame(i, p[i-1]):
 --- modulename: s442348439, funcname: isSame
s442348439.py(30):         return self.find(x) == self.find(y)
 --- modulename: s442348439, funcname: find
s442348439.py(7):         if self.parents[x] < 0:
s442348439.py(8):             return x
 --- modulename: s442348439, funcname: find
s442348439.py(7):         if self.parents[x] < 0:
s442348439.py(8):             return x
s442348439.py(42):     for i in range(1, N+1):
s442348439.py(50):     print(cnt)
2
