 --- modulename: s443337336, funcname: <module>
s443337336.py(1): import sys
s443337336.py(2): input = sys.stdin.readline
s443337336.py(4): MOD = 10 ** 9 + 7
s443337336.py(9): def gcd(a, b):
s443337336.py(18): def lcm(a, b):
s443337336.py(22): def main():
s443337336.py(35): if __name__ == '__main__':
s443337336.py(36):     main()
 --- modulename: s443337336, funcname: main
s443337336.py(23):     n = int(input())
 --- modulename: codecs, funcname: getstate
codecs.py(333):         return (self.buffer, 0)
 --- modulename: codecs, funcname: decode
codecs.py(321):         data = self.buffer + input
codecs.py(322):         (result, consumed) = self._buffer_decode(data, self.errors, final)
codecs.py(324):         self.buffer = data[consumed:]
codecs.py(325):         return result
s443337336.py(24):     A = list(map(int, input().split()))
s443337336.py(25):     l = 1
s443337336.py(26):     for a in A:
s443337336.py(27):         l = lcm(l, a)
 --- modulename: s443337336, funcname: lcm
s443337336.py(19):     return a * b // gcd(a, b)
 --- modulename: s443337336, funcname: gcd
s443337336.py(10):     if a < b:
s443337336.py(11):         a, b = b, a
s443337336.py(12):     while a % b != 0:
s443337336.py(14):     return b
s443337336.py(26):     for a in A:
s443337336.py(27):         l = lcm(l, a)
 --- modulename: s443337336, funcname: lcm
s443337336.py(19):     return a * b // gcd(a, b)
 --- modulename: s443337336, funcname: gcd
s443337336.py(10):     if a < b:
s443337336.py(11):         a, b = b, a
s443337336.py(12):     while a % b != 0:
s443337336.py(13):         a, b = b, a % b
s443337336.py(12):     while a % b != 0:
s443337336.py(14):     return b
s443337336.py(26):     for a in A:
s443337336.py(27):         l = lcm(l, a)
 --- modulename: s443337336, funcname: lcm
s443337336.py(19):     return a * b // gcd(a, b)
 --- modulename: s443337336, funcname: gcd
s443337336.py(10):     if a < b:
s443337336.py(12):     while a % b != 0:
s443337336.py(13):         a, b = b, a % b
s443337336.py(12):     while a % b != 0:
s443337336.py(14):     return b
s443337336.py(26):     for a in A:
s443337336.py(28):     c = 0
s443337336.py(29):     for a in A:
s443337336.py(30):         c += pow(a, MOD - 2, MOD)
s443337336.py(29):     for a in A:
s443337336.py(30):         c += pow(a, MOD - 2, MOD)
s443337336.py(29):     for a in A:
s443337336.py(30):         c += pow(a, MOD - 2, MOD)
s443337336.py(29):     for a in A:
s443337336.py(31):     ans = l * c % MOD
s443337336.py(32):     print(ans)
13
