 --- modulename: s443835662, funcname: <module>
s443835662.py(1): class Binary_search():
 --- modulename: s443835662, funcname: Binary_search
s443835662.py(1): class Binary_search():
s443835662.py(2):     def __init__(self,S):
s443835662.py(5):     def binary_search(self,left,right,key):
s443835662.py(15): def main():
s443835662.py(25): if __name__ == '__main__':
s443835662.py(26):     main()
 --- modulename: s443835662, funcname: main
s443835662.py(16):     N = int(input())
 --- modulename: codecs, funcname: getstate
codecs.py(333):         return (self.buffer, 0)
 --- modulename: codecs, funcname: decode
codecs.py(321):         data = self.buffer + input
codecs.py(322):         (result, consumed) = self._buffer_decode(data, self.errors, final)
codecs.py(324):         self.buffer = data[consumed:]
codecs.py(325):         return result
s443835662.py(17):     S = [int(c) for c in input().split()]
 --- modulename: s443835662, funcname: <listcomp>
s443835662.py(17):     S = [int(c) for c in input().split()]
s443835662.py(17):     S = [int(c) for c in input().split()]
s443835662.py(17):     S = [int(c) for c in input().split()]
s443835662.py(17):     S = [int(c) for c in input().split()]
s443835662.py(17):     S = [int(c) for c in input().split()]
s443835662.py(17):     S = [int(c) for c in input().split()]
s443835662.py(18):     M = int(input())
s443835662.py(19):     T = [int(c) for c in input().split()]
 --- modulename: s443835662, funcname: <listcomp>
s443835662.py(19):     T = [int(c) for c in input().split()]
s443835662.py(19):     T = [int(c) for c in input().split()]
s443835662.py(19):     T = [int(c) for c in input().split()]
s443835662.py(19):     T = [int(c) for c in input().split()]
s443835662.py(20):     binary_search = Binary_search(S)
 --- modulename: s443835662, funcname: __init__
s443835662.py(3):         self.num = 0
s443835662.py(4):         self.S = S
s443835662.py(21):     for i in range(M):
s443835662.py(22):         binary_search.binary_search(0,N,T[i])
 --- modulename: s443835662, funcname: binary_search
s443835662.py(6):         if left < right:
s443835662.py(7):             mid =int((left + right) / 2)
s443835662.py(8):             if self.S[mid] == key:
s443835662.py(9):                 self.num += 1
s443835662.py(21):     for i in range(M):
s443835662.py(22):         binary_search.binary_search(0,N,T[i])
 --- modulename: s443835662, funcname: binary_search
s443835662.py(6):         if left < right:
s443835662.py(7):             mid =int((left + right) / 2)
s443835662.py(8):             if self.S[mid] == key:
s443835662.py(10):             elif self.S[mid] < key:
s443835662.py(11):                 self.binary_search(mid+1,right,key)
 --- modulename: s443835662, funcname: binary_search
s443835662.py(6):         if left < right:
s443835662.py(7):             mid =int((left + right) / 2)
s443835662.py(8):             if self.S[mid] == key:
s443835662.py(10):             elif self.S[mid] < key:
s443835662.py(13):                 self.binary_search(left,mid,key)
 --- modulename: s443835662, funcname: binary_search
s443835662.py(6):         if left < right:
s443835662.py(7):             mid =int((left + right) / 2)
s443835662.py(8):             if self.S[mid] == key:
s443835662.py(9):                 self.num += 1
s443835662.py(21):     for i in range(M):
s443835662.py(22):         binary_search.binary_search(0,N,T[i])
 --- modulename: s443835662, funcname: binary_search
s443835662.py(6):         if left < right:
s443835662.py(7):             mid =int((left + right) / 2)
s443835662.py(8):             if self.S[mid] == key:
s443835662.py(10):             elif self.S[mid] < key:
s443835662.py(13):                 self.binary_search(left,mid,key)
 --- modulename: s443835662, funcname: binary_search
s443835662.py(6):         if left < right:
s443835662.py(7):             mid =int((left + right) / 2)
s443835662.py(8):             if self.S[mid] == key:
s443835662.py(10):             elif self.S[mid] < key:
s443835662.py(13):                 self.binary_search(left,mid,key)
 --- modulename: s443835662, funcname: binary_search
s443835662.py(6):         if left < right:
s443835662.py(7):             mid =int((left + right) / 2)
s443835662.py(8):             if self.S[mid] == key:
s443835662.py(9):                 self.num += 1
s443835662.py(21):     for i in range(M):
s443835662.py(23):     print(binary_search.num)
3
