 --- modulename: s444395663, funcname: <module>
s444395663.py(1): from collections import defaultdict
 --- modulename: _bootstrap, funcname: _handle_fromlist
<frozen importlib._bootstrap>(1043): <frozen importlib._bootstrap>(1044): <frozen importlib._bootstrap>(1051): <frozen importlib._bootstrap>(1055): <frozen importlib._bootstrap>(1043): <frozen importlib._bootstrap>(1067): s444395663.py(2): from heapq import heappop, heappush
s444395663.py(4): n, m = map(int, input().split())
 --- modulename: codecs, funcname: getstate
codecs.py(333):         return (self.buffer, 0)
 --- modulename: codecs, funcname: decode
codecs.py(321):         data = self.buffer + input
codecs.py(322):         (result, consumed) = self._buffer_decode(data, self.errors, final)
codecs.py(324):         self.buffer = data[consumed:]
codecs.py(325):         return result
s444395663.py(5): d = []
s444395663.py(6): for i in range(m):#h:高さ
s444395663.py(7):     d.append([int(m) for m in input().split()])
 --- modulename: s444395663, funcname: <listcomp>
s444395663.py(7):     d.append([int(m) for m in input().split()])
s444395663.py(7):     d.append([int(m) for m in input().split()])
s444395663.py(7):     d.append([int(m) for m in input().split()])
s444395663.py(7):     d.append([int(m) for m in input().split()])
s444395663.py(6): for i in range(m):#h:高さ
s444395663.py(7):     d.append([int(m) for m in input().split()])
 --- modulename: s444395663, funcname: <listcomp>
s444395663.py(7):     d.append([int(m) for m in input().split()])
s444395663.py(7):     d.append([int(m) for m in input().split()])
s444395663.py(7):     d.append([int(m) for m in input().split()])
s444395663.py(7):     d.append([int(m) for m in input().split()])
s444395663.py(6): for i in range(m):#h:高さ
s444395663.py(7):     d.append([int(m) for m in input().split()])
 --- modulename: s444395663, funcname: <listcomp>
s444395663.py(7):     d.append([int(m) for m in input().split()])
s444395663.py(7):     d.append([int(m) for m in input().split()])
s444395663.py(7):     d.append([int(m) for m in input().split()])
s444395663.py(7):     d.append([int(m) for m in input().split()])
s444395663.py(6): for i in range(m):#h:高さ
s444395663.py(9): dist = d
s444395663.py(12): class Graph(object):
 --- modulename: s444395663, funcname: Graph
s444395663.py(12): class Graph(object):
s444395663.py(13):     """
s444395663.py(17):     def __init__(self):
s444395663.py(20):     def __len__(self):
s444395663.py(23):     def add_edge(self, src, dst, weight=1):
s444395663.py(26):     def get_nodes(self):
s444395663.py(30): class Dijkstra(object):
 --- modulename: s444395663, funcname: Dijkstra
s444395663.py(30): class Dijkstra(object):
s444395663.py(31):     """
s444395663.py(36):     def __init__(self, graph, start):
s444395663.py(63):     def shortest_distance(self, goal):
s444395663.py(69):     def shortest_path(self, goal):
s444395663.py(80): inputs = dist
s444395663.py(82): g = Graph()
 --- modulename: s444395663, funcname: __init__
s444395663.py(18):         self.graph = defaultdict(list)
s444395663.py(83): for src, dst, weight in inputs:
s444395663.py(84):     g.add_edge(src, dst, weight)
 --- modulename: s444395663, funcname: add_edge
s444395663.py(24):         self.graph[src].append((dst, weight))
s444395663.py(85):     g.add_edge(dst, src, weight)
 --- modulename: s444395663, funcname: add_edge
s444395663.py(24):         self.graph[src].append((dst, weight))
s444395663.py(83): for src, dst, weight in inputs:
s444395663.py(84):     g.add_edge(src, dst, weight)
 --- modulename: s444395663, funcname: add_edge
s444395663.py(24):         self.graph[src].append((dst, weight))
s444395663.py(85):     g.add_edge(dst, src, weight)
 --- modulename: s444395663, funcname: add_edge
s444395663.py(24):         self.graph[src].append((dst, weight))
s444395663.py(83): for src, dst, weight in inputs:
s444395663.py(84):     g.add_edge(src, dst, weight)
 --- modulename: s444395663, funcname: add_edge
s444395663.py(24):         self.graph[src].append((dst, weight))
s444395663.py(85):     g.add_edge(dst, src, weight)
 --- modulename: s444395663, funcname: add_edge
s444395663.py(24):         self.graph[src].append((dst, weight))
s444395663.py(83): for src, dst, weight in inputs:
s444395663.py(86): ans = 0
s444395663.py(87): for i in range(m):
s444395663.py(88):     d = Dijkstra(g, dist[i][1])
 --- modulename: s444395663, funcname: __init__
s444395663.py(37):         self.g = graph.graph
s444395663.py(41):         self.dist = defaultdict(lambda: float('inf'))
s444395663.py(42):         self.dist[start] = 0
s444395663.py(45):         self.prev = defaultdict(lambda: None)
s444395663.py(48):         self.Q = []
s444395663.py(49):         heappush(self.Q, (self.dist[start], start))
s444395663.py(51):         while self.Q:
s444395663.py(53):             dist_u, u = heappop(self.Q)
s444395663.py(54):             if self.dist[u] < dist_u:
s444395663.py(56):             for v, weight in self.g[u]:
s444395663.py(57):                 alt = dist_u + weight
s444395663.py(58):                 if self.dist[v] > alt:
 --- modulename: s444395663, funcname: <lambda>
s444395663.py(41):         self.dist = defaultdict(lambda: float('inf'))
s444395663.py(59):                     self.dist[v] = alt
s444395663.py(60):                     self.prev[v] = u
s444395663.py(61):                     heappush(self.Q, (alt, v))
s444395663.py(56):             for v, weight in self.g[u]:
s444395663.py(57):                 alt = dist_u + weight
s444395663.py(58):                 if self.dist[v] > alt:
 --- modulename: s444395663, funcname: <lambda>
s444395663.py(41):         self.dist = defaultdict(lambda: float('inf'))
s444395663.py(59):                     self.dist[v] = alt
s444395663.py(60):                     self.prev[v] = u
s444395663.py(61):                     heappush(self.Q, (alt, v))
s444395663.py(56):             for v, weight in self.g[u]:
s444395663.py(51):         while self.Q:
s444395663.py(53):             dist_u, u = heappop(self.Q)
s444395663.py(54):             if self.dist[u] < dist_u:
s444395663.py(56):             for v, weight in self.g[u]:
s444395663.py(57):                 alt = dist_u + weight
s444395663.py(58):                 if self.dist[v] > alt:
s444395663.py(56):             for v, weight in self.g[u]:
s444395663.py(57):                 alt = dist_u + weight
s444395663.py(58):                 if self.dist[v] > alt:
s444395663.py(59):                     self.dist[v] = alt
s444395663.py(60):                     self.prev[v] = u
s444395663.py(61):                     heappush(self.Q, (alt, v))
s444395663.py(56):             for v, weight in self.g[u]:
s444395663.py(51):         while self.Q:
s444395663.py(53):             dist_u, u = heappop(self.Q)
s444395663.py(54):             if self.dist[u] < dist_u:
s444395663.py(56):             for v, weight in self.g[u]:
s444395663.py(57):                 alt = dist_u + weight
s444395663.py(58):                 if self.dist[v] > alt:
s444395663.py(56):             for v, weight in self.g[u]:
s444395663.py(57):                 alt = dist_u + weight
s444395663.py(58):                 if self.dist[v] > alt:
s444395663.py(56):             for v, weight in self.g[u]:
s444395663.py(51):         while self.Q:
s444395663.py(53):             dist_u, u = heappop(self.Q)
s444395663.py(54):             if self.dist[u] < dist_u:
s444395663.py(55):                 continue
s444395663.py(51):         while self.Q:
s444395663.py(89):     sp = format(d.shortest_distance(dist[i][0]))
 --- modulename: s444395663, funcname: shortest_distance
s444395663.py(67):         return self.dist[goal]
s444395663.py(90):     if int(sp) != dist[i][2]:
s444395663.py(87): for i in range(m):
s444395663.py(88):     d = Dijkstra(g, dist[i][1])
 --- modulename: s444395663, funcname: __init__
s444395663.py(37):         self.g = graph.graph
s444395663.py(41):         self.dist = defaultdict(lambda: float('inf'))
s444395663.py(42):         self.dist[start] = 0
s444395663.py(45):         self.prev = defaultdict(lambda: None)
s444395663.py(48):         self.Q = []
s444395663.py(49):         heappush(self.Q, (self.dist[start], start))
s444395663.py(51):         while self.Q:
s444395663.py(53):             dist_u, u = heappop(self.Q)
s444395663.py(54):             if self.dist[u] < dist_u:
s444395663.py(56):             for v, weight in self.g[u]:
s444395663.py(57):                 alt = dist_u + weight
s444395663.py(58):                 if self.dist[v] > alt:
 --- modulename: s444395663, funcname: <lambda>
s444395663.py(41):         self.dist = defaultdict(lambda: float('inf'))
s444395663.py(59):                     self.dist[v] = alt
s444395663.py(60):                     self.prev[v] = u
s444395663.py(61):                     heappush(self.Q, (alt, v))
s444395663.py(56):             for v, weight in self.g[u]:
s444395663.py(57):                 alt = dist_u + weight
s444395663.py(58):                 if self.dist[v] > alt:
 --- modulename: s444395663, funcname: <lambda>
s444395663.py(41):         self.dist = defaultdict(lambda: float('inf'))
s444395663.py(59):                     self.dist[v] = alt
s444395663.py(60):                     self.prev[v] = u
s444395663.py(61):                     heappush(self.Q, (alt, v))
s444395663.py(56):             for v, weight in self.g[u]:
s444395663.py(51):         while self.Q:
s444395663.py(53):             dist_u, u = heappop(self.Q)
s444395663.py(54):             if self.dist[u] < dist_u:
s444395663.py(56):             for v, weight in self.g[u]:
s444395663.py(57):                 alt = dist_u + weight
s444395663.py(58):                 if self.dist[v] > alt:
s444395663.py(59):                     self.dist[v] = alt
s444395663.py(60):                     self.prev[v] = u
s444395663.py(61):                     heappush(self.Q, (alt, v))
s444395663.py(56):             for v, weight in self.g[u]:
s444395663.py(57):                 alt = dist_u + weight
s444395663.py(58):                 if self.dist[v] > alt:
s444395663.py(56):             for v, weight in self.g[u]:
s444395663.py(51):         while self.Q:
s444395663.py(53):             dist_u, u = heappop(self.Q)
s444395663.py(54):             if self.dist[u] < dist_u:
s444395663.py(56):             for v, weight in self.g[u]:
s444395663.py(57):                 alt = dist_u + weight
s444395663.py(58):                 if self.dist[v] > alt:
s444395663.py(56):             for v, weight in self.g[u]:
s444395663.py(57):                 alt = dist_u + weight
s444395663.py(58):                 if self.dist[v] > alt:
s444395663.py(56):             for v, weight in self.g[u]:
s444395663.py(51):         while self.Q:
s444395663.py(53):             dist_u, u = heappop(self.Q)
s444395663.py(54):             if self.dist[u] < dist_u:
s444395663.py(55):                 continue
s444395663.py(51):         while self.Q:
s444395663.py(89):     sp = format(d.shortest_distance(dist[i][0]))
 --- modulename: s444395663, funcname: shortest_distance
s444395663.py(67):         return self.dist[goal]
s444395663.py(90):     if int(sp) != dist[i][2]:
s444395663.py(87): for i in range(m):
s444395663.py(88):     d = Dijkstra(g, dist[i][1])
 --- modulename: s444395663, funcname: __init__
s444395663.py(37):         self.g = graph.graph
s444395663.py(41):         self.dist = defaultdict(lambda: float('inf'))
s444395663.py(42):         self.dist[start] = 0
s444395663.py(45):         self.prev = defaultdict(lambda: None)
s444395663.py(48):         self.Q = []
s444395663.py(49):         heappush(self.Q, (self.dist[start], start))
s444395663.py(51):         while self.Q:
s444395663.py(53):             dist_u, u = heappop(self.Q)
s444395663.py(54):             if self.dist[u] < dist_u:
s444395663.py(56):             for v, weight in self.g[u]:
s444395663.py(57):                 alt = dist_u + weight
s444395663.py(58):                 if self.dist[v] > alt:
 --- modulename: s444395663, funcname: <lambda>
s444395663.py(41):         self.dist = defaultdict(lambda: float('inf'))
s444395663.py(59):                     self.dist[v] = alt
s444395663.py(60):                     self.prev[v] = u
s444395663.py(61):                     heappush(self.Q, (alt, v))
s444395663.py(56):             for v, weight in self.g[u]:
s444395663.py(57):                 alt = dist_u + weight
s444395663.py(58):                 if self.dist[v] > alt:
 --- modulename: s444395663, funcname: <lambda>
s444395663.py(41):         self.dist = defaultdict(lambda: float('inf'))
s444395663.py(59):                     self.dist[v] = alt
s444395663.py(60):                     self.prev[v] = u
s444395663.py(61):                     heappush(self.Q, (alt, v))
s444395663.py(56):             for v, weight in self.g[u]:
s444395663.py(51):         while self.Q:
s444395663.py(53):             dist_u, u = heappop(self.Q)
s444395663.py(54):             if self.dist[u] < dist_u:
s444395663.py(56):             for v, weight in self.g[u]:
s444395663.py(57):                 alt = dist_u + weight
s444395663.py(58):                 if self.dist[v] > alt:
s444395663.py(59):                     self.dist[v] = alt
s444395663.py(60):                     self.prev[v] = u
s444395663.py(61):                     heappush(self.Q, (alt, v))
s444395663.py(56):             for v, weight in self.g[u]:
s444395663.py(57):                 alt = dist_u + weight
s444395663.py(58):                 if self.dist[v] > alt:
s444395663.py(56):             for v, weight in self.g[u]:
s444395663.py(51):         while self.Q:
s444395663.py(53):             dist_u, u = heappop(self.Q)
s444395663.py(54):             if self.dist[u] < dist_u:
s444395663.py(56):             for v, weight in self.g[u]:
s444395663.py(57):                 alt = dist_u + weight
s444395663.py(58):                 if self.dist[v] > alt:
s444395663.py(56):             for v, weight in self.g[u]:
s444395663.py(57):                 alt = dist_u + weight
s444395663.py(58):                 if self.dist[v] > alt:
s444395663.py(56):             for v, weight in self.g[u]:
s444395663.py(51):         while self.Q:
s444395663.py(53):             dist_u, u = heappop(self.Q)
s444395663.py(54):             if self.dist[u] < dist_u:
s444395663.py(55):                 continue
s444395663.py(51):         while self.Q:
s444395663.py(89):     sp = format(d.shortest_distance(dist[i][0]))
 --- modulename: s444395663, funcname: shortest_distance
s444395663.py(67):         return self.dist[goal]
s444395663.py(90):     if int(sp) != dist[i][2]:
s444395663.py(91):         ans += 1
s444395663.py(87): for i in range(m):
s444395663.py(92): print(ans)
1
