 --- modulename: s447210130, funcname: <module>
s447210130.py(1): import sys
s447210130.py(2): input = sys.stdin.readline
s447210130.py(3): from itertools import combinations
s447210130.py(4): from operator import contains
s447210130.py(6): def readlines(n):
s447210130.py(11): def main():
s447210130.py(34): print(max(main()))
 --- modulename: s447210130, funcname: main
s447210130.py(12):     n = int(input())
 --- modulename: codecs, funcname: getstate
codecs.py(333):         return (self.buffer, 0)
 --- modulename: codecs, funcname: decode
codecs.py(321):         data = self.buffer + input
codecs.py(322):         (result, consumed) = self._buffer_decode(data, self.errors, final)
codecs.py(324):         self.buffer = data[consumed:]
codecs.py(325):         return result
s447210130.py(13):     asserts = []
s447210130.py(15):     for _ in range(n):
s447210130.py(16):         a = int(input())
s447210130.py(17):         asserts.append(list(readlines(a)))
 --- modulename: s447210130, funcname: readlines
s447210130.py(7):     for _ in range(n):
s447210130.py(8):         x, y = input().split()
s447210130.py(9):         yield int(x)-1, y=="1"
 --- modulename: s447210130, funcname: readlines
s447210130.py(7):     for _ in range(n):
s447210130.py(15):     for _ in range(n):
s447210130.py(16):         a = int(input())
s447210130.py(17):         asserts.append(list(readlines(a)))
 --- modulename: s447210130, funcname: readlines
s447210130.py(7):     for _ in range(n):
s447210130.py(8):         x, y = input().split()
s447210130.py(9):         yield int(x)-1, y=="1"
 --- modulename: s447210130, funcname: readlines
s447210130.py(7):     for _ in range(n):
s447210130.py(15):     for _ in range(n):
s447210130.py(16):         a = int(input())
s447210130.py(17):         asserts.append(list(readlines(a)))
 --- modulename: s447210130, funcname: readlines
s447210130.py(7):     for _ in range(n):
s447210130.py(8):         x, y = input().split()
s447210130.py(9):         yield int(x)-1, y=="1"
 --- modulename: s447210130, funcname: readlines
s447210130.py(7):     for _ in range(n):
s447210130.py(15):     for _ in range(n):
s447210130.py(19):     def check(comb):
s447210130.py(28):     for i in range(1, n+1):
s447210130.py(29):         for comb in combinations(range(n), i):
s447210130.py(30):             yield check(set(comb))
 --- modulename: s447210130, funcname: check
s447210130.py(20):         for i in comb:
s447210130.py(21):             for x, y in asserts[i]:
s447210130.py(22):                 mujun = contains if not y else lambda a, b: b not in a
s447210130.py(23):                 if mujun(comb, x):
 --- modulename: s447210130, funcname: <lambda>
s447210130.py(22):                 mujun = contains if not y else lambda a, b: b not in a
s447210130.py(24):                     return -1
 --- modulename: s447210130, funcname: main
s447210130.py(29):         for comb in combinations(range(n), i):
s447210130.py(30):             yield check(set(comb))
 --- modulename: s447210130, funcname: check
s447210130.py(20):         for i in comb:
s447210130.py(21):             for x, y in asserts[i]:
s447210130.py(22):                 mujun = contains if not y else lambda a, b: b not in a
s447210130.py(23):                 if mujun(comb, x):
 --- modulename: s447210130, funcname: <lambda>
s447210130.py(22):                 mujun = contains if not y else lambda a, b: b not in a
s447210130.py(24):                     return -1
 --- modulename: s447210130, funcname: main
s447210130.py(29):         for comb in combinations(range(n), i):
s447210130.py(30):             yield check(set(comb))
 --- modulename: s447210130, funcname: check
s447210130.py(20):         for i in comb:
s447210130.py(21):             for x, y in asserts[i]:
s447210130.py(22):                 mujun = contains if not y else lambda a, b: b not in a
s447210130.py(23):                 if mujun(comb, x):
s447210130.py(21):             for x, y in asserts[i]:
s447210130.py(20):         for i in comb:
s447210130.py(26):         return len(comb)
 --- modulename: s447210130, funcname: main
s447210130.py(29):         for comb in combinations(range(n), i):
s447210130.py(28):     for i in range(1, n+1):
s447210130.py(29):         for comb in combinations(range(n), i):
s447210130.py(30):             yield check(set(comb))
 --- modulename: s447210130, funcname: check
s447210130.py(20):         for i in comb:
s447210130.py(21):             for x, y in asserts[i]:
s447210130.py(22):                 mujun = contains if not y else lambda a, b: b not in a
s447210130.py(23):                 if mujun(comb, x):
 --- modulename: s447210130, funcname: <lambda>
s447210130.py(22):                 mujun = contains if not y else lambda a, b: b not in a
s447210130.py(21):             for x, y in asserts[i]:
s447210130.py(20):         for i in comb:
s447210130.py(21):             for x, y in asserts[i]:
s447210130.py(22):                 mujun = contains if not y else lambda a, b: b not in a
s447210130.py(23):                 if mujun(comb, x):
 --- modulename: s447210130, funcname: <lambda>
s447210130.py(22):                 mujun = contains if not y else lambda a, b: b not in a
s447210130.py(21):             for x, y in asserts[i]:
s447210130.py(20):         for i in comb:
s447210130.py(26):         return len(comb)
 --- modulename: s447210130, funcname: main
s447210130.py(29):         for comb in combinations(range(n), i):
s447210130.py(30):             yield check(set(comb))
 --- modulename: s447210130, funcname: check
s447210130.py(20):         for i in comb:
s447210130.py(21):             for x, y in asserts[i]:
s447210130.py(22):                 mujun = contains if not y else lambda a, b: b not in a
s447210130.py(23):                 if mujun(comb, x):
 --- modulename: s447210130, funcname: <lambda>
s447210130.py(22):                 mujun = contains if not y else lambda a, b: b not in a
s447210130.py(24):                     return -1
 --- modulename: s447210130, funcname: main
s447210130.py(29):         for comb in combinations(range(n), i):
s447210130.py(30):             yield check(set(comb))
 --- modulename: s447210130, funcname: check
s447210130.py(20):         for i in comb:
s447210130.py(21):             for x, y in asserts[i]:
s447210130.py(22):                 mujun = contains if not y else lambda a, b: b not in a
s447210130.py(23):                 if mujun(comb, x):
 --- modulename: s447210130, funcname: <lambda>
s447210130.py(22):                 mujun = contains if not y else lambda a, b: b not in a
s447210130.py(24):                     return -1
 --- modulename: s447210130, funcname: main
s447210130.py(29):         for comb in combinations(range(n), i):
s447210130.py(28):     for i in range(1, n+1):
s447210130.py(29):         for comb in combinations(range(n), i):
s447210130.py(30):             yield check(set(comb))
 --- modulename: s447210130, funcname: check
s447210130.py(20):         for i in comb:
s447210130.py(21):             for x, y in asserts[i]:
s447210130.py(22):                 mujun = contains if not y else lambda a, b: b not in a
s447210130.py(23):                 if mujun(comb, x):
 --- modulename: s447210130, funcname: <lambda>
s447210130.py(22):                 mujun = contains if not y else lambda a, b: b not in a
s447210130.py(21):             for x, y in asserts[i]:
s447210130.py(20):         for i in comb:
s447210130.py(21):             for x, y in asserts[i]:
s447210130.py(22):                 mujun = contains if not y else lambda a, b: b not in a
s447210130.py(23):                 if mujun(comb, x):
 --- modulename: s447210130, funcname: <lambda>
s447210130.py(22):                 mujun = contains if not y else lambda a, b: b not in a
s447210130.py(21):             for x, y in asserts[i]:
s447210130.py(20):         for i in comb:
s447210130.py(21):             for x, y in asserts[i]:
s447210130.py(22):                 mujun = contains if not y else lambda a, b: b not in a
s447210130.py(23):                 if mujun(comb, x):
s447210130.py(24):                     return -1
 --- modulename: s447210130, funcname: main
s447210130.py(29):         for comb in combinations(range(n), i):
s447210130.py(28):     for i in range(1, n+1):
s447210130.py(32):     yield 0
 --- modulename: s447210130, funcname: main
2
