 --- modulename: s450801008, funcname: <module>
s450801008.py(1): import sys
s450801008.py(2): sys.setrecursionlimit(10**8)
s450801008.py(3): def ii(): return int(sys.stdin.readline())
s450801008.py(4): def mi(): return map(int, sys.stdin.readline().split())
s450801008.py(5): def li(): return list(map(int, sys.stdin.readline().split()))
s450801008.py(6): def li2(N): return [list(map(int, sys.stdin.readline().split())) for _ in range(N)]
s450801008.py(7): def dp2(ini, i, j): return [[ini]*i for _ in range(j)]
s450801008.py(11): from itertools import accumulate #list(accumulate(A))
s450801008.py(14): def segfunc(a,b):
s450801008.py(17): def init(init_val):
s450801008.py(25): def update(k,x):
s450801008.py(32): def query(p,q):
s450801008.py(53): n, M, Q = mi()
 --- modulename: s450801008, funcname: mi
s450801008.py(4): def mi(): return map(int, sys.stdin.readline().split())
 --- modulename: codecs, funcname: getstate
codecs.py(333):         return (self.buffer, 0)
 --- modulename: codecs, funcname: decode
codecs.py(321):         data = self.buffer + input
codecs.py(322):         (result, consumed) = self._buffer_decode(data, self.errors, final)
codecs.py(324):         self.buffer = data[consumed:]
codecs.py(325):         return result
s450801008.py(56): ide_ele = 0
s450801008.py(58): num =2**(n-1).bit_length()
s450801008.py(59): seg=[ide_ele]*2*num
s450801008.py(61): L = [0]*n
s450801008.py(62): init(L)
 --- modulename: s450801008, funcname: init
s450801008.py(19):     for i in range(n):
s450801008.py(20):         seg[i+num-1]=init_val[i]    
s450801008.py(19):     for i in range(n):
s450801008.py(20):         seg[i+num-1]=init_val[i]    
s450801008.py(19):     for i in range(n):
s450801008.py(22):     for i in range(num-2,-1,-1) :
s450801008.py(23):         seg[i]=segfunc(seg[2*i+1],seg[2*i+2]) 
 --- modulename: s450801008, funcname: segfunc
s450801008.py(15):     return a+b
s450801008.py(22):     for i in range(num-2,-1,-1) :
s450801008.py(64): lrpq = dp2(0, 3, M+Q)
 --- modulename: s450801008, funcname: dp2
s450801008.py(7): def dp2(ini, i, j): return [[ini]*i for _ in range(j)]
 --- modulename: s450801008, funcname: <listcomp>
s450801008.py(7): def dp2(ini, i, j): return [[ini]*i for _ in range(j)]
s450801008.py(7): def dp2(ini, i, j): return [[ini]*i for _ in range(j)]
s450801008.py(7): def dp2(ini, i, j): return [[ini]*i for _ in range(j)]
s450801008.py(7): def dp2(ini, i, j): return [[ini]*i for _ in range(j)]
s450801008.py(7): def dp2(ini, i, j): return [[ini]*i for _ in range(j)]
s450801008.py(66): for i in range(M):
s450801008.py(67):     l, r = mi()
 --- modulename: s450801008, funcname: mi
s450801008.py(4): def mi(): return map(int, sys.stdin.readline().split())
s450801008.py(68):     lrpq[i][1] = l-1
s450801008.py(69):     lrpq[i][2] = r-1
s450801008.py(66): for i in range(M):
s450801008.py(67):     l, r = mi()
 --- modulename: s450801008, funcname: mi
s450801008.py(4): def mi(): return map(int, sys.stdin.readline().split())
s450801008.py(68):     lrpq[i][1] = l-1
s450801008.py(69):     lrpq[i][2] = r-1
s450801008.py(66): for i in range(M):
s450801008.py(67):     l, r = mi()
 --- modulename: s450801008, funcname: mi
s450801008.py(4): def mi(): return map(int, sys.stdin.readline().split())
s450801008.py(68):     lrpq[i][1] = l-1
s450801008.py(69):     lrpq[i][2] = r-1
s450801008.py(66): for i in range(M):
s450801008.py(71): for i in range(M, M+Q):
s450801008.py(72):     p, q = mi()
 --- modulename: s450801008, funcname: mi
s450801008.py(4): def mi(): return map(int, sys.stdin.readline().split())
s450801008.py(73):     lrpq[i][0] = i
s450801008.py(74):     lrpq[i][1] = p-1
s450801008.py(75):     lrpq[i][2] = q-1
s450801008.py(71): for i in range(M, M+Q):
s450801008.py(77): lrpq = sorted(lrpq, key=lambda x:(x[2], x[0]))
 --- modulename: s450801008, funcname: <lambda>
s450801008.py(77): lrpq = sorted(lrpq, key=lambda x:(x[2], x[0]))
 --- modulename: s450801008, funcname: <lambda>
s450801008.py(77): lrpq = sorted(lrpq, key=lambda x:(x[2], x[0]))
 --- modulename: s450801008, funcname: <lambda>
s450801008.py(77): lrpq = sorted(lrpq, key=lambda x:(x[2], x[0]))
 --- modulename: s450801008, funcname: <lambda>
s450801008.py(77): lrpq = sorted(lrpq, key=lambda x:(x[2], x[0]))
s450801008.py(79): ans = [0]*(Q)
s450801008.py(81): for i in range(M+Q):
s450801008.py(82):     if lrpq[i][0] == 0:
s450801008.py(84):         update(lrpq[i][1], seg[lrpq[i][1]+num-1]+1)
 --- modulename: s450801008, funcname: update
s450801008.py(26):     k += num-1
s450801008.py(27):     seg[k] = x
s450801008.py(28):     while k:
s450801008.py(29):         k = (k-1)//2
s450801008.py(30):         seg[k] = segfunc(seg[k*2+1],seg[k*2+2])
 --- modulename: s450801008, funcname: segfunc
s450801008.py(15):     return a+b
s450801008.py(28):     while k:
s450801008.py(81): for i in range(M+Q):
s450801008.py(82):     if lrpq[i][0] == 0:
s450801008.py(84):         update(lrpq[i][1], seg[lrpq[i][1]+num-1]+1)
 --- modulename: s450801008, funcname: update
s450801008.py(26):     k += num-1
s450801008.py(27):     seg[k] = x
s450801008.py(28):     while k:
s450801008.py(29):         k = (k-1)//2
s450801008.py(30):         seg[k] = segfunc(seg[k*2+1],seg[k*2+2])
 --- modulename: s450801008, funcname: segfunc
s450801008.py(15):     return a+b
s450801008.py(28):     while k:
s450801008.py(81): for i in range(M+Q):
s450801008.py(82):     if lrpq[i][0] == 0:
s450801008.py(84):         update(lrpq[i][1], seg[lrpq[i][1]+num-1]+1)
 --- modulename: s450801008, funcname: update
s450801008.py(26):     k += num-1
s450801008.py(27):     seg[k] = x
s450801008.py(28):     while k:
s450801008.py(29):         k = (k-1)//2
s450801008.py(30):         seg[k] = segfunc(seg[k*2+1],seg[k*2+2])
 --- modulename: s450801008, funcname: segfunc
s450801008.py(15):     return a+b
s450801008.py(28):     while k:
s450801008.py(81): for i in range(M+Q):
s450801008.py(82):     if lrpq[i][0] == 0:
s450801008.py(86):         ans[lrpq[i][0]-M] = query(lrpq[i][1], lrpq[i][2]+1)
 --- modulename: s450801008, funcname: query
s450801008.py(33):     if q<=p:
s450801008.py(35):     p += num-1
s450801008.py(36):     q += num-2
s450801008.py(37):     res=ide_ele
s450801008.py(38):     while q-p>1:
s450801008.py(46):     if p == q:
s450801008.py(49):         res = segfunc(segfunc(res,seg[p]),seg[q])
 --- modulename: s450801008, funcname: segfunc
s450801008.py(15):     return a+b
 --- modulename: s450801008, funcname: segfunc
s450801008.py(15):     return a+b
s450801008.py(50):     return res
s450801008.py(81): for i in range(M+Q):
s450801008.py(88): for num in ans:
s450801008.py(89):     print(num)
3
s450801008.py(88): for num in ans:
