 --- modulename: s450313307, funcname: <module>
s450313307.py(1): h, w = map(int, input().split())
 --- modulename: codecs, funcname: getstate
codecs.py(333):         return (self.buffer, 0)
 --- modulename: codecs, funcname: decode
codecs.py(321):         data = self.buffer + input
codecs.py(322):         (result, consumed) = self._buffer_decode(data, self.errors, final)
codecs.py(324):         self.buffer = data[consumed:]
codecs.py(325):         return result
s450313307.py(2): A = [list(str(input())) for _ in range(h)]
 --- modulename: s450313307, funcname: <listcomp>
s450313307.py(2): A = [list(str(input())) for _ in range(h)]
s450313307.py(2): A = [list(str(input())) for _ in range(h)]
s450313307.py(2): A = [list(str(input())) for _ in range(h)]
s450313307.py(2): A = [list(str(input())) for _ in range(h)]
s450313307.py(6): idx = 0
s450313307.py(7): d = {}
s450313307.py(8): C = [0]*26
s450313307.py(9): for i in range(h):
s450313307.py(10):     for j in range(w):
s450313307.py(11):         C[ord(A[i][j])-ord('a')] += 1
s450313307.py(12):         d[(i, j)] = idx
s450313307.py(13):         idx += 1
s450313307.py(10):     for j in range(w):
s450313307.py(11):         C[ord(A[i][j])-ord('a')] += 1
s450313307.py(12):         d[(i, j)] = idx
s450313307.py(13):         idx += 1
s450313307.py(10):     for j in range(w):
s450313307.py(11):         C[ord(A[i][j])-ord('a')] += 1
s450313307.py(12):         d[(i, j)] = idx
s450313307.py(13):         idx += 1
s450313307.py(10):     for j in range(w):
s450313307.py(11):         C[ord(A[i][j])-ord('a')] += 1
s450313307.py(12):         d[(i, j)] = idx
s450313307.py(13):         idx += 1
s450313307.py(10):     for j in range(w):
s450313307.py(9): for i in range(h):
s450313307.py(10):     for j in range(w):
s450313307.py(11):         C[ord(A[i][j])-ord('a')] += 1
s450313307.py(12):         d[(i, j)] = idx
s450313307.py(13):         idx += 1
s450313307.py(10):     for j in range(w):
s450313307.py(11):         C[ord(A[i][j])-ord('a')] += 1
s450313307.py(12):         d[(i, j)] = idx
s450313307.py(13):         idx += 1
s450313307.py(10):     for j in range(w):
s450313307.py(11):         C[ord(A[i][j])-ord('a')] += 1
s450313307.py(12):         d[(i, j)] = idx
s450313307.py(13):         idx += 1
s450313307.py(10):     for j in range(w):
s450313307.py(11):         C[ord(A[i][j])-ord('a')] += 1
s450313307.py(12):         d[(i, j)] = idx
s450313307.py(13):         idx += 1
s450313307.py(10):     for j in range(w):
s450313307.py(9): for i in range(h):
s450313307.py(10):     for j in range(w):
s450313307.py(11):         C[ord(A[i][j])-ord('a')] += 1
s450313307.py(12):         d[(i, j)] = idx
s450313307.py(13):         idx += 1
s450313307.py(10):     for j in range(w):
s450313307.py(11):         C[ord(A[i][j])-ord('a')] += 1
s450313307.py(12):         d[(i, j)] = idx
s450313307.py(13):         idx += 1
s450313307.py(10):     for j in range(w):
s450313307.py(11):         C[ord(A[i][j])-ord('a')] += 1
s450313307.py(12):         d[(i, j)] = idx
s450313307.py(13):         idx += 1
s450313307.py(10):     for j in range(w):
s450313307.py(11):         C[ord(A[i][j])-ord('a')] += 1
s450313307.py(12):         d[(i, j)] = idx
s450313307.py(13):         idx += 1
s450313307.py(10):     for j in range(w):
s450313307.py(9): for i in range(h):
s450313307.py(15): def Find(x, par):
s450313307.py(22): def Unite(x, y, par, rank):
s450313307.py(36): def Same(x, y, par):
s450313307.py(39): def Size(x, par):
s450313307.py(42): n = h*w
s450313307.py(43): par = [-1]*n
s450313307.py(44): rank = [0]*n
s450313307.py(46): for i in range(h):
s450313307.py(47):     for j in range(w):
s450313307.py(48):         p = d[(i, j)]
s450313307.py(49):         q = d[(i, w-1-j)]
s450313307.py(50):         Unite(p, q, par, rank)
 --- modulename: s450313307, funcname: Unite
s450313307.py(23):     x = Find(x, par)
 --- modulename: s450313307, funcname: Find
s450313307.py(16):     if par[x] < 0:
s450313307.py(17):         return x
s450313307.py(24):     y = Find(y, par)
 --- modulename: s450313307, funcname: Find
s450313307.py(16):     if par[x] < 0:
s450313307.py(17):         return x
s450313307.py(26):     if x != y:
s450313307.py(27):         if rank[x] < rank[y]:
s450313307.py(31):             par[x] += par[y]
s450313307.py(32):             par[y] = x
s450313307.py(33):             if rank[x] == rank[y]:
s450313307.py(34):                 rank[x] += 1
s450313307.py(51):         q = d[(h-1-i, j)]
s450313307.py(52):         Unite(p, q, par, rank)
 --- modulename: s450313307, funcname: Unite
s450313307.py(23):     x = Find(x, par)
 --- modulename: s450313307, funcname: Find
s450313307.py(16):     if par[x] < 0:
s450313307.py(17):         return x
s450313307.py(24):     y = Find(y, par)
 --- modulename: s450313307, funcname: Find
s450313307.py(16):     if par[x] < 0:
s450313307.py(17):         return x
s450313307.py(26):     if x != y:
s450313307.py(27):         if rank[x] < rank[y]:
s450313307.py(31):             par[x] += par[y]
s450313307.py(32):             par[y] = x
s450313307.py(33):             if rank[x] == rank[y]:
s450313307.py(47):     for j in range(w):
s450313307.py(48):         p = d[(i, j)]
s450313307.py(49):         q = d[(i, w-1-j)]
s450313307.py(50):         Unite(p, q, par, rank)
 --- modulename: s450313307, funcname: Unite
s450313307.py(23):     x = Find(x, par)
 --- modulename: s450313307, funcname: Find
s450313307.py(16):     if par[x] < 0:
s450313307.py(17):         return x
s450313307.py(24):     y = Find(y, par)
 --- modulename: s450313307, funcname: Find
s450313307.py(16):     if par[x] < 0:
s450313307.py(17):         return x
s450313307.py(26):     if x != y:
s450313307.py(27):         if rank[x] < rank[y]:
s450313307.py(31):             par[x] += par[y]
s450313307.py(32):             par[y] = x
s450313307.py(33):             if rank[x] == rank[y]:
s450313307.py(34):                 rank[x] += 1
s450313307.py(51):         q = d[(h-1-i, j)]
s450313307.py(52):         Unite(p, q, par, rank)
 --- modulename: s450313307, funcname: Unite
s450313307.py(23):     x = Find(x, par)
 --- modulename: s450313307, funcname: Find
s450313307.py(16):     if par[x] < 0:
s450313307.py(17):         return x
s450313307.py(24):     y = Find(y, par)
 --- modulename: s450313307, funcname: Find
s450313307.py(16):     if par[x] < 0:
s450313307.py(17):         return x
s450313307.py(26):     if x != y:
s450313307.py(27):         if rank[x] < rank[y]:
s450313307.py(31):             par[x] += par[y]
s450313307.py(32):             par[y] = x
s450313307.py(33):             if rank[x] == rank[y]:
s450313307.py(47):     for j in range(w):
s450313307.py(48):         p = d[(i, j)]
s450313307.py(49):         q = d[(i, w-1-j)]
s450313307.py(50):         Unite(p, q, par, rank)
 --- modulename: s450313307, funcname: Unite
s450313307.py(23):     x = Find(x, par)
 --- modulename: s450313307, funcname: Find
s450313307.py(16):     if par[x] < 0:
s450313307.py(19):         par[x] = Find(par[x], par)
 --- modulename: s450313307, funcname: Find
s450313307.py(16):     if par[x] < 0:
s450313307.py(17):         return x
s450313307.py(20):         return par[x]
s450313307.py(24):     y = Find(y, par)
 --- modulename: s450313307, funcname: Find
s450313307.py(16):     if par[x] < 0:
s450313307.py(17):         return x
s450313307.py(26):     if x != y:
s450313307.py(51):         q = d[(h-1-i, j)]
s450313307.py(52):         Unite(p, q, par, rank)
 --- modulename: s450313307, funcname: Unite
s450313307.py(23):     x = Find(x, par)
 --- modulename: s450313307, funcname: Find
s450313307.py(16):     if par[x] < 0:
s450313307.py(19):         par[x] = Find(par[x], par)
 --- modulename: s450313307, funcname: Find
s450313307.py(16):     if par[x] < 0:
s450313307.py(17):         return x
s450313307.py(20):         return par[x]
s450313307.py(24):     y = Find(y, par)
 --- modulename: s450313307, funcname: Find
s450313307.py(16):     if par[x] < 0:
s450313307.py(17):         return x
s450313307.py(26):     if x != y:
s450313307.py(27):         if rank[x] < rank[y]:
s450313307.py(31):             par[x] += par[y]
s450313307.py(32):             par[y] = x
s450313307.py(33):             if rank[x] == rank[y]:
s450313307.py(47):     for j in range(w):
s450313307.py(48):         p = d[(i, j)]
s450313307.py(49):         q = d[(i, w-1-j)]
s450313307.py(50):         Unite(p, q, par, rank)
 --- modulename: s450313307, funcname: Unite
s450313307.py(23):     x = Find(x, par)
 --- modulename: s450313307, funcname: Find
s450313307.py(16):     if par[x] < 0:
s450313307.py(19):         par[x] = Find(par[x], par)
 --- modulename: s450313307, funcname: Find
s450313307.py(16):     if par[x] < 0:
s450313307.py(17):         return x
s450313307.py(20):         return par[x]
s450313307.py(24):     y = Find(y, par)
 --- modulename: s450313307, funcname: Find
s450313307.py(16):     if par[x] < 0:
s450313307.py(17):         return x
s450313307.py(26):     if x != y:
s450313307.py(51):         q = d[(h-1-i, j)]
s450313307.py(52):         Unite(p, q, par, rank)
 --- modulename: s450313307, funcname: Unite
s450313307.py(23):     x = Find(x, par)
 --- modulename: s450313307, funcname: Find
s450313307.py(16):     if par[x] < 0:
s450313307.py(19):         par[x] = Find(par[x], par)
 --- modulename: s450313307, funcname: Find
s450313307.py(16):     if par[x] < 0:
s450313307.py(17):         return x
s450313307.py(20):         return par[x]
s450313307.py(24):     y = Find(y, par)
 --- modulename: s450313307, funcname: Find
s450313307.py(16):     if par[x] < 0:
s450313307.py(17):         return x
s450313307.py(26):     if x != y:
s450313307.py(27):         if rank[x] < rank[y]:
s450313307.py(31):             par[x] += par[y]
s450313307.py(32):             par[y] = x
s450313307.py(33):             if rank[x] == rank[y]:
s450313307.py(47):     for j in range(w):
s450313307.py(46): for i in range(h):
s450313307.py(47):     for j in range(w):
s450313307.py(48):         p = d[(i, j)]
s450313307.py(49):         q = d[(i, w-1-j)]
s450313307.py(50):         Unite(p, q, par, rank)
 --- modulename: s450313307, funcname: Unite
s450313307.py(23):     x = Find(x, par)
 --- modulename: s450313307, funcname: Find
s450313307.py(16):     if par[x] < 0:
s450313307.py(17):         return x
s450313307.py(24):     y = Find(y, par)
 --- modulename: s450313307, funcname: Find
s450313307.py(16):     if par[x] < 0:
s450313307.py(17):         return x
s450313307.py(26):     if x != y:
s450313307.py(27):         if rank[x] < rank[y]:
s450313307.py(31):             par[x] += par[y]
s450313307.py(32):             par[y] = x
s450313307.py(33):             if rank[x] == rank[y]:
s450313307.py(34):                 rank[x] += 1
s450313307.py(51):         q = d[(h-1-i, j)]
s450313307.py(52):         Unite(p, q, par, rank)
 --- modulename: s450313307, funcname: Unite
s450313307.py(23):     x = Find(x, par)
 --- modulename: s450313307, funcname: Find
s450313307.py(16):     if par[x] < 0:
s450313307.py(17):         return x
s450313307.py(24):     y = Find(y, par)
 --- modulename: s450313307, funcname: Find
s450313307.py(16):     if par[x] < 0:
s450313307.py(17):         return x
s450313307.py(26):     if x != y:
s450313307.py(47):     for j in range(w):
s450313307.py(48):         p = d[(i, j)]
s450313307.py(49):         q = d[(i, w-1-j)]
s450313307.py(50):         Unite(p, q, par, rank)
 --- modulename: s450313307, funcname: Unite
s450313307.py(23):     x = Find(x, par)
 --- modulename: s450313307, funcname: Find
s450313307.py(16):     if par[x] < 0:
s450313307.py(17):         return x
s450313307.py(24):     y = Find(y, par)
 --- modulename: s450313307, funcname: Find
s450313307.py(16):     if par[x] < 0:
s450313307.py(17):         return x
s450313307.py(26):     if x != y:
s450313307.py(27):         if rank[x] < rank[y]:
s450313307.py(31):             par[x] += par[y]
s450313307.py(32):             par[y] = x
s450313307.py(33):             if rank[x] == rank[y]:
s450313307.py(34):                 rank[x] += 1
s450313307.py(51):         q = d[(h-1-i, j)]
s450313307.py(52):         Unite(p, q, par, rank)
 --- modulename: s450313307, funcname: Unite
s450313307.py(23):     x = Find(x, par)
 --- modulename: s450313307, funcname: Find
s450313307.py(16):     if par[x] < 0:
s450313307.py(17):         return x
s450313307.py(24):     y = Find(y, par)
 --- modulename: s450313307, funcname: Find
s450313307.py(16):     if par[x] < 0:
s450313307.py(17):         return x
s450313307.py(26):     if x != y:
s450313307.py(47):     for j in range(w):
s450313307.py(48):         p = d[(i, j)]
s450313307.py(49):         q = d[(i, w-1-j)]
s450313307.py(50):         Unite(p, q, par, rank)
 --- modulename: s450313307, funcname: Unite
s450313307.py(23):     x = Find(x, par)
 --- modulename: s450313307, funcname: Find
s450313307.py(16):     if par[x] < 0:
s450313307.py(19):         par[x] = Find(par[x], par)
 --- modulename: s450313307, funcname: Find
s450313307.py(16):     if par[x] < 0:
s450313307.py(17):         return x
s450313307.py(20):         return par[x]
s450313307.py(24):     y = Find(y, par)
 --- modulename: s450313307, funcname: Find
s450313307.py(16):     if par[x] < 0:
s450313307.py(17):         return x
s450313307.py(26):     if x != y:
s450313307.py(51):         q = d[(h-1-i, j)]
s450313307.py(52):         Unite(p, q, par, rank)
 --- modulename: s450313307, funcname: Unite
s450313307.py(23):     x = Find(x, par)
 --- modulename: s450313307, funcname: Find
s450313307.py(16):     if par[x] < 0:
s450313307.py(19):         par[x] = Find(par[x], par)
 --- modulename: s450313307, funcname: Find
s450313307.py(16):     if par[x] < 0:
s450313307.py(17):         return x
s450313307.py(20):         return par[x]
s450313307.py(24):     y = Find(y, par)
 --- modulename: s450313307, funcname: Find
s450313307.py(16):     if par[x] < 0:
s450313307.py(19):         par[x] = Find(par[x], par)
 --- modulename: s450313307, funcname: Find
s450313307.py(16):     if par[x] < 0:
s450313307.py(17):         return x
s450313307.py(20):         return par[x]
s450313307.py(26):     if x != y:
s450313307.py(47):     for j in range(w):
s450313307.py(48):         p = d[(i, j)]
s450313307.py(49):         q = d[(i, w-1-j)]
s450313307.py(50):         Unite(p, q, par, rank)
 --- modulename: s450313307, funcname: Unite
s450313307.py(23):     x = Find(x, par)
 --- modulename: s450313307, funcname: Find
s450313307.py(16):     if par[x] < 0:
s450313307.py(19):         par[x] = Find(par[x], par)
 --- modulename: s450313307, funcname: Find
s450313307.py(16):     if par[x] < 0:
s450313307.py(17):         return x
s450313307.py(20):         return par[x]
s450313307.py(24):     y = Find(y, par)
 --- modulename: s450313307, funcname: Find
s450313307.py(16):     if par[x] < 0:
s450313307.py(17):         return x
s450313307.py(26):     if x != y:
s450313307.py(51):         q = d[(h-1-i, j)]
s450313307.py(52):         Unite(p, q, par, rank)
 --- modulename: s450313307, funcname: Unite
s450313307.py(23):     x = Find(x, par)
 --- modulename: s450313307, funcname: Find
s450313307.py(16):     if par[x] < 0:
s450313307.py(19):         par[x] = Find(par[x], par)
 --- modulename: s450313307, funcname: Find
s450313307.py(16):     if par[x] < 0:
s450313307.py(17):         return x
s450313307.py(20):         return par[x]
s450313307.py(24):     y = Find(y, par)
 --- modulename: s450313307, funcname: Find
s450313307.py(16):     if par[x] < 0:
s450313307.py(19):         par[x] = Find(par[x], par)
 --- modulename: s450313307, funcname: Find
s450313307.py(16):     if par[x] < 0:
s450313307.py(17):         return x
s450313307.py(20):         return par[x]
s450313307.py(26):     if x != y:
s450313307.py(47):     for j in range(w):
s450313307.py(46): for i in range(h):
s450313307.py(47):     for j in range(w):
s450313307.py(48):         p = d[(i, j)]
s450313307.py(49):         q = d[(i, w-1-j)]
s450313307.py(50):         Unite(p, q, par, rank)
 --- modulename: s450313307, funcname: Unite
s450313307.py(23):     x = Find(x, par)
 --- modulename: s450313307, funcname: Find
s450313307.py(16):     if par[x] < 0:
s450313307.py(19):         par[x] = Find(par[x], par)
 --- modulename: s450313307, funcname: Find
s450313307.py(16):     if par[x] < 0:
s450313307.py(17):         return x
s450313307.py(20):         return par[x]
s450313307.py(24):     y = Find(y, par)
 --- modulename: s450313307, funcname: Find
s450313307.py(16):     if par[x] < 0:
s450313307.py(19):         par[x] = Find(par[x], par)
 --- modulename: s450313307, funcname: Find
s450313307.py(16):     if par[x] < 0:
s450313307.py(17):         return x
s450313307.py(20):         return par[x]
s450313307.py(26):     if x != y:
s450313307.py(51):         q = d[(h-1-i, j)]
s450313307.py(52):         Unite(p, q, par, rank)
 --- modulename: s450313307, funcname: Unite
s450313307.py(23):     x = Find(x, par)
 --- modulename: s450313307, funcname: Find
s450313307.py(16):     if par[x] < 0:
s450313307.py(19):         par[x] = Find(par[x], par)
 --- modulename: s450313307, funcname: Find
s450313307.py(16):     if par[x] < 0:
s450313307.py(17):         return x
s450313307.py(20):         return par[x]
s450313307.py(24):     y = Find(y, par)
 --- modulename: s450313307, funcname: Find
s450313307.py(16):     if par[x] < 0:
s450313307.py(17):         return x
s450313307.py(26):     if x != y:
s450313307.py(47):     for j in range(w):
s450313307.py(48):         p = d[(i, j)]
s450313307.py(49):         q = d[(i, w-1-j)]
s450313307.py(50):         Unite(p, q, par, rank)
 --- modulename: s450313307, funcname: Unite
s450313307.py(23):     x = Find(x, par)
 --- modulename: s450313307, funcname: Find
s450313307.py(16):     if par[x] < 0:
s450313307.py(19):         par[x] = Find(par[x], par)
 --- modulename: s450313307, funcname: Find
s450313307.py(16):     if par[x] < 0:
s450313307.py(17):         return x
s450313307.py(20):         return par[x]
s450313307.py(24):     y = Find(y, par)
 --- modulename: s450313307, funcname: Find
s450313307.py(16):     if par[x] < 0:
s450313307.py(19):         par[x] = Find(par[x], par)
 --- modulename: s450313307, funcname: Find
s450313307.py(16):     if par[x] < 0:
s450313307.py(17):         return x
s450313307.py(20):         return par[x]
s450313307.py(26):     if x != y:
s450313307.py(51):         q = d[(h-1-i, j)]
s450313307.py(52):         Unite(p, q, par, rank)
 --- modulename: s450313307, funcname: Unite
s450313307.py(23):     x = Find(x, par)
 --- modulename: s450313307, funcname: Find
s450313307.py(16):     if par[x] < 0:
s450313307.py(19):         par[x] = Find(par[x], par)
 --- modulename: s450313307, funcname: Find
s450313307.py(16):     if par[x] < 0:
s450313307.py(17):         return x
s450313307.py(20):         return par[x]
s450313307.py(24):     y = Find(y, par)
 --- modulename: s450313307, funcname: Find
s450313307.py(16):     if par[x] < 0:
s450313307.py(17):         return x
s450313307.py(26):     if x != y:
s450313307.py(47):     for j in range(w):
s450313307.py(48):         p = d[(i, j)]
s450313307.py(49):         q = d[(i, w-1-j)]
s450313307.py(50):         Unite(p, q, par, rank)
 --- modulename: s450313307, funcname: Unite
s450313307.py(23):     x = Find(x, par)
 --- modulename: s450313307, funcname: Find
s450313307.py(16):     if par[x] < 0:
s450313307.py(19):         par[x] = Find(par[x], par)
 --- modulename: s450313307, funcname: Find
s450313307.py(16):     if par[x] < 0:
s450313307.py(17):         return x
s450313307.py(20):         return par[x]
s450313307.py(24):     y = Find(y, par)
 --- modulename: s450313307, funcname: Find
s450313307.py(16):     if par[x] < 0:
s450313307.py(19):         par[x] = Find(par[x], par)
 --- modulename: s450313307, funcname: Find
s450313307.py(16):     if par[x] < 0:
s450313307.py(17):         return x
s450313307.py(20):         return par[x]
s450313307.py(26):     if x != y:
s450313307.py(51):         q = d[(h-1-i, j)]
s450313307.py(52):         Unite(p, q, par, rank)
 --- modulename: s450313307, funcname: Unite
s450313307.py(23):     x = Find(x, par)
 --- modulename: s450313307, funcname: Find
s450313307.py(16):     if par[x] < 0:
s450313307.py(19):         par[x] = Find(par[x], par)
 --- modulename: s450313307, funcname: Find
s450313307.py(16):     if par[x] < 0:
s450313307.py(17):         return x
s450313307.py(20):         return par[x]
s450313307.py(24):     y = Find(y, par)
 --- modulename: s450313307, funcname: Find
s450313307.py(16):     if par[x] < 0:
s450313307.py(19):         par[x] = Find(par[x], par)
 --- modulename: s450313307, funcname: Find
s450313307.py(16):     if par[x] < 0:
s450313307.py(17):         return x
s450313307.py(20):         return par[x]
s450313307.py(26):     if x != y:
s450313307.py(47):     for j in range(w):
s450313307.py(48):         p = d[(i, j)]
s450313307.py(49):         q = d[(i, w-1-j)]
s450313307.py(50):         Unite(p, q, par, rank)
 --- modulename: s450313307, funcname: Unite
s450313307.py(23):     x = Find(x, par)
 --- modulename: s450313307, funcname: Find
s450313307.py(16):     if par[x] < 0:
s450313307.py(19):         par[x] = Find(par[x], par)
 --- modulename: s450313307, funcname: Find
s450313307.py(16):     if par[x] < 0:
s450313307.py(17):         return x
s450313307.py(20):         return par[x]
s450313307.py(24):     y = Find(y, par)
 --- modulename: s450313307, funcname: Find
s450313307.py(16):     if par[x] < 0:
s450313307.py(19):         par[x] = Find(par[x], par)
 --- modulename: s450313307, funcname: Find
s450313307.py(16):     if par[x] < 0:
s450313307.py(17):         return x
s450313307.py(20):         return par[x]
s450313307.py(26):     if x != y:
s450313307.py(51):         q = d[(h-1-i, j)]
s450313307.py(52):         Unite(p, q, par, rank)
 --- modulename: s450313307, funcname: Unite
s450313307.py(23):     x = Find(x, par)
 --- modulename: s450313307, funcname: Find
s450313307.py(16):     if par[x] < 0:
s450313307.py(19):         par[x] = Find(par[x], par)
 --- modulename: s450313307, funcname: Find
s450313307.py(16):     if par[x] < 0:
s450313307.py(17):         return x
s450313307.py(20):         return par[x]
s450313307.py(24):     y = Find(y, par)
 --- modulename: s450313307, funcname: Find
s450313307.py(16):     if par[x] < 0:
s450313307.py(19):         par[x] = Find(par[x], par)
 --- modulename: s450313307, funcname: Find
s450313307.py(16):     if par[x] < 0:
s450313307.py(17):         return x
s450313307.py(20):         return par[x]
s450313307.py(26):     if x != y:
s450313307.py(47):     for j in range(w):
s450313307.py(46): for i in range(h):
s450313307.py(54): S = []
s450313307.py(55): for i in range(n):
s450313307.py(56):     if par[i] < 0:
s450313307.py(57):         S.append(-par[i])
s450313307.py(55): for i in range(n):
s450313307.py(56):     if par[i] < 0:
s450313307.py(57):         S.append(-par[i])
s450313307.py(55): for i in range(n):
s450313307.py(56):     if par[i] < 0:
s450313307.py(55): for i in range(n):
s450313307.py(56):     if par[i] < 0:
s450313307.py(55): for i in range(n):
s450313307.py(56):     if par[i] < 0:
s450313307.py(57):         S.append(-par[i])
s450313307.py(55): for i in range(n):
s450313307.py(56):     if par[i] < 0:
s450313307.py(57):         S.append(-par[i])
s450313307.py(55): for i in range(n):
s450313307.py(56):     if par[i] < 0:
s450313307.py(55): for i in range(n):
s450313307.py(56):     if par[i] < 0:
s450313307.py(55): for i in range(n):
s450313307.py(56):     if par[i] < 0:
s450313307.py(55): for i in range(n):
s450313307.py(56):     if par[i] < 0:
s450313307.py(55): for i in range(n):
s450313307.py(56):     if par[i] < 0:
s450313307.py(55): for i in range(n):
s450313307.py(56):     if par[i] < 0:
s450313307.py(55): for i in range(n):
s450313307.py(58): S.sort(reverse=True)
s450313307.py(63): C = [-c for c in C]
 --- modulename: s450313307, funcname: <listcomp>
s450313307.py(63): C = [-c for c in C]
s450313307.py(63): C = [-c for c in C]
s450313307.py(63): C = [-c for c in C]
s450313307.py(63): C = [-c for c in C]
s450313307.py(63): C = [-c for c in C]
s450313307.py(63): C = [-c for c in C]
s450313307.py(63): C = [-c for c in C]
s450313307.py(63): C = [-c for c in C]
s450313307.py(63): C = [-c for c in C]
s450313307.py(63): C = [-c for c in C]
s450313307.py(63): C = [-c for c in C]
s450313307.py(63): C = [-c for c in C]
s450313307.py(63): C = [-c for c in C]
s450313307.py(63): C = [-c for c in C]
s450313307.py(63): C = [-c for c in C]
s450313307.py(63): C = [-c for c in C]
s450313307.py(63): C = [-c for c in C]
s450313307.py(63): C = [-c for c in C]
s450313307.py(63): C = [-c for c in C]
s450313307.py(63): C = [-c for c in C]
s450313307.py(63): C = [-c for c in C]
s450313307.py(63): C = [-c for c in C]
s450313307.py(63): C = [-c for c in C]
s450313307.py(63): C = [-c for c in C]
s450313307.py(63): C = [-c for c in C]
s450313307.py(63): C = [-c for c in C]
s450313307.py(63): C = [-c for c in C]
s450313307.py(64): import heapq
s450313307.py(65): heapq.heapify(C)
s450313307.py(66): for s in S:
s450313307.py(67):     c = -heapq.heappop(C)
s450313307.py(68):     if c >= s:
s450313307.py(69):         c -= s
s450313307.py(70):         heapq.heappush(C, -c)
s450313307.py(66): for s in S:
s450313307.py(67):     c = -heapq.heappop(C)
s450313307.py(68):     if c >= s:
s450313307.py(69):         c -= s
s450313307.py(70):         heapq.heappush(C, -c)
s450313307.py(66): for s in S:
s450313307.py(67):     c = -heapq.heappop(C)
s450313307.py(68):     if c >= s:
s450313307.py(69):         c -= s
s450313307.py(70):         heapq.heappush(C, -c)
s450313307.py(66): for s in S:
s450313307.py(67):     c = -heapq.heappop(C)
s450313307.py(68):     if c >= s:
s450313307.py(69):         c -= s
s450313307.py(70):         heapq.heappush(C, -c)
s450313307.py(66): for s in S:
s450313307.py(75):     print('Yes')
Yes
