 --- modulename: s453497704, funcname: <module>
s453497704.py(1): S=input()
 --- modulename: codecs, funcname: getstate
codecs.py(333):         return (self.buffer, 0)
 --- modulename: codecs, funcname: decode
codecs.py(321):         data = self.buffer + input
codecs.py(322):         (result, consumed) = self._buffer_decode(data, self.errors, final)
codecs.py(324):         self.buffer = data[consumed:]
codecs.py(325):         return result
s453497704.py(2): n=len(S)
s453497704.py(3): b=[]
s453497704.py(4): a=[]
s453497704.py(5): for i in range(n-1):
s453497704.py(6):     if S[i]=='R' and S[i+1]=='L':
s453497704.py(5): for i in range(n-1):
s453497704.py(6):     if S[i]=='R' and S[i+1]=='L':
s453497704.py(7):         b.append(i)
s453497704.py(5): for i in range(n-1):
s453497704.py(6):     if S[i]=='R' and S[i+1]=='L':
s453497704.py(5): for i in range(n-1):
s453497704.py(6):     if S[i]=='R' and S[i+1]=='L':
s453497704.py(7):         b.append(i)
s453497704.py(5): for i in range(n-1):
s453497704.py(8): def lb(x):
s453497704.py(19): def ub(x):
s453497704.py(30): for i in range(n):
s453497704.py(31):     if S[i]=='R':
s453497704.py(32):         a.append(lb(i))
 --- modulename: s453497704, funcname: lb
s453497704.py(9):     l=0;r=len(b)-1
s453497704.py(10):     re=0
s453497704.py(11):     while r>=l:
s453497704.py(12):         mid=(l+r)//2
s453497704.py(13):         if b[mid]>=x:
s453497704.py(14):             re=b[mid]
s453497704.py(15):             r=mid-1
s453497704.py(11):     while r>=l:
s453497704.py(18):     return re
s453497704.py(30): for i in range(n):
s453497704.py(31):     if S[i]=='R':
s453497704.py(32):         a.append(lb(i))
 --- modulename: s453497704, funcname: lb
s453497704.py(9):     l=0;r=len(b)-1
s453497704.py(10):     re=0
s453497704.py(11):     while r>=l:
s453497704.py(12):         mid=(l+r)//2
s453497704.py(13):         if b[mid]>=x:
s453497704.py(14):             re=b[mid]
s453497704.py(15):             r=mid-1
s453497704.py(11):     while r>=l:
s453497704.py(18):     return re
s453497704.py(30): for i in range(n):
s453497704.py(31):     if S[i]=='R':
s453497704.py(34):         a.append(ub(i))
 --- modulename: s453497704, funcname: ub
s453497704.py(20):     l=0;r=len(b)-1
s453497704.py(21):     re=0
s453497704.py(22):     while r>=l:
s453497704.py(23):         mid=(l+r)//2
s453497704.py(24):         if b[mid]<=x:
s453497704.py(25):             re=b[mid]
s453497704.py(26):             l=mid+1
s453497704.py(22):     while r>=l:
s453497704.py(23):         mid=(l+r)//2
s453497704.py(24):         if b[mid]<=x:
s453497704.py(28):             r=mid-1
s453497704.py(22):     while r>=l:
s453497704.py(29):     return re
s453497704.py(30): for i in range(n):
s453497704.py(31):     if S[i]=='R':
s453497704.py(32):         a.append(lb(i))
 --- modulename: s453497704, funcname: lb
s453497704.py(9):     l=0;r=len(b)-1
s453497704.py(10):     re=0
s453497704.py(11):     while r>=l:
s453497704.py(12):         mid=(l+r)//2
s453497704.py(13):         if b[mid]>=x:
s453497704.py(17):             l=mid+1
s453497704.py(11):     while r>=l:
s453497704.py(12):         mid=(l+r)//2
s453497704.py(13):         if b[mid]>=x:
s453497704.py(14):             re=b[mid]
s453497704.py(15):             r=mid-1
s453497704.py(11):     while r>=l:
s453497704.py(18):     return re
s453497704.py(30): for i in range(n):
s453497704.py(31):     if S[i]=='R':
s453497704.py(34):         a.append(ub(i))
 --- modulename: s453497704, funcname: ub
s453497704.py(20):     l=0;r=len(b)-1
s453497704.py(21):     re=0
s453497704.py(22):     while r>=l:
s453497704.py(23):         mid=(l+r)//2
s453497704.py(24):         if b[mid]<=x:
s453497704.py(25):             re=b[mid]
s453497704.py(26):             l=mid+1
s453497704.py(22):     while r>=l:
s453497704.py(23):         mid=(l+r)//2
s453497704.py(24):         if b[mid]<=x:
s453497704.py(25):             re=b[mid]
s453497704.py(26):             l=mid+1
s453497704.py(22):     while r>=l:
s453497704.py(29):     return re
s453497704.py(30): for i in range(n):
s453497704.py(35): def Dis(x):
s453497704.py(40): dis=list(map(Dis,range(0,n)))
 --- modulename: s453497704, funcname: Dis
s453497704.py(36):     if S[x]=='R':
s453497704.py(37):         return a[x]-x
 --- modulename: s453497704, funcname: Dis
s453497704.py(36):     if S[x]=='R':
s453497704.py(37):         return a[x]-x
 --- modulename: s453497704, funcname: Dis
s453497704.py(36):     if S[x]=='R':
s453497704.py(39):         return x-a[x]-1
 --- modulename: s453497704, funcname: Dis
s453497704.py(36):     if S[x]=='R':
s453497704.py(37):         return a[x]-x
 --- modulename: s453497704, funcname: Dis
s453497704.py(36):     if S[x]=='R':
s453497704.py(39):         return x-a[x]-1
s453497704.py(41): ans=[0 for i in range(0,n)]
 --- modulename: s453497704, funcname: <listcomp>
s453497704.py(41): ans=[0 for i in range(0,n)]
s453497704.py(41): ans=[0 for i in range(0,n)]
s453497704.py(41): ans=[0 for i in range(0,n)]
s453497704.py(41): ans=[0 for i in range(0,n)]
s453497704.py(41): ans=[0 for i in range(0,n)]
s453497704.py(41): ans=[0 for i in range(0,n)]
s453497704.py(42): for i in range(n):
s453497704.py(43):     if S[i]=='R':
s453497704.py(44):         if (dis[i]&1)==1:
s453497704.py(45):             ans[a[i]+1]+=1
s453497704.py(42): for i in range(n):
s453497704.py(43):     if S[i]=='R':
s453497704.py(44):         if (dis[i]&1)==1:
s453497704.py(47):             ans[a[i]]+=1
s453497704.py(42): for i in range(n):
s453497704.py(43):     if S[i]=='R':
s453497704.py(49):         if (dis[i]&1)==1:
s453497704.py(52):             ans[a[i]+1]+=1
s453497704.py(42): for i in range(n):
s453497704.py(43):     if S[i]=='R':
s453497704.py(44):         if (dis[i]&1)==1:
s453497704.py(47):             ans[a[i]]+=1
s453497704.py(42): for i in range(n):
s453497704.py(43):     if S[i]=='R':
s453497704.py(49):         if (dis[i]&1)==1:
s453497704.py(52):             ans[a[i]+1]+=1
s453497704.py(42): for i in range(n):
s453497704.py(53): for i in ans:
s453497704.py(54):     print(i,end=' ')
0 s453497704.py(53): for i in ans:
s453497704.py(54):     print(i,end=' ')
1 s453497704.py(53): for i in ans:
s453497704.py(54):     print(i,end=' ')
2 s453497704.py(53): for i in ans:
s453497704.py(54):     print(i,end=' ')
1 s453497704.py(53): for i in ans:
s453497704.py(54):     print(i,end=' ')
1 s453497704.py(53): for i in ans:
