 --- modulename: s457150321, funcname: <module>
s457150321.py(1): class TreeNode:
 --- modulename: s457150321, funcname: TreeNode
s457150321.py(1): class TreeNode:
s457150321.py(2):   def __init__(self, val):
s457150321.py(7): class Bst:
 --- modulename: s457150321, funcname: Bst
s457150321.py(7): class Bst:
s457150321.py(8):   def __init__(self):
s457150321.py(11):   def insert(self, val):
s457150321.py(32):   def find(self, val):
s457150321.py(45):   def minValueNode(self, node): 
s457150321.py(54):   def delete(self, root, val):
s457150321.py(85):   def print(self):
s457150321.py(94):   def inorder_dfs(self, root):
s457150321.py(101):   def preorder_dfs(self, root):
s457150321.py(109): n = int(input())
 --- modulename: codecs, funcname: getstate
codecs.py(333):         return (self.buffer, 0)
 --- modulename: codecs, funcname: decode
codecs.py(321):         data = self.buffer + input
codecs.py(322):         (result, consumed) = self._buffer_decode(data, self.errors, final)
codecs.py(324):         self.buffer = data[consumed:]
codecs.py(325):         return result
s457150321.py(110): bst = Bst()
 --- modulename: s457150321, funcname: __init__
s457150321.py(9):     self.root = None
s457150321.py(111): for _ in range(n):
s457150321.py(112):   ins = list(map(str, input().split()))
s457150321.py(113):   order = ins[0]
s457150321.py(114):   if order == "insert":
s457150321.py(115):     val = int(ins[1])
s457150321.py(116):     bst.insert(val)
 --- modulename: s457150321, funcname: insert
s457150321.py(12):     node = TreeNode(val)
 --- modulename: s457150321, funcname: __init__
s457150321.py(3):     self.val = val
s457150321.py(4):     self.left = None
s457150321.py(5):     self.right = None
s457150321.py(13):     if self.root is None: 
s457150321.py(14):       self.root = node
s457150321.py(15):       return
s457150321.py(111): for _ in range(n):
s457150321.py(112):   ins = list(map(str, input().split()))
s457150321.py(113):   order = ins[0]
s457150321.py(114):   if order == "insert":
s457150321.py(115):     val = int(ins[1])
s457150321.py(116):     bst.insert(val)
 --- modulename: s457150321, funcname: insert
s457150321.py(12):     node = TreeNode(val)
 --- modulename: s457150321, funcname: __init__
s457150321.py(3):     self.val = val
s457150321.py(4):     self.left = None
s457150321.py(5):     self.right = None
s457150321.py(13):     if self.root is None: 
s457150321.py(17):     cur_parent = None
s457150321.py(18):     cur_root = self.root
s457150321.py(20):     while cur_root is not None:
s457150321.py(21):       cur_parent = cur_root
s457150321.py(22):       if val > cur_root.val:
s457150321.py(25):         cur_root = cur_root.left
s457150321.py(20):     while cur_root is not None:
s457150321.py(27):     if val > cur_parent.val:
s457150321.py(30):       cur_parent.left = node
s457150321.py(111): for _ in range(n):
s457150321.py(112):   ins = list(map(str, input().split()))
s457150321.py(113):   order = ins[0]
s457150321.py(114):   if order == "insert":
s457150321.py(115):     val = int(ins[1])
s457150321.py(116):     bst.insert(val)
 --- modulename: s457150321, funcname: insert
s457150321.py(12):     node = TreeNode(val)
 --- modulename: s457150321, funcname: __init__
s457150321.py(3):     self.val = val
s457150321.py(4):     self.left = None
s457150321.py(5):     self.right = None
s457150321.py(13):     if self.root is None: 
s457150321.py(17):     cur_parent = None
s457150321.py(18):     cur_root = self.root
s457150321.py(20):     while cur_root is not None:
s457150321.py(21):       cur_parent = cur_root
s457150321.py(22):       if val > cur_root.val:
s457150321.py(25):         cur_root = cur_root.left
s457150321.py(20):     while cur_root is not None:
s457150321.py(21):       cur_parent = cur_root
s457150321.py(22):       if val > cur_root.val:
s457150321.py(23):         cur_root = cur_root.right
s457150321.py(20):     while cur_root is not None:
s457150321.py(27):     if val > cur_parent.val:
s457150321.py(28):       cur_parent.right = node
s457150321.py(111): for _ in range(n):
s457150321.py(112):   ins = list(map(str, input().split()))
s457150321.py(113):   order = ins[0]
s457150321.py(114):   if order == "insert":
s457150321.py(115):     val = int(ins[1])
s457150321.py(116):     bst.insert(val)
 --- modulename: s457150321, funcname: insert
s457150321.py(12):     node = TreeNode(val)
 --- modulename: s457150321, funcname: __init__
s457150321.py(3):     self.val = val
s457150321.py(4):     self.left = None
s457150321.py(5):     self.right = None
s457150321.py(13):     if self.root is None: 
s457150321.py(17):     cur_parent = None
s457150321.py(18):     cur_root = self.root
s457150321.py(20):     while cur_root is not None:
s457150321.py(21):       cur_parent = cur_root
s457150321.py(22):       if val > cur_root.val:
s457150321.py(25):         cur_root = cur_root.left
s457150321.py(20):     while cur_root is not None:
s457150321.py(21):       cur_parent = cur_root
s457150321.py(22):       if val > cur_root.val:
s457150321.py(23):         cur_root = cur_root.right
s457150321.py(20):     while cur_root is not None:
s457150321.py(21):       cur_parent = cur_root
s457150321.py(22):       if val > cur_root.val:
s457150321.py(23):         cur_root = cur_root.right
s457150321.py(20):     while cur_root is not None:
s457150321.py(27):     if val > cur_parent.val:
s457150321.py(28):       cur_parent.right = node
s457150321.py(111): for _ in range(n):
s457150321.py(112):   ins = list(map(str, input().split()))
s457150321.py(113):   order = ins[0]
s457150321.py(114):   if order == "insert":
s457150321.py(115):     val = int(ins[1])
s457150321.py(116):     bst.insert(val)
 --- modulename: s457150321, funcname: insert
s457150321.py(12):     node = TreeNode(val)
 --- modulename: s457150321, funcname: __init__
s457150321.py(3):     self.val = val
s457150321.py(4):     self.left = None
s457150321.py(5):     self.right = None
s457150321.py(13):     if self.root is None: 
s457150321.py(17):     cur_parent = None
s457150321.py(18):     cur_root = self.root
s457150321.py(20):     while cur_root is not None:
s457150321.py(21):       cur_parent = cur_root
s457150321.py(22):       if val > cur_root.val:
s457150321.py(23):         cur_root = cur_root.right
s457150321.py(20):     while cur_root is not None:
s457150321.py(27):     if val > cur_parent.val:
s457150321.py(28):       cur_parent.right = node
s457150321.py(111): for _ in range(n):
s457150321.py(112):   ins = list(map(str, input().split()))
s457150321.py(113):   order = ins[0]
s457150321.py(114):   if order == "insert":
s457150321.py(115):     val = int(ins[1])
s457150321.py(116):     bst.insert(val)
 --- modulename: s457150321, funcname: insert
s457150321.py(12):     node = TreeNode(val)
 --- modulename: s457150321, funcname: __init__
s457150321.py(3):     self.val = val
s457150321.py(4):     self.left = None
s457150321.py(5):     self.right = None
s457150321.py(13):     if self.root is None: 
s457150321.py(17):     cur_parent = None
s457150321.py(18):     cur_root = self.root
s457150321.py(20):     while cur_root is not None:
s457150321.py(21):       cur_parent = cur_root
s457150321.py(22):       if val > cur_root.val:
s457150321.py(25):         cur_root = cur_root.left
s457150321.py(20):     while cur_root is not None:
s457150321.py(21):       cur_parent = cur_root
s457150321.py(22):       if val > cur_root.val:
s457150321.py(25):         cur_root = cur_root.left
s457150321.py(20):     while cur_root is not None:
s457150321.py(27):     if val > cur_parent.val:
s457150321.py(30):       cur_parent.left = node
s457150321.py(111): for _ in range(n):
s457150321.py(112):   ins = list(map(str, input().split()))
s457150321.py(113):   order = ins[0]
s457150321.py(114):   if order == "insert":
s457150321.py(117):   elif order == "find":
s457150321.py(118):     val = int(ins[1])
s457150321.py(119):     if not bst.find(val):
 --- modulename: s457150321, funcname: find
s457150321.py(33):     cur_node = self.root
s457150321.py(35):     while cur_node is not None:
s457150321.py(36):       if cur_node.val == val:
s457150321.py(38):       elif cur_node.val > val:
s457150321.py(39):         cur_node = cur_node.left
s457150321.py(35):     while cur_node is not None:
s457150321.py(36):       if cur_node.val == val:
s457150321.py(38):       elif cur_node.val > val:
s457150321.py(39):         cur_node = cur_node.left
s457150321.py(35):     while cur_node is not None:
s457150321.py(36):       if cur_node.val == val:
s457150321.py(37):         return cur_node
s457150321.py(122):       print("yes")
yes
s457150321.py(111): for _ in range(n):
s457150321.py(112):   ins = list(map(str, input().split()))
s457150321.py(113):   order = ins[0]
s457150321.py(114):   if order == "insert":
s457150321.py(117):   elif order == "find":
s457150321.py(118):     val = int(ins[1])
s457150321.py(119):     if not bst.find(val):
 --- modulename: s457150321, funcname: find
s457150321.py(33):     cur_node = self.root
s457150321.py(35):     while cur_node is not None:
s457150321.py(36):       if cur_node.val == val:
s457150321.py(38):       elif cur_node.val > val:
s457150321.py(39):         cur_node = cur_node.left
s457150321.py(35):     while cur_node is not None:
s457150321.py(36):       if cur_node.val == val:
s457150321.py(37):         return cur_node
s457150321.py(122):       print("yes")
yes
s457150321.py(111): for _ in range(n):
s457150321.py(112):   ins = list(map(str, input().split()))
s457150321.py(113):   order = ins[0]
s457150321.py(114):   if order == "insert":
s457150321.py(117):   elif order == "find":
s457150321.py(118):     val = int(ins[1])
s457150321.py(119):     if not bst.find(val):
 --- modulename: s457150321, funcname: find
s457150321.py(33):     cur_node = self.root
s457150321.py(35):     while cur_node is not None:
s457150321.py(36):       if cur_node.val == val:
s457150321.py(38):       elif cur_node.val > val:
s457150321.py(39):         cur_node = cur_node.left
s457150321.py(35):     while cur_node is not None:
s457150321.py(36):       if cur_node.val == val:
s457150321.py(38):       elif cur_node.val > val:
s457150321.py(41):         cur_node = cur_node.right
s457150321.py(35):     while cur_node is not None:
s457150321.py(36):       if cur_node.val == val:
s457150321.py(37):         return cur_node
s457150321.py(122):       print("yes")
yes
s457150321.py(111): for _ in range(n):
s457150321.py(112):   ins = list(map(str, input().split()))
s457150321.py(113):   order = ins[0]
s457150321.py(114):   if order == "insert":
s457150321.py(117):   elif order == "find":
s457150321.py(118):     val = int(ins[1])
s457150321.py(119):     if not bst.find(val):
 --- modulename: s457150321, funcname: find
s457150321.py(33):     cur_node = self.root
s457150321.py(35):     while cur_node is not None:
s457150321.py(36):       if cur_node.val == val:
s457150321.py(38):       elif cur_node.val > val:
s457150321.py(39):         cur_node = cur_node.left
s457150321.py(35):     while cur_node is not None:
s457150321.py(36):       if cur_node.val == val:
s457150321.py(38):       elif cur_node.val > val:
s457150321.py(41):         cur_node = cur_node.right
s457150321.py(35):     while cur_node is not None:
s457150321.py(36):       if cur_node.val == val:
s457150321.py(38):       elif cur_node.val > val:
s457150321.py(41):         cur_node = cur_node.right
s457150321.py(35):     while cur_node is not None:
s457150321.py(36):       if cur_node.val == val:
s457150321.py(38):       elif cur_node.val > val:
s457150321.py(39):         cur_node = cur_node.left
s457150321.py(35):     while cur_node is not None:
s457150321.py(43):     return False
s457150321.py(120):       print("no")
no
s457150321.py(111): for _ in range(n):
s457150321.py(112):   ins = list(map(str, input().split()))
s457150321.py(113):   order = ins[0]
s457150321.py(114):   if order == "insert":
s457150321.py(117):   elif order == "find":
s457150321.py(118):     val = int(ins[1])
s457150321.py(119):     if not bst.find(val):
 --- modulename: s457150321, funcname: find
s457150321.py(33):     cur_node = self.root
s457150321.py(35):     while cur_node is not None:
s457150321.py(36):       if cur_node.val == val:
s457150321.py(38):       elif cur_node.val > val:
s457150321.py(39):         cur_node = cur_node.left
s457150321.py(35):     while cur_node is not None:
s457150321.py(36):       if cur_node.val == val:
s457150321.py(38):       elif cur_node.val > val:
s457150321.py(41):         cur_node = cur_node.right
s457150321.py(35):     while cur_node is not None:
s457150321.py(36):       if cur_node.val == val:
s457150321.py(38):       elif cur_node.val > val:
s457150321.py(41):         cur_node = cur_node.right
s457150321.py(35):     while cur_node is not None:
s457150321.py(36):       if cur_node.val == val:
s457150321.py(38):       elif cur_node.val > val:
s457150321.py(39):         cur_node = cur_node.left
s457150321.py(35):     while cur_node is not None:
s457150321.py(43):     return False
s457150321.py(120):       print("no")
no
s457150321.py(111): for _ in range(n):
s457150321.py(112):   ins = list(map(str, input().split()))
s457150321.py(113):   order = ins[0]
s457150321.py(114):   if order == "insert":
s457150321.py(117):   elif order == "find":
s457150321.py(118):     val = int(ins[1])
s457150321.py(119):     if not bst.find(val):
 --- modulename: s457150321, funcname: find
s457150321.py(33):     cur_node = self.root
s457150321.py(35):     while cur_node is not None:
s457150321.py(36):       if cur_node.val == val:
s457150321.py(38):       elif cur_node.val > val:
s457150321.py(39):         cur_node = cur_node.left
s457150321.py(35):     while cur_node is not None:
s457150321.py(36):       if cur_node.val == val:
s457150321.py(38):       elif cur_node.val > val:
s457150321.py(41):         cur_node = cur_node.right
s457150321.py(35):     while cur_node is not None:
s457150321.py(36):       if cur_node.val == val:
s457150321.py(38):       elif cur_node.val > val:
s457150321.py(41):         cur_node = cur_node.right
s457150321.py(35):     while cur_node is not None:
s457150321.py(36):       if cur_node.val == val:
s457150321.py(38):       elif cur_node.val > val:
s457150321.py(39):         cur_node = cur_node.left
s457150321.py(35):     while cur_node is not None:
s457150321.py(43):     return False
s457150321.py(120):       print("no")
no
s457150321.py(111): for _ in range(n):
s457150321.py(112):   ins = list(map(str, input().split()))
s457150321.py(113):   order = ins[0]
s457150321.py(114):   if order == "insert":
s457150321.py(117):   elif order == "find":
s457150321.py(118):     val = int(ins[1])
s457150321.py(119):     if not bst.find(val):
 --- modulename: s457150321, funcname: find
s457150321.py(33):     cur_node = self.root
s457150321.py(35):     while cur_node is not None:
s457150321.py(36):       if cur_node.val == val:
s457150321.py(38):       elif cur_node.val > val:
s457150321.py(39):         cur_node = cur_node.left
s457150321.py(35):     while cur_node is not None:
s457150321.py(36):       if cur_node.val == val:
s457150321.py(38):       elif cur_node.val > val:
s457150321.py(41):         cur_node = cur_node.right
s457150321.py(35):     while cur_node is not None:
s457150321.py(36):       if cur_node.val == val:
s457150321.py(38):       elif cur_node.val > val:
s457150321.py(41):         cur_node = cur_node.right
s457150321.py(35):     while cur_node is not None:
s457150321.py(36):       if cur_node.val == val:
s457150321.py(37):         return cur_node
s457150321.py(122):       print("yes")
yes
s457150321.py(111): for _ in range(n):
s457150321.py(112):   ins = list(map(str, input().split()))
s457150321.py(113):   order = ins[0]
s457150321.py(114):   if order == "insert":
s457150321.py(117):   elif order == "find":
s457150321.py(118):     val = int(ins[1])
s457150321.py(119):     if not bst.find(val):
 --- modulename: s457150321, funcname: find
s457150321.py(33):     cur_node = self.root
s457150321.py(35):     while cur_node is not None:
s457150321.py(36):       if cur_node.val == val:
s457150321.py(37):         return cur_node
s457150321.py(122):       print("yes")
yes
s457150321.py(111): for _ in range(n):
s457150321.py(112):   ins = list(map(str, input().split()))
s457150321.py(113):   order = ins[0]
s457150321.py(114):   if order == "insert":
s457150321.py(117):   elif order == "find":
s457150321.py(123):   elif order == "delete":
s457150321.py(126):   elif order == "print":
s457150321.py(127):     bst.print()
 --- modulename: s457150321, funcname: print
s457150321.py(86):     self.inorder = []
s457150321.py(87):     self.preorder = []
s457150321.py(88):     self.inorder_dfs(self.root)
 --- modulename: s457150321, funcname: inorder_dfs
s457150321.py(95):     if not root: return
s457150321.py(97):     self.inorder_dfs(root.left)
 --- modulename: s457150321, funcname: inorder_dfs
s457150321.py(95):     if not root: return
s457150321.py(97):     self.inorder_dfs(root.left)
 --- modulename: s457150321, funcname: inorder_dfs
s457150321.py(95):     if not root: return
s457150321.py(97):     self.inorder_dfs(root.left)
 --- modulename: s457150321, funcname: inorder_dfs
s457150321.py(95):     if not root: return
s457150321.py(98):     self.inorder.append(root.val)
s457150321.py(99):     self.inorder_dfs(root.right)
 --- modulename: s457150321, funcname: inorder_dfs
s457150321.py(95):     if not root: return
s457150321.py(98):     self.inorder.append(root.val)
s457150321.py(99):     self.inorder_dfs(root.right)
 --- modulename: s457150321, funcname: inorder_dfs
s457150321.py(95):     if not root: return
s457150321.py(97):     self.inorder_dfs(root.left)
 --- modulename: s457150321, funcname: inorder_dfs
s457150321.py(95):     if not root: return
s457150321.py(98):     self.inorder.append(root.val)
s457150321.py(99):     self.inorder_dfs(root.right)
 --- modulename: s457150321, funcname: inorder_dfs
s457150321.py(95):     if not root: return
s457150321.py(97):     self.inorder_dfs(root.left)
 --- modulename: s457150321, funcname: inorder_dfs
s457150321.py(95):     if not root: return
s457150321.py(98):     self.inorder.append(root.val)
s457150321.py(99):     self.inorder_dfs(root.right)
 --- modulename: s457150321, funcname: inorder_dfs
s457150321.py(95):     if not root: return
s457150321.py(98):     self.inorder.append(root.val)
s457150321.py(99):     self.inorder_dfs(root.right)
 --- modulename: s457150321, funcname: inorder_dfs
s457150321.py(95):     if not root: return
s457150321.py(97):     self.inorder_dfs(root.left)
 --- modulename: s457150321, funcname: inorder_dfs
s457150321.py(95):     if not root: return
s457150321.py(98):     self.inorder.append(root.val)
s457150321.py(99):     self.inorder_dfs(root.right)
 --- modulename: s457150321, funcname: inorder_dfs
s457150321.py(95):     if not root: return
s457150321.py(89):     self.preorder_dfs(self.root)
 --- modulename: s457150321, funcname: preorder_dfs
s457150321.py(102):     if not root: return
s457150321.py(104):     self.preorder.append(root.val)
s457150321.py(105):     self.preorder_dfs(root.left)
 --- modulename: s457150321, funcname: preorder_dfs
s457150321.py(102):     if not root: return
s457150321.py(104):     self.preorder.append(root.val)
s457150321.py(105):     self.preorder_dfs(root.left)
 --- modulename: s457150321, funcname: preorder_dfs
s457150321.py(102):     if not root: return
s457150321.py(104):     self.preorder.append(root.val)
s457150321.py(105):     self.preorder_dfs(root.left)
 --- modulename: s457150321, funcname: preorder_dfs
s457150321.py(102):     if not root: return
s457150321.py(106):     self.preorder_dfs(root.right)
 --- modulename: s457150321, funcname: preorder_dfs
s457150321.py(102):     if not root: return
s457150321.py(106):     self.preorder_dfs(root.right)
 --- modulename: s457150321, funcname: preorder_dfs
s457150321.py(102):     if not root: return
s457150321.py(104):     self.preorder.append(root.val)
s457150321.py(105):     self.preorder_dfs(root.left)
 --- modulename: s457150321, funcname: preorder_dfs
s457150321.py(102):     if not root: return
s457150321.py(106):     self.preorder_dfs(root.right)
 --- modulename: s457150321, funcname: preorder_dfs
s457150321.py(102):     if not root: return
s457150321.py(104):     self.preorder.append(root.val)
s457150321.py(105):     self.preorder_dfs(root.left)
 --- modulename: s457150321, funcname: preorder_dfs
s457150321.py(102):     if not root: return
s457150321.py(106):     self.preorder_dfs(root.right)
 --- modulename: s457150321, funcname: preorder_dfs
s457150321.py(102):     if not root: return
s457150321.py(106):     self.preorder_dfs(root.right)
 --- modulename: s457150321, funcname: preorder_dfs
s457150321.py(102):     if not root: return
s457150321.py(104):     self.preorder.append(root.val)
s457150321.py(105):     self.preorder_dfs(root.left)
 --- modulename: s457150321, funcname: preorder_dfs
s457150321.py(102):     if not root: return
s457150321.py(106):     self.preorder_dfs(root.right)
 --- modulename: s457150321, funcname: preorder_dfs
s457150321.py(102):     if not root: return
s457150321.py(91):     print(" " + " ".join([ str(i) for i in self.inorder ]))
 --- modulename: s457150321, funcname: <listcomp>
s457150321.py(91):     print(" " + " ".join([ str(i) for i in self.inorder ]))
s457150321.py(91):     print(" " + " ".join([ str(i) for i in self.inorder ]))
s457150321.py(91):     print(" " + " ".join([ str(i) for i in self.inorder ]))
s457150321.py(91):     print(" " + " ".join([ str(i) for i in self.inorder ]))
s457150321.py(91):     print(" " + " ".join([ str(i) for i in self.inorder ]))
s457150321.py(91):     print(" " + " ".join([ str(i) for i in self.inorder ]))
s457150321.py(91):     print(" " + " ".join([ str(i) for i in self.inorder ]))
 1 2 3 7 8 22
s457150321.py(92):     print(" " + " ".join([ str(i) for i in self.preorder ]))
 --- modulename: s457150321, funcname: <listcomp>
s457150321.py(92):     print(" " + " ".join([ str(i) for i in self.preorder ]))
s457150321.py(92):     print(" " + " ".join([ str(i) for i in self.preorder ]))
s457150321.py(92):     print(" " + " ".join([ str(i) for i in self.preorder ]))
s457150321.py(92):     print(" " + " ".join([ str(i) for i in self.preorder ]))
s457150321.py(92):     print(" " + " ".join([ str(i) for i in self.preorder ]))
s457150321.py(92):     print(" " + " ".join([ str(i) for i in self.preorder ]))
s457150321.py(92):     print(" " + " ".join([ str(i) for i in self.preorder ]))
 8 2 1 3 7 22
s457150321.py(111): for _ in range(n):
s457150321.py(112):   ins = list(map(str, input().split()))
s457150321.py(113):   order = ins[0]
s457150321.py(114):   if order == "insert":
s457150321.py(117):   elif order == "find":
s457150321.py(123):   elif order == "delete":
s457150321.py(124):     val = int(ins[1])
s457150321.py(125):     bst.delete(bst.root, val)
 --- modulename: s457150321, funcname: delete
s457150321.py(55):     if root is None: 
s457150321.py(57):     elif val < root.val:
s457150321.py(58):       root.left = self.delete(root.left, val)
 --- modulename: s457150321, funcname: delete
s457150321.py(55):     if root is None: 
s457150321.py(57):     elif val < root.val:
s457150321.py(59):     elif val > root.val:
s457150321.py(60):       root.right = self.delete(root.right, val)
 --- modulename: s457150321, funcname: delete
s457150321.py(55):     if root is None: 
s457150321.py(57):     elif val < root.val:
s457150321.py(59):     elif val > root.val:
s457150321.py(63):       if root.left is None: 
s457150321.py(64):         temp = root.right  
s457150321.py(65):         root = None 
s457150321.py(66):         return temp  
s457150321.py(83):     return root  
s457150321.py(83):     return root  
s457150321.py(111): for _ in range(n):
s457150321.py(112):   ins = list(map(str, input().split()))
s457150321.py(113):   order = ins[0]
s457150321.py(114):   if order == "insert":
s457150321.py(117):   elif order == "find":
s457150321.py(123):   elif order == "delete":
s457150321.py(124):     val = int(ins[1])
s457150321.py(125):     bst.delete(bst.root, val)
 --- modulename: s457150321, funcname: delete
s457150321.py(55):     if root is None: 
s457150321.py(57):     elif val < root.val:
s457150321.py(58):       root.left = self.delete(root.left, val)
 --- modulename: s457150321, funcname: delete
s457150321.py(55):     if root is None: 
s457150321.py(57):     elif val < root.val:
s457150321.py(59):     elif val > root.val:
s457150321.py(60):       root.right = self.delete(root.right, val)
 --- modulename: s457150321, funcname: delete
s457150321.py(55):     if root is None: 
s457150321.py(57):     elif val < root.val:
s457150321.py(59):     elif val > root.val:
s457150321.py(63):       if root.left is None: 
s457150321.py(64):         temp = root.right  
s457150321.py(65):         root = None 
s457150321.py(66):         return temp  
s457150321.py(83):     return root  
s457150321.py(83):     return root  
s457150321.py(111): for _ in range(n):
s457150321.py(112):   ins = list(map(str, input().split()))
s457150321.py(113):   order = ins[0]
s457150321.py(114):   if order == "insert":
s457150321.py(117):   elif order == "find":
s457150321.py(123):   elif order == "delete":
s457150321.py(126):   elif order == "print":
s457150321.py(127):     bst.print()
 --- modulename: s457150321, funcname: print
s457150321.py(86):     self.inorder = []
s457150321.py(87):     self.preorder = []
s457150321.py(88):     self.inorder_dfs(self.root)
 --- modulename: s457150321, funcname: inorder_dfs
s457150321.py(95):     if not root: return
s457150321.py(97):     self.inorder_dfs(root.left)
 --- modulename: s457150321, funcname: inorder_dfs
s457150321.py(95):     if not root: return
s457150321.py(97):     self.inorder_dfs(root.left)
 --- modulename: s457150321, funcname: inorder_dfs
s457150321.py(95):     if not root: return
s457150321.py(97):     self.inorder_dfs(root.left)
 --- modulename: s457150321, funcname: inorder_dfs
s457150321.py(95):     if not root: return
s457150321.py(98):     self.inorder.append(root.val)
s457150321.py(99):     self.inorder_dfs(root.right)
 --- modulename: s457150321, funcname: inorder_dfs
s457150321.py(95):     if not root: return
s457150321.py(98):     self.inorder.append(root.val)
s457150321.py(99):     self.inorder_dfs(root.right)
 --- modulename: s457150321, funcname: inorder_dfs
s457150321.py(95):     if not root: return
s457150321.py(98):     self.inorder.append(root.val)
s457150321.py(99):     self.inorder_dfs(root.right)
 --- modulename: s457150321, funcname: inorder_dfs
s457150321.py(95):     if not root: return
s457150321.py(97):     self.inorder_dfs(root.left)
 --- modulename: s457150321, funcname: inorder_dfs
s457150321.py(95):     if not root: return
s457150321.py(98):     self.inorder.append(root.val)
s457150321.py(99):     self.inorder_dfs(root.right)
 --- modulename: s457150321, funcname: inorder_dfs
s457150321.py(95):     if not root: return
s457150321.py(89):     self.preorder_dfs(self.root)
 --- modulename: s457150321, funcname: preorder_dfs
s457150321.py(102):     if not root: return
s457150321.py(104):     self.preorder.append(root.val)
s457150321.py(105):     self.preorder_dfs(root.left)
 --- modulename: s457150321, funcname: preorder_dfs
s457150321.py(102):     if not root: return
s457150321.py(104):     self.preorder.append(root.val)
s457150321.py(105):     self.preorder_dfs(root.left)
 --- modulename: s457150321, funcname: preorder_dfs
s457150321.py(102):     if not root: return
s457150321.py(104):     self.preorder.append(root.val)
s457150321.py(105):     self.preorder_dfs(root.left)
 --- modulename: s457150321, funcname: preorder_dfs
s457150321.py(102):     if not root: return
s457150321.py(106):     self.preorder_dfs(root.right)
 --- modulename: s457150321, funcname: preorder_dfs
s457150321.py(102):     if not root: return
s457150321.py(106):     self.preorder_dfs(root.right)
 --- modulename: s457150321, funcname: preorder_dfs
s457150321.py(102):     if not root: return
s457150321.py(106):     self.preorder_dfs(root.right)
 --- modulename: s457150321, funcname: preorder_dfs
s457150321.py(102):     if not root: return
s457150321.py(104):     self.preorder.append(root.val)
s457150321.py(105):     self.preorder_dfs(root.left)
 --- modulename: s457150321, funcname: preorder_dfs
s457150321.py(102):     if not root: return
s457150321.py(106):     self.preorder_dfs(root.right)
 --- modulename: s457150321, funcname: preorder_dfs
s457150321.py(102):     if not root: return
s457150321.py(91):     print(" " + " ".join([ str(i) for i in self.inorder ]))
 --- modulename: s457150321, funcname: <listcomp>
s457150321.py(91):     print(" " + " ".join([ str(i) for i in self.inorder ]))
s457150321.py(91):     print(" " + " ".join([ str(i) for i in self.inorder ]))
s457150321.py(91):     print(" " + " ".join([ str(i) for i in self.inorder ]))
s457150321.py(91):     print(" " + " ".join([ str(i) for i in self.inorder ]))
s457150321.py(91):     print(" " + " ".join([ str(i) for i in self.inorder ]))
 1 2 8 22
s457150321.py(92):     print(" " + " ".join([ str(i) for i in self.preorder ]))
 --- modulename: s457150321, funcname: <listcomp>
s457150321.py(92):     print(" " + " ".join([ str(i) for i in self.preorder ]))
s457150321.py(92):     print(" " + " ".join([ str(i) for i in self.preorder ]))
s457150321.py(92):     print(" " + " ".join([ str(i) for i in self.preorder ]))
s457150321.py(92):     print(" " + " ".join([ str(i) for i in self.preorder ]))
s457150321.py(92):     print(" " + " ".join([ str(i) for i in self.preorder ]))
 8 2 1 22
s457150321.py(111): for _ in range(n):
