 --- modulename: s695837195, funcname: <module>
s695837195.py(1): import sys
s695837195.py(2): input = lambda: sys.stdin.readline().rstrip() 
s695837195.py(3): sys.setrecursionlimit(10**7)
s695837195.py(4): INF = 10**10
s695837195.py(5): def I(): return int(input())
s695837195.py(6): def F(): return float(input())
s695837195.py(7): def SS(): return input()
s695837195.py(8): def LI(): return [int(x) for x in input().split()]
s695837195.py(9): def LI_(): return [int(x)-1 for x in input().split()]
s695837195.py(10): def LF(): return [float(x) for x in input().split()]
s695837195.py(11): def LSS(): return input().split()
s695837195.py(13): def resolve():
s695837195.py(29): if __name__ == '__main__':
s695837195.py(30):     resolve()
 --- modulename: s695837195, funcname: resolve
s695837195.py(14):     N = I()
 --- modulename: s695837195, funcname: I
s695837195.py(5): def I(): return int(input())
 --- modulename: s695837195, funcname: <lambda>
s695837195.py(2): input = lambda: sys.stdin.readline().rstrip() 
 --- modulename: codecs, funcname: getstate
codecs.py(333):         return (self.buffer, 0)
 --- modulename: codecs, funcname: decode
codecs.py(321):         data = self.buffer + input
codecs.py(322):         (result, consumed) = self._buffer_decode(data, self.errors, final)
codecs.py(324):         self.buffer = data[consumed:]
codecs.py(325):         return result
s695837195.py(15):     A = LI()
 --- modulename: s695837195, funcname: LI
s695837195.py(8): def LI(): return [int(x) for x in input().split()]
 --- modulename: s695837195, funcname: <lambda>
s695837195.py(2): input = lambda: sys.stdin.readline().rstrip() 
 --- modulename: s695837195, funcname: <listcomp>
s695837195.py(8): def LI(): return [int(x) for x in input().split()]
s695837195.py(8): def LI(): return [int(x) for x in input().split()]
s695837195.py(8): def LI(): return [int(x) for x in input().split()]
s695837195.py(8): def LI(): return [int(x) for x in input().split()]
s695837195.py(8): def LI(): return [int(x) for x in input().split()]
s695837195.py(8): def LI(): return [int(x) for x in input().split()]
s695837195.py(17):     cnt = 0
s695837195.py(18):     flag = True
s695837195.py(19):     while flag:
s695837195.py(20):         flag = False
s695837195.py(21):         for j in range(N-1, 0, -1):
s695837195.py(22):             if A[j] < A[j-1]:
s695837195.py(23):                 A[j], A[j-1] = A[j-1], A[j]
s695837195.py(24):                 cnt += 1
s695837195.py(25):                 flag = True
s695837195.py(21):         for j in range(N-1, 0, -1):
s695837195.py(22):             if A[j] < A[j-1]:
s695837195.py(23):                 A[j], A[j-1] = A[j-1], A[j]
s695837195.py(24):                 cnt += 1
s695837195.py(25):                 flag = True
s695837195.py(21):         for j in range(N-1, 0, -1):
s695837195.py(22):             if A[j] < A[j-1]:
s695837195.py(23):                 A[j], A[j-1] = A[j-1], A[j]
s695837195.py(24):                 cnt += 1
s695837195.py(25):                 flag = True
s695837195.py(21):         for j in range(N-1, 0, -1):
s695837195.py(22):             if A[j] < A[j-1]:
s695837195.py(23):                 A[j], A[j-1] = A[j-1], A[j]
s695837195.py(24):                 cnt += 1
s695837195.py(25):                 flag = True
s695837195.py(21):         for j in range(N-1, 0, -1):
s695837195.py(19):     while flag:
s695837195.py(20):         flag = False
s695837195.py(21):         for j in range(N-1, 0, -1):
s695837195.py(22):             if A[j] < A[j-1]:
s695837195.py(21):         for j in range(N-1, 0, -1):
s695837195.py(22):             if A[j] < A[j-1]:
s695837195.py(23):                 A[j], A[j-1] = A[j-1], A[j]
s695837195.py(24):                 cnt += 1
s695837195.py(25):                 flag = True
s695837195.py(21):         for j in range(N-1, 0, -1):
s695837195.py(22):             if A[j] < A[j-1]:
s695837195.py(23):                 A[j], A[j-1] = A[j-1], A[j]
s695837195.py(24):                 cnt += 1
s695837195.py(25):                 flag = True
s695837195.py(21):         for j in range(N-1, 0, -1):
s695837195.py(22):             if A[j] < A[j-1]:
s695837195.py(21):         for j in range(N-1, 0, -1):
s695837195.py(19):     while flag:
s695837195.py(20):         flag = False
s695837195.py(21):         for j in range(N-1, 0, -1):
s695837195.py(22):             if A[j] < A[j-1]:
s695837195.py(21):         for j in range(N-1, 0, -1):
s695837195.py(22):             if A[j] < A[j-1]:
s695837195.py(23):                 A[j], A[j-1] = A[j-1], A[j]
s695837195.py(24):                 cnt += 1
s695837195.py(25):                 flag = True
s695837195.py(21):         for j in range(N-1, 0, -1):
s695837195.py(22):             if A[j] < A[j-1]:
s695837195.py(21):         for j in range(N-1, 0, -1):
s695837195.py(22):             if A[j] < A[j-1]:
s695837195.py(21):         for j in range(N-1, 0, -1):
s695837195.py(19):     while flag:
s695837195.py(20):         flag = False
s695837195.py(21):         for j in range(N-1, 0, -1):
s695837195.py(22):             if A[j] < A[j-1]:
s695837195.py(23):                 A[j], A[j-1] = A[j-1], A[j]
s695837195.py(24):                 cnt += 1
s695837195.py(25):                 flag = True
s695837195.py(21):         for j in range(N-1, 0, -1):
s695837195.py(22):             if A[j] < A[j-1]:
s695837195.py(21):         for j in range(N-1, 0, -1):
s695837195.py(22):             if A[j] < A[j-1]:
s695837195.py(21):         for j in range(N-1, 0, -1):
s695837195.py(22):             if A[j] < A[j-1]:
s695837195.py(21):         for j in range(N-1, 0, -1):
s695837195.py(19):     while flag:
s695837195.py(20):         flag = False
s695837195.py(21):         for j in range(N-1, 0, -1):
s695837195.py(22):             if A[j] < A[j-1]:
s695837195.py(21):         for j in range(N-1, 0, -1):
s695837195.py(22):             if A[j] < A[j-1]:
s695837195.py(21):         for j in range(N-1, 0, -1):
s695837195.py(22):             if A[j] < A[j-1]:
s695837195.py(21):         for j in range(N-1, 0, -1):
s695837195.py(22):             if A[j] < A[j-1]:
s695837195.py(21):         for j in range(N-1, 0, -1):
s695837195.py(19):     while flag:
s695837195.py(26):     print(*A)
1 2 3 4 5
s695837195.py(27):     print(cnt)
8
