 --- modulename: s696317573, funcname: <module>
s696317573.py(5): import sys
s696317573.py(6): read = sys.stdin.readline
s696317573.py(9): def read_a_int():
s696317573.py(13): def read_col(H, n_cols):
s696317573.py(29): N = read_a_int()
 --- modulename: s696317573, funcname: read_a_int
s696317573.py(10):     return int(read())
 --- modulename: codecs, funcname: getstate
codecs.py(333):         return (self.buffer, 0)
 --- modulename: codecs, funcname: decode
codecs.py(321):         data = self.buffer + input
codecs.py(322):         (result, consumed) = self._buffer_decode(data, self.errors, final)
codecs.py(324):         self.buffer = data[consumed:]
codecs.py(325):         return result
s696317573.py(30): C, S, F = read_col(N - 1, 3)
 --- modulename: s696317573, funcname: read_col
s696317573.py(20):     ret = [[] for _ in range(n_cols)]
 --- modulename: s696317573, funcname: <listcomp>
s696317573.py(20):     ret = [[] for _ in range(n_cols)]
s696317573.py(20):     ret = [[] for _ in range(n_cols)]
s696317573.py(20):     ret = [[] for _ in range(n_cols)]
s696317573.py(20):     ret = [[] for _ in range(n_cols)]
s696317573.py(21):     for _ in range(H):
s696317573.py(22):         tmp = list(map(int, read().split()))
s696317573.py(23):         for col in range(n_cols):
s696317573.py(24):             ret[col].append(tmp[col])
s696317573.py(23):         for col in range(n_cols):
s696317573.py(24):             ret[col].append(tmp[col])
s696317573.py(23):         for col in range(n_cols):
s696317573.py(24):             ret[col].append(tmp[col])
s696317573.py(23):         for col in range(n_cols):
s696317573.py(21):     for _ in range(H):
s696317573.py(22):         tmp = list(map(int, read().split()))
s696317573.py(23):         for col in range(n_cols):
s696317573.py(24):             ret[col].append(tmp[col])
s696317573.py(23):         for col in range(n_cols):
s696317573.py(24):             ret[col].append(tmp[col])
s696317573.py(23):         for col in range(n_cols):
s696317573.py(24):             ret[col].append(tmp[col])
s696317573.py(23):         for col in range(n_cols):
s696317573.py(21):     for _ in range(H):
s696317573.py(26):     return ret
s696317573.py(33): def f(i):
s696317573.py(47): for i in range(N - 1):
s696317573.py(48):     print(f(i))
 --- modulename: s696317573, funcname: f
s696317573.py(35):     now = S[i]  # はじめは運転開始時刻
s696317573.py(36):     for j in range(i, N - 2):  # 駅N-1の手前まで
s696317573.py(37):         now += C[j]  # 移動時間
s696317573.py(39):         f, s = F[j + 1], S[j + 1]
s696317573.py(41):         now_tmp = (int((now - 0.5) // f) + 1) * f
s696317573.py(42):         now = max(now_tmp, s)
s696317573.py(36):     for j in range(i, N - 2):  # 駅N-1の手前まで
s696317573.py(43):     now += C[N - 2]
s696317573.py(44):     return now
12
s696317573.py(47): for i in range(N - 1):
s696317573.py(48):     print(f(i))
 --- modulename: s696317573, funcname: f
s696317573.py(35):     now = S[i]  # はじめは運転開始時刻
s696317573.py(36):     for j in range(i, N - 2):  # 駅N-1の手前まで
s696317573.py(43):     now += C[N - 2]
s696317573.py(44):     return now
11
s696317573.py(47): for i in range(N - 1):
s696317573.py(49): print(0)
0
