 --- modulename: s698035611, funcname: <module>
s698035611.py(4): class Node:
 --- modulename: s698035611, funcname: Node
s698035611.py(4): class Node:
s698035611.py(5):     def __init__(self,key):
s698035611.py(10): class BST:
 --- modulename: s698035611, funcname: BST
s698035611.py(10): class BST:
s698035611.py(11):     def __init__(self):
s698035611.py(13):     def insert(self,key):
s698035611.py(18): def insert(t,z):
s698035611.py(36): def preorder(x):
s698035611.py(43): def inorder(x):
s698035611.py(50): def find(t,k):
s698035611.py(62): n=int(input())
 --- modulename: codecs, funcname: getstate
codecs.py(333):         return (self.buffer, 0)
 --- modulename: codecs, funcname: decode
codecs.py(321):         data = self.buffer + input
codecs.py(322):         (result, consumed) = self._buffer_decode(data, self.errors, final)
codecs.py(324):         self.buffer = data[consumed:]
codecs.py(325):         return result
s698035611.py(63): t=BST()
 --- modulename: s698035611, funcname: __init__
s698035611.py(12):         self.root=None
s698035611.py(64): for i in range(n):
s698035611.py(65):     tmp=input().split()
s698035611.py(66):     if tmp[0]=="insert":
s698035611.py(67):         t.insert(int(tmp[1]))
 --- modulename: s698035611, funcname: insert
s698035611.py(14):         node=Node(key)
 --- modulename: s698035611, funcname: __init__
s698035611.py(6):         self.key=key
s698035611.py(7):         self.parent=self.left=self.right=None
s698035611.py(15):         insert(self,node)
 --- modulename: s698035611, funcname: insert
s698035611.py(19):     x=t.root
s698035611.py(20):     y=None
s698035611.py(21):     while x:
s698035611.py(27):     z.parent=y
s698035611.py(29):     if y==None:
s698035611.py(30):         t.root=z
s698035611.py(64): for i in range(n):
s698035611.py(65):     tmp=input().split()
s698035611.py(66):     if tmp[0]=="insert":
s698035611.py(67):         t.insert(int(tmp[1]))
 --- modulename: s698035611, funcname: insert
s698035611.py(14):         node=Node(key)
 --- modulename: s698035611, funcname: __init__
s698035611.py(6):         self.key=key
s698035611.py(7):         self.parent=self.left=self.right=None
s698035611.py(15):         insert(self,node)
 --- modulename: s698035611, funcname: insert
s698035611.py(19):     x=t.root
s698035611.py(20):     y=None
s698035611.py(21):     while x:
s698035611.py(22):         y=x
s698035611.py(23):         if z.key<x.key:
s698035611.py(26):             x=x.right
s698035611.py(21):     while x:
s698035611.py(27):     z.parent=y
s698035611.py(29):     if y==None:
s698035611.py(31):     elif z.key<y.key:
s698035611.py(34):         y.right=z
s698035611.py(64): for i in range(n):
s698035611.py(65):     tmp=input().split()
s698035611.py(66):     if tmp[0]=="insert":
s698035611.py(67):         t.insert(int(tmp[1]))
 --- modulename: s698035611, funcname: insert
s698035611.py(14):         node=Node(key)
 --- modulename: s698035611, funcname: __init__
s698035611.py(6):         self.key=key
s698035611.py(7):         self.parent=self.left=self.right=None
s698035611.py(15):         insert(self,node)
 --- modulename: s698035611, funcname: insert
s698035611.py(19):     x=t.root
s698035611.py(20):     y=None
s698035611.py(21):     while x:
s698035611.py(22):         y=x
s698035611.py(23):         if z.key<x.key:
s698035611.py(24):             x=x.left
s698035611.py(21):     while x:
s698035611.py(27):     z.parent=y
s698035611.py(29):     if y==None:
s698035611.py(31):     elif z.key<y.key:
s698035611.py(32):         y.left=z
s698035611.py(64): for i in range(n):
s698035611.py(65):     tmp=input().split()
s698035611.py(66):     if tmp[0]=="insert":
s698035611.py(67):         t.insert(int(tmp[1]))
 --- modulename: s698035611, funcname: insert
s698035611.py(14):         node=Node(key)
 --- modulename: s698035611, funcname: __init__
s698035611.py(6):         self.key=key
s698035611.py(7):         self.parent=self.left=self.right=None
s698035611.py(15):         insert(self,node)
 --- modulename: s698035611, funcname: insert
s698035611.py(19):     x=t.root
s698035611.py(20):     y=None
s698035611.py(21):     while x:
s698035611.py(22):         y=x
s698035611.py(23):         if z.key<x.key:
s698035611.py(24):             x=x.left
s698035611.py(21):     while x:
s698035611.py(22):         y=x
s698035611.py(23):         if z.key<x.key:
s698035611.py(24):             x=x.left
s698035611.py(21):     while x:
s698035611.py(27):     z.parent=y
s698035611.py(29):     if y==None:
s698035611.py(31):     elif z.key<y.key:
s698035611.py(32):         y.left=z
s698035611.py(64): for i in range(n):
s698035611.py(65):     tmp=input().split()
s698035611.py(66):     if tmp[0]=="insert":
s698035611.py(67):         t.insert(int(tmp[1]))
 --- modulename: s698035611, funcname: insert
s698035611.py(14):         node=Node(key)
 --- modulename: s698035611, funcname: __init__
s698035611.py(6):         self.key=key
s698035611.py(7):         self.parent=self.left=self.right=None
s698035611.py(15):         insert(self,node)
 --- modulename: s698035611, funcname: insert
s698035611.py(19):     x=t.root
s698035611.py(20):     y=None
s698035611.py(21):     while x:
s698035611.py(22):         y=x
s698035611.py(23):         if z.key<x.key:
s698035611.py(24):             x=x.left
s698035611.py(21):     while x:
s698035611.py(22):         y=x
s698035611.py(23):         if z.key<x.key:
s698035611.py(26):             x=x.right
s698035611.py(21):     while x:
s698035611.py(27):     z.parent=y
s698035611.py(29):     if y==None:
s698035611.py(31):     elif z.key<y.key:
s698035611.py(34):         y.right=z
s698035611.py(64): for i in range(n):
s698035611.py(65):     tmp=input().split()
s698035611.py(66):     if tmp[0]=="insert":
s698035611.py(69):     elif tmp[0]=="find":
s698035611.py(70):         if find(t.root,int(tmp[1])):
 --- modulename: s698035611, funcname: find
s698035611.py(51):     while t:
s698035611.py(52):         if t.key==k:
s698035611.py(54):         if t.key > k:
s698035611.py(55):             t=t.left
s698035611.py(51):     while t:
s698035611.py(52):         if t.key==k:
s698035611.py(53):             return True
s698035611.py(71):             print("yes")
yes
s698035611.py(64): for i in range(n):
s698035611.py(65):     tmp=input().split()
s698035611.py(66):     if tmp[0]=="insert":
s698035611.py(67):         t.insert(int(tmp[1]))
 --- modulename: s698035611, funcname: insert
s698035611.py(14):         node=Node(key)
 --- modulename: s698035611, funcname: __init__
s698035611.py(6):         self.key=key
s698035611.py(7):         self.parent=self.left=self.right=None
s698035611.py(15):         insert(self,node)
 --- modulename: s698035611, funcname: insert
s698035611.py(19):     x=t.root
s698035611.py(20):     y=None
s698035611.py(21):     while x:
s698035611.py(22):         y=x
s698035611.py(23):         if z.key<x.key:
s698035611.py(24):             x=x.left
s698035611.py(21):     while x:
s698035611.py(22):         y=x
s698035611.py(23):         if z.key<x.key:
s698035611.py(26):             x=x.right
s698035611.py(21):     while x:
s698035611.py(22):         y=x
s698035611.py(23):         if z.key<x.key:
s698035611.py(24):             x=x.left
s698035611.py(21):     while x:
s698035611.py(27):     z.parent=y
s698035611.py(29):     if y==None:
s698035611.py(31):     elif z.key<y.key:
s698035611.py(32):         y.left=z
s698035611.py(64): for i in range(n):
s698035611.py(65):     tmp=input().split()
s698035611.py(66):     if tmp[0]=="insert":
s698035611.py(67):         t.insert(int(tmp[1]))
 --- modulename: s698035611, funcname: insert
s698035611.py(14):         node=Node(key)
 --- modulename: s698035611, funcname: __init__
s698035611.py(6):         self.key=key
s698035611.py(7):         self.parent=self.left=self.right=None
s698035611.py(15):         insert(self,node)
 --- modulename: s698035611, funcname: insert
s698035611.py(19):     x=t.root
s698035611.py(20):     y=None
s698035611.py(21):     while x:
s698035611.py(22):         y=x
s698035611.py(23):         if z.key<x.key:
s698035611.py(24):             x=x.left
s698035611.py(21):     while x:
s698035611.py(22):         y=x
s698035611.py(23):         if z.key<x.key:
s698035611.py(26):             x=x.right
s698035611.py(21):     while x:
s698035611.py(22):         y=x
s698035611.py(23):         if z.key<x.key:
s698035611.py(26):             x=x.right
s698035611.py(21):     while x:
s698035611.py(27):     z.parent=y
s698035611.py(29):     if y==None:
s698035611.py(31):     elif z.key<y.key:
s698035611.py(34):         y.right=z
s698035611.py(64): for i in range(n):
s698035611.py(65):     tmp=input().split()
s698035611.py(66):     if tmp[0]=="insert":
s698035611.py(69):     elif tmp[0]=="find":
s698035611.py(70):         if find(t.root,int(tmp[1])):
 --- modulename: s698035611, funcname: find
s698035611.py(51):     while t:
s698035611.py(52):         if t.key==k:
s698035611.py(54):         if t.key > k:
s698035611.py(55):             t=t.left
s698035611.py(51):     while t:
s698035611.py(52):         if t.key==k:
s698035611.py(54):         if t.key > k:
s698035611.py(57):             t=t.right
s698035611.py(51):     while t:
s698035611.py(52):         if t.key==k:
s698035611.py(54):         if t.key > k:
s698035611.py(55):             t=t.left
s698035611.py(51):     while t:
s698035611.py(52):         if t.key==k:
s698035611.py(54):         if t.key > k:
s698035611.py(55):             t=t.left
s698035611.py(51):     while t:
s698035611.py(58):     return False
s698035611.py(73):             print("no")
no
s698035611.py(64): for i in range(n):
s698035611.py(65):     tmp=input().split()
s698035611.py(66):     if tmp[0]=="insert":
s698035611.py(69):     elif tmp[0]=="find":
s698035611.py(76):         inorder(t.root)
 --- modulename: s698035611, funcname: inorder
s698035611.py(44):     if x.left != None:
s698035611.py(45):         inorder(x.left)
 --- modulename: s698035611, funcname: inorder
s698035611.py(44):     if x.left != None:
s698035611.py(45):         inorder(x.left)
 --- modulename: s698035611, funcname: inorder
s698035611.py(44):     if x.left != None:
s698035611.py(46):     print(" "+str(x.key),end="")
 1s698035611.py(47):     if x.right != None:
s698035611.py(46):     print(" "+str(x.key),end="")
 12s698035611.py(47):     if x.right != None:
s698035611.py(48):         inorder(x.right)
 --- modulename: s698035611, funcname: inorder
s698035611.py(44):     if x.left != None:
s698035611.py(45):         inorder(x.left)
 --- modulename: s698035611, funcname: inorder
s698035611.py(44):     if x.left != None:
s698035611.py(46):     print(" "+str(x.key),end="")
 17s698035611.py(47):     if x.right != None:
s698035611.py(46):     print(" "+str(x.key),end="")
 20s698035611.py(47):     if x.right != None:
s698035611.py(48):         inorder(x.right)
 --- modulename: s698035611, funcname: inorder
s698035611.py(44):     if x.left != None:
s698035611.py(46):     print(" "+str(x.key),end="")
 25s698035611.py(47):     if x.right != None:
s698035611.py(46):     print(" "+str(x.key),end="")
 30s698035611.py(47):     if x.right != None:
s698035611.py(48):         inorder(x.right)
 --- modulename: s698035611, funcname: inorder
s698035611.py(44):     if x.left != None:
s698035611.py(46):     print(" "+str(x.key),end="")
 88s698035611.py(47):     if x.right != None:
s698035611.py(77):         print("")

s698035611.py(78):         preorder(t.root)
 --- modulename: s698035611, funcname: preorder
s698035611.py(37):     print(" "+str(x.key),end="")
 30s698035611.py(38):     if x.left != None:
s698035611.py(39):         preorder(x.left)
 --- modulename: s698035611, funcname: preorder
s698035611.py(37):     print(" "+str(x.key),end="")
 12s698035611.py(38):     if x.left != None:
s698035611.py(39):         preorder(x.left)
 --- modulename: s698035611, funcname: preorder
s698035611.py(37):     print(" "+str(x.key),end="")
 1s698035611.py(38):     if x.left != None:
s698035611.py(40):     if x.right != None:
s698035611.py(40):     if x.right != None:
s698035611.py(41):         preorder(x.right)
 --- modulename: s698035611, funcname: preorder
s698035611.py(37):     print(" "+str(x.key),end="")
 20s698035611.py(38):     if x.left != None:
s698035611.py(39):         preorder(x.left)
 --- modulename: s698035611, funcname: preorder
s698035611.py(37):     print(" "+str(x.key),end="")
 17s698035611.py(38):     if x.left != None:
s698035611.py(40):     if x.right != None:
s698035611.py(40):     if x.right != None:
s698035611.py(41):         preorder(x.right)
 --- modulename: s698035611, funcname: preorder
s698035611.py(37):     print(" "+str(x.key),end="")
 25s698035611.py(38):     if x.left != None:
s698035611.py(40):     if x.right != None:
s698035611.py(40):     if x.right != None:
s698035611.py(41):         preorder(x.right)
 --- modulename: s698035611, funcname: preorder
s698035611.py(37):     print(" "+str(x.key),end="")
 88s698035611.py(38):     if x.left != None:
s698035611.py(40):     if x.right != None:
s698035611.py(79):         print("")

s698035611.py(64): for i in range(n):
