 --- modulename: s701460688, funcname: <module>
s701460688.py(1): import sys
s701460688.py(2): input = sys.stdin.readline
s701460688.py(5): class Node:
 --- modulename: s701460688, funcname: Node
s701460688.py(5): class Node:
s701460688.py(6):     def __init__(self, val):
s701460688.py(11): class DoublyLinkedList:
 --- modulename: s701460688, funcname: DoublyLinkedList
s701460688.py(11): class DoublyLinkedList:
s701460688.py(12):     def __init__(self):
s701460688.py(18):     def __getitem__(self, i):
s701460688.py(23):     def __setitem__(self, i):
s701460688.py(28):     def __len__(self):
s701460688.py(31):     def __bool__(self):
s701460688.py(34):     def __iter__(self):
s701460688.py(38):     def __next__(self):
s701460688.py(44):     def append(self, val):
s701460688.py(53):     def appendleft(self, val):
s701460688.py(62):     def pop(self):
s701460688.py(68):     def popleft(self):
s701460688.py(74):     def _get_node(self, i):
s701460688.py(85):     def _remove(self, i):
s701460688.py(94):     def _add(self, i, val):
s701460688.py(105):     def delete(self, val):
s701460688.py(117): dls = DoublyLinkedList()
 --- modulename: s701460688, funcname: __init__
s701460688.py(13):         self.n = 0
s701460688.py(14):         self.dummy = Node(None)
 --- modulename: s701460688, funcname: __init__
s701460688.py(7):         self.val = val
s701460688.py(8):         self.prev, self.next = None, None
s701460688.py(15):         self.dummy.prev = self.dummy
s701460688.py(16):         self.dummy.next = self.dummy
s701460688.py(118): input()
 --- modulename: codecs, funcname: getstate
codecs.py(333):         return (self.buffer, 0)
 --- modulename: codecs, funcname: decode
codecs.py(321):         data = self.buffer + input
codecs.py(322):         (result, consumed) = self._buffer_decode(data, self.errors, final)
codecs.py(324):         self.buffer = data[consumed:]
codecs.py(325):         return result
s701460688.py(119): for query in sys.stdin:
s701460688.py(120):     if query[0] == "i":
s701460688.py(121):         val = query[7:-1]
s701460688.py(122):         dls.appendleft(val)
 --- modulename: s701460688, funcname: appendleft
s701460688.py(54):         ptr = self.dummy.next
s701460688.py(55):         new_ptr = Node(val)
 --- modulename: s701460688, funcname: __init__
s701460688.py(7):         self.val = val
s701460688.py(8):         self.prev, self.next = None, None
s701460688.py(56):         new_ptr.prev = ptr.prev
s701460688.py(57):         new_ptr.next = ptr
s701460688.py(58):         new_ptr.next.prev = new_ptr
s701460688.py(59):         new_ptr.prev.next = new_ptr
s701460688.py(60):         self.n += 1
s701460688.py(119): for query in sys.stdin:
s701460688.py(120):     if query[0] == "i":
s701460688.py(121):         val = query[7:-1]
s701460688.py(122):         dls.appendleft(val)
 --- modulename: s701460688, funcname: appendleft
s701460688.py(54):         ptr = self.dummy.next
s701460688.py(55):         new_ptr = Node(val)
 --- modulename: s701460688, funcname: __init__
s701460688.py(7):         self.val = val
s701460688.py(8):         self.prev, self.next = None, None
s701460688.py(56):         new_ptr.prev = ptr.prev
s701460688.py(57):         new_ptr.next = ptr
s701460688.py(58):         new_ptr.next.prev = new_ptr
s701460688.py(59):         new_ptr.prev.next = new_ptr
s701460688.py(60):         self.n += 1
s701460688.py(119): for query in sys.stdin:
s701460688.py(120):     if query[0] == "i":
s701460688.py(121):         val = query[7:-1]
s701460688.py(122):         dls.appendleft(val)
 --- modulename: s701460688, funcname: appendleft
s701460688.py(54):         ptr = self.dummy.next
s701460688.py(55):         new_ptr = Node(val)
 --- modulename: s701460688, funcname: __init__
s701460688.py(7):         self.val = val
s701460688.py(8):         self.prev, self.next = None, None
s701460688.py(56):         new_ptr.prev = ptr.prev
s701460688.py(57):         new_ptr.next = ptr
s701460688.py(58):         new_ptr.next.prev = new_ptr
s701460688.py(59):         new_ptr.prev.next = new_ptr
s701460688.py(60):         self.n += 1
s701460688.py(119): for query in sys.stdin:
s701460688.py(120):     if query[0] == "i":
s701460688.py(121):         val = query[7:-1]
s701460688.py(122):         dls.appendleft(val)
 --- modulename: s701460688, funcname: appendleft
s701460688.py(54):         ptr = self.dummy.next
s701460688.py(55):         new_ptr = Node(val)
 --- modulename: s701460688, funcname: __init__
s701460688.py(7):         self.val = val
s701460688.py(8):         self.prev, self.next = None, None
s701460688.py(56):         new_ptr.prev = ptr.prev
s701460688.py(57):         new_ptr.next = ptr
s701460688.py(58):         new_ptr.next.prev = new_ptr
s701460688.py(59):         new_ptr.prev.next = new_ptr
s701460688.py(60):         self.n += 1
s701460688.py(119): for query in sys.stdin:
s701460688.py(120):     if query[0] == "i":
s701460688.py(123):     elif query[6] == "F":
s701460688.py(125):     elif query[6] == "L":
s701460688.py(128):         val = query[7:-1]
s701460688.py(129):         dls.delete(val)
 --- modulename: s701460688, funcname: delete
s701460688.py(106):         ptr = self.dummy
s701460688.py(107):         for _ in range(self.n):
s701460688.py(108):             ptr = ptr.next
s701460688.py(109):             if ptr.val == val:
s701460688.py(107):         for _ in range(self.n):
s701460688.py(108):             ptr = ptr.next
s701460688.py(109):             if ptr.val == val:
s701460688.py(110):                 ptr.prev.next = ptr.next
s701460688.py(111):                 ptr.next.prev = ptr.prev
s701460688.py(112):                 self.n -= 1
s701460688.py(113):                 return True
s701460688.py(119): for query in sys.stdin:
s701460688.py(120):     if query[0] == "i":
s701460688.py(121):         val = query[7:-1]
s701460688.py(122):         dls.appendleft(val)
 --- modulename: s701460688, funcname: appendleft
s701460688.py(54):         ptr = self.dummy.next
s701460688.py(55):         new_ptr = Node(val)
 --- modulename: s701460688, funcname: __init__
s701460688.py(7):         self.val = val
s701460688.py(8):         self.prev, self.next = None, None
s701460688.py(56):         new_ptr.prev = ptr.prev
s701460688.py(57):         new_ptr.next = ptr
s701460688.py(58):         new_ptr.next.prev = new_ptr
s701460688.py(59):         new_ptr.prev.next = new_ptr
s701460688.py(60):         self.n += 1
s701460688.py(119): for query in sys.stdin:
s701460688.py(120):     if query[0] == "i":
s701460688.py(123):     elif query[6] == "F":
s701460688.py(125):     elif query[6] == "L":
s701460688.py(128):         val = query[7:-1]
s701460688.py(129):         dls.delete(val)
 --- modulename: s701460688, funcname: delete
s701460688.py(106):         ptr = self.dummy
s701460688.py(107):         for _ in range(self.n):
s701460688.py(108):             ptr = ptr.next
s701460688.py(109):             if ptr.val == val:
s701460688.py(107):         for _ in range(self.n):
s701460688.py(108):             ptr = ptr.next
s701460688.py(109):             if ptr.val == val:
s701460688.py(107):         for _ in range(self.n):
s701460688.py(108):             ptr = ptr.next
s701460688.py(109):             if ptr.val == val:
s701460688.py(107):         for _ in range(self.n):
s701460688.py(108):             ptr = ptr.next
s701460688.py(109):             if ptr.val == val:
s701460688.py(110):                 ptr.prev.next = ptr.next
s701460688.py(111):                 ptr.next.prev = ptr.prev
s701460688.py(112):                 self.n -= 1
s701460688.py(113):                 return True
s701460688.py(119): for query in sys.stdin:
 --- modulename: codecs, funcname: decode
codecs.py(321):         data = self.buffer + input
codecs.py(322):         (result, consumed) = self._buffer_decode(data, self.errors, final)
codecs.py(324):         self.buffer = data[consumed:]
codecs.py(325):         return result
s701460688.py(131): print(*list(dls))
 --- modulename: s701460688, funcname: __len__
s701460688.py(29):         return self.n
 --- modulename: s701460688, funcname: __iter__
s701460688.py(35):         self.p = self.dummy
s701460688.py(36):         return self
 --- modulename: s701460688, funcname: __len__
s701460688.py(29):         return self.n
 --- modulename: s701460688, funcname: __next__
s701460688.py(39):         self.p = self.p.next
s701460688.py(40):         if self.p == self.dummy:
s701460688.py(42):         return self.p.val
 --- modulename: s701460688, funcname: __next__
s701460688.py(39):         self.p = self.p.next
s701460688.py(40):         if self.p == self.dummy:
s701460688.py(42):         return self.p.val
 --- modulename: s701460688, funcname: __next__
s701460688.py(39):         self.p = self.p.next
s701460688.py(40):         if self.p == self.dummy:
s701460688.py(42):         return self.p.val
 --- modulename: s701460688, funcname: __next__
s701460688.py(39):         self.p = self.p.next
s701460688.py(40):         if self.p == self.dummy:
s701460688.py(41):             raise StopIteration
6 1 2
