 --- modulename: s707603438, funcname: <module>
s707603438.py(1): import sys
s707603438.py(2): input = sys.stdin.readline
s707603438.py(3): input = sys.stdin.buffer.readline
s707603438.py(6): def II(): return int(input())
s707603438.py(7): def MI(): return map(int,input().split())
s707603438.py(8): def LI(): return list(map(int,input().split()))
s707603438.py(9): def TI(): return tuple(map(int,input().split()))
s707603438.py(15): def main():
s707603438.py(42): if __name__ == "__main__":
s707603438.py(43): 	main()
 --- modulename: s707603438, funcname: main
s707603438.py(16): 	n,m=MI()
 --- modulename: s707603438, funcname: MI
s707603438.py(7): def MI(): return map(int,input().split())
s707603438.py(17): 	ks=[LI() for _ in range(m)]
 --- modulename: s707603438, funcname: <listcomp>
s707603438.py(17): 	ks=[LI() for _ in range(m)]
 --- modulename: s707603438, funcname: LI
s707603438.py(8): def LI(): return list(map(int,input().split()))
s707603438.py(17): 	ks=[LI() for _ in range(m)]
 --- modulename: s707603438, funcname: LI
s707603438.py(8): def LI(): return list(map(int,input().split()))
s707603438.py(17): 	ks=[LI() for _ in range(m)]
s707603438.py(18): 	s=[i[1:] for i in ks]
 --- modulename: s707603438, funcname: <listcomp>
s707603438.py(18): 	s=[i[1:] for i in ks]
s707603438.py(18): 	s=[i[1:] for i in ks]
s707603438.py(18): 	s=[i[1:] for i in ks]
s707603438.py(19): 	p=LI()
 --- modulename: s707603438, funcname: LI
s707603438.py(8): def LI(): return list(map(int,input().split()))
s707603438.py(20): 	ans=0
s707603438.py(22): 	for i in range(1<<n):
s707603438.py(23): 		li=[0]*m
s707603438.py(24): 		for j in range(n):
s707603438.py(25): 			for k in range(m):
s707603438.py(26): 				if 1&i>>j:
s707603438.py(25): 			for k in range(m):
s707603438.py(26): 				if 1&i>>j:
s707603438.py(25): 			for k in range(m):
s707603438.py(24): 		for j in range(n):
s707603438.py(25): 			for k in range(m):
s707603438.py(26): 				if 1&i>>j:
s707603438.py(25): 			for k in range(m):
s707603438.py(26): 				if 1&i>>j:
s707603438.py(25): 			for k in range(m):
s707603438.py(24): 		for j in range(n):
s707603438.py(29): 		if p==li:
s707603438.py(22): 	for i in range(1<<n):
s707603438.py(23): 		li=[0]*m
s707603438.py(24): 		for j in range(n):
s707603438.py(25): 			for k in range(m):
s707603438.py(26): 				if 1&i>>j:
s707603438.py(27): 					if j+1 in s[k]:
s707603438.py(28): 						li[k]=1-li[k]
s707603438.py(25): 			for k in range(m):
s707603438.py(26): 				if 1&i>>j:
s707603438.py(27): 					if j+1 in s[k]:
s707603438.py(25): 			for k in range(m):
s707603438.py(24): 		for j in range(n):
s707603438.py(25): 			for k in range(m):
s707603438.py(26): 				if 1&i>>j:
s707603438.py(25): 			for k in range(m):
s707603438.py(26): 				if 1&i>>j:
s707603438.py(25): 			for k in range(m):
s707603438.py(24): 		for j in range(n):
s707603438.py(29): 		if p==li:
s707603438.py(22): 	for i in range(1<<n):
s707603438.py(23): 		li=[0]*m
s707603438.py(24): 		for j in range(n):
s707603438.py(25): 			for k in range(m):
s707603438.py(26): 				if 1&i>>j:
s707603438.py(25): 			for k in range(m):
s707603438.py(26): 				if 1&i>>j:
s707603438.py(25): 			for k in range(m):
s707603438.py(24): 		for j in range(n):
s707603438.py(25): 			for k in range(m):
s707603438.py(26): 				if 1&i>>j:
s707603438.py(27): 					if j+1 in s[k]:
s707603438.py(28): 						li[k]=1-li[k]
s707603438.py(25): 			for k in range(m):
s707603438.py(26): 				if 1&i>>j:
s707603438.py(27): 					if j+1 in s[k]:
s707603438.py(28): 						li[k]=1-li[k]
s707603438.py(25): 			for k in range(m):
s707603438.py(24): 		for j in range(n):
s707603438.py(29): 		if p==li:
s707603438.py(22): 	for i in range(1<<n):
s707603438.py(23): 		li=[0]*m
s707603438.py(24): 		for j in range(n):
s707603438.py(25): 			for k in range(m):
s707603438.py(26): 				if 1&i>>j:
s707603438.py(27): 					if j+1 in s[k]:
s707603438.py(28): 						li[k]=1-li[k]
s707603438.py(25): 			for k in range(m):
s707603438.py(26): 				if 1&i>>j:
s707603438.py(27): 					if j+1 in s[k]:
s707603438.py(25): 			for k in range(m):
s707603438.py(24): 		for j in range(n):
s707603438.py(25): 			for k in range(m):
s707603438.py(26): 				if 1&i>>j:
s707603438.py(27): 					if j+1 in s[k]:
s707603438.py(28): 						li[k]=1-li[k]
s707603438.py(25): 			for k in range(m):
s707603438.py(26): 				if 1&i>>j:
s707603438.py(27): 					if j+1 in s[k]:
s707603438.py(28): 						li[k]=1-li[k]
s707603438.py(25): 			for k in range(m):
s707603438.py(24): 		for j in range(n):
s707603438.py(29): 		if p==li:
s707603438.py(30): 			ans+=1
s707603438.py(22): 	for i in range(1<<n):
s707603438.py(31): 	print(ans)
1
