 --- modulename: s709277706, funcname: <module>
s709277706.py(1): char_to_ind = dict()
s709277706.py(2): ind_to_char = dict()
s709277706.py(3): for i, char in enumerate("ABCDEFGHIJKLMNOPQRSTUVWXYZ"):
s709277706.py(4):     char_to_ind[char] = i
s709277706.py(5):     ind_to_char[i] = char
s709277706.py(3): for i, char in enumerate("ABCDEFGHIJKLMNOPQRSTUVWXYZ"):
s709277706.py(4):     char_to_ind[char] = i
s709277706.py(5):     ind_to_char[i] = char
s709277706.py(3): for i, char in enumerate("ABCDEFGHIJKLMNOPQRSTUVWXYZ"):
s709277706.py(4):     char_to_ind[char] = i
s709277706.py(5):     ind_to_char[i] = char
s709277706.py(3): for i, char in enumerate("ABCDEFGHIJKLMNOPQRSTUVWXYZ"):
s709277706.py(4):     char_to_ind[char] = i
s709277706.py(5):     ind_to_char[i] = char
s709277706.py(3): for i, char in enumerate("ABCDEFGHIJKLMNOPQRSTUVWXYZ"):
s709277706.py(4):     char_to_ind[char] = i
s709277706.py(5):     ind_to_char[i] = char
s709277706.py(3): for i, char in enumerate("ABCDEFGHIJKLMNOPQRSTUVWXYZ"):
s709277706.py(4):     char_to_ind[char] = i
s709277706.py(5):     ind_to_char[i] = char
s709277706.py(3): for i, char in enumerate("ABCDEFGHIJKLMNOPQRSTUVWXYZ"):
s709277706.py(4):     char_to_ind[char] = i
s709277706.py(5):     ind_to_char[i] = char
s709277706.py(3): for i, char in enumerate("ABCDEFGHIJKLMNOPQRSTUVWXYZ"):
s709277706.py(4):     char_to_ind[char] = i
s709277706.py(5):     ind_to_char[i] = char
s709277706.py(3): for i, char in enumerate("ABCDEFGHIJKLMNOPQRSTUVWXYZ"):
s709277706.py(4):     char_to_ind[char] = i
s709277706.py(5):     ind_to_char[i] = char
s709277706.py(3): for i, char in enumerate("ABCDEFGHIJKLMNOPQRSTUVWXYZ"):
s709277706.py(4):     char_to_ind[char] = i
s709277706.py(5):     ind_to_char[i] = char
s709277706.py(3): for i, char in enumerate("ABCDEFGHIJKLMNOPQRSTUVWXYZ"):
s709277706.py(4):     char_to_ind[char] = i
s709277706.py(5):     ind_to_char[i] = char
s709277706.py(3): for i, char in enumerate("ABCDEFGHIJKLMNOPQRSTUVWXYZ"):
s709277706.py(4):     char_to_ind[char] = i
s709277706.py(5):     ind_to_char[i] = char
s709277706.py(3): for i, char in enumerate("ABCDEFGHIJKLMNOPQRSTUVWXYZ"):
s709277706.py(4):     char_to_ind[char] = i
s709277706.py(5):     ind_to_char[i] = char
s709277706.py(3): for i, char in enumerate("ABCDEFGHIJKLMNOPQRSTUVWXYZ"):
s709277706.py(4):     char_to_ind[char] = i
s709277706.py(5):     ind_to_char[i] = char
s709277706.py(3): for i, char in enumerate("ABCDEFGHIJKLMNOPQRSTUVWXYZ"):
s709277706.py(4):     char_to_ind[char] = i
s709277706.py(5):     ind_to_char[i] = char
s709277706.py(3): for i, char in enumerate("ABCDEFGHIJKLMNOPQRSTUVWXYZ"):
s709277706.py(4):     char_to_ind[char] = i
s709277706.py(5):     ind_to_char[i] = char
s709277706.py(3): for i, char in enumerate("ABCDEFGHIJKLMNOPQRSTUVWXYZ"):
s709277706.py(4):     char_to_ind[char] = i
s709277706.py(5):     ind_to_char[i] = char
s709277706.py(3): for i, char in enumerate("ABCDEFGHIJKLMNOPQRSTUVWXYZ"):
s709277706.py(4):     char_to_ind[char] = i
s709277706.py(5):     ind_to_char[i] = char
s709277706.py(3): for i, char in enumerate("ABCDEFGHIJKLMNOPQRSTUVWXYZ"):
s709277706.py(4):     char_to_ind[char] = i
s709277706.py(5):     ind_to_char[i] = char
s709277706.py(3): for i, char in enumerate("ABCDEFGHIJKLMNOPQRSTUVWXYZ"):
s709277706.py(4):     char_to_ind[char] = i
s709277706.py(5):     ind_to_char[i] = char
s709277706.py(3): for i, char in enumerate("ABCDEFGHIJKLMNOPQRSTUVWXYZ"):
s709277706.py(4):     char_to_ind[char] = i
s709277706.py(5):     ind_to_char[i] = char
s709277706.py(3): for i, char in enumerate("ABCDEFGHIJKLMNOPQRSTUVWXYZ"):
s709277706.py(4):     char_to_ind[char] = i
s709277706.py(5):     ind_to_char[i] = char
s709277706.py(3): for i, char in enumerate("ABCDEFGHIJKLMNOPQRSTUVWXYZ"):
s709277706.py(4):     char_to_ind[char] = i
s709277706.py(5):     ind_to_char[i] = char
s709277706.py(3): for i, char in enumerate("ABCDEFGHIJKLMNOPQRSTUVWXYZ"):
s709277706.py(4):     char_to_ind[char] = i
s709277706.py(5):     ind_to_char[i] = char
s709277706.py(3): for i, char in enumerate("ABCDEFGHIJKLMNOPQRSTUVWXYZ"):
s709277706.py(4):     char_to_ind[char] = i
s709277706.py(5):     ind_to_char[i] = char
s709277706.py(3): for i, char in enumerate("ABCDEFGHIJKLMNOPQRSTUVWXYZ"):
s709277706.py(4):     char_to_ind[char] = i
s709277706.py(5):     ind_to_char[i] = char
s709277706.py(3): for i, char in enumerate("ABCDEFGHIJKLMNOPQRSTUVWXYZ"):
s709277706.py(8): def solve(n, s):
s709277706.py(12): def main():
s709277706.py(19): def test():
s709277706.py(25): if __name__ == "__main__":
s709277706.py(26):     test()
 --- modulename: s709277706, funcname: test
s709277706.py(20):     assert solve(2, "ABCXYZ") == "CDEZAB"
 --- modulename: s709277706, funcname: solve
s709277706.py(9):     return "".join([ind_to_char[(char_to_ind[c] + n) % 26] for c in s])
 --- modulename: s709277706, funcname: <listcomp>
s709277706.py(9):     return "".join([ind_to_char[(char_to_ind[c] + n) % 26] for c in s])
s709277706.py(9):     return "".join([ind_to_char[(char_to_ind[c] + n) % 26] for c in s])
s709277706.py(9):     return "".join([ind_to_char[(char_to_ind[c] + n) % 26] for c in s])
s709277706.py(9):     return "".join([ind_to_char[(char_to_ind[c] + n) % 26] for c in s])
s709277706.py(9):     return "".join([ind_to_char[(char_to_ind[c] + n) % 26] for c in s])
s709277706.py(9):     return "".join([ind_to_char[(char_to_ind[c] + n) % 26] for c in s])
s709277706.py(9):     return "".join([ind_to_char[(char_to_ind[c] + n) % 26] for c in s])
s709277706.py(21):     assert solve(0, "ABCXYZ") == "ABCXYZ"
 --- modulename: s709277706, funcname: solve
s709277706.py(9):     return "".join([ind_to_char[(char_to_ind[c] + n) % 26] for c in s])
 --- modulename: s709277706, funcname: <listcomp>
s709277706.py(9):     return "".join([ind_to_char[(char_to_ind[c] + n) % 26] for c in s])
s709277706.py(9):     return "".join([ind_to_char[(char_to_ind[c] + n) % 26] for c in s])
s709277706.py(9):     return "".join([ind_to_char[(char_to_ind[c] + n) % 26] for c in s])
s709277706.py(9):     return "".join([ind_to_char[(char_to_ind[c] + n) % 26] for c in s])
s709277706.py(9):     return "".join([ind_to_char[(char_to_ind[c] + n) % 26] for c in s])
s709277706.py(9):     return "".join([ind_to_char[(char_to_ind[c] + n) % 26] for c in s])
s709277706.py(9):     return "".join([ind_to_char[(char_to_ind[c] + n) % 26] for c in s])
s709277706.py(22):     assert solve(13, "ABCDEFGHIJKLMNOPQRSTUVWXYZ") == "NOPQRSTUVWXYZABCDEFGHIJKLM"
 --- modulename: s709277706, funcname: solve
s709277706.py(9):     return "".join([ind_to_char[(char_to_ind[c] + n) % 26] for c in s])
 --- modulename: s709277706, funcname: <listcomp>
s709277706.py(9):     return "".join([ind_to_char[(char_to_ind[c] + n) % 26] for c in s])
s709277706.py(9):     return "".join([ind_to_char[(char_to_ind[c] + n) % 26] for c in s])
s709277706.py(9):     return "".join([ind_to_char[(char_to_ind[c] + n) % 26] for c in s])
s709277706.py(9):     return "".join([ind_to_char[(char_to_ind[c] + n) % 26] for c in s])
s709277706.py(9):     return "".join([ind_to_char[(char_to_ind[c] + n) % 26] for c in s])
s709277706.py(9):     return "".join([ind_to_char[(char_to_ind[c] + n) % 26] for c in s])
s709277706.py(9):     return "".join([ind_to_char[(char_to_ind[c] + n) % 26] for c in s])
s709277706.py(9):     return "".join([ind_to_char[(char_to_ind[c] + n) % 26] for c in s])
s709277706.py(9):     return "".join([ind_to_char[(char_to_ind[c] + n) % 26] for c in s])
s709277706.py(9):     return "".join([ind_to_char[(char_to_ind[c] + n) % 26] for c in s])
s709277706.py(9):     return "".join([ind_to_char[(char_to_ind[c] + n) % 26] for c in s])
s709277706.py(9):     return "".join([ind_to_char[(char_to_ind[c] + n) % 26] for c in s])
s709277706.py(9):     return "".join([ind_to_char[(char_to_ind[c] + n) % 26] for c in s])
s709277706.py(9):     return "".join([ind_to_char[(char_to_ind[c] + n) % 26] for c in s])
s709277706.py(9):     return "".join([ind_to_char[(char_to_ind[c] + n) % 26] for c in s])
s709277706.py(9):     return "".join([ind_to_char[(char_to_ind[c] + n) % 26] for c in s])
s709277706.py(9):     return "".join([ind_to_char[(char_to_ind[c] + n) % 26] for c in s])
s709277706.py(9):     return "".join([ind_to_char[(char_to_ind[c] + n) % 26] for c in s])
s709277706.py(9):     return "".join([ind_to_char[(char_to_ind[c] + n) % 26] for c in s])
s709277706.py(9):     return "".join([ind_to_char[(char_to_ind[c] + n) % 26] for c in s])
s709277706.py(9):     return "".join([ind_to_char[(char_to_ind[c] + n) % 26] for c in s])
s709277706.py(9):     return "".join([ind_to_char[(char_to_ind[c] + n) % 26] for c in s])
s709277706.py(9):     return "".join([ind_to_char[(char_to_ind[c] + n) % 26] for c in s])
s709277706.py(9):     return "".join([ind_to_char[(char_to_ind[c] + n) % 26] for c in s])
s709277706.py(9):     return "".join([ind_to_char[(char_to_ind[c] + n) % 26] for c in s])
s709277706.py(9):     return "".join([ind_to_char[(char_to_ind[c] + n) % 26] for c in s])
s709277706.py(9):     return "".join([ind_to_char[(char_to_ind[c] + n) % 26] for c in s])
s709277706.py(27):     main()
 --- modulename: s709277706, funcname: main
s709277706.py(13):     n = int(input())
 --- modulename: codecs, funcname: getstate
codecs.py(333):         return (self.buffer, 0)
 --- modulename: codecs, funcname: decode
codecs.py(321):         data = self.buffer + input
codecs.py(322):         (result, consumed) = self._buffer_decode(data, self.errors, final)
codecs.py(324):         self.buffer = data[consumed:]
codecs.py(325):         return result
s709277706.py(14):     s = input()
s709277706.py(15):     res = solve(n, s)
 --- modulename: s709277706, funcname: solve
s709277706.py(9):     return "".join([ind_to_char[(char_to_ind[c] + n) % 26] for c in s])
 --- modulename: s709277706, funcname: <listcomp>
s709277706.py(9):     return "".join([ind_to_char[(char_to_ind[c] + n) % 26] for c in s])
s709277706.py(9):     return "".join([ind_to_char[(char_to_ind[c] + n) % 26] for c in s])
s709277706.py(9):     return "".join([ind_to_char[(char_to_ind[c] + n) % 26] for c in s])
s709277706.py(9):     return "".join([ind_to_char[(char_to_ind[c] + n) % 26] for c in s])
s709277706.py(9):     return "".join([ind_to_char[(char_to_ind[c] + n) % 26] for c in s])
s709277706.py(9):     return "".join([ind_to_char[(char_to_ind[c] + n) % 26] for c in s])
s709277706.py(9):     return "".join([ind_to_char[(char_to_ind[c] + n) % 26] for c in s])
s709277706.py(16):     print(res)
CDEZAB
