 --- modulename: s710286875, funcname: <module>
s710286875.py(1): import sys
s710286875.py(3): readline = sys.stdin.readline
s710286875.py(4): MOD = 10 ** 9 + 7
s710286875.py(5): INF = float('INF')
s710286875.py(6): sys.setrecursionlimit(10 ** 5)
s710286875.py(9): def main():
s710286875.py(79): if __name__ == '__main__':
s710286875.py(80):     main()
 --- modulename: s710286875, funcname: main
s710286875.py(10):     from collections import deque
 --- modulename: _bootstrap, funcname: _handle_fromlist
<frozen importlib._bootstrap>(1043): <frozen importlib._bootstrap>(1044): <frozen importlib._bootstrap>(1051): <frozen importlib._bootstrap>(1055): <frozen importlib._bootstrap>(1043): <frozen importlib._bootstrap>(1067): s710286875.py(12):     n = int(readline())
 --- modulename: codecs, funcname: getstate
codecs.py(333):         return (self.buffer, 0)
 --- modulename: codecs, funcname: decode
codecs.py(321):         data = self.buffer + input
codecs.py(322):         (result, consumed) = self._buffer_decode(data, self.errors, final)
codecs.py(324):         self.buffer = data[consumed:]
codecs.py(325):         return result
s710286875.py(13):     a = [int(readline()) for _ in range(n)]
 --- modulename: s710286875, funcname: <listcomp>
s710286875.py(13):     a = [int(readline()) for _ in range(n)]
s710286875.py(13):     a = [int(readline()) for _ in range(n)]
s710286875.py(13):     a = [int(readline()) for _ in range(n)]
s710286875.py(13):     a = [int(readline()) for _ in range(n)]
s710286875.py(13):     a = [int(readline()) for _ in range(n)]
s710286875.py(13):     a = [int(readline()) for _ in range(n)]
s710286875.py(14):     a.sort()
s710286875.py(16):     def calc1():
s710286875.py(46):     def calc2():
s710286875.py(76):     print(max(calc1(), calc2()))
 --- modulename: s710286875, funcname: calc1
s710286875.py(17):         b = deque(a)
s710286875.py(19):         que = deque()
s710286875.py(20):         que.append(b.popleft())
s710286875.py(22):         while b:
s710286875.py(23):             if len(b) >= 2:
s710286875.py(24):                 que.append(b.pop())
s710286875.py(25):                 que.appendleft(b.pop())
s710286875.py(31):             if len(b) >= 2:
s710286875.py(32):                 que.append(b.popleft())
s710286875.py(33):                 que.appendleft(b.popleft())
s710286875.py(22):         while b:
s710286875.py(39):         score = 0
s710286875.py(40):         prev = que[0]
s710286875.py(41):         for x in que:
s710286875.py(42):             score += abs(x - prev)
s710286875.py(43):             prev = x
s710286875.py(41):         for x in que:
s710286875.py(42):             score += abs(x - prev)
s710286875.py(43):             prev = x
s710286875.py(41):         for x in que:
s710286875.py(42):             score += abs(x - prev)
s710286875.py(43):             prev = x
s710286875.py(41):         for x in que:
s710286875.py(42):             score += abs(x - prev)
s710286875.py(43):             prev = x
s710286875.py(41):         for x in que:
s710286875.py(42):             score += abs(x - prev)
s710286875.py(43):             prev = x
s710286875.py(41):         for x in que:
s710286875.py(44):         return score
 --- modulename: s710286875, funcname: calc2
s710286875.py(47):         b = deque(a)
s710286875.py(49):         que = deque()
s710286875.py(50):         que.append(b.pop())
s710286875.py(52):         while b:
s710286875.py(53):             if len(b) >= 2:
s710286875.py(54):                 que.append(b.popleft())
s710286875.py(55):                 que.appendleft(b.popleft())
s710286875.py(61):             if len(b) >= 2:
s710286875.py(62):                 que.append(b.pop())
s710286875.py(63):                 que.appendleft(b.pop())
s710286875.py(52):         while b:
s710286875.py(69):         score = 0
s710286875.py(70):         prev = que[0]
s710286875.py(71):         for x in que:
s710286875.py(72):             score += abs(x - prev)
s710286875.py(73):             prev = x
s710286875.py(71):         for x in que:
s710286875.py(72):             score += abs(x - prev)
s710286875.py(73):             prev = x
s710286875.py(71):         for x in que:
s710286875.py(72):             score += abs(x - prev)
s710286875.py(73):             prev = x
s710286875.py(71):         for x in que:
s710286875.py(72):             score += abs(x - prev)
s710286875.py(73):             prev = x
s710286875.py(71):         for x in que:
s710286875.py(72):             score += abs(x - prev)
s710286875.py(73):             prev = x
s710286875.py(71):         for x in que:
s710286875.py(74):         return score
21
