 --- modulename: s320853850, funcname: <module>
s320853850.py(5): import sys
s320853850.py(8): class math:
 --- modulename: s320853850, funcname: math
s320853850.py(8): class math:
s320853850.py(10):     pi = 3.14159265358979323846264338
s320853850.py(13):     def gcd(self, a, b):
s320853850.py(19):     def lcm(self, a, b):
s320853850.py(23):     def Pnum(self, a):
s320853850.py(31):     def caria(self, r):
s320853850.py(34): math = math()
s320853850.py(37): class output:
 --- modulename: s320853850, funcname: output
s320853850.py(37): class output:
s320853850.py(39):     def list(self, l):
s320853850.py(48): output = output()
s320853850.py(66): N = int(input())
 --- modulename: codecs, funcname: getstate
codecs.py(333):         return (self.buffer, 0)
 --- modulename: codecs, funcname: decode
codecs.py(321):         data = self.buffer + input
codecs.py(322):         (result, consumed) = self._buffer_decode(data, self.errors, final)
codecs.py(324):         self.buffer = data[consumed:]
codecs.py(325):         return result
s320853850.py(67): S = []
s320853850.py(68): AB = [chr(i) for i in range(ord('a'), ord('z')+1)]
 --- modulename: s320853850, funcname: <listcomp>
s320853850.py(68): AB = [chr(i) for i in range(ord('a'), ord('z')+1)]
s320853850.py(68): AB = [chr(i) for i in range(ord('a'), ord('z')+1)]
s320853850.py(68): AB = [chr(i) for i in range(ord('a'), ord('z')+1)]
s320853850.py(68): AB = [chr(i) for i in range(ord('a'), ord('z')+1)]
s320853850.py(68): AB = [chr(i) for i in range(ord('a'), ord('z')+1)]
s320853850.py(68): AB = [chr(i) for i in range(ord('a'), ord('z')+1)]
s320853850.py(68): AB = [chr(i) for i in range(ord('a'), ord('z')+1)]
s320853850.py(68): AB = [chr(i) for i in range(ord('a'), ord('z')+1)]
s320853850.py(68): AB = [chr(i) for i in range(ord('a'), ord('z')+1)]
s320853850.py(68): AB = [chr(i) for i in range(ord('a'), ord('z')+1)]
s320853850.py(68): AB = [chr(i) for i in range(ord('a'), ord('z')+1)]
s320853850.py(68): AB = [chr(i) for i in range(ord('a'), ord('z')+1)]
s320853850.py(68): AB = [chr(i) for i in range(ord('a'), ord('z')+1)]
s320853850.py(68): AB = [chr(i) for i in range(ord('a'), ord('z')+1)]
s320853850.py(68): AB = [chr(i) for i in range(ord('a'), ord('z')+1)]
s320853850.py(68): AB = [chr(i) for i in range(ord('a'), ord('z')+1)]
s320853850.py(68): AB = [chr(i) for i in range(ord('a'), ord('z')+1)]
s320853850.py(68): AB = [chr(i) for i in range(ord('a'), ord('z')+1)]
s320853850.py(68): AB = [chr(i) for i in range(ord('a'), ord('z')+1)]
s320853850.py(68): AB = [chr(i) for i in range(ord('a'), ord('z')+1)]
s320853850.py(68): AB = [chr(i) for i in range(ord('a'), ord('z')+1)]
s320853850.py(68): AB = [chr(i) for i in range(ord('a'), ord('z')+1)]
s320853850.py(68): AB = [chr(i) for i in range(ord('a'), ord('z')+1)]
s320853850.py(68): AB = [chr(i) for i in range(ord('a'), ord('z')+1)]
s320853850.py(68): AB = [chr(i) for i in range(ord('a'), ord('z')+1)]
s320853850.py(68): AB = [chr(i) for i in range(ord('a'), ord('z')+1)]
s320853850.py(68): AB = [chr(i) for i in range(ord('a'), ord('z')+1)]
s320853850.py(70): for i in range(N):
s320853850.py(71):     S.append(input())
s320853850.py(70): for i in range(N):
s320853850.py(71):     S.append(input())
s320853850.py(70): for i in range(N):
s320853850.py(71):     S.append(input())
s320853850.py(70): for i in range(N):
s320853850.py(73): for i in AB:
s320853850.py(74):     countmin = 114514
s320853850.py(75):     for j in S:
s320853850.py(76):         if countmin > j.count(i):
s320853850.py(77):             countmin = j.count(i)
s320853850.py(75):     for j in S:
s320853850.py(76):         if countmin > j.count(i):
s320853850.py(75):     for j in S:
s320853850.py(76):         if countmin > j.count(i):
s320853850.py(75):     for j in S:
s320853850.py(80):     for j in range(countmin):
s320853850.py(81):         print(i,end="")
as320853850.py(80):     for j in range(countmin):
s320853850.py(81):         print(i,end="")
as320853850.py(80):     for j in range(countmin):
s320853850.py(73): for i in AB:
s320853850.py(74):     countmin = 114514
s320853850.py(75):     for j in S:
s320853850.py(76):         if countmin > j.count(i):
s320853850.py(77):             countmin = j.count(i)
s320853850.py(75):     for j in S:
s320853850.py(76):         if countmin > j.count(i):
s320853850.py(77):             countmin = j.count(i)
s320853850.py(75):     for j in S:
s320853850.py(76):         if countmin > j.count(i):
s320853850.py(75):     for j in S:
s320853850.py(80):     for j in range(countmin):
s320853850.py(73): for i in AB:
s320853850.py(74):     countmin = 114514
s320853850.py(75):     for j in S:
s320853850.py(76):         if countmin > j.count(i):
s320853850.py(77):             countmin = j.count(i)
s320853850.py(75):     for j in S:
s320853850.py(76):         if countmin > j.count(i):
s320853850.py(75):     for j in S:
s320853850.py(76):         if countmin > j.count(i):
s320853850.py(75):     for j in S:
s320853850.py(80):     for j in range(countmin):
s320853850.py(81):         print(i,end="")
cs320853850.py(80):     for j in range(countmin):
s320853850.py(73): for i in AB:
s320853850.py(74):     countmin = 114514
s320853850.py(75):     for j in S:
s320853850.py(76):         if countmin > j.count(i):
s320853850.py(77):             countmin = j.count(i)
s320853850.py(75):     for j in S:
s320853850.py(76):         if countmin > j.count(i):
s320853850.py(75):     for j in S:
s320853850.py(76):         if countmin > j.count(i):
s320853850.py(75):     for j in S:
s320853850.py(80):     for j in range(countmin):
s320853850.py(73): for i in AB:
s320853850.py(74):     countmin = 114514
s320853850.py(75):     for j in S:
s320853850.py(76):         if countmin > j.count(i):
s320853850.py(77):             countmin = j.count(i)
s320853850.py(75):     for j in S:
s320853850.py(76):         if countmin > j.count(i):
s320853850.py(75):     for j in S:
s320853850.py(76):         if countmin > j.count(i):
s320853850.py(75):     for j in S:
s320853850.py(80):     for j in range(countmin):
s320853850.py(73): for i in AB:
s320853850.py(74):     countmin = 114514
s320853850.py(75):     for j in S:
s320853850.py(76):         if countmin > j.count(i):
s320853850.py(77):             countmin = j.count(i)
s320853850.py(75):     for j in S:
s320853850.py(76):         if countmin > j.count(i):
s320853850.py(75):     for j in S:
s320853850.py(76):         if countmin > j.count(i):
s320853850.py(75):     for j in S:
s320853850.py(80):     for j in range(countmin):
s320853850.py(73): for i in AB:
s320853850.py(74):     countmin = 114514
s320853850.py(75):     for j in S:
s320853850.py(76):         if countmin > j.count(i):
s320853850.py(77):             countmin = j.count(i)
s320853850.py(75):     for j in S:
s320853850.py(76):         if countmin > j.count(i):
s320853850.py(75):     for j in S:
s320853850.py(76):         if countmin > j.count(i):
s320853850.py(75):     for j in S:
s320853850.py(80):     for j in range(countmin):
s320853850.py(73): for i in AB:
s320853850.py(74):     countmin = 114514
s320853850.py(75):     for j in S:
s320853850.py(76):         if countmin > j.count(i):
s320853850.py(77):             countmin = j.count(i)
s320853850.py(75):     for j in S:
s320853850.py(76):         if countmin > j.count(i):
s320853850.py(75):     for j in S:
s320853850.py(76):         if countmin > j.count(i):
s320853850.py(75):     for j in S:
s320853850.py(80):     for j in range(countmin):
s320853850.py(73): for i in AB:
s320853850.py(74):     countmin = 114514
s320853850.py(75):     for j in S:
s320853850.py(76):         if countmin > j.count(i):
s320853850.py(77):             countmin = j.count(i)
s320853850.py(75):     for j in S:
s320853850.py(76):         if countmin > j.count(i):
s320853850.py(75):     for j in S:
s320853850.py(76):         if countmin > j.count(i):
s320853850.py(75):     for j in S:
s320853850.py(80):     for j in range(countmin):
s320853850.py(73): for i in AB:
s320853850.py(74):     countmin = 114514
s320853850.py(75):     for j in S:
s320853850.py(76):         if countmin > j.count(i):
s320853850.py(77):             countmin = j.count(i)
s320853850.py(75):     for j in S:
s320853850.py(76):         if countmin > j.count(i):
s320853850.py(75):     for j in S:
s320853850.py(76):         if countmin > j.count(i):
s320853850.py(75):     for j in S:
s320853850.py(80):     for j in range(countmin):
s320853850.py(73): for i in AB:
s320853850.py(74):     countmin = 114514
s320853850.py(75):     for j in S:
s320853850.py(76):         if countmin > j.count(i):
s320853850.py(77):             countmin = j.count(i)
s320853850.py(75):     for j in S:
s320853850.py(76):         if countmin > j.count(i):
s320853850.py(75):     for j in S:
s320853850.py(76):         if countmin > j.count(i):
s320853850.py(75):     for j in S:
s320853850.py(80):     for j in range(countmin):
s320853850.py(73): for i in AB:
s320853850.py(74):     countmin = 114514
s320853850.py(75):     for j in S:
s320853850.py(76):         if countmin > j.count(i):
s320853850.py(77):             countmin = j.count(i)
s320853850.py(75):     for j in S:
s320853850.py(76):         if countmin > j.count(i):
s320853850.py(75):     for j in S:
s320853850.py(76):         if countmin > j.count(i):
s320853850.py(75):     for j in S:
s320853850.py(80):     for j in range(countmin):
s320853850.py(73): for i in AB:
s320853850.py(74):     countmin = 114514
s320853850.py(75):     for j in S:
s320853850.py(76):         if countmin > j.count(i):
s320853850.py(77):             countmin = j.count(i)
s320853850.py(75):     for j in S:
s320853850.py(76):         if countmin > j.count(i):
s320853850.py(75):     for j in S:
s320853850.py(76):         if countmin > j.count(i):
s320853850.py(75):     for j in S:
s320853850.py(80):     for j in range(countmin):
s320853850.py(73): for i in AB:
s320853850.py(74):     countmin = 114514
s320853850.py(75):     for j in S:
s320853850.py(76):         if countmin > j.count(i):
s320853850.py(77):             countmin = j.count(i)
s320853850.py(75):     for j in S:
s320853850.py(76):         if countmin > j.count(i):
s320853850.py(75):     for j in S:
s320853850.py(76):         if countmin > j.count(i):
s320853850.py(75):     for j in S:
s320853850.py(80):     for j in range(countmin):
s320853850.py(73): for i in AB:
s320853850.py(74):     countmin = 114514
s320853850.py(75):     for j in S:
s320853850.py(76):         if countmin > j.count(i):
s320853850.py(77):             countmin = j.count(i)
s320853850.py(75):     for j in S:
s320853850.py(76):         if countmin > j.count(i):
s320853850.py(75):     for j in S:
s320853850.py(76):         if countmin > j.count(i):
s320853850.py(75):     for j in S:
s320853850.py(80):     for j in range(countmin):
s320853850.py(73): for i in AB:
s320853850.py(74):     countmin = 114514
s320853850.py(75):     for j in S:
s320853850.py(76):         if countmin > j.count(i):
s320853850.py(77):             countmin = j.count(i)
s320853850.py(75):     for j in S:
s320853850.py(76):         if countmin > j.count(i):
s320853850.py(75):     for j in S:
s320853850.py(76):         if countmin > j.count(i):
s320853850.py(75):     for j in S:
s320853850.py(80):     for j in range(countmin):
s320853850.py(73): for i in AB:
s320853850.py(74):     countmin = 114514
s320853850.py(75):     for j in S:
s320853850.py(76):         if countmin > j.count(i):
s320853850.py(77):             countmin = j.count(i)
s320853850.py(75):     for j in S:
s320853850.py(76):         if countmin > j.count(i):
s320853850.py(75):     for j in S:
s320853850.py(76):         if countmin > j.count(i):
s320853850.py(75):     for j in S:
s320853850.py(80):     for j in range(countmin):
s320853850.py(73): for i in AB:
s320853850.py(74):     countmin = 114514
s320853850.py(75):     for j in S:
s320853850.py(76):         if countmin > j.count(i):
s320853850.py(77):             countmin = j.count(i)
s320853850.py(75):     for j in S:
s320853850.py(76):         if countmin > j.count(i):
s320853850.py(75):     for j in S:
s320853850.py(76):         if countmin > j.count(i):
s320853850.py(75):     for j in S:
s320853850.py(80):     for j in range(countmin):
s320853850.py(73): for i in AB:
s320853850.py(74):     countmin = 114514
s320853850.py(75):     for j in S:
s320853850.py(76):         if countmin > j.count(i):
s320853850.py(77):             countmin = j.count(i)
s320853850.py(75):     for j in S:
s320853850.py(76):         if countmin > j.count(i):
s320853850.py(75):     for j in S:
s320853850.py(76):         if countmin > j.count(i):
s320853850.py(75):     for j in S:
s320853850.py(80):     for j in range(countmin):
s320853850.py(73): for i in AB:
s320853850.py(74):     countmin = 114514
s320853850.py(75):     for j in S:
s320853850.py(76):         if countmin > j.count(i):
s320853850.py(77):             countmin = j.count(i)
s320853850.py(75):     for j in S:
s320853850.py(76):         if countmin > j.count(i):
s320853850.py(75):     for j in S:
s320853850.py(76):         if countmin > j.count(i):
s320853850.py(75):     for j in S:
s320853850.py(80):     for j in range(countmin):
s320853850.py(73): for i in AB:
s320853850.py(74):     countmin = 114514
s320853850.py(75):     for j in S:
s320853850.py(76):         if countmin > j.count(i):
s320853850.py(77):             countmin = j.count(i)
s320853850.py(75):     for j in S:
s320853850.py(76):         if countmin > j.count(i):
s320853850.py(75):     for j in S:
s320853850.py(76):         if countmin > j.count(i):
s320853850.py(75):     for j in S:
s320853850.py(80):     for j in range(countmin):
s320853850.py(73): for i in AB:
s320853850.py(74):     countmin = 114514
s320853850.py(75):     for j in S:
s320853850.py(76):         if countmin > j.count(i):
s320853850.py(77):             countmin = j.count(i)
s320853850.py(75):     for j in S:
s320853850.py(76):         if countmin > j.count(i):
s320853850.py(75):     for j in S:
s320853850.py(76):         if countmin > j.count(i):
s320853850.py(75):     for j in S:
s320853850.py(80):     for j in range(countmin):
s320853850.py(73): for i in AB:
s320853850.py(74):     countmin = 114514
s320853850.py(75):     for j in S:
s320853850.py(76):         if countmin > j.count(i):
s320853850.py(77):             countmin = j.count(i)
s320853850.py(75):     for j in S:
s320853850.py(76):         if countmin > j.count(i):
s320853850.py(75):     for j in S:
s320853850.py(76):         if countmin > j.count(i):
s320853850.py(75):     for j in S:
s320853850.py(80):     for j in range(countmin):
s320853850.py(73): for i in AB:
s320853850.py(74):     countmin = 114514
s320853850.py(75):     for j in S:
s320853850.py(76):         if countmin > j.count(i):
s320853850.py(77):             countmin = j.count(i)
s320853850.py(75):     for j in S:
s320853850.py(76):         if countmin > j.count(i):
s320853850.py(75):     for j in S:
s320853850.py(76):         if countmin > j.count(i):
s320853850.py(75):     for j in S:
s320853850.py(80):     for j in range(countmin):
s320853850.py(73): for i in AB:
s320853850.py(74):     countmin = 114514
s320853850.py(75):     for j in S:
s320853850.py(76):         if countmin > j.count(i):
s320853850.py(77):             countmin = j.count(i)
s320853850.py(75):     for j in S:
s320853850.py(76):         if countmin > j.count(i):
s320853850.py(75):     for j in S:
s320853850.py(76):         if countmin > j.count(i):
s320853850.py(75):     for j in S:
s320853850.py(80):     for j in range(countmin):
s320853850.py(73): for i in AB:
s320853850.py(74):     countmin = 114514
s320853850.py(75):     for j in S:
s320853850.py(76):         if countmin > j.count(i):
s320853850.py(77):             countmin = j.count(i)
s320853850.py(75):     for j in S:
s320853850.py(76):         if countmin > j.count(i):
s320853850.py(75):     for j in S:
s320853850.py(76):         if countmin > j.count(i):
s320853850.py(75):     for j in S:
s320853850.py(80):     for j in range(countmin):
s320853850.py(73): for i in AB:
s320853850.py(83): print("")

