 --- modulename: s321183509, funcname: <module>
s321183509.py(1): def create_dice(nums):
s321183509.py(8): class Dice:
 --- modulename: s321183509, funcname: Dice
s321183509.py(8): class Dice:
s321183509.py(9):     def __init__(self, v, h, r):
s321183509.py(14):     def __str__(self):
s321183509.py(20):     def v2h(self):
s321183509.py(24):     def h2v(self):
s321183509.py(28):     def roll(self, direction):
s321183509.py(51): def match_dice(d1, d2):
s321183509.py(57): def test(d1, d2):
s321183509.py(99): def check(dices):
s321183509.py(108): data_count = int(input())
 --- modulename: codecs, funcname: getstate
codecs.py(333):         return (self.buffer, 0)
 --- modulename: codecs, funcname: decode
codecs.py(321):         data = self.buffer + input
codecs.py(322):         (result, consumed) = self._buffer_decode(data, self.errors, final)
codecs.py(324):         self.buffer = data[consumed:]
codecs.py(325):         return result
s321183509.py(109): dices = []
s321183509.py(110): for _ in range(data_count):
s321183509.py(111):     s = list(map(int, input().split(" ")))
s321183509.py(112):     d = create_dice(s)
 --- modulename: s321183509, funcname: create_dice
s321183509.py(2):     a, b, c, d, e, f = nums
s321183509.py(3):     ver = [a, b, f, e]
s321183509.py(4):     hor = [b, c, e, d]
s321183509.py(5):     return Dice(ver, hor, nums)
 --- modulename: s321183509, funcname: __init__
s321183509.py(10):         self.ver = v
s321183509.py(11):         self.hor = h
s321183509.py(12):         self.raw = r
s321183509.py(113):     dices.append(d)
s321183509.py(110): for _ in range(data_count):
s321183509.py(111):     s = list(map(int, input().split(" ")))
s321183509.py(112):     d = create_dice(s)
 --- modulename: s321183509, funcname: create_dice
s321183509.py(2):     a, b, c, d, e, f = nums
s321183509.py(3):     ver = [a, b, f, e]
s321183509.py(4):     hor = [b, c, e, d]
s321183509.py(5):     return Dice(ver, hor, nums)
 --- modulename: s321183509, funcname: __init__
s321183509.py(10):         self.ver = v
s321183509.py(11):         self.hor = h
s321183509.py(12):         self.raw = r
s321183509.py(113):     dices.append(d)
s321183509.py(110): for _ in range(data_count):
s321183509.py(111):     s = list(map(int, input().split(" ")))
s321183509.py(112):     d = create_dice(s)
 --- modulename: s321183509, funcname: create_dice
s321183509.py(2):     a, b, c, d, e, f = nums
s321183509.py(3):     ver = [a, b, f, e]
s321183509.py(4):     hor = [b, c, e, d]
s321183509.py(5):     return Dice(ver, hor, nums)
 --- modulename: s321183509, funcname: __init__
s321183509.py(10):         self.ver = v
s321183509.py(11):         self.hor = h
s321183509.py(12):         self.raw = r
s321183509.py(113):     dices.append(d)
s321183509.py(110): for _ in range(data_count):
s321183509.py(115): result = check(dices)
 --- modulename: s321183509, funcname: check
s321183509.py(100):     for i in range(len(dices) - 1):
s321183509.py(101):         for j in range(i + 1, len(dices)):
s321183509.py(102):             t = test(dices[i], dices[j])
 --- modulename: s321183509, funcname: test
s321183509.py(58):     s1 = set(d1.raw)
s321183509.py(59):     s2 = set(d2.raw)
s321183509.py(60):     if s1 != s2:
s321183509.py(63):     for v in range(2):
s321183509.py(64):         if match_dice(d1, d2):
 --- modulename: s321183509, funcname: match_dice
s321183509.py(52):     if str(d1) == str(d2):
 --- modulename: s321183509, funcname: __str__
s321183509.py(15):         l = [self.ver[0], self.ver[1], self.hor[1],
s321183509.py(16):              self.hor[3], self.ver[3], self.ver[2]]
s321183509.py(15):         l = [self.ver[0], self.ver[1], self.hor[1],
s321183509.py(17):         s = map(str, l)
s321183509.py(18):         return "".join(s)
 --- modulename: s321183509, funcname: __str__
s321183509.py(15):         l = [self.ver[0], self.ver[1], self.hor[1],
s321183509.py(16):              self.hor[3], self.ver[3], self.ver[2]]
s321183509.py(15):         l = [self.ver[0], self.ver[1], self.hor[1],
s321183509.py(17):         s = map(str, l)
s321183509.py(18):         return "".join(s)
s321183509.py(54):     return False
s321183509.py(67):         for h in range(3):
s321183509.py(68):             if match_dice(d1, d2):
 --- modulename: s321183509, funcname: match_dice
s321183509.py(52):     if str(d1) == str(d2):
 --- modulename: s321183509, funcname: __str__
s321183509.py(15):         l = [self.ver[0], self.ver[1], self.hor[1],
s321183509.py(16):              self.hor[3], self.ver[3], self.ver[2]]
s321183509.py(15):         l = [self.ver[0], self.ver[1], self.hor[1],
s321183509.py(17):         s = map(str, l)
s321183509.py(18):         return "".join(s)
 --- modulename: s321183509, funcname: __str__
s321183509.py(15):         l = [self.ver[0], self.ver[1], self.hor[1],
s321183509.py(16):              self.hor[3], self.ver[3], self.ver[2]]
s321183509.py(15):         l = [self.ver[0], self.ver[1], self.hor[1],
s321183509.py(17):         s = map(str, l)
s321183509.py(18):         return "".join(s)
s321183509.py(54):     return False
s321183509.py(70):             d2.roll("E")
 --- modulename: s321183509, funcname: roll
s321183509.py(29):         if direction == 'N':
s321183509.py(34):         elif direction == 'S':
s321183509.py(39):         elif direction == 'E':
s321183509.py(40):             tmp1 = self.hor[0]
s321183509.py(41):             tmp2 = self.hor[1:]
s321183509.py(42):             self.hor = tmp2 + [tmp1]
s321183509.py(43):             self.h2v()
 --- modulename: s321183509, funcname: h2v
s321183509.py(25):         self.ver[1] = self.hor[0]
s321183509.py(26):         self.ver[3] = self.hor[2]
s321183509.py(67):         for h in range(3):
s321183509.py(68):             if match_dice(d1, d2):
 --- modulename: s321183509, funcname: match_dice
s321183509.py(52):     if str(d1) == str(d2):
 --- modulename: s321183509, funcname: __str__
s321183509.py(15):         l = [self.ver[0], self.ver[1], self.hor[1],
s321183509.py(16):              self.hor[3], self.ver[3], self.ver[2]]
s321183509.py(15):         l = [self.ver[0], self.ver[1], self.hor[1],
s321183509.py(17):         s = map(str, l)
s321183509.py(18):         return "".join(s)
 --- modulename: s321183509, funcname: __str__
s321183509.py(15):         l = [self.ver[0], self.ver[1], self.hor[1],
s321183509.py(16):              self.hor[3], self.ver[3], self.ver[2]]
s321183509.py(15):         l = [self.ver[0], self.ver[1], self.hor[1],
s321183509.py(17):         s = map(str, l)
s321183509.py(18):         return "".join(s)
s321183509.py(54):     return False
s321183509.py(70):             d2.roll("E")
 --- modulename: s321183509, funcname: roll
s321183509.py(29):         if direction == 'N':
s321183509.py(34):         elif direction == 'S':
s321183509.py(39):         elif direction == 'E':
s321183509.py(40):             tmp1 = self.hor[0]
s321183509.py(41):             tmp2 = self.hor[1:]
s321183509.py(42):             self.hor = tmp2 + [tmp1]
s321183509.py(43):             self.h2v()
 --- modulename: s321183509, funcname: h2v
s321183509.py(25):         self.ver[1] = self.hor[0]
s321183509.py(26):         self.ver[3] = self.hor[2]
s321183509.py(67):         for h in range(3):
s321183509.py(68):             if match_dice(d1, d2):
 --- modulename: s321183509, funcname: match_dice
s321183509.py(52):     if str(d1) == str(d2):
 --- modulename: s321183509, funcname: __str__
s321183509.py(15):         l = [self.ver[0], self.ver[1], self.hor[1],
s321183509.py(16):              self.hor[3], self.ver[3], self.ver[2]]
s321183509.py(15):         l = [self.ver[0], self.ver[1], self.hor[1],
s321183509.py(17):         s = map(str, l)
s321183509.py(18):         return "".join(s)
 --- modulename: s321183509, funcname: __str__
s321183509.py(15):         l = [self.ver[0], self.ver[1], self.hor[1],
s321183509.py(16):              self.hor[3], self.ver[3], self.ver[2]]
s321183509.py(15):         l = [self.ver[0], self.ver[1], self.hor[1],
s321183509.py(17):         s = map(str, l)
s321183509.py(18):         return "".join(s)
s321183509.py(54):     return False
s321183509.py(70):             d2.roll("E")
 --- modulename: s321183509, funcname: roll
s321183509.py(29):         if direction == 'N':
s321183509.py(34):         elif direction == 'S':
s321183509.py(39):         elif direction == 'E':
s321183509.py(40):             tmp1 = self.hor[0]
s321183509.py(41):             tmp2 = self.hor[1:]
s321183509.py(42):             self.hor = tmp2 + [tmp1]
s321183509.py(43):             self.h2v()
 --- modulename: s321183509, funcname: h2v
s321183509.py(25):         self.ver[1] = self.hor[0]
s321183509.py(26):         self.ver[3] = self.hor[2]
s321183509.py(67):         for h in range(3):
s321183509.py(72):         d2.roll("N")
 --- modulename: s321183509, funcname: roll
s321183509.py(29):         if direction == 'N':
s321183509.py(30):             tmp1 = self.ver[0]
s321183509.py(31):             tmp2 = self.ver[1:]
s321183509.py(32):             self.ver = tmp2 + [tmp1]
s321183509.py(33):             self.v2h()
 --- modulename: s321183509, funcname: v2h
s321183509.py(21):         self.hor[0] = self.ver[1]
s321183509.py(22):         self.hor[2] = self.ver[3]
s321183509.py(63):     for v in range(2):
s321183509.py(64):         if match_dice(d1, d2):
 --- modulename: s321183509, funcname: match_dice
s321183509.py(52):     if str(d1) == str(d2):
 --- modulename: s321183509, funcname: __str__
s321183509.py(15):         l = [self.ver[0], self.ver[1], self.hor[1],
s321183509.py(16):              self.hor[3], self.ver[3], self.ver[2]]
s321183509.py(15):         l = [self.ver[0], self.ver[1], self.hor[1],
s321183509.py(17):         s = map(str, l)
s321183509.py(18):         return "".join(s)
 --- modulename: s321183509, funcname: __str__
s321183509.py(15):         l = [self.ver[0], self.ver[1], self.hor[1],
s321183509.py(16):              self.hor[3], self.ver[3], self.ver[2]]
s321183509.py(15):         l = [self.ver[0], self.ver[1], self.hor[1],
s321183509.py(17):         s = map(str, l)
s321183509.py(18):         return "".join(s)
s321183509.py(54):     return False
s321183509.py(67):         for h in range(3):
s321183509.py(68):             if match_dice(d1, d2):
 --- modulename: s321183509, funcname: match_dice
s321183509.py(52):     if str(d1) == str(d2):
 --- modulename: s321183509, funcname: __str__
s321183509.py(15):         l = [self.ver[0], self.ver[1], self.hor[1],
s321183509.py(16):              self.hor[3], self.ver[3], self.ver[2]]
s321183509.py(15):         l = [self.ver[0], self.ver[1], self.hor[1],
s321183509.py(17):         s = map(str, l)
s321183509.py(18):         return "".join(s)
 --- modulename: s321183509, funcname: __str__
s321183509.py(15):         l = [self.ver[0], self.ver[1], self.hor[1],
s321183509.py(16):              self.hor[3], self.ver[3], self.ver[2]]
s321183509.py(15):         l = [self.ver[0], self.ver[1], self.hor[1],
s321183509.py(17):         s = map(str, l)
s321183509.py(18):         return "".join(s)
s321183509.py(54):     return False
s321183509.py(70):             d2.roll("E")
 --- modulename: s321183509, funcname: roll
s321183509.py(29):         if direction == 'N':
s321183509.py(34):         elif direction == 'S':
s321183509.py(39):         elif direction == 'E':
s321183509.py(40):             tmp1 = self.hor[0]
s321183509.py(41):             tmp2 = self.hor[1:]
s321183509.py(42):             self.hor = tmp2 + [tmp1]
s321183509.py(43):             self.h2v()
 --- modulename: s321183509, funcname: h2v
s321183509.py(25):         self.ver[1] = self.hor[0]
s321183509.py(26):         self.ver[3] = self.hor[2]
s321183509.py(67):         for h in range(3):
s321183509.py(68):             if match_dice(d1, d2):
 --- modulename: s321183509, funcname: match_dice
s321183509.py(52):     if str(d1) == str(d2):
 --- modulename: s321183509, funcname: __str__
s321183509.py(15):         l = [self.ver[0], self.ver[1], self.hor[1],
s321183509.py(16):              self.hor[3], self.ver[3], self.ver[2]]
s321183509.py(15):         l = [self.ver[0], self.ver[1], self.hor[1],
s321183509.py(17):         s = map(str, l)
s321183509.py(18):         return "".join(s)
 --- modulename: s321183509, funcname: __str__
s321183509.py(15):         l = [self.ver[0], self.ver[1], self.hor[1],
s321183509.py(16):              self.hor[3], self.ver[3], self.ver[2]]
s321183509.py(15):         l = [self.ver[0], self.ver[1], self.hor[1],
s321183509.py(17):         s = map(str, l)
s321183509.py(18):         return "".join(s)
s321183509.py(54):     return False
s321183509.py(70):             d2.roll("E")
 --- modulename: s321183509, funcname: roll
s321183509.py(29):         if direction == 'N':
s321183509.py(34):         elif direction == 'S':
s321183509.py(39):         elif direction == 'E':
s321183509.py(40):             tmp1 = self.hor[0]
s321183509.py(41):             tmp2 = self.hor[1:]
s321183509.py(42):             self.hor = tmp2 + [tmp1]
s321183509.py(43):             self.h2v()
 --- modulename: s321183509, funcname: h2v
s321183509.py(25):         self.ver[1] = self.hor[0]
s321183509.py(26):         self.ver[3] = self.hor[2]
s321183509.py(67):         for h in range(3):
s321183509.py(68):             if match_dice(d1, d2):
 --- modulename: s321183509, funcname: match_dice
s321183509.py(52):     if str(d1) == str(d2):
 --- modulename: s321183509, funcname: __str__
s321183509.py(15):         l = [self.ver[0], self.ver[1], self.hor[1],
s321183509.py(16):              self.hor[3], self.ver[3], self.ver[2]]
s321183509.py(15):         l = [self.ver[0], self.ver[1], self.hor[1],
s321183509.py(17):         s = map(str, l)
s321183509.py(18):         return "".join(s)
 --- modulename: s321183509, funcname: __str__
s321183509.py(15):         l = [self.ver[0], self.ver[1], self.hor[1],
s321183509.py(16):              self.hor[3], self.ver[3], self.ver[2]]
s321183509.py(15):         l = [self.ver[0], self.ver[1], self.hor[1],
s321183509.py(17):         s = map(str, l)
s321183509.py(18):         return "".join(s)
s321183509.py(54):     return False
s321183509.py(70):             d2.roll("E")
 --- modulename: s321183509, funcname: roll
s321183509.py(29):         if direction == 'N':
s321183509.py(34):         elif direction == 'S':
s321183509.py(39):         elif direction == 'E':
s321183509.py(40):             tmp1 = self.hor[0]
s321183509.py(41):             tmp2 = self.hor[1:]
s321183509.py(42):             self.hor = tmp2 + [tmp1]
s321183509.py(43):             self.h2v()
 --- modulename: s321183509, funcname: h2v
s321183509.py(25):         self.ver[1] = self.hor[0]
s321183509.py(26):         self.ver[3] = self.hor[2]
s321183509.py(67):         for h in range(3):
s321183509.py(72):         d2.roll("N")
 --- modulename: s321183509, funcname: roll
s321183509.py(29):         if direction == 'N':
s321183509.py(30):             tmp1 = self.ver[0]
s321183509.py(31):             tmp2 = self.ver[1:]
s321183509.py(32):             self.ver = tmp2 + [tmp1]
s321183509.py(33):             self.v2h()
 --- modulename: s321183509, funcname: v2h
s321183509.py(21):         self.hor[0] = self.ver[1]
s321183509.py(22):         self.hor[2] = self.ver[3]
s321183509.py(63):     for v in range(2):
s321183509.py(74):     for v in range(2):
s321183509.py(75):         if match_dice(d1, d2):
 --- modulename: s321183509, funcname: match_dice
s321183509.py(52):     if str(d1) == str(d2):
 --- modulename: s321183509, funcname: __str__
s321183509.py(15):         l = [self.ver[0], self.ver[1], self.hor[1],
s321183509.py(16):              self.hor[3], self.ver[3], self.ver[2]]
s321183509.py(15):         l = [self.ver[0], self.ver[1], self.hor[1],
s321183509.py(17):         s = map(str, l)
s321183509.py(18):         return "".join(s)
 --- modulename: s321183509, funcname: __str__
s321183509.py(15):         l = [self.ver[0], self.ver[1], self.hor[1],
s321183509.py(16):              self.hor[3], self.ver[3], self.ver[2]]
s321183509.py(15):         l = [self.ver[0], self.ver[1], self.hor[1],
s321183509.py(17):         s = map(str, l)
s321183509.py(18):         return "".join(s)
s321183509.py(54):     return False
s321183509.py(78):         for h in range(3):
s321183509.py(79):             if match_dice(d1, d2):
 --- modulename: s321183509, funcname: match_dice
s321183509.py(52):     if str(d1) == str(d2):
 --- modulename: s321183509, funcname: __str__
s321183509.py(15):         l = [self.ver[0], self.ver[1], self.hor[1],
s321183509.py(16):              self.hor[3], self.ver[3], self.ver[2]]
s321183509.py(15):         l = [self.ver[0], self.ver[1], self.hor[1],
s321183509.py(17):         s = map(str, l)
s321183509.py(18):         return "".join(s)
 --- modulename: s321183509, funcname: __str__
s321183509.py(15):         l = [self.ver[0], self.ver[1], self.hor[1],
s321183509.py(16):              self.hor[3], self.ver[3], self.ver[2]]
s321183509.py(15):         l = [self.ver[0], self.ver[1], self.hor[1],
s321183509.py(17):         s = map(str, l)
s321183509.py(18):         return "".join(s)
s321183509.py(54):     return False
s321183509.py(81):             d2.roll("E")
 --- modulename: s321183509, funcname: roll
s321183509.py(29):         if direction == 'N':
s321183509.py(34):         elif direction == 'S':
s321183509.py(39):         elif direction == 'E':
s321183509.py(40):             tmp1 = self.hor[0]
s321183509.py(41):             tmp2 = self.hor[1:]
s321183509.py(42):             self.hor = tmp2 + [tmp1]
s321183509.py(43):             self.h2v()
 --- modulename: s321183509, funcname: h2v
s321183509.py(25):         self.ver[1] = self.hor[0]
s321183509.py(26):         self.ver[3] = self.hor[2]
s321183509.py(78):         for h in range(3):
s321183509.py(79):             if match_dice(d1, d2):
 --- modulename: s321183509, funcname: match_dice
s321183509.py(52):     if str(d1) == str(d2):
 --- modulename: s321183509, funcname: __str__
s321183509.py(15):         l = [self.ver[0], self.ver[1], self.hor[1],
s321183509.py(16):              self.hor[3], self.ver[3], self.ver[2]]
s321183509.py(15):         l = [self.ver[0], self.ver[1], self.hor[1],
s321183509.py(17):         s = map(str, l)
s321183509.py(18):         return "".join(s)
 --- modulename: s321183509, funcname: __str__
s321183509.py(15):         l = [self.ver[0], self.ver[1], self.hor[1],
s321183509.py(16):              self.hor[3], self.ver[3], self.ver[2]]
s321183509.py(15):         l = [self.ver[0], self.ver[1], self.hor[1],
s321183509.py(17):         s = map(str, l)
s321183509.py(18):         return "".join(s)
s321183509.py(54):     return False
s321183509.py(81):             d2.roll("E")
 --- modulename: s321183509, funcname: roll
s321183509.py(29):         if direction == 'N':
s321183509.py(34):         elif direction == 'S':
s321183509.py(39):         elif direction == 'E':
s321183509.py(40):             tmp1 = self.hor[0]
s321183509.py(41):             tmp2 = self.hor[1:]
s321183509.py(42):             self.hor = tmp2 + [tmp1]
s321183509.py(43):             self.h2v()
 --- modulename: s321183509, funcname: h2v
s321183509.py(25):         self.ver[1] = self.hor[0]
s321183509.py(26):         self.ver[3] = self.hor[2]
s321183509.py(78):         for h in range(3):
s321183509.py(79):             if match_dice(d1, d2):
 --- modulename: s321183509, funcname: match_dice
s321183509.py(52):     if str(d1) == str(d2):
 --- modulename: s321183509, funcname: __str__
s321183509.py(15):         l = [self.ver[0], self.ver[1], self.hor[1],
s321183509.py(16):              self.hor[3], self.ver[3], self.ver[2]]
s321183509.py(15):         l = [self.ver[0], self.ver[1], self.hor[1],
s321183509.py(17):         s = map(str, l)
s321183509.py(18):         return "".join(s)
 --- modulename: s321183509, funcname: __str__
s321183509.py(15):         l = [self.ver[0], self.ver[1], self.hor[1],
s321183509.py(16):              self.hor[3], self.ver[3], self.ver[2]]
s321183509.py(15):         l = [self.ver[0], self.ver[1], self.hor[1],
s321183509.py(17):         s = map(str, l)
s321183509.py(18):         return "".join(s)
s321183509.py(54):     return False
s321183509.py(81):             d2.roll("E")
 --- modulename: s321183509, funcname: roll
s321183509.py(29):         if direction == 'N':
s321183509.py(34):         elif direction == 'S':
s321183509.py(39):         elif direction == 'E':
s321183509.py(40):             tmp1 = self.hor[0]
s321183509.py(41):             tmp2 = self.hor[1:]
s321183509.py(42):             self.hor = tmp2 + [tmp1]
s321183509.py(43):             self.h2v()
 --- modulename: s321183509, funcname: h2v
s321183509.py(25):         self.ver[1] = self.hor[0]
s321183509.py(26):         self.ver[3] = self.hor[2]
s321183509.py(78):         for h in range(3):
s321183509.py(83):         d2.roll("S")
 --- modulename: s321183509, funcname: roll
s321183509.py(29):         if direction == 'N':
s321183509.py(34):         elif direction == 'S':
s321183509.py(35):             tmp1 = self.ver[-1]
s321183509.py(36):             tmp2 = self.ver[:-1]
s321183509.py(37):             self.ver = [tmp1] + tmp2
s321183509.py(38):             self.v2h()
 --- modulename: s321183509, funcname: v2h
s321183509.py(21):         self.hor[0] = self.ver[1]
s321183509.py(22):         self.hor[2] = self.ver[3]
s321183509.py(74):     for v in range(2):
s321183509.py(75):         if match_dice(d1, d2):
 --- modulename: s321183509, funcname: match_dice
s321183509.py(52):     if str(d1) == str(d2):
 --- modulename: s321183509, funcname: __str__
s321183509.py(15):         l = [self.ver[0], self.ver[1], self.hor[1],
s321183509.py(16):              self.hor[3], self.ver[3], self.ver[2]]
s321183509.py(15):         l = [self.ver[0], self.ver[1], self.hor[1],
s321183509.py(17):         s = map(str, l)
s321183509.py(18):         return "".join(s)
 --- modulename: s321183509, funcname: __str__
s321183509.py(15):         l = [self.ver[0], self.ver[1], self.hor[1],
s321183509.py(16):              self.hor[3], self.ver[3], self.ver[2]]
s321183509.py(15):         l = [self.ver[0], self.ver[1], self.hor[1],
s321183509.py(17):         s = map(str, l)
s321183509.py(18):         return "".join(s)
s321183509.py(54):     return False
s321183509.py(78):         for h in range(3):
s321183509.py(79):             if match_dice(d1, d2):
 --- modulename: s321183509, funcname: match_dice
s321183509.py(52):     if str(d1) == str(d2):
 --- modulename: s321183509, funcname: __str__
s321183509.py(15):         l = [self.ver[0], self.ver[1], self.hor[1],
s321183509.py(16):              self.hor[3], self.ver[3], self.ver[2]]
s321183509.py(15):         l = [self.ver[0], self.ver[1], self.hor[1],
s321183509.py(17):         s = map(str, l)
s321183509.py(18):         return "".join(s)
 --- modulename: s321183509, funcname: __str__
s321183509.py(15):         l = [self.ver[0], self.ver[1], self.hor[1],
s321183509.py(16):              self.hor[3], self.ver[3], self.ver[2]]
s321183509.py(15):         l = [self.ver[0], self.ver[1], self.hor[1],
s321183509.py(17):         s = map(str, l)
s321183509.py(18):         return "".join(s)
s321183509.py(54):     return False
s321183509.py(81):             d2.roll("E")
 --- modulename: s321183509, funcname: roll
s321183509.py(29):         if direction == 'N':
s321183509.py(34):         elif direction == 'S':
s321183509.py(39):         elif direction == 'E':
s321183509.py(40):             tmp1 = self.hor[0]
s321183509.py(41):             tmp2 = self.hor[1:]
s321183509.py(42):             self.hor = tmp2 + [tmp1]
s321183509.py(43):             self.h2v()
 --- modulename: s321183509, funcname: h2v
s321183509.py(25):         self.ver[1] = self.hor[0]
s321183509.py(26):         self.ver[3] = self.hor[2]
s321183509.py(78):         for h in range(3):
s321183509.py(79):             if match_dice(d1, d2):
 --- modulename: s321183509, funcname: match_dice
s321183509.py(52):     if str(d1) == str(d2):
 --- modulename: s321183509, funcname: __str__
s321183509.py(15):         l = [self.ver[0], self.ver[1], self.hor[1],
s321183509.py(16):              self.hor[3], self.ver[3], self.ver[2]]
s321183509.py(15):         l = [self.ver[0], self.ver[1], self.hor[1],
s321183509.py(17):         s = map(str, l)
s321183509.py(18):         return "".join(s)
 --- modulename: s321183509, funcname: __str__
s321183509.py(15):         l = [self.ver[0], self.ver[1], self.hor[1],
s321183509.py(16):              self.hor[3], self.ver[3], self.ver[2]]
s321183509.py(15):         l = [self.ver[0], self.ver[1], self.hor[1],
s321183509.py(17):         s = map(str, l)
s321183509.py(18):         return "".join(s)
s321183509.py(54):     return False
s321183509.py(81):             d2.roll("E")
 --- modulename: s321183509, funcname: roll
s321183509.py(29):         if direction == 'N':
s321183509.py(34):         elif direction == 'S':
s321183509.py(39):         elif direction == 'E':
s321183509.py(40):             tmp1 = self.hor[0]
s321183509.py(41):             tmp2 = self.hor[1:]
s321183509.py(42):             self.hor = tmp2 + [tmp1]
s321183509.py(43):             self.h2v()
 --- modulename: s321183509, funcname: h2v
s321183509.py(25):         self.ver[1] = self.hor[0]
s321183509.py(26):         self.ver[3] = self.hor[2]
s321183509.py(78):         for h in range(3):
s321183509.py(79):             if match_dice(d1, d2):
 --- modulename: s321183509, funcname: match_dice
s321183509.py(52):     if str(d1) == str(d2):
 --- modulename: s321183509, funcname: __str__
s321183509.py(15):         l = [self.ver[0], self.ver[1], self.hor[1],
s321183509.py(16):              self.hor[3], self.ver[3], self.ver[2]]
s321183509.py(15):         l = [self.ver[0], self.ver[1], self.hor[1],
s321183509.py(17):         s = map(str, l)
s321183509.py(18):         return "".join(s)
 --- modulename: s321183509, funcname: __str__
s321183509.py(15):         l = [self.ver[0], self.ver[1], self.hor[1],
s321183509.py(16):              self.hor[3], self.ver[3], self.ver[2]]
s321183509.py(15):         l = [self.ver[0], self.ver[1], self.hor[1],
s321183509.py(17):         s = map(str, l)
s321183509.py(18):         return "".join(s)
s321183509.py(53):         return True
s321183509.py(80):                 return True
s321183509.py(103):             if t:
s321183509.py(104):                 return True
s321183509.py(116): if not result:
s321183509.py(119):     print("No")
No
