 --- modulename: s323992932, funcname: <module>
s323992932.py(3): import itertools
s323992932.py(6): class CumulativeSum(object):
 --- modulename: s323992932, funcname: CumulativeSum
s323992932.py(6): class CumulativeSum(object):
s323992932.py(7):     """Constructs the cumulative sum of the elements in the given sequence.
s323992932.py(13):     def __init__(self, sequence):
s323992932.py(17):     def partial_sum(self, first, last):
s323992932.py(30): def prepare(h, w, d, board):
s323992932.py(56): def main():
s323992932.py(71): if __name__ == '__main__':
s323992932.py(72):     main()
 --- modulename: s323992932, funcname: main
s323992932.py(57):     h, w, d = (int(x) for x in input().split())
 --- modulename: codecs, funcname: getstate
codecs.py(333):         return (self.buffer, 0)
 --- modulename: codecs, funcname: decode
codecs.py(321):         data = self.buffer + input
codecs.py(322):         (result, consumed) = self._buffer_decode(data, self.errors, final)
codecs.py(324):         self.buffer = data[consumed:]
codecs.py(325):         return result
 --- modulename: s323992932, funcname: <genexpr>
s323992932.py(57):     h, w, d = (int(x) for x in input().split())
 --- modulename: s323992932, funcname: <genexpr>
s323992932.py(57):     h, w, d = (int(x) for x in input().split())
 --- modulename: s323992932, funcname: <genexpr>
s323992932.py(57):     h, w, d = (int(x) for x in input().split())
 --- modulename: s323992932, funcname: <genexpr>
s323992932.py(57):     h, w, d = (int(x) for x in input().split())
s323992932.py(58):     board = [[int(b) for b in input().split()] for _ in range(h)]
 --- modulename: s323992932, funcname: <listcomp>
s323992932.py(58):     board = [[int(b) for b in input().split()] for _ in range(h)]
 --- modulename: s323992932, funcname: <listcomp>
s323992932.py(58):     board = [[int(b) for b in input().split()] for _ in range(h)]
s323992932.py(58):     board = [[int(b) for b in input().split()] for _ in range(h)]
s323992932.py(58):     board = [[int(b) for b in input().split()] for _ in range(h)]
s323992932.py(58):     board = [[int(b) for b in input().split()] for _ in range(h)]
s323992932.py(58):     board = [[int(b) for b in input().split()] for _ in range(h)]
 --- modulename: s323992932, funcname: <listcomp>
s323992932.py(58):     board = [[int(b) for b in input().split()] for _ in range(h)]
s323992932.py(58):     board = [[int(b) for b in input().split()] for _ in range(h)]
s323992932.py(58):     board = [[int(b) for b in input().split()] for _ in range(h)]
s323992932.py(58):     board = [[int(b) for b in input().split()] for _ in range(h)]
s323992932.py(58):     board = [[int(b) for b in input().split()] for _ in range(h)]
 --- modulename: s323992932, funcname: <listcomp>
s323992932.py(58):     board = [[int(b) for b in input().split()] for _ in range(h)]
s323992932.py(58):     board = [[int(b) for b in input().split()] for _ in range(h)]
s323992932.py(58):     board = [[int(b) for b in input().split()] for _ in range(h)]
s323992932.py(58):     board = [[int(b) for b in input().split()] for _ in range(h)]
s323992932.py(58):     board = [[int(b) for b in input().split()] for _ in range(h)]
s323992932.py(59):     cumsums = prepare(h, w, d, board)
 --- modulename: s323992932, funcname: prepare
s323992932.py(31):     val2pos = [None for _ in range(h * w + 1)]
 --- modulename: s323992932, funcname: <listcomp>
s323992932.py(31):     val2pos = [None for _ in range(h * w + 1)]
s323992932.py(31):     val2pos = [None for _ in range(h * w + 1)]
s323992932.py(31):     val2pos = [None for _ in range(h * w + 1)]
s323992932.py(31):     val2pos = [None for _ in range(h * w + 1)]
s323992932.py(31):     val2pos = [None for _ in range(h * w + 1)]
s323992932.py(31):     val2pos = [None for _ in range(h * w + 1)]
s323992932.py(31):     val2pos = [None for _ in range(h * w + 1)]
s323992932.py(31):     val2pos = [None for _ in range(h * w + 1)]
s323992932.py(31):     val2pos = [None for _ in range(h * w + 1)]
s323992932.py(31):     val2pos = [None for _ in range(h * w + 1)]
s323992932.py(31):     val2pos = [None for _ in range(h * w + 1)]
s323992932.py(32):     for r, c in itertools.product(range(h), range(w)):
s323992932.py(33):         val2pos[board[r][c]] = (r, c)
s323992932.py(32):     for r, c in itertools.product(range(h), range(w)):
s323992932.py(33):         val2pos[board[r][c]] = (r, c)
s323992932.py(32):     for r, c in itertools.product(range(h), range(w)):
s323992932.py(33):         val2pos[board[r][c]] = (r, c)
s323992932.py(32):     for r, c in itertools.product(range(h), range(w)):
s323992932.py(33):         val2pos[board[r][c]] = (r, c)
s323992932.py(32):     for r, c in itertools.product(range(h), range(w)):
s323992932.py(33):         val2pos[board[r][c]] = (r, c)
s323992932.py(32):     for r, c in itertools.product(range(h), range(w)):
s323992932.py(33):         val2pos[board[r][c]] = (r, c)
s323992932.py(32):     for r, c in itertools.product(range(h), range(w)):
s323992932.py(33):         val2pos[board[r][c]] = (r, c)
s323992932.py(32):     for r, c in itertools.product(range(h), range(w)):
s323992932.py(33):         val2pos[board[r][c]] = (r, c)
s323992932.py(32):     for r, c in itertools.product(range(h), range(w)):
s323992932.py(33):         val2pos[board[r][c]] = (r, c)
s323992932.py(32):     for r, c in itertools.product(range(h), range(w)):
s323992932.py(34):     max_e = h * w // d
s323992932.py(35):     cumsums = []
s323992932.py(36):     for m in range(d):
s323992932.py(37):         max_e = (h * w - m) // d
s323992932.py(38):         costs = []
s323992932.py(39):         for e in range(max_e + 1):
s323992932.py(40):             if e == 0:
s323992932.py(41):                 costs.append(0)
s323992932.py(39):         for e in range(max_e + 1):
s323992932.py(40):             if e == 0:
s323992932.py(43):                 x0 = (e - 1) * d + m
s323992932.py(44):                 if x0 != 0:
s323992932.py(50):                     cost = 0
s323992932.py(51):                 costs.append(cost)
s323992932.py(39):         for e in range(max_e + 1):
s323992932.py(40):             if e == 0:
s323992932.py(43):                 x0 = (e - 1) * d + m
s323992932.py(44):                 if x0 != 0:
s323992932.py(45):                     r0, c0 = val2pos[x0]
s323992932.py(46):                     x1 = e * d + m
s323992932.py(47):                     r1, c1 = val2pos[x1]
s323992932.py(48):                     cost = abs(r1 - r0) + abs(c1 - c0)
s323992932.py(51):                 costs.append(cost)
s323992932.py(39):         for e in range(max_e + 1):
s323992932.py(40):             if e == 0:
s323992932.py(43):                 x0 = (e - 1) * d + m
s323992932.py(44):                 if x0 != 0:
s323992932.py(45):                     r0, c0 = val2pos[x0]
s323992932.py(46):                     x1 = e * d + m
s323992932.py(47):                     r1, c1 = val2pos[x1]
s323992932.py(48):                     cost = abs(r1 - r0) + abs(c1 - c0)
s323992932.py(51):                 costs.append(cost)
s323992932.py(39):         for e in range(max_e + 1):
s323992932.py(40):             if e == 0:
s323992932.py(43):                 x0 = (e - 1) * d + m
s323992932.py(44):                 if x0 != 0:
s323992932.py(45):                     r0, c0 = val2pos[x0]
s323992932.py(46):                     x1 = e * d + m
s323992932.py(47):                     r1, c1 = val2pos[x1]
s323992932.py(48):                     cost = abs(r1 - r0) + abs(c1 - c0)
s323992932.py(51):                 costs.append(cost)
s323992932.py(39):         for e in range(max_e + 1):
s323992932.py(52):         cumsums.append(CumulativeSum(costs))
 --- modulename: s323992932, funcname: __init__
s323992932.py(14):         self.cumulative_sum = [0]
s323992932.py(15):         self.cumulative_sum.extend(itertools.accumulate(sequence))
s323992932.py(36):     for m in range(d):
s323992932.py(37):         max_e = (h * w - m) // d
s323992932.py(38):         costs = []
s323992932.py(39):         for e in range(max_e + 1):
s323992932.py(40):             if e == 0:
s323992932.py(41):                 costs.append(0)
s323992932.py(39):         for e in range(max_e + 1):
s323992932.py(40):             if e == 0:
s323992932.py(43):                 x0 = (e - 1) * d + m
s323992932.py(44):                 if x0 != 0:
s323992932.py(45):                     r0, c0 = val2pos[x0]
s323992932.py(46):                     x1 = e * d + m
s323992932.py(47):                     r1, c1 = val2pos[x1]
s323992932.py(48):                     cost = abs(r1 - r0) + abs(c1 - c0)
s323992932.py(51):                 costs.append(cost)
s323992932.py(39):         for e in range(max_e + 1):
s323992932.py(40):             if e == 0:
s323992932.py(43):                 x0 = (e - 1) * d + m
s323992932.py(44):                 if x0 != 0:
s323992932.py(45):                     r0, c0 = val2pos[x0]
s323992932.py(46):                     x1 = e * d + m
s323992932.py(47):                     r1, c1 = val2pos[x1]
s323992932.py(48):                     cost = abs(r1 - r0) + abs(c1 - c0)
s323992932.py(51):                 costs.append(cost)
s323992932.py(39):         for e in range(max_e + 1):
s323992932.py(40):             if e == 0:
s323992932.py(43):                 x0 = (e - 1) * d + m
s323992932.py(44):                 if x0 != 0:
s323992932.py(45):                     r0, c0 = val2pos[x0]
s323992932.py(46):                     x1 = e * d + m
s323992932.py(47):                     r1, c1 = val2pos[x1]
s323992932.py(48):                     cost = abs(r1 - r0) + abs(c1 - c0)
s323992932.py(51):                 costs.append(cost)
s323992932.py(39):         for e in range(max_e + 1):
s323992932.py(40):             if e == 0:
s323992932.py(43):                 x0 = (e - 1) * d + m
s323992932.py(44):                 if x0 != 0:
s323992932.py(45):                     r0, c0 = val2pos[x0]
s323992932.py(46):                     x1 = e * d + m
s323992932.py(47):                     r1, c1 = val2pos[x1]
s323992932.py(48):                     cost = abs(r1 - r0) + abs(c1 - c0)
s323992932.py(51):                 costs.append(cost)
s323992932.py(39):         for e in range(max_e + 1):
s323992932.py(52):         cumsums.append(CumulativeSum(costs))
 --- modulename: s323992932, funcname: __init__
s323992932.py(14):         self.cumulative_sum = [0]
s323992932.py(15):         self.cumulative_sum.extend(itertools.accumulate(sequence))
s323992932.py(36):     for m in range(d):
s323992932.py(53):     return cumsums
s323992932.py(60):     q = int(input())
s323992932.py(61):     for _ in range(q):
s323992932.py(62):         l, r = (int(x) for x in input().split())
 --- modulename: s323992932, funcname: <genexpr>
s323992932.py(62):         l, r = (int(x) for x in input().split())
 --- modulename: s323992932, funcname: <genexpr>
s323992932.py(62):         l, r = (int(x) for x in input().split())
 --- modulename: s323992932, funcname: <genexpr>
s323992932.py(62):         l, r = (int(x) for x in input().split())
s323992932.py(63):         dl, ml = divmod(l, d)
s323992932.py(64):         dr, mr = divmod(r, d)
s323992932.py(65):         res = cumsums[ml].partial_sum(dl + 1, dr)
 --- modulename: s323992932, funcname: partial_sum
s323992932.py(27):         return self.cumulative_sum[last + 1] - self.cumulative_sum[first]
s323992932.py(68):         print(res)
5
s323992932.py(61):     for _ in range(q):
