 --- modulename: s332579248, funcname: <module>
s332579248.py(2): import sys
s332579248.py(3): sys.setrecursionlimit(10**9)
s332579248.py(4): INF=10**18
s332579248.py(5): MOD=10**9+7
s332579248.py(6): input=lambda: sys.stdin.readline().rstrip()
s332579248.py(7): YesNo=lambda b: bool([print('Yes')] if b else print('No'))
s332579248.py(8): YESNO=lambda b: bool([print('YES')] if b else print('NO'))
s332579248.py(9): int1=lambda x:int(x)-1
s332579248.py(11): def main():
s332579248.py(55): if __name__ == '__main__':
s332579248.py(56):     main()
 --- modulename: s332579248, funcname: main
s332579248.py(12):     N,M=map(int,input().split())
 --- modulename: s332579248, funcname: <lambda>
s332579248.py(6): input=lambda: sys.stdin.readline().rstrip()
 --- modulename: codecs, funcname: getstate
codecs.py(333):         return (self.buffer, 0)
 --- modulename: codecs, funcname: decode
codecs.py(321):         data = self.buffer + input
codecs.py(322):         (result, consumed) = self._buffer_decode(data, self.errors, final)
codecs.py(324):         self.buffer = data[consumed:]
codecs.py(325):         return result
s332579248.py(13):     edge=[]
s332579248.py(14):     for i in range(M):
s332579248.py(15):         a,b=map(int1,input().split())
 --- modulename: s332579248, funcname: <lambda>
s332579248.py(6): input=lambda: sys.stdin.readline().rstrip()
 --- modulename: s332579248, funcname: <lambda>
s332579248.py(9): int1=lambda x:int(x)-1
 --- modulename: s332579248, funcname: <lambda>
s332579248.py(9): int1=lambda x:int(x)-1
s332579248.py(16):         edge.append((a,b))
s332579248.py(14):     for i in range(M):
s332579248.py(15):         a,b=map(int1,input().split())
 --- modulename: s332579248, funcname: <lambda>
s332579248.py(6): input=lambda: sys.stdin.readline().rstrip()
 --- modulename: s332579248, funcname: <lambda>
s332579248.py(9): int1=lambda x:int(x)-1
 --- modulename: s332579248, funcname: <lambda>
s332579248.py(9): int1=lambda x:int(x)-1
s332579248.py(16):         edge.append((a,b))
s332579248.py(14):     for i in range(M):
s332579248.py(15):         a,b=map(int1,input().split())
 --- modulename: s332579248, funcname: <lambda>
s332579248.py(6): input=lambda: sys.stdin.readline().rstrip()
 --- modulename: s332579248, funcname: <lambda>
s332579248.py(9): int1=lambda x:int(x)-1
 --- modulename: s332579248, funcname: <lambda>
s332579248.py(9): int1=lambda x:int(x)-1
s332579248.py(16):         edge.append((a,b))
s332579248.py(14):     for i in range(M):
s332579248.py(15):         a,b=map(int1,input().split())
 --- modulename: s332579248, funcname: <lambda>
s332579248.py(6): input=lambda: sys.stdin.readline().rstrip()
 --- modulename: s332579248, funcname: <lambda>
s332579248.py(9): int1=lambda x:int(x)-1
 --- modulename: s332579248, funcname: <lambda>
s332579248.py(9): int1=lambda x:int(x)-1
s332579248.py(16):         edge.append((a,b))
s332579248.py(14):     for i in range(M):
s332579248.py(15):         a,b=map(int1,input().split())
 --- modulename: s332579248, funcname: <lambda>
s332579248.py(6): input=lambda: sys.stdin.readline().rstrip()
 --- modulename: s332579248, funcname: <lambda>
s332579248.py(9): int1=lambda x:int(x)-1
 --- modulename: s332579248, funcname: <lambda>
s332579248.py(9): int1=lambda x:int(x)-1
s332579248.py(16):         edge.append((a,b))
s332579248.py(14):     for i in range(M):
s332579248.py(15):         a,b=map(int1,input().split())
 --- modulename: s332579248, funcname: <lambda>
s332579248.py(6): input=lambda: sys.stdin.readline().rstrip()
 --- modulename: s332579248, funcname: <lambda>
s332579248.py(9): int1=lambda x:int(x)-1
 --- modulename: s332579248, funcname: <lambda>
s332579248.py(9): int1=lambda x:int(x)-1
s332579248.py(16):         edge.append((a,b))
s332579248.py(14):     for i in range(M):
s332579248.py(15):         a,b=map(int1,input().split())
 --- modulename: s332579248, funcname: <lambda>
s332579248.py(6): input=lambda: sys.stdin.readline().rstrip()
 --- modulename: s332579248, funcname: <lambda>
s332579248.py(9): int1=lambda x:int(x)-1
 --- modulename: s332579248, funcname: <lambda>
s332579248.py(9): int1=lambda x:int(x)-1
s332579248.py(16):         edge.append((a,b))
s332579248.py(14):     for i in range(M):
s332579248.py(17):     class UnionFind:
 --- modulename: s332579248, funcname: UnionFind
s332579248.py(17):     class UnionFind:
s332579248.py(18):         def __init__(self,n):
s332579248.py(22):         def root(self,x):
s332579248.py(28):         def unite(self,x,y):
s332579248.py(39):         def is_same(self,x,y):
s332579248.py(42):         def size(self,x):
s332579248.py(44):     ans=0
s332579248.py(45):     for i in range(M):
s332579248.py(46):         u=UnionFind(N)
 --- modulename: s332579248, funcname: __init__
s332579248.py(19):             self.par=[i for i in range(n)]
 --- modulename: s332579248, funcname: <listcomp>
s332579248.py(19):             self.par=[i for i in range(n)]
s332579248.py(19):             self.par=[i for i in range(n)]
s332579248.py(19):             self.par=[i for i in range(n)]
s332579248.py(19):             self.par=[i for i in range(n)]
s332579248.py(19):             self.par=[i for i in range(n)]
s332579248.py(19):             self.par=[i for i in range(n)]
s332579248.py(19):             self.par=[i for i in range(n)]
s332579248.py(19):             self.par=[i for i in range(n)]
s332579248.py(20):             self.siz=[1]*n
s332579248.py(47):         for j in range(M):
s332579248.py(48):             if i==j:
s332579248.py(49):                 continue
s332579248.py(47):         for j in range(M):
s332579248.py(48):             if i==j:
s332579248.py(50):             u.unite(edge[j][0],edge[j][1])
 --- modulename: s332579248, funcname: unite
s332579248.py(29):             x=self.root(x)
 --- modulename: s332579248, funcname: root
s332579248.py(23):             while self.par[x]!=x:
s332579248.py(26):             return x
s332579248.py(30):             y=self.root(y)
 --- modulename: s332579248, funcname: root
s332579248.py(23):             while self.par[x]!=x:
s332579248.py(26):             return x
s332579248.py(31):             if x==y:
s332579248.py(33):             if self.siz[x]<self.siz[y]:
s332579248.py(35):             self.siz[x]+=self.siz[y]
s332579248.py(36):             self.par[y]=x
s332579248.py(37):             return True
s332579248.py(47):         for j in range(M):
s332579248.py(48):             if i==j:
s332579248.py(50):             u.unite(edge[j][0],edge[j][1])
 --- modulename: s332579248, funcname: unite
s332579248.py(29):             x=self.root(x)
 --- modulename: s332579248, funcname: root
s332579248.py(23):             while self.par[x]!=x:
s332579248.py(26):             return x
s332579248.py(30):             y=self.root(y)
 --- modulename: s332579248, funcname: root
s332579248.py(23):             while self.par[x]!=x:
s332579248.py(26):             return x
s332579248.py(31):             if x==y:
s332579248.py(33):             if self.siz[x]<self.siz[y]:
s332579248.py(35):             self.siz[x]+=self.siz[y]
s332579248.py(36):             self.par[y]=x
s332579248.py(37):             return True
s332579248.py(47):         for j in range(M):
s332579248.py(48):             if i==j:
s332579248.py(50):             u.unite(edge[j][0],edge[j][1])
 --- modulename: s332579248, funcname: unite
s332579248.py(29):             x=self.root(x)
 --- modulename: s332579248, funcname: root
s332579248.py(23):             while self.par[x]!=x:
s332579248.py(24):                 self.par[x]=self.par[self.par[x]]
s332579248.py(25):                 x=self.par[x]
s332579248.py(23):             while self.par[x]!=x:
s332579248.py(26):             return x
s332579248.py(30):             y=self.root(y)
 --- modulename: s332579248, funcname: root
s332579248.py(23):             while self.par[x]!=x:
s332579248.py(26):             return x
s332579248.py(31):             if x==y:
s332579248.py(33):             if self.siz[x]<self.siz[y]:
s332579248.py(35):             self.siz[x]+=self.siz[y]
s332579248.py(36):             self.par[y]=x
s332579248.py(37):             return True
s332579248.py(47):         for j in range(M):
s332579248.py(48):             if i==j:
s332579248.py(50):             u.unite(edge[j][0],edge[j][1])
 --- modulename: s332579248, funcname: unite
s332579248.py(29):             x=self.root(x)
 --- modulename: s332579248, funcname: root
s332579248.py(23):             while self.par[x]!=x:
s332579248.py(24):                 self.par[x]=self.par[self.par[x]]
s332579248.py(25):                 x=self.par[x]
s332579248.py(23):             while self.par[x]!=x:
s332579248.py(26):             return x
s332579248.py(30):             y=self.root(y)
 --- modulename: s332579248, funcname: root
s332579248.py(23):             while self.par[x]!=x:
s332579248.py(26):             return x
s332579248.py(31):             if x==y:
s332579248.py(33):             if self.siz[x]<self.siz[y]:
s332579248.py(35):             self.siz[x]+=self.siz[y]
s332579248.py(36):             self.par[y]=x
s332579248.py(37):             return True
s332579248.py(47):         for j in range(M):
s332579248.py(48):             if i==j:
s332579248.py(50):             u.unite(edge[j][0],edge[j][1])
 --- modulename: s332579248, funcname: unite
s332579248.py(29):             x=self.root(x)
 --- modulename: s332579248, funcname: root
s332579248.py(23):             while self.par[x]!=x:
s332579248.py(24):                 self.par[x]=self.par[self.par[x]]
s332579248.py(25):                 x=self.par[x]
s332579248.py(23):             while self.par[x]!=x:
s332579248.py(26):             return x
s332579248.py(30):             y=self.root(y)
 --- modulename: s332579248, funcname: root
s332579248.py(23):             while self.par[x]!=x:
s332579248.py(24):                 self.par[x]=self.par[self.par[x]]
s332579248.py(25):                 x=self.par[x]
s332579248.py(23):             while self.par[x]!=x:
s332579248.py(26):             return x
s332579248.py(31):             if x==y:
s332579248.py(32):                 return False
s332579248.py(47):         for j in range(M):
s332579248.py(48):             if i==j:
s332579248.py(50):             u.unite(edge[j][0],edge[j][1])
 --- modulename: s332579248, funcname: unite
s332579248.py(29):             x=self.root(x)
 --- modulename: s332579248, funcname: root
s332579248.py(23):             while self.par[x]!=x:
s332579248.py(24):                 self.par[x]=self.par[self.par[x]]
s332579248.py(25):                 x=self.par[x]
s332579248.py(23):             while self.par[x]!=x:
s332579248.py(26):             return x
s332579248.py(30):             y=self.root(y)
 --- modulename: s332579248, funcname: root
s332579248.py(23):             while self.par[x]!=x:
s332579248.py(24):                 self.par[x]=self.par[self.par[x]]
s332579248.py(25):                 x=self.par[x]
s332579248.py(23):             while self.par[x]!=x:
s332579248.py(26):             return x
s332579248.py(31):             if x==y:
s332579248.py(33):             if self.siz[x]<self.siz[y]:
s332579248.py(35):             self.siz[x]+=self.siz[y]
s332579248.py(36):             self.par[y]=x
s332579248.py(37):             return True
s332579248.py(47):         for j in range(M):
s332579248.py(51):         if u.size(0)<N:
 --- modulename: s332579248, funcname: size
s332579248.py(43):             return self.siz[self.root(x)]
 --- modulename: s332579248, funcname: root
s332579248.py(23):             while self.par[x]!=x:
s332579248.py(26):             return x
s332579248.py(52):             ans+=1
s332579248.py(45):     for i in range(M):
s332579248.py(46):         u=UnionFind(N)
 --- modulename: s332579248, funcname: __init__
s332579248.py(19):             self.par=[i for i in range(n)]
 --- modulename: s332579248, funcname: <listcomp>
s332579248.py(19):             self.par=[i for i in range(n)]
s332579248.py(19):             self.par=[i for i in range(n)]
s332579248.py(19):             self.par=[i for i in range(n)]
s332579248.py(19):             self.par=[i for i in range(n)]
s332579248.py(19):             self.par=[i for i in range(n)]
s332579248.py(19):             self.par=[i for i in range(n)]
s332579248.py(19):             self.par=[i for i in range(n)]
s332579248.py(19):             self.par=[i for i in range(n)]
s332579248.py(20):             self.siz=[1]*n
s332579248.py(47):         for j in range(M):
s332579248.py(48):             if i==j:
s332579248.py(50):             u.unite(edge[j][0],edge[j][1])
 --- modulename: s332579248, funcname: unite
s332579248.py(29):             x=self.root(x)
 --- modulename: s332579248, funcname: root
s332579248.py(23):             while self.par[x]!=x:
s332579248.py(26):             return x
s332579248.py(30):             y=self.root(y)
 --- modulename: s332579248, funcname: root
s332579248.py(23):             while self.par[x]!=x:
s332579248.py(26):             return x
s332579248.py(31):             if x==y:
s332579248.py(33):             if self.siz[x]<self.siz[y]:
s332579248.py(35):             self.siz[x]+=self.siz[y]
s332579248.py(36):             self.par[y]=x
s332579248.py(37):             return True
s332579248.py(47):         for j in range(M):
s332579248.py(48):             if i==j:
s332579248.py(49):                 continue
s332579248.py(47):         for j in range(M):
s332579248.py(48):             if i==j:
s332579248.py(50):             u.unite(edge[j][0],edge[j][1])
 --- modulename: s332579248, funcname: unite
s332579248.py(29):             x=self.root(x)
 --- modulename: s332579248, funcname: root
s332579248.py(23):             while self.par[x]!=x:
s332579248.py(24):                 self.par[x]=self.par[self.par[x]]
s332579248.py(25):                 x=self.par[x]
s332579248.py(23):             while self.par[x]!=x:
s332579248.py(26):             return x
s332579248.py(30):             y=self.root(y)
 --- modulename: s332579248, funcname: root
s332579248.py(23):             while self.par[x]!=x:
s332579248.py(26):             return x
s332579248.py(31):             if x==y:
s332579248.py(33):             if self.siz[x]<self.siz[y]:
s332579248.py(35):             self.siz[x]+=self.siz[y]
s332579248.py(36):             self.par[y]=x
s332579248.py(37):             return True
s332579248.py(47):         for j in range(M):
s332579248.py(48):             if i==j:
s332579248.py(50):             u.unite(edge[j][0],edge[j][1])
 --- modulename: s332579248, funcname: unite
s332579248.py(29):             x=self.root(x)
 --- modulename: s332579248, funcname: root
s332579248.py(23):             while self.par[x]!=x:
s332579248.py(24):                 self.par[x]=self.par[self.par[x]]
s332579248.py(25):                 x=self.par[x]
s332579248.py(23):             while self.par[x]!=x:
s332579248.py(26):             return x
s332579248.py(30):             y=self.root(y)
 --- modulename: s332579248, funcname: root
s332579248.py(23):             while self.par[x]!=x:
s332579248.py(26):             return x
s332579248.py(31):             if x==y:
s332579248.py(33):             if self.siz[x]<self.siz[y]:
s332579248.py(35):             self.siz[x]+=self.siz[y]
s332579248.py(36):             self.par[y]=x
s332579248.py(37):             return True
s332579248.py(47):         for j in range(M):
s332579248.py(48):             if i==j:
s332579248.py(50):             u.unite(edge[j][0],edge[j][1])
 --- modulename: s332579248, funcname: unite
s332579248.py(29):             x=self.root(x)
 --- modulename: s332579248, funcname: root
s332579248.py(23):             while self.par[x]!=x:
s332579248.py(24):                 self.par[x]=self.par[self.par[x]]
s332579248.py(25):                 x=self.par[x]
s332579248.py(23):             while self.par[x]!=x:
s332579248.py(26):             return x
s332579248.py(30):             y=self.root(y)
 --- modulename: s332579248, funcname: root
s332579248.py(23):             while self.par[x]!=x:
s332579248.py(26):             return x
s332579248.py(31):             if x==y:
s332579248.py(33):             if self.siz[x]<self.siz[y]:
s332579248.py(35):             self.siz[x]+=self.siz[y]
s332579248.py(36):             self.par[y]=x
s332579248.py(37):             return True
s332579248.py(47):         for j in range(M):
s332579248.py(48):             if i==j:
s332579248.py(50):             u.unite(edge[j][0],edge[j][1])
 --- modulename: s332579248, funcname: unite
s332579248.py(29):             x=self.root(x)
 --- modulename: s332579248, funcname: root
s332579248.py(23):             while self.par[x]!=x:
s332579248.py(24):                 self.par[x]=self.par[self.par[x]]
s332579248.py(25):                 x=self.par[x]
s332579248.py(23):             while self.par[x]!=x:
s332579248.py(26):             return x
s332579248.py(30):             y=self.root(y)
 --- modulename: s332579248, funcname: root
s332579248.py(23):             while self.par[x]!=x:
s332579248.py(24):                 self.par[x]=self.par[self.par[x]]
s332579248.py(25):                 x=self.par[x]
s332579248.py(23):             while self.par[x]!=x:
s332579248.py(26):             return x
s332579248.py(31):             if x==y:
s332579248.py(32):                 return False
s332579248.py(47):         for j in range(M):
s332579248.py(48):             if i==j:
s332579248.py(50):             u.unite(edge[j][0],edge[j][1])
 --- modulename: s332579248, funcname: unite
s332579248.py(29):             x=self.root(x)
 --- modulename: s332579248, funcname: root
s332579248.py(23):             while self.par[x]!=x:
s332579248.py(24):                 self.par[x]=self.par[self.par[x]]
s332579248.py(25):                 x=self.par[x]
s332579248.py(23):             while self.par[x]!=x:
s332579248.py(26):             return x
s332579248.py(30):             y=self.root(y)
 --- modulename: s332579248, funcname: root
s332579248.py(23):             while self.par[x]!=x:
s332579248.py(26):             return x
s332579248.py(31):             if x==y:
s332579248.py(33):             if self.siz[x]<self.siz[y]:
s332579248.py(35):             self.siz[x]+=self.siz[y]
s332579248.py(36):             self.par[y]=x
s332579248.py(37):             return True
s332579248.py(47):         for j in range(M):
s332579248.py(51):         if u.size(0)<N:
 --- modulename: s332579248, funcname: size
s332579248.py(43):             return self.siz[self.root(x)]
 --- modulename: s332579248, funcname: root
s332579248.py(23):             while self.par[x]!=x:
s332579248.py(26):             return x
s332579248.py(52):             ans+=1
s332579248.py(45):     for i in range(M):
s332579248.py(46):         u=UnionFind(N)
 --- modulename: s332579248, funcname: __init__
s332579248.py(19):             self.par=[i for i in range(n)]
 --- modulename: s332579248, funcname: <listcomp>
s332579248.py(19):             self.par=[i for i in range(n)]
s332579248.py(19):             self.par=[i for i in range(n)]
s332579248.py(19):             self.par=[i for i in range(n)]
s332579248.py(19):             self.par=[i for i in range(n)]
s332579248.py(19):             self.par=[i for i in range(n)]
s332579248.py(19):             self.par=[i for i in range(n)]
s332579248.py(19):             self.par=[i for i in range(n)]
s332579248.py(19):             self.par=[i for i in range(n)]
s332579248.py(20):             self.siz=[1]*n
s332579248.py(47):         for j in range(M):
s332579248.py(48):             if i==j:
s332579248.py(50):             u.unite(edge[j][0],edge[j][1])
 --- modulename: s332579248, funcname: unite
s332579248.py(29):             x=self.root(x)
 --- modulename: s332579248, funcname: root
s332579248.py(23):             while self.par[x]!=x:
s332579248.py(26):             return x
s332579248.py(30):             y=self.root(y)
 --- modulename: s332579248, funcname: root
s332579248.py(23):             while self.par[x]!=x:
s332579248.py(26):             return x
s332579248.py(31):             if x==y:
s332579248.py(33):             if self.siz[x]<self.siz[y]:
s332579248.py(35):             self.siz[x]+=self.siz[y]
s332579248.py(36):             self.par[y]=x
s332579248.py(37):             return True
s332579248.py(47):         for j in range(M):
s332579248.py(48):             if i==j:
s332579248.py(50):             u.unite(edge[j][0],edge[j][1])
 --- modulename: s332579248, funcname: unite
s332579248.py(29):             x=self.root(x)
 --- modulename: s332579248, funcname: root
s332579248.py(23):             while self.par[x]!=x:
s332579248.py(26):             return x
s332579248.py(30):             y=self.root(y)
 --- modulename: s332579248, funcname: root
s332579248.py(23):             while self.par[x]!=x:
s332579248.py(26):             return x
s332579248.py(31):             if x==y:
s332579248.py(33):             if self.siz[x]<self.siz[y]:
s332579248.py(35):             self.siz[x]+=self.siz[y]
s332579248.py(36):             self.par[y]=x
s332579248.py(37):             return True
s332579248.py(47):         for j in range(M):
s332579248.py(48):             if i==j:
s332579248.py(49):                 continue
s332579248.py(47):         for j in range(M):
s332579248.py(48):             if i==j:
s332579248.py(50):             u.unite(edge[j][0],edge[j][1])
 --- modulename: s332579248, funcname: unite
s332579248.py(29):             x=self.root(x)
 --- modulename: s332579248, funcname: root
s332579248.py(23):             while self.par[x]!=x:
s332579248.py(26):             return x
s332579248.py(30):             y=self.root(y)
 --- modulename: s332579248, funcname: root
s332579248.py(23):             while self.par[x]!=x:
s332579248.py(26):             return x
s332579248.py(31):             if x==y:
s332579248.py(33):             if self.siz[x]<self.siz[y]:
s332579248.py(35):             self.siz[x]+=self.siz[y]
s332579248.py(36):             self.par[y]=x
s332579248.py(37):             return True
s332579248.py(47):         for j in range(M):
s332579248.py(48):             if i==j:
s332579248.py(50):             u.unite(edge[j][0],edge[j][1])
 --- modulename: s332579248, funcname: unite
s332579248.py(29):             x=self.root(x)
 --- modulename: s332579248, funcname: root
s332579248.py(23):             while self.par[x]!=x:
s332579248.py(26):             return x
s332579248.py(30):             y=self.root(y)
 --- modulename: s332579248, funcname: root
s332579248.py(23):             while self.par[x]!=x:
s332579248.py(26):             return x
s332579248.py(31):             if x==y:
s332579248.py(33):             if self.siz[x]<self.siz[y]:
s332579248.py(35):             self.siz[x]+=self.siz[y]
s332579248.py(36):             self.par[y]=x
s332579248.py(37):             return True
s332579248.py(47):         for j in range(M):
s332579248.py(48):             if i==j:
s332579248.py(50):             u.unite(edge[j][0],edge[j][1])
 --- modulename: s332579248, funcname: unite
s332579248.py(29):             x=self.root(x)
 --- modulename: s332579248, funcname: root
s332579248.py(23):             while self.par[x]!=x:
s332579248.py(24):                 self.par[x]=self.par[self.par[x]]
s332579248.py(25):                 x=self.par[x]
s332579248.py(23):             while self.par[x]!=x:
s332579248.py(26):             return x
s332579248.py(30):             y=self.root(y)
 --- modulename: s332579248, funcname: root
s332579248.py(23):             while self.par[x]!=x:
s332579248.py(24):                 self.par[x]=self.par[self.par[x]]
s332579248.py(25):                 x=self.par[x]
s332579248.py(23):             while self.par[x]!=x:
s332579248.py(26):             return x
s332579248.py(31):             if x==y:
s332579248.py(32):                 return False
s332579248.py(47):         for j in range(M):
s332579248.py(48):             if i==j:
s332579248.py(50):             u.unite(edge[j][0],edge[j][1])
 --- modulename: s332579248, funcname: unite
s332579248.py(29):             x=self.root(x)
 --- modulename: s332579248, funcname: root
s332579248.py(23):             while self.par[x]!=x:
s332579248.py(24):                 self.par[x]=self.par[self.par[x]]
s332579248.py(25):                 x=self.par[x]
s332579248.py(23):             while self.par[x]!=x:
s332579248.py(26):             return x
s332579248.py(30):             y=self.root(y)
 --- modulename: s332579248, funcname: root
s332579248.py(23):             while self.par[x]!=x:
s332579248.py(24):                 self.par[x]=self.par[self.par[x]]
s332579248.py(25):                 x=self.par[x]
s332579248.py(23):             while self.par[x]!=x:
s332579248.py(26):             return x
s332579248.py(31):             if x==y:
s332579248.py(33):             if self.siz[x]<self.siz[y]:
s332579248.py(35):             self.siz[x]+=self.siz[y]
s332579248.py(36):             self.par[y]=x
s332579248.py(37):             return True
s332579248.py(47):         for j in range(M):
s332579248.py(51):         if u.size(0)<N:
 --- modulename: s332579248, funcname: size
s332579248.py(43):             return self.siz[self.root(x)]
 --- modulename: s332579248, funcname: root
s332579248.py(23):             while self.par[x]!=x:
s332579248.py(26):             return x
s332579248.py(52):             ans+=1
s332579248.py(45):     for i in range(M):
s332579248.py(46):         u=UnionFind(N)
 --- modulename: s332579248, funcname: __init__
s332579248.py(19):             self.par=[i for i in range(n)]
 --- modulename: s332579248, funcname: <listcomp>
s332579248.py(19):             self.par=[i for i in range(n)]
s332579248.py(19):             self.par=[i for i in range(n)]
s332579248.py(19):             self.par=[i for i in range(n)]
s332579248.py(19):             self.par=[i for i in range(n)]
s332579248.py(19):             self.par=[i for i in range(n)]
s332579248.py(19):             self.par=[i for i in range(n)]
s332579248.py(19):             self.par=[i for i in range(n)]
s332579248.py(19):             self.par=[i for i in range(n)]
s332579248.py(20):             self.siz=[1]*n
s332579248.py(47):         for j in range(M):
s332579248.py(48):             if i==j:
s332579248.py(50):             u.unite(edge[j][0],edge[j][1])
 --- modulename: s332579248, funcname: unite
s332579248.py(29):             x=self.root(x)
 --- modulename: s332579248, funcname: root
s332579248.py(23):             while self.par[x]!=x:
s332579248.py(26):             return x
s332579248.py(30):             y=self.root(y)
 --- modulename: s332579248, funcname: root
s332579248.py(23):             while self.par[x]!=x:
s332579248.py(26):             return x
s332579248.py(31):             if x==y:
s332579248.py(33):             if self.siz[x]<self.siz[y]:
s332579248.py(35):             self.siz[x]+=self.siz[y]
s332579248.py(36):             self.par[y]=x
s332579248.py(37):             return True
s332579248.py(47):         for j in range(M):
s332579248.py(48):             if i==j:
s332579248.py(50):             u.unite(edge[j][0],edge[j][1])
 --- modulename: s332579248, funcname: unite
s332579248.py(29):             x=self.root(x)
 --- modulename: s332579248, funcname: root
s332579248.py(23):             while self.par[x]!=x:
s332579248.py(26):             return x
s332579248.py(30):             y=self.root(y)
 --- modulename: s332579248, funcname: root
s332579248.py(23):             while self.par[x]!=x:
s332579248.py(26):             return x
s332579248.py(31):             if x==y:
s332579248.py(33):             if self.siz[x]<self.siz[y]:
s332579248.py(35):             self.siz[x]+=self.siz[y]
s332579248.py(36):             self.par[y]=x
s332579248.py(37):             return True
s332579248.py(47):         for j in range(M):
s332579248.py(48):             if i==j:
s332579248.py(50):             u.unite(edge[j][0],edge[j][1])
 --- modulename: s332579248, funcname: unite
s332579248.py(29):             x=self.root(x)
 --- modulename: s332579248, funcname: root
s332579248.py(23):             while self.par[x]!=x:
s332579248.py(24):                 self.par[x]=self.par[self.par[x]]
s332579248.py(25):                 x=self.par[x]
s332579248.py(23):             while self.par[x]!=x:
s332579248.py(26):             return x
s332579248.py(30):             y=self.root(y)
 --- modulename: s332579248, funcname: root
s332579248.py(23):             while self.par[x]!=x:
s332579248.py(26):             return x
s332579248.py(31):             if x==y:
s332579248.py(33):             if self.siz[x]<self.siz[y]:
s332579248.py(35):             self.siz[x]+=self.siz[y]
s332579248.py(36):             self.par[y]=x
s332579248.py(37):             return True
s332579248.py(47):         for j in range(M):
s332579248.py(48):             if i==j:
s332579248.py(49):                 continue
s332579248.py(47):         for j in range(M):
s332579248.py(48):             if i==j:
s332579248.py(50):             u.unite(edge[j][0],edge[j][1])
 --- modulename: s332579248, funcname: unite
s332579248.py(29):             x=self.root(x)
 --- modulename: s332579248, funcname: root
s332579248.py(23):             while self.par[x]!=x:
s332579248.py(24):                 self.par[x]=self.par[self.par[x]]
s332579248.py(25):                 x=self.par[x]
s332579248.py(23):             while self.par[x]!=x:
s332579248.py(26):             return x
s332579248.py(30):             y=self.root(y)
 --- modulename: s332579248, funcname: root
s332579248.py(23):             while self.par[x]!=x:
s332579248.py(26):             return x
s332579248.py(31):             if x==y:
s332579248.py(33):             if self.siz[x]<self.siz[y]:
s332579248.py(35):             self.siz[x]+=self.siz[y]
s332579248.py(36):             self.par[y]=x
s332579248.py(37):             return True
s332579248.py(47):         for j in range(M):
s332579248.py(48):             if i==j:
s332579248.py(50):             u.unite(edge[j][0],edge[j][1])
 --- modulename: s332579248, funcname: unite
s332579248.py(29):             x=self.root(x)
 --- modulename: s332579248, funcname: root
s332579248.py(23):             while self.par[x]!=x:
s332579248.py(26):             return x
s332579248.py(30):             y=self.root(y)
 --- modulename: s332579248, funcname: root
s332579248.py(23):             while self.par[x]!=x:
s332579248.py(24):                 self.par[x]=self.par[self.par[x]]
s332579248.py(25):                 x=self.par[x]
s332579248.py(23):             while self.par[x]!=x:
s332579248.py(26):             return x
s332579248.py(31):             if x==y:
s332579248.py(33):             if self.siz[x]<self.siz[y]:
s332579248.py(34):                 x,y=y,x
s332579248.py(35):             self.siz[x]+=self.siz[y]
s332579248.py(36):             self.par[y]=x
s332579248.py(37):             return True
s332579248.py(47):         for j in range(M):
s332579248.py(48):             if i==j:
s332579248.py(50):             u.unite(edge[j][0],edge[j][1])
 --- modulename: s332579248, funcname: unite
s332579248.py(29):             x=self.root(x)
 --- modulename: s332579248, funcname: root
s332579248.py(23):             while self.par[x]!=x:
s332579248.py(24):                 self.par[x]=self.par[self.par[x]]
s332579248.py(25):                 x=self.par[x]
s332579248.py(23):             while self.par[x]!=x:
s332579248.py(26):             return x
s332579248.py(30):             y=self.root(y)
 --- modulename: s332579248, funcname: root
s332579248.py(23):             while self.par[x]!=x:
s332579248.py(24):                 self.par[x]=self.par[self.par[x]]
s332579248.py(25):                 x=self.par[x]
s332579248.py(23):             while self.par[x]!=x:
s332579248.py(26):             return x
s332579248.py(31):             if x==y:
s332579248.py(33):             if self.siz[x]<self.siz[y]:
s332579248.py(35):             self.siz[x]+=self.siz[y]
s332579248.py(36):             self.par[y]=x
s332579248.py(37):             return True
s332579248.py(47):         for j in range(M):
s332579248.py(51):         if u.size(0)<N:
 --- modulename: s332579248, funcname: size
s332579248.py(43):             return self.siz[self.root(x)]
 --- modulename: s332579248, funcname: root
s332579248.py(23):             while self.par[x]!=x:
s332579248.py(26):             return x
s332579248.py(45):     for i in range(M):
s332579248.py(46):         u=UnionFind(N)
 --- modulename: s332579248, funcname: __init__
s332579248.py(19):             self.par=[i for i in range(n)]
 --- modulename: s332579248, funcname: <listcomp>
s332579248.py(19):             self.par=[i for i in range(n)]
s332579248.py(19):             self.par=[i for i in range(n)]
s332579248.py(19):             self.par=[i for i in range(n)]
s332579248.py(19):             self.par=[i for i in range(n)]
s332579248.py(19):             self.par=[i for i in range(n)]
s332579248.py(19):             self.par=[i for i in range(n)]
s332579248.py(19):             self.par=[i for i in range(n)]
s332579248.py(19):             self.par=[i for i in range(n)]
s332579248.py(20):             self.siz=[1]*n
s332579248.py(47):         for j in range(M):
s332579248.py(48):             if i==j:
s332579248.py(50):             u.unite(edge[j][0],edge[j][1])
 --- modulename: s332579248, funcname: unite
s332579248.py(29):             x=self.root(x)
 --- modulename: s332579248, funcname: root
s332579248.py(23):             while self.par[x]!=x:
s332579248.py(26):             return x
s332579248.py(30):             y=self.root(y)
 --- modulename: s332579248, funcname: root
s332579248.py(23):             while self.par[x]!=x:
s332579248.py(26):             return x
s332579248.py(31):             if x==y:
s332579248.py(33):             if self.siz[x]<self.siz[y]:
s332579248.py(35):             self.siz[x]+=self.siz[y]
s332579248.py(36):             self.par[y]=x
s332579248.py(37):             return True
s332579248.py(47):         for j in range(M):
s332579248.py(48):             if i==j:
s332579248.py(50):             u.unite(edge[j][0],edge[j][1])
 --- modulename: s332579248, funcname: unite
s332579248.py(29):             x=self.root(x)
 --- modulename: s332579248, funcname: root
s332579248.py(23):             while self.par[x]!=x:
s332579248.py(26):             return x
s332579248.py(30):             y=self.root(y)
 --- modulename: s332579248, funcname: root
s332579248.py(23):             while self.par[x]!=x:
s332579248.py(26):             return x
s332579248.py(31):             if x==y:
s332579248.py(33):             if self.siz[x]<self.siz[y]:
s332579248.py(35):             self.siz[x]+=self.siz[y]
s332579248.py(36):             self.par[y]=x
s332579248.py(37):             return True
s332579248.py(47):         for j in range(M):
s332579248.py(48):             if i==j:
s332579248.py(50):             u.unite(edge[j][0],edge[j][1])
 --- modulename: s332579248, funcname: unite
s332579248.py(29):             x=self.root(x)
 --- modulename: s332579248, funcname: root
s332579248.py(23):             while self.par[x]!=x:
s332579248.py(24):                 self.par[x]=self.par[self.par[x]]
s332579248.py(25):                 x=self.par[x]
s332579248.py(23):             while self.par[x]!=x:
s332579248.py(26):             return x
s332579248.py(30):             y=self.root(y)
 --- modulename: s332579248, funcname: root
s332579248.py(23):             while self.par[x]!=x:
s332579248.py(26):             return x
s332579248.py(31):             if x==y:
s332579248.py(33):             if self.siz[x]<self.siz[y]:
s332579248.py(35):             self.siz[x]+=self.siz[y]
s332579248.py(36):             self.par[y]=x
s332579248.py(37):             return True
s332579248.py(47):         for j in range(M):
s332579248.py(48):             if i==j:
s332579248.py(50):             u.unite(edge[j][0],edge[j][1])
 --- modulename: s332579248, funcname: unite
s332579248.py(29):             x=self.root(x)
 --- modulename: s332579248, funcname: root
s332579248.py(23):             while self.par[x]!=x:
s332579248.py(24):                 self.par[x]=self.par[self.par[x]]
s332579248.py(25):                 x=self.par[x]
s332579248.py(23):             while self.par[x]!=x:
s332579248.py(26):             return x
s332579248.py(30):             y=self.root(y)
 --- modulename: s332579248, funcname: root
s332579248.py(23):             while self.par[x]!=x:
s332579248.py(26):             return x
s332579248.py(31):             if x==y:
s332579248.py(33):             if self.siz[x]<self.siz[y]:
s332579248.py(35):             self.siz[x]+=self.siz[y]
s332579248.py(36):             self.par[y]=x
s332579248.py(37):             return True
s332579248.py(47):         for j in range(M):
s332579248.py(48):             if i==j:
s332579248.py(49):                 continue
s332579248.py(47):         for j in range(M):
s332579248.py(48):             if i==j:
s332579248.py(50):             u.unite(edge[j][0],edge[j][1])
 --- modulename: s332579248, funcname: unite
s332579248.py(29):             x=self.root(x)
 --- modulename: s332579248, funcname: root
s332579248.py(23):             while self.par[x]!=x:
s332579248.py(24):                 self.par[x]=self.par[self.par[x]]
s332579248.py(25):                 x=self.par[x]
s332579248.py(23):             while self.par[x]!=x:
s332579248.py(26):             return x
s332579248.py(30):             y=self.root(y)
 --- modulename: s332579248, funcname: root
s332579248.py(23):             while self.par[x]!=x:
s332579248.py(26):             return x
s332579248.py(31):             if x==y:
s332579248.py(33):             if self.siz[x]<self.siz[y]:
s332579248.py(35):             self.siz[x]+=self.siz[y]
s332579248.py(36):             self.par[y]=x
s332579248.py(37):             return True
s332579248.py(47):         for j in range(M):
s332579248.py(48):             if i==j:
s332579248.py(50):             u.unite(edge[j][0],edge[j][1])
 --- modulename: s332579248, funcname: unite
s332579248.py(29):             x=self.root(x)
 --- modulename: s332579248, funcname: root
s332579248.py(23):             while self.par[x]!=x:
s332579248.py(24):                 self.par[x]=self.par[self.par[x]]
s332579248.py(25):                 x=self.par[x]
s332579248.py(23):             while self.par[x]!=x:
s332579248.py(26):             return x
s332579248.py(30):             y=self.root(y)
 --- modulename: s332579248, funcname: root
s332579248.py(23):             while self.par[x]!=x:
s332579248.py(24):                 self.par[x]=self.par[self.par[x]]
s332579248.py(25):                 x=self.par[x]
s332579248.py(23):             while self.par[x]!=x:
s332579248.py(26):             return x
s332579248.py(31):             if x==y:
s332579248.py(33):             if self.siz[x]<self.siz[y]:
s332579248.py(35):             self.siz[x]+=self.siz[y]
s332579248.py(36):             self.par[y]=x
s332579248.py(37):             return True
s332579248.py(47):         for j in range(M):
s332579248.py(51):         if u.size(0)<N:
 --- modulename: s332579248, funcname: size
s332579248.py(43):             return self.siz[self.root(x)]
 --- modulename: s332579248, funcname: root
s332579248.py(23):             while self.par[x]!=x:
s332579248.py(26):             return x
s332579248.py(45):     for i in range(M):
s332579248.py(46):         u=UnionFind(N)
 --- modulename: s332579248, funcname: __init__
s332579248.py(19):             self.par=[i for i in range(n)]
 --- modulename: s332579248, funcname: <listcomp>
s332579248.py(19):             self.par=[i for i in range(n)]
s332579248.py(19):             self.par=[i for i in range(n)]
s332579248.py(19):             self.par=[i for i in range(n)]
s332579248.py(19):             self.par=[i for i in range(n)]
s332579248.py(19):             self.par=[i for i in range(n)]
s332579248.py(19):             self.par=[i for i in range(n)]
s332579248.py(19):             self.par=[i for i in range(n)]
s332579248.py(19):             self.par=[i for i in range(n)]
s332579248.py(20):             self.siz=[1]*n
s332579248.py(47):         for j in range(M):
s332579248.py(48):             if i==j:
s332579248.py(50):             u.unite(edge[j][0],edge[j][1])
 --- modulename: s332579248, funcname: unite
s332579248.py(29):             x=self.root(x)
 --- modulename: s332579248, funcname: root
s332579248.py(23):             while self.par[x]!=x:
s332579248.py(26):             return x
s332579248.py(30):             y=self.root(y)
 --- modulename: s332579248, funcname: root
s332579248.py(23):             while self.par[x]!=x:
s332579248.py(26):             return x
s332579248.py(31):             if x==y:
s332579248.py(33):             if self.siz[x]<self.siz[y]:
s332579248.py(35):             self.siz[x]+=self.siz[y]
s332579248.py(36):             self.par[y]=x
s332579248.py(37):             return True
s332579248.py(47):         for j in range(M):
s332579248.py(48):             if i==j:
s332579248.py(50):             u.unite(edge[j][0],edge[j][1])
 --- modulename: s332579248, funcname: unite
s332579248.py(29):             x=self.root(x)
 --- modulename: s332579248, funcname: root
s332579248.py(23):             while self.par[x]!=x:
s332579248.py(26):             return x
s332579248.py(30):             y=self.root(y)
 --- modulename: s332579248, funcname: root
s332579248.py(23):             while self.par[x]!=x:
s332579248.py(26):             return x
s332579248.py(31):             if x==y:
s332579248.py(33):             if self.siz[x]<self.siz[y]:
s332579248.py(35):             self.siz[x]+=self.siz[y]
s332579248.py(36):             self.par[y]=x
s332579248.py(37):             return True
s332579248.py(47):         for j in range(M):
s332579248.py(48):             if i==j:
s332579248.py(50):             u.unite(edge[j][0],edge[j][1])
 --- modulename: s332579248, funcname: unite
s332579248.py(29):             x=self.root(x)
 --- modulename: s332579248, funcname: root
s332579248.py(23):             while self.par[x]!=x:
s332579248.py(24):                 self.par[x]=self.par[self.par[x]]
s332579248.py(25):                 x=self.par[x]
s332579248.py(23):             while self.par[x]!=x:
s332579248.py(26):             return x
s332579248.py(30):             y=self.root(y)
 --- modulename: s332579248, funcname: root
s332579248.py(23):             while self.par[x]!=x:
s332579248.py(26):             return x
s332579248.py(31):             if x==y:
s332579248.py(33):             if self.siz[x]<self.siz[y]:
s332579248.py(35):             self.siz[x]+=self.siz[y]
s332579248.py(36):             self.par[y]=x
s332579248.py(37):             return True
s332579248.py(47):         for j in range(M):
s332579248.py(48):             if i==j:
s332579248.py(50):             u.unite(edge[j][0],edge[j][1])
 --- modulename: s332579248, funcname: unite
s332579248.py(29):             x=self.root(x)
 --- modulename: s332579248, funcname: root
s332579248.py(23):             while self.par[x]!=x:
s332579248.py(24):                 self.par[x]=self.par[self.par[x]]
s332579248.py(25):                 x=self.par[x]
s332579248.py(23):             while self.par[x]!=x:
s332579248.py(26):             return x
s332579248.py(30):             y=self.root(y)
 --- modulename: s332579248, funcname: root
s332579248.py(23):             while self.par[x]!=x:
s332579248.py(26):             return x
s332579248.py(31):             if x==y:
s332579248.py(33):             if self.siz[x]<self.siz[y]:
s332579248.py(35):             self.siz[x]+=self.siz[y]
s332579248.py(36):             self.par[y]=x
s332579248.py(37):             return True
s332579248.py(47):         for j in range(M):
s332579248.py(48):             if i==j:
s332579248.py(50):             u.unite(edge[j][0],edge[j][1])
 --- modulename: s332579248, funcname: unite
s332579248.py(29):             x=self.root(x)
 --- modulename: s332579248, funcname: root
s332579248.py(23):             while self.par[x]!=x:
s332579248.py(24):                 self.par[x]=self.par[self.par[x]]
s332579248.py(25):                 x=self.par[x]
s332579248.py(23):             while self.par[x]!=x:
s332579248.py(26):             return x
s332579248.py(30):             y=self.root(y)
 --- modulename: s332579248, funcname: root
s332579248.py(23):             while self.par[x]!=x:
s332579248.py(26):             return x
s332579248.py(31):             if x==y:
s332579248.py(33):             if self.siz[x]<self.siz[y]:
s332579248.py(35):             self.siz[x]+=self.siz[y]
s332579248.py(36):             self.par[y]=x
s332579248.py(37):             return True
s332579248.py(47):         for j in range(M):
s332579248.py(48):             if i==j:
s332579248.py(49):                 continue
s332579248.py(47):         for j in range(M):
s332579248.py(48):             if i==j:
s332579248.py(50):             u.unite(edge[j][0],edge[j][1])
 --- modulename: s332579248, funcname: unite
s332579248.py(29):             x=self.root(x)
 --- modulename: s332579248, funcname: root
s332579248.py(23):             while self.par[x]!=x:
s332579248.py(24):                 self.par[x]=self.par[self.par[x]]
s332579248.py(25):                 x=self.par[x]
s332579248.py(23):             while self.par[x]!=x:
s332579248.py(26):             return x
s332579248.py(30):             y=self.root(y)
 --- modulename: s332579248, funcname: root
s332579248.py(23):             while self.par[x]!=x:
s332579248.py(24):                 self.par[x]=self.par[self.par[x]]
s332579248.py(25):                 x=self.par[x]
s332579248.py(23):             while self.par[x]!=x:
s332579248.py(26):             return x
s332579248.py(31):             if x==y:
s332579248.py(33):             if self.siz[x]<self.siz[y]:
s332579248.py(35):             self.siz[x]+=self.siz[y]
s332579248.py(36):             self.par[y]=x
s332579248.py(37):             return True
s332579248.py(47):         for j in range(M):
s332579248.py(51):         if u.size(0)<N:
 --- modulename: s332579248, funcname: size
s332579248.py(43):             return self.siz[self.root(x)]
 --- modulename: s332579248, funcname: root
s332579248.py(23):             while self.par[x]!=x:
s332579248.py(26):             return x
s332579248.py(45):     for i in range(M):
s332579248.py(46):         u=UnionFind(N)
 --- modulename: s332579248, funcname: __init__
s332579248.py(19):             self.par=[i for i in range(n)]
 --- modulename: s332579248, funcname: <listcomp>
s332579248.py(19):             self.par=[i for i in range(n)]
s332579248.py(19):             self.par=[i for i in range(n)]
s332579248.py(19):             self.par=[i for i in range(n)]
s332579248.py(19):             self.par=[i for i in range(n)]
s332579248.py(19):             self.par=[i for i in range(n)]
s332579248.py(19):             self.par=[i for i in range(n)]
s332579248.py(19):             self.par=[i for i in range(n)]
s332579248.py(19):             self.par=[i for i in range(n)]
s332579248.py(20):             self.siz=[1]*n
s332579248.py(47):         for j in range(M):
s332579248.py(48):             if i==j:
s332579248.py(50):             u.unite(edge[j][0],edge[j][1])
 --- modulename: s332579248, funcname: unite
s332579248.py(29):             x=self.root(x)
 --- modulename: s332579248, funcname: root
s332579248.py(23):             while self.par[x]!=x:
s332579248.py(26):             return x
s332579248.py(30):             y=self.root(y)
 --- modulename: s332579248, funcname: root
s332579248.py(23):             while self.par[x]!=x:
s332579248.py(26):             return x
s332579248.py(31):             if x==y:
s332579248.py(33):             if self.siz[x]<self.siz[y]:
s332579248.py(35):             self.siz[x]+=self.siz[y]
s332579248.py(36):             self.par[y]=x
s332579248.py(37):             return True
s332579248.py(47):         for j in range(M):
s332579248.py(48):             if i==j:
s332579248.py(50):             u.unite(edge[j][0],edge[j][1])
 --- modulename: s332579248, funcname: unite
s332579248.py(29):             x=self.root(x)
 --- modulename: s332579248, funcname: root
s332579248.py(23):             while self.par[x]!=x:
s332579248.py(26):             return x
s332579248.py(30):             y=self.root(y)
 --- modulename: s332579248, funcname: root
s332579248.py(23):             while self.par[x]!=x:
s332579248.py(26):             return x
s332579248.py(31):             if x==y:
s332579248.py(33):             if self.siz[x]<self.siz[y]:
s332579248.py(35):             self.siz[x]+=self.siz[y]
s332579248.py(36):             self.par[y]=x
s332579248.py(37):             return True
s332579248.py(47):         for j in range(M):
s332579248.py(48):             if i==j:
s332579248.py(50):             u.unite(edge[j][0],edge[j][1])
 --- modulename: s332579248, funcname: unite
s332579248.py(29):             x=self.root(x)
 --- modulename: s332579248, funcname: root
s332579248.py(23):             while self.par[x]!=x:
s332579248.py(24):                 self.par[x]=self.par[self.par[x]]
s332579248.py(25):                 x=self.par[x]
s332579248.py(23):             while self.par[x]!=x:
s332579248.py(26):             return x
s332579248.py(30):             y=self.root(y)
 --- modulename: s332579248, funcname: root
s332579248.py(23):             while self.par[x]!=x:
s332579248.py(26):             return x
s332579248.py(31):             if x==y:
s332579248.py(33):             if self.siz[x]<self.siz[y]:
s332579248.py(35):             self.siz[x]+=self.siz[y]
s332579248.py(36):             self.par[y]=x
s332579248.py(37):             return True
s332579248.py(47):         for j in range(M):
s332579248.py(48):             if i==j:
s332579248.py(50):             u.unite(edge[j][0],edge[j][1])
 --- modulename: s332579248, funcname: unite
s332579248.py(29):             x=self.root(x)
 --- modulename: s332579248, funcname: root
s332579248.py(23):             while self.par[x]!=x:
s332579248.py(24):                 self.par[x]=self.par[self.par[x]]
s332579248.py(25):                 x=self.par[x]
s332579248.py(23):             while self.par[x]!=x:
s332579248.py(26):             return x
s332579248.py(30):             y=self.root(y)
 --- modulename: s332579248, funcname: root
s332579248.py(23):             while self.par[x]!=x:
s332579248.py(26):             return x
s332579248.py(31):             if x==y:
s332579248.py(33):             if self.siz[x]<self.siz[y]:
s332579248.py(35):             self.siz[x]+=self.siz[y]
s332579248.py(36):             self.par[y]=x
s332579248.py(37):             return True
s332579248.py(47):         for j in range(M):
s332579248.py(48):             if i==j:
s332579248.py(50):             u.unite(edge[j][0],edge[j][1])
 --- modulename: s332579248, funcname: unite
s332579248.py(29):             x=self.root(x)
 --- modulename: s332579248, funcname: root
s332579248.py(23):             while self.par[x]!=x:
s332579248.py(24):                 self.par[x]=self.par[self.par[x]]
s332579248.py(25):                 x=self.par[x]
s332579248.py(23):             while self.par[x]!=x:
s332579248.py(26):             return x
s332579248.py(30):             y=self.root(y)
 --- modulename: s332579248, funcname: root
s332579248.py(23):             while self.par[x]!=x:
s332579248.py(26):             return x
s332579248.py(31):             if x==y:
s332579248.py(33):             if self.siz[x]<self.siz[y]:
s332579248.py(35):             self.siz[x]+=self.siz[y]
s332579248.py(36):             self.par[y]=x
s332579248.py(37):             return True
s332579248.py(47):         for j in range(M):
s332579248.py(48):             if i==j:
s332579248.py(50):             u.unite(edge[j][0],edge[j][1])
 --- modulename: s332579248, funcname: unite
s332579248.py(29):             x=self.root(x)
 --- modulename: s332579248, funcname: root
s332579248.py(23):             while self.par[x]!=x:
s332579248.py(24):                 self.par[x]=self.par[self.par[x]]
s332579248.py(25):                 x=self.par[x]
s332579248.py(23):             while self.par[x]!=x:
s332579248.py(26):             return x
s332579248.py(30):             y=self.root(y)
 --- modulename: s332579248, funcname: root
s332579248.py(23):             while self.par[x]!=x:
s332579248.py(24):                 self.par[x]=self.par[self.par[x]]
s332579248.py(25):                 x=self.par[x]
s332579248.py(23):             while self.par[x]!=x:
s332579248.py(26):             return x
s332579248.py(31):             if x==y:
s332579248.py(32):                 return False
s332579248.py(47):         for j in range(M):
s332579248.py(48):             if i==j:
s332579248.py(49):                 continue
s332579248.py(47):         for j in range(M):
s332579248.py(51):         if u.size(0)<N:
 --- modulename: s332579248, funcname: size
s332579248.py(43):             return self.siz[self.root(x)]
 --- modulename: s332579248, funcname: root
s332579248.py(23):             while self.par[x]!=x:
s332579248.py(26):             return x
s332579248.py(52):             ans+=1
s332579248.py(45):     for i in range(M):
s332579248.py(53):     print(ans)
4
