 --- modulename: s650409158, funcname: <module>
s650409158.py(3): class Bit:
 --- modulename: s650409158, funcname: Bit
s650409158.py(3): class Bit:
s650409158.py(4):     def __init__(self, n):
s650409158.py(8):     def sum(self, i):
s650409158.py(16):     def add(self, i, x):
s650409158.py(21): a = ord('a')
s650409158.py(23): def make_index(s):
s650409158.py(31): def solve(s):
s650409158.py(67): def main():
s650409158.py(73): if __name__ == '__main__':
s650409158.py(74):     main()
 --- modulename: s650409158, funcname: main
s650409158.py(68):     s = input()
 --- modulename: codecs, funcname: getstate
codecs.py(333):         return (self.buffer, 0)
 --- modulename: codecs, funcname: decode
codecs.py(321):         data = self.buffer + input
codecs.py(322):         (result, consumed) = self._buffer_decode(data, self.errors, final)
codecs.py(324):         self.buffer = data[consumed:]
codecs.py(325):         return result
s650409158.py(70):     print(solve(s))
 --- modulename: s650409158, funcname: solve
s650409158.py(33):     n = len(s)
s650409158.py(34):     index = make_index(s)
 --- modulename: s650409158, funcname: make_index
s650409158.py(25):     index = [[] for _ in range(26)]
 --- modulename: s650409158, funcname: <listcomp>
s650409158.py(25):     index = [[] for _ in range(26)]
s650409158.py(25):     index = [[] for _ in range(26)]
s650409158.py(25):     index = [[] for _ in range(26)]
s650409158.py(25):     index = [[] for _ in range(26)]
s650409158.py(25):     index = [[] for _ in range(26)]
s650409158.py(25):     index = [[] for _ in range(26)]
s650409158.py(25):     index = [[] for _ in range(26)]
s650409158.py(25):     index = [[] for _ in range(26)]
s650409158.py(25):     index = [[] for _ in range(26)]
s650409158.py(25):     index = [[] for _ in range(26)]
s650409158.py(25):     index = [[] for _ in range(26)]
s650409158.py(25):     index = [[] for _ in range(26)]
s650409158.py(25):     index = [[] for _ in range(26)]
s650409158.py(25):     index = [[] for _ in range(26)]
s650409158.py(25):     index = [[] for _ in range(26)]
s650409158.py(25):     index = [[] for _ in range(26)]
s650409158.py(25):     index = [[] for _ in range(26)]
s650409158.py(25):     index = [[] for _ in range(26)]
s650409158.py(25):     index = [[] for _ in range(26)]
s650409158.py(25):     index = [[] for _ in range(26)]
s650409158.py(25):     index = [[] for _ in range(26)]
s650409158.py(25):     index = [[] for _ in range(26)]
s650409158.py(25):     index = [[] for _ in range(26)]
s650409158.py(25):     index = [[] for _ in range(26)]
s650409158.py(25):     index = [[] for _ in range(26)]
s650409158.py(25):     index = [[] for _ in range(26)]
s650409158.py(25):     index = [[] for _ in range(26)]
s650409158.py(26):     for i, ch in enumerate(s):
s650409158.py(27):         index[ord(ch) - a].append(i)
s650409158.py(26):     for i, ch in enumerate(s):
s650409158.py(27):         index[ord(ch) - a].append(i)
s650409158.py(26):     for i, ch in enumerate(s):
s650409158.py(27):         index[ord(ch) - a].append(i)
s650409158.py(26):     for i, ch in enumerate(s):
s650409158.py(29):     return index
s650409158.py(36):     odd = None
s650409158.py(37):     for code, char_pos in enumerate(index):
s650409158.py(38):         if len(char_pos) % 2 == 1:
s650409158.py(37):     for code, char_pos in enumerate(index):
s650409158.py(38):         if len(char_pos) % 2 == 1:
s650409158.py(37):     for code, char_pos in enumerate(index):
s650409158.py(38):         if len(char_pos) % 2 == 1:
s650409158.py(37):     for code, char_pos in enumerate(index):
s650409158.py(38):         if len(char_pos) % 2 == 1:
s650409158.py(37):     for code, char_pos in enumerate(index):
s650409158.py(38):         if len(char_pos) % 2 == 1:
s650409158.py(37):     for code, char_pos in enumerate(index):
s650409158.py(38):         if len(char_pos) % 2 == 1:
s650409158.py(37):     for code, char_pos in enumerate(index):
s650409158.py(38):         if len(char_pos) % 2 == 1:
s650409158.py(37):     for code, char_pos in enumerate(index):
s650409158.py(38):         if len(char_pos) % 2 == 1:
s650409158.py(37):     for code, char_pos in enumerate(index):
s650409158.py(38):         if len(char_pos) % 2 == 1:
s650409158.py(37):     for code, char_pos in enumerate(index):
s650409158.py(38):         if len(char_pos) % 2 == 1:
s650409158.py(37):     for code, char_pos in enumerate(index):
s650409158.py(38):         if len(char_pos) % 2 == 1:
s650409158.py(37):     for code, char_pos in enumerate(index):
s650409158.py(38):         if len(char_pos) % 2 == 1:
s650409158.py(39):             if odd is not None:
s650409158.py(41):             odd = code
s650409158.py(37):     for code, char_pos in enumerate(index):
s650409158.py(38):         if len(char_pos) % 2 == 1:
s650409158.py(37):     for code, char_pos in enumerate(index):
s650409158.py(38):         if len(char_pos) % 2 == 1:
s650409158.py(37):     for code, char_pos in enumerate(index):
s650409158.py(38):         if len(char_pos) % 2 == 1:
s650409158.py(37):     for code, char_pos in enumerate(index):
s650409158.py(38):         if len(char_pos) % 2 == 1:
s650409158.py(37):     for code, char_pos in enumerate(index):
s650409158.py(38):         if len(char_pos) % 2 == 1:
s650409158.py(37):     for code, char_pos in enumerate(index):
s650409158.py(38):         if len(char_pos) % 2 == 1:
s650409158.py(37):     for code, char_pos in enumerate(index):
s650409158.py(38):         if len(char_pos) % 2 == 1:
s650409158.py(37):     for code, char_pos in enumerate(index):
s650409158.py(38):         if len(char_pos) % 2 == 1:
s650409158.py(37):     for code, char_pos in enumerate(index):
s650409158.py(38):         if len(char_pos) % 2 == 1:
s650409158.py(37):     for code, char_pos in enumerate(index):
s650409158.py(38):         if len(char_pos) % 2 == 1:
s650409158.py(37):     for code, char_pos in enumerate(index):
s650409158.py(38):         if len(char_pos) % 2 == 1:
s650409158.py(37):     for code, char_pos in enumerate(index):
s650409158.py(38):         if len(char_pos) % 2 == 1:
s650409158.py(37):     for code, char_pos in enumerate(index):
s650409158.py(38):         if len(char_pos) % 2 == 1:
s650409158.py(37):     for code, char_pos in enumerate(index):
s650409158.py(38):         if len(char_pos) % 2 == 1:
s650409158.py(37):     for code, char_pos in enumerate(index):
s650409158.py(43):     bit = Bit(n)
 --- modulename: s650409158, funcname: __init__
s650409158.py(5):         self.size = n
s650409158.py(6):         self.tree = [0] * n
s650409158.py(45):     ans = 0
s650409158.py(46):     cnt = 0
s650409158.py(47):     for i in range(n):
s650409158.py(48):         if bit.sum(i + 1) - bit.sum(i) == 1:
 --- modulename: s650409158, funcname: sum
s650409158.py(9):         s = 0
s650409158.py(10):         i -= 1
s650409158.py(11):         while i >= 0:
s650409158.py(12):             s += self.tree[i]
s650409158.py(13):             i = (i & (i + 1)) - 1
s650409158.py(11):         while i >= 0:
s650409158.py(14):         return s
 --- modulename: s650409158, funcname: sum
s650409158.py(9):         s = 0
s650409158.py(10):         i -= 1
s650409158.py(11):         while i >= 0:
s650409158.py(14):         return s
s650409158.py(50):         code = ord(s[i]) - a
s650409158.py(51):         if code == odd and index[code][-1] == i:
s650409158.py(53):         cnt += 1
s650409158.py(54):         j = index[code].pop()
s650409158.py(55):         ans += n - cnt - (j - bit.sum(j))
 --- modulename: s650409158, funcname: sum
s650409158.py(9):         s = 0
s650409158.py(10):         i -= 1
s650409158.py(11):         while i >= 0:
s650409158.py(12):             s += self.tree[i]
s650409158.py(13):             i = (i & (i + 1)) - 1
s650409158.py(11):         while i >= 0:
s650409158.py(14):         return s
s650409158.py(56):         bit.add(j, 1)
 --- modulename: s650409158, funcname: add
s650409158.py(17):         while i < self.size:
s650409158.py(18):             self.tree[i] += x
s650409158.py(19):             i |= i + 1
s650409158.py(17):         while i < self.size:
s650409158.py(57):         if n // 2 <= cnt:
s650409158.py(58):             break
s650409158.py(60):     if odd is not None:
s650409158.py(61):         j = index[odd][-1]
s650409158.py(62):         ans += abs(n // 2 - (j - bit.sum(j)))
 --- modulename: s650409158, funcname: sum
s650409158.py(9):         s = 0
s650409158.py(10):         i -= 1
s650409158.py(11):         while i >= 0:
s650409158.py(12):             s += self.tree[i]
s650409158.py(13):             i = (i & (i + 1)) - 1
s650409158.py(11):         while i >= 0:
s650409158.py(14):         return s
s650409158.py(64):     return ans
1
