 --- modulename: s655129839, funcname: <module>
s655129839.py(2): import sys
s655129839.py(5): def solve(N: int, K: int):
s655129839.py(19): def main():
s655129839.py(29): if __name__ == '__main__':
s655129839.py(30):     main()
 --- modulename: s655129839, funcname: main
s655129839.py(20):     def iterate_tokens():
s655129839.py(24):     tokens = iterate_tokens()
s655129839.py(25):     N = int(next(tokens))  # type: int
 --- modulename: s655129839, funcname: iterate_tokens
s655129839.py(21):         for line in sys.stdin:
 --- modulename: codecs, funcname: decode
codecs.py(321):         data = self.buffer + input
codecs.py(322):         (result, consumed) = self._buffer_decode(data, self.errors, final)
codecs.py(324):         self.buffer = data[consumed:]
codecs.py(325):         return result
s655129839.py(22):             for word in line.split():
s655129839.py(23):                 yield word
s655129839.py(26):     K = int(next(tokens))  # type: int
 --- modulename: s655129839, funcname: iterate_tokens
s655129839.py(22):             for word in line.split():
s655129839.py(23):                 yield word
s655129839.py(27):     solve(N, K)
 --- modulename: s655129839, funcname: solve
s655129839.py(6):     if K!=0:
s655129839.py(7):         ans = 0
s655129839.py(8):         for j in range(K+1,N+1):      
s655129839.py(9):             ans += (j-K) * (N//j)
s655129839.py(10):             if N%j >=K:
s655129839.py(11):                 ans += N%j - K + 1
s655129839.py(8):         for j in range(K+1,N+1):      
s655129839.py(9):             ans += (j-K) * (N//j)
s655129839.py(10):             if N%j >=K:
s655129839.py(8):         for j in range(K+1,N+1):      
s655129839.py(9):             ans += (j-K) * (N//j)
s655129839.py(10):             if N%j >=K:
s655129839.py(8):         for j in range(K+1,N+1):      
s655129839.py(15):     print(ans)
7
s655129839.py(16):     return
 --- modulename: s655129839, funcname: iterate_tokens
