 --- modulename: s656675988, funcname: <module>
s656675988.py(2): N,X=[int(_) for _ in input().split()]
 --- modulename: codecs, funcname: getstate
codecs.py(333):         return (self.buffer, 0)
 --- modulename: codecs, funcname: decode
codecs.py(321):         data = self.buffer + input
codecs.py(322):         (result, consumed) = self._buffer_decode(data, self.errors, final)
codecs.py(324):         self.buffer = data[consumed:]
codecs.py(325):         return result
 --- modulename: s656675988, funcname: <listcomp>
s656675988.py(2): N,X=[int(_) for _ in input().split()]
s656675988.py(2): N,X=[int(_) for _ in input().split()]
s656675988.py(2): N,X=[int(_) for _ in input().split()]
s656675988.py(3): def countP(n):
s656675988.py(11): def countBP(n):
s656675988.py(19): def countPinBP(n,x):
s656675988.py(43): print(countPinBP(N,X))
 --- modulename: s656675988, funcname: countPinBP
s656675988.py(20):     if x == 1:
s656675988.py(22):     if n == 0:
s656675988.py(27):     elif n == 1:
s656675988.py(36):         iH = 1 + countBP(n-1)
 --- modulename: s656675988, funcname: countBP
s656675988.py(12):     if n == 0:
s656675988.py(14):     elif n == 1:
s656675988.py(15):         return 5
s656675988.py(37):         if x <= iH:
s656675988.py(39):         elif x == iH + 1:
s656675988.py(40):             return countP(n-1) + 1
 --- modulename: s656675988, funcname: countP
s656675988.py(4):     if n == 0:
s656675988.py(6):     elif n == 1:
s656675988.py(7):         return 3
4
