 --- modulename: s657283488, funcname: <module>
s657283488.py(1): from collections import defaultdict
 --- modulename: _bootstrap, funcname: _handle_fromlist
<frozen importlib._bootstrap>(1043): <frozen importlib._bootstrap>(1044): <frozen importlib._bootstrap>(1051): <frozen importlib._bootstrap>(1055): <frozen importlib._bootstrap>(1043): <frozen importlib._bootstrap>(1067): s657283488.py(4): def inp():
s657283488.py(6): def inlt():
s657283488.py(8): def insr():
s657283488.py(11): def invr():
s657283488.py(14): n,X,Y = invr()
 --- modulename: s657283488, funcname: invr
s657283488.py(12):     return(map(int,input().rstrip().split()))
 --- modulename: codecs, funcname: getstate
codecs.py(333):         return (self.buffer, 0)
 --- modulename: codecs, funcname: decode
codecs.py(321):         data = self.buffer + input
codecs.py(322):         (result, consumed) = self._buffer_decode(data, self.errors, final)
codecs.py(324):         self.buffer = data[consumed:]
codecs.py(325):         return result
s657283488.py(15): ans = defaultdict(int)
s657283488.py(17): for i in range(1,n):
s657283488.py(18):     for j in range(i + 1,n + 1):
s657283488.py(19):         if i < X:
s657283488.py(20):             if j > Y:
s657283488.py(23):                 result = min(j - i,(X-i) + (Y - j) + 1)
s657283488.py(29):         ans[result] += 1
s657283488.py(18):     for j in range(i + 1,n + 1):
s657283488.py(19):         if i < X:
s657283488.py(20):             if j > Y:
s657283488.py(23):                 result = min(j - i,(X-i) + (Y - j) + 1)
s657283488.py(29):         ans[result] += 1
s657283488.py(18):     for j in range(i + 1,n + 1):
s657283488.py(19):         if i < X:
s657283488.py(20):             if j > Y:
s657283488.py(23):                 result = min(j - i,(X-i) + (Y - j) + 1)
s657283488.py(29):         ans[result] += 1
s657283488.py(18):     for j in range(i + 1,n + 1):
s657283488.py(19):         if i < X:
s657283488.py(20):             if j > Y:
s657283488.py(21):                 result = min(j - i,(X-i) + (j - Y) + 1)
s657283488.py(29):         ans[result] += 1
s657283488.py(18):     for j in range(i + 1,n + 1):
s657283488.py(17): for i in range(1,n):
s657283488.py(18):     for j in range(i + 1,n + 1):
s657283488.py(19):         if i < X:
s657283488.py(25):             if j > Y:
s657283488.py(28):                 result = min(j - i,(i - X) + (Y - j) + 1)
s657283488.py(29):         ans[result] += 1
s657283488.py(18):     for j in range(i + 1,n + 1):
s657283488.py(19):         if i < X:
s657283488.py(25):             if j > Y:
s657283488.py(28):                 result = min(j - i,(i - X) + (Y - j) + 1)
s657283488.py(29):         ans[result] += 1
s657283488.py(18):     for j in range(i + 1,n + 1):
s657283488.py(19):         if i < X:
s657283488.py(25):             if j > Y:
s657283488.py(26):                 result = min(j - i,(i - X) + (j - Y) + 1)
s657283488.py(29):         ans[result] += 1
s657283488.py(18):     for j in range(i + 1,n + 1):
s657283488.py(17): for i in range(1,n):
s657283488.py(18):     for j in range(i + 1,n + 1):
s657283488.py(19):         if i < X:
s657283488.py(25):             if j > Y:
s657283488.py(28):                 result = min(j - i,(i - X) + (Y - j) + 1)
s657283488.py(29):         ans[result] += 1
s657283488.py(18):     for j in range(i + 1,n + 1):
s657283488.py(19):         if i < X:
s657283488.py(25):             if j > Y:
s657283488.py(26):                 result = min(j - i,(i - X) + (j - Y) + 1)
s657283488.py(29):         ans[result] += 1
s657283488.py(18):     for j in range(i + 1,n + 1):
s657283488.py(17): for i in range(1,n):
s657283488.py(18):     for j in range(i + 1,n + 1):
s657283488.py(19):         if i < X:
s657283488.py(25):             if j > Y:
s657283488.py(26):                 result = min(j - i,(i - X) + (j - Y) + 1)
s657283488.py(29):         ans[result] += 1
s657283488.py(18):     for j in range(i + 1,n + 1):
s657283488.py(17): for i in range(1,n):
s657283488.py(32): for i in range(1,n):
s657283488.py(33):     print(ans[i])
5
s657283488.py(32): for i in range(1,n):
s657283488.py(33):     print(ans[i])
4
s657283488.py(32): for i in range(1,n):
s657283488.py(33):     print(ans[i])
1
s657283488.py(32): for i in range(1,n):
s657283488.py(33):     print(ans[i])
0
s657283488.py(32): for i in range(1,n):
