 --- modulename: s664518919, funcname: <module>
s664518919.py(1): import sys
s664518919.py(2): input = lambda: sys.stdin.readline().rstrip() 
s664518919.py(3): sys.setrecursionlimit(10**7)
s664518919.py(4): INF = 10**20
s664518919.py(5): def I(): return int(input())
s664518919.py(6): def F(): return float(input())
s664518919.py(7): def S(): return input()
s664518919.py(8): def LI(): return [int(x) for x in input().split()]
s664518919.py(9): def LI_(): return [int(x)-1 for x in input().split()]
s664518919.py(10): def LF(): return [float(x) for x in input().split()]
s664518919.py(11): def LS(): return input().split()
s664518919.py(13): def resolve():
s664518919.py(27): if __name__ == '__main__':
s664518919.py(28):     resolve()
 --- modulename: s664518919, funcname: resolve
s664518919.py(14):     A, B, K = LI()
 --- modulename: s664518919, funcname: LI
s664518919.py(8): def LI(): return [int(x) for x in input().split()]
 --- modulename: s664518919, funcname: <lambda>
s664518919.py(2): input = lambda: sys.stdin.readline().rstrip() 
 --- modulename: codecs, funcname: getstate
codecs.py(333):         return (self.buffer, 0)
 --- modulename: codecs, funcname: decode
codecs.py(321):         data = self.buffer + input
codecs.py(322):         (result, consumed) = self._buffer_decode(data, self.errors, final)
codecs.py(324):         self.buffer = data[consumed:]
codecs.py(325):         return result
 --- modulename: s664518919, funcname: <listcomp>
s664518919.py(8): def LI(): return [int(x) for x in input().split()]
s664518919.py(8): def LI(): return [int(x) for x in input().split()]
s664518919.py(8): def LI(): return [int(x) for x in input().split()]
s664518919.py(8): def LI(): return [int(x) for x in input().split()]
s664518919.py(16):     taka = A
s664518919.py(17):     ao = B
s664518919.py(19):     if A>=K:
s664518919.py(22):         taka = 0
s664518919.py(23):         ao = max(B-(K-A), 0)
s664518919.py(25):     print(taka, ao)
0 2
