 --- modulename: s665767577, funcname: <module>
s665767577.py(3): import sys
s665767577.py(4): from heapq import heappush, heappop
s665767577.py(6): def input(): return sys.stdin.readline().strip()
s665767577.py(7): def list2d(a, b, c): return [[c] * b for i in range(a)]
s665767577.py(8): def list3d(a, b, c, d): return [[[d] * c for j in range(b)] for i in range(a)]
s665767577.py(9): def list4d(a, b, c, d, e): return [[[[e] * d for j in range(c)] for j in range(b)] for i in range(a)]
s665767577.py(10): def ceil(x, y=1): return int(-(-x // y))
s665767577.py(11): def INT(): return int(input())
s665767577.py(12): def MAP(): return map(int, input().split())
s665767577.py(13): def LIST(N=None): return list(MAP()) if N is None else [INT() for i in range(N)]
s665767577.py(14): def Yes(): print('Yes')
s665767577.py(15): def No(): print('No')
s665767577.py(16): def YES(): print('YES')
s665767577.py(17): def NO(): print('NO')
s665767577.py(18): sys.setrecursionlimit(10 ** 9)
s665767577.py(19): INF = float('inf')
s665767577.py(20): MOD = 10 ** 9 + 7
s665767577.py(22): N, Q = MAP()
 --- modulename: s665767577, funcname: MAP
s665767577.py(12): def MAP(): return map(int, input().split())
 --- modulename: s665767577, funcname: input
s665767577.py(6): def input(): return sys.stdin.readline().strip()
 --- modulename: codecs, funcname: getstate
codecs.py(333):         return (self.buffer, 0)
 --- modulename: codecs, funcname: decode
codecs.py(321):         data = self.buffer + input
codecs.py(322):         (result, consumed) = self._buffer_decode(data, self.errors, final)
codecs.py(324):         self.buffer = data[consumed:]
codecs.py(325):         return result
s665767577.py(25): events = []
s665767577.py(26): for i in range(N):
s665767577.py(27):     s, t, x = MAP()
 --- modulename: s665767577, funcname: MAP
s665767577.py(12): def MAP(): return map(int, input().split())
 --- modulename: s665767577, funcname: input
s665767577.py(6): def input(): return sys.stdin.readline().strip()
s665767577.py(29):     events.append((s-x, 1, x))
s665767577.py(31):     events.append((t-x, 0, x))
s665767577.py(26): for i in range(N):
s665767577.py(27):     s, t, x = MAP()
 --- modulename: s665767577, funcname: MAP
s665767577.py(12): def MAP(): return map(int, input().split())
 --- modulename: s665767577, funcname: input
s665767577.py(6): def input(): return sys.stdin.readline().strip()
s665767577.py(29):     events.append((s-x, 1, x))
s665767577.py(31):     events.append((t-x, 0, x))
s665767577.py(26): for i in range(N):
s665767577.py(27):     s, t, x = MAP()
 --- modulename: s665767577, funcname: MAP
s665767577.py(12): def MAP(): return map(int, input().split())
 --- modulename: s665767577, funcname: input
s665767577.py(6): def input(): return sys.stdin.readline().strip()
s665767577.py(29):     events.append((s-x, 1, x))
s665767577.py(31):     events.append((t-x, 0, x))
s665767577.py(26): for i in range(N):
s665767577.py(27):     s, t, x = MAP()
 --- modulename: s665767577, funcname: MAP
s665767577.py(12): def MAP(): return map(int, input().split())
 --- modulename: s665767577, funcname: input
s665767577.py(6): def input(): return sys.stdin.readline().strip()
s665767577.py(29):     events.append((s-x, 1, x))
s665767577.py(31):     events.append((t-x, 0, x))
s665767577.py(26): for i in range(N):
s665767577.py(32): for i in range(Q):
s665767577.py(33):     d = INT()
 --- modulename: s665767577, funcname: INT
s665767577.py(11): def INT(): return int(input())
 --- modulename: s665767577, funcname: input
s665767577.py(6): def input(): return sys.stdin.readline().strip()
s665767577.py(35):     events.append((d, 2, i))
s665767577.py(32): for i in range(Q):
s665767577.py(33):     d = INT()
 --- modulename: s665767577, funcname: INT
s665767577.py(11): def INT(): return int(input())
 --- modulename: s665767577, funcname: input
s665767577.py(6): def input(): return sys.stdin.readline().strip()
s665767577.py(35):     events.append((d, 2, i))
s665767577.py(32): for i in range(Q):
s665767577.py(33):     d = INT()
 --- modulename: s665767577, funcname: INT
s665767577.py(11): def INT(): return int(input())
 --- modulename: s665767577, funcname: input
s665767577.py(6): def input(): return sys.stdin.readline().strip()
s665767577.py(35):     events.append((d, 2, i))
s665767577.py(32): for i in range(Q):
s665767577.py(33):     d = INT()
 --- modulename: s665767577, funcname: INT
s665767577.py(11): def INT(): return int(input())
 --- modulename: s665767577, funcname: input
s665767577.py(6): def input(): return sys.stdin.readline().strip()
s665767577.py(35):     events.append((d, 2, i))
s665767577.py(32): for i in range(Q):
s665767577.py(33):     d = INT()
 --- modulename: s665767577, funcname: INT
s665767577.py(11): def INT(): return int(input())
 --- modulename: s665767577, funcname: input
s665767577.py(6): def input(): return sys.stdin.readline().strip()
s665767577.py(35):     events.append((d, 2, i))
s665767577.py(32): for i in range(Q):
s665767577.py(33):     d = INT()
 --- modulename: s665767577, funcname: INT
s665767577.py(11): def INT(): return int(input())
 --- modulename: s665767577, funcname: input
s665767577.py(6): def input(): return sys.stdin.readline().strip()
s665767577.py(35):     events.append((d, 2, i))
s665767577.py(32): for i in range(Q):
s665767577.py(37): events.sort()
s665767577.py(40): S = set()
s665767577.py(41): hp = []
s665767577.py(42): ans = [0] * Q
s665767577.py(43): for t, flag, x in events:
s665767577.py(45):     if flag == 0:
s665767577.py(48):     elif flag == 1:
s665767577.py(49):         S.add(x)
s665767577.py(50):         heappush(hp, x)
s665767577.py(43): for t, flag, x in events:
s665767577.py(45):     if flag == 0:
s665767577.py(48):     elif flag == 1:
s665767577.py(49):         S.add(x)
s665767577.py(50):         heappush(hp, x)
s665767577.py(43): for t, flag, x in events:
s665767577.py(45):     if flag == 0:
s665767577.py(48):     elif flag == 1:
s665767577.py(52):     elif flag == 2:
s665767577.py(54):         while len(hp) and hp[0] not in S:
s665767577.py(56):         if len(hp):
s665767577.py(57):             ans[x] = hp[0]
s665767577.py(43): for t, flag, x in events:
s665767577.py(45):     if flag == 0:
s665767577.py(46):         S.remove(x)
s665767577.py(43): for t, flag, x in events:
s665767577.py(45):     if flag == 0:
s665767577.py(48):     elif flag == 1:
s665767577.py(49):         S.add(x)
s665767577.py(50):         heappush(hp, x)
s665767577.py(43): for t, flag, x in events:
s665767577.py(45):     if flag == 0:
s665767577.py(48):     elif flag == 1:
s665767577.py(52):     elif flag == 2:
s665767577.py(54):         while len(hp) and hp[0] not in S:
s665767577.py(56):         if len(hp):
s665767577.py(57):             ans[x] = hp[0]
s665767577.py(43): for t, flag, x in events:
s665767577.py(45):     if flag == 0:
s665767577.py(46):         S.remove(x)
s665767577.py(43): for t, flag, x in events:
s665767577.py(45):     if flag == 0:
s665767577.py(48):     elif flag == 1:
s665767577.py(52):     elif flag == 2:
s665767577.py(54):         while len(hp) and hp[0] not in S:
s665767577.py(55):             heappop(hp)
s665767577.py(54):         while len(hp) and hp[0] not in S:
s665767577.py(55):             heappop(hp)
s665767577.py(54):         while len(hp) and hp[0] not in S:
s665767577.py(56):         if len(hp):
s665767577.py(57):             ans[x] = hp[0]
s665767577.py(43): for t, flag, x in events:
s665767577.py(45):     if flag == 0:
s665767577.py(46):         S.remove(x)
s665767577.py(43): for t, flag, x in events:
s665767577.py(45):     if flag == 0:
s665767577.py(48):     elif flag == 1:
s665767577.py(52):     elif flag == 2:
s665767577.py(54):         while len(hp) and hp[0] not in S:
s665767577.py(55):             heappop(hp)
s665767577.py(54):         while len(hp) and hp[0] not in S:
s665767577.py(56):         if len(hp):
s665767577.py(59):             ans[x] = -1
s665767577.py(43): for t, flag, x in events:
s665767577.py(45):     if flag == 0:
s665767577.py(48):     elif flag == 1:
s665767577.py(49):         S.add(x)
s665767577.py(50):         heappush(hp, x)
s665767577.py(43): for t, flag, x in events:
s665767577.py(45):     if flag == 0:
s665767577.py(48):     elif flag == 1:
s665767577.py(52):     elif flag == 2:
s665767577.py(54):         while len(hp) and hp[0] not in S:
s665767577.py(56):         if len(hp):
s665767577.py(57):             ans[x] = hp[0]
s665767577.py(43): for t, flag, x in events:
s665767577.py(45):     if flag == 0:
s665767577.py(46):         S.remove(x)
s665767577.py(43): for t, flag, x in events:
s665767577.py(45):     if flag == 0:
s665767577.py(48):     elif flag == 1:
s665767577.py(52):     elif flag == 2:
s665767577.py(54):         while len(hp) and hp[0] not in S:
s665767577.py(55):             heappop(hp)
s665767577.py(54):         while len(hp) and hp[0] not in S:
s665767577.py(56):         if len(hp):
s665767577.py(59):             ans[x] = -1
s665767577.py(43): for t, flag, x in events:
s665767577.py(60): [print(a) for a in ans]
 --- modulename: s665767577, funcname: <listcomp>
s665767577.py(60): [print(a) for a in ans]
2
s665767577.py(60): [print(a) for a in ans]
2
s665767577.py(60): [print(a) for a in ans]
10
s665767577.py(60): [print(a) for a in ans]
-1
s665767577.py(60): [print(a) for a in ans]
13
s665767577.py(60): [print(a) for a in ans]
-1
s665767577.py(60): [print(a) for a in ans]
