 --- modulename: s665706352, funcname: <module>
s665706352.py(1): def str_selection_sort(a,n):
s665706352.py(15): def str_bubble_sort(a,n):
s665706352.py(31): def is_stable(a,b,n):
s665706352.py(50): a=[]
s665706352.py(51): n=int(input())
 --- modulename: codecs, funcname: getstate
codecs.py(333):         return (self.buffer, 0)
 --- modulename: codecs, funcname: decode
codecs.py(321):         data = self.buffer + input
codecs.py(322):         (result, consumed) = self._buffer_decode(data, self.errors, final)
codecs.py(324):         self.buffer = data[consumed:]
codecs.py(325):         return result
s665706352.py(52): s=input()
s665706352.py(53): a=s.split()
s665706352.py(54): b=str_bubble_sort(list(a),n)
 --- modulename: s665706352, funcname: str_bubble_sort
s665706352.py(16):     m=0
s665706352.py(17):     flag=True
s665706352.py(18):     while(flag):
s665706352.py(19):         flag=False
s665706352.py(20):         for i in range(n-1,0,-1):
s665706352.py(21):             if(a[i-1][1:] > a[i][1:]):
s665706352.py(20):         for i in range(n-1,0,-1):
s665706352.py(21):             if(a[i-1][1:] > a[i][1:]):
s665706352.py(22):                 tmp=a[i-1]
s665706352.py(23):                 a[i-1]=a[i]
s665706352.py(24):                 m+=1
s665706352.py(25):                 a[i]=tmp
s665706352.py(26):                 flag=True
s665706352.py(20):         for i in range(n-1,0,-1):
s665706352.py(21):             if(a[i-1][1:] > a[i][1:]):
s665706352.py(22):                 tmp=a[i-1]
s665706352.py(23):                 a[i-1]=a[i]
s665706352.py(24):                 m+=1
s665706352.py(25):                 a[i]=tmp
s665706352.py(26):                 flag=True
s665706352.py(20):         for i in range(n-1,0,-1):
s665706352.py(21):             if(a[i-1][1:] > a[i][1:]):
s665706352.py(22):                 tmp=a[i-1]
s665706352.py(23):                 a[i-1]=a[i]
s665706352.py(24):                 m+=1
s665706352.py(25):                 a[i]=tmp
s665706352.py(26):                 flag=True
s665706352.py(20):         for i in range(n-1,0,-1):
s665706352.py(18):     while(flag):
s665706352.py(19):         flag=False
s665706352.py(20):         for i in range(n-1,0,-1):
s665706352.py(21):             if(a[i-1][1:] > a[i][1:]):
s665706352.py(22):                 tmp=a[i-1]
s665706352.py(23):                 a[i-1]=a[i]
s665706352.py(24):                 m+=1
s665706352.py(25):                 a[i]=tmp
s665706352.py(26):                 flag=True
s665706352.py(20):         for i in range(n-1,0,-1):
s665706352.py(21):             if(a[i-1][1:] > a[i][1:]):
s665706352.py(22):                 tmp=a[i-1]
s665706352.py(23):                 a[i-1]=a[i]
s665706352.py(24):                 m+=1
s665706352.py(25):                 a[i]=tmp
s665706352.py(26):                 flag=True
s665706352.py(20):         for i in range(n-1,0,-1):
s665706352.py(21):             if(a[i-1][1:] > a[i][1:]):
s665706352.py(22):                 tmp=a[i-1]
s665706352.py(23):                 a[i-1]=a[i]
s665706352.py(24):                 m+=1
s665706352.py(25):                 a[i]=tmp
s665706352.py(26):                 flag=True
s665706352.py(20):         for i in range(n-1,0,-1):
s665706352.py(21):             if(a[i-1][1:] > a[i][1:]):
s665706352.py(20):         for i in range(n-1,0,-1):
s665706352.py(18):     while(flag):
s665706352.py(19):         flag=False
s665706352.py(20):         for i in range(n-1,0,-1):
s665706352.py(21):             if(a[i-1][1:] > a[i][1:]):
s665706352.py(22):                 tmp=a[i-1]
s665706352.py(23):                 a[i-1]=a[i]
s665706352.py(24):                 m+=1
s665706352.py(25):                 a[i]=tmp
s665706352.py(26):                 flag=True
s665706352.py(20):         for i in range(n-1,0,-1):
s665706352.py(21):             if(a[i-1][1:] > a[i][1:]):
s665706352.py(20):         for i in range(n-1,0,-1):
s665706352.py(21):             if(a[i-1][1:] > a[i][1:]):
s665706352.py(20):         for i in range(n-1,0,-1):
s665706352.py(21):             if(a[i-1][1:] > a[i][1:]):
s665706352.py(20):         for i in range(n-1,0,-1):
s665706352.py(18):     while(flag):
s665706352.py(19):         flag=False
s665706352.py(20):         for i in range(n-1,0,-1):
s665706352.py(21):             if(a[i-1][1:] > a[i][1:]):
s665706352.py(20):         for i in range(n-1,0,-1):
s665706352.py(21):             if(a[i-1][1:] > a[i][1:]):
s665706352.py(20):         for i in range(n-1,0,-1):
s665706352.py(21):             if(a[i-1][1:] > a[i][1:]):
s665706352.py(20):         for i in range(n-1,0,-1):
s665706352.py(21):             if(a[i-1][1:] > a[i][1:]):
s665706352.py(20):         for i in range(n-1,0,-1):
s665706352.py(18):     while(flag):
s665706352.py(28):     print(" ".join(a))
D2 C3 H4 S4 C9
s665706352.py(29):     return a
s665706352.py(55): print("Stable")
Stable
s665706352.py(56): c=str_selection_sort(list(a),n)
 --- modulename: s665706352, funcname: str_selection_sort
s665706352.py(2):     m=0
s665706352.py(3):     for i in range(0,n):
s665706352.py(4):         minj=i
s665706352.py(5):         for j in range(i,n):
s665706352.py(6):             if(int(a[minj][1:]) > int(a[j][1:])):
s665706352.py(5):         for j in range(i,n):
s665706352.py(6):             if(int(a[minj][1:]) > int(a[j][1:])):
s665706352.py(5):         for j in range(i,n):
s665706352.py(6):             if(int(a[minj][1:]) > int(a[j][1:])):
s665706352.py(5):         for j in range(i,n):
s665706352.py(6):             if(int(a[minj][1:]) > int(a[j][1:])):
s665706352.py(7):                 minj=j
s665706352.py(5):         for j in range(i,n):
s665706352.py(6):             if(int(a[minj][1:]) > int(a[j][1:])):
s665706352.py(5):         for j in range(i,n):
s665706352.py(8):         if(minj!=i):
s665706352.py(9):             m+=1
s665706352.py(10):             a[minj],a[i] = a[i],a[minj]
s665706352.py(3):     for i in range(0,n):
s665706352.py(4):         minj=i
s665706352.py(5):         for j in range(i,n):
s665706352.py(6):             if(int(a[minj][1:]) > int(a[j][1:])):
s665706352.py(5):         for j in range(i,n):
s665706352.py(6):             if(int(a[minj][1:]) > int(a[j][1:])):
s665706352.py(7):                 minj=j
s665706352.py(5):         for j in range(i,n):
s665706352.py(6):             if(int(a[minj][1:]) > int(a[j][1:])):
s665706352.py(5):         for j in range(i,n):
s665706352.py(6):             if(int(a[minj][1:]) > int(a[j][1:])):
s665706352.py(7):                 minj=j
s665706352.py(5):         for j in range(i,n):
s665706352.py(8):         if(minj!=i):
s665706352.py(9):             m+=1
s665706352.py(10):             a[minj],a[i] = a[i],a[minj]
s665706352.py(3):     for i in range(0,n):
s665706352.py(4):         minj=i
s665706352.py(5):         for j in range(i,n):
s665706352.py(6):             if(int(a[minj][1:]) > int(a[j][1:])):
s665706352.py(5):         for j in range(i,n):
s665706352.py(6):             if(int(a[minj][1:]) > int(a[j][1:])):
s665706352.py(5):         for j in range(i,n):
s665706352.py(6):             if(int(a[minj][1:]) > int(a[j][1:])):
s665706352.py(5):         for j in range(i,n):
s665706352.py(8):         if(minj!=i):
s665706352.py(3):     for i in range(0,n):
s665706352.py(4):         minj=i
s665706352.py(5):         for j in range(i,n):
s665706352.py(6):             if(int(a[minj][1:]) > int(a[j][1:])):
s665706352.py(5):         for j in range(i,n):
s665706352.py(6):             if(int(a[minj][1:]) > int(a[j][1:])):
s665706352.py(5):         for j in range(i,n):
s665706352.py(8):         if(minj!=i):
s665706352.py(3):     for i in range(0,n):
s665706352.py(4):         minj=i
s665706352.py(5):         for j in range(i,n):
s665706352.py(6):             if(int(a[minj][1:]) > int(a[j][1:])):
s665706352.py(5):         for j in range(i,n):
s665706352.py(8):         if(minj!=i):
s665706352.py(3):     for i in range(0,n):
s665706352.py(12):     print(" ".join(a))
D2 C3 S4 H4 C9
s665706352.py(13):     return a
s665706352.py(57): if(b==c):
s665706352.py(60):     print("Not stable")
Not stable
