 --- modulename: s501825080, funcname: <module>
s501825080.py(3): import sys
s501825080.py(5): def input(): return sys.stdin.readline().strip()
s501825080.py(6): def list2d(a, b, c): return [[c] * b for i in range(a)]
s501825080.py(7): def list3d(a, b, c, d): return [[[d] * c for j in range(b)] for i in range(a)]
s501825080.py(8): def ceil(x, y=1): return int(-(-x // y))
s501825080.py(9): def INT(): return int(input())
s501825080.py(10): def MAP(): return map(int, input().split())
s501825080.py(11): def LIST(): return list(map(int, input().split()))
s501825080.py(12): def Yes(): print('Yes')
s501825080.py(13): def No(): print('No')
s501825080.py(14): def YES(): print('YES')
s501825080.py(15): def NO(): print('NO')
s501825080.py(16): sys.setrecursionlimit(10 ** 9)
s501825080.py(17): INF = float('inf')
s501825080.py(18): MOD = 10 ** 9 + 7
s501825080.py(20): N, M = MAP()
 --- modulename: s501825080, funcname: MAP
s501825080.py(10): def MAP(): return map(int, input().split())
 --- modulename: s501825080, funcname: input
s501825080.py(5): def input(): return sys.stdin.readline().strip()
 --- modulename: codecs, funcname: getstate
codecs.py(333):         return (self.buffer, 0)
 --- modulename: codecs, funcname: decode
codecs.py(321):         data = self.buffer + input
codecs.py(322):         (result, consumed) = self._buffer_decode(data, self.errors, final)
codecs.py(324):         self.buffer = data[consumed:]
codecs.py(325):         return result
s501825080.py(21): G = list2d(N, N, INF)
 --- modulename: s501825080, funcname: list2d
s501825080.py(6): def list2d(a, b, c): return [[c] * b for i in range(a)]
 --- modulename: s501825080, funcname: <listcomp>
s501825080.py(6): def list2d(a, b, c): return [[c] * b for i in range(a)]
s501825080.py(6): def list2d(a, b, c): return [[c] * b for i in range(a)]
s501825080.py(6): def list2d(a, b, c): return [[c] * b for i in range(a)]
s501825080.py(6): def list2d(a, b, c): return [[c] * b for i in range(a)]
s501825080.py(6): def list2d(a, b, c): return [[c] * b for i in range(a)]
s501825080.py(22): for i in range(M):
s501825080.py(23):     s, t, d = MAP()
 --- modulename: s501825080, funcname: MAP
s501825080.py(10): def MAP(): return map(int, input().split())
 --- modulename: s501825080, funcname: input
s501825080.py(5): def input(): return sys.stdin.readline().strip()
s501825080.py(24):     G[s][t] = d
s501825080.py(22): for i in range(M):
s501825080.py(23):     s, t, d = MAP()
 --- modulename: s501825080, funcname: MAP
s501825080.py(10): def MAP(): return map(int, input().split())
 --- modulename: s501825080, funcname: input
s501825080.py(5): def input(): return sys.stdin.readline().strip()
s501825080.py(24):     G[s][t] = d
s501825080.py(22): for i in range(M):
s501825080.py(23):     s, t, d = MAP()
 --- modulename: s501825080, funcname: MAP
s501825080.py(10): def MAP(): return map(int, input().split())
 --- modulename: s501825080, funcname: input
s501825080.py(5): def input(): return sys.stdin.readline().strip()
s501825080.py(24):     G[s][t] = d
s501825080.py(22): for i in range(M):
s501825080.py(23):     s, t, d = MAP()
 --- modulename: s501825080, funcname: MAP
s501825080.py(10): def MAP(): return map(int, input().split())
 --- modulename: s501825080, funcname: input
s501825080.py(5): def input(): return sys.stdin.readline().strip()
s501825080.py(24):     G[s][t] = d
s501825080.py(22): for i in range(M):
s501825080.py(23):     s, t, d = MAP()
 --- modulename: s501825080, funcname: MAP
s501825080.py(10): def MAP(): return map(int, input().split())
 --- modulename: s501825080, funcname: input
s501825080.py(5): def input(): return sys.stdin.readline().strip()
s501825080.py(24):     G[s][t] = d
s501825080.py(22): for i in range(M):
s501825080.py(23):     s, t, d = MAP()
 --- modulename: s501825080, funcname: MAP
s501825080.py(10): def MAP(): return map(int, input().split())
 --- modulename: s501825080, funcname: input
s501825080.py(5): def input(): return sys.stdin.readline().strip()
s501825080.py(24):     G[s][t] = d
s501825080.py(22): for i in range(M):
s501825080.py(27): dp = list2d(1<<N, N, INF)
 --- modulename: s501825080, funcname: list2d
s501825080.py(6): def list2d(a, b, c): return [[c] * b for i in range(a)]
 --- modulename: s501825080, funcname: <listcomp>
s501825080.py(6): def list2d(a, b, c): return [[c] * b for i in range(a)]
s501825080.py(6): def list2d(a, b, c): return [[c] * b for i in range(a)]
s501825080.py(6): def list2d(a, b, c): return [[c] * b for i in range(a)]
s501825080.py(6): def list2d(a, b, c): return [[c] * b for i in range(a)]
s501825080.py(6): def list2d(a, b, c): return [[c] * b for i in range(a)]
s501825080.py(6): def list2d(a, b, c): return [[c] * b for i in range(a)]
s501825080.py(6): def list2d(a, b, c): return [[c] * b for i in range(a)]
s501825080.py(6): def list2d(a, b, c): return [[c] * b for i in range(a)]
s501825080.py(6): def list2d(a, b, c): return [[c] * b for i in range(a)]
s501825080.py(6): def list2d(a, b, c): return [[c] * b for i in range(a)]
s501825080.py(6): def list2d(a, b, c): return [[c] * b for i in range(a)]
s501825080.py(6): def list2d(a, b, c): return [[c] * b for i in range(a)]
s501825080.py(6): def list2d(a, b, c): return [[c] * b for i in range(a)]
s501825080.py(6): def list2d(a, b, c): return [[c] * b for i in range(a)]
s501825080.py(6): def list2d(a, b, c): return [[c] * b for i in range(a)]
s501825080.py(6): def list2d(a, b, c): return [[c] * b for i in range(a)]
s501825080.py(6): def list2d(a, b, c): return [[c] * b for i in range(a)]
s501825080.py(29): dp[1][0] = 0
s501825080.py(31): for bit in range(1, (1<<N)-1):
s501825080.py(32):     for i in range(N):
s501825080.py(34):         if not bit>>i&1: continue
s501825080.py(35):         for j in range(N):
s501825080.py(37):             if bit>>j&1: continue
s501825080.py(35):         for j in range(N):
s501825080.py(37):             if bit>>j&1: continue
s501825080.py(39):             dp[bit+(1<<j)][j] = min(dp[bit+(1<<j)][j], dp[bit][i] + G[i][j])
s501825080.py(35):         for j in range(N):
s501825080.py(37):             if bit>>j&1: continue
s501825080.py(39):             dp[bit+(1<<j)][j] = min(dp[bit+(1<<j)][j], dp[bit][i] + G[i][j])
s501825080.py(35):         for j in range(N):
s501825080.py(37):             if bit>>j&1: continue
s501825080.py(39):             dp[bit+(1<<j)][j] = min(dp[bit+(1<<j)][j], dp[bit][i] + G[i][j])
s501825080.py(35):         for j in range(N):
s501825080.py(32):     for i in range(N):
s501825080.py(34):         if not bit>>i&1: continue
s501825080.py(32):     for i in range(N):
s501825080.py(34):         if not bit>>i&1: continue
s501825080.py(32):     for i in range(N):
s501825080.py(34):         if not bit>>i&1: continue
s501825080.py(32):     for i in range(N):
s501825080.py(31): for bit in range(1, (1<<N)-1):
s501825080.py(32):     for i in range(N):
s501825080.py(34):         if not bit>>i&1: continue
s501825080.py(32):     for i in range(N):
s501825080.py(34):         if not bit>>i&1: continue
s501825080.py(35):         for j in range(N):
s501825080.py(37):             if bit>>j&1: continue
s501825080.py(39):             dp[bit+(1<<j)][j] = min(dp[bit+(1<<j)][j], dp[bit][i] + G[i][j])
s501825080.py(35):         for j in range(N):
s501825080.py(37):             if bit>>j&1: continue
s501825080.py(35):         for j in range(N):
s501825080.py(37):             if bit>>j&1: continue
s501825080.py(39):             dp[bit+(1<<j)][j] = min(dp[bit+(1<<j)][j], dp[bit][i] + G[i][j])
s501825080.py(35):         for j in range(N):
s501825080.py(37):             if bit>>j&1: continue
s501825080.py(39):             dp[bit+(1<<j)][j] = min(dp[bit+(1<<j)][j], dp[bit][i] + G[i][j])
s501825080.py(35):         for j in range(N):
s501825080.py(32):     for i in range(N):
s501825080.py(34):         if not bit>>i&1: continue
s501825080.py(32):     for i in range(N):
s501825080.py(34):         if not bit>>i&1: continue
s501825080.py(32):     for i in range(N):
s501825080.py(31): for bit in range(1, (1<<N)-1):
s501825080.py(32):     for i in range(N):
s501825080.py(34):         if not bit>>i&1: continue
s501825080.py(35):         for j in range(N):
s501825080.py(37):             if bit>>j&1: continue
s501825080.py(35):         for j in range(N):
s501825080.py(37):             if bit>>j&1: continue
s501825080.py(35):         for j in range(N):
s501825080.py(37):             if bit>>j&1: continue
s501825080.py(39):             dp[bit+(1<<j)][j] = min(dp[bit+(1<<j)][j], dp[bit][i] + G[i][j])
s501825080.py(35):         for j in range(N):
s501825080.py(37):             if bit>>j&1: continue
s501825080.py(39):             dp[bit+(1<<j)][j] = min(dp[bit+(1<<j)][j], dp[bit][i] + G[i][j])
s501825080.py(35):         for j in range(N):
s501825080.py(32):     for i in range(N):
s501825080.py(34):         if not bit>>i&1: continue
s501825080.py(35):         for j in range(N):
s501825080.py(37):             if bit>>j&1: continue
s501825080.py(35):         for j in range(N):
s501825080.py(37):             if bit>>j&1: continue
s501825080.py(35):         for j in range(N):
s501825080.py(37):             if bit>>j&1: continue
s501825080.py(39):             dp[bit+(1<<j)][j] = min(dp[bit+(1<<j)][j], dp[bit][i] + G[i][j])
s501825080.py(35):         for j in range(N):
s501825080.py(37):             if bit>>j&1: continue
s501825080.py(39):             dp[bit+(1<<j)][j] = min(dp[bit+(1<<j)][j], dp[bit][i] + G[i][j])
s501825080.py(35):         for j in range(N):
s501825080.py(32):     for i in range(N):
s501825080.py(34):         if not bit>>i&1: continue
s501825080.py(32):     for i in range(N):
s501825080.py(34):         if not bit>>i&1: continue
s501825080.py(32):     for i in range(N):
s501825080.py(31): for bit in range(1, (1<<N)-1):
s501825080.py(32):     for i in range(N):
s501825080.py(34):         if not bit>>i&1: continue
s501825080.py(32):     for i in range(N):
s501825080.py(34):         if not bit>>i&1: continue
s501825080.py(32):     for i in range(N):
s501825080.py(34):         if not bit>>i&1: continue
s501825080.py(35):         for j in range(N):
s501825080.py(37):             if bit>>j&1: continue
s501825080.py(39):             dp[bit+(1<<j)][j] = min(dp[bit+(1<<j)][j], dp[bit][i] + G[i][j])
s501825080.py(35):         for j in range(N):
s501825080.py(37):             if bit>>j&1: continue
s501825080.py(39):             dp[bit+(1<<j)][j] = min(dp[bit+(1<<j)][j], dp[bit][i] + G[i][j])
s501825080.py(35):         for j in range(N):
s501825080.py(37):             if bit>>j&1: continue
s501825080.py(35):         for j in range(N):
s501825080.py(37):             if bit>>j&1: continue
s501825080.py(39):             dp[bit+(1<<j)][j] = min(dp[bit+(1<<j)][j], dp[bit][i] + G[i][j])
s501825080.py(35):         for j in range(N):
s501825080.py(32):     for i in range(N):
s501825080.py(34):         if not bit>>i&1: continue
s501825080.py(32):     for i in range(N):
s501825080.py(31): for bit in range(1, (1<<N)-1):
s501825080.py(32):     for i in range(N):
s501825080.py(34):         if not bit>>i&1: continue
s501825080.py(35):         for j in range(N):
s501825080.py(37):             if bit>>j&1: continue
s501825080.py(35):         for j in range(N):
s501825080.py(37):             if bit>>j&1: continue
s501825080.py(39):             dp[bit+(1<<j)][j] = min(dp[bit+(1<<j)][j], dp[bit][i] + G[i][j])
s501825080.py(35):         for j in range(N):
s501825080.py(37):             if bit>>j&1: continue
s501825080.py(35):         for j in range(N):
s501825080.py(37):             if bit>>j&1: continue
s501825080.py(39):             dp[bit+(1<<j)][j] = min(dp[bit+(1<<j)][j], dp[bit][i] + G[i][j])
s501825080.py(35):         for j in range(N):
s501825080.py(32):     for i in range(N):
s501825080.py(34):         if not bit>>i&1: continue
s501825080.py(32):     for i in range(N):
s501825080.py(34):         if not bit>>i&1: continue
s501825080.py(35):         for j in range(N):
s501825080.py(37):             if bit>>j&1: continue
s501825080.py(35):         for j in range(N):
s501825080.py(37):             if bit>>j&1: continue
s501825080.py(39):             dp[bit+(1<<j)][j] = min(dp[bit+(1<<j)][j], dp[bit][i] + G[i][j])
s501825080.py(35):         for j in range(N):
s501825080.py(37):             if bit>>j&1: continue
s501825080.py(35):         for j in range(N):
s501825080.py(37):             if bit>>j&1: continue
s501825080.py(39):             dp[bit+(1<<j)][j] = min(dp[bit+(1<<j)][j], dp[bit][i] + G[i][j])
s501825080.py(35):         for j in range(N):
s501825080.py(32):     for i in range(N):
s501825080.py(34):         if not bit>>i&1: continue
s501825080.py(32):     for i in range(N):
s501825080.py(31): for bit in range(1, (1<<N)-1):
s501825080.py(32):     for i in range(N):
s501825080.py(34):         if not bit>>i&1: continue
s501825080.py(32):     for i in range(N):
s501825080.py(34):         if not bit>>i&1: continue
s501825080.py(35):         for j in range(N):
s501825080.py(37):             if bit>>j&1: continue
s501825080.py(39):             dp[bit+(1<<j)][j] = min(dp[bit+(1<<j)][j], dp[bit][i] + G[i][j])
s501825080.py(35):         for j in range(N):
s501825080.py(37):             if bit>>j&1: continue
s501825080.py(35):         for j in range(N):
s501825080.py(37):             if bit>>j&1: continue
s501825080.py(35):         for j in range(N):
s501825080.py(37):             if bit>>j&1: continue
s501825080.py(39):             dp[bit+(1<<j)][j] = min(dp[bit+(1<<j)][j], dp[bit][i] + G[i][j])
s501825080.py(35):         for j in range(N):
s501825080.py(32):     for i in range(N):
s501825080.py(34):         if not bit>>i&1: continue
s501825080.py(35):         for j in range(N):
s501825080.py(37):             if bit>>j&1: continue
s501825080.py(39):             dp[bit+(1<<j)][j] = min(dp[bit+(1<<j)][j], dp[bit][i] + G[i][j])
s501825080.py(35):         for j in range(N):
s501825080.py(37):             if bit>>j&1: continue
s501825080.py(35):         for j in range(N):
s501825080.py(37):             if bit>>j&1: continue
s501825080.py(35):         for j in range(N):
s501825080.py(37):             if bit>>j&1: continue
s501825080.py(39):             dp[bit+(1<<j)][j] = min(dp[bit+(1<<j)][j], dp[bit][i] + G[i][j])
s501825080.py(35):         for j in range(N):
s501825080.py(32):     for i in range(N):
s501825080.py(34):         if not bit>>i&1: continue
s501825080.py(32):     for i in range(N):
s501825080.py(31): for bit in range(1, (1<<N)-1):
s501825080.py(32):     for i in range(N):
s501825080.py(34):         if not bit>>i&1: continue
s501825080.py(35):         for j in range(N):
s501825080.py(37):             if bit>>j&1: continue
s501825080.py(35):         for j in range(N):
s501825080.py(37):             if bit>>j&1: continue
s501825080.py(35):         for j in range(N):
s501825080.py(37):             if bit>>j&1: continue
s501825080.py(35):         for j in range(N):
s501825080.py(37):             if bit>>j&1: continue
s501825080.py(39):             dp[bit+(1<<j)][j] = min(dp[bit+(1<<j)][j], dp[bit][i] + G[i][j])
s501825080.py(35):         for j in range(N):
s501825080.py(32):     for i in range(N):
s501825080.py(34):         if not bit>>i&1: continue
s501825080.py(35):         for j in range(N):
s501825080.py(37):             if bit>>j&1: continue
s501825080.py(35):         for j in range(N):
s501825080.py(37):             if bit>>j&1: continue
s501825080.py(35):         for j in range(N):
s501825080.py(37):             if bit>>j&1: continue
s501825080.py(35):         for j in range(N):
s501825080.py(37):             if bit>>j&1: continue
s501825080.py(39):             dp[bit+(1<<j)][j] = min(dp[bit+(1<<j)][j], dp[bit][i] + G[i][j])
s501825080.py(35):         for j in range(N):
s501825080.py(32):     for i in range(N):
s501825080.py(34):         if not bit>>i&1: continue
s501825080.py(35):         for j in range(N):
s501825080.py(37):             if bit>>j&1: continue
s501825080.py(35):         for j in range(N):
s501825080.py(37):             if bit>>j&1: continue
s501825080.py(35):         for j in range(N):
s501825080.py(37):             if bit>>j&1: continue
s501825080.py(35):         for j in range(N):
s501825080.py(37):             if bit>>j&1: continue
s501825080.py(39):             dp[bit+(1<<j)][j] = min(dp[bit+(1<<j)][j], dp[bit][i] + G[i][j])
s501825080.py(35):         for j in range(N):
s501825080.py(32):     for i in range(N):
s501825080.py(34):         if not bit>>i&1: continue
s501825080.py(32):     for i in range(N):
s501825080.py(31): for bit in range(1, (1<<N)-1):
s501825080.py(32):     for i in range(N):
s501825080.py(34):         if not bit>>i&1: continue
s501825080.py(32):     for i in range(N):
s501825080.py(34):         if not bit>>i&1: continue
s501825080.py(32):     for i in range(N):
s501825080.py(34):         if not bit>>i&1: continue
s501825080.py(32):     for i in range(N):
s501825080.py(34):         if not bit>>i&1: continue
s501825080.py(35):         for j in range(N):
s501825080.py(37):             if bit>>j&1: continue
s501825080.py(39):             dp[bit+(1<<j)][j] = min(dp[bit+(1<<j)][j], dp[bit][i] + G[i][j])
s501825080.py(35):         for j in range(N):
s501825080.py(37):             if bit>>j&1: continue
s501825080.py(39):             dp[bit+(1<<j)][j] = min(dp[bit+(1<<j)][j], dp[bit][i] + G[i][j])
s501825080.py(35):         for j in range(N):
s501825080.py(37):             if bit>>j&1: continue
s501825080.py(39):             dp[bit+(1<<j)][j] = min(dp[bit+(1<<j)][j], dp[bit][i] + G[i][j])
s501825080.py(35):         for j in range(N):
s501825080.py(37):             if bit>>j&1: continue
s501825080.py(35):         for j in range(N):
s501825080.py(32):     for i in range(N):
s501825080.py(31): for bit in range(1, (1<<N)-1):
s501825080.py(32):     for i in range(N):
s501825080.py(34):         if not bit>>i&1: continue
s501825080.py(35):         for j in range(N):
s501825080.py(37):             if bit>>j&1: continue
s501825080.py(35):         for j in range(N):
s501825080.py(37):             if bit>>j&1: continue
s501825080.py(39):             dp[bit+(1<<j)][j] = min(dp[bit+(1<<j)][j], dp[bit][i] + G[i][j])
s501825080.py(35):         for j in range(N):
s501825080.py(37):             if bit>>j&1: continue
s501825080.py(39):             dp[bit+(1<<j)][j] = min(dp[bit+(1<<j)][j], dp[bit][i] + G[i][j])
s501825080.py(35):         for j in range(N):
s501825080.py(37):             if bit>>j&1: continue
s501825080.py(35):         for j in range(N):
s501825080.py(32):     for i in range(N):
s501825080.py(34):         if not bit>>i&1: continue
s501825080.py(32):     for i in range(N):
s501825080.py(34):         if not bit>>i&1: continue
s501825080.py(32):     for i in range(N):
s501825080.py(34):         if not bit>>i&1: continue
s501825080.py(35):         for j in range(N):
s501825080.py(37):             if bit>>j&1: continue
s501825080.py(35):         for j in range(N):
s501825080.py(37):             if bit>>j&1: continue
s501825080.py(39):             dp[bit+(1<<j)][j] = min(dp[bit+(1<<j)][j], dp[bit][i] + G[i][j])
s501825080.py(35):         for j in range(N):
s501825080.py(37):             if bit>>j&1: continue
s501825080.py(39):             dp[bit+(1<<j)][j] = min(dp[bit+(1<<j)][j], dp[bit][i] + G[i][j])
s501825080.py(35):         for j in range(N):
s501825080.py(37):             if bit>>j&1: continue
s501825080.py(35):         for j in range(N):
s501825080.py(32):     for i in range(N):
s501825080.py(31): for bit in range(1, (1<<N)-1):
s501825080.py(32):     for i in range(N):
s501825080.py(34):         if not bit>>i&1: continue
s501825080.py(32):     for i in range(N):
s501825080.py(34):         if not bit>>i&1: continue
s501825080.py(35):         for j in range(N):
s501825080.py(37):             if bit>>j&1: continue
s501825080.py(39):             dp[bit+(1<<j)][j] = min(dp[bit+(1<<j)][j], dp[bit][i] + G[i][j])
s501825080.py(35):         for j in range(N):
s501825080.py(37):             if bit>>j&1: continue
s501825080.py(35):         for j in range(N):
s501825080.py(37):             if bit>>j&1: continue
s501825080.py(39):             dp[bit+(1<<j)][j] = min(dp[bit+(1<<j)][j], dp[bit][i] + G[i][j])
s501825080.py(35):         for j in range(N):
s501825080.py(37):             if bit>>j&1: continue
s501825080.py(35):         for j in range(N):
s501825080.py(32):     for i in range(N):
s501825080.py(34):         if not bit>>i&1: continue
s501825080.py(32):     for i in range(N):
s501825080.py(34):         if not bit>>i&1: continue
s501825080.py(35):         for j in range(N):
s501825080.py(37):             if bit>>j&1: continue
s501825080.py(39):             dp[bit+(1<<j)][j] = min(dp[bit+(1<<j)][j], dp[bit][i] + G[i][j])
s501825080.py(35):         for j in range(N):
s501825080.py(37):             if bit>>j&1: continue
s501825080.py(35):         for j in range(N):
s501825080.py(37):             if bit>>j&1: continue
s501825080.py(39):             dp[bit+(1<<j)][j] = min(dp[bit+(1<<j)][j], dp[bit][i] + G[i][j])
s501825080.py(35):         for j in range(N):
s501825080.py(37):             if bit>>j&1: continue
s501825080.py(35):         for j in range(N):
s501825080.py(32):     for i in range(N):
s501825080.py(31): for bit in range(1, (1<<N)-1):
s501825080.py(32):     for i in range(N):
s501825080.py(34):         if not bit>>i&1: continue
s501825080.py(35):         for j in range(N):
s501825080.py(37):             if bit>>j&1: continue
s501825080.py(35):         for j in range(N):
s501825080.py(37):             if bit>>j&1: continue
s501825080.py(35):         for j in range(N):
s501825080.py(37):             if bit>>j&1: continue
s501825080.py(39):             dp[bit+(1<<j)][j] = min(dp[bit+(1<<j)][j], dp[bit][i] + G[i][j])
s501825080.py(35):         for j in range(N):
s501825080.py(37):             if bit>>j&1: continue
s501825080.py(35):         for j in range(N):
s501825080.py(32):     for i in range(N):
s501825080.py(34):         if not bit>>i&1: continue
s501825080.py(35):         for j in range(N):
s501825080.py(37):             if bit>>j&1: continue
s501825080.py(35):         for j in range(N):
s501825080.py(37):             if bit>>j&1: continue
s501825080.py(35):         for j in range(N):
s501825080.py(37):             if bit>>j&1: continue
s501825080.py(39):             dp[bit+(1<<j)][j] = min(dp[bit+(1<<j)][j], dp[bit][i] + G[i][j])
s501825080.py(35):         for j in range(N):
s501825080.py(37):             if bit>>j&1: continue
s501825080.py(35):         for j in range(N):
s501825080.py(32):     for i in range(N):
s501825080.py(34):         if not bit>>i&1: continue
s501825080.py(32):     for i in range(N):
s501825080.py(34):         if not bit>>i&1: continue
s501825080.py(35):         for j in range(N):
s501825080.py(37):             if bit>>j&1: continue
s501825080.py(35):         for j in range(N):
s501825080.py(37):             if bit>>j&1: continue
s501825080.py(35):         for j in range(N):
s501825080.py(37):             if bit>>j&1: continue
s501825080.py(39):             dp[bit+(1<<j)][j] = min(dp[bit+(1<<j)][j], dp[bit][i] + G[i][j])
s501825080.py(35):         for j in range(N):
s501825080.py(37):             if bit>>j&1: continue
s501825080.py(35):         for j in range(N):
s501825080.py(32):     for i in range(N):
s501825080.py(31): for bit in range(1, (1<<N)-1):
s501825080.py(32):     for i in range(N):
s501825080.py(34):         if not bit>>i&1: continue
s501825080.py(32):     for i in range(N):
s501825080.py(34):         if not bit>>i&1: continue
s501825080.py(32):     for i in range(N):
s501825080.py(34):         if not bit>>i&1: continue
s501825080.py(35):         for j in range(N):
s501825080.py(37):             if bit>>j&1: continue
s501825080.py(39):             dp[bit+(1<<j)][j] = min(dp[bit+(1<<j)][j], dp[bit][i] + G[i][j])
s501825080.py(35):         for j in range(N):
s501825080.py(37):             if bit>>j&1: continue
s501825080.py(39):             dp[bit+(1<<j)][j] = min(dp[bit+(1<<j)][j], dp[bit][i] + G[i][j])
s501825080.py(35):         for j in range(N):
s501825080.py(37):             if bit>>j&1: continue
s501825080.py(35):         for j in range(N):
s501825080.py(37):             if bit>>j&1: continue
s501825080.py(35):         for j in range(N):
s501825080.py(32):     for i in range(N):
s501825080.py(34):         if not bit>>i&1: continue
s501825080.py(35):         for j in range(N):
s501825080.py(37):             if bit>>j&1: continue
s501825080.py(39):             dp[bit+(1<<j)][j] = min(dp[bit+(1<<j)][j], dp[bit][i] + G[i][j])
s501825080.py(35):         for j in range(N):
s501825080.py(37):             if bit>>j&1: continue
s501825080.py(39):             dp[bit+(1<<j)][j] = min(dp[bit+(1<<j)][j], dp[bit][i] + G[i][j])
s501825080.py(35):         for j in range(N):
s501825080.py(37):             if bit>>j&1: continue
s501825080.py(35):         for j in range(N):
s501825080.py(37):             if bit>>j&1: continue
s501825080.py(35):         for j in range(N):
s501825080.py(32):     for i in range(N):
s501825080.py(31): for bit in range(1, (1<<N)-1):
s501825080.py(32):     for i in range(N):
s501825080.py(34):         if not bit>>i&1: continue
s501825080.py(35):         for j in range(N):
s501825080.py(37):             if bit>>j&1: continue
s501825080.py(35):         for j in range(N):
s501825080.py(37):             if bit>>j&1: continue
s501825080.py(39):             dp[bit+(1<<j)][j] = min(dp[bit+(1<<j)][j], dp[bit][i] + G[i][j])
s501825080.py(35):         for j in range(N):
s501825080.py(37):             if bit>>j&1: continue
s501825080.py(35):         for j in range(N):
s501825080.py(37):             if bit>>j&1: continue
s501825080.py(35):         for j in range(N):
s501825080.py(32):     for i in range(N):
s501825080.py(34):         if not bit>>i&1: continue
s501825080.py(32):     for i in range(N):
s501825080.py(34):         if not bit>>i&1: continue
s501825080.py(35):         for j in range(N):
s501825080.py(37):             if bit>>j&1: continue
s501825080.py(35):         for j in range(N):
s501825080.py(37):             if bit>>j&1: continue
s501825080.py(39):             dp[bit+(1<<j)][j] = min(dp[bit+(1<<j)][j], dp[bit][i] + G[i][j])
s501825080.py(35):         for j in range(N):
s501825080.py(37):             if bit>>j&1: continue
s501825080.py(35):         for j in range(N):
s501825080.py(37):             if bit>>j&1: continue
s501825080.py(35):         for j in range(N):
s501825080.py(32):     for i in range(N):
s501825080.py(34):         if not bit>>i&1: continue
s501825080.py(35):         for j in range(N):
s501825080.py(37):             if bit>>j&1: continue
s501825080.py(35):         for j in range(N):
s501825080.py(37):             if bit>>j&1: continue
s501825080.py(39):             dp[bit+(1<<j)][j] = min(dp[bit+(1<<j)][j], dp[bit][i] + G[i][j])
s501825080.py(35):         for j in range(N):
s501825080.py(37):             if bit>>j&1: continue
s501825080.py(35):         for j in range(N):
s501825080.py(37):             if bit>>j&1: continue
s501825080.py(35):         for j in range(N):
s501825080.py(32):     for i in range(N):
s501825080.py(31): for bit in range(1, (1<<N)-1):
s501825080.py(32):     for i in range(N):
s501825080.py(34):         if not bit>>i&1: continue
s501825080.py(32):     for i in range(N):
s501825080.py(34):         if not bit>>i&1: continue
s501825080.py(35):         for j in range(N):
s501825080.py(37):             if bit>>j&1: continue
s501825080.py(39):             dp[bit+(1<<j)][j] = min(dp[bit+(1<<j)][j], dp[bit][i] + G[i][j])
s501825080.py(35):         for j in range(N):
s501825080.py(37):             if bit>>j&1: continue
s501825080.py(35):         for j in range(N):
s501825080.py(37):             if bit>>j&1: continue
s501825080.py(35):         for j in range(N):
s501825080.py(37):             if bit>>j&1: continue
s501825080.py(35):         for j in range(N):
s501825080.py(32):     for i in range(N):
s501825080.py(34):         if not bit>>i&1: continue
s501825080.py(35):         for j in range(N):
s501825080.py(37):             if bit>>j&1: continue
s501825080.py(39):             dp[bit+(1<<j)][j] = min(dp[bit+(1<<j)][j], dp[bit][i] + G[i][j])
s501825080.py(35):         for j in range(N):
s501825080.py(37):             if bit>>j&1: continue
s501825080.py(35):         for j in range(N):
s501825080.py(37):             if bit>>j&1: continue
s501825080.py(35):         for j in range(N):
s501825080.py(37):             if bit>>j&1: continue
s501825080.py(35):         for j in range(N):
s501825080.py(32):     for i in range(N):
s501825080.py(34):         if not bit>>i&1: continue
s501825080.py(35):         for j in range(N):
s501825080.py(37):             if bit>>j&1: continue
s501825080.py(39):             dp[bit+(1<<j)][j] = min(dp[bit+(1<<j)][j], dp[bit][i] + G[i][j])
s501825080.py(35):         for j in range(N):
s501825080.py(37):             if bit>>j&1: continue
s501825080.py(35):         for j in range(N):
s501825080.py(37):             if bit>>j&1: continue
s501825080.py(35):         for j in range(N):
s501825080.py(37):             if bit>>j&1: continue
s501825080.py(35):         for j in range(N):
s501825080.py(32):     for i in range(N):
s501825080.py(31): for bit in range(1, (1<<N)-1):
s501825080.py(41): mn=INF
s501825080.py(42): for end in range(N):
s501825080.py(44):     mn = min(mn, dp[(1<<N)-1][end] + G[end][0])
s501825080.py(42): for end in range(N):
s501825080.py(44):     mn = min(mn, dp[(1<<N)-1][end] + G[end][0])
s501825080.py(42): for end in range(N):
s501825080.py(44):     mn = min(mn, dp[(1<<N)-1][end] + G[end][0])
s501825080.py(42): for end in range(N):
s501825080.py(44):     mn = min(mn, dp[(1<<N)-1][end] + G[end][0])
s501825080.py(42): for end in range(N):
s501825080.py(45): if mn==INF:
s501825080.py(48):     print(mn)
16
