 --- modulename: s504031130, funcname: <module>
s504031130.py(1): class Graph():  #non-directed
 --- modulename: s504031130, funcname: Graph
s504031130.py(1): class Graph():  #non-directed
s504031130.py(2):     def __init__(self, n, edge, indexed=1):
s504031130.py(11):     def kruskal(self):  #UnionFind
s504031130.py(25): class UnionFind():
 --- modulename: s504031130, funcname: UnionFind
s504031130.py(25): class UnionFind():
s504031130.py(26):     def __init__(self, n):
s504031130.py(32):     def find(self, x):
s504031130.py(42):     def unite(self, x, y):
s504031130.py(59): import sys
s504031130.py(60): input = sys.stdin.readline
s504031130.py(62): N = int(input())
 --- modulename: codecs, funcname: getstate
codecs.py(333):         return (self.buffer, 0)
 --- modulename: codecs, funcname: decode
codecs.py(321):         data = self.buffer + input
codecs.py(322):         (result, consumed) = self._buffer_decode(data, self.errors, final)
codecs.py(324):         self.buffer = data[consumed:]
codecs.py(325):         return result
s504031130.py(63): T = []
s504031130.py(65): for i in range(N):
s504031130.py(66):     x, y = map(int, input().split())
s504031130.py(67):     T.append((x, y, i))
s504031130.py(65): for i in range(N):
s504031130.py(66):     x, y = map(int, input().split())
s504031130.py(67):     T.append((x, y, i))
s504031130.py(65): for i in range(N):
s504031130.py(66):     x, y = map(int, input().split())
s504031130.py(67):     T.append((x, y, i))
s504031130.py(65): for i in range(N):
s504031130.py(69): sort_by_x = sorted(T, key=lambda x: x[0])
 --- modulename: s504031130, funcname: <lambda>
s504031130.py(69): sort_by_x = sorted(T, key=lambda x: x[0])
 --- modulename: s504031130, funcname: <lambda>
s504031130.py(69): sort_by_x = sorted(T, key=lambda x: x[0])
 --- modulename: s504031130, funcname: <lambda>
s504031130.py(69): sort_by_x = sorted(T, key=lambda x: x[0])
s504031130.py(70): sort_by_y = sorted(T, key=lambda x: x[1])
 --- modulename: s504031130, funcname: <lambda>
s504031130.py(70): sort_by_y = sorted(T, key=lambda x: x[1])
 --- modulename: s504031130, funcname: <lambda>
s504031130.py(70): sort_by_y = sorted(T, key=lambda x: x[1])
 --- modulename: s504031130, funcname: <lambda>
s504031130.py(70): sort_by_y = sorted(T, key=lambda x: x[1])
s504031130.py(72): E = []
s504031130.py(74): for i in range(N - 1):
s504031130.py(75):     x1, y1, id1 = sort_by_x[i]
s504031130.py(76):     x2, y2 ,id2 = sort_by_x[i + 1]
s504031130.py(77):     E.append((id1, id2, min(abs(x1 - x2), abs(y1 - y2))))
s504031130.py(78):     x1, y1, id1 = sort_by_y[i]
s504031130.py(79):     x2, y2 ,id2 = sort_by_y[i + 1]
s504031130.py(80):     E.append((id1, id2, min(abs(x1 - x2), abs(y1 - y2))))
s504031130.py(74): for i in range(N - 1):
s504031130.py(75):     x1, y1, id1 = sort_by_x[i]
s504031130.py(76):     x2, y2 ,id2 = sort_by_x[i + 1]
s504031130.py(77):     E.append((id1, id2, min(abs(x1 - x2), abs(y1 - y2))))
s504031130.py(78):     x1, y1, id1 = sort_by_y[i]
s504031130.py(79):     x2, y2 ,id2 = sort_by_y[i + 1]
s504031130.py(80):     E.append((id1, id2, min(abs(x1 - x2), abs(y1 - y2))))
s504031130.py(74): for i in range(N - 1):
s504031130.py(82): g = Graph(N, E)
 --- modulename: s504031130, funcname: __init__
s504031130.py(3):         self.n = n
s504031130.py(4):         self.edge = edge
s504031130.py(5):         self.indexed = indexed
s504031130.py(6):         self.graph = [[] for _ in range(n)]
 --- modulename: s504031130, funcname: <listcomp>
s504031130.py(6):         self.graph = [[] for _ in range(n)]
s504031130.py(6):         self.graph = [[] for _ in range(n)]
s504031130.py(6):         self.graph = [[] for _ in range(n)]
s504031130.py(6):         self.graph = [[] for _ in range(n)]
s504031130.py(7):         for e in edge:
s504031130.py(8):             self.graph[e[0] - indexed].append((e[1] - indexed, e[2]))
s504031130.py(9):             self.graph[e[1] - indexed].append((e[0] - indexed, e[2]))
s504031130.py(7):         for e in edge:
s504031130.py(8):             self.graph[e[0] - indexed].append((e[1] - indexed, e[2]))
s504031130.py(9):             self.graph[e[1] - indexed].append((e[0] - indexed, e[2]))
s504031130.py(7):         for e in edge:
s504031130.py(8):             self.graph[e[0] - indexed].append((e[1] - indexed, e[2]))
s504031130.py(9):             self.graph[e[1] - indexed].append((e[0] - indexed, e[2]))
s504031130.py(7):         for e in edge:
s504031130.py(8):             self.graph[e[0] - indexed].append((e[1] - indexed, e[2]))
s504031130.py(9):             self.graph[e[1] - indexed].append((e[0] - indexed, e[2]))
s504031130.py(7):         for e in edge:
s504031130.py(84): print(g.kruskal()[0])
 --- modulename: s504031130, funcname: kruskal
s504031130.py(12):         edgemap = {self.edge[i]: i for i in range(len(self.edge))}
 --- modulename: s504031130, funcname: <dictcomp>
s504031130.py(12):         edgemap = {self.edge[i]: i for i in range(len(self.edge))}
s504031130.py(12):         edgemap = {self.edge[i]: i for i in range(len(self.edge))}
s504031130.py(12):         edgemap = {self.edge[i]: i for i in range(len(self.edge))}
s504031130.py(12):         edgemap = {self.edge[i]: i for i in range(len(self.edge))}
s504031130.py(12):         edgemap = {self.edge[i]: i for i in range(len(self.edge))}
s504031130.py(13):         sortedge = sorted(self.edge, key=lambda x: x[2])
 --- modulename: s504031130, funcname: <lambda>
s504031130.py(13):         sortedge = sorted(self.edge, key=lambda x: x[2])
 --- modulename: s504031130, funcname: <lambda>
s504031130.py(13):         sortedge = sorted(self.edge, key=lambda x: x[2])
 --- modulename: s504031130, funcname: <lambda>
s504031130.py(13):         sortedge = sorted(self.edge, key=lambda x: x[2])
 --- modulename: s504031130, funcname: <lambda>
s504031130.py(13):         sortedge = sorted(self.edge, key=lambda x: x[2])
s504031130.py(15):         uf = UnionFind(self.n)
 --- modulename: s504031130, funcname: __init__
s504031130.py(27):         self.n = n
s504031130.py(28):         self.parents = [i for i in range(n)]
 --- modulename: s504031130, funcname: <listcomp>
s504031130.py(28):         self.parents = [i for i in range(n)]
s504031130.py(28):         self.parents = [i for i in range(n)]
s504031130.py(28):         self.parents = [i for i in range(n)]
s504031130.py(28):         self.parents = [i for i in range(n)]
s504031130.py(29):         self.rank = [0 for _ in range(n)]
 --- modulename: s504031130, funcname: <listcomp>
s504031130.py(29):         self.rank = [0 for _ in range(n)]
s504031130.py(29):         self.rank = [0 for _ in range(n)]
s504031130.py(29):         self.rank = [0 for _ in range(n)]
s504031130.py(29):         self.rank = [0 for _ in range(n)]
s504031130.py(30):         self.size = [1 for _ in range(n)]
 --- modulename: s504031130, funcname: <listcomp>
s504031130.py(30):         self.size = [1 for _ in range(n)]
s504031130.py(30):         self.size = [1 for _ in range(n)]
s504031130.py(30):         self.size = [1 for _ in range(n)]
s504031130.py(30):         self.size = [1 for _ in range(n)]
s504031130.py(16):         res = 0
s504031130.py(17):         restored = []
s504031130.py(18):         for e in sortedge:
s504031130.py(19):             if uf.find(e[0] - self.indexed) != uf.find(e[1] - self.indexed):
 --- modulename: s504031130, funcname: find
s504031130.py(33):         root = x
s504031130.py(34):         while self.parents[root] != root:
s504031130.py(36):         while self.parents[x] != root:
s504031130.py(40):         return root
 --- modulename: s504031130, funcname: find
s504031130.py(33):         root = x
s504031130.py(34):         while self.parents[root] != root:
s504031130.py(36):         while self.parents[x] != root:
s504031130.py(40):         return root
s504031130.py(20):                 res += e[2]
s504031130.py(21):                 restored.append(edgemap[e])
s504031130.py(22):                 uf.unite(e[0] - self.indexed, e[1] - self.indexed)
 --- modulename: s504031130, funcname: unite
s504031130.py(43):         xroot = self.find(x)
 --- modulename: s504031130, funcname: find
s504031130.py(33):         root = x
s504031130.py(34):         while self.parents[root] != root:
s504031130.py(36):         while self.parents[x] != root:
s504031130.py(40):         return root
s504031130.py(44):         yroot = self.find(y)
 --- modulename: s504031130, funcname: find
s504031130.py(33):         root = x
s504031130.py(34):         while self.parents[root] != root:
s504031130.py(36):         while self.parents[x] != root:
s504031130.py(40):         return root
s504031130.py(45):         if xroot == yroot: return
s504031130.py(46):         xrank = self.rank[xroot]
s504031130.py(47):         yrank = self.rank[yroot]
s504031130.py(48):         if xrank < yrank:
s504031130.py(51):         elif xrank == yrank:
s504031130.py(52):             self.parents[yroot] = xroot
s504031130.py(53):             self.rank[yroot] += 1
s504031130.py(54):             self.size[xroot] += self.size[yroot]
s504031130.py(18):         for e in sortedge:
s504031130.py(19):             if uf.find(e[0] - self.indexed) != uf.find(e[1] - self.indexed):
 --- modulename: s504031130, funcname: find
s504031130.py(33):         root = x
s504031130.py(34):         while self.parents[root] != root:
s504031130.py(35):             root = self.parents[root]
s504031130.py(34):         while self.parents[root] != root:
s504031130.py(36):         while self.parents[x] != root:
s504031130.py(40):         return root
 --- modulename: s504031130, funcname: find
s504031130.py(33):         root = x
s504031130.py(34):         while self.parents[root] != root:
s504031130.py(36):         while self.parents[x] != root:
s504031130.py(40):         return root
s504031130.py(18):         for e in sortedge:
s504031130.py(19):             if uf.find(e[0] - self.indexed) != uf.find(e[1] - self.indexed):
 --- modulename: s504031130, funcname: find
s504031130.py(33):         root = x
s504031130.py(34):         while self.parents[root] != root:
s504031130.py(35):             root = self.parents[root]
s504031130.py(34):         while self.parents[root] != root:
s504031130.py(36):         while self.parents[x] != root:
s504031130.py(40):         return root
 --- modulename: s504031130, funcname: find
s504031130.py(33):         root = x
s504031130.py(34):         while self.parents[root] != root:
s504031130.py(36):         while self.parents[x] != root:
s504031130.py(40):         return root
s504031130.py(20):                 res += e[2]
s504031130.py(21):                 restored.append(edgemap[e])
s504031130.py(22):                 uf.unite(e[0] - self.indexed, e[1] - self.indexed)
 --- modulename: s504031130, funcname: unite
s504031130.py(43):         xroot = self.find(x)
 --- modulename: s504031130, funcname: find
s504031130.py(33):         root = x
s504031130.py(34):         while self.parents[root] != root:
s504031130.py(35):             root = self.parents[root]
s504031130.py(34):         while self.parents[root] != root:
s504031130.py(36):         while self.parents[x] != root:
s504031130.py(40):         return root
s504031130.py(44):         yroot = self.find(y)
 --- modulename: s504031130, funcname: find
s504031130.py(33):         root = x
s504031130.py(34):         while self.parents[root] != root:
s504031130.py(36):         while self.parents[x] != root:
s504031130.py(40):         return root
s504031130.py(45):         if xroot == yroot: return
s504031130.py(46):         xrank = self.rank[xroot]
s504031130.py(47):         yrank = self.rank[yroot]
s504031130.py(48):         if xrank < yrank:
s504031130.py(51):         elif xrank == yrank:
s504031130.py(52):             self.parents[yroot] = xroot
s504031130.py(53):             self.rank[yroot] += 1
s504031130.py(54):             self.size[xroot] += self.size[yroot]
s504031130.py(18):         for e in sortedge:
s504031130.py(19):             if uf.find(e[0] - self.indexed) != uf.find(e[1] - self.indexed):
 --- modulename: s504031130, funcname: find
s504031130.py(33):         root = x
s504031130.py(34):         while self.parents[root] != root:
s504031130.py(35):             root = self.parents[root]
s504031130.py(34):         while self.parents[root] != root:
s504031130.py(36):         while self.parents[x] != root:
s504031130.py(40):         return root
 --- modulename: s504031130, funcname: find
s504031130.py(33):         root = x
s504031130.py(34):         while self.parents[root] != root:
s504031130.py(35):             root = self.parents[root]
s504031130.py(34):         while self.parents[root] != root:
s504031130.py(35):             root = self.parents[root]
s504031130.py(34):         while self.parents[root] != root:
s504031130.py(36):         while self.parents[x] != root:
s504031130.py(37):             parent = self.parents[x]
s504031130.py(38):             self.parents[x] = root
s504031130.py(39):             x = parent
s504031130.py(36):         while self.parents[x] != root:
s504031130.py(40):         return root
s504031130.py(18):         for e in sortedge:
s504031130.py(23):         return res, restored
3
