 --- modulename: s505840702, funcname: <module>
s505840702.py(1): import sys
s505840702.py(2): stdin = sys.stdin
s505840702.py(4): sys.setrecursionlimit(10**5) 
s505840702.py(6): def li(): return map(int, stdin.readline().split())
s505840702.py(7): def li_(): return map(lambda x: int(x)-1, stdin.readline().split())
s505840702.py(8): def lf(): return map(float, stdin.readline().split())
s505840702.py(9): def ls(): return stdin.readline().split()
s505840702.py(10): def ns(): return stdin.readline().rstrip()
s505840702.py(11): def lc(): return list(ns())
s505840702.py(12): def ni(): return int(stdin.readline())
s505840702.py(13): def nf(): return float(stdin.readline())
s505840702.py(15): def dfs(v: int, graph: list) -> int:
s505840702.py(33): n = ni()
 --- modulename: s505840702, funcname: ni
s505840702.py(12): def ni(): return int(stdin.readline())
 --- modulename: codecs, funcname: getstate
codecs.py(333):         return (self.buffer, 0)
 --- modulename: codecs, funcname: decode
codecs.py(321):         data = self.buffer + input
codecs.py(322):         (result, consumed) = self._buffer_decode(data, self.errors, final)
codecs.py(324):         self.buffer = data[consumed:]
codecs.py(325):         return result
s505840702.py(34): graph = [[] for _ in range(n)]
 --- modulename: s505840702, funcname: <listcomp>
s505840702.py(34): graph = [[] for _ in range(n)]
s505840702.py(34): graph = [[] for _ in range(n)]
s505840702.py(34): graph = [[] for _ in range(n)]
s505840702.py(34): graph = [[] for _ in range(n)]
s505840702.py(34): graph = [[] for _ in range(n)]
s505840702.py(34): graph = [[] for _ in range(n)]
s505840702.py(36): person = 1
s505840702.py(37): for _ in range(n-1):
s505840702.py(38):     ai = ni()-1
 --- modulename: s505840702, funcname: ni
s505840702.py(12): def ni(): return int(stdin.readline())
s505840702.py(39):     graph[ai].append(person)
s505840702.py(41):     person += 1
s505840702.py(37): for _ in range(n-1):
s505840702.py(38):     ai = ni()-1
 --- modulename: s505840702, funcname: ni
s505840702.py(12): def ni(): return int(stdin.readline())
s505840702.py(39):     graph[ai].append(person)
s505840702.py(41):     person += 1
s505840702.py(37): for _ in range(n-1):
s505840702.py(38):     ai = ni()-1
 --- modulename: s505840702, funcname: ni
s505840702.py(12): def ni(): return int(stdin.readline())
s505840702.py(39):     graph[ai].append(person)
s505840702.py(41):     person += 1
s505840702.py(37): for _ in range(n-1):
s505840702.py(38):     ai = ni()-1
 --- modulename: s505840702, funcname: ni
s505840702.py(12): def ni(): return int(stdin.readline())
s505840702.py(39):     graph[ai].append(person)
s505840702.py(41):     person += 1
s505840702.py(37): for _ in range(n-1):
s505840702.py(43): ans = dfs(0, graph)
 --- modulename: s505840702, funcname: dfs
s505840702.py(16):     if graph[v] == []:
s505840702.py(20):         ret = -1
s505840702.py(21):         cands = []
s505840702.py(22):         for ch in graph[v]:
s505840702.py(23):             cands.append(dfs(ch, graph))
 --- modulename: s505840702, funcname: dfs
s505840702.py(16):     if graph[v] == []:
s505840702.py(20):         ret = -1
s505840702.py(21):         cands = []
s505840702.py(22):         for ch in graph[v]:
s505840702.py(23):             cands.append(dfs(ch, graph))
 --- modulename: s505840702, funcname: dfs
s505840702.py(16):     if graph[v] == []:
s505840702.py(20):         ret = -1
s505840702.py(21):         cands = []
s505840702.py(22):         for ch in graph[v]:
s505840702.py(23):             cands.append(dfs(ch, graph))
 --- modulename: s505840702, funcname: dfs
s505840702.py(16):     if graph[v] == []:
s505840702.py(17):         return 0
s505840702.py(22):         for ch in graph[v]:
s505840702.py(25):         cands.sort(reverse=True)
s505840702.py(27):         for idx, cand in enumerate(cands):
s505840702.py(28):             ret = max(ret, idx+1 + cand)
s505840702.py(27):         for idx, cand in enumerate(cands):
s505840702.py(30):         return ret
s505840702.py(22):         for ch in graph[v]:
s505840702.py(25):         cands.sort(reverse=True)
s505840702.py(27):         for idx, cand in enumerate(cands):
s505840702.py(28):             ret = max(ret, idx+1 + cand)
s505840702.py(27):         for idx, cand in enumerate(cands):
s505840702.py(30):         return ret
s505840702.py(22):         for ch in graph[v]:
s505840702.py(23):             cands.append(dfs(ch, graph))
 --- modulename: s505840702, funcname: dfs
s505840702.py(16):     if graph[v] == []:
s505840702.py(17):         return 0
s505840702.py(22):         for ch in graph[v]:
s505840702.py(25):         cands.sort(reverse=True)
s505840702.py(27):         for idx, cand in enumerate(cands):
s505840702.py(28):             ret = max(ret, idx+1 + cand)
s505840702.py(27):         for idx, cand in enumerate(cands):
s505840702.py(28):             ret = max(ret, idx+1 + cand)
s505840702.py(27):         for idx, cand in enumerate(cands):
s505840702.py(30):         return ret
s505840702.py(44): print(ans)
3
