 --- modulename: s506799398, funcname: <module>
s506799398.py(2): import sys, os
s506799398.py(3): try: from typing import Any, Union, List, Tuple, Dict
s506799398.py(5): sys.setrecursionlimit(10**6)
s506799398.py(6): def debug(*args): pass # if os.environ.get("USER")=="shun" else None
s506799398.py(7): def exit(): sys.exit(0)
s506799398.py(10): n = int(input())
 --- modulename: codecs, funcname: getstate
codecs.py(333):         return (self.buffer, 0)
 --- modulename: codecs, funcname: decode
codecs.py(321):         data = self.buffer + input
codecs.py(322):         (result, consumed) = self._buffer_decode(data, self.errors, final)
codecs.py(324):         self.buffer = data[consumed:]
codecs.py(325):         return result
s506799398.py(11): a = list(map(int, input().split()))
s506799398.py(12): a.sort()
s506799398.py(13): max_a = a[-1]
s506799398.py(14): m = 0
s506799398.py(16):     if 2**m > max_a:
s506799398.py(18):     m += 1
s506799398.py(16):     if 2**m > max_a:
s506799398.py(18):     m += 1
s506799398.py(16):     if 2**m > max_a:
s506799398.py(17):         break
s506799398.py(19): used = [False] * n
s506799398.py(22): def bisect(val, start, end):
s506799398.py(66): def _find(b, end, e):
s506799398.py(79): def find(b, end):
s506799398.py(87): ans = 0
s506799398.py(88): for j in reversed(range(n)):
s506799398.py(89):     if used[j]:
s506799398.py(91):     b = a[j]
s506799398.py(92):     used[j] = True
s506799398.py(93):     res = find(b, j)
 --- modulename: s506799398, funcname: find
s506799398.py(80):     for e in reversed(range(m+1)):
s506799398.py(81):         res = _find(b, end, e)
 --- modulename: s506799398, funcname: _find
s506799398.py(68):     val = 2**e - b
s506799398.py(69):     if val <= 0:
s506799398.py(71):     return bisect(val, 0, end)
 --- modulename: s506799398, funcname: bisect
s506799398.py(23):     debug(used)
 --- modulename: s506799398, funcname: debug
s506799398.py(6): def debug(*args): pass # if os.environ.get("USER")=="shun" else None
s506799398.py(24):     if start >= end:
s506799398.py(26):     elif start + 1 == end:
s506799398.py(34):     mid = (start + end) // 2
s506799398.py(35):     if a[mid] == val:
s506799398.py(55):     elif a[mid] > val:
s506799398.py(56):         return bisect(val, start, mid)
 --- modulename: s506799398, funcname: bisect
s506799398.py(23):     debug(used)
 --- modulename: s506799398, funcname: debug
s506799398.py(6): def debug(*args): pass # if os.environ.get("USER")=="shun" else None
s506799398.py(24):     if start >= end:
s506799398.py(26):     elif start + 1 == end:
s506799398.py(27):         if a[start] == val:
s506799398.py(28):             if used[start]:
s506799398.py(30):             used[start] = True
s506799398.py(31):             return start
s506799398.py(82):         if res is not None:
s506799398.py(83):             return True
s506799398.py(94):     if res:
s506799398.py(95):         ans += 1
s506799398.py(88): for j in reversed(range(n)):
s506799398.py(89):     if used[j]:
s506799398.py(91):     b = a[j]
s506799398.py(92):     used[j] = True
s506799398.py(93):     res = find(b, j)
 --- modulename: s506799398, funcname: find
s506799398.py(80):     for e in reversed(range(m+1)):
s506799398.py(81):         res = _find(b, end, e)
 --- modulename: s506799398, funcname: _find
s506799398.py(68):     val = 2**e - b
s506799398.py(69):     if val <= 0:
s506799398.py(71):     return bisect(val, 0, end)
 --- modulename: s506799398, funcname: bisect
s506799398.py(23):     debug(used)
 --- modulename: s506799398, funcname: debug
s506799398.py(6): def debug(*args): pass # if os.environ.get("USER")=="shun" else None
s506799398.py(24):     if start >= end:
s506799398.py(26):     elif start + 1 == end:
s506799398.py(27):         if a[start] == val:
s506799398.py(33):             return None
s506799398.py(82):         if res is not None:
s506799398.py(80):     for e in reversed(range(m+1)):
s506799398.py(81):         res = _find(b, end, e)
 --- modulename: s506799398, funcname: _find
s506799398.py(68):     val = 2**e - b
s506799398.py(69):     if val <= 0:
s506799398.py(70):         return None
s506799398.py(82):         if res is not None:
s506799398.py(80):     for e in reversed(range(m+1)):
s506799398.py(81):         res = _find(b, end, e)
 --- modulename: s506799398, funcname: _find
s506799398.py(68):     val = 2**e - b
s506799398.py(69):     if val <= 0:
s506799398.py(70):         return None
s506799398.py(82):         if res is not None:
s506799398.py(80):     for e in reversed(range(m+1)):
s506799398.py(84):     return False
s506799398.py(94):     if res:
s506799398.py(88): for j in reversed(range(n)):
s506799398.py(89):     if used[j]:
s506799398.py(90):         continue
s506799398.py(88): for j in reversed(range(n)):
s506799398.py(98): print(ans)
1
