 --- modulename: s509949389, funcname: <module>
s509949389.py(1): import sys
s509949389.py(2): stdin = sys.stdin
s509949389.py(4): def li(): return map(int, stdin.readline().split())
s509949389.py(5): def li_(): return map(lambda x: int(x)-1, stdin.readline().split())
s509949389.py(6): def lf(): return map(float, stdin.readline().split())
s509949389.py(7): def ls(): return stdin.readline().split()
s509949389.py(8): def ns(): return stdin.readline().rstrip()
s509949389.py(9): def lc(): return list(ns())
s509949389.py(10): def ni(): return int(stdin.readline())
s509949389.py(11): def nf(): return float(stdin.readline())
s509949389.py(13): from itertools import accumulate
s509949389.py(15): n,w = li()
 --- modulename: s509949389, funcname: li
s509949389.py(4): def li(): return map(int, stdin.readline().split())
 --- modulename: codecs, funcname: getstate
codecs.py(333):         return (self.buffer, 0)
 --- modulename: codecs, funcname: decode
codecs.py(321):         data = self.buffer + input
codecs.py(322):         (result, consumed) = self._buffer_decode(data, self.errors, final)
codecs.py(324):         self.buffer = data[consumed:]
codecs.py(325):         return result
s509949389.py(16): wv = []
s509949389.py(17): for _ in range(n):
s509949389.py(18):     wv.append(tuple(li()))
 --- modulename: s509949389, funcname: li
s509949389.py(4): def li(): return map(int, stdin.readline().split())
s509949389.py(17): for _ in range(n):
s509949389.py(18):     wv.append(tuple(li()))
 --- modulename: s509949389, funcname: li
s509949389.py(4): def li(): return map(int, stdin.readline().split())
s509949389.py(17): for _ in range(n):
s509949389.py(18):     wv.append(tuple(li()))
 --- modulename: s509949389, funcname: li
s509949389.py(4): def li(): return map(int, stdin.readline().split())
s509949389.py(17): for _ in range(n):
s509949389.py(18):     wv.append(tuple(li()))
 --- modulename: s509949389, funcname: li
s509949389.py(4): def li(): return map(int, stdin.readline().split())
s509949389.py(17): for _ in range(n):
s509949389.py(20): w0 = wv[0][0]
s509949389.py(21): dic = {w0+i: [] for i in range(4)}
 --- modulename: s509949389, funcname: <dictcomp>
s509949389.py(21): dic = {w0+i: [] for i in range(4)}
s509949389.py(21): dic = {w0+i: [] for i in range(4)}
s509949389.py(21): dic = {w0+i: [] for i in range(4)}
s509949389.py(21): dic = {w0+i: [] for i in range(4)}
s509949389.py(21): dic = {w0+i: [] for i in range(4)}
s509949389.py(22): for k,v in wv:
s509949389.py(23):     dic[k].append(v)
s509949389.py(22): for k,v in wv:
s509949389.py(23):     dic[k].append(v)
s509949389.py(22): for k,v in wv:
s509949389.py(23):     dic[k].append(v)
s509949389.py(22): for k,v in wv:
s509949389.py(23):     dic[k].append(v)
s509949389.py(22): for k,v in wv:
s509949389.py(25): for wi in range(w0,w0+4):
s509949389.py(26):     dic[wi] = [0] + sorted(dic[wi], reverse=True)
s509949389.py(27):     dic[wi] = list(accumulate(dic[wi]))
s509949389.py(25): for wi in range(w0,w0+4):
s509949389.py(26):     dic[wi] = [0] + sorted(dic[wi], reverse=True)
s509949389.py(27):     dic[wi] = list(accumulate(dic[wi]))
s509949389.py(25): for wi in range(w0,w0+4):
s509949389.py(26):     dic[wi] = [0] + sorted(dic[wi], reverse=True)
s509949389.py(27):     dic[wi] = list(accumulate(dic[wi]))
s509949389.py(25): for wi in range(w0,w0+4):
s509949389.py(26):     dic[wi] = [0] + sorted(dic[wi], reverse=True)
s509949389.py(27):     dic[wi] = list(accumulate(dic[wi]))
s509949389.py(25): for wi in range(w0,w0+4):
s509949389.py(29): ans = 0
s509949389.py(30): for idx1, w1 in enumerate(dic[w0]):
s509949389.py(32):     for idx2, w2 in enumerate(dic[w0+1]):
s509949389.py(34):         for idx3, w3 in enumerate(dic[w0+2]):
s509949389.py(36):             for idx4, w4 in enumerate(dic[w0+3]):
s509949389.py(38):                 if w0*idx1 + (w0+1)*idx2 + (w0+2)*idx3 + (w0+3)*idx4 > w:
s509949389.py(41):                 ans = max(ans, w1+w2+w3+w4)
s509949389.py(36):             for idx4, w4 in enumerate(dic[w0+3]):
s509949389.py(34):         for idx3, w3 in enumerate(dic[w0+2]):
s509949389.py(36):             for idx4, w4 in enumerate(dic[w0+3]):
s509949389.py(38):                 if w0*idx1 + (w0+1)*idx2 + (w0+2)*idx3 + (w0+3)*idx4 > w:
s509949389.py(41):                 ans = max(ans, w1+w2+w3+w4)
s509949389.py(36):             for idx4, w4 in enumerate(dic[w0+3]):
s509949389.py(34):         for idx3, w3 in enumerate(dic[w0+2]):
s509949389.py(32):     for idx2, w2 in enumerate(dic[w0+1]):
s509949389.py(34):         for idx3, w3 in enumerate(dic[w0+2]):
s509949389.py(36):             for idx4, w4 in enumerate(dic[w0+3]):
s509949389.py(38):                 if w0*idx1 + (w0+1)*idx2 + (w0+2)*idx3 + (w0+3)*idx4 > w:
s509949389.py(41):                 ans = max(ans, w1+w2+w3+w4)
s509949389.py(36):             for idx4, w4 in enumerate(dic[w0+3]):
s509949389.py(34):         for idx3, w3 in enumerate(dic[w0+2]):
s509949389.py(36):             for idx4, w4 in enumerate(dic[w0+3]):
s509949389.py(38):                 if w0*idx1 + (w0+1)*idx2 + (w0+2)*idx3 + (w0+3)*idx4 > w:
s509949389.py(39):                     continue
s509949389.py(36):             for idx4, w4 in enumerate(dic[w0+3]):
s509949389.py(34):         for idx3, w3 in enumerate(dic[w0+2]):
s509949389.py(32):     for idx2, w2 in enumerate(dic[w0+1]):
s509949389.py(34):         for idx3, w3 in enumerate(dic[w0+2]):
s509949389.py(36):             for idx4, w4 in enumerate(dic[w0+3]):
s509949389.py(38):                 if w0*idx1 + (w0+1)*idx2 + (w0+2)*idx3 + (w0+3)*idx4 > w:
s509949389.py(41):                 ans = max(ans, w1+w2+w3+w4)
s509949389.py(36):             for idx4, w4 in enumerate(dic[w0+3]):
s509949389.py(34):         for idx3, w3 in enumerate(dic[w0+2]):
s509949389.py(36):             for idx4, w4 in enumerate(dic[w0+3]):
s509949389.py(38):                 if w0*idx1 + (w0+1)*idx2 + (w0+2)*idx3 + (w0+3)*idx4 > w:
s509949389.py(39):                     continue
s509949389.py(36):             for idx4, w4 in enumerate(dic[w0+3]):
s509949389.py(34):         for idx3, w3 in enumerate(dic[w0+2]):
s509949389.py(32):     for idx2, w2 in enumerate(dic[w0+1]):
s509949389.py(30): for idx1, w1 in enumerate(dic[w0]):
s509949389.py(32):     for idx2, w2 in enumerate(dic[w0+1]):
s509949389.py(34):         for idx3, w3 in enumerate(dic[w0+2]):
s509949389.py(36):             for idx4, w4 in enumerate(dic[w0+3]):
s509949389.py(38):                 if w0*idx1 + (w0+1)*idx2 + (w0+2)*idx3 + (w0+3)*idx4 > w:
s509949389.py(41):                 ans = max(ans, w1+w2+w3+w4)
s509949389.py(36):             for idx4, w4 in enumerate(dic[w0+3]):
s509949389.py(34):         for idx3, w3 in enumerate(dic[w0+2]):
s509949389.py(36):             for idx4, w4 in enumerate(dic[w0+3]):
s509949389.py(38):                 if w0*idx1 + (w0+1)*idx2 + (w0+2)*idx3 + (w0+3)*idx4 > w:
s509949389.py(41):                 ans = max(ans, w1+w2+w3+w4)
s509949389.py(36):             for idx4, w4 in enumerate(dic[w0+3]):
s509949389.py(34):         for idx3, w3 in enumerate(dic[w0+2]):
s509949389.py(32):     for idx2, w2 in enumerate(dic[w0+1]):
s509949389.py(34):         for idx3, w3 in enumerate(dic[w0+2]):
s509949389.py(36):             for idx4, w4 in enumerate(dic[w0+3]):
s509949389.py(38):                 if w0*idx1 + (w0+1)*idx2 + (w0+2)*idx3 + (w0+3)*idx4 > w:
s509949389.py(41):                 ans = max(ans, w1+w2+w3+w4)
s509949389.py(36):             for idx4, w4 in enumerate(dic[w0+3]):
s509949389.py(34):         for idx3, w3 in enumerate(dic[w0+2]):
s509949389.py(36):             for idx4, w4 in enumerate(dic[w0+3]):
s509949389.py(38):                 if w0*idx1 + (w0+1)*idx2 + (w0+2)*idx3 + (w0+3)*idx4 > w:
s509949389.py(39):                     continue
s509949389.py(36):             for idx4, w4 in enumerate(dic[w0+3]):
s509949389.py(34):         for idx3, w3 in enumerate(dic[w0+2]):
s509949389.py(32):     for idx2, w2 in enumerate(dic[w0+1]):
s509949389.py(34):         for idx3, w3 in enumerate(dic[w0+2]):
s509949389.py(36):             for idx4, w4 in enumerate(dic[w0+3]):
s509949389.py(38):                 if w0*idx1 + (w0+1)*idx2 + (w0+2)*idx3 + (w0+3)*idx4 > w:
s509949389.py(39):                     continue
s509949389.py(36):             for idx4, w4 in enumerate(dic[w0+3]):
s509949389.py(34):         for idx3, w3 in enumerate(dic[w0+2]):
s509949389.py(36):             for idx4, w4 in enumerate(dic[w0+3]):
s509949389.py(38):                 if w0*idx1 + (w0+1)*idx2 + (w0+2)*idx3 + (w0+3)*idx4 > w:
s509949389.py(39):                     continue
s509949389.py(36):             for idx4, w4 in enumerate(dic[w0+3]):
s509949389.py(34):         for idx3, w3 in enumerate(dic[w0+2]):
s509949389.py(32):     for idx2, w2 in enumerate(dic[w0+1]):
s509949389.py(30): for idx1, w1 in enumerate(dic[w0]):
s509949389.py(43): print(ans)
11
