 --- modulename: s512387436, funcname: <module>
s512387436.py(1): import sys
s512387436.py(2): import itertools
s512387436.py(3): input = sys.stdin.readline
s512387436.py(4): sys.setrecursionlimit(100000)
s512387436.py(5): mod = 10 ** 9 + 7
s512387436.py(7): def read_values(): return map(int, input().split())
s512387436.py(8): def read_index(): return map(lambda x: int(x) - 1, input().split())
s512387436.py(9): def read_list(): return list(read_values())
s512387436.py(10): def read_lists(N): return [read_list() for n in range(N)]
s512387436.py(13): class V:
 --- modulename: s512387436, funcname: V
s512387436.py(13): class V:
s512387436.py(14):     def __init__(self, f, v=None):
s512387436.py(18):     def __str__(self):
s512387436.py(21):     def ud(self, n):
s512387436.py(28): def main():
s512387436.py(36): if __name__ == "__main__":
s512387436.py(37):     main()
 --- modulename: s512387436, funcname: main
s512387436.py(29):     K, N = read_values()
 --- modulename: s512387436, funcname: read_values
s512387436.py(7): def read_values(): return map(int, input().split())
 --- modulename: codecs, funcname: getstate
codecs.py(333):         return (self.buffer, 0)
 --- modulename: codecs, funcname: decode
codecs.py(321):         data = self.buffer + input
codecs.py(322):         (result, consumed) = self._buffer_decode(data, self.errors, final)
codecs.py(324):         self.buffer = data[consumed:]
codecs.py(325):         return result
s512387436.py(30):     A = read_list()
 --- modulename: s512387436, funcname: read_list
s512387436.py(9): def read_list(): return list(read_values())
 --- modulename: s512387436, funcname: read_values
s512387436.py(7): def read_values(): return map(int, input().split())
s512387436.py(31):     A += [K + A[0]]
s512387436.py(32):     B = [A[i + 1] - A[i] for i in range(N)]
 --- modulename: s512387436, funcname: <listcomp>
s512387436.py(32):     B = [A[i + 1] - A[i] for i in range(N)]
s512387436.py(32):     B = [A[i + 1] - A[i] for i in range(N)]
s512387436.py(32):     B = [A[i + 1] - A[i] for i in range(N)]
s512387436.py(32):     B = [A[i + 1] - A[i] for i in range(N)]
s512387436.py(33):     print(K - max(B))
10
