 --- modulename: s515106132, funcname: <module>
s515106132.py(1): import sys
s515106132.py(2): input = sys.stdin.buffer.readline
s515106132.py(4): def main():
s515106132.py(53): if __name__ == "__main__":
s515106132.py(54): 	main()
 --- modulename: s515106132, funcname: main
s515106132.py(6): 	class BinaryIndexedTree:
 --- modulename: s515106132, funcname: BinaryIndexedTree
s515106132.py(6): 	class BinaryIndexedTree:
s515106132.py(9): 		def __init__(self, size, default):
s515106132.py(15): 		def BIT_segfunc(self, x, y):
s515106132.py(18): 		def BIT_query(self, idx):
s515106132.py(26): 		def BIT_update(self, idx, x):
s515106132.py(32): 		def BIT_range(self, x, y):
s515106132.py(36): 		def BIT_print(self):
s515106132.py(39): 	N = int(input())
s515106132.py(40): 	a = list(map(int,input().split()))
s515106132.py(41): 	l = [0]*N;r = [0]*N
s515106132.py(42): 	left_bit = BinaryIndexedTree(N, 0)
 --- modulename: s515106132, funcname: __init__
s515106132.py(10): 			self.size = size
s515106132.py(11): 			self.default = default
s515106132.py(12): 			self.BIT = [default]*(self.size+1)
s515106132.py(43): 	for i, num in enumerate(a):
s515106132.py(44): 	    l[num-1] = i + 1 - left_bit.BIT_query(num)
 --- modulename: s515106132, funcname: BIT_query
s515106132.py(19): 			ret = self.default
s515106132.py(20): 			while idx > 0:
s515106132.py(21): 				ret = self.BIT_segfunc(ret, self.BIT[idx])
 --- modulename: s515106132, funcname: BIT_segfunc
s515106132.py(16): 			return max(x, y)
s515106132.py(22): 				idx -= idx&(-idx)
s515106132.py(20): 			while idx > 0:
s515106132.py(23): 			return ret
s515106132.py(45): 	    left_bit.BIT_update(num, i+1)
 --- modulename: s515106132, funcname: BIT_update
s515106132.py(27): 			while idx <= self.size:
s515106132.py(28): 				self.BIT[idx] = self.BIT_segfunc(self.BIT[idx], x)
 --- modulename: s515106132, funcname: BIT_segfunc
s515106132.py(16): 			return max(x, y)
s515106132.py(29): 				idx += idx&(-idx)
s515106132.py(27): 			while idx <= self.size:
s515106132.py(30): 			return
s515106132.py(43): 	for i, num in enumerate(a):
s515106132.py(44): 	    l[num-1] = i + 1 - left_bit.BIT_query(num)
 --- modulename: s515106132, funcname: BIT_query
s515106132.py(19): 			ret = self.default
s515106132.py(20): 			while idx > 0:
s515106132.py(21): 				ret = self.BIT_segfunc(ret, self.BIT[idx])
 --- modulename: s515106132, funcname: BIT_segfunc
s515106132.py(16): 			return max(x, y)
s515106132.py(22): 				idx -= idx&(-idx)
s515106132.py(20): 			while idx > 0:
s515106132.py(23): 			return ret
s515106132.py(45): 	    left_bit.BIT_update(num, i+1)
 --- modulename: s515106132, funcname: BIT_update
s515106132.py(27): 			while idx <= self.size:
s515106132.py(28): 				self.BIT[idx] = self.BIT_segfunc(self.BIT[idx], x)
 --- modulename: s515106132, funcname: BIT_segfunc
s515106132.py(16): 			return max(x, y)
s515106132.py(29): 				idx += idx&(-idx)
s515106132.py(27): 			while idx <= self.size:
s515106132.py(28): 				self.BIT[idx] = self.BIT_segfunc(self.BIT[idx], x)
 --- modulename: s515106132, funcname: BIT_segfunc
s515106132.py(16): 			return max(x, y)
s515106132.py(29): 				idx += idx&(-idx)
s515106132.py(27): 			while idx <= self.size:
s515106132.py(30): 			return
s515106132.py(43): 	for i, num in enumerate(a):
s515106132.py(44): 	    l[num-1] = i + 1 - left_bit.BIT_query(num)
 --- modulename: s515106132, funcname: BIT_query
s515106132.py(19): 			ret = self.default
s515106132.py(20): 			while idx > 0:
s515106132.py(21): 				ret = self.BIT_segfunc(ret, self.BIT[idx])
 --- modulename: s515106132, funcname: BIT_segfunc
s515106132.py(16): 			return max(x, y)
s515106132.py(22): 				idx -= idx&(-idx)
s515106132.py(20): 			while idx > 0:
s515106132.py(21): 				ret = self.BIT_segfunc(ret, self.BIT[idx])
 --- modulename: s515106132, funcname: BIT_segfunc
s515106132.py(16): 			return max(x, y)
s515106132.py(22): 				idx -= idx&(-idx)
s515106132.py(20): 			while idx > 0:
s515106132.py(23): 			return ret
s515106132.py(45): 	    left_bit.BIT_update(num, i+1)
 --- modulename: s515106132, funcname: BIT_update
s515106132.py(27): 			while idx <= self.size:
s515106132.py(28): 				self.BIT[idx] = self.BIT_segfunc(self.BIT[idx], x)
 --- modulename: s515106132, funcname: BIT_segfunc
s515106132.py(16): 			return max(x, y)
s515106132.py(29): 				idx += idx&(-idx)
s515106132.py(27): 			while idx <= self.size:
s515106132.py(30): 			return
s515106132.py(43): 	for i, num in enumerate(a):
s515106132.py(46): 	right_bit = BinaryIndexedTree(N, 0)
 --- modulename: s515106132, funcname: __init__
s515106132.py(10): 			self.size = size
s515106132.py(11): 			self.default = default
s515106132.py(12): 			self.BIT = [default]*(self.size+1)
s515106132.py(47): 	for i, num in enumerate(a[::-1]):
s515106132.py(48): 	    r[num-1] = i + 1 - right_bit.BIT_query(num)
 --- modulename: s515106132, funcname: BIT_query
s515106132.py(19): 			ret = self.default
s515106132.py(20): 			while idx > 0:
s515106132.py(21): 				ret = self.BIT_segfunc(ret, self.BIT[idx])
 --- modulename: s515106132, funcname: BIT_segfunc
s515106132.py(16): 			return max(x, y)
s515106132.py(22): 				idx -= idx&(-idx)
s515106132.py(20): 			while idx > 0:
s515106132.py(21): 				ret = self.BIT_segfunc(ret, self.BIT[idx])
 --- modulename: s515106132, funcname: BIT_segfunc
s515106132.py(16): 			return max(x, y)
s515106132.py(22): 				idx -= idx&(-idx)
s515106132.py(20): 			while idx > 0:
s515106132.py(23): 			return ret
s515106132.py(49): 	    right_bit.BIT_update(num, i+1)
 --- modulename: s515106132, funcname: BIT_update
s515106132.py(27): 			while idx <= self.size:
s515106132.py(28): 				self.BIT[idx] = self.BIT_segfunc(self.BIT[idx], x)
 --- modulename: s515106132, funcname: BIT_segfunc
s515106132.py(16): 			return max(x, y)
s515106132.py(29): 				idx += idx&(-idx)
s515106132.py(27): 			while idx <= self.size:
s515106132.py(30): 			return
s515106132.py(47): 	for i, num in enumerate(a[::-1]):
s515106132.py(48): 	    r[num-1] = i + 1 - right_bit.BIT_query(num)
 --- modulename: s515106132, funcname: BIT_query
s515106132.py(19): 			ret = self.default
s515106132.py(20): 			while idx > 0:
s515106132.py(21): 				ret = self.BIT_segfunc(ret, self.BIT[idx])
 --- modulename: s515106132, funcname: BIT_segfunc
s515106132.py(16): 			return max(x, y)
s515106132.py(22): 				idx -= idx&(-idx)
s515106132.py(20): 			while idx > 0:
s515106132.py(23): 			return ret
s515106132.py(49): 	    right_bit.BIT_update(num, i+1)
 --- modulename: s515106132, funcname: BIT_update
s515106132.py(27): 			while idx <= self.size:
s515106132.py(28): 				self.BIT[idx] = self.BIT_segfunc(self.BIT[idx], x)
 --- modulename: s515106132, funcname: BIT_segfunc
s515106132.py(16): 			return max(x, y)
s515106132.py(29): 				idx += idx&(-idx)
s515106132.py(27): 			while idx <= self.size:
s515106132.py(28): 				self.BIT[idx] = self.BIT_segfunc(self.BIT[idx], x)
 --- modulename: s515106132, funcname: BIT_segfunc
s515106132.py(16): 			return max(x, y)
s515106132.py(29): 				idx += idx&(-idx)
s515106132.py(27): 			while idx <= self.size:
s515106132.py(30): 			return
s515106132.py(47): 	for i, num in enumerate(a[::-1]):
s515106132.py(48): 	    r[num-1] = i + 1 - right_bit.BIT_query(num)
 --- modulename: s515106132, funcname: BIT_query
s515106132.py(19): 			ret = self.default
s515106132.py(20): 			while idx > 0:
s515106132.py(21): 				ret = self.BIT_segfunc(ret, self.BIT[idx])
 --- modulename: s515106132, funcname: BIT_segfunc
s515106132.py(16): 			return max(x, y)
s515106132.py(22): 				idx -= idx&(-idx)
s515106132.py(20): 			while idx > 0:
s515106132.py(23): 			return ret
s515106132.py(49): 	    right_bit.BIT_update(num, i+1)
 --- modulename: s515106132, funcname: BIT_update
s515106132.py(27): 			while idx <= self.size:
s515106132.py(28): 				self.BIT[idx] = self.BIT_segfunc(self.BIT[idx], x)
 --- modulename: s515106132, funcname: BIT_segfunc
s515106132.py(16): 			return max(x, y)
s515106132.py(29): 				idx += idx&(-idx)
s515106132.py(27): 			while idx <= self.size:
s515106132.py(30): 			return
s515106132.py(47): 	for i, num in enumerate(a[::-1]):
s515106132.py(51): 	print(sum(l[i]*r[i]*(i+1) for i in range(N)))
 --- modulename: s515106132, funcname: <genexpr>
s515106132.py(51): 	print(sum(l[i]*r[i]*(i+1) for i in range(N)))
 --- modulename: s515106132, funcname: <genexpr>
s515106132.py(51): 	print(sum(l[i]*r[i]*(i+1) for i in range(N)))
 --- modulename: s515106132, funcname: <genexpr>
s515106132.py(51): 	print(sum(l[i]*r[i]*(i+1) for i in range(N)))
 --- modulename: s515106132, funcname: <genexpr>
s515106132.py(51): 	print(sum(l[i]*r[i]*(i+1) for i in range(N)))
9
