 --- modulename: s518318422, funcname: <module>
s518318422.py(1): class Dice:
 --- modulename: s518318422, funcname: Dice
s518318422.py(1): class Dice:
s518318422.py(2):     def __init__(self):
s518318422.py(5):     def setState(self, li):  # [top, S, E, W, N, under]
s518318422.py(8):     def move(self, str_direction):
s518318422.py(22):     def rotate(self):
s518318422.py(26):     def sameDice1(self, dice1):
s518318422.py(47): def main():
s518318422.py(54): if __name__ == "__main__":
s518318422.py(55):     main()
 --- modulename: s518318422, funcname: main
s518318422.py(48):     myd1, myd2 = Dice(), Dice()
 --- modulename: s518318422, funcname: __init__
s518318422.py(3):         self.state =[1, 2, 3, 4, 5, 6]
 --- modulename: s518318422, funcname: __init__
s518318422.py(3):         self.state =[1, 2, 3, 4, 5, 6]
s518318422.py(49):     myd1.setState(list(map(int, input().split())))
 --- modulename: codecs, funcname: getstate
codecs.py(333):         return (self.buffer, 0)
 --- modulename: codecs, funcname: decode
codecs.py(321):         data = self.buffer + input
codecs.py(322):         (result, consumed) = self._buffer_decode(data, self.errors, final)
codecs.py(324):         self.buffer = data[consumed:]
codecs.py(325):         return result
 --- modulename: s518318422, funcname: setState
s518318422.py(6):         self.state = li
s518318422.py(50):     myd2.setState(list(map(int, input().split())))
 --- modulename: s518318422, funcname: setState
s518318422.py(6):         self.state = li
s518318422.py(51):     print(myd1.sameDice1(myd2))
 --- modulename: s518318422, funcname: sameDice1
s518318422.py(27):         set1 = list()
s518318422.py(28):         for _ in range(4):
s518318422.py(29):             for __ in range(4):
s518318422.py(30):                 set1.append(self.state)
s518318422.py(31):                 self.rotate()
 --- modulename: s518318422, funcname: rotate
s518318422.py(23):         self.state = [self.state[0], self.state[2], self.state[4],
s518318422.py(24):                       self.state[1], self.state[3], self.state[5]]
s518318422.py(23):         self.state = [self.state[0], self.state[2], self.state[4],
s518318422.py(29):             for __ in range(4):
s518318422.py(30):                 set1.append(self.state)
s518318422.py(31):                 self.rotate()
 --- modulename: s518318422, funcname: rotate
s518318422.py(23):         self.state = [self.state[0], self.state[2], self.state[4],
s518318422.py(24):                       self.state[1], self.state[3], self.state[5]]
s518318422.py(23):         self.state = [self.state[0], self.state[2], self.state[4],
s518318422.py(29):             for __ in range(4):
s518318422.py(30):                 set1.append(self.state)
s518318422.py(31):                 self.rotate()
 --- modulename: s518318422, funcname: rotate
s518318422.py(23):         self.state = [self.state[0], self.state[2], self.state[4],
s518318422.py(24):                       self.state[1], self.state[3], self.state[5]]
s518318422.py(23):         self.state = [self.state[0], self.state[2], self.state[4],
s518318422.py(29):             for __ in range(4):
s518318422.py(30):                 set1.append(self.state)
s518318422.py(31):                 self.rotate()
 --- modulename: s518318422, funcname: rotate
s518318422.py(23):         self.state = [self.state[0], self.state[2], self.state[4],
s518318422.py(24):                       self.state[1], self.state[3], self.state[5]]
s518318422.py(23):         self.state = [self.state[0], self.state[2], self.state[4],
s518318422.py(29):             for __ in range(4):
s518318422.py(32):             self.move("N")
 --- modulename: s518318422, funcname: move
s518318422.py(9):         if str_direction == "N":
s518318422.py(10):             self.state = [self.state[1], self.state[5],self.state[2],
s518318422.py(11):                           self.state[3], self.state[0], self.state[4]]
s518318422.py(10):             self.state = [self.state[1], self.state[5],self.state[2],
s518318422.py(12):         if str_direction == "W":
s518318422.py(15):         if str_direction == "E":
s518318422.py(18):         if str_direction == "S":
s518318422.py(28):         for _ in range(4):
s518318422.py(29):             for __ in range(4):
s518318422.py(30):                 set1.append(self.state)
s518318422.py(31):                 self.rotate()
 --- modulename: s518318422, funcname: rotate
s518318422.py(23):         self.state = [self.state[0], self.state[2], self.state[4],
s518318422.py(24):                       self.state[1], self.state[3], self.state[5]]
s518318422.py(23):         self.state = [self.state[0], self.state[2], self.state[4],
s518318422.py(29):             for __ in range(4):
s518318422.py(30):                 set1.append(self.state)
s518318422.py(31):                 self.rotate()
 --- modulename: s518318422, funcname: rotate
s518318422.py(23):         self.state = [self.state[0], self.state[2], self.state[4],
s518318422.py(24):                       self.state[1], self.state[3], self.state[5]]
s518318422.py(23):         self.state = [self.state[0], self.state[2], self.state[4],
s518318422.py(29):             for __ in range(4):
s518318422.py(30):                 set1.append(self.state)
s518318422.py(31):                 self.rotate()
 --- modulename: s518318422, funcname: rotate
s518318422.py(23):         self.state = [self.state[0], self.state[2], self.state[4],
s518318422.py(24):                       self.state[1], self.state[3], self.state[5]]
s518318422.py(23):         self.state = [self.state[0], self.state[2], self.state[4],
s518318422.py(29):             for __ in range(4):
s518318422.py(30):                 set1.append(self.state)
s518318422.py(31):                 self.rotate()
 --- modulename: s518318422, funcname: rotate
s518318422.py(23):         self.state = [self.state[0], self.state[2], self.state[4],
s518318422.py(24):                       self.state[1], self.state[3], self.state[5]]
s518318422.py(23):         self.state = [self.state[0], self.state[2], self.state[4],
s518318422.py(29):             for __ in range(4):
s518318422.py(32):             self.move("N")
 --- modulename: s518318422, funcname: move
s518318422.py(9):         if str_direction == "N":
s518318422.py(10):             self.state = [self.state[1], self.state[5],self.state[2],
s518318422.py(11):                           self.state[3], self.state[0], self.state[4]]
s518318422.py(10):             self.state = [self.state[1], self.state[5],self.state[2],
s518318422.py(12):         if str_direction == "W":
s518318422.py(15):         if str_direction == "E":
s518318422.py(18):         if str_direction == "S":
s518318422.py(28):         for _ in range(4):
s518318422.py(29):             for __ in range(4):
s518318422.py(30):                 set1.append(self.state)
s518318422.py(31):                 self.rotate()
 --- modulename: s518318422, funcname: rotate
s518318422.py(23):         self.state = [self.state[0], self.state[2], self.state[4],
s518318422.py(24):                       self.state[1], self.state[3], self.state[5]]
s518318422.py(23):         self.state = [self.state[0], self.state[2], self.state[4],
s518318422.py(29):             for __ in range(4):
s518318422.py(30):                 set1.append(self.state)
s518318422.py(31):                 self.rotate()
 --- modulename: s518318422, funcname: rotate
s518318422.py(23):         self.state = [self.state[0], self.state[2], self.state[4],
s518318422.py(24):                       self.state[1], self.state[3], self.state[5]]
s518318422.py(23):         self.state = [self.state[0], self.state[2], self.state[4],
s518318422.py(29):             for __ in range(4):
s518318422.py(30):                 set1.append(self.state)
s518318422.py(31):                 self.rotate()
 --- modulename: s518318422, funcname: rotate
s518318422.py(23):         self.state = [self.state[0], self.state[2], self.state[4],
s518318422.py(24):                       self.state[1], self.state[3], self.state[5]]
s518318422.py(23):         self.state = [self.state[0], self.state[2], self.state[4],
s518318422.py(29):             for __ in range(4):
s518318422.py(30):                 set1.append(self.state)
s518318422.py(31):                 self.rotate()
 --- modulename: s518318422, funcname: rotate
s518318422.py(23):         self.state = [self.state[0], self.state[2], self.state[4],
s518318422.py(24):                       self.state[1], self.state[3], self.state[5]]
s518318422.py(23):         self.state = [self.state[0], self.state[2], self.state[4],
s518318422.py(29):             for __ in range(4):
s518318422.py(32):             self.move("N")
 --- modulename: s518318422, funcname: move
s518318422.py(9):         if str_direction == "N":
s518318422.py(10):             self.state = [self.state[1], self.state[5],self.state[2],
s518318422.py(11):                           self.state[3], self.state[0], self.state[4]]
s518318422.py(10):             self.state = [self.state[1], self.state[5],self.state[2],
s518318422.py(12):         if str_direction == "W":
s518318422.py(15):         if str_direction == "E":
s518318422.py(18):         if str_direction == "S":
s518318422.py(28):         for _ in range(4):
s518318422.py(29):             for __ in range(4):
s518318422.py(30):                 set1.append(self.state)
s518318422.py(31):                 self.rotate()
 --- modulename: s518318422, funcname: rotate
s518318422.py(23):         self.state = [self.state[0], self.state[2], self.state[4],
s518318422.py(24):                       self.state[1], self.state[3], self.state[5]]
s518318422.py(23):         self.state = [self.state[0], self.state[2], self.state[4],
s518318422.py(29):             for __ in range(4):
s518318422.py(30):                 set1.append(self.state)
s518318422.py(31):                 self.rotate()
 --- modulename: s518318422, funcname: rotate
s518318422.py(23):         self.state = [self.state[0], self.state[2], self.state[4],
s518318422.py(24):                       self.state[1], self.state[3], self.state[5]]
s518318422.py(23):         self.state = [self.state[0], self.state[2], self.state[4],
s518318422.py(29):             for __ in range(4):
s518318422.py(30):                 set1.append(self.state)
s518318422.py(31):                 self.rotate()
 --- modulename: s518318422, funcname: rotate
s518318422.py(23):         self.state = [self.state[0], self.state[2], self.state[4],
s518318422.py(24):                       self.state[1], self.state[3], self.state[5]]
s518318422.py(23):         self.state = [self.state[0], self.state[2], self.state[4],
s518318422.py(29):             for __ in range(4):
s518318422.py(30):                 set1.append(self.state)
s518318422.py(31):                 self.rotate()
 --- modulename: s518318422, funcname: rotate
s518318422.py(23):         self.state = [self.state[0], self.state[2], self.state[4],
s518318422.py(24):                       self.state[1], self.state[3], self.state[5]]
s518318422.py(23):         self.state = [self.state[0], self.state[2], self.state[4],
s518318422.py(29):             for __ in range(4):
s518318422.py(32):             self.move("N")
 --- modulename: s518318422, funcname: move
s518318422.py(9):         if str_direction == "N":
s518318422.py(10):             self.state = [self.state[1], self.state[5],self.state[2],
s518318422.py(11):                           self.state[3], self.state[0], self.state[4]]
s518318422.py(10):             self.state = [self.state[1], self.state[5],self.state[2],
s518318422.py(12):         if str_direction == "W":
s518318422.py(15):         if str_direction == "E":
s518318422.py(18):         if str_direction == "S":
s518318422.py(28):         for _ in range(4):
s518318422.py(33):         self.move("E")
 --- modulename: s518318422, funcname: move
s518318422.py(9):         if str_direction == "N":
s518318422.py(12):         if str_direction == "W":
s518318422.py(15):         if str_direction == "E":
s518318422.py(16):             self.state = [self.state[3], self.state[1], self.state[0],
s518318422.py(17):                           self.state[5], self.state[4], self.state[2]]
s518318422.py(16):             self.state = [self.state[3], self.state[1], self.state[0],
s518318422.py(18):         if str_direction == "S":
s518318422.py(34):         for _ in range(4):
s518318422.py(35):             set1.append(self.state)
s518318422.py(36):             self.rotate()
 --- modulename: s518318422, funcname: rotate
s518318422.py(23):         self.state = [self.state[0], self.state[2], self.state[4],
s518318422.py(24):                       self.state[1], self.state[3], self.state[5]]
s518318422.py(23):         self.state = [self.state[0], self.state[2], self.state[4],
s518318422.py(34):         for _ in range(4):
s518318422.py(35):             set1.append(self.state)
s518318422.py(36):             self.rotate()
 --- modulename: s518318422, funcname: rotate
s518318422.py(23):         self.state = [self.state[0], self.state[2], self.state[4],
s518318422.py(24):                       self.state[1], self.state[3], self.state[5]]
s518318422.py(23):         self.state = [self.state[0], self.state[2], self.state[4],
s518318422.py(34):         for _ in range(4):
s518318422.py(35):             set1.append(self.state)
s518318422.py(36):             self.rotate()
 --- modulename: s518318422, funcname: rotate
s518318422.py(23):         self.state = [self.state[0], self.state[2], self.state[4],
s518318422.py(24):                       self.state[1], self.state[3], self.state[5]]
s518318422.py(23):         self.state = [self.state[0], self.state[2], self.state[4],
s518318422.py(34):         for _ in range(4):
s518318422.py(35):             set1.append(self.state)
s518318422.py(36):             self.rotate()
 --- modulename: s518318422, funcname: rotate
s518318422.py(23):         self.state = [self.state[0], self.state[2], self.state[4],
s518318422.py(24):                       self.state[1], self.state[3], self.state[5]]
s518318422.py(23):         self.state = [self.state[0], self.state[2], self.state[4],
s518318422.py(34):         for _ in range(4):
s518318422.py(37):         self.move("E")
 --- modulename: s518318422, funcname: move
s518318422.py(9):         if str_direction == "N":
s518318422.py(12):         if str_direction == "W":
s518318422.py(15):         if str_direction == "E":
s518318422.py(16):             self.state = [self.state[3], self.state[1], self.state[0],
s518318422.py(17):                           self.state[5], self.state[4], self.state[2]]
s518318422.py(16):             self.state = [self.state[3], self.state[1], self.state[0],
s518318422.py(18):         if str_direction == "S":
s518318422.py(38):         self.move("E")
 --- modulename: s518318422, funcname: move
s518318422.py(9):         if str_direction == "N":
s518318422.py(12):         if str_direction == "W":
s518318422.py(15):         if str_direction == "E":
s518318422.py(16):             self.state = [self.state[3], self.state[1], self.state[0],
s518318422.py(17):                           self.state[5], self.state[4], self.state[2]]
s518318422.py(16):             self.state = [self.state[3], self.state[1], self.state[0],
s518318422.py(18):         if str_direction == "S":
s518318422.py(39):         for _ in range(4):
s518318422.py(40):             set1.append(self.state)
s518318422.py(41):             self.rotate()
 --- modulename: s518318422, funcname: rotate
s518318422.py(23):         self.state = [self.state[0], self.state[2], self.state[4],
s518318422.py(24):                       self.state[1], self.state[3], self.state[5]]
s518318422.py(23):         self.state = [self.state[0], self.state[2], self.state[4],
s518318422.py(39):         for _ in range(4):
s518318422.py(40):             set1.append(self.state)
s518318422.py(41):             self.rotate()
 --- modulename: s518318422, funcname: rotate
s518318422.py(23):         self.state = [self.state[0], self.state[2], self.state[4],
s518318422.py(24):                       self.state[1], self.state[3], self.state[5]]
s518318422.py(23):         self.state = [self.state[0], self.state[2], self.state[4],
s518318422.py(39):         for _ in range(4):
s518318422.py(40):             set1.append(self.state)
s518318422.py(41):             self.rotate()
 --- modulename: s518318422, funcname: rotate
s518318422.py(23):         self.state = [self.state[0], self.state[2], self.state[4],
s518318422.py(24):                       self.state[1], self.state[3], self.state[5]]
s518318422.py(23):         self.state = [self.state[0], self.state[2], self.state[4],
s518318422.py(39):         for _ in range(4):
s518318422.py(40):             set1.append(self.state)
s518318422.py(41):             self.rotate()
 --- modulename: s518318422, funcname: rotate
s518318422.py(23):         self.state = [self.state[0], self.state[2], self.state[4],
s518318422.py(24):                       self.state[1], self.state[3], self.state[5]]
s518318422.py(23):         self.state = [self.state[0], self.state[2], self.state[4],
s518318422.py(39):         for _ in range(4):
s518318422.py(42):         if dice1.state in set1:
s518318422.py(43):             return "Yes"
Yes
s518318422.py(52):     return
