 --- modulename: s519475567, funcname: <module>
s519475567.py(1): class BinaryIndexedTree():
 --- modulename: s519475567, funcname: BinaryIndexedTree
s519475567.py(1): class BinaryIndexedTree():
s519475567.py(2):     def __init__(self, N):
s519475567.py(6):     def query(self, i):
s519475567.py(15):     def add(self, i, v):
s519475567.py(22):     def search(self, x):
s519475567.py(34): def main():
s519475567.py(54): if __name__ == "__main__":
s519475567.py(55):     main()
 --- modulename: s519475567, funcname: main
s519475567.py(35):     N = int(input())
 --- modulename: codecs, funcname: getstate
codecs.py(333):         return (self.buffer, 0)
 --- modulename: codecs, funcname: decode
codecs.py(321):         data = self.buffer + input
codecs.py(322):         (result, consumed) = self._buffer_decode(data, self.errors, final)
codecs.py(324):         self.buffer = data[consumed:]
codecs.py(325):         return result
s519475567.py(36):     P = list(map(int, input().split()))
s519475567.py(37):     idx = [0] * N
s519475567.py(38):     bit = BinaryIndexedTree(N)
 --- modulename: s519475567, funcname: __init__
s519475567.py(3):         self.N = N
s519475567.py(4):         self.arr = [0] * (N+1)
s519475567.py(39):     for i in range(N):
s519475567.py(40):         idx[P[i]-1] = i
s519475567.py(39):     for i in range(N):
s519475567.py(40):         idx[P[i]-1] = i
s519475567.py(39):     for i in range(N):
s519475567.py(40):         idx[P[i]-1] = i
s519475567.py(39):     for i in range(N):
s519475567.py(41):     ans = 0
s519475567.py(42):     for i in range(N)[::-1]:
s519475567.py(43):         bit.add(idx[i], 1)
 --- modulename: s519475567, funcname: add
s519475567.py(16):         i += 1
s519475567.py(17):         while i < self.N+1:
s519475567.py(18):             lsb = i & (-i)
s519475567.py(19):             self.arr[i] += v
s519475567.py(20):             i += lsb
s519475567.py(17):         while i < self.N+1:
s519475567.py(44):         x = bit.query(idx[i])
 --- modulename: s519475567, funcname: query
s519475567.py(7):         ret = 0
s519475567.py(8):         i += 1
s519475567.py(9):         while i:
s519475567.py(10):             ret += self.arr[i]
s519475567.py(11):             lsb = i & (-i)
s519475567.py(12):             i -= lsb
s519475567.py(9):         while i:
s519475567.py(13):         return ret
s519475567.py(45):         l = bit.search(x-1)
 --- modulename: s519475567, funcname: search
s519475567.py(23):         lo = -1
s519475567.py(24):         hi = self.N
s519475567.py(25):         while lo < hi:
s519475567.py(26):             mid = (lo+hi)//2
s519475567.py(27):             if self.query(mid) < x:
 --- modulename: s519475567, funcname: query
s519475567.py(7):         ret = 0
s519475567.py(8):         i += 1
s519475567.py(9):         while i:
s519475567.py(10):             ret += self.arr[i]
s519475567.py(11):             lsb = i & (-i)
s519475567.py(12):             i -= lsb
s519475567.py(9):         while i:
s519475567.py(13):         return ret
s519475567.py(30):                 hi = mid
s519475567.py(25):         while lo < hi:
s519475567.py(26):             mid = (lo+hi)//2
s519475567.py(27):             if self.query(mid) < x:
 --- modulename: s519475567, funcname: query
s519475567.py(7):         ret = 0
s519475567.py(8):         i += 1
s519475567.py(9):         while i:
s519475567.py(10):             ret += self.arr[i]
s519475567.py(11):             lsb = i & (-i)
s519475567.py(12):             i -= lsb
s519475567.py(9):         while i:
s519475567.py(13):         return ret
s519475567.py(30):                 hi = mid
s519475567.py(25):         while lo < hi:
s519475567.py(26):             mid = (lo+hi)//2
s519475567.py(27):             if self.query(mid) < x:
 --- modulename: s519475567, funcname: query
s519475567.py(7):         ret = 0
s519475567.py(8):         i += 1
s519475567.py(9):         while i:
s519475567.py(13):         return ret
s519475567.py(30):                 hi = mid
s519475567.py(25):         while lo < hi:
s519475567.py(31):         return lo
s519475567.py(46):         ll = bit.search(x-2)
 --- modulename: s519475567, funcname: search
s519475567.py(23):         lo = -1
s519475567.py(24):         hi = self.N
s519475567.py(25):         while lo < hi:
s519475567.py(26):             mid = (lo+hi)//2
s519475567.py(27):             if self.query(mid) < x:
 --- modulename: s519475567, funcname: query
s519475567.py(7):         ret = 0
s519475567.py(8):         i += 1
s519475567.py(9):         while i:
s519475567.py(10):             ret += self.arr[i]
s519475567.py(11):             lsb = i & (-i)
s519475567.py(12):             i -= lsb
s519475567.py(9):         while i:
s519475567.py(13):         return ret
s519475567.py(30):                 hi = mid
s519475567.py(25):         while lo < hi:
s519475567.py(26):             mid = (lo+hi)//2
s519475567.py(27):             if self.query(mid) < x:
 --- modulename: s519475567, funcname: query
s519475567.py(7):         ret = 0
s519475567.py(8):         i += 1
s519475567.py(9):         while i:
s519475567.py(10):             ret += self.arr[i]
s519475567.py(11):             lsb = i & (-i)
s519475567.py(12):             i -= lsb
s519475567.py(9):         while i:
s519475567.py(13):         return ret
s519475567.py(30):                 hi = mid
s519475567.py(25):         while lo < hi:
s519475567.py(26):             mid = (lo+hi)//2
s519475567.py(27):             if self.query(mid) < x:
 --- modulename: s519475567, funcname: query
s519475567.py(7):         ret = 0
s519475567.py(8):         i += 1
s519475567.py(9):         while i:
s519475567.py(13):         return ret
s519475567.py(30):                 hi = mid
s519475567.py(25):         while lo < hi:
s519475567.py(31):         return lo
s519475567.py(47):         r = bit.search(x+1)
 --- modulename: s519475567, funcname: search
s519475567.py(23):         lo = -1
s519475567.py(24):         hi = self.N
s519475567.py(25):         while lo < hi:
s519475567.py(26):             mid = (lo+hi)//2
s519475567.py(27):             if self.query(mid) < x:
 --- modulename: s519475567, funcname: query
s519475567.py(7):         ret = 0
s519475567.py(8):         i += 1
s519475567.py(9):         while i:
s519475567.py(10):             ret += self.arr[i]
s519475567.py(11):             lsb = i & (-i)
s519475567.py(12):             i -= lsb
s519475567.py(9):         while i:
s519475567.py(13):         return ret
s519475567.py(28):                 lo = mid + 1
s519475567.py(25):         while lo < hi:
s519475567.py(26):             mid = (lo+hi)//2
s519475567.py(27):             if self.query(mid) < x:
 --- modulename: s519475567, funcname: query
s519475567.py(7):         ret = 0
s519475567.py(8):         i += 1
s519475567.py(9):         while i:
s519475567.py(10):             ret += self.arr[i]
s519475567.py(11):             lsb = i & (-i)
s519475567.py(12):             i -= lsb
s519475567.py(9):         while i:
s519475567.py(10):             ret += self.arr[i]
s519475567.py(11):             lsb = i & (-i)
s519475567.py(12):             i -= lsb
s519475567.py(9):         while i:
s519475567.py(13):         return ret
s519475567.py(28):                 lo = mid + 1
s519475567.py(25):         while lo < hi:
s519475567.py(31):         return lo
s519475567.py(48):         rr = bit.search(x+2)
 --- modulename: s519475567, funcname: search
s519475567.py(23):         lo = -1
s519475567.py(24):         hi = self.N
s519475567.py(25):         while lo < hi:
s519475567.py(26):             mid = (lo+hi)//2
s519475567.py(27):             if self.query(mid) < x:
 --- modulename: s519475567, funcname: query
s519475567.py(7):         ret = 0
s519475567.py(8):         i += 1
s519475567.py(9):         while i:
s519475567.py(10):             ret += self.arr[i]
s519475567.py(11):             lsb = i & (-i)
s519475567.py(12):             i -= lsb
s519475567.py(9):         while i:
s519475567.py(13):         return ret
s519475567.py(28):                 lo = mid + 1
s519475567.py(25):         while lo < hi:
s519475567.py(26):             mid = (lo+hi)//2
s519475567.py(27):             if self.query(mid) < x:
 --- modulename: s519475567, funcname: query
s519475567.py(7):         ret = 0
s519475567.py(8):         i += 1
s519475567.py(9):         while i:
s519475567.py(10):             ret += self.arr[i]
s519475567.py(11):             lsb = i & (-i)
s519475567.py(12):             i -= lsb
s519475567.py(9):         while i:
s519475567.py(10):             ret += self.arr[i]
s519475567.py(11):             lsb = i & (-i)
s519475567.py(12):             i -= lsb
s519475567.py(9):         while i:
s519475567.py(13):         return ret
s519475567.py(28):                 lo = mid + 1
s519475567.py(25):         while lo < hi:
s519475567.py(31):         return lo
s519475567.py(49):         tmp = (idx[i]-l) * (rr-r) + (r-idx[i]) * (l-ll)
s519475567.py(50):         ans += (i+1) * tmp
s519475567.py(42):     for i in range(N)[::-1]:
s519475567.py(43):         bit.add(idx[i], 1)
 --- modulename: s519475567, funcname: add
s519475567.py(16):         i += 1
s519475567.py(17):         while i < self.N+1:
s519475567.py(18):             lsb = i & (-i)
s519475567.py(19):             self.arr[i] += v
s519475567.py(20):             i += lsb
s519475567.py(17):         while i < self.N+1:
s519475567.py(18):             lsb = i & (-i)
s519475567.py(19):             self.arr[i] += v
s519475567.py(20):             i += lsb
s519475567.py(17):         while i < self.N+1:
s519475567.py(44):         x = bit.query(idx[i])
 --- modulename: s519475567, funcname: query
s519475567.py(7):         ret = 0
s519475567.py(8):         i += 1
s519475567.py(9):         while i:
s519475567.py(10):             ret += self.arr[i]
s519475567.py(11):             lsb = i & (-i)
s519475567.py(12):             i -= lsb
s519475567.py(9):         while i:
s519475567.py(13):         return ret
s519475567.py(45):         l = bit.search(x-1)
 --- modulename: s519475567, funcname: search
s519475567.py(23):         lo = -1
s519475567.py(24):         hi = self.N
s519475567.py(25):         while lo < hi:
s519475567.py(26):             mid = (lo+hi)//2
s519475567.py(27):             if self.query(mid) < x:
 --- modulename: s519475567, funcname: query
s519475567.py(7):         ret = 0
s519475567.py(8):         i += 1
s519475567.py(9):         while i:
s519475567.py(10):             ret += self.arr[i]
s519475567.py(11):             lsb = i & (-i)
s519475567.py(12):             i -= lsb
s519475567.py(9):         while i:
s519475567.py(13):         return ret
s519475567.py(30):                 hi = mid
s519475567.py(25):         while lo < hi:
s519475567.py(26):             mid = (lo+hi)//2
s519475567.py(27):             if self.query(mid) < x:
 --- modulename: s519475567, funcname: query
s519475567.py(7):         ret = 0
s519475567.py(8):         i += 1
s519475567.py(9):         while i:
s519475567.py(10):             ret += self.arr[i]
s519475567.py(11):             lsb = i & (-i)
s519475567.py(12):             i -= lsb
s519475567.py(9):         while i:
s519475567.py(13):         return ret
s519475567.py(30):                 hi = mid
s519475567.py(25):         while lo < hi:
s519475567.py(26):             mid = (lo+hi)//2
s519475567.py(27):             if self.query(mid) < x:
 --- modulename: s519475567, funcname: query
s519475567.py(7):         ret = 0
s519475567.py(8):         i += 1
s519475567.py(9):         while i:
s519475567.py(13):         return ret
s519475567.py(30):                 hi = mid
s519475567.py(25):         while lo < hi:
s519475567.py(31):         return lo
s519475567.py(46):         ll = bit.search(x-2)
 --- modulename: s519475567, funcname: search
s519475567.py(23):         lo = -1
s519475567.py(24):         hi = self.N
s519475567.py(25):         while lo < hi:
s519475567.py(26):             mid = (lo+hi)//2
s519475567.py(27):             if self.query(mid) < x:
 --- modulename: s519475567, funcname: query
s519475567.py(7):         ret = 0
s519475567.py(8):         i += 1
s519475567.py(9):         while i:
s519475567.py(10):             ret += self.arr[i]
s519475567.py(11):             lsb = i & (-i)
s519475567.py(12):             i -= lsb
s519475567.py(9):         while i:
s519475567.py(13):         return ret
s519475567.py(30):                 hi = mid
s519475567.py(25):         while lo < hi:
s519475567.py(26):             mid = (lo+hi)//2
s519475567.py(27):             if self.query(mid) < x:
 --- modulename: s519475567, funcname: query
s519475567.py(7):         ret = 0
s519475567.py(8):         i += 1
s519475567.py(9):         while i:
s519475567.py(10):             ret += self.arr[i]
s519475567.py(11):             lsb = i & (-i)
s519475567.py(12):             i -= lsb
s519475567.py(9):         while i:
s519475567.py(13):         return ret
s519475567.py(30):                 hi = mid
s519475567.py(25):         while lo < hi:
s519475567.py(26):             mid = (lo+hi)//2
s519475567.py(27):             if self.query(mid) < x:
 --- modulename: s519475567, funcname: query
s519475567.py(7):         ret = 0
s519475567.py(8):         i += 1
s519475567.py(9):         while i:
s519475567.py(13):         return ret
s519475567.py(30):                 hi = mid
s519475567.py(25):         while lo < hi:
s519475567.py(31):         return lo
s519475567.py(47):         r = bit.search(x+1)
 --- modulename: s519475567, funcname: search
s519475567.py(23):         lo = -1
s519475567.py(24):         hi = self.N
s519475567.py(25):         while lo < hi:
s519475567.py(26):             mid = (lo+hi)//2
s519475567.py(27):             if self.query(mid) < x:
 --- modulename: s519475567, funcname: query
s519475567.py(7):         ret = 0
s519475567.py(8):         i += 1
s519475567.py(9):         while i:
s519475567.py(10):             ret += self.arr[i]
s519475567.py(11):             lsb = i & (-i)
s519475567.py(12):             i -= lsb
s519475567.py(9):         while i:
s519475567.py(13):         return ret
s519475567.py(30):                 hi = mid
s519475567.py(25):         while lo < hi:
s519475567.py(26):             mid = (lo+hi)//2
s519475567.py(27):             if self.query(mid) < x:
 --- modulename: s519475567, funcname: query
s519475567.py(7):         ret = 0
s519475567.py(8):         i += 1
s519475567.py(9):         while i:
s519475567.py(10):             ret += self.arr[i]
s519475567.py(11):             lsb = i & (-i)
s519475567.py(12):             i -= lsb
s519475567.py(9):         while i:
s519475567.py(13):         return ret
s519475567.py(28):                 lo = mid + 1
s519475567.py(25):         while lo < hi:
s519475567.py(31):         return lo
s519475567.py(48):         rr = bit.search(x+2)
 --- modulename: s519475567, funcname: search
s519475567.py(23):         lo = -1
s519475567.py(24):         hi = self.N
s519475567.py(25):         while lo < hi:
s519475567.py(26):             mid = (lo+hi)//2
s519475567.py(27):             if self.query(mid) < x:
 --- modulename: s519475567, funcname: query
s519475567.py(7):         ret = 0
s519475567.py(8):         i += 1
s519475567.py(9):         while i:
s519475567.py(10):             ret += self.arr[i]
s519475567.py(11):             lsb = i & (-i)
s519475567.py(12):             i -= lsb
s519475567.py(9):         while i:
s519475567.py(13):         return ret
s519475567.py(28):                 lo = mid + 1
s519475567.py(25):         while lo < hi:
s519475567.py(26):             mid = (lo+hi)//2
s519475567.py(27):             if self.query(mid) < x:
 --- modulename: s519475567, funcname: query
s519475567.py(7):         ret = 0
s519475567.py(8):         i += 1
s519475567.py(9):         while i:
s519475567.py(10):             ret += self.arr[i]
s519475567.py(11):             lsb = i & (-i)
s519475567.py(12):             i -= lsb
s519475567.py(9):         while i:
s519475567.py(10):             ret += self.arr[i]
s519475567.py(11):             lsb = i & (-i)
s519475567.py(12):             i -= lsb
s519475567.py(9):         while i:
s519475567.py(13):         return ret
s519475567.py(28):                 lo = mid + 1
s519475567.py(25):         while lo < hi:
s519475567.py(31):         return lo
s519475567.py(49):         tmp = (idx[i]-l) * (rr-r) + (r-idx[i]) * (l-ll)
s519475567.py(50):         ans += (i+1) * tmp
s519475567.py(42):     for i in range(N)[::-1]:
s519475567.py(43):         bit.add(idx[i], 1)
 --- modulename: s519475567, funcname: add
s519475567.py(16):         i += 1
s519475567.py(17):         while i < self.N+1:
s519475567.py(18):             lsb = i & (-i)
s519475567.py(19):             self.arr[i] += v
s519475567.py(20):             i += lsb
s519475567.py(17):         while i < self.N+1:
s519475567.py(44):         x = bit.query(idx[i])
 --- modulename: s519475567, funcname: query
s519475567.py(7):         ret = 0
s519475567.py(8):         i += 1
s519475567.py(9):         while i:
s519475567.py(10):             ret += self.arr[i]
s519475567.py(11):             lsb = i & (-i)
s519475567.py(12):             i -= lsb
s519475567.py(9):         while i:
s519475567.py(10):             ret += self.arr[i]
s519475567.py(11):             lsb = i & (-i)
s519475567.py(12):             i -= lsb
s519475567.py(9):         while i:
s519475567.py(13):         return ret
s519475567.py(45):         l = bit.search(x-1)
 --- modulename: s519475567, funcname: search
s519475567.py(23):         lo = -1
s519475567.py(24):         hi = self.N
s519475567.py(25):         while lo < hi:
s519475567.py(26):             mid = (lo+hi)//2
s519475567.py(27):             if self.query(mid) < x:
 --- modulename: s519475567, funcname: query
s519475567.py(7):         ret = 0
s519475567.py(8):         i += 1
s519475567.py(9):         while i:
s519475567.py(10):             ret += self.arr[i]
s519475567.py(11):             lsb = i & (-i)
s519475567.py(12):             i -= lsb
s519475567.py(9):         while i:
s519475567.py(13):         return ret
s519475567.py(30):                 hi = mid
s519475567.py(25):         while lo < hi:
s519475567.py(26):             mid = (lo+hi)//2
s519475567.py(27):             if self.query(mid) < x:
 --- modulename: s519475567, funcname: query
s519475567.py(7):         ret = 0
s519475567.py(8):         i += 1
s519475567.py(9):         while i:
s519475567.py(10):             ret += self.arr[i]
s519475567.py(11):             lsb = i & (-i)
s519475567.py(12):             i -= lsb
s519475567.py(9):         while i:
s519475567.py(13):         return ret
s519475567.py(28):                 lo = mid + 1
s519475567.py(25):         while lo < hi:
s519475567.py(31):         return lo
s519475567.py(46):         ll = bit.search(x-2)
 --- modulename: s519475567, funcname: search
s519475567.py(23):         lo = -1
s519475567.py(24):         hi = self.N
s519475567.py(25):         while lo < hi:
s519475567.py(26):             mid = (lo+hi)//2
s519475567.py(27):             if self.query(mid) < x:
 --- modulename: s519475567, funcname: query
s519475567.py(7):         ret = 0
s519475567.py(8):         i += 1
s519475567.py(9):         while i:
s519475567.py(10):             ret += self.arr[i]
s519475567.py(11):             lsb = i & (-i)
s519475567.py(12):             i -= lsb
s519475567.py(9):         while i:
s519475567.py(13):         return ret
s519475567.py(30):                 hi = mid
s519475567.py(25):         while lo < hi:
s519475567.py(26):             mid = (lo+hi)//2
s519475567.py(27):             if self.query(mid) < x:
 --- modulename: s519475567, funcname: query
s519475567.py(7):         ret = 0
s519475567.py(8):         i += 1
s519475567.py(9):         while i:
s519475567.py(10):             ret += self.arr[i]
s519475567.py(11):             lsb = i & (-i)
s519475567.py(12):             i -= lsb
s519475567.py(9):         while i:
s519475567.py(13):         return ret
s519475567.py(30):                 hi = mid
s519475567.py(25):         while lo < hi:
s519475567.py(26):             mid = (lo+hi)//2
s519475567.py(27):             if self.query(mid) < x:
 --- modulename: s519475567, funcname: query
s519475567.py(7):         ret = 0
s519475567.py(8):         i += 1
s519475567.py(9):         while i:
s519475567.py(13):         return ret
s519475567.py(28):                 lo = mid + 1
s519475567.py(25):         while lo < hi:
s519475567.py(31):         return lo
s519475567.py(47):         r = bit.search(x+1)
 --- modulename: s519475567, funcname: search
s519475567.py(23):         lo = -1
s519475567.py(24):         hi = self.N
s519475567.py(25):         while lo < hi:
s519475567.py(26):             mid = (lo+hi)//2
s519475567.py(27):             if self.query(mid) < x:
 --- modulename: s519475567, funcname: query
s519475567.py(7):         ret = 0
s519475567.py(8):         i += 1
s519475567.py(9):         while i:
s519475567.py(10):             ret += self.arr[i]
s519475567.py(11):             lsb = i & (-i)
s519475567.py(12):             i -= lsb
s519475567.py(9):         while i:
s519475567.py(13):         return ret
s519475567.py(28):                 lo = mid + 1
s519475567.py(25):         while lo < hi:
s519475567.py(26):             mid = (lo+hi)//2
s519475567.py(27):             if self.query(mid) < x:
 --- modulename: s519475567, funcname: query
s519475567.py(7):         ret = 0
s519475567.py(8):         i += 1
s519475567.py(9):         while i:
s519475567.py(10):             ret += self.arr[i]
s519475567.py(11):             lsb = i & (-i)
s519475567.py(12):             i -= lsb
s519475567.py(9):         while i:
s519475567.py(10):             ret += self.arr[i]
s519475567.py(11):             lsb = i & (-i)
s519475567.py(12):             i -= lsb
s519475567.py(9):         while i:
s519475567.py(13):         return ret
s519475567.py(28):                 lo = mid + 1
s519475567.py(25):         while lo < hi:
s519475567.py(31):         return lo
s519475567.py(48):         rr = bit.search(x+2)
 --- modulename: s519475567, funcname: search
s519475567.py(23):         lo = -1
s519475567.py(24):         hi = self.N
s519475567.py(25):         while lo < hi:
s519475567.py(26):             mid = (lo+hi)//2
s519475567.py(27):             if self.query(mid) < x:
 --- modulename: s519475567, funcname: query
s519475567.py(7):         ret = 0
s519475567.py(8):         i += 1
s519475567.py(9):         while i:
s519475567.py(10):             ret += self.arr[i]
s519475567.py(11):             lsb = i & (-i)
s519475567.py(12):             i -= lsb
s519475567.py(9):         while i:
s519475567.py(13):         return ret
s519475567.py(28):                 lo = mid + 1
s519475567.py(25):         while lo < hi:
s519475567.py(26):             mid = (lo+hi)//2
s519475567.py(27):             if self.query(mid) < x:
 --- modulename: s519475567, funcname: query
s519475567.py(7):         ret = 0
s519475567.py(8):         i += 1
s519475567.py(9):         while i:
s519475567.py(10):             ret += self.arr[i]
s519475567.py(11):             lsb = i & (-i)
s519475567.py(12):             i -= lsb
s519475567.py(9):         while i:
s519475567.py(10):             ret += self.arr[i]
s519475567.py(11):             lsb = i & (-i)
s519475567.py(12):             i -= lsb
s519475567.py(9):         while i:
s519475567.py(13):         return ret
s519475567.py(28):                 lo = mid + 1
s519475567.py(25):         while lo < hi:
s519475567.py(31):         return lo
s519475567.py(49):         tmp = (idx[i]-l) * (rr-r) + (r-idx[i]) * (l-ll)
s519475567.py(50):         ans += (i+1) * tmp
s519475567.py(42):     for i in range(N)[::-1]:
s519475567.py(51):     print(ans)
5
