 --- modulename: s590291587, funcname: <module>
s590291587.py(2): import sys
s590291587.py(5): def solve(S: str):
s590291587.py(23): def main():
s590291587.py(32): if __name__ == '__main__':
s590291587.py(33):     main()
 --- modulename: s590291587, funcname: main
s590291587.py(24):     def iterate_tokens():
s590291587.py(28):     tokens = iterate_tokens()
s590291587.py(29):     S = next(tokens)  # type: str
 --- modulename: s590291587, funcname: iterate_tokens
s590291587.py(25):         for line in sys.stdin:
 --- modulename: codecs, funcname: decode
codecs.py(321):         data = self.buffer + input
codecs.py(322):         (result, consumed) = self._buffer_decode(data, self.errors, final)
codecs.py(324):         self.buffer = data[consumed:]
codecs.py(325):         return result
s590291587.py(26):             for word in line.split():
s590291587.py(27):                 yield word
s590291587.py(30):     solve(S)
 --- modulename: s590291587, funcname: solve
s590291587.py(6):     ans = 0
s590291587.py(7):     prev = ""
s590291587.py(8):     now = ""
s590291587.py(10):     for i in S:
s590291587.py(11):         now += i 
s590291587.py(12):         if now == prev:
s590291587.py(15):             prev = now
s590291587.py(16):             now = ""
s590291587.py(17):             ans += 1
s590291587.py(10):     for i in S:
s590291587.py(11):         now += i 
s590291587.py(12):         if now == prev:
s590291587.py(13):             prev = ""
s590291587.py(10):     for i in S:
s590291587.py(11):         now += i 
s590291587.py(12):         if now == prev:
s590291587.py(15):             prev = now
s590291587.py(16):             now = ""
s590291587.py(17):             ans += 1
s590291587.py(10):     for i in S:
s590291587.py(11):         now += i 
s590291587.py(12):         if now == prev:
s590291587.py(15):             prev = now
s590291587.py(16):             now = ""
s590291587.py(17):             ans += 1
s590291587.py(10):     for i in S:
s590291587.py(11):         now += i 
s590291587.py(12):         if now == prev:
s590291587.py(15):             prev = now
s590291587.py(16):             now = ""
s590291587.py(17):             ans += 1
s590291587.py(10):     for i in S:
s590291587.py(11):         now += i 
s590291587.py(12):         if now == prev:
s590291587.py(13):             prev = ""
s590291587.py(10):     for i in S:
s590291587.py(18):     print(ans)
4
s590291587.py(19):     return
 --- modulename: s590291587, funcname: iterate_tokens
