 --- modulename: s595076260, funcname: <module>
s595076260.py(3): import sys
s595076260.py(4): sys.setrecursionlimit(300000)
s595076260.py(7): def solve(N: int, A: "List[int]", B: "List[int]"):
s595076260.py(23): def main():
s595076260.py(37): if __name__ == '__main__':
s595076260.py(38):     main()
 --- modulename: s595076260, funcname: main
s595076260.py(24):     def iterate_tokens():
s595076260.py(28):     tokens = iterate_tokens()
s595076260.py(29):     N = int(next(tokens))  # type: int
 --- modulename: s595076260, funcname: iterate_tokens
s595076260.py(25):         for line in sys.stdin:
 --- modulename: codecs, funcname: decode
codecs.py(321):         data = self.buffer + input
codecs.py(322):         (result, consumed) = self._buffer_decode(data, self.errors, final)
codecs.py(324):         self.buffer = data[consumed:]
codecs.py(325):         return result
s595076260.py(26):             for word in line.split():
s595076260.py(27):                 yield word
s595076260.py(30):     A = [int()] * (N)  # type: "List[int]"
s595076260.py(31):     B = [int()] * (N)  # type: "List[int]"
s595076260.py(32):     for i in range(N):
s595076260.py(33):         A[i] = int(next(tokens))
 --- modulename: s595076260, funcname: iterate_tokens
s595076260.py(26):             for word in line.split():
s595076260.py(25):         for line in sys.stdin:
s595076260.py(26):             for word in line.split():
s595076260.py(27):                 yield word
s595076260.py(34):         B[i] = int(next(tokens))
 --- modulename: s595076260, funcname: iterate_tokens
s595076260.py(26):             for word in line.split():
s595076260.py(27):                 yield word
s595076260.py(32):     for i in range(N):
s595076260.py(33):         A[i] = int(next(tokens))
 --- modulename: s595076260, funcname: iterate_tokens
s595076260.py(26):             for word in line.split():
s595076260.py(25):         for line in sys.stdin:
s595076260.py(26):             for word in line.split():
s595076260.py(27):                 yield word
s595076260.py(34):         B[i] = int(next(tokens))
 --- modulename: s595076260, funcname: iterate_tokens
s595076260.py(26):             for word in line.split():
s595076260.py(27):                 yield word
s595076260.py(32):     for i in range(N):
s595076260.py(35):     solve(N, A, B)
 --- modulename: s595076260, funcname: solve
s595076260.py(8):     a = A
s595076260.py(9):     b = B
s595076260.py(10):     a.sort()
s595076260.py(11):     b.sort()
s595076260.py(12):     if N % 2 == 0:
s595076260.py(13):         ma = (a[N // 2 - 1] + a[N // 2]) / 2
s595076260.py(14):         mb = (b[N // 2 - 1] + b[N // 2]) / 2
s595076260.py(15):         ret = mb * 2 - ma * 2 + 1
s595076260.py(20):     print(int(ret))
3
s595076260.py(21):     return
 --- modulename: s595076260, funcname: iterate_tokens
