 --- modulename: s596991784, funcname: <module>
s596991784.py(1): import sys
s596991784.py(3): sys.setrecursionlimit(10 ** 6)
s596991784.py(4): int1 = lambda x: int(x) - 1
s596991784.py(5): p2D = lambda x: print(*x, sep="\n")
s596991784.py(6): def II(): return int(sys.stdin.readline())
s596991784.py(7): def MI(): return map(int, sys.stdin.readline().split())
s596991784.py(8): def LI(): return list(map(int, sys.stdin.readline().split()))
s596991784.py(9): def LLI(rows_number): return [LI() for _ in range(rows_number)]
s596991784.py(10): def SI(): return sys.stdin.readline()[:-1]
s596991784.py(12): def gcd(a,b):
s596991784.py(16): def lcm(a,b):
s596991784.py(19): def main():
s596991784.py(31): main()
 --- modulename: s596991784, funcname: main
s596991784.py(20):     md=10**9+7
s596991784.py(21):     n=II()
 --- modulename: s596991784, funcname: II
s596991784.py(6): def II(): return int(sys.stdin.readline())
 --- modulename: codecs, funcname: getstate
codecs.py(333):         return (self.buffer, 0)
 --- modulename: codecs, funcname: decode
codecs.py(321):         data = self.buffer + input
codecs.py(322):         (result, consumed) = self._buffer_decode(data, self.errors, final)
codecs.py(324):         self.buffer = data[consumed:]
codecs.py(325):         return result
s596991784.py(22):     aa=LI()
 --- modulename: s596991784, funcname: LI
s596991784.py(8): def LI(): return list(map(int, sys.stdin.readline().split()))
s596991784.py(23):     l=1
s596991784.py(24):     for a in aa:
s596991784.py(25):         l=lcm(l,a)
 --- modulename: s596991784, funcname: lcm
s596991784.py(17):     return a*b//gcd(a,b)
 --- modulename: s596991784, funcname: gcd
s596991784.py(13):     while b:a,b=b,a%b
s596991784.py(13):     while b:a,b=b,a%b
s596991784.py(13):     while b:a,b=b,a%b
s596991784.py(14):     return a
s596991784.py(24):     for a in aa:
s596991784.py(25):         l=lcm(l,a)
 --- modulename: s596991784, funcname: lcm
s596991784.py(17):     return a*b//gcd(a,b)
 --- modulename: s596991784, funcname: gcd
s596991784.py(13):     while b:a,b=b,a%b
s596991784.py(13):     while b:a,b=b,a%b
s596991784.py(13):     while b:a,b=b,a%b
s596991784.py(13):     while b:a,b=b,a%b
s596991784.py(14):     return a
s596991784.py(24):     for a in aa:
s596991784.py(25):         l=lcm(l,a)
 --- modulename: s596991784, funcname: lcm
s596991784.py(17):     return a*b//gcd(a,b)
 --- modulename: s596991784, funcname: gcd
s596991784.py(13):     while b:a,b=b,a%b
s596991784.py(13):     while b:a,b=b,a%b
s596991784.py(13):     while b:a,b=b,a%b
s596991784.py(14):     return a
s596991784.py(24):     for a in aa:
s596991784.py(26):     bb=[]
s596991784.py(27):     for a in aa:
s596991784.py(28):         bb.append(l//a)
s596991784.py(27):     for a in aa:
s596991784.py(28):         bb.append(l//a)
s596991784.py(27):     for a in aa:
s596991784.py(28):         bb.append(l//a)
s596991784.py(27):     for a in aa:
s596991784.py(29):     print(sum(bb)%md)
13
