 --- modulename: s600523074, funcname: <module>
s600523074.py(1): class Data:
 --- modulename: s600523074, funcname: Data
s600523074.py(1): class Data:
s600523074.py(2):     def __init__(self):
s600523074.py(5):     def printdata(self,sum):
s600523074.py(7):     def datain(self,name,time):
s600523074.py(11): def enqueue(Q,x):
s600523074.py(19): def dequeue():
s600523074.py(26): n,q = map(int,input().split())
 --- modulename: codecs, funcname: getstate
codecs.py(333):         return (self.buffer, 0)
 --- modulename: codecs, funcname: decode
codecs.py(321):         data = self.buffer + input
codecs.py(322):         (result, consumed) = self._buffer_decode(data, self.errors, final)
codecs.py(324):         self.buffer = data[consumed:]
codecs.py(325):         return result
s600523074.py(27): A = [Data()]
 --- modulename: s600523074, funcname: __init__
s600523074.py(3):         self.name = ""
s600523074.py(4):         self.time = -1
s600523074.py(28): head = 0
s600523074.py(29): tail = n
s600523074.py(30): sum = 0
s600523074.py(32): for i in range(n):
s600523074.py(33):     d = list(map(str,input().split()))
s600523074.py(34):     A.append(Data())
 --- modulename: s600523074, funcname: __init__
s600523074.py(3):         self.name = ""
s600523074.py(4):         self.time = -1
s600523074.py(35):     A[i].datain(d[0],d[1])
 --- modulename: s600523074, funcname: datain
s600523074.py(8):         self.name = name
s600523074.py(9):         self.time = int(time)
s600523074.py(32): for i in range(n):
s600523074.py(33):     d = list(map(str,input().split()))
s600523074.py(34):     A.append(Data())
 --- modulename: s600523074, funcname: __init__
s600523074.py(3):         self.name = ""
s600523074.py(4):         self.time = -1
s600523074.py(35):     A[i].datain(d[0],d[1])
 --- modulename: s600523074, funcname: datain
s600523074.py(8):         self.name = name
s600523074.py(9):         self.time = int(time)
s600523074.py(32): for i in range(n):
s600523074.py(33):     d = list(map(str,input().split()))
s600523074.py(34):     A.append(Data())
 --- modulename: s600523074, funcname: __init__
s600523074.py(3):         self.name = ""
s600523074.py(4):         self.time = -1
s600523074.py(35):     A[i].datain(d[0],d[1])
 --- modulename: s600523074, funcname: datain
s600523074.py(8):         self.name = name
s600523074.py(9):         self.time = int(time)
s600523074.py(32): for i in range(n):
s600523074.py(33):     d = list(map(str,input().split()))
s600523074.py(34):     A.append(Data())
 --- modulename: s600523074, funcname: __init__
s600523074.py(3):         self.name = ""
s600523074.py(4):         self.time = -1
s600523074.py(35):     A[i].datain(d[0],d[1])
 --- modulename: s600523074, funcname: datain
s600523074.py(8):         self.name = name
s600523074.py(9):         self.time = int(time)
s600523074.py(32): for i in range(n):
s600523074.py(33):     d = list(map(str,input().split()))
s600523074.py(34):     A.append(Data())
 --- modulename: s600523074, funcname: __init__
s600523074.py(3):         self.name = ""
s600523074.py(4):         self.time = -1
s600523074.py(35):     A[i].datain(d[0],d[1])
 --- modulename: s600523074, funcname: datain
s600523074.py(8):         self.name = name
s600523074.py(9):         self.time = int(time)
s600523074.py(32): for i in range(n):
s600523074.py(36): A.append(Data()) #要素数1追加
 --- modulename: s600523074, funcname: __init__
s600523074.py(3):         self.name = ""
s600523074.py(4):         self.time = -1
s600523074.py(38): while(head != tail):
s600523074.py(39):     if(A[head].time - q > 0):
s600523074.py(40):         A[head].time -= q
s600523074.py(41):         enqueue(A,A[head])
 --- modulename: s600523074, funcname: enqueue
s600523074.py(13):     Q[tail] = x
s600523074.py(14):     if(tail+1 == n+1):
s600523074.py(15):         tail = 0
s600523074.py(42):         dequeue()
 --- modulename: s600523074, funcname: dequeue
s600523074.py(21):     if(head+1 == n+1):
s600523074.py(24):         head += 1
s600523074.py(43):         sum += q
s600523074.py(38): while(head != tail):
s600523074.py(39):     if(A[head].time - q > 0):
s600523074.py(45):         sum += A[head].time
s600523074.py(46):         A[head].printdata(sum)
 --- modulename: s600523074, funcname: printdata
s600523074.py(6):         print(self.name,sum)
p2 180
s600523074.py(47):         dequeue()
 --- modulename: s600523074, funcname: dequeue
s600523074.py(21):     if(head+1 == n+1):
s600523074.py(24):         head += 1
s600523074.py(38): while(head != tail):
s600523074.py(39):     if(A[head].time - q > 0):
s600523074.py(40):         A[head].time -= q
s600523074.py(41):         enqueue(A,A[head])
 --- modulename: s600523074, funcname: enqueue
s600523074.py(13):     Q[tail] = x
s600523074.py(14):     if(tail+1 == n+1):
s600523074.py(17):         tail += 1
s600523074.py(42):         dequeue()
 --- modulename: s600523074, funcname: dequeue
s600523074.py(21):     if(head+1 == n+1):
s600523074.py(24):         head += 1
s600523074.py(43):         sum += q
s600523074.py(38): while(head != tail):
s600523074.py(39):     if(A[head].time - q > 0):
s600523074.py(40):         A[head].time -= q
s600523074.py(41):         enqueue(A,A[head])
 --- modulename: s600523074, funcname: enqueue
s600523074.py(13):     Q[tail] = x
s600523074.py(14):     if(tail+1 == n+1):
s600523074.py(17):         tail += 1
s600523074.py(42):         dequeue()
 --- modulename: s600523074, funcname: dequeue
s600523074.py(21):     if(head+1 == n+1):
s600523074.py(24):         head += 1
s600523074.py(43):         sum += q
s600523074.py(38): while(head != tail):
s600523074.py(39):     if(A[head].time - q > 0):
s600523074.py(45):         sum += A[head].time
s600523074.py(46):         A[head].printdata(sum)
 --- modulename: s600523074, funcname: printdata
s600523074.py(6):         print(self.name,sum)
p5 400
s600523074.py(47):         dequeue()
 --- modulename: s600523074, funcname: dequeue
s600523074.py(21):     if(head+1 == n+1):
s600523074.py(24):         head += 1
s600523074.py(38): while(head != tail):
s600523074.py(39):     if(A[head].time - q > 0):
s600523074.py(45):         sum += A[head].time
s600523074.py(46):         A[head].printdata(sum)
 --- modulename: s600523074, funcname: printdata
s600523074.py(6):         print(self.name,sum)
p1 450
s600523074.py(47):         dequeue()
 --- modulename: s600523074, funcname: dequeue
s600523074.py(21):     if(head+1 == n+1):
s600523074.py(22):         head = 0
s600523074.py(38): while(head != tail):
s600523074.py(39):     if(A[head].time - q > 0):
s600523074.py(45):         sum += A[head].time
s600523074.py(46):         A[head].printdata(sum)
 --- modulename: s600523074, funcname: printdata
s600523074.py(6):         print(self.name,sum)
p3 550
s600523074.py(47):         dequeue()
 --- modulename: s600523074, funcname: dequeue
s600523074.py(21):     if(head+1 == n+1):
s600523074.py(24):         head += 1
s600523074.py(38): while(head != tail):
s600523074.py(39):     if(A[head].time - q > 0):
s600523074.py(40):         A[head].time -= q
s600523074.py(41):         enqueue(A,A[head])
 --- modulename: s600523074, funcname: enqueue
s600523074.py(13):     Q[tail] = x
s600523074.py(14):     if(tail+1 == n+1):
s600523074.py(17):         tail += 1
s600523074.py(42):         dequeue()
 --- modulename: s600523074, funcname: dequeue
s600523074.py(21):     if(head+1 == n+1):
s600523074.py(24):         head += 1
s600523074.py(43):         sum += q
s600523074.py(38): while(head != tail):
s600523074.py(39):     if(A[head].time - q > 0):
s600523074.py(40):         A[head].time -= q
s600523074.py(41):         enqueue(A,A[head])
 --- modulename: s600523074, funcname: enqueue
s600523074.py(13):     Q[tail] = x
s600523074.py(14):     if(tail+1 == n+1):
s600523074.py(17):         tail += 1
s600523074.py(42):         dequeue()
 --- modulename: s600523074, funcname: dequeue
s600523074.py(21):     if(head+1 == n+1):
s600523074.py(24):         head += 1
s600523074.py(43):         sum += q
s600523074.py(38): while(head != tail):
s600523074.py(39):     if(A[head].time - q > 0):
s600523074.py(45):         sum += A[head].time
s600523074.py(46):         A[head].printdata(sum)
 --- modulename: s600523074, funcname: printdata
s600523074.py(6):         print(self.name,sum)
p4 800
s600523074.py(47):         dequeue()
 --- modulename: s600523074, funcname: dequeue
s600523074.py(21):     if(head+1 == n+1):
s600523074.py(24):         head += 1
s600523074.py(38): while(head != tail):
