 --- modulename: s601326960, funcname: <module>
s601326960.py(1): from collections import Counter
 --- modulename: _bootstrap, funcname: _handle_fromlist
<frozen importlib._bootstrap>(1043): <frozen importlib._bootstrap>(1044): <frozen importlib._bootstrap>(1051): <frozen importlib._bootstrap>(1055): <frozen importlib._bootstrap>(1043): <frozen importlib._bootstrap>(1067): s601326960.py(2): import sys
s601326960.py(3): def zur(z, xx):
s601326960.py(16): def xxxxx(z, xx):
s601326960.py(27): def mkxp(xs):
s601326960.py(39): i = input()
 --- modulename: codecs, funcname: getstate
codecs.py(333):         return (self.buffer, 0)
 --- modulename: codecs, funcname: decode
codecs.py(321):         data = self.buffer + input
codecs.py(322):         (result, consumed) = self._buffer_decode(data, self.errors, final)
codecs.py(324):         self.buffer = data[consumed:]
codecs.py(325):         return result
s601326960.py(40): xs = [int(x) for x in input().strip().split(" ")]
 --- modulename: s601326960, funcname: <listcomp>
s601326960.py(40): xs = [int(x) for x in input().strip().split(" ")]
s601326960.py(40): xs = [int(x) for x in input().strip().split(" ")]
s601326960.py(40): xs = [int(x) for x in input().strip().split(" ")]
s601326960.py(40): xs = [int(x) for x in input().strip().split(" ")]
s601326960.py(41): xp = mkxp(xs)
 --- modulename: s601326960, funcname: mkxp
s601326960.py(28):     xp = {}
s601326960.py(29):     for i, x in enumerate(xs):
s601326960.py(30):         i = i+1
s601326960.py(31):         if x > i:
s601326960.py(34):         if x not in xp:
s601326960.py(35):             xp[x] = list()
s601326960.py(36):         xp[x].append(i)
s601326960.py(29):     for i, x in enumerate(xs):
s601326960.py(30):         i = i+1
s601326960.py(31):         if x > i:
s601326960.py(34):         if x not in xp:
s601326960.py(35):             xp[x] = list()
s601326960.py(36):         xp[x].append(i)
s601326960.py(29):     for i, x in enumerate(xs):
s601326960.py(30):         i = i+1
s601326960.py(31):         if x > i:
s601326960.py(34):         if x not in xp:
s601326960.py(36):         xp[x].append(i)
s601326960.py(29):     for i, x in enumerate(xs):
s601326960.py(37):     return xp
s601326960.py(44): x = max(xs)
s601326960.py(45): xo = []
s601326960.py(46): xx = set()
s601326960.py(49):     last = len(xs)
s601326960.py(50):     if x == 0:
s601326960.py(52):     nxx = set()
s601326960.py(53):     if x in xp:
s601326960.py(54):         for i in xp[x]:
s601326960.py(55):             xxx = zur(x + last - i, xx)
 --- modulename: s601326960, funcname: zur
s601326960.py(4):     c = 0
s601326960.py(5):     k = 0
s601326960.py(6):     i = 0
s601326960.py(8):         i += 1
s601326960.py(9):         if i in xx:
s601326960.py(12):             k += 1
s601326960.py(13):         if k == z:
s601326960.py(8):         i += 1
s601326960.py(9):         if i in xx:
s601326960.py(12):             k += 1
s601326960.py(13):         if k == z:
s601326960.py(8):         i += 1
s601326960.py(9):         if i in xx:
s601326960.py(12):             k += 1
s601326960.py(13):         if k == z:
s601326960.py(14):             return z + c
s601326960.py(56):             xo.append((xxx, x))
s601326960.py(57):             nxx.add(xxx)
s601326960.py(54):         for i in xp[x]:
s601326960.py(58):         last -= len(xp[x])
s601326960.py(59):     xx = nxx | xx
s601326960.py(60):     xs = [int(i) for i in xs if i != x]
 --- modulename: s601326960, funcname: <listcomp>
s601326960.py(60):     xs = [int(i) for i in xs if i != x]
s601326960.py(60):     xs = [int(i) for i in xs if i != x]
s601326960.py(60):     xs = [int(i) for i in xs if i != x]
s601326960.py(60):     xs = [int(i) for i in xs if i != x]
s601326960.py(61):     xp = mkxp(xs)
 --- modulename: s601326960, funcname: mkxp
s601326960.py(28):     xp = {}
s601326960.py(29):     for i, x in enumerate(xs):
s601326960.py(30):         i = i+1
s601326960.py(31):         if x > i:
s601326960.py(34):         if x not in xp:
s601326960.py(35):             xp[x] = list()
s601326960.py(36):         xp[x].append(i)
s601326960.py(29):     for i, x in enumerate(xs):
s601326960.py(30):         i = i+1
s601326960.py(31):         if x > i:
s601326960.py(34):         if x not in xp:
s601326960.py(36):         xp[x].append(i)
s601326960.py(29):     for i, x in enumerate(xs):
s601326960.py(37):     return xp
s601326960.py(62):     x -= 1
s601326960.py(49):     last = len(xs)
s601326960.py(50):     if x == 0:
s601326960.py(52):     nxx = set()
s601326960.py(53):     if x in xp:
s601326960.py(54):         for i in xp[x]:
s601326960.py(55):             xxx = zur(x + last - i, xx)
 --- modulename: s601326960, funcname: zur
s601326960.py(4):     c = 0
s601326960.py(5):     k = 0
s601326960.py(6):     i = 0
s601326960.py(8):         i += 1
s601326960.py(9):         if i in xx:
s601326960.py(12):             k += 1
s601326960.py(13):         if k == z:
s601326960.py(8):         i += 1
s601326960.py(9):         if i in xx:
s601326960.py(12):             k += 1
s601326960.py(13):         if k == z:
s601326960.py(14):             return z + c
s601326960.py(56):             xo.append((xxx, x))
s601326960.py(57):             nxx.add(xxx)
s601326960.py(54):         for i in xp[x]:
s601326960.py(55):             xxx = zur(x + last - i, xx)
 --- modulename: s601326960, funcname: zur
s601326960.py(4):     c = 0
s601326960.py(5):     k = 0
s601326960.py(6):     i = 0
s601326960.py(8):         i += 1
s601326960.py(9):         if i in xx:
s601326960.py(12):             k += 1
s601326960.py(13):         if k == z:
s601326960.py(14):             return z + c
s601326960.py(56):             xo.append((xxx, x))
s601326960.py(57):             nxx.add(xxx)
s601326960.py(54):         for i in xp[x]:
s601326960.py(58):         last -= len(xp[x])
s601326960.py(59):     xx = nxx | xx
s601326960.py(60):     xs = [int(i) for i in xs if i != x]
 --- modulename: s601326960, funcname: <listcomp>
s601326960.py(60):     xs = [int(i) for i in xs if i != x]
s601326960.py(60):     xs = [int(i) for i in xs if i != x]
s601326960.py(60):     xs = [int(i) for i in xs if i != x]
s601326960.py(61):     xp = mkxp(xs)
 --- modulename: s601326960, funcname: mkxp
s601326960.py(28):     xp = {}
s601326960.py(29):     for i, x in enumerate(xs):
s601326960.py(37):     return xp
s601326960.py(62):     x -= 1
s601326960.py(49):     last = len(xs)
s601326960.py(50):     if x == 0:
s601326960.py(51):         break
s601326960.py(64): for i, x in sorted(xo, key=lambda x:x[0]):
 --- modulename: s601326960, funcname: <lambda>
s601326960.py(64): for i, x in sorted(xo, key=lambda x:x[0]):
 --- modulename: s601326960, funcname: <lambda>
s601326960.py(64): for i, x in sorted(xo, key=lambda x:x[0]):
 --- modulename: s601326960, funcname: <lambda>
s601326960.py(64): for i, x in sorted(xo, key=lambda x:x[0]):
s601326960.py(65):     print(x)
1
s601326960.py(64): for i, x in sorted(xo, key=lambda x:x[0]):
s601326960.py(65):     print(x)
1
s601326960.py(64): for i, x in sorted(xo, key=lambda x:x[0]):
s601326960.py(65):     print(x)
2
s601326960.py(64): for i, x in sorted(xo, key=lambda x:x[0]):
