 --- modulename: s602322770, funcname: <module>
s602322770.py(1): import sys
s602322770.py(2): input = sys.stdin.readline
s602322770.py(4): _a, _b = map(int, input().split())
 --- modulename: codecs, funcname: getstate
codecs.py(333):         return (self.buffer, 0)
 --- modulename: codecs, funcname: decode
codecs.py(321):         data = self.buffer + input
codecs.py(322):         (result, consumed) = self._buffer_decode(data, self.errors, final)
codecs.py(324):         self.buffer = data[consumed:]
codecs.py(325):         return result
s602322770.py(7): def gcd(a, b):
s602322770.py(14): def get_divisor(a):
s602322770.py(25): def chker(a, b):
s602322770.py(47): chker(_a, _b)
 --- modulename: s602322770, funcname: chker
s602322770.py(26):     a, b = min(a, b), max(a, b)
s602322770.py(27):     mindiv = get_divisor(a)
 --- modulename: s602322770, funcname: get_divisor
s602322770.py(15):     dvlist = []
s602322770.py(16):     for i in range(1, int(a ** 0.5) + 1):
s602322770.py(17):         if a % i == 0:
s602322770.py(18):             dvlist.append(i)
s602322770.py(19):             if i != a // i:
s602322770.py(20):                 dvlist.append(a // i)
s602322770.py(16):     for i in range(1, int(a ** 0.5) + 1):
s602322770.py(17):         if a % i == 0:
s602322770.py(18):             dvlist.append(i)
s602322770.py(19):             if i != a // i:
s602322770.py(20):                 dvlist.append(a // i)
s602322770.py(16):     for i in range(1, int(a ** 0.5) + 1):
s602322770.py(17):         if a % i == 0:
s602322770.py(18):             dvlist.append(i)
s602322770.py(19):             if i != a // i:
s602322770.py(20):                 dvlist.append(a // i)
s602322770.py(16):     for i in range(1, int(a ** 0.5) + 1):
s602322770.py(22):     return sorted(dvlist)
s602322770.py(28):     shdvlist = [item for item in mindiv if b % item == 0]
 --- modulename: s602322770, funcname: <listcomp>
s602322770.py(28):     shdvlist = [item for item in mindiv if b % item == 0]
s602322770.py(28):     shdvlist = [item for item in mindiv if b % item == 0]
s602322770.py(28):     shdvlist = [item for item in mindiv if b % item == 0]
s602322770.py(28):     shdvlist = [item for item in mindiv if b % item == 0]
s602322770.py(28):     shdvlist = [item for item in mindiv if b % item == 0]
s602322770.py(28):     shdvlist = [item for item in mindiv if b % item == 0]
s602322770.py(28):     shdvlist = [item for item in mindiv if b % item == 0]
s602322770.py(29):     if len(shdvlist) < 3:
s602322770.py(33):     slist, shdvlist = [shdvlist[1]], shdvlist[1:]
s602322770.py(34):     for item1 in shdvlist:
s602322770.py(35):         flg = 0
s602322770.py(36):         for item2 in slist:
s602322770.py(37):             if item1 % item2 == 0:
s602322770.py(38):                 flg = 1
s602322770.py(39):                 break
s602322770.py(41):         if flg == 0:
s602322770.py(34):     for item1 in shdvlist:
s602322770.py(35):         flg = 0
s602322770.py(36):         for item2 in slist:
s602322770.py(37):             if item1 % item2 == 0:
s602322770.py(36):         for item2 in slist:
s602322770.py(41):         if flg == 0:
s602322770.py(42):             slist.append(item1)
s602322770.py(34):     for item1 in shdvlist:
s602322770.py(35):         flg = 0
s602322770.py(36):         for item2 in slist:
s602322770.py(37):             if item1 % item2 == 0:
s602322770.py(38):                 flg = 1
s602322770.py(39):                 break
s602322770.py(41):         if flg == 0:
s602322770.py(34):     for item1 in shdvlist:
s602322770.py(44):     print(len(slist) + 1)
3
