 --- modulename: s602025554, funcname: <module>
s602025554.py(3): import sys
s602025554.py(4): sys.setrecursionlimit(300000)
s602025554.py(6): YES = "YES"  # type: str
s602025554.py(7): NO = "NO"  # type: str
s602025554.py(9): def solve(A: int, V: int, B: int, W: int, T: int):
s602025554.py(18): def main():
s602025554.py(31): if __name__ == '__main__':
s602025554.py(32):     main()
 --- modulename: s602025554, funcname: main
s602025554.py(19):     def iterate_tokens():
s602025554.py(23):     tokens = iterate_tokens()
s602025554.py(24):     A = int(next(tokens))  # type: int
 --- modulename: s602025554, funcname: iterate_tokens
s602025554.py(20):         for line in sys.stdin:
 --- modulename: codecs, funcname: decode
codecs.py(321):         data = self.buffer + input
codecs.py(322):         (result, consumed) = self._buffer_decode(data, self.errors, final)
codecs.py(324):         self.buffer = data[consumed:]
codecs.py(325):         return result
s602025554.py(21):             for word in line.split():
s602025554.py(22):                 yield word
s602025554.py(25):     V = int(next(tokens))  # type: int
 --- modulename: s602025554, funcname: iterate_tokens
s602025554.py(21):             for word in line.split():
s602025554.py(22):                 yield word
s602025554.py(26):     B = int(next(tokens))  # type: int
 --- modulename: s602025554, funcname: iterate_tokens
s602025554.py(21):             for word in line.split():
s602025554.py(20):         for line in sys.stdin:
s602025554.py(21):             for word in line.split():
s602025554.py(22):                 yield word
s602025554.py(27):     W = int(next(tokens))  # type: int
 --- modulename: s602025554, funcname: iterate_tokens
s602025554.py(21):             for word in line.split():
s602025554.py(22):                 yield word
s602025554.py(28):     T = int(next(tokens))  # type: int
 --- modulename: s602025554, funcname: iterate_tokens
s602025554.py(21):             for word in line.split():
s602025554.py(20):         for line in sys.stdin:
s602025554.py(21):             for word in line.split():
s602025554.py(22):                 yield word
s602025554.py(29):     solve(A, V, B, W, T)
 --- modulename: s602025554, funcname: solve
s602025554.py(10):     d = abs(A - B)
s602025554.py(11):     if V > W and d / (V - W) <= T:
s602025554.py(12):         ret = YES
s602025554.py(15):     print(ret)
YES
s602025554.py(16):     return
 --- modulename: s602025554, funcname: iterate_tokens
