 --- modulename: s892078602, funcname: <module>
s892078602.py(1): import sys
s892078602.py(2): stdin = sys.stdin
s892078602.py(4): def li(): return map(int, stdin.readline().split())
s892078602.py(5): def li_(): return map(lambda x: int(x)-1, stdin.readline().split())
s892078602.py(6): def lf(): return map(float, stdin.readline().split())
s892078602.py(7): def ls(): return stdin.readline().split()
s892078602.py(8): def ns(): return stdin.readline().rstrip()
s892078602.py(9): def lc(): return list(ns())
s892078602.py(10): def ni(): return int(stdin.readline())
s892078602.py(11): def nf(): return float(stdin.readline())
s892078602.py(13): s = lc()
 --- modulename: s892078602, funcname: lc
s892078602.py(9): def lc(): return list(ns())
 --- modulename: s892078602, funcname: ns
s892078602.py(8): def ns(): return stdin.readline().rstrip()
 --- modulename: codecs, funcname: getstate
codecs.py(333):         return (self.buffer, 0)
 --- modulename: codecs, funcname: decode
codecs.py(321):         data = self.buffer + input
codecs.py(322):         (result, consumed) = self._buffer_decode(data, self.errors, final)
codecs.py(324):         self.buffer = data[consumed:]
codecs.py(325):         return result
s892078602.py(14): x,y = li()
 --- modulename: s892078602, funcname: li
s892078602.py(4): def li(): return map(int, stdin.readline().split())
s892078602.py(18): command = []
s892078602.py(19): last = ""
s892078602.py(20): com = ""
s892078602.py(21): cnt = 0
s892078602.py(22): for i, si in enumerate(s):
s892078602.py(23):     if si != last:
s892078602.py(24):         if i != 0:
s892078602.py(26):         cnt = 1
s892078602.py(27):         com = si
s892078602.py(28):         last = si
s892078602.py(34):     if i == len(s)-1:
s892078602.py(22): for i, si in enumerate(s):
s892078602.py(23):     if si != last:
s892078602.py(24):         if i != 0:
s892078602.py(25):             command.append((com, cnt))
s892078602.py(26):         cnt = 1
s892078602.py(27):         com = si
s892078602.py(28):         last = si
s892078602.py(34):     if i == len(s)-1:
s892078602.py(22): for i, si in enumerate(s):
s892078602.py(23):     if si != last:
s892078602.py(24):         if i != 0:
s892078602.py(25):             command.append((com, cnt))
s892078602.py(26):         cnt = 1
s892078602.py(27):         com = si
s892078602.py(28):         last = si
s892078602.py(34):     if i == len(s)-1:
s892078602.py(22): for i, si in enumerate(s):
s892078602.py(23):     if si != last:
s892078602.py(31):         cnt += 1
s892078602.py(32):         last = si
s892078602.py(34):     if i == len(s)-1:
s892078602.py(22): for i, si in enumerate(s):
s892078602.py(23):     if si != last:
s892078602.py(24):         if i != 0:
s892078602.py(25):             command.append((com, cnt))
s892078602.py(26):         cnt = 1
s892078602.py(27):         com = si
s892078602.py(28):         last = si
s892078602.py(34):     if i == len(s)-1:
s892078602.py(22): for i, si in enumerate(s):
s892078602.py(23):     if si != last:
s892078602.py(24):         if i != 0:
s892078602.py(25):             command.append((com, cnt))
s892078602.py(26):         cnt = 1
s892078602.py(27):         com = si
s892078602.py(28):         last = si
s892078602.py(34):     if i == len(s)-1:
s892078602.py(22): for i, si in enumerate(s):
s892078602.py(23):     if si != last:
s892078602.py(31):         cnt += 1
s892078602.py(32):         last = si
s892078602.py(34):     if i == len(s)-1:
s892078602.py(22): for i, si in enumerate(s):
s892078602.py(23):     if si != last:
s892078602.py(31):         cnt += 1
s892078602.py(32):         last = si
s892078602.py(34):     if i == len(s)-1:
s892078602.py(35):         command.append((com, cnt))
s892078602.py(22): for i, si in enumerate(s):
s892078602.py(39): isx = 1
s892078602.py(40): if command[0][0] == "F":
s892078602.py(41):     x_cand = set([command[0][1]])
s892078602.py(42):     y_cand = set([0])
s892078602.py(43):     command = command[1:]
s892078602.py(48): for cmd, cnt in command:
s892078602.py(49):     if cmd == 'F':
s892078602.py(55):     elif cmd == 'T':
s892078602.py(56):         if cnt%2 == 1:
s892078602.py(57):             isx *= -1
s892078602.py(48): for cmd, cnt in command:
s892078602.py(49):     if cmd == 'F':
s892078602.py(50):         if isx == 1:
s892078602.py(52):         elif isx == -1:
s892078602.py(53):             y_cand = set([yi+cnt for yi in y_cand]) | set([yi-cnt for yi in y_cand])
 --- modulename: s892078602, funcname: <listcomp>
s892078602.py(53):             y_cand = set([yi+cnt for yi in y_cand]) | set([yi-cnt for yi in y_cand])
s892078602.py(53):             y_cand = set([yi+cnt for yi in y_cand]) | set([yi-cnt for yi in y_cand])
 --- modulename: s892078602, funcname: <listcomp>
s892078602.py(53):             y_cand = set([yi+cnt for yi in y_cand]) | set([yi-cnt for yi in y_cand])
s892078602.py(53):             y_cand = set([yi+cnt for yi in y_cand]) | set([yi-cnt for yi in y_cand])
s892078602.py(48): for cmd, cnt in command:
s892078602.py(49):     if cmd == 'F':
s892078602.py(55):     elif cmd == 'T':
s892078602.py(56):         if cnt%2 == 1:
s892078602.py(57):             isx *= -1
s892078602.py(48): for cmd, cnt in command:
s892078602.py(49):     if cmd == 'F':
s892078602.py(50):         if isx == 1:
s892078602.py(51):             x_cand = set([xi+cnt for xi in x_cand]) | set([xi-cnt for xi in x_cand])
 --- modulename: s892078602, funcname: <listcomp>
s892078602.py(51):             x_cand = set([xi+cnt for xi in x_cand]) | set([xi-cnt for xi in x_cand])
s892078602.py(51):             x_cand = set([xi+cnt for xi in x_cand]) | set([xi-cnt for xi in x_cand])
 --- modulename: s892078602, funcname: <listcomp>
s892078602.py(51):             x_cand = set([xi+cnt for xi in x_cand]) | set([xi-cnt for xi in x_cand])
s892078602.py(51):             x_cand = set([xi+cnt for xi in x_cand]) | set([xi-cnt for xi in x_cand])
s892078602.py(48): for cmd, cnt in command:
s892078602.py(59): if x in x_cand and y in y_cand:
s892078602.py(60):     print('Yes')
Yes
