 --- modulename: s892817156, funcname: <module>
s892817156.py(1): import sys
s892817156.py(3): read = sys.stdin.read
s892817156.py(4): readline = sys.stdin.readline
s892817156.py(5): readlines = sys.stdin.readlines
s892817156.py(6): sys.setrecursionlimit(10 ** 9)
s892817156.py(7): INF = 1 << 60
s892817156.py(8): MOD = 1000000007
s892817156.py(11): class BIT:
 --- modulename: s892817156, funcname: BIT
s892817156.py(11): class BIT:
s892817156.py(12):     def __init__(self, n):
s892817156.py(16):     def add(self, i, x=1):
s892817156.py(22):     def get_sum(self, i):
s892817156.py(31):     def get_sum_range(self, l, r):
s892817156.py(35): def main():
s892817156.py(67): if __name__ == '__main__':
s892817156.py(68):     main()
 --- modulename: s892817156, funcname: main
s892817156.py(36):     N, Q = map(int, readline().split())
 --- modulename: codecs, funcname: getstate
codecs.py(333):         return (self.buffer, 0)
 --- modulename: codecs, funcname: decode
codecs.py(321):         data = self.buffer + input
codecs.py(322):         (result, consumed) = self._buffer_decode(data, self.errors, final)
codecs.py(324):         self.buffer = data[consumed:]
codecs.py(325):         return result
s892817156.py(37):     C = list(map(int, readline().split()))
s892817156.py(38):     LR = map(int, read().split())
 --- modulename: codecs, funcname: decode
codecs.py(321):         data = self.buffer + input
codecs.py(322):         (result, consumed) = self._buffer_decode(data, self.errors, final)
codecs.py(324):         self.buffer = data[consumed:]
codecs.py(325):         return result
s892817156.py(40):     prev = [-1] * (N + 1)
s892817156.py(41):     ps = [[] for _ in range(N)]
 --- modulename: s892817156, funcname: <listcomp>
s892817156.py(41):     ps = [[] for _ in range(N)]
s892817156.py(41):     ps = [[] for _ in range(N)]
s892817156.py(41):     ps = [[] for _ in range(N)]
s892817156.py(41):     ps = [[] for _ in range(N)]
s892817156.py(41):     ps = [[] for _ in range(N)]
s892817156.py(42):     for i, c in enumerate(C):
s892817156.py(43):         if prev[c] != -1:
s892817156.py(45):         prev[c] = i
s892817156.py(42):     for i, c in enumerate(C):
s892817156.py(43):         if prev[c] != -1:
s892817156.py(45):         prev[c] = i
s892817156.py(42):     for i, c in enumerate(C):
s892817156.py(43):         if prev[c] != -1:
s892817156.py(44):             ps[prev[c]].append(i)
s892817156.py(45):         prev[c] = i
s892817156.py(42):     for i, c in enumerate(C):
s892817156.py(43):         if prev[c] != -1:
s892817156.py(45):         prev[c] = i
s892817156.py(42):     for i, c in enumerate(C):
s892817156.py(47):     qs = [[] for _ in range(N + 1)]
 --- modulename: s892817156, funcname: <listcomp>
s892817156.py(47):     qs = [[] for _ in range(N + 1)]
s892817156.py(47):     qs = [[] for _ in range(N + 1)]
s892817156.py(47):     qs = [[] for _ in range(N + 1)]
s892817156.py(47):     qs = [[] for _ in range(N + 1)]
s892817156.py(47):     qs = [[] for _ in range(N + 1)]
s892817156.py(47):     qs = [[] for _ in range(N + 1)]
s892817156.py(48):     for i, (l, r) in enumerate(zip(*[iter(LR)] * 2)):
s892817156.py(49):         l -= 1
s892817156.py(50):         r -= 1
s892817156.py(51):         qs[l].append((r, i))
s892817156.py(48):     for i, (l, r) in enumerate(zip(*[iter(LR)] * 2)):
s892817156.py(49):         l -= 1
s892817156.py(50):         r -= 1
s892817156.py(51):         qs[l].append((r, i))
s892817156.py(48):     for i, (l, r) in enumerate(zip(*[iter(LR)] * 2)):
s892817156.py(49):         l -= 1
s892817156.py(50):         r -= 1
s892817156.py(51):         qs[l].append((r, i))
s892817156.py(48):     for i, (l, r) in enumerate(zip(*[iter(LR)] * 2)):
s892817156.py(53):     ans = [0] * Q
s892817156.py(54):     bit = BIT(N)
 --- modulename: s892817156, funcname: __init__
s892817156.py(13):         self.n = n
s892817156.py(14):         self.data = [0] * (n + 1)
s892817156.py(56):     for l in range(N - 1, -1, -1):
s892817156.py(57):         for r in ps[l]:
s892817156.py(59):         for r, i in qs[l]:
s892817156.py(56):     for l in range(N - 1, -1, -1):
s892817156.py(57):         for r in ps[l]:
s892817156.py(59):         for r, i in qs[l]:
s892817156.py(60):             ans[i] = (r - l + 1) - bit.get_sum(r)
 --- modulename: s892817156, funcname: get_sum
s892817156.py(23):         i += 1
s892817156.py(24):         x = 0
s892817156.py(25):         while i > 0:
s892817156.py(26):             x += self.data[i]
s892817156.py(27):             i -= i & -i
s892817156.py(25):         while i > 0:
s892817156.py(26):             x += self.data[i]
s892817156.py(27):             i -= i & -i
s892817156.py(25):         while i > 0:
s892817156.py(28):         return x
s892817156.py(59):         for r, i in qs[l]:
s892817156.py(56):     for l in range(N - 1, -1, -1):
s892817156.py(57):         for r in ps[l]:
s892817156.py(59):         for r, i in qs[l]:
s892817156.py(60):             ans[i] = (r - l + 1) - bit.get_sum(r)
 --- modulename: s892817156, funcname: get_sum
s892817156.py(23):         i += 1
s892817156.py(24):         x = 0
s892817156.py(25):         while i > 0:
s892817156.py(26):             x += self.data[i]
s892817156.py(27):             i -= i & -i
s892817156.py(25):         while i > 0:
s892817156.py(28):         return x
s892817156.py(59):         for r, i in qs[l]:
s892817156.py(56):     for l in range(N - 1, -1, -1):
s892817156.py(57):         for r in ps[l]:
s892817156.py(58):             bit.add(r)
 --- modulename: s892817156, funcname: add
s892817156.py(17):         i += 1
s892817156.py(18):         while i <= self.n:
s892817156.py(19):             self.data[i] += x
s892817156.py(20):             i += i & -i
s892817156.py(18):         while i <= self.n:
s892817156.py(19):             self.data[i] += x
s892817156.py(20):             i += i & -i
s892817156.py(18):         while i <= self.n:
s892817156.py(57):         for r in ps[l]:
s892817156.py(59):         for r, i in qs[l]:
s892817156.py(60):             ans[i] = (r - l + 1) - bit.get_sum(r)
 --- modulename: s892817156, funcname: get_sum
s892817156.py(23):         i += 1
s892817156.py(24):         x = 0
s892817156.py(25):         while i > 0:
s892817156.py(26):             x += self.data[i]
s892817156.py(27):             i -= i & -i
s892817156.py(25):         while i > 0:
s892817156.py(26):             x += self.data[i]
s892817156.py(27):             i -= i & -i
s892817156.py(25):         while i > 0:
s892817156.py(28):         return x
s892817156.py(59):         for r, i in qs[l]:
s892817156.py(56):     for l in range(N - 1, -1, -1):
s892817156.py(62):     print(*ans, sep='\n')
2
3
1
s892817156.py(64):     return
