 --- modulename: s894271271, funcname: <module>
s894271271.py(1): def partition(A,p,r):
s894271271.py(11): def quicksort(A,p,r):
s894271271.py(17): class checkstable:
 --- modulename: s894271271, funcname: checkstable
s894271271.py(17): class checkstable:
s894271271.py(18):     def __init__(self):
s894271271.py(20):     def storecards(self,A):
s894271271.py(27):     def isstable(self,A):
s894271271.py(33): n = int(input())
 --- modulename: codecs, funcname: getstate
codecs.py(333):         return (self.buffer, 0)
 --- modulename: codecs, funcname: decode
codecs.py(321):         data = self.buffer + input
codecs.py(322):         (result, consumed) = self._buffer_decode(data, self.errors, final)
codecs.py(324):         self.buffer = data[consumed:]
codecs.py(325):         return result
s894271271.py(34): A = []
s894271271.py(35): for _ in range(n):
s894271271.py(36):    mark,num = input().split()
s894271271.py(37):    num = int(num)
s894271271.py(38):    A.append([mark,num])
s894271271.py(35): for _ in range(n):
s894271271.py(36):    mark,num = input().split()
s894271271.py(37):    num = int(num)
s894271271.py(38):    A.append([mark,num])
s894271271.py(35): for _ in range(n):
s894271271.py(36):    mark,num = input().split()
s894271271.py(37):    num = int(num)
s894271271.py(38):    A.append([mark,num])
s894271271.py(35): for _ in range(n):
s894271271.py(36):    mark,num = input().split()
s894271271.py(37):    num = int(num)
s894271271.py(38):    A.append([mark,num])
s894271271.py(35): for _ in range(n):
s894271271.py(36):    mark,num = input().split()
s894271271.py(37):    num = int(num)
s894271271.py(38):    A.append([mark,num])
s894271271.py(35): for _ in range(n):
s894271271.py(36):    mark,num = input().split()
s894271271.py(37):    num = int(num)
s894271271.py(38):    A.append([mark,num])
s894271271.py(35): for _ in range(n):
s894271271.py(39): quick = checkstable()
 --- modulename: s894271271, funcname: __init__
s894271271.py(19):         self.d = {}
s894271271.py(40): quick.storecards(A)
 --- modulename: s894271271, funcname: storecards
s894271271.py(21):         for i in range(len(A)):
s894271271.py(22):             if A[i][1] in self.d:
s894271271.py(25):                  self.d[A[i][1]] = [(A[i][0])]
s894271271.py(21):         for i in range(len(A)):
s894271271.py(22):             if A[i][1] in self.d:
s894271271.py(25):                  self.d[A[i][1]] = [(A[i][0])]
s894271271.py(21):         for i in range(len(A)):
s894271271.py(22):             if A[i][1] in self.d:
s894271271.py(25):                  self.d[A[i][1]] = [(A[i][0])]
s894271271.py(21):         for i in range(len(A)):
s894271271.py(22):             if A[i][1] in self.d:
s894271271.py(23):                 self.d[A[i][1]].append(A[i][0])
s894271271.py(21):         for i in range(len(A)):
s894271271.py(22):             if A[i][1] in self.d:
s894271271.py(23):                 self.d[A[i][1]].append(A[i][0])
s894271271.py(21):         for i in range(len(A)):
s894271271.py(22):             if A[i][1] in self.d:
s894271271.py(23):                 self.d[A[i][1]].append(A[i][0])
s894271271.py(21):         for i in range(len(A)):
s894271271.py(42): quicksort(A,0,n - 1)
 --- modulename: s894271271, funcname: quicksort
s894271271.py(12):     if p < r:
s894271271.py(13):         q = partition(A,p,r)
 --- modulename: s894271271, funcname: partition
s894271271.py(2):     x = A[r][1]
s894271271.py(3):     i = p - 1
s894271271.py(4):     for j in range(p,r):
s894271271.py(5):       if A[j][1] <= x:
s894271271.py(4):     for j in range(p,r):
s894271271.py(5):       if A[j][1] <= x:
s894271271.py(4):     for j in range(p,r):
s894271271.py(5):       if A[j][1] <= x:
s894271271.py(6):           i += 1
s894271271.py(7):           A[i],A[j] = A[j], A[i]
s894271271.py(4):     for j in range(p,r):
s894271271.py(5):       if A[j][1] <= x:
s894271271.py(4):     for j in range(p,r):
s894271271.py(5):       if A[j][1] <= x:
s894271271.py(4):     for j in range(p,r):
s894271271.py(8):     A[i+1],A[r] = A[r],A[i+1]
s894271271.py(9):     return i+1
s894271271.py(14):         quicksort(A,p,q-1)
 --- modulename: s894271271, funcname: quicksort
s894271271.py(12):     if p < r:
s894271271.py(15):         quicksort(A,q+1,r)
 --- modulename: s894271271, funcname: quicksort
s894271271.py(12):     if p < r:
s894271271.py(13):         q = partition(A,p,r)
 --- modulename: s894271271, funcname: partition
s894271271.py(2):     x = A[r][1]
s894271271.py(3):     i = p - 1
s894271271.py(4):     for j in range(p,r):
s894271271.py(5):       if A[j][1] <= x:
s894271271.py(4):     for j in range(p,r):
s894271271.py(5):       if A[j][1] <= x:
s894271271.py(4):     for j in range(p,r):
s894271271.py(5):       if A[j][1] <= x:
s894271271.py(6):           i += 1
s894271271.py(7):           A[i],A[j] = A[j], A[i]
s894271271.py(4):     for j in range(p,r):
s894271271.py(8):     A[i+1],A[r] = A[r],A[i+1]
s894271271.py(9):     return i+1
s894271271.py(14):         quicksort(A,p,q-1)
 --- modulename: s894271271, funcname: quicksort
s894271271.py(12):     if p < r:
s894271271.py(15):         quicksort(A,q+1,r)
 --- modulename: s894271271, funcname: quicksort
s894271271.py(12):     if p < r:
s894271271.py(13):         q = partition(A,p,r)
 --- modulename: s894271271, funcname: partition
s894271271.py(2):     x = A[r][1]
s894271271.py(3):     i = p - 1
s894271271.py(4):     for j in range(p,r):
s894271271.py(5):       if A[j][1] <= x:
s894271271.py(6):           i += 1
s894271271.py(7):           A[i],A[j] = A[j], A[i]
s894271271.py(4):     for j in range(p,r):
s894271271.py(8):     A[i+1],A[r] = A[r],A[i+1]
s894271271.py(9):     return i+1
s894271271.py(14):         quicksort(A,p,q-1)
 --- modulename: s894271271, funcname: quicksort
s894271271.py(12):     if p < r:
s894271271.py(15):         quicksort(A,q+1,r)
 --- modulename: s894271271, funcname: quicksort
s894271271.py(12):     if p < r:
s894271271.py(43): stable = quick.isstable(A)
 --- modulename: s894271271, funcname: isstable
s894271271.py(28):         for i in range(len(A)):
s894271271.py(29):             if self.d[A[i][1]].pop(0) != A[i][0]:
s894271271.py(28):         for i in range(len(A)):
s894271271.py(29):             if self.d[A[i][1]].pop(0) != A[i][0]:
s894271271.py(28):         for i in range(len(A)):
s894271271.py(29):             if self.d[A[i][1]].pop(0) != A[i][0]:
s894271271.py(30):                       return "Not stable"
s894271271.py(44): print(stable)
Not stable
s894271271.py(45): for i in range(n):
s894271271.py(46):    print(*A[i])
D 1
s894271271.py(45): for i in range(n):
s894271271.py(46):    print(*A[i])
C 1
s894271271.py(45): for i in range(n):
s894271271.py(46):    print(*A[i])
D 2
s894271271.py(45): for i in range(n):
s894271271.py(46):    print(*A[i])
H 2
s894271271.py(45): for i in range(n):
s894271271.py(46):    print(*A[i])
D 3
s894271271.py(45): for i in range(n):
s894271271.py(46):    print(*A[i])
S 3
s894271271.py(45): for i in range(n):
