 --- modulename: s898422021, funcname: <module>
s898422021.py(1): def main():
s898422021.py(11): def root(x):
s898422021.py(17): def same(x, y):
s898422021.py(22): def unite(x, y):
s898422021.py(28): if __name__ == "__main__":
s898422021.py(29):     n, m = map(int, input().split())
 --- modulename: codecs, funcname: getstate
codecs.py(333):         return (self.buffer, 0)
 --- modulename: codecs, funcname: decode
codecs.py(321):         data = self.buffer + input
codecs.py(322):         (result, consumed) = self._buffer_decode(data, self.errors, final)
codecs.py(324):         self.buffer = data[consumed:]
codecs.py(325):         return result
s898422021.py(30):     p = [0] + list(map(int, input().split()))
s898422021.py(31):     par = list(range(n+1))
s898422021.py(32):     main()
 --- modulename: s898422021, funcname: main
s898422021.py(2):     cnt = 0
s898422021.py(3):     for _ in range(m):
s898422021.py(4):         x, y = map(int, input().split())
s898422021.py(5):         unite(x, y)
 --- modulename: s898422021, funcname: unite
s898422021.py(23):     x = root(x)
 --- modulename: s898422021, funcname: root
s898422021.py(12):     if par[x] == x:
s898422021.py(13):         return x
s898422021.py(24):     y = root(y)
 --- modulename: s898422021, funcname: root
s898422021.py(12):     if par[x] == x:
s898422021.py(13):         return x
s898422021.py(25):     if x != y:
s898422021.py(26):         par[x] = y
s898422021.py(3):     for _ in range(m):
s898422021.py(4):         x, y = map(int, input().split())
s898422021.py(5):         unite(x, y)
 --- modulename: s898422021, funcname: unite
s898422021.py(23):     x = root(x)
 --- modulename: s898422021, funcname: root
s898422021.py(12):     if par[x] == x:
s898422021.py(13):         return x
s898422021.py(24):     y = root(y)
 --- modulename: s898422021, funcname: root
s898422021.py(12):     if par[x] == x:
s898422021.py(13):         return x
s898422021.py(25):     if x != y:
s898422021.py(26):         par[x] = y
s898422021.py(3):     for _ in range(m):
s898422021.py(6):     for i in range(1, n+1):
s898422021.py(7):         if same(i, p[i]):
 --- modulename: s898422021, funcname: same
s898422021.py(18):     rx = root(x)
 --- modulename: s898422021, funcname: root
s898422021.py(12):     if par[x] == x:
s898422021.py(14):     par[x] = root(par[x])
 --- modulename: s898422021, funcname: root
s898422021.py(12):     if par[x] == x:
s898422021.py(13):         return x
s898422021.py(15):     return par[x]
s898422021.py(19):     ry = root(y)
 --- modulename: s898422021, funcname: root
s898422021.py(12):     if par[x] == x:
s898422021.py(14):     par[x] = root(par[x])
 --- modulename: s898422021, funcname: root
s898422021.py(12):     if par[x] == x:
s898422021.py(13):         return x
s898422021.py(15):     return par[x]
s898422021.py(20):     return rx == ry
s898422021.py(6):     for i in range(1, n+1):
s898422021.py(7):         if same(i, p[i]):
 --- modulename: s898422021, funcname: same
s898422021.py(18):     rx = root(x)
 --- modulename: s898422021, funcname: root
s898422021.py(12):     if par[x] == x:
s898422021.py(13):         return x
s898422021.py(19):     ry = root(y)
 --- modulename: s898422021, funcname: root
s898422021.py(12):     if par[x] == x:
s898422021.py(13):         return x
s898422021.py(20):     return rx == ry
s898422021.py(6):     for i in range(1, n+1):
s898422021.py(7):         if same(i, p[i]):
 --- modulename: s898422021, funcname: same
s898422021.py(18):     rx = root(x)
 --- modulename: s898422021, funcname: root
s898422021.py(12):     if par[x] == x:
s898422021.py(13):         return x
s898422021.py(19):     ry = root(y)
 --- modulename: s898422021, funcname: root
s898422021.py(12):     if par[x] == x:
s898422021.py(14):     par[x] = root(par[x])
 --- modulename: s898422021, funcname: root
s898422021.py(12):     if par[x] == x:
s898422021.py(13):         return x
s898422021.py(15):     return par[x]
s898422021.py(20):     return rx == ry
s898422021.py(8):             cnt += 1
s898422021.py(6):     for i in range(1, n+1):
s898422021.py(7):         if same(i, p[i]):
 --- modulename: s898422021, funcname: same
s898422021.py(18):     rx = root(x)
 --- modulename: s898422021, funcname: root
s898422021.py(12):     if par[x] == x:
s898422021.py(13):         return x
s898422021.py(19):     ry = root(y)
 --- modulename: s898422021, funcname: root
s898422021.py(12):     if par[x] == x:
s898422021.py(13):         return x
s898422021.py(20):     return rx == ry
s898422021.py(8):             cnt += 1
s898422021.py(6):     for i in range(1, n+1):
s898422021.py(7):         if same(i, p[i]):
 --- modulename: s898422021, funcname: same
s898422021.py(18):     rx = root(x)
 --- modulename: s898422021, funcname: root
s898422021.py(12):     if par[x] == x:
s898422021.py(14):     par[x] = root(par[x])
 --- modulename: s898422021, funcname: root
s898422021.py(12):     if par[x] == x:
s898422021.py(13):         return x
s898422021.py(15):     return par[x]
s898422021.py(19):     ry = root(y)
 --- modulename: s898422021, funcname: root
s898422021.py(12):     if par[x] == x:
s898422021.py(13):         return x
s898422021.py(20):     return rx == ry
s898422021.py(6):     for i in range(1, n+1):
s898422021.py(9):     print(cnt)
2
