 --- modulename: s899501846, funcname: <module>
s899501846.py(1): from sys import stdin
s899501846.py(3): class DisjointSet(object):
 --- modulename: s899501846, funcname: DisjointSet
s899501846.py(3): class DisjointSet(object):
s899501846.py(4):     def __init__(self, n):
s899501846.py(8):     def make_set(self, x):
s899501846.py(13):     def find_set(self, x):
s899501846.py(18):     def unite(self, x, y):
s899501846.py(21):     def link(self, x, y):
s899501846.py(29):     def same(self, x, y):
s899501846.py(32): def read_and_print_ds(n, q):
s899501846.py(50): n, q = [ int(i) for i in input().split() ]
 --- modulename: codecs, funcname: getstate
codecs.py(333):         return (self.buffer, 0)
 --- modulename: codecs, funcname: decode
codecs.py(321):         data = self.buffer + input
codecs.py(322):         (result, consumed) = self._buffer_decode(data, self.errors, final)
codecs.py(324):         self.buffer = data[consumed:]
codecs.py(325):         return result
 --- modulename: s899501846, funcname: <listcomp>
s899501846.py(50): n, q = [ int(i) for i in input().split() ]
s899501846.py(50): n, q = [ int(i) for i in input().split() ]
s899501846.py(50): n, q = [ int(i) for i in input().split() ]
s899501846.py(51): read_and_print_ds(n, q)
 --- modulename: s899501846, funcname: read_and_print_ds
s899501846.py(33):     ds = DisjointSet(n)
 --- modulename: s899501846, funcname: __init__
s899501846.py(5):         self.parent = [None] * (n+1)
s899501846.py(6):         self.rank = [None] * (n+1)
s899501846.py(34):     for _ in range(q):
s899501846.py(35):         line = [ int(i) for i in stdin.readline().strip().split() ]
 --- modulename: s899501846, funcname: <listcomp>
s899501846.py(35):         line = [ int(i) for i in stdin.readline().strip().split() ]
s899501846.py(35):         line = [ int(i) for i in stdin.readline().strip().split() ]
s899501846.py(35):         line = [ int(i) for i in stdin.readline().strip().split() ]
s899501846.py(35):         line = [ int(i) for i in stdin.readline().strip().split() ]
s899501846.py(36):         s1 = line[1]
s899501846.py(37):         s2 = line[2]
s899501846.py(38):         if line[0] == 0:
s899501846.py(39):             ds.make_set(s1)
 --- modulename: s899501846, funcname: make_set
s899501846.py(9):         if self.parent[x] == None:
s899501846.py(10):             self.parent[x] = x
s899501846.py(11):             self.rank[x] = 0
s899501846.py(40):             ds.make_set(s2)
 --- modulename: s899501846, funcname: make_set
s899501846.py(9):         if self.parent[x] == None:
s899501846.py(10):             self.parent[x] = x
s899501846.py(11):             self.rank[x] = 0
s899501846.py(41):             ds.unite(s1, s2)
 --- modulename: s899501846, funcname: unite
s899501846.py(19):         self.link(self.find_set(x), self.find_set(y))
 --- modulename: s899501846, funcname: find_set
s899501846.py(14):         if x != self.parent[x]:
s899501846.py(16):         return self.parent[x]
 --- modulename: s899501846, funcname: find_set
s899501846.py(14):         if x != self.parent[x]:
s899501846.py(16):         return self.parent[x]
 --- modulename: s899501846, funcname: link
s899501846.py(22):         if self.rank[x] > self.rank[y]:
s899501846.py(25):             self.parent[x] = y
s899501846.py(26):             if self.rank[x] == self.rank[y]:
s899501846.py(27):                 self.rank[y] += 1
s899501846.py(34):     for _ in range(q):
s899501846.py(35):         line = [ int(i) for i in stdin.readline().strip().split() ]
 --- modulename: s899501846, funcname: <listcomp>
s899501846.py(35):         line = [ int(i) for i in stdin.readline().strip().split() ]
s899501846.py(35):         line = [ int(i) for i in stdin.readline().strip().split() ]
s899501846.py(35):         line = [ int(i) for i in stdin.readline().strip().split() ]
s899501846.py(35):         line = [ int(i) for i in stdin.readline().strip().split() ]
s899501846.py(36):         s1 = line[1]
s899501846.py(37):         s2 = line[2]
s899501846.py(38):         if line[0] == 0:
s899501846.py(39):             ds.make_set(s1)
 --- modulename: s899501846, funcname: make_set
s899501846.py(9):         if self.parent[x] == None:
s899501846.py(10):             self.parent[x] = x
s899501846.py(11):             self.rank[x] = 0
s899501846.py(40):             ds.make_set(s2)
 --- modulename: s899501846, funcname: make_set
s899501846.py(9):         if self.parent[x] == None:
s899501846.py(10):             self.parent[x] = x
s899501846.py(11):             self.rank[x] = 0
s899501846.py(41):             ds.unite(s1, s2)
 --- modulename: s899501846, funcname: unite
s899501846.py(19):         self.link(self.find_set(x), self.find_set(y))
 --- modulename: s899501846, funcname: find_set
s899501846.py(14):         if x != self.parent[x]:
s899501846.py(16):         return self.parent[x]
 --- modulename: s899501846, funcname: find_set
s899501846.py(14):         if x != self.parent[x]:
s899501846.py(16):         return self.parent[x]
 --- modulename: s899501846, funcname: link
s899501846.py(22):         if self.rank[x] > self.rank[y]:
s899501846.py(25):             self.parent[x] = y
s899501846.py(26):             if self.rank[x] == self.rank[y]:
s899501846.py(27):                 self.rank[y] += 1
s899501846.py(34):     for _ in range(q):
s899501846.py(35):         line = [ int(i) for i in stdin.readline().strip().split() ]
 --- modulename: s899501846, funcname: <listcomp>
s899501846.py(35):         line = [ int(i) for i in stdin.readline().strip().split() ]
s899501846.py(35):         line = [ int(i) for i in stdin.readline().strip().split() ]
s899501846.py(35):         line = [ int(i) for i in stdin.readline().strip().split() ]
s899501846.py(35):         line = [ int(i) for i in stdin.readline().strip().split() ]
s899501846.py(36):         s1 = line[1]
s899501846.py(37):         s2 = line[2]
s899501846.py(38):         if line[0] == 0:
s899501846.py(43):             ds.make_set(s1)
 --- modulename: s899501846, funcname: make_set
s899501846.py(9):         if self.parent[x] == None:
s899501846.py(44):             ds.make_set(s2)
 --- modulename: s899501846, funcname: make_set
s899501846.py(9):         if self.parent[x] == None:
s899501846.py(45):             if ds.same(s1, s2):
 --- modulename: s899501846, funcname: same
s899501846.py(30):         return self.find_set(x) == self.find_set(y)
 --- modulename: s899501846, funcname: find_set
s899501846.py(14):         if x != self.parent[x]:
s899501846.py(15):             self.parent[x] = self.find_set(self.parent[x])
 --- modulename: s899501846, funcname: find_set
s899501846.py(14):         if x != self.parent[x]:
s899501846.py(16):         return self.parent[x]
s899501846.py(16):         return self.parent[x]
 --- modulename: s899501846, funcname: find_set
s899501846.py(14):         if x != self.parent[x]:
s899501846.py(15):             self.parent[x] = self.find_set(self.parent[x])
 --- modulename: s899501846, funcname: find_set
s899501846.py(14):         if x != self.parent[x]:
s899501846.py(16):         return self.parent[x]
s899501846.py(16):         return self.parent[x]
s899501846.py(48):                 print("0")
0
s899501846.py(34):     for _ in range(q):
s899501846.py(35):         line = [ int(i) for i in stdin.readline().strip().split() ]
 --- modulename: s899501846, funcname: <listcomp>
s899501846.py(35):         line = [ int(i) for i in stdin.readline().strip().split() ]
s899501846.py(35):         line = [ int(i) for i in stdin.readline().strip().split() ]
s899501846.py(35):         line = [ int(i) for i in stdin.readline().strip().split() ]
s899501846.py(35):         line = [ int(i) for i in stdin.readline().strip().split() ]
s899501846.py(36):         s1 = line[1]
s899501846.py(37):         s2 = line[2]
s899501846.py(38):         if line[0] == 0:
s899501846.py(43):             ds.make_set(s1)
 --- modulename: s899501846, funcname: make_set
s899501846.py(9):         if self.parent[x] == None:
s899501846.py(44):             ds.make_set(s2)
 --- modulename: s899501846, funcname: make_set
s899501846.py(9):         if self.parent[x] == None:
s899501846.py(45):             if ds.same(s1, s2):
 --- modulename: s899501846, funcname: same
s899501846.py(30):         return self.find_set(x) == self.find_set(y)
 --- modulename: s899501846, funcname: find_set
s899501846.py(14):         if x != self.parent[x]:
s899501846.py(16):         return self.parent[x]
 --- modulename: s899501846, funcname: find_set
s899501846.py(14):         if x != self.parent[x]:
s899501846.py(16):         return self.parent[x]
s899501846.py(48):                 print("0")
0
s899501846.py(34):     for _ in range(q):
s899501846.py(35):         line = [ int(i) for i in stdin.readline().strip().split() ]
 --- modulename: s899501846, funcname: <listcomp>
s899501846.py(35):         line = [ int(i) for i in stdin.readline().strip().split() ]
s899501846.py(35):         line = [ int(i) for i in stdin.readline().strip().split() ]
s899501846.py(35):         line = [ int(i) for i in stdin.readline().strip().split() ]
s899501846.py(35):         line = [ int(i) for i in stdin.readline().strip().split() ]
s899501846.py(36):         s1 = line[1]
s899501846.py(37):         s2 = line[2]
s899501846.py(38):         if line[0] == 0:
s899501846.py(43):             ds.make_set(s1)
 --- modulename: s899501846, funcname: make_set
s899501846.py(9):         if self.parent[x] == None:
s899501846.py(44):             ds.make_set(s2)
 --- modulename: s899501846, funcname: make_set
s899501846.py(9):         if self.parent[x] == None:
s899501846.py(45):             if ds.same(s1, s2):
 --- modulename: s899501846, funcname: same
s899501846.py(30):         return self.find_set(x) == self.find_set(y)
 --- modulename: s899501846, funcname: find_set
s899501846.py(14):         if x != self.parent[x]:
s899501846.py(15):             self.parent[x] = self.find_set(self.parent[x])
 --- modulename: s899501846, funcname: find_set
s899501846.py(14):         if x != self.parent[x]:
s899501846.py(16):         return self.parent[x]
s899501846.py(16):         return self.parent[x]
 --- modulename: s899501846, funcname: find_set
s899501846.py(14):         if x != self.parent[x]:
s899501846.py(16):         return self.parent[x]
s899501846.py(46):                 print("1")
1
s899501846.py(34):     for _ in range(q):
s899501846.py(35):         line = [ int(i) for i in stdin.readline().strip().split() ]
 --- modulename: s899501846, funcname: <listcomp>
s899501846.py(35):         line = [ int(i) for i in stdin.readline().strip().split() ]
s899501846.py(35):         line = [ int(i) for i in stdin.readline().strip().split() ]
s899501846.py(35):         line = [ int(i) for i in stdin.readline().strip().split() ]
s899501846.py(35):         line = [ int(i) for i in stdin.readline().strip().split() ]
s899501846.py(36):         s1 = line[1]
s899501846.py(37):         s2 = line[2]
s899501846.py(38):         if line[0] == 0:
s899501846.py(43):             ds.make_set(s1)
 --- modulename: s899501846, funcname: make_set
s899501846.py(9):         if self.parent[x] == None:
s899501846.py(44):             ds.make_set(s2)
 --- modulename: s899501846, funcname: make_set
s899501846.py(9):         if self.parent[x] == None:
s899501846.py(45):             if ds.same(s1, s2):
 --- modulename: s899501846, funcname: same
s899501846.py(30):         return self.find_set(x) == self.find_set(y)
 --- modulename: s899501846, funcname: find_set
s899501846.py(14):         if x != self.parent[x]:
s899501846.py(16):         return self.parent[x]
 --- modulename: s899501846, funcname: find_set
s899501846.py(14):         if x != self.parent[x]:
s899501846.py(15):             self.parent[x] = self.find_set(self.parent[x])
 --- modulename: s899501846, funcname: find_set
s899501846.py(14):         if x != self.parent[x]:
s899501846.py(16):         return self.parent[x]
s899501846.py(16):         return self.parent[x]
s899501846.py(46):                 print("1")
1
s899501846.py(34):     for _ in range(q):
s899501846.py(35):         line = [ int(i) for i in stdin.readline().strip().split() ]
 --- modulename: s899501846, funcname: <listcomp>
s899501846.py(35):         line = [ int(i) for i in stdin.readline().strip().split() ]
s899501846.py(35):         line = [ int(i) for i in stdin.readline().strip().split() ]
s899501846.py(35):         line = [ int(i) for i in stdin.readline().strip().split() ]
s899501846.py(35):         line = [ int(i) for i in stdin.readline().strip().split() ]
s899501846.py(36):         s1 = line[1]
s899501846.py(37):         s2 = line[2]
s899501846.py(38):         if line[0] == 0:
s899501846.py(39):             ds.make_set(s1)
 --- modulename: s899501846, funcname: make_set
s899501846.py(9):         if self.parent[x] == None:
s899501846.py(40):             ds.make_set(s2)
 --- modulename: s899501846, funcname: make_set
s899501846.py(9):         if self.parent[x] == None:
s899501846.py(41):             ds.unite(s1, s2)
 --- modulename: s899501846, funcname: unite
s899501846.py(19):         self.link(self.find_set(x), self.find_set(y))
 --- modulename: s899501846, funcname: find_set
s899501846.py(14):         if x != self.parent[x]:
s899501846.py(15):             self.parent[x] = self.find_set(self.parent[x])
 --- modulename: s899501846, funcname: find_set
s899501846.py(14):         if x != self.parent[x]:
s899501846.py(16):         return self.parent[x]
s899501846.py(16):         return self.parent[x]
 --- modulename: s899501846, funcname: find_set
s899501846.py(14):         if x != self.parent[x]:
s899501846.py(16):         return self.parent[x]
 --- modulename: s899501846, funcname: link
s899501846.py(22):         if self.rank[x] > self.rank[y]:
s899501846.py(25):             self.parent[x] = y
s899501846.py(26):             if self.rank[x] == self.rank[y]:
s899501846.py(27):                 self.rank[y] += 1
s899501846.py(34):     for _ in range(q):
s899501846.py(35):         line = [ int(i) for i in stdin.readline().strip().split() ]
 --- modulename: s899501846, funcname: <listcomp>
s899501846.py(35):         line = [ int(i) for i in stdin.readline().strip().split() ]
s899501846.py(35):         line = [ int(i) for i in stdin.readline().strip().split() ]
s899501846.py(35):         line = [ int(i) for i in stdin.readline().strip().split() ]
s899501846.py(35):         line = [ int(i) for i in stdin.readline().strip().split() ]
s899501846.py(36):         s1 = line[1]
s899501846.py(37):         s2 = line[2]
s899501846.py(38):         if line[0] == 0:
s899501846.py(43):             ds.make_set(s1)
 --- modulename: s899501846, funcname: make_set
s899501846.py(9):         if self.parent[x] == None:
s899501846.py(44):             ds.make_set(s2)
 --- modulename: s899501846, funcname: make_set
s899501846.py(9):         if self.parent[x] == None:
s899501846.py(45):             if ds.same(s1, s2):
 --- modulename: s899501846, funcname: same
s899501846.py(30):         return self.find_set(x) == self.find_set(y)
 --- modulename: s899501846, funcname: find_set
s899501846.py(14):         if x != self.parent[x]:
s899501846.py(15):             self.parent[x] = self.find_set(self.parent[x])
 --- modulename: s899501846, funcname: find_set
s899501846.py(14):         if x != self.parent[x]:
s899501846.py(16):         return self.parent[x]
s899501846.py(16):         return self.parent[x]
 --- modulename: s899501846, funcname: find_set
s899501846.py(14):         if x != self.parent[x]:
s899501846.py(15):             self.parent[x] = self.find_set(self.parent[x])
 --- modulename: s899501846, funcname: find_set
s899501846.py(14):         if x != self.parent[x]:
s899501846.py(16):         return self.parent[x]
s899501846.py(16):         return self.parent[x]
s899501846.py(46):                 print("1")
1
s899501846.py(34):     for _ in range(q):
s899501846.py(35):         line = [ int(i) for i in stdin.readline().strip().split() ]
 --- modulename: s899501846, funcname: <listcomp>
s899501846.py(35):         line = [ int(i) for i in stdin.readline().strip().split() ]
s899501846.py(35):         line = [ int(i) for i in stdin.readline().strip().split() ]
s899501846.py(35):         line = [ int(i) for i in stdin.readline().strip().split() ]
s899501846.py(35):         line = [ int(i) for i in stdin.readline().strip().split() ]
s899501846.py(36):         s1 = line[1]
s899501846.py(37):         s2 = line[2]
s899501846.py(38):         if line[0] == 0:
s899501846.py(43):             ds.make_set(s1)
 --- modulename: s899501846, funcname: make_set
s899501846.py(9):         if self.parent[x] == None:
s899501846.py(44):             ds.make_set(s2)
 --- modulename: s899501846, funcname: make_set
s899501846.py(9):         if self.parent[x] == None:
s899501846.py(10):             self.parent[x] = x
s899501846.py(11):             self.rank[x] = 0
s899501846.py(45):             if ds.same(s1, s2):
 --- modulename: s899501846, funcname: same
s899501846.py(30):         return self.find_set(x) == self.find_set(y)
 --- modulename: s899501846, funcname: find_set
s899501846.py(14):         if x != self.parent[x]:
s899501846.py(16):         return self.parent[x]
 --- modulename: s899501846, funcname: find_set
s899501846.py(14):         if x != self.parent[x]:
s899501846.py(16):         return self.parent[x]
s899501846.py(48):                 print("0")
0
s899501846.py(34):     for _ in range(q):
s899501846.py(35):         line = [ int(i) for i in stdin.readline().strip().split() ]
 --- modulename: s899501846, funcname: <listcomp>
s899501846.py(35):         line = [ int(i) for i in stdin.readline().strip().split() ]
s899501846.py(35):         line = [ int(i) for i in stdin.readline().strip().split() ]
s899501846.py(35):         line = [ int(i) for i in stdin.readline().strip().split() ]
s899501846.py(35):         line = [ int(i) for i in stdin.readline().strip().split() ]
s899501846.py(36):         s1 = line[1]
s899501846.py(37):         s2 = line[2]
s899501846.py(38):         if line[0] == 0:
s899501846.py(39):             ds.make_set(s1)
 --- modulename: s899501846, funcname: make_set
s899501846.py(9):         if self.parent[x] == None:
s899501846.py(40):             ds.make_set(s2)
 --- modulename: s899501846, funcname: make_set
s899501846.py(9):         if self.parent[x] == None:
s899501846.py(41):             ds.unite(s1, s2)
 --- modulename: s899501846, funcname: unite
s899501846.py(19):         self.link(self.find_set(x), self.find_set(y))
 --- modulename: s899501846, funcname: find_set
s899501846.py(14):         if x != self.parent[x]:
s899501846.py(16):         return self.parent[x]
 --- modulename: s899501846, funcname: find_set
s899501846.py(14):         if x != self.parent[x]:
s899501846.py(15):             self.parent[x] = self.find_set(self.parent[x])
 --- modulename: s899501846, funcname: find_set
s899501846.py(14):         if x != self.parent[x]:
s899501846.py(16):         return self.parent[x]
s899501846.py(16):         return self.parent[x]
 --- modulename: s899501846, funcname: link
s899501846.py(22):         if self.rank[x] > self.rank[y]:
s899501846.py(25):             self.parent[x] = y
s899501846.py(26):             if self.rank[x] == self.rank[y]:
s899501846.py(34):     for _ in range(q):
s899501846.py(35):         line = [ int(i) for i in stdin.readline().strip().split() ]
 --- modulename: s899501846, funcname: <listcomp>
s899501846.py(35):         line = [ int(i) for i in stdin.readline().strip().split() ]
s899501846.py(35):         line = [ int(i) for i in stdin.readline().strip().split() ]
s899501846.py(35):         line = [ int(i) for i in stdin.readline().strip().split() ]
s899501846.py(35):         line = [ int(i) for i in stdin.readline().strip().split() ]
s899501846.py(36):         s1 = line[1]
s899501846.py(37):         s2 = line[2]
s899501846.py(38):         if line[0] == 0:
s899501846.py(43):             ds.make_set(s1)
 --- modulename: s899501846, funcname: make_set
s899501846.py(9):         if self.parent[x] == None:
s899501846.py(44):             ds.make_set(s2)
 --- modulename: s899501846, funcname: make_set
s899501846.py(9):         if self.parent[x] == None:
s899501846.py(45):             if ds.same(s1, s2):
 --- modulename: s899501846, funcname: same
s899501846.py(30):         return self.find_set(x) == self.find_set(y)
 --- modulename: s899501846, funcname: find_set
s899501846.py(14):         if x != self.parent[x]:
s899501846.py(15):             self.parent[x] = self.find_set(self.parent[x])
 --- modulename: s899501846, funcname: find_set
s899501846.py(14):         if x != self.parent[x]:
s899501846.py(16):         return self.parent[x]
s899501846.py(16):         return self.parent[x]
 --- modulename: s899501846, funcname: find_set
s899501846.py(14):         if x != self.parent[x]:
s899501846.py(15):             self.parent[x] = self.find_set(self.parent[x])
 --- modulename: s899501846, funcname: find_set
s899501846.py(14):         if x != self.parent[x]:
s899501846.py(16):         return self.parent[x]
s899501846.py(16):         return self.parent[x]
s899501846.py(46):                 print("1")
1
s899501846.py(34):     for _ in range(q):
s899501846.py(35):         line = [ int(i) for i in stdin.readline().strip().split() ]
 --- modulename: s899501846, funcname: <listcomp>
s899501846.py(35):         line = [ int(i) for i in stdin.readline().strip().split() ]
s899501846.py(35):         line = [ int(i) for i in stdin.readline().strip().split() ]
s899501846.py(35):         line = [ int(i) for i in stdin.readline().strip().split() ]
s899501846.py(35):         line = [ int(i) for i in stdin.readline().strip().split() ]
s899501846.py(36):         s1 = line[1]
s899501846.py(37):         s2 = line[2]
s899501846.py(38):         if line[0] == 0:
s899501846.py(43):             ds.make_set(s1)
 --- modulename: s899501846, funcname: make_set
s899501846.py(9):         if self.parent[x] == None:
s899501846.py(44):             ds.make_set(s2)
 --- modulename: s899501846, funcname: make_set
s899501846.py(9):         if self.parent[x] == None:
s899501846.py(45):             if ds.same(s1, s2):
 --- modulename: s899501846, funcname: same
s899501846.py(30):         return self.find_set(x) == self.find_set(y)
 --- modulename: s899501846, funcname: find_set
s899501846.py(14):         if x != self.parent[x]:
s899501846.py(16):         return self.parent[x]
 --- modulename: s899501846, funcname: find_set
s899501846.py(14):         if x != self.parent[x]:
s899501846.py(15):             self.parent[x] = self.find_set(self.parent[x])
 --- modulename: s899501846, funcname: find_set
s899501846.py(14):         if x != self.parent[x]:
s899501846.py(16):         return self.parent[x]
s899501846.py(16):         return self.parent[x]
s899501846.py(46):                 print("1")
1
s899501846.py(34):     for _ in range(q):
