 --- modulename: s417187503, funcname: <module>
s417187503.py(3): def min_lunlun(lmd, dnum):
s417187503.py(11): def next_lunlun(lst):
s417187503.py(27): def submit():
s417187503.py(66): submit()
 --- modulename: s417187503, funcname: submit
s417187503.py(28):     k = int(input())
 --- modulename: codecs, funcname: getstate
codecs.py(333):         return (self.buffer, 0)
 --- modulename: codecs, funcname: decode
codecs.py(321):         data = self.buffer + input
codecs.py(322):         (result, consumed) = self._buffer_decode(data, self.errors, final)
codecs.py(324):         self.buffer = data[consumed:]
codecs.py(325):         return result
s417187503.py(30):     if k < 10:
s417187503.py(35):     d = [[0 for _ in range(11)] for _ in range(10)]
 --- modulename: s417187503, funcname: <listcomp>
s417187503.py(35):     d = [[0 for _ in range(11)] for _ in range(10)]
 --- modulename: s417187503, funcname: <listcomp>
s417187503.py(35):     d = [[0 for _ in range(11)] for _ in range(10)]
s417187503.py(35):     d = [[0 for _ in range(11)] for _ in range(10)]
s417187503.py(35):     d = [[0 for _ in range(11)] for _ in range(10)]
s417187503.py(35):     d = [[0 for _ in range(11)] for _ in range(10)]
s417187503.py(35):     d = [[0 for _ in range(11)] for _ in range(10)]
s417187503.py(35):     d = [[0 for _ in range(11)] for _ in range(10)]
s417187503.py(35):     d = [[0 for _ in range(11)] for _ in range(10)]
s417187503.py(35):     d = [[0 for _ in range(11)] for _ in range(10)]
s417187503.py(35):     d = [[0 for _ in range(11)] for _ in range(10)]
s417187503.py(35):     d = [[0 for _ in range(11)] for _ in range(10)]
s417187503.py(35):     d = [[0 for _ in range(11)] for _ in range(10)]
s417187503.py(35):     d = [[0 for _ in range(11)] for _ in range(10)]
s417187503.py(35):     d = [[0 for _ in range(11)] for _ in range(10)]
 --- modulename: s417187503, funcname: <listcomp>
s417187503.py(35):     d = [[0 for _ in range(11)] for _ in range(10)]
s417187503.py(35):     d = [[0 for _ in range(11)] for _ in range(10)]
s417187503.py(35):     d = [[0 for _ in range(11)] for _ in range(10)]
s417187503.py(35):     d = [[0 for _ in range(11)] for _ in range(10)]
s417187503.py(35):     d = [[0 for _ in range(11)] for _ in range(10)]
s417187503.py(35):     d = [[0 for _ in range(11)] for _ in range(10)]
s417187503.py(35):     d = [[0 for _ in range(11)] for _ in range(10)]
s417187503.py(35):     d = [[0 for _ in range(11)] for _ in range(10)]
s417187503.py(35):     d = [[0 for _ in range(11)] for _ in range(10)]
s417187503.py(35):     d = [[0 for _ in range(11)] for _ in range(10)]
s417187503.py(35):     d = [[0 for _ in range(11)] for _ in range(10)]
s417187503.py(35):     d = [[0 for _ in range(11)] for _ in range(10)]
s417187503.py(35):     d = [[0 for _ in range(11)] for _ in range(10)]
 --- modulename: s417187503, funcname: <listcomp>
s417187503.py(35):     d = [[0 for _ in range(11)] for _ in range(10)]
s417187503.py(35):     d = [[0 for _ in range(11)] for _ in range(10)]
s417187503.py(35):     d = [[0 for _ in range(11)] for _ in range(10)]
s417187503.py(35):     d = [[0 for _ in range(11)] for _ in range(10)]
s417187503.py(35):     d = [[0 for _ in range(11)] for _ in range(10)]
s417187503.py(35):     d = [[0 for _ in range(11)] for _ in range(10)]
s417187503.py(35):     d = [[0 for _ in range(11)] for _ in range(10)]
s417187503.py(35):     d = [[0 for _ in range(11)] for _ in range(10)]
s417187503.py(35):     d = [[0 for _ in range(11)] for _ in range(10)]
s417187503.py(35):     d = [[0 for _ in range(11)] for _ in range(10)]
s417187503.py(35):     d = [[0 for _ in range(11)] for _ in range(10)]
s417187503.py(35):     d = [[0 for _ in range(11)] for _ in range(10)]
s417187503.py(35):     d = [[0 for _ in range(11)] for _ in range(10)]
 --- modulename: s417187503, funcname: <listcomp>
s417187503.py(35):     d = [[0 for _ in range(11)] for _ in range(10)]
s417187503.py(35):     d = [[0 for _ in range(11)] for _ in range(10)]
s417187503.py(35):     d = [[0 for _ in range(11)] for _ in range(10)]
s417187503.py(35):     d = [[0 for _ in range(11)] for _ in range(10)]
s417187503.py(35):     d = [[0 for _ in range(11)] for _ in range(10)]
s417187503.py(35):     d = [[0 for _ in range(11)] for _ in range(10)]
s417187503.py(35):     d = [[0 for _ in range(11)] for _ in range(10)]
s417187503.py(35):     d = [[0 for _ in range(11)] for _ in range(10)]
s417187503.py(35):     d = [[0 for _ in range(11)] for _ in range(10)]
s417187503.py(35):     d = [[0 for _ in range(11)] for _ in range(10)]
s417187503.py(35):     d = [[0 for _ in range(11)] for _ in range(10)]
s417187503.py(35):     d = [[0 for _ in range(11)] for _ in range(10)]
s417187503.py(35):     d = [[0 for _ in range(11)] for _ in range(10)]
 --- modulename: s417187503, funcname: <listcomp>
s417187503.py(35):     d = [[0 for _ in range(11)] for _ in range(10)]
s417187503.py(35):     d = [[0 for _ in range(11)] for _ in range(10)]
s417187503.py(35):     d = [[0 for _ in range(11)] for _ in range(10)]
s417187503.py(35):     d = [[0 for _ in range(11)] for _ in range(10)]
s417187503.py(35):     d = [[0 for _ in range(11)] for _ in range(10)]
s417187503.py(35):     d = [[0 for _ in range(11)] for _ in range(10)]
s417187503.py(35):     d = [[0 for _ in range(11)] for _ in range(10)]
s417187503.py(35):     d = [[0 for _ in range(11)] for _ in range(10)]
s417187503.py(35):     d = [[0 for _ in range(11)] for _ in range(10)]
s417187503.py(35):     d = [[0 for _ in range(11)] for _ in range(10)]
s417187503.py(35):     d = [[0 for _ in range(11)] for _ in range(10)]
s417187503.py(35):     d = [[0 for _ in range(11)] for _ in range(10)]
s417187503.py(35):     d = [[0 for _ in range(11)] for _ in range(10)]
 --- modulename: s417187503, funcname: <listcomp>
s417187503.py(35):     d = [[0 for _ in range(11)] for _ in range(10)]
s417187503.py(35):     d = [[0 for _ in range(11)] for _ in range(10)]
s417187503.py(35):     d = [[0 for _ in range(11)] for _ in range(10)]
s417187503.py(35):     d = [[0 for _ in range(11)] for _ in range(10)]
s417187503.py(35):     d = [[0 for _ in range(11)] for _ in range(10)]
s417187503.py(35):     d = [[0 for _ in range(11)] for _ in range(10)]
s417187503.py(35):     d = [[0 for _ in range(11)] for _ in range(10)]
s417187503.py(35):     d = [[0 for _ in range(11)] for _ in range(10)]
s417187503.py(35):     d = [[0 for _ in range(11)] for _ in range(10)]
s417187503.py(35):     d = [[0 for _ in range(11)] for _ in range(10)]
s417187503.py(35):     d = [[0 for _ in range(11)] for _ in range(10)]
s417187503.py(35):     d = [[0 for _ in range(11)] for _ in range(10)]
s417187503.py(35):     d = [[0 for _ in range(11)] for _ in range(10)]
 --- modulename: s417187503, funcname: <listcomp>
s417187503.py(35):     d = [[0 for _ in range(11)] for _ in range(10)]
s417187503.py(35):     d = [[0 for _ in range(11)] for _ in range(10)]
s417187503.py(35):     d = [[0 for _ in range(11)] for _ in range(10)]
s417187503.py(35):     d = [[0 for _ in range(11)] for _ in range(10)]
s417187503.py(35):     d = [[0 for _ in range(11)] for _ in range(10)]
s417187503.py(35):     d = [[0 for _ in range(11)] for _ in range(10)]
s417187503.py(35):     d = [[0 for _ in range(11)] for _ in range(10)]
s417187503.py(35):     d = [[0 for _ in range(11)] for _ in range(10)]
s417187503.py(35):     d = [[0 for _ in range(11)] for _ in range(10)]
s417187503.py(35):     d = [[0 for _ in range(11)] for _ in range(10)]
s417187503.py(35):     d = [[0 for _ in range(11)] for _ in range(10)]
s417187503.py(35):     d = [[0 for _ in range(11)] for _ in range(10)]
s417187503.py(35):     d = [[0 for _ in range(11)] for _ in range(10)]
 --- modulename: s417187503, funcname: <listcomp>
s417187503.py(35):     d = [[0 for _ in range(11)] for _ in range(10)]
s417187503.py(35):     d = [[0 for _ in range(11)] for _ in range(10)]
s417187503.py(35):     d = [[0 for _ in range(11)] for _ in range(10)]
s417187503.py(35):     d = [[0 for _ in range(11)] for _ in range(10)]
s417187503.py(35):     d = [[0 for _ in range(11)] for _ in range(10)]
s417187503.py(35):     d = [[0 for _ in range(11)] for _ in range(10)]
s417187503.py(35):     d = [[0 for _ in range(11)] for _ in range(10)]
s417187503.py(35):     d = [[0 for _ in range(11)] for _ in range(10)]
s417187503.py(35):     d = [[0 for _ in range(11)] for _ in range(10)]
s417187503.py(35):     d = [[0 for _ in range(11)] for _ in range(10)]
s417187503.py(35):     d = [[0 for _ in range(11)] for _ in range(10)]
s417187503.py(35):     d = [[0 for _ in range(11)] for _ in range(10)]
s417187503.py(35):     d = [[0 for _ in range(11)] for _ in range(10)]
 --- modulename: s417187503, funcname: <listcomp>
s417187503.py(35):     d = [[0 for _ in range(11)] for _ in range(10)]
s417187503.py(35):     d = [[0 for _ in range(11)] for _ in range(10)]
s417187503.py(35):     d = [[0 for _ in range(11)] for _ in range(10)]
s417187503.py(35):     d = [[0 for _ in range(11)] for _ in range(10)]
s417187503.py(35):     d = [[0 for _ in range(11)] for _ in range(10)]
s417187503.py(35):     d = [[0 for _ in range(11)] for _ in range(10)]
s417187503.py(35):     d = [[0 for _ in range(11)] for _ in range(10)]
s417187503.py(35):     d = [[0 for _ in range(11)] for _ in range(10)]
s417187503.py(35):     d = [[0 for _ in range(11)] for _ in range(10)]
s417187503.py(35):     d = [[0 for _ in range(11)] for _ in range(10)]
s417187503.py(35):     d = [[0 for _ in range(11)] for _ in range(10)]
s417187503.py(35):     d = [[0 for _ in range(11)] for _ in range(10)]
s417187503.py(35):     d = [[0 for _ in range(11)] for _ in range(10)]
 --- modulename: s417187503, funcname: <listcomp>
s417187503.py(35):     d = [[0 for _ in range(11)] for _ in range(10)]
s417187503.py(35):     d = [[0 for _ in range(11)] for _ in range(10)]
s417187503.py(35):     d = [[0 for _ in range(11)] for _ in range(10)]
s417187503.py(35):     d = [[0 for _ in range(11)] for _ in range(10)]
s417187503.py(35):     d = [[0 for _ in range(11)] for _ in range(10)]
s417187503.py(35):     d = [[0 for _ in range(11)] for _ in range(10)]
s417187503.py(35):     d = [[0 for _ in range(11)] for _ in range(10)]
s417187503.py(35):     d = [[0 for _ in range(11)] for _ in range(10)]
s417187503.py(35):     d = [[0 for _ in range(11)] for _ in range(10)]
s417187503.py(35):     d = [[0 for _ in range(11)] for _ in range(10)]
s417187503.py(35):     d = [[0 for _ in range(11)] for _ in range(10)]
s417187503.py(35):     d = [[0 for _ in range(11)] for _ in range(10)]
s417187503.py(35):     d = [[0 for _ in range(11)] for _ in range(10)]
s417187503.py(36):     for x in range(10):
s417187503.py(37):         d[x][1] = 1
s417187503.py(36):     for x in range(10):
s417187503.py(37):         d[x][1] = 1
s417187503.py(36):     for x in range(10):
s417187503.py(37):         d[x][1] = 1
s417187503.py(36):     for x in range(10):
s417187503.py(37):         d[x][1] = 1
s417187503.py(36):     for x in range(10):
s417187503.py(37):         d[x][1] = 1
s417187503.py(36):     for x in range(10):
s417187503.py(37):         d[x][1] = 1
s417187503.py(36):     for x in range(10):
s417187503.py(37):         d[x][1] = 1
s417187503.py(36):     for x in range(10):
s417187503.py(37):         d[x][1] = 1
s417187503.py(36):     for x in range(10):
s417187503.py(37):         d[x][1] = 1
s417187503.py(36):     for x in range(10):
s417187503.py(37):         d[x][1] = 1
s417187503.py(36):     for x in range(10):
s417187503.py(39):     for j in range(1, 10):
s417187503.py(40):         for i in range(10):
s417187503.py(41):             if 0 <= i - 1:
s417187503.py(43):             if i + 1 < 10:
s417187503.py(44):                 d[i][j + 1] += d[i + 1][j]
s417187503.py(45):             d[i][j + 1] += d[i][j]
s417187503.py(40):         for i in range(10):
s417187503.py(41):             if 0 <= i - 1:
s417187503.py(42):                 d[i][j + 1] += d[i - 1][j]
s417187503.py(43):             if i + 1 < 10:
s417187503.py(44):                 d[i][j + 1] += d[i + 1][j]
s417187503.py(45):             d[i][j + 1] += d[i][j]
s417187503.py(40):         for i in range(10):
s417187503.py(41):             if 0 <= i - 1:
s417187503.py(42):                 d[i][j + 1] += d[i - 1][j]
s417187503.py(43):             if i + 1 < 10:
s417187503.py(44):                 d[i][j + 1] += d[i + 1][j]
s417187503.py(45):             d[i][j + 1] += d[i][j]
s417187503.py(40):         for i in range(10):
s417187503.py(41):             if 0 <= i - 1:
s417187503.py(42):                 d[i][j + 1] += d[i - 1][j]
s417187503.py(43):             if i + 1 < 10:
s417187503.py(44):                 d[i][j + 1] += d[i + 1][j]
s417187503.py(45):             d[i][j + 1] += d[i][j]
s417187503.py(40):         for i in range(10):
s417187503.py(41):             if 0 <= i - 1:
s417187503.py(42):                 d[i][j + 1] += d[i - 1][j]
s417187503.py(43):             if i + 1 < 10:
s417187503.py(44):                 d[i][j + 1] += d[i + 1][j]
s417187503.py(45):             d[i][j + 1] += d[i][j]
s417187503.py(40):         for i in range(10):
s417187503.py(41):             if 0 <= i - 1:
s417187503.py(42):                 d[i][j + 1] += d[i - 1][j]
s417187503.py(43):             if i + 1 < 10:
s417187503.py(44):                 d[i][j + 1] += d[i + 1][j]
s417187503.py(45):             d[i][j + 1] += d[i][j]
s417187503.py(40):         for i in range(10):
s417187503.py(41):             if 0 <= i - 1:
s417187503.py(42):                 d[i][j + 1] += d[i - 1][j]
s417187503.py(43):             if i + 1 < 10:
s417187503.py(44):                 d[i][j + 1] += d[i + 1][j]
s417187503.py(45):             d[i][j + 1] += d[i][j]
s417187503.py(40):         for i in range(10):
s417187503.py(41):             if 0 <= i - 1:
s417187503.py(42):                 d[i][j + 1] += d[i - 1][j]
s417187503.py(43):             if i + 1 < 10:
s417187503.py(44):                 d[i][j + 1] += d[i + 1][j]
s417187503.py(45):             d[i][j + 1] += d[i][j]
s417187503.py(40):         for i in range(10):
s417187503.py(41):             if 0 <= i - 1:
s417187503.py(42):                 d[i][j + 1] += d[i - 1][j]
s417187503.py(43):             if i + 1 < 10:
s417187503.py(44):                 d[i][j + 1] += d[i + 1][j]
s417187503.py(45):             d[i][j + 1] += d[i][j]
s417187503.py(40):         for i in range(10):
s417187503.py(41):             if 0 <= i - 1:
s417187503.py(42):                 d[i][j + 1] += d[i - 1][j]
s417187503.py(43):             if i + 1 < 10:
s417187503.py(45):             d[i][j + 1] += d[i][j]
s417187503.py(40):         for i in range(10):
s417187503.py(39):     for j in range(1, 10):
s417187503.py(40):         for i in range(10):
s417187503.py(41):             if 0 <= i - 1:
s417187503.py(43):             if i + 1 < 10:
s417187503.py(44):                 d[i][j + 1] += d[i + 1][j]
s417187503.py(45):             d[i][j + 1] += d[i][j]
s417187503.py(40):         for i in range(10):
s417187503.py(41):             if 0 <= i - 1:
s417187503.py(42):                 d[i][j + 1] += d[i - 1][j]
s417187503.py(43):             if i + 1 < 10:
s417187503.py(44):                 d[i][j + 1] += d[i + 1][j]
s417187503.py(45):             d[i][j + 1] += d[i][j]
s417187503.py(40):         for i in range(10):
s417187503.py(41):             if 0 <= i - 1:
s417187503.py(42):                 d[i][j + 1] += d[i - 1][j]
s417187503.py(43):             if i + 1 < 10:
s417187503.py(44):                 d[i][j + 1] += d[i + 1][j]
s417187503.py(45):             d[i][j + 1] += d[i][j]
s417187503.py(40):         for i in range(10):
s417187503.py(41):             if 0 <= i - 1:
s417187503.py(42):                 d[i][j + 1] += d[i - 1][j]
s417187503.py(43):             if i + 1 < 10:
s417187503.py(44):                 d[i][j + 1] += d[i + 1][j]
s417187503.py(45):             d[i][j + 1] += d[i][j]
s417187503.py(40):         for i in range(10):
s417187503.py(41):             if 0 <= i - 1:
s417187503.py(42):                 d[i][j + 1] += d[i - 1][j]
s417187503.py(43):             if i + 1 < 10:
s417187503.py(44):                 d[i][j + 1] += d[i + 1][j]
s417187503.py(45):             d[i][j + 1] += d[i][j]
s417187503.py(40):         for i in range(10):
s417187503.py(41):             if 0 <= i - 1:
s417187503.py(42):                 d[i][j + 1] += d[i - 1][j]
s417187503.py(43):             if i + 1 < 10:
s417187503.py(44):                 d[i][j + 1] += d[i + 1][j]
s417187503.py(45):             d[i][j + 1] += d[i][j]
s417187503.py(40):         for i in range(10):
s417187503.py(41):             if 0 <= i - 1:
s417187503.py(42):                 d[i][j + 1] += d[i - 1][j]
s417187503.py(43):             if i + 1 < 10:
s417187503.py(44):                 d[i][j + 1] += d[i + 1][j]
s417187503.py(45):             d[i][j + 1] += d[i][j]
s417187503.py(40):         for i in range(10):
s417187503.py(41):             if 0 <= i - 1:
s417187503.py(42):                 d[i][j + 1] += d[i - 1][j]
s417187503.py(43):             if i + 1 < 10:
s417187503.py(44):                 d[i][j + 1] += d[i + 1][j]
s417187503.py(45):             d[i][j + 1] += d[i][j]
s417187503.py(40):         for i in range(10):
s417187503.py(41):             if 0 <= i - 1:
s417187503.py(42):                 d[i][j + 1] += d[i - 1][j]
s417187503.py(43):             if i + 1 < 10:
s417187503.py(44):                 d[i][j + 1] += d[i + 1][j]
s417187503.py(45):             d[i][j + 1] += d[i][j]
s417187503.py(40):         for i in range(10):
s417187503.py(41):             if 0 <= i - 1:
s417187503.py(42):                 d[i][j + 1] += d[i - 1][j]
s417187503.py(43):             if i + 1 < 10:
s417187503.py(45):             d[i][j + 1] += d[i][j]
s417187503.py(40):         for i in range(10):
s417187503.py(39):     for j in range(1, 10):
s417187503.py(40):         for i in range(10):
s417187503.py(41):             if 0 <= i - 1:
s417187503.py(43):             if i + 1 < 10:
s417187503.py(44):                 d[i][j + 1] += d[i + 1][j]
s417187503.py(45):             d[i][j + 1] += d[i][j]
s417187503.py(40):         for i in range(10):
s417187503.py(41):             if 0 <= i - 1:
s417187503.py(42):                 d[i][j + 1] += d[i - 1][j]
s417187503.py(43):             if i + 1 < 10:
s417187503.py(44):                 d[i][j + 1] += d[i + 1][j]
s417187503.py(45):             d[i][j + 1] += d[i][j]
s417187503.py(40):         for i in range(10):
s417187503.py(41):             if 0 <= i - 1:
s417187503.py(42):                 d[i][j + 1] += d[i - 1][j]
s417187503.py(43):             if i + 1 < 10:
s417187503.py(44):                 d[i][j + 1] += d[i + 1][j]
s417187503.py(45):             d[i][j + 1] += d[i][j]
s417187503.py(40):         for i in range(10):
s417187503.py(41):             if 0 <= i - 1:
s417187503.py(42):                 d[i][j + 1] += d[i - 1][j]
s417187503.py(43):             if i + 1 < 10:
s417187503.py(44):                 d[i][j + 1] += d[i + 1][j]
s417187503.py(45):             d[i][j + 1] += d[i][j]
s417187503.py(40):         for i in range(10):
s417187503.py(41):             if 0 <= i - 1:
s417187503.py(42):                 d[i][j + 1] += d[i - 1][j]
s417187503.py(43):             if i + 1 < 10:
s417187503.py(44):                 d[i][j + 1] += d[i + 1][j]
s417187503.py(45):             d[i][j + 1] += d[i][j]
s417187503.py(40):         for i in range(10):
s417187503.py(41):             if 0 <= i - 1:
s417187503.py(42):                 d[i][j + 1] += d[i - 1][j]
s417187503.py(43):             if i + 1 < 10:
s417187503.py(44):                 d[i][j + 1] += d[i + 1][j]
s417187503.py(45):             d[i][j + 1] += d[i][j]
s417187503.py(40):         for i in range(10):
s417187503.py(41):             if 0 <= i - 1:
s417187503.py(42):                 d[i][j + 1] += d[i - 1][j]
s417187503.py(43):             if i + 1 < 10:
s417187503.py(44):                 d[i][j + 1] += d[i + 1][j]
s417187503.py(45):             d[i][j + 1] += d[i][j]
s417187503.py(40):         for i in range(10):
s417187503.py(41):             if 0 <= i - 1:
s417187503.py(42):                 d[i][j + 1] += d[i - 1][j]
s417187503.py(43):             if i + 1 < 10:
s417187503.py(44):                 d[i][j + 1] += d[i + 1][j]
s417187503.py(45):             d[i][j + 1] += d[i][j]
s417187503.py(40):         for i in range(10):
s417187503.py(41):             if 0 <= i - 1:
s417187503.py(42):                 d[i][j + 1] += d[i - 1][j]
s417187503.py(43):             if i + 1 < 10:
s417187503.py(44):                 d[i][j + 1] += d[i + 1][j]
s417187503.py(45):             d[i][j + 1] += d[i][j]
s417187503.py(40):         for i in range(10):
s417187503.py(41):             if 0 <= i - 1:
s417187503.py(42):                 d[i][j + 1] += d[i - 1][j]
s417187503.py(43):             if i + 1 < 10:
s417187503.py(45):             d[i][j + 1] += d[i][j]
s417187503.py(40):         for i in range(10):
s417187503.py(39):     for j in range(1, 10):
s417187503.py(40):         for i in range(10):
s417187503.py(41):             if 0 <= i - 1:
s417187503.py(43):             if i + 1 < 10:
s417187503.py(44):                 d[i][j + 1] += d[i + 1][j]
s417187503.py(45):             d[i][j + 1] += d[i][j]
s417187503.py(40):         for i in range(10):
s417187503.py(41):             if 0 <= i - 1:
s417187503.py(42):                 d[i][j + 1] += d[i - 1][j]
s417187503.py(43):             if i + 1 < 10:
s417187503.py(44):                 d[i][j + 1] += d[i + 1][j]
s417187503.py(45):             d[i][j + 1] += d[i][j]
s417187503.py(40):         for i in range(10):
s417187503.py(41):             if 0 <= i - 1:
s417187503.py(42):                 d[i][j + 1] += d[i - 1][j]
s417187503.py(43):             if i + 1 < 10:
s417187503.py(44):                 d[i][j + 1] += d[i + 1][j]
s417187503.py(45):             d[i][j + 1] += d[i][j]
s417187503.py(40):         for i in range(10):
s417187503.py(41):             if 0 <= i - 1:
s417187503.py(42):                 d[i][j + 1] += d[i - 1][j]
s417187503.py(43):             if i + 1 < 10:
s417187503.py(44):                 d[i][j + 1] += d[i + 1][j]
s417187503.py(45):             d[i][j + 1] += d[i][j]
s417187503.py(40):         for i in range(10):
s417187503.py(41):             if 0 <= i - 1:
s417187503.py(42):                 d[i][j + 1] += d[i - 1][j]
s417187503.py(43):             if i + 1 < 10:
s417187503.py(44):                 d[i][j + 1] += d[i + 1][j]
s417187503.py(45):             d[i][j + 1] += d[i][j]
s417187503.py(40):         for i in range(10):
s417187503.py(41):             if 0 <= i - 1:
s417187503.py(42):                 d[i][j + 1] += d[i - 1][j]
s417187503.py(43):             if i + 1 < 10:
s417187503.py(44):                 d[i][j + 1] += d[i + 1][j]
s417187503.py(45):             d[i][j + 1] += d[i][j]
s417187503.py(40):         for i in range(10):
s417187503.py(41):             if 0 <= i - 1:
s417187503.py(42):                 d[i][j + 1] += d[i - 1][j]
s417187503.py(43):             if i + 1 < 10:
s417187503.py(44):                 d[i][j + 1] += d[i + 1][j]
s417187503.py(45):             d[i][j + 1] += d[i][j]
s417187503.py(40):         for i in range(10):
s417187503.py(41):             if 0 <= i - 1:
s417187503.py(42):                 d[i][j + 1] += d[i - 1][j]
s417187503.py(43):             if i + 1 < 10:
s417187503.py(44):                 d[i][j + 1] += d[i + 1][j]
s417187503.py(45):             d[i][j + 1] += d[i][j]
s417187503.py(40):         for i in range(10):
s417187503.py(41):             if 0 <= i - 1:
s417187503.py(42):                 d[i][j + 1] += d[i - 1][j]
s417187503.py(43):             if i + 1 < 10:
s417187503.py(44):                 d[i][j + 1] += d[i + 1][j]
s417187503.py(45):             d[i][j + 1] += d[i][j]
s417187503.py(40):         for i in range(10):
s417187503.py(41):             if 0 <= i - 1:
s417187503.py(42):                 d[i][j + 1] += d[i - 1][j]
s417187503.py(43):             if i + 1 < 10:
s417187503.py(45):             d[i][j + 1] += d[i][j]
s417187503.py(40):         for i in range(10):
s417187503.py(39):     for j in range(1, 10):
s417187503.py(40):         for i in range(10):
s417187503.py(41):             if 0 <= i - 1:
s417187503.py(43):             if i + 1 < 10:
s417187503.py(44):                 d[i][j + 1] += d[i + 1][j]
s417187503.py(45):             d[i][j + 1] += d[i][j]
s417187503.py(40):         for i in range(10):
s417187503.py(41):             if 0 <= i - 1:
s417187503.py(42):                 d[i][j + 1] += d[i - 1][j]
s417187503.py(43):             if i + 1 < 10:
s417187503.py(44):                 d[i][j + 1] += d[i + 1][j]
s417187503.py(45):             d[i][j + 1] += d[i][j]
s417187503.py(40):         for i in range(10):
s417187503.py(41):             if 0 <= i - 1:
s417187503.py(42):                 d[i][j + 1] += d[i - 1][j]
s417187503.py(43):             if i + 1 < 10:
s417187503.py(44):                 d[i][j + 1] += d[i + 1][j]
s417187503.py(45):             d[i][j + 1] += d[i][j]
s417187503.py(40):         for i in range(10):
s417187503.py(41):             if 0 <= i - 1:
s417187503.py(42):                 d[i][j + 1] += d[i - 1][j]
s417187503.py(43):             if i + 1 < 10:
s417187503.py(44):                 d[i][j + 1] += d[i + 1][j]
s417187503.py(45):             d[i][j + 1] += d[i][j]
s417187503.py(40):         for i in range(10):
s417187503.py(41):             if 0 <= i - 1:
s417187503.py(42):                 d[i][j + 1] += d[i - 1][j]
s417187503.py(43):             if i + 1 < 10:
s417187503.py(44):                 d[i][j + 1] += d[i + 1][j]
s417187503.py(45):             d[i][j + 1] += d[i][j]
s417187503.py(40):         for i in range(10):
s417187503.py(41):             if 0 <= i - 1:
s417187503.py(42):                 d[i][j + 1] += d[i - 1][j]
s417187503.py(43):             if i + 1 < 10:
s417187503.py(44):                 d[i][j + 1] += d[i + 1][j]
s417187503.py(45):             d[i][j + 1] += d[i][j]
s417187503.py(40):         for i in range(10):
s417187503.py(41):             if 0 <= i - 1:
s417187503.py(42):                 d[i][j + 1] += d[i - 1][j]
s417187503.py(43):             if i + 1 < 10:
s417187503.py(44):                 d[i][j + 1] += d[i + 1][j]
s417187503.py(45):             d[i][j + 1] += d[i][j]
s417187503.py(40):         for i in range(10):
s417187503.py(41):             if 0 <= i - 1:
s417187503.py(42):                 d[i][j + 1] += d[i - 1][j]
s417187503.py(43):             if i + 1 < 10:
s417187503.py(44):                 d[i][j + 1] += d[i + 1][j]
s417187503.py(45):             d[i][j + 1] += d[i][j]
s417187503.py(40):         for i in range(10):
s417187503.py(41):             if 0 <= i - 1:
s417187503.py(42):                 d[i][j + 1] += d[i - 1][j]
s417187503.py(43):             if i + 1 < 10:
s417187503.py(44):                 d[i][j + 1] += d[i + 1][j]
s417187503.py(45):             d[i][j + 1] += d[i][j]
s417187503.py(40):         for i in range(10):
s417187503.py(41):             if 0 <= i - 1:
s417187503.py(42):                 d[i][j + 1] += d[i - 1][j]
s417187503.py(43):             if i + 1 < 10:
s417187503.py(45):             d[i][j + 1] += d[i][j]
s417187503.py(40):         for i in range(10):
s417187503.py(39):     for j in range(1, 10):
s417187503.py(40):         for i in range(10):
s417187503.py(41):             if 0 <= i - 1:
s417187503.py(43):             if i + 1 < 10:
s417187503.py(44):                 d[i][j + 1] += d[i + 1][j]
s417187503.py(45):             d[i][j + 1] += d[i][j]
s417187503.py(40):         for i in range(10):
s417187503.py(41):             if 0 <= i - 1:
s417187503.py(42):                 d[i][j + 1] += d[i - 1][j]
s417187503.py(43):             if i + 1 < 10:
s417187503.py(44):                 d[i][j + 1] += d[i + 1][j]
s417187503.py(45):             d[i][j + 1] += d[i][j]
s417187503.py(40):         for i in range(10):
s417187503.py(41):             if 0 <= i - 1:
s417187503.py(42):                 d[i][j + 1] += d[i - 1][j]
s417187503.py(43):             if i + 1 < 10:
s417187503.py(44):                 d[i][j + 1] += d[i + 1][j]
s417187503.py(45):             d[i][j + 1] += d[i][j]
s417187503.py(40):         for i in range(10):
s417187503.py(41):             if 0 <= i - 1:
s417187503.py(42):                 d[i][j + 1] += d[i - 1][j]
s417187503.py(43):             if i + 1 < 10:
s417187503.py(44):                 d[i][j + 1] += d[i + 1][j]
s417187503.py(45):             d[i][j + 1] += d[i][j]
s417187503.py(40):         for i in range(10):
s417187503.py(41):             if 0 <= i - 1:
s417187503.py(42):                 d[i][j + 1] += d[i - 1][j]
s417187503.py(43):             if i + 1 < 10:
s417187503.py(44):                 d[i][j + 1] += d[i + 1][j]
s417187503.py(45):             d[i][j + 1] += d[i][j]
s417187503.py(40):         for i in range(10):
s417187503.py(41):             if 0 <= i - 1:
s417187503.py(42):                 d[i][j + 1] += d[i - 1][j]
s417187503.py(43):             if i + 1 < 10:
s417187503.py(44):                 d[i][j + 1] += d[i + 1][j]
s417187503.py(45):             d[i][j + 1] += d[i][j]
s417187503.py(40):         for i in range(10):
s417187503.py(41):             if 0 <= i - 1:
s417187503.py(42):                 d[i][j + 1] += d[i - 1][j]
s417187503.py(43):             if i + 1 < 10:
s417187503.py(44):                 d[i][j + 1] += d[i + 1][j]
s417187503.py(45):             d[i][j + 1] += d[i][j]
s417187503.py(40):         for i in range(10):
s417187503.py(41):             if 0 <= i - 1:
s417187503.py(42):                 d[i][j + 1] += d[i - 1][j]
s417187503.py(43):             if i + 1 < 10:
s417187503.py(44):                 d[i][j + 1] += d[i + 1][j]
s417187503.py(45):             d[i][j + 1] += d[i][j]
s417187503.py(40):         for i in range(10):
s417187503.py(41):             if 0 <= i - 1:
s417187503.py(42):                 d[i][j + 1] += d[i - 1][j]
s417187503.py(43):             if i + 1 < 10:
s417187503.py(44):                 d[i][j + 1] += d[i + 1][j]
s417187503.py(45):             d[i][j + 1] += d[i][j]
s417187503.py(40):         for i in range(10):
s417187503.py(41):             if 0 <= i - 1:
s417187503.py(42):                 d[i][j + 1] += d[i - 1][j]
s417187503.py(43):             if i + 1 < 10:
s417187503.py(45):             d[i][j + 1] += d[i][j]
s417187503.py(40):         for i in range(10):
s417187503.py(39):     for j in range(1, 10):
s417187503.py(40):         for i in range(10):
s417187503.py(41):             if 0 <= i - 1:
s417187503.py(43):             if i + 1 < 10:
s417187503.py(44):                 d[i][j + 1] += d[i + 1][j]
s417187503.py(45):             d[i][j + 1] += d[i][j]
s417187503.py(40):         for i in range(10):
s417187503.py(41):             if 0 <= i - 1:
s417187503.py(42):                 d[i][j + 1] += d[i - 1][j]
s417187503.py(43):             if i + 1 < 10:
s417187503.py(44):                 d[i][j + 1] += d[i + 1][j]
s417187503.py(45):             d[i][j + 1] += d[i][j]
s417187503.py(40):         for i in range(10):
s417187503.py(41):             if 0 <= i - 1:
s417187503.py(42):                 d[i][j + 1] += d[i - 1][j]
s417187503.py(43):             if i + 1 < 10:
s417187503.py(44):                 d[i][j + 1] += d[i + 1][j]
s417187503.py(45):             d[i][j + 1] += d[i][j]
s417187503.py(40):         for i in range(10):
s417187503.py(41):             if 0 <= i - 1:
s417187503.py(42):                 d[i][j + 1] += d[i - 1][j]
s417187503.py(43):             if i + 1 < 10:
s417187503.py(44):                 d[i][j + 1] += d[i + 1][j]
s417187503.py(45):             d[i][j + 1] += d[i][j]
s417187503.py(40):         for i in range(10):
s417187503.py(41):             if 0 <= i - 1:
s417187503.py(42):                 d[i][j + 1] += d[i - 1][j]
s417187503.py(43):             if i + 1 < 10:
s417187503.py(44):                 d[i][j + 1] += d[i + 1][j]
s417187503.py(45):             d[i][j + 1] += d[i][j]
s417187503.py(40):         for i in range(10):
s417187503.py(41):             if 0 <= i - 1:
s417187503.py(42):                 d[i][j + 1] += d[i - 1][j]
s417187503.py(43):             if i + 1 < 10:
s417187503.py(44):                 d[i][j + 1] += d[i + 1][j]
s417187503.py(45):             d[i][j + 1] += d[i][j]
s417187503.py(40):         for i in range(10):
s417187503.py(41):             if 0 <= i - 1:
s417187503.py(42):                 d[i][j + 1] += d[i - 1][j]
s417187503.py(43):             if i + 1 < 10:
s417187503.py(44):                 d[i][j + 1] += d[i + 1][j]
s417187503.py(45):             d[i][j + 1] += d[i][j]
s417187503.py(40):         for i in range(10):
s417187503.py(41):             if 0 <= i - 1:
s417187503.py(42):                 d[i][j + 1] += d[i - 1][j]
s417187503.py(43):             if i + 1 < 10:
s417187503.py(44):                 d[i][j + 1] += d[i + 1][j]
s417187503.py(45):             d[i][j + 1] += d[i][j]
s417187503.py(40):         for i in range(10):
s417187503.py(41):             if 0 <= i - 1:
s417187503.py(42):                 d[i][j + 1] += d[i - 1][j]
s417187503.py(43):             if i + 1 < 10:
s417187503.py(44):                 d[i][j + 1] += d[i + 1][j]
s417187503.py(45):             d[i][j + 1] += d[i][j]
s417187503.py(40):         for i in range(10):
s417187503.py(41):             if 0 <= i - 1:
s417187503.py(42):                 d[i][j + 1] += d[i - 1][j]
s417187503.py(43):             if i + 1 < 10:
s417187503.py(45):             d[i][j + 1] += d[i][j]
s417187503.py(40):         for i in range(10):
s417187503.py(39):     for j in range(1, 10):
s417187503.py(40):         for i in range(10):
s417187503.py(41):             if 0 <= i - 1:
s417187503.py(43):             if i + 1 < 10:
s417187503.py(44):                 d[i][j + 1] += d[i + 1][j]
s417187503.py(45):             d[i][j + 1] += d[i][j]
s417187503.py(40):         for i in range(10):
s417187503.py(41):             if 0 <= i - 1:
s417187503.py(42):                 d[i][j + 1] += d[i - 1][j]
s417187503.py(43):             if i + 1 < 10:
s417187503.py(44):                 d[i][j + 1] += d[i + 1][j]
s417187503.py(45):             d[i][j + 1] += d[i][j]
s417187503.py(40):         for i in range(10):
s417187503.py(41):             if 0 <= i - 1:
s417187503.py(42):                 d[i][j + 1] += d[i - 1][j]
s417187503.py(43):             if i + 1 < 10:
s417187503.py(44):                 d[i][j + 1] += d[i + 1][j]
s417187503.py(45):             d[i][j + 1] += d[i][j]
s417187503.py(40):         for i in range(10):
s417187503.py(41):             if 0 <= i - 1:
s417187503.py(42):                 d[i][j + 1] += d[i - 1][j]
s417187503.py(43):             if i + 1 < 10:
s417187503.py(44):                 d[i][j + 1] += d[i + 1][j]
s417187503.py(45):             d[i][j + 1] += d[i][j]
s417187503.py(40):         for i in range(10):
s417187503.py(41):             if 0 <= i - 1:
s417187503.py(42):                 d[i][j + 1] += d[i - 1][j]
s417187503.py(43):             if i + 1 < 10:
s417187503.py(44):                 d[i][j + 1] += d[i + 1][j]
s417187503.py(45):             d[i][j + 1] += d[i][j]
s417187503.py(40):         for i in range(10):
s417187503.py(41):             if 0 <= i - 1:
s417187503.py(42):                 d[i][j + 1] += d[i - 1][j]
s417187503.py(43):             if i + 1 < 10:
s417187503.py(44):                 d[i][j + 1] += d[i + 1][j]
s417187503.py(45):             d[i][j + 1] += d[i][j]
s417187503.py(40):         for i in range(10):
s417187503.py(41):             if 0 <= i - 1:
s417187503.py(42):                 d[i][j + 1] += d[i - 1][j]
s417187503.py(43):             if i + 1 < 10:
s417187503.py(44):                 d[i][j + 1] += d[i + 1][j]
s417187503.py(45):             d[i][j + 1] += d[i][j]
s417187503.py(40):         for i in range(10):
s417187503.py(41):             if 0 <= i - 1:
s417187503.py(42):                 d[i][j + 1] += d[i - 1][j]
s417187503.py(43):             if i + 1 < 10:
s417187503.py(44):                 d[i][j + 1] += d[i + 1][j]
s417187503.py(45):             d[i][j + 1] += d[i][j]
s417187503.py(40):         for i in range(10):
s417187503.py(41):             if 0 <= i - 1:
s417187503.py(42):                 d[i][j + 1] += d[i - 1][j]
s417187503.py(43):             if i + 1 < 10:
s417187503.py(44):                 d[i][j + 1] += d[i + 1][j]
s417187503.py(45):             d[i][j + 1] += d[i][j]
s417187503.py(40):         for i in range(10):
s417187503.py(41):             if 0 <= i - 1:
s417187503.py(42):                 d[i][j + 1] += d[i - 1][j]
s417187503.py(43):             if i + 1 < 10:
s417187503.py(45):             d[i][j + 1] += d[i][j]
s417187503.py(40):         for i in range(10):
s417187503.py(39):     for j in range(1, 10):
s417187503.py(40):         for i in range(10):
s417187503.py(41):             if 0 <= i - 1:
s417187503.py(43):             if i + 1 < 10:
s417187503.py(44):                 d[i][j + 1] += d[i + 1][j]
s417187503.py(45):             d[i][j + 1] += d[i][j]
s417187503.py(40):         for i in range(10):
s417187503.py(41):             if 0 <= i - 1:
s417187503.py(42):                 d[i][j + 1] += d[i - 1][j]
s417187503.py(43):             if i + 1 < 10:
s417187503.py(44):                 d[i][j + 1] += d[i + 1][j]
s417187503.py(45):             d[i][j + 1] += d[i][j]
s417187503.py(40):         for i in range(10):
s417187503.py(41):             if 0 <= i - 1:
s417187503.py(42):                 d[i][j + 1] += d[i - 1][j]
s417187503.py(43):             if i + 1 < 10:
s417187503.py(44):                 d[i][j + 1] += d[i + 1][j]
s417187503.py(45):             d[i][j + 1] += d[i][j]
s417187503.py(40):         for i in range(10):
s417187503.py(41):             if 0 <= i - 1:
s417187503.py(42):                 d[i][j + 1] += d[i - 1][j]
s417187503.py(43):             if i + 1 < 10:
s417187503.py(44):                 d[i][j + 1] += d[i + 1][j]
s417187503.py(45):             d[i][j + 1] += d[i][j]
s417187503.py(40):         for i in range(10):
s417187503.py(41):             if 0 <= i - 1:
s417187503.py(42):                 d[i][j + 1] += d[i - 1][j]
s417187503.py(43):             if i + 1 < 10:
s417187503.py(44):                 d[i][j + 1] += d[i + 1][j]
s417187503.py(45):             d[i][j + 1] += d[i][j]
s417187503.py(40):         for i in range(10):
s417187503.py(41):             if 0 <= i - 1:
s417187503.py(42):                 d[i][j + 1] += d[i - 1][j]
s417187503.py(43):             if i + 1 < 10:
s417187503.py(44):                 d[i][j + 1] += d[i + 1][j]
s417187503.py(45):             d[i][j + 1] += d[i][j]
s417187503.py(40):         for i in range(10):
s417187503.py(41):             if 0 <= i - 1:
s417187503.py(42):                 d[i][j + 1] += d[i - 1][j]
s417187503.py(43):             if i + 1 < 10:
s417187503.py(44):                 d[i][j + 1] += d[i + 1][j]
s417187503.py(45):             d[i][j + 1] += d[i][j]
s417187503.py(40):         for i in range(10):
s417187503.py(41):             if 0 <= i - 1:
s417187503.py(42):                 d[i][j + 1] += d[i - 1][j]
s417187503.py(43):             if i + 1 < 10:
s417187503.py(44):                 d[i][j + 1] += d[i + 1][j]
s417187503.py(45):             d[i][j + 1] += d[i][j]
s417187503.py(40):         for i in range(10):
s417187503.py(41):             if 0 <= i - 1:
s417187503.py(42):                 d[i][j + 1] += d[i - 1][j]
s417187503.py(43):             if i + 1 < 10:
s417187503.py(44):                 d[i][j + 1] += d[i + 1][j]
s417187503.py(45):             d[i][j + 1] += d[i][j]
s417187503.py(40):         for i in range(10):
s417187503.py(41):             if 0 <= i - 1:
s417187503.py(42):                 d[i][j + 1] += d[i - 1][j]
s417187503.py(43):             if i + 1 < 10:
s417187503.py(45):             d[i][j + 1] += d[i][j]
s417187503.py(40):         for i in range(10):
s417187503.py(39):     for j in range(1, 10):
s417187503.py(47):     total = 0
s417187503.py(48):     lmd = dnum = -1
s417187503.py(49):     for j in range(1, 11):
s417187503.py(50):         for i in range(1, 10):
s417187503.py(51):             if total + d[i][j] >= k:
s417187503.py(56):             total += d[i][j]
s417187503.py(50):         for i in range(1, 10):
s417187503.py(51):             if total + d[i][j] >= k:
s417187503.py(56):             total += d[i][j]
s417187503.py(50):         for i in range(1, 10):
s417187503.py(51):             if total + d[i][j] >= k:
s417187503.py(56):             total += d[i][j]
s417187503.py(50):         for i in range(1, 10):
s417187503.py(51):             if total + d[i][j] >= k:
s417187503.py(56):             total += d[i][j]
s417187503.py(50):         for i in range(1, 10):
s417187503.py(51):             if total + d[i][j] >= k:
s417187503.py(56):             total += d[i][j]
s417187503.py(50):         for i in range(1, 10):
s417187503.py(51):             if total + d[i][j] >= k:
s417187503.py(56):             total += d[i][j]
s417187503.py(50):         for i in range(1, 10):
s417187503.py(51):             if total + d[i][j] >= k:
s417187503.py(56):             total += d[i][j]
s417187503.py(50):         for i in range(1, 10):
s417187503.py(51):             if total + d[i][j] >= k:
s417187503.py(56):             total += d[i][j]
s417187503.py(50):         for i in range(1, 10):
s417187503.py(51):             if total + d[i][j] >= k:
s417187503.py(56):             total += d[i][j]
s417187503.py(50):         for i in range(1, 10):
s417187503.py(57):         if lmd > 0:
s417187503.py(49):     for j in range(1, 11):
s417187503.py(50):         for i in range(1, 10):
s417187503.py(51):             if total + d[i][j] >= k:
s417187503.py(56):             total += d[i][j]
s417187503.py(50):         for i in range(1, 10):
s417187503.py(51):             if total + d[i][j] >= k:
s417187503.py(52):                 prev_total = total
s417187503.py(53):                 lmd = i
s417187503.py(54):                 dnum = j
s417187503.py(55):                 break
s417187503.py(57):         if lmd > 0:
s417187503.py(58):             break
s417187503.py(60):     lst = min_lunlun(lmd, dnum)
 --- modulename: s417187503, funcname: min_lunlun
s417187503.py(5):     lst = [lmd]
s417187503.py(6):     for i in range(1, dnum):
s417187503.py(7):         lst.append(max(0, lst[i - 1] - 1))
s417187503.py(6):     for i in range(1, dnum):
s417187503.py(8):     return lst
s417187503.py(61):     for i in range(k - prev_total - 1):
s417187503.py(62):         next_lunlun(lst)
 --- modulename: s417187503, funcname: next_lunlun
s417187503.py(14):     add_d = -1
s417187503.py(15):     for i in reversed(range(1, len(lst))):
s417187503.py(16):         if lst[i] < 9 and lst[i - 1] >= lst[i]:
s417187503.py(17):             add_d = i
s417187503.py(18):             break
s417187503.py(19):     lst[add_d] = lst[add_d] + 1
s417187503.py(20):     for i in range(add_d + 1, len(lst)):
s417187503.py(23):     return lst
s417187503.py(61):     for i in range(k - prev_total - 1):
s417187503.py(62):         next_lunlun(lst)
 --- modulename: s417187503, funcname: next_lunlun
s417187503.py(14):     add_d = -1
s417187503.py(15):     for i in reversed(range(1, len(lst))):
s417187503.py(16):         if lst[i] < 9 and lst[i - 1] >= lst[i]:
s417187503.py(17):             add_d = i
s417187503.py(18):             break
s417187503.py(19):     lst[add_d] = lst[add_d] + 1
s417187503.py(20):     for i in range(add_d + 1, len(lst)):
s417187503.py(23):     return lst
s417187503.py(61):     for i in range(k - prev_total - 1):
s417187503.py(63):     print("".join(map(str, lst)))
23
