 --- modulename: s419781056, funcname: <module>
s419781056.py(1): import sys
s419781056.py(3): input_methods=['clipboard','file','key']
s419781056.py(4): input_method=input_methods[1]
s419781056.py(6): bbn=1000000007
s419781056.py(10): def check(n,h,j):
s419781056.py(22): def main():
s419781056.py(64): isTest=False
s419781056.py(66): def pa(v):
s419781056.py(70): def input_clipboard():
s419781056.py(77): if __name__ == "__main__":
s419781056.py(78): 	if sys.platform =='ios':
s419781056.py(91): 	ret = main()
 --- modulename: s419781056, funcname: main
s419781056.py(23): 	n = int(input())
 --- modulename: codecs, funcname: getstate
codecs.py(333):         return (self.buffer, 0)
 --- modulename: codecs, funcname: decode
codecs.py(321):         data = self.buffer + input
codecs.py(322):         (result, consumed) = self._buffer_decode(data, self.errors, final)
codecs.py(324):         self.buffer = data[consumed:]
codecs.py(325):         return result
s419781056.py(30): 	for h in range(1,3501):
s419781056.py(31): 		for j in range(1,3501):
s419781056.py(32): 			w = check(n,h,j)
 --- modulename: s419781056, funcname: check
s419781056.py(13): 	t= (4*h*j-n*j-n*h)
s419781056.py(14): 	if t!=0 and n*h*j % t == 0:
s419781056.py(17): 	return -1
s419781056.py(33): 			if w > 0:
s419781056.py(31): 		for j in range(1,3501):
s419781056.py(32): 			w = check(n,h,j)
 --- modulename: s419781056, funcname: check
s419781056.py(13): 	t= (4*h*j-n*j-n*h)
s419781056.py(14): 	if t!=0 and n*h*j % t == 0:
s419781056.py(16): 		return (n*h*j)//t
s419781056.py(33): 			if w > 0:
s419781056.py(36): 				return ' '.join([str(v) for v in [h,j,w]])
 --- modulename: s419781056, funcname: <listcomp>
s419781056.py(36): 				return ' '.join([str(v) for v in [h,j,w]])
s419781056.py(36): 				return ' '.join([str(v) for v in [h,j,w]])
s419781056.py(36): 				return ' '.join([str(v) for v in [h,j,w]])
s419781056.py(36): 				return ' '.join([str(v) for v in [h,j,w]])
s419781056.py(92): 	if ret is not None:
s419781056.py(93): 		print(ret)
1 2 2
