 --- modulename: s419896125, funcname: <module>
s419896125.py(1): import sys
s419896125.py(2): sys.setrecursionlimit(10**7)
s419896125.py(3): def LI(): return [int(x) for x in sys.stdin.readline().split()]
s419896125.py(4): def LI_(): return [int(x) - 1 for x in sys.stdin.readline().split()]
s419896125.py(5): def LF(): return [float(x) for x in sys.stdin.readline().split()]
s419896125.py(6): def LS(): return sys.stdin.readline().split()
s419896125.py(7): def II(): return int(sys.stdin.readline())
s419896125.py(8): def SI(): return sys.stdin.readline().strip()
s419896125.py(9): INF = 10 ** 18
s419896125.py(10): MOD = 10 ** 9 + 7
s419896125.py(12): def main(): 
s419896125.py(60): main()
 --- modulename: s419896125, funcname: main
s419896125.py(13):     N, M = LI()
 --- modulename: s419896125, funcname: LI
s419896125.py(3): def LI(): return [int(x) for x in sys.stdin.readline().split()]
 --- modulename: codecs, funcname: getstate
codecs.py(333):         return (self.buffer, 0)
 --- modulename: codecs, funcname: decode
codecs.py(321):         data = self.buffer + input
codecs.py(322):         (result, consumed) = self._buffer_decode(data, self.errors, final)
codecs.py(324):         self.buffer = data[consumed:]
codecs.py(325):         return result
 --- modulename: s419896125, funcname: <listcomp>
s419896125.py(3): def LI(): return [int(x) for x in sys.stdin.readline().split()]
s419896125.py(3): def LI(): return [int(x) for x in sys.stdin.readline().split()]
s419896125.py(3): def LI(): return [int(x) for x in sys.stdin.readline().split()]
s419896125.py(14):     graph = []
s419896125.py(15):     from collections import defaultdict
 --- modulename: _bootstrap, funcname: _handle_fromlist
<frozen importlib._bootstrap>(1043): <frozen importlib._bootstrap>(1044): <frozen importlib._bootstrap>(1051): <frozen importlib._bootstrap>(1055): <frozen importlib._bootstrap>(1043): <frozen importlib._bootstrap>(1067): s419896125.py(16):     reversed_graph_dict = defaultdict(list)
s419896125.py(17):     for _ in range(M):
s419896125.py(18):         u, v = LI()
 --- modulename: s419896125, funcname: LI
s419896125.py(3): def LI(): return [int(x) for x in sys.stdin.readline().split()]
 --- modulename: s419896125, funcname: <listcomp>
s419896125.py(3): def LI(): return [int(x) for x in sys.stdin.readline().split()]
s419896125.py(3): def LI(): return [int(x) for x in sys.stdin.readline().split()]
s419896125.py(3): def LI(): return [int(x) for x in sys.stdin.readline().split()]
s419896125.py(19):         graph.append([u,v])
s419896125.py(20):         reversed_graph_dict[v].append(u)
s419896125.py(17):     for _ in range(M):
s419896125.py(18):         u, v = LI()
 --- modulename: s419896125, funcname: LI
s419896125.py(3): def LI(): return [int(x) for x in sys.stdin.readline().split()]
 --- modulename: s419896125, funcname: <listcomp>
s419896125.py(3): def LI(): return [int(x) for x in sys.stdin.readline().split()]
s419896125.py(3): def LI(): return [int(x) for x in sys.stdin.readline().split()]
s419896125.py(3): def LI(): return [int(x) for x in sys.stdin.readline().split()]
s419896125.py(19):         graph.append([u,v])
s419896125.py(20):         reversed_graph_dict[v].append(u)
s419896125.py(17):     for _ in range(M):
s419896125.py(18):         u, v = LI()
 --- modulename: s419896125, funcname: LI
s419896125.py(3): def LI(): return [int(x) for x in sys.stdin.readline().split()]
 --- modulename: s419896125, funcname: <listcomp>
s419896125.py(3): def LI(): return [int(x) for x in sys.stdin.readline().split()]
s419896125.py(3): def LI(): return [int(x) for x in sys.stdin.readline().split()]
s419896125.py(3): def LI(): return [int(x) for x in sys.stdin.readline().split()]
s419896125.py(19):         graph.append([u,v])
s419896125.py(20):         reversed_graph_dict[v].append(u)
s419896125.py(17):     for _ in range(M):
s419896125.py(18):         u, v = LI()
 --- modulename: s419896125, funcname: LI
s419896125.py(3): def LI(): return [int(x) for x in sys.stdin.readline().split()]
 --- modulename: s419896125, funcname: <listcomp>
s419896125.py(3): def LI(): return [int(x) for x in sys.stdin.readline().split()]
s419896125.py(3): def LI(): return [int(x) for x in sys.stdin.readline().split()]
s419896125.py(3): def LI(): return [int(x) for x in sys.stdin.readline().split()]
s419896125.py(19):         graph.append([u,v])
s419896125.py(20):         reversed_graph_dict[v].append(u)
s419896125.py(17):     for _ in range(M):
s419896125.py(21):     S, T = LI()
 --- modulename: s419896125, funcname: LI
s419896125.py(3): def LI(): return [int(x) for x in sys.stdin.readline().split()]
 --- modulename: s419896125, funcname: <listcomp>
s419896125.py(3): def LI(): return [int(x) for x in sys.stdin.readline().split()]
s419896125.py(3): def LI(): return [int(x) for x in sys.stdin.readline().split()]
s419896125.py(3): def LI(): return [int(x) for x in sys.stdin.readline().split()]
s419896125.py(25):     import collections
s419896125.py(26):     def bfs(graph, root):
s419896125.py(57):     bfs(reversed_graph_dict, T)
 --- modulename: s419896125, funcname: bfs
s419896125.py(27):         seen, queue = set([root]), collections.deque([[root, 0],])
s419896125.py(28):         first_step_seen = set([])
s419896125.py(29):         second_step_seen = set([])
s419896125.py(30):         while queue:
s419896125.py(31):             vertex, tries = queue.popleft()
s419896125.py(32):             tries += 1
s419896125.py(35):             first_step = graph[vertex]
s419896125.py(37):             second_step = []
s419896125.py(38):             for x in set(first_step) - first_step_seen:
s419896125.py(39):                 second_step += graph[x]
s419896125.py(38):             for x in set(first_step) - first_step_seen:
s419896125.py(40):             first_step_seen |= set(first_step)
s419896125.py(42):             third_step = []
s419896125.py(43):             for x in set(second_step) - second_step_seen:
s419896125.py(44):                 third_step += graph[x]
s419896125.py(43):             for x in set(second_step) - second_step_seen:
s419896125.py(45):             second_step_seen |= set(second_step)
s419896125.py(47):             for node in set(third_step):
s419896125.py(48):                 if node == S:
s419896125.py(51):                 if node not in seen:
s419896125.py(52):                     seen.add(node)
s419896125.py(53):                     queue.append([node, tries])
s419896125.py(47):             for node in set(third_step):
s419896125.py(30):         while queue:
s419896125.py(31):             vertex, tries = queue.popleft()
s419896125.py(32):             tries += 1
s419896125.py(35):             first_step = graph[vertex]
s419896125.py(37):             second_step = []
s419896125.py(38):             for x in set(first_step) - first_step_seen:
s419896125.py(39):                 second_step += graph[x]
s419896125.py(38):             for x in set(first_step) - first_step_seen:
s419896125.py(40):             first_step_seen |= set(first_step)
s419896125.py(42):             third_step = []
s419896125.py(43):             for x in set(second_step) - second_step_seen:
s419896125.py(44):                 third_step += graph[x]
s419896125.py(43):             for x in set(second_step) - second_step_seen:
s419896125.py(45):             second_step_seen |= set(second_step)
s419896125.py(47):             for node in set(third_step):
s419896125.py(48):                 if node == S:
s419896125.py(49):                     print(tries)
2
s419896125.py(50):                     return
