 --- modulename: s423854035, funcname: <module>
s423854035.py(2): import sys
s423854035.py(3): import heapq
s423854035.py(4): from collections import Counter
 --- modulename: _bootstrap, funcname: _handle_fromlist
<frozen importlib._bootstrap>(1043): <frozen importlib._bootstrap>(1044): <frozen importlib._bootstrap>(1051): <frozen importlib._bootstrap>(1055): <frozen importlib._bootstrap>(1043): <frozen importlib._bootstrap>(1067): s423854035.py(5): INF = float("inf")
s423854035.py(10): class Graph(object):
 --- modulename: s423854035, funcname: Graph
s423854035.py(10): class Graph(object):
s423854035.py(11):     def __init__(self, N):
s423854035.py(16):     def add_edge(self, edge):
s423854035.py(32): def shortestPath(g: Graph, s: int):
s423854035.py(57): def solve(H: int, W: int, c: "List[List[int]]", A: "List[List[int]]"):
s423854035.py(82): def main():
s423854035.py(98): if __name__ == '__main__':
s423854035.py(99):     main()
 --- modulename: s423854035, funcname: main
s423854035.py(84):     def iterate_tokens():
s423854035.py(88):     tokens = iterate_tokens()
s423854035.py(89):     H = int(next(tokens))  # type: int
 --- modulename: s423854035, funcname: iterate_tokens
s423854035.py(85):         for line in sys.stdin:
 --- modulename: codecs, funcname: decode
codecs.py(321):         data = self.buffer + input
codecs.py(322):         (result, consumed) = self._buffer_decode(data, self.errors, final)
codecs.py(324):         self.buffer = data[consumed:]
codecs.py(325):         return result
s423854035.py(86):             for word in line.split():
s423854035.py(87):                 yield word
s423854035.py(90):     W = int(next(tokens))  # type: int
 --- modulename: s423854035, funcname: iterate_tokens
s423854035.py(86):             for word in line.split():
s423854035.py(87):                 yield word
s423854035.py(91):     c = [[int(next(tokens)) for _ in range(9-0+1)]
s423854035.py(92):          for _ in range(9-0+1)]  # type: "List[List[int]]"
s423854035.py(91):     c = [[int(next(tokens)) for _ in range(9-0+1)]
 --- modulename: s423854035, funcname: <listcomp>
s423854035.py(91):     c = [[int(next(tokens)) for _ in range(9-0+1)]
s423854035.py(91):     c = [[int(next(tokens)) for _ in range(9-0+1)]
 --- modulename: s423854035, funcname: <listcomp>
s423854035.py(91):     c = [[int(next(tokens)) for _ in range(9-0+1)]
 --- modulename: s423854035, funcname: iterate_tokens
s423854035.py(86):             for word in line.split():
s423854035.py(85):         for line in sys.stdin:
s423854035.py(86):             for word in line.split():
s423854035.py(87):                 yield word
s423854035.py(91):     c = [[int(next(tokens)) for _ in range(9-0+1)]
 --- modulename: s423854035, funcname: iterate_tokens
s423854035.py(86):             for word in line.split():
s423854035.py(87):                 yield word
s423854035.py(91):     c = [[int(next(tokens)) for _ in range(9-0+1)]
 --- modulename: s423854035, funcname: iterate_tokens
s423854035.py(86):             for word in line.split():
s423854035.py(87):                 yield word
s423854035.py(91):     c = [[int(next(tokens)) for _ in range(9-0+1)]
 --- modulename: s423854035, funcname: iterate_tokens
s423854035.py(86):             for word in line.split():
s423854035.py(87):                 yield word
s423854035.py(91):     c = [[int(next(tokens)) for _ in range(9-0+1)]
 --- modulename: s423854035, funcname: iterate_tokens
s423854035.py(86):             for word in line.split():
s423854035.py(87):                 yield word
s423854035.py(91):     c = [[int(next(tokens)) for _ in range(9-0+1)]
 --- modulename: s423854035, funcname: iterate_tokens
s423854035.py(86):             for word in line.split():
s423854035.py(87):                 yield word
s423854035.py(91):     c = [[int(next(tokens)) for _ in range(9-0+1)]
 --- modulename: s423854035, funcname: iterate_tokens
s423854035.py(86):             for word in line.split():
s423854035.py(87):                 yield word
s423854035.py(91):     c = [[int(next(tokens)) for _ in range(9-0+1)]
 --- modulename: s423854035, funcname: iterate_tokens
s423854035.py(86):             for word in line.split():
s423854035.py(87):                 yield word
s423854035.py(91):     c = [[int(next(tokens)) for _ in range(9-0+1)]
 --- modulename: s423854035, funcname: iterate_tokens
s423854035.py(86):             for word in line.split():
s423854035.py(87):                 yield word
s423854035.py(91):     c = [[int(next(tokens)) for _ in range(9-0+1)]
 --- modulename: s423854035, funcname: iterate_tokens
s423854035.py(86):             for word in line.split():
s423854035.py(87):                 yield word
s423854035.py(91):     c = [[int(next(tokens)) for _ in range(9-0+1)]
s423854035.py(91):     c = [[int(next(tokens)) for _ in range(9-0+1)]
s423854035.py(91):     c = [[int(next(tokens)) for _ in range(9-0+1)]
 --- modulename: s423854035, funcname: <listcomp>
s423854035.py(91):     c = [[int(next(tokens)) for _ in range(9-0+1)]
 --- modulename: s423854035, funcname: iterate_tokens
s423854035.py(86):             for word in line.split():
s423854035.py(85):         for line in sys.stdin:
s423854035.py(86):             for word in line.split():
s423854035.py(87):                 yield word
s423854035.py(91):     c = [[int(next(tokens)) for _ in range(9-0+1)]
 --- modulename: s423854035, funcname: iterate_tokens
s423854035.py(86):             for word in line.split():
s423854035.py(87):                 yield word
s423854035.py(91):     c = [[int(next(tokens)) for _ in range(9-0+1)]
 --- modulename: s423854035, funcname: iterate_tokens
s423854035.py(86):             for word in line.split():
s423854035.py(87):                 yield word
s423854035.py(91):     c = [[int(next(tokens)) for _ in range(9-0+1)]
 --- modulename: s423854035, funcname: iterate_tokens
s423854035.py(86):             for word in line.split():
s423854035.py(87):                 yield word
s423854035.py(91):     c = [[int(next(tokens)) for _ in range(9-0+1)]
 --- modulename: s423854035, funcname: iterate_tokens
s423854035.py(86):             for word in line.split():
s423854035.py(87):                 yield word
s423854035.py(91):     c = [[int(next(tokens)) for _ in range(9-0+1)]
 --- modulename: s423854035, funcname: iterate_tokens
s423854035.py(86):             for word in line.split():
s423854035.py(87):                 yield word
s423854035.py(91):     c = [[int(next(tokens)) for _ in range(9-0+1)]
 --- modulename: s423854035, funcname: iterate_tokens
s423854035.py(86):             for word in line.split():
s423854035.py(87):                 yield word
s423854035.py(91):     c = [[int(next(tokens)) for _ in range(9-0+1)]
 --- modulename: s423854035, funcname: iterate_tokens
s423854035.py(86):             for word in line.split():
s423854035.py(87):                 yield word
s423854035.py(91):     c = [[int(next(tokens)) for _ in range(9-0+1)]
 --- modulename: s423854035, funcname: iterate_tokens
s423854035.py(86):             for word in line.split():
s423854035.py(87):                 yield word
s423854035.py(91):     c = [[int(next(tokens)) for _ in range(9-0+1)]
 --- modulename: s423854035, funcname: iterate_tokens
s423854035.py(86):             for word in line.split():
s423854035.py(87):                 yield word
s423854035.py(91):     c = [[int(next(tokens)) for _ in range(9-0+1)]
s423854035.py(91):     c = [[int(next(tokens)) for _ in range(9-0+1)]
s423854035.py(91):     c = [[int(next(tokens)) for _ in range(9-0+1)]
 --- modulename: s423854035, funcname: <listcomp>
s423854035.py(91):     c = [[int(next(tokens)) for _ in range(9-0+1)]
 --- modulename: s423854035, funcname: iterate_tokens
s423854035.py(86):             for word in line.split():
s423854035.py(85):         for line in sys.stdin:
s423854035.py(86):             for word in line.split():
s423854035.py(87):                 yield word
s423854035.py(91):     c = [[int(next(tokens)) for _ in range(9-0+1)]
 --- modulename: s423854035, funcname: iterate_tokens
s423854035.py(86):             for word in line.split():
s423854035.py(87):                 yield word
s423854035.py(91):     c = [[int(next(tokens)) for _ in range(9-0+1)]
 --- modulename: s423854035, funcname: iterate_tokens
s423854035.py(86):             for word in line.split():
s423854035.py(87):                 yield word
s423854035.py(91):     c = [[int(next(tokens)) for _ in range(9-0+1)]
 --- modulename: s423854035, funcname: iterate_tokens
s423854035.py(86):             for word in line.split():
s423854035.py(87):                 yield word
s423854035.py(91):     c = [[int(next(tokens)) for _ in range(9-0+1)]
 --- modulename: s423854035, funcname: iterate_tokens
s423854035.py(86):             for word in line.split():
s423854035.py(87):                 yield word
s423854035.py(91):     c = [[int(next(tokens)) for _ in range(9-0+1)]
 --- modulename: s423854035, funcname: iterate_tokens
s423854035.py(86):             for word in line.split():
s423854035.py(87):                 yield word
s423854035.py(91):     c = [[int(next(tokens)) for _ in range(9-0+1)]
 --- modulename: s423854035, funcname: iterate_tokens
s423854035.py(86):             for word in line.split():
s423854035.py(87):                 yield word
s423854035.py(91):     c = [[int(next(tokens)) for _ in range(9-0+1)]
 --- modulename: s423854035, funcname: iterate_tokens
s423854035.py(86):             for word in line.split():
s423854035.py(87):                 yield word
s423854035.py(91):     c = [[int(next(tokens)) for _ in range(9-0+1)]
 --- modulename: s423854035, funcname: iterate_tokens
s423854035.py(86):             for word in line.split():
s423854035.py(87):                 yield word
s423854035.py(91):     c = [[int(next(tokens)) for _ in range(9-0+1)]
 --- modulename: s423854035, funcname: iterate_tokens
s423854035.py(86):             for word in line.split():
s423854035.py(87):                 yield word
s423854035.py(91):     c = [[int(next(tokens)) for _ in range(9-0+1)]
s423854035.py(91):     c = [[int(next(tokens)) for _ in range(9-0+1)]
s423854035.py(91):     c = [[int(next(tokens)) for _ in range(9-0+1)]
 --- modulename: s423854035, funcname: <listcomp>
s423854035.py(91):     c = [[int(next(tokens)) for _ in range(9-0+1)]
 --- modulename: s423854035, funcname: iterate_tokens
s423854035.py(86):             for word in line.split():
s423854035.py(85):         for line in sys.stdin:
s423854035.py(86):             for word in line.split():
s423854035.py(87):                 yield word
s423854035.py(91):     c = [[int(next(tokens)) for _ in range(9-0+1)]
 --- modulename: s423854035, funcname: iterate_tokens
s423854035.py(86):             for word in line.split():
s423854035.py(87):                 yield word
s423854035.py(91):     c = [[int(next(tokens)) for _ in range(9-0+1)]
 --- modulename: s423854035, funcname: iterate_tokens
s423854035.py(86):             for word in line.split():
s423854035.py(87):                 yield word
s423854035.py(91):     c = [[int(next(tokens)) for _ in range(9-0+1)]
 --- modulename: s423854035, funcname: iterate_tokens
s423854035.py(86):             for word in line.split():
s423854035.py(87):                 yield word
s423854035.py(91):     c = [[int(next(tokens)) for _ in range(9-0+1)]
 --- modulename: s423854035, funcname: iterate_tokens
s423854035.py(86):             for word in line.split():
s423854035.py(87):                 yield word
s423854035.py(91):     c = [[int(next(tokens)) for _ in range(9-0+1)]
 --- modulename: s423854035, funcname: iterate_tokens
s423854035.py(86):             for word in line.split():
s423854035.py(87):                 yield word
s423854035.py(91):     c = [[int(next(tokens)) for _ in range(9-0+1)]
 --- modulename: s423854035, funcname: iterate_tokens
s423854035.py(86):             for word in line.split():
s423854035.py(87):                 yield word
s423854035.py(91):     c = [[int(next(tokens)) for _ in range(9-0+1)]
 --- modulename: s423854035, funcname: iterate_tokens
s423854035.py(86):             for word in line.split():
s423854035.py(87):                 yield word
s423854035.py(91):     c = [[int(next(tokens)) for _ in range(9-0+1)]
 --- modulename: s423854035, funcname: iterate_tokens
s423854035.py(86):             for word in line.split():
s423854035.py(87):                 yield word
s423854035.py(91):     c = [[int(next(tokens)) for _ in range(9-0+1)]
 --- modulename: s423854035, funcname: iterate_tokens
s423854035.py(86):             for word in line.split():
s423854035.py(87):                 yield word
s423854035.py(91):     c = [[int(next(tokens)) for _ in range(9-0+1)]
s423854035.py(91):     c = [[int(next(tokens)) for _ in range(9-0+1)]
s423854035.py(91):     c = [[int(next(tokens)) for _ in range(9-0+1)]
 --- modulename: s423854035, funcname: <listcomp>
s423854035.py(91):     c = [[int(next(tokens)) for _ in range(9-0+1)]
 --- modulename: s423854035, funcname: iterate_tokens
s423854035.py(86):             for word in line.split():
s423854035.py(85):         for line in sys.stdin:
s423854035.py(86):             for word in line.split():
s423854035.py(87):                 yield word
s423854035.py(91):     c = [[int(next(tokens)) for _ in range(9-0+1)]
 --- modulename: s423854035, funcname: iterate_tokens
s423854035.py(86):             for word in line.split():
s423854035.py(87):                 yield word
s423854035.py(91):     c = [[int(next(tokens)) for _ in range(9-0+1)]
 --- modulename: s423854035, funcname: iterate_tokens
s423854035.py(86):             for word in line.split():
s423854035.py(87):                 yield word
s423854035.py(91):     c = [[int(next(tokens)) for _ in range(9-0+1)]
 --- modulename: s423854035, funcname: iterate_tokens
s423854035.py(86):             for word in line.split():
s423854035.py(87):                 yield word
s423854035.py(91):     c = [[int(next(tokens)) for _ in range(9-0+1)]
 --- modulename: s423854035, funcname: iterate_tokens
s423854035.py(86):             for word in line.split():
s423854035.py(87):                 yield word
s423854035.py(91):     c = [[int(next(tokens)) for _ in range(9-0+1)]
 --- modulename: s423854035, funcname: iterate_tokens
s423854035.py(86):             for word in line.split():
s423854035.py(87):                 yield word
s423854035.py(91):     c = [[int(next(tokens)) for _ in range(9-0+1)]
 --- modulename: s423854035, funcname: iterate_tokens
s423854035.py(86):             for word in line.split():
s423854035.py(87):                 yield word
s423854035.py(91):     c = [[int(next(tokens)) for _ in range(9-0+1)]
 --- modulename: s423854035, funcname: iterate_tokens
s423854035.py(86):             for word in line.split():
s423854035.py(87):                 yield word
s423854035.py(91):     c = [[int(next(tokens)) for _ in range(9-0+1)]
 --- modulename: s423854035, funcname: iterate_tokens
s423854035.py(86):             for word in line.split():
s423854035.py(87):                 yield word
s423854035.py(91):     c = [[int(next(tokens)) for _ in range(9-0+1)]
 --- modulename: s423854035, funcname: iterate_tokens
s423854035.py(86):             for word in line.split():
s423854035.py(87):                 yield word
s423854035.py(91):     c = [[int(next(tokens)) for _ in range(9-0+1)]
s423854035.py(91):     c = [[int(next(tokens)) for _ in range(9-0+1)]
s423854035.py(91):     c = [[int(next(tokens)) for _ in range(9-0+1)]
 --- modulename: s423854035, funcname: <listcomp>
s423854035.py(91):     c = [[int(next(tokens)) for _ in range(9-0+1)]
 --- modulename: s423854035, funcname: iterate_tokens
s423854035.py(86):             for word in line.split():
s423854035.py(85):         for line in sys.stdin:
s423854035.py(86):             for word in line.split():
s423854035.py(87):                 yield word
s423854035.py(91):     c = [[int(next(tokens)) for _ in range(9-0+1)]
 --- modulename: s423854035, funcname: iterate_tokens
s423854035.py(86):             for word in line.split():
s423854035.py(87):                 yield word
s423854035.py(91):     c = [[int(next(tokens)) for _ in range(9-0+1)]
 --- modulename: s423854035, funcname: iterate_tokens
s423854035.py(86):             for word in line.split():
s423854035.py(87):                 yield word
s423854035.py(91):     c = [[int(next(tokens)) for _ in range(9-0+1)]
 --- modulename: s423854035, funcname: iterate_tokens
s423854035.py(86):             for word in line.split():
s423854035.py(87):                 yield word
s423854035.py(91):     c = [[int(next(tokens)) for _ in range(9-0+1)]
 --- modulename: s423854035, funcname: iterate_tokens
s423854035.py(86):             for word in line.split():
s423854035.py(87):                 yield word
s423854035.py(91):     c = [[int(next(tokens)) for _ in range(9-0+1)]
 --- modulename: s423854035, funcname: iterate_tokens
s423854035.py(86):             for word in line.split():
s423854035.py(87):                 yield word
s423854035.py(91):     c = [[int(next(tokens)) for _ in range(9-0+1)]
 --- modulename: s423854035, funcname: iterate_tokens
s423854035.py(86):             for word in line.split():
s423854035.py(87):                 yield word
s423854035.py(91):     c = [[int(next(tokens)) for _ in range(9-0+1)]
 --- modulename: s423854035, funcname: iterate_tokens
s423854035.py(86):             for word in line.split():
s423854035.py(87):                 yield word
s423854035.py(91):     c = [[int(next(tokens)) for _ in range(9-0+1)]
 --- modulename: s423854035, funcname: iterate_tokens
s423854035.py(86):             for word in line.split():
s423854035.py(87):                 yield word
s423854035.py(91):     c = [[int(next(tokens)) for _ in range(9-0+1)]
 --- modulename: s423854035, funcname: iterate_tokens
s423854035.py(86):             for word in line.split():
s423854035.py(87):                 yield word
s423854035.py(91):     c = [[int(next(tokens)) for _ in range(9-0+1)]
s423854035.py(91):     c = [[int(next(tokens)) for _ in range(9-0+1)]
s423854035.py(91):     c = [[int(next(tokens)) for _ in range(9-0+1)]
 --- modulename: s423854035, funcname: <listcomp>
s423854035.py(91):     c = [[int(next(tokens)) for _ in range(9-0+1)]
 --- modulename: s423854035, funcname: iterate_tokens
s423854035.py(86):             for word in line.split():
s423854035.py(85):         for line in sys.stdin:
s423854035.py(86):             for word in line.split():
s423854035.py(87):                 yield word
s423854035.py(91):     c = [[int(next(tokens)) for _ in range(9-0+1)]
 --- modulename: s423854035, funcname: iterate_tokens
s423854035.py(86):             for word in line.split():
s423854035.py(87):                 yield word
s423854035.py(91):     c = [[int(next(tokens)) for _ in range(9-0+1)]
 --- modulename: s423854035, funcname: iterate_tokens
s423854035.py(86):             for word in line.split():
s423854035.py(87):                 yield word
s423854035.py(91):     c = [[int(next(tokens)) for _ in range(9-0+1)]
 --- modulename: s423854035, funcname: iterate_tokens
s423854035.py(86):             for word in line.split():
s423854035.py(87):                 yield word
s423854035.py(91):     c = [[int(next(tokens)) for _ in range(9-0+1)]
 --- modulename: s423854035, funcname: iterate_tokens
s423854035.py(86):             for word in line.split():
s423854035.py(87):                 yield word
s423854035.py(91):     c = [[int(next(tokens)) for _ in range(9-0+1)]
 --- modulename: s423854035, funcname: iterate_tokens
s423854035.py(86):             for word in line.split():
s423854035.py(87):                 yield word
s423854035.py(91):     c = [[int(next(tokens)) for _ in range(9-0+1)]
 --- modulename: s423854035, funcname: iterate_tokens
s423854035.py(86):             for word in line.split():
s423854035.py(87):                 yield word
s423854035.py(91):     c = [[int(next(tokens)) for _ in range(9-0+1)]
 --- modulename: s423854035, funcname: iterate_tokens
s423854035.py(86):             for word in line.split():
s423854035.py(87):                 yield word
s423854035.py(91):     c = [[int(next(tokens)) for _ in range(9-0+1)]
 --- modulename: s423854035, funcname: iterate_tokens
s423854035.py(86):             for word in line.split():
s423854035.py(87):                 yield word
s423854035.py(91):     c = [[int(next(tokens)) for _ in range(9-0+1)]
 --- modulename: s423854035, funcname: iterate_tokens
s423854035.py(86):             for word in line.split():
s423854035.py(87):                 yield word
s423854035.py(91):     c = [[int(next(tokens)) for _ in range(9-0+1)]
s423854035.py(91):     c = [[int(next(tokens)) for _ in range(9-0+1)]
s423854035.py(91):     c = [[int(next(tokens)) for _ in range(9-0+1)]
 --- modulename: s423854035, funcname: <listcomp>
s423854035.py(91):     c = [[int(next(tokens)) for _ in range(9-0+1)]
 --- modulename: s423854035, funcname: iterate_tokens
s423854035.py(86):             for word in line.split():
s423854035.py(85):         for line in sys.stdin:
s423854035.py(86):             for word in line.split():
s423854035.py(87):                 yield word
s423854035.py(91):     c = [[int(next(tokens)) for _ in range(9-0+1)]
 --- modulename: s423854035, funcname: iterate_tokens
s423854035.py(86):             for word in line.split():
s423854035.py(87):                 yield word
s423854035.py(91):     c = [[int(next(tokens)) for _ in range(9-0+1)]
 --- modulename: s423854035, funcname: iterate_tokens
s423854035.py(86):             for word in line.split():
s423854035.py(87):                 yield word
s423854035.py(91):     c = [[int(next(tokens)) for _ in range(9-0+1)]
 --- modulename: s423854035, funcname: iterate_tokens
s423854035.py(86):             for word in line.split():
s423854035.py(87):                 yield word
s423854035.py(91):     c = [[int(next(tokens)) for _ in range(9-0+1)]
 --- modulename: s423854035, funcname: iterate_tokens
s423854035.py(86):             for word in line.split():
s423854035.py(87):                 yield word
s423854035.py(91):     c = [[int(next(tokens)) for _ in range(9-0+1)]
 --- modulename: s423854035, funcname: iterate_tokens
s423854035.py(86):             for word in line.split():
s423854035.py(87):                 yield word
s423854035.py(91):     c = [[int(next(tokens)) for _ in range(9-0+1)]
 --- modulename: s423854035, funcname: iterate_tokens
s423854035.py(86):             for word in line.split():
s423854035.py(87):                 yield word
s423854035.py(91):     c = [[int(next(tokens)) for _ in range(9-0+1)]
 --- modulename: s423854035, funcname: iterate_tokens
s423854035.py(86):             for word in line.split():
s423854035.py(87):                 yield word
s423854035.py(91):     c = [[int(next(tokens)) for _ in range(9-0+1)]
 --- modulename: s423854035, funcname: iterate_tokens
s423854035.py(86):             for word in line.split():
s423854035.py(87):                 yield word
s423854035.py(91):     c = [[int(next(tokens)) for _ in range(9-0+1)]
 --- modulename: s423854035, funcname: iterate_tokens
s423854035.py(86):             for word in line.split():
s423854035.py(87):                 yield word
s423854035.py(91):     c = [[int(next(tokens)) for _ in range(9-0+1)]
s423854035.py(91):     c = [[int(next(tokens)) for _ in range(9-0+1)]
s423854035.py(91):     c = [[int(next(tokens)) for _ in range(9-0+1)]
 --- modulename: s423854035, funcname: <listcomp>
s423854035.py(91):     c = [[int(next(tokens)) for _ in range(9-0+1)]
 --- modulename: s423854035, funcname: iterate_tokens
s423854035.py(86):             for word in line.split():
s423854035.py(85):         for line in sys.stdin:
s423854035.py(86):             for word in line.split():
s423854035.py(87):                 yield word
s423854035.py(91):     c = [[int(next(tokens)) for _ in range(9-0+1)]
 --- modulename: s423854035, funcname: iterate_tokens
s423854035.py(86):             for word in line.split():
s423854035.py(87):                 yield word
s423854035.py(91):     c = [[int(next(tokens)) for _ in range(9-0+1)]
 --- modulename: s423854035, funcname: iterate_tokens
s423854035.py(86):             for word in line.split():
s423854035.py(87):                 yield word
s423854035.py(91):     c = [[int(next(tokens)) for _ in range(9-0+1)]
 --- modulename: s423854035, funcname: iterate_tokens
s423854035.py(86):             for word in line.split():
s423854035.py(87):                 yield word
s423854035.py(91):     c = [[int(next(tokens)) for _ in range(9-0+1)]
 --- modulename: s423854035, funcname: iterate_tokens
s423854035.py(86):             for word in line.split():
s423854035.py(87):                 yield word
s423854035.py(91):     c = [[int(next(tokens)) for _ in range(9-0+1)]
 --- modulename: s423854035, funcname: iterate_tokens
s423854035.py(86):             for word in line.split():
s423854035.py(87):                 yield word
s423854035.py(91):     c = [[int(next(tokens)) for _ in range(9-0+1)]
 --- modulename: s423854035, funcname: iterate_tokens
s423854035.py(86):             for word in line.split():
s423854035.py(87):                 yield word
s423854035.py(91):     c = [[int(next(tokens)) for _ in range(9-0+1)]
 --- modulename: s423854035, funcname: iterate_tokens
s423854035.py(86):             for word in line.split():
s423854035.py(87):                 yield word
s423854035.py(91):     c = [[int(next(tokens)) for _ in range(9-0+1)]
 --- modulename: s423854035, funcname: iterate_tokens
s423854035.py(86):             for word in line.split():
s423854035.py(87):                 yield word
s423854035.py(91):     c = [[int(next(tokens)) for _ in range(9-0+1)]
 --- modulename: s423854035, funcname: iterate_tokens
s423854035.py(86):             for word in line.split():
s423854035.py(87):                 yield word
s423854035.py(91):     c = [[int(next(tokens)) for _ in range(9-0+1)]
s423854035.py(91):     c = [[int(next(tokens)) for _ in range(9-0+1)]
s423854035.py(91):     c = [[int(next(tokens)) for _ in range(9-0+1)]
 --- modulename: s423854035, funcname: <listcomp>
s423854035.py(91):     c = [[int(next(tokens)) for _ in range(9-0+1)]
 --- modulename: s423854035, funcname: iterate_tokens
s423854035.py(86):             for word in line.split():
s423854035.py(85):         for line in sys.stdin:
s423854035.py(86):             for word in line.split():
s423854035.py(87):                 yield word
s423854035.py(91):     c = [[int(next(tokens)) for _ in range(9-0+1)]
 --- modulename: s423854035, funcname: iterate_tokens
s423854035.py(86):             for word in line.split():
s423854035.py(87):                 yield word
s423854035.py(91):     c = [[int(next(tokens)) for _ in range(9-0+1)]
 --- modulename: s423854035, funcname: iterate_tokens
s423854035.py(86):             for word in line.split():
s423854035.py(87):                 yield word
s423854035.py(91):     c = [[int(next(tokens)) for _ in range(9-0+1)]
 --- modulename: s423854035, funcname: iterate_tokens
s423854035.py(86):             for word in line.split():
s423854035.py(87):                 yield word
s423854035.py(91):     c = [[int(next(tokens)) for _ in range(9-0+1)]
 --- modulename: s423854035, funcname: iterate_tokens
s423854035.py(86):             for word in line.split():
s423854035.py(87):                 yield word
s423854035.py(91):     c = [[int(next(tokens)) for _ in range(9-0+1)]
 --- modulename: s423854035, funcname: iterate_tokens
s423854035.py(86):             for word in line.split():
s423854035.py(87):                 yield word
s423854035.py(91):     c = [[int(next(tokens)) for _ in range(9-0+1)]
 --- modulename: s423854035, funcname: iterate_tokens
s423854035.py(86):             for word in line.split():
s423854035.py(87):                 yield word
s423854035.py(91):     c = [[int(next(tokens)) for _ in range(9-0+1)]
 --- modulename: s423854035, funcname: iterate_tokens
s423854035.py(86):             for word in line.split():
s423854035.py(87):                 yield word
s423854035.py(91):     c = [[int(next(tokens)) for _ in range(9-0+1)]
 --- modulename: s423854035, funcname: iterate_tokens
s423854035.py(86):             for word in line.split():
s423854035.py(87):                 yield word
s423854035.py(91):     c = [[int(next(tokens)) for _ in range(9-0+1)]
 --- modulename: s423854035, funcname: iterate_tokens
s423854035.py(86):             for word in line.split():
s423854035.py(87):                 yield word
s423854035.py(91):     c = [[int(next(tokens)) for _ in range(9-0+1)]
s423854035.py(91):     c = [[int(next(tokens)) for _ in range(9-0+1)]
s423854035.py(93):     A = [[int(next(tokens)) for _ in range(W)]
s423854035.py(94):          for _ in range(H)]  # type: "List[List[int]]"
s423854035.py(93):     A = [[int(next(tokens)) for _ in range(W)]
 --- modulename: s423854035, funcname: <listcomp>
s423854035.py(93):     A = [[int(next(tokens)) for _ in range(W)]
s423854035.py(93):     A = [[int(next(tokens)) for _ in range(W)]
 --- modulename: s423854035, funcname: <listcomp>
s423854035.py(93):     A = [[int(next(tokens)) for _ in range(W)]
 --- modulename: s423854035, funcname: iterate_tokens
s423854035.py(86):             for word in line.split():
s423854035.py(85):         for line in sys.stdin:
s423854035.py(86):             for word in line.split():
s423854035.py(87):                 yield word
s423854035.py(93):     A = [[int(next(tokens)) for _ in range(W)]
 --- modulename: s423854035, funcname: iterate_tokens
s423854035.py(86):             for word in line.split():
s423854035.py(87):                 yield word
s423854035.py(93):     A = [[int(next(tokens)) for _ in range(W)]
 --- modulename: s423854035, funcname: iterate_tokens
s423854035.py(86):             for word in line.split():
s423854035.py(87):                 yield word
s423854035.py(93):     A = [[int(next(tokens)) for _ in range(W)]
 --- modulename: s423854035, funcname: iterate_tokens
s423854035.py(86):             for word in line.split():
s423854035.py(87):                 yield word
s423854035.py(93):     A = [[int(next(tokens)) for _ in range(W)]
s423854035.py(93):     A = [[int(next(tokens)) for _ in range(W)]
s423854035.py(93):     A = [[int(next(tokens)) for _ in range(W)]
 --- modulename: s423854035, funcname: <listcomp>
s423854035.py(93):     A = [[int(next(tokens)) for _ in range(W)]
 --- modulename: s423854035, funcname: iterate_tokens
s423854035.py(86):             for word in line.split():
s423854035.py(85):         for line in sys.stdin:
s423854035.py(86):             for word in line.split():
s423854035.py(87):                 yield word
s423854035.py(93):     A = [[int(next(tokens)) for _ in range(W)]
 --- modulename: s423854035, funcname: iterate_tokens
s423854035.py(86):             for word in line.split():
s423854035.py(87):                 yield word
s423854035.py(93):     A = [[int(next(tokens)) for _ in range(W)]
 --- modulename: s423854035, funcname: iterate_tokens
s423854035.py(86):             for word in line.split():
s423854035.py(87):                 yield word
s423854035.py(93):     A = [[int(next(tokens)) for _ in range(W)]
 --- modulename: s423854035, funcname: iterate_tokens
s423854035.py(86):             for word in line.split():
s423854035.py(87):                 yield word
s423854035.py(93):     A = [[int(next(tokens)) for _ in range(W)]
s423854035.py(93):     A = [[int(next(tokens)) for _ in range(W)]
s423854035.py(95):     solve(H, W, c, A)
 --- modulename: s423854035, funcname: solve
s423854035.py(58):     g = Graph(10)
 --- modulename: s423854035, funcname: __init__
s423854035.py(12):         self.N = N
s423854035.py(13):         self.V = list(range(N))
s423854035.py(14):         self.E = [[] for _ in range(N)]
 --- modulename: s423854035, funcname: <listcomp>
s423854035.py(14):         self.E = [[] for _ in range(N)]
s423854035.py(14):         self.E = [[] for _ in range(N)]
s423854035.py(14):         self.E = [[] for _ in range(N)]
s423854035.py(14):         self.E = [[] for _ in range(N)]
s423854035.py(14):         self.E = [[] for _ in range(N)]
s423854035.py(14):         self.E = [[] for _ in range(N)]
s423854035.py(14):         self.E = [[] for _ in range(N)]
s423854035.py(14):         self.E = [[] for _ in range(N)]
s423854035.py(14):         self.E = [[] for _ in range(N)]
s423854035.py(14):         self.E = [[] for _ in range(N)]
s423854035.py(14):         self.E = [[] for _ in range(N)]
s423854035.py(60):     for i in range(10):
s423854035.py(61):         for j in range(10):
s423854035.py(62):             g.add_edge([j, i, c[i][j]])
 --- modulename: s423854035, funcname: add_edge
s423854035.py(20):         if len(edge) == 2:
s423854035.py(22):         elif len(edge) != 3:
s423854035.py(26):         s, t, w = edge
s423854035.py(27):         self.E[s].append([t, w])
s423854035.py(29):         pass
s423854035.py(61):         for j in range(10):
s423854035.py(62):             g.add_edge([j, i, c[i][j]])
 --- modulename: s423854035, funcname: add_edge
s423854035.py(20):         if len(edge) == 2:
s423854035.py(22):         elif len(edge) != 3:
s423854035.py(26):         s, t, w = edge
s423854035.py(27):         self.E[s].append([t, w])
s423854035.py(29):         pass
s423854035.py(61):         for j in range(10):
s423854035.py(62):             g.add_edge([j, i, c[i][j]])
 --- modulename: s423854035, funcname: add_edge
s423854035.py(20):         if len(edge) == 2:
s423854035.py(22):         elif len(edge) != 3:
s423854035.py(26):         s, t, w = edge
s423854035.py(27):         self.E[s].append([t, w])
s423854035.py(29):         pass
s423854035.py(61):         for j in range(10):
s423854035.py(62):             g.add_edge([j, i, c[i][j]])
 --- modulename: s423854035, funcname: add_edge
s423854035.py(20):         if len(edge) == 2:
s423854035.py(22):         elif len(edge) != 3:
s423854035.py(26):         s, t, w = edge
s423854035.py(27):         self.E[s].append([t, w])
s423854035.py(29):         pass
s423854035.py(61):         for j in range(10):
s423854035.py(62):             g.add_edge([j, i, c[i][j]])
 --- modulename: s423854035, funcname: add_edge
s423854035.py(20):         if len(edge) == 2:
s423854035.py(22):         elif len(edge) != 3:
s423854035.py(26):         s, t, w = edge
s423854035.py(27):         self.E[s].append([t, w])
s423854035.py(29):         pass
s423854035.py(61):         for j in range(10):
s423854035.py(62):             g.add_edge([j, i, c[i][j]])
 --- modulename: s423854035, funcname: add_edge
s423854035.py(20):         if len(edge) == 2:
s423854035.py(22):         elif len(edge) != 3:
s423854035.py(26):         s, t, w = edge
s423854035.py(27):         self.E[s].append([t, w])
s423854035.py(29):         pass
s423854035.py(61):         for j in range(10):
s423854035.py(62):             g.add_edge([j, i, c[i][j]])
 --- modulename: s423854035, funcname: add_edge
s423854035.py(20):         if len(edge) == 2:
s423854035.py(22):         elif len(edge) != 3:
s423854035.py(26):         s, t, w = edge
s423854035.py(27):         self.E[s].append([t, w])
s423854035.py(29):         pass
s423854035.py(61):         for j in range(10):
s423854035.py(62):             g.add_edge([j, i, c[i][j]])
 --- modulename: s423854035, funcname: add_edge
s423854035.py(20):         if len(edge) == 2:
s423854035.py(22):         elif len(edge) != 3:
s423854035.py(26):         s, t, w = edge
s423854035.py(27):         self.E[s].append([t, w])
s423854035.py(29):         pass
s423854035.py(61):         for j in range(10):
s423854035.py(62):             g.add_edge([j, i, c[i][j]])
 --- modulename: s423854035, funcname: add_edge
s423854035.py(20):         if len(edge) == 2:
s423854035.py(22):         elif len(edge) != 3:
s423854035.py(26):         s, t, w = edge
s423854035.py(27):         self.E[s].append([t, w])
s423854035.py(29):         pass
s423854035.py(61):         for j in range(10):
s423854035.py(62):             g.add_edge([j, i, c[i][j]])
 --- modulename: s423854035, funcname: add_edge
s423854035.py(20):         if len(edge) == 2:
s423854035.py(22):         elif len(edge) != 3:
s423854035.py(26):         s, t, w = edge
s423854035.py(27):         self.E[s].append([t, w])
s423854035.py(29):         pass
s423854035.py(61):         for j in range(10):
s423854035.py(60):     for i in range(10):
s423854035.py(61):         for j in range(10):
s423854035.py(62):             g.add_edge([j, i, c[i][j]])
 --- modulename: s423854035, funcname: add_edge
s423854035.py(20):         if len(edge) == 2:
s423854035.py(22):         elif len(edge) != 3:
s423854035.py(26):         s, t, w = edge
s423854035.py(27):         self.E[s].append([t, w])
s423854035.py(29):         pass
s423854035.py(61):         for j in range(10):
s423854035.py(62):             g.add_edge([j, i, c[i][j]])
 --- modulename: s423854035, funcname: add_edge
s423854035.py(20):         if len(edge) == 2:
s423854035.py(22):         elif len(edge) != 3:
s423854035.py(26):         s, t, w = edge
s423854035.py(27):         self.E[s].append([t, w])
s423854035.py(29):         pass
s423854035.py(61):         for j in range(10):
s423854035.py(62):             g.add_edge([j, i, c[i][j]])
 --- modulename: s423854035, funcname: add_edge
s423854035.py(20):         if len(edge) == 2:
s423854035.py(22):         elif len(edge) != 3:
s423854035.py(26):         s, t, w = edge
s423854035.py(27):         self.E[s].append([t, w])
s423854035.py(29):         pass
s423854035.py(61):         for j in range(10):
s423854035.py(62):             g.add_edge([j, i, c[i][j]])
 --- modulename: s423854035, funcname: add_edge
s423854035.py(20):         if len(edge) == 2:
s423854035.py(22):         elif len(edge) != 3:
s423854035.py(26):         s, t, w = edge
s423854035.py(27):         self.E[s].append([t, w])
s423854035.py(29):         pass
s423854035.py(61):         for j in range(10):
s423854035.py(62):             g.add_edge([j, i, c[i][j]])
 --- modulename: s423854035, funcname: add_edge
s423854035.py(20):         if len(edge) == 2:
s423854035.py(22):         elif len(edge) != 3:
s423854035.py(26):         s, t, w = edge
s423854035.py(27):         self.E[s].append([t, w])
s423854035.py(29):         pass
s423854035.py(61):         for j in range(10):
s423854035.py(62):             g.add_edge([j, i, c[i][j]])
 --- modulename: s423854035, funcname: add_edge
s423854035.py(20):         if len(edge) == 2:
s423854035.py(22):         elif len(edge) != 3:
s423854035.py(26):         s, t, w = edge
s423854035.py(27):         self.E[s].append([t, w])
s423854035.py(29):         pass
s423854035.py(61):         for j in range(10):
s423854035.py(62):             g.add_edge([j, i, c[i][j]])
 --- modulename: s423854035, funcname: add_edge
s423854035.py(20):         if len(edge) == 2:
s423854035.py(22):         elif len(edge) != 3:
s423854035.py(26):         s, t, w = edge
s423854035.py(27):         self.E[s].append([t, w])
s423854035.py(29):         pass
s423854035.py(61):         for j in range(10):
s423854035.py(62):             g.add_edge([j, i, c[i][j]])
 --- modulename: s423854035, funcname: add_edge
s423854035.py(20):         if len(edge) == 2:
s423854035.py(22):         elif len(edge) != 3:
s423854035.py(26):         s, t, w = edge
s423854035.py(27):         self.E[s].append([t, w])
s423854035.py(29):         pass
s423854035.py(61):         for j in range(10):
s423854035.py(62):             g.add_edge([j, i, c[i][j]])
 --- modulename: s423854035, funcname: add_edge
s423854035.py(20):         if len(edge) == 2:
s423854035.py(22):         elif len(edge) != 3:
s423854035.py(26):         s, t, w = edge
s423854035.py(27):         self.E[s].append([t, w])
s423854035.py(29):         pass
s423854035.py(61):         for j in range(10):
s423854035.py(62):             g.add_edge([j, i, c[i][j]])
 --- modulename: s423854035, funcname: add_edge
s423854035.py(20):         if len(edge) == 2:
s423854035.py(22):         elif len(edge) != 3:
s423854035.py(26):         s, t, w = edge
s423854035.py(27):         self.E[s].append([t, w])
s423854035.py(29):         pass
s423854035.py(61):         for j in range(10):
s423854035.py(60):     for i in range(10):
s423854035.py(61):         for j in range(10):
s423854035.py(62):             g.add_edge([j, i, c[i][j]])
 --- modulename: s423854035, funcname: add_edge
s423854035.py(20):         if len(edge) == 2:
s423854035.py(22):         elif len(edge) != 3:
s423854035.py(26):         s, t, w = edge
s423854035.py(27):         self.E[s].append([t, w])
s423854035.py(29):         pass
s423854035.py(61):         for j in range(10):
s423854035.py(62):             g.add_edge([j, i, c[i][j]])
 --- modulename: s423854035, funcname: add_edge
s423854035.py(20):         if len(edge) == 2:
s423854035.py(22):         elif len(edge) != 3:
s423854035.py(26):         s, t, w = edge
s423854035.py(27):         self.E[s].append([t, w])
s423854035.py(29):         pass
s423854035.py(61):         for j in range(10):
s423854035.py(62):             g.add_edge([j, i, c[i][j]])
 --- modulename: s423854035, funcname: add_edge
s423854035.py(20):         if len(edge) == 2:
s423854035.py(22):         elif len(edge) != 3:
s423854035.py(26):         s, t, w = edge
s423854035.py(27):         self.E[s].append([t, w])
s423854035.py(29):         pass
s423854035.py(61):         for j in range(10):
s423854035.py(62):             g.add_edge([j, i, c[i][j]])
 --- modulename: s423854035, funcname: add_edge
s423854035.py(20):         if len(edge) == 2:
s423854035.py(22):         elif len(edge) != 3:
s423854035.py(26):         s, t, w = edge
s423854035.py(27):         self.E[s].append([t, w])
s423854035.py(29):         pass
s423854035.py(61):         for j in range(10):
s423854035.py(62):             g.add_edge([j, i, c[i][j]])
 --- modulename: s423854035, funcname: add_edge
s423854035.py(20):         if len(edge) == 2:
s423854035.py(22):         elif len(edge) != 3:
s423854035.py(26):         s, t, w = edge
s423854035.py(27):         self.E[s].append([t, w])
s423854035.py(29):         pass
s423854035.py(61):         for j in range(10):
s423854035.py(62):             g.add_edge([j, i, c[i][j]])
 --- modulename: s423854035, funcname: add_edge
s423854035.py(20):         if len(edge) == 2:
s423854035.py(22):         elif len(edge) != 3:
s423854035.py(26):         s, t, w = edge
s423854035.py(27):         self.E[s].append([t, w])
s423854035.py(29):         pass
s423854035.py(61):         for j in range(10):
s423854035.py(62):             g.add_edge([j, i, c[i][j]])
 --- modulename: s423854035, funcname: add_edge
s423854035.py(20):         if len(edge) == 2:
s423854035.py(22):         elif len(edge) != 3:
s423854035.py(26):         s, t, w = edge
s423854035.py(27):         self.E[s].append([t, w])
s423854035.py(29):         pass
s423854035.py(61):         for j in range(10):
s423854035.py(62):             g.add_edge([j, i, c[i][j]])
 --- modulename: s423854035, funcname: add_edge
s423854035.py(20):         if len(edge) == 2:
s423854035.py(22):         elif len(edge) != 3:
s423854035.py(26):         s, t, w = edge
s423854035.py(27):         self.E[s].append([t, w])
s423854035.py(29):         pass
s423854035.py(61):         for j in range(10):
s423854035.py(62):             g.add_edge([j, i, c[i][j]])
 --- modulename: s423854035, funcname: add_edge
s423854035.py(20):         if len(edge) == 2:
s423854035.py(22):         elif len(edge) != 3:
s423854035.py(26):         s, t, w = edge
s423854035.py(27):         self.E[s].append([t, w])
s423854035.py(29):         pass
s423854035.py(61):         for j in range(10):
s423854035.py(62):             g.add_edge([j, i, c[i][j]])
 --- modulename: s423854035, funcname: add_edge
s423854035.py(20):         if len(edge) == 2:
s423854035.py(22):         elif len(edge) != 3:
s423854035.py(26):         s, t, w = edge
s423854035.py(27):         self.E[s].append([t, w])
s423854035.py(29):         pass
s423854035.py(61):         for j in range(10):
s423854035.py(60):     for i in range(10):
s423854035.py(61):         for j in range(10):
s423854035.py(62):             g.add_edge([j, i, c[i][j]])
 --- modulename: s423854035, funcname: add_edge
s423854035.py(20):         if len(edge) == 2:
s423854035.py(22):         elif len(edge) != 3:
s423854035.py(26):         s, t, w = edge
s423854035.py(27):         self.E[s].append([t, w])
s423854035.py(29):         pass
s423854035.py(61):         for j in range(10):
s423854035.py(62):             g.add_edge([j, i, c[i][j]])
 --- modulename: s423854035, funcname: add_edge
s423854035.py(20):         if len(edge) == 2:
s423854035.py(22):         elif len(edge) != 3:
s423854035.py(26):         s, t, w = edge
s423854035.py(27):         self.E[s].append([t, w])
s423854035.py(29):         pass
s423854035.py(61):         for j in range(10):
s423854035.py(62):             g.add_edge([j, i, c[i][j]])
 --- modulename: s423854035, funcname: add_edge
s423854035.py(20):         if len(edge) == 2:
s423854035.py(22):         elif len(edge) != 3:
s423854035.py(26):         s, t, w = edge
s423854035.py(27):         self.E[s].append([t, w])
s423854035.py(29):         pass
s423854035.py(61):         for j in range(10):
s423854035.py(62):             g.add_edge([j, i, c[i][j]])
 --- modulename: s423854035, funcname: add_edge
s423854035.py(20):         if len(edge) == 2:
s423854035.py(22):         elif len(edge) != 3:
s423854035.py(26):         s, t, w = edge
s423854035.py(27):         self.E[s].append([t, w])
s423854035.py(29):         pass
s423854035.py(61):         for j in range(10):
s423854035.py(62):             g.add_edge([j, i, c[i][j]])
 --- modulename: s423854035, funcname: add_edge
s423854035.py(20):         if len(edge) == 2:
s423854035.py(22):         elif len(edge) != 3:
s423854035.py(26):         s, t, w = edge
s423854035.py(27):         self.E[s].append([t, w])
s423854035.py(29):         pass
s423854035.py(61):         for j in range(10):
s423854035.py(62):             g.add_edge([j, i, c[i][j]])
 --- modulename: s423854035, funcname: add_edge
s423854035.py(20):         if len(edge) == 2:
s423854035.py(22):         elif len(edge) != 3:
s423854035.py(26):         s, t, w = edge
s423854035.py(27):         self.E[s].append([t, w])
s423854035.py(29):         pass
s423854035.py(61):         for j in range(10):
s423854035.py(62):             g.add_edge([j, i, c[i][j]])
 --- modulename: s423854035, funcname: add_edge
s423854035.py(20):         if len(edge) == 2:
s423854035.py(22):         elif len(edge) != 3:
s423854035.py(26):         s, t, w = edge
s423854035.py(27):         self.E[s].append([t, w])
s423854035.py(29):         pass
s423854035.py(61):         for j in range(10):
s423854035.py(62):             g.add_edge([j, i, c[i][j]])
 --- modulename: s423854035, funcname: add_edge
s423854035.py(20):         if len(edge) == 2:
s423854035.py(22):         elif len(edge) != 3:
s423854035.py(26):         s, t, w = edge
s423854035.py(27):         self.E[s].append([t, w])
s423854035.py(29):         pass
s423854035.py(61):         for j in range(10):
s423854035.py(62):             g.add_edge([j, i, c[i][j]])
 --- modulename: s423854035, funcname: add_edge
s423854035.py(20):         if len(edge) == 2:
s423854035.py(22):         elif len(edge) != 3:
s423854035.py(26):         s, t, w = edge
s423854035.py(27):         self.E[s].append([t, w])
s423854035.py(29):         pass
s423854035.py(61):         for j in range(10):
s423854035.py(62):             g.add_edge([j, i, c[i][j]])
 --- modulename: s423854035, funcname: add_edge
s423854035.py(20):         if len(edge) == 2:
s423854035.py(22):         elif len(edge) != 3:
s423854035.py(26):         s, t, w = edge
s423854035.py(27):         self.E[s].append([t, w])
s423854035.py(29):         pass
s423854035.py(61):         for j in range(10):
s423854035.py(60):     for i in range(10):
s423854035.py(61):         for j in range(10):
s423854035.py(62):             g.add_edge([j, i, c[i][j]])
 --- modulename: s423854035, funcname: add_edge
s423854035.py(20):         if len(edge) == 2:
s423854035.py(22):         elif len(edge) != 3:
s423854035.py(26):         s, t, w = edge
s423854035.py(27):         self.E[s].append([t, w])
s423854035.py(29):         pass
s423854035.py(61):         for j in range(10):
s423854035.py(62):             g.add_edge([j, i, c[i][j]])
 --- modulename: s423854035, funcname: add_edge
s423854035.py(20):         if len(edge) == 2:
s423854035.py(22):         elif len(edge) != 3:
s423854035.py(26):         s, t, w = edge
s423854035.py(27):         self.E[s].append([t, w])
s423854035.py(29):         pass
s423854035.py(61):         for j in range(10):
s423854035.py(62):             g.add_edge([j, i, c[i][j]])
 --- modulename: s423854035, funcname: add_edge
s423854035.py(20):         if len(edge) == 2:
s423854035.py(22):         elif len(edge) != 3:
s423854035.py(26):         s, t, w = edge
s423854035.py(27):         self.E[s].append([t, w])
s423854035.py(29):         pass
s423854035.py(61):         for j in range(10):
s423854035.py(62):             g.add_edge([j, i, c[i][j]])
 --- modulename: s423854035, funcname: add_edge
s423854035.py(20):         if len(edge) == 2:
s423854035.py(22):         elif len(edge) != 3:
s423854035.py(26):         s, t, w = edge
s423854035.py(27):         self.E[s].append([t, w])
s423854035.py(29):         pass
s423854035.py(61):         for j in range(10):
s423854035.py(62):             g.add_edge([j, i, c[i][j]])
 --- modulename: s423854035, funcname: add_edge
s423854035.py(20):         if len(edge) == 2:
s423854035.py(22):         elif len(edge) != 3:
s423854035.py(26):         s, t, w = edge
s423854035.py(27):         self.E[s].append([t, w])
s423854035.py(29):         pass
s423854035.py(61):         for j in range(10):
s423854035.py(62):             g.add_edge([j, i, c[i][j]])
 --- modulename: s423854035, funcname: add_edge
s423854035.py(20):         if len(edge) == 2:
s423854035.py(22):         elif len(edge) != 3:
s423854035.py(26):         s, t, w = edge
s423854035.py(27):         self.E[s].append([t, w])
s423854035.py(29):         pass
s423854035.py(61):         for j in range(10):
s423854035.py(62):             g.add_edge([j, i, c[i][j]])
 --- modulename: s423854035, funcname: add_edge
s423854035.py(20):         if len(edge) == 2:
s423854035.py(22):         elif len(edge) != 3:
s423854035.py(26):         s, t, w = edge
s423854035.py(27):         self.E[s].append([t, w])
s423854035.py(29):         pass
s423854035.py(61):         for j in range(10):
s423854035.py(62):             g.add_edge([j, i, c[i][j]])
 --- modulename: s423854035, funcname: add_edge
s423854035.py(20):         if len(edge) == 2:
s423854035.py(22):         elif len(edge) != 3:
s423854035.py(26):         s, t, w = edge
s423854035.py(27):         self.E[s].append([t, w])
s423854035.py(29):         pass
s423854035.py(61):         for j in range(10):
s423854035.py(62):             g.add_edge([j, i, c[i][j]])
 --- modulename: s423854035, funcname: add_edge
s423854035.py(20):         if len(edge) == 2:
s423854035.py(22):         elif len(edge) != 3:
s423854035.py(26):         s, t, w = edge
s423854035.py(27):         self.E[s].append([t, w])
s423854035.py(29):         pass
s423854035.py(61):         for j in range(10):
s423854035.py(62):             g.add_edge([j, i, c[i][j]])
 --- modulename: s423854035, funcname: add_edge
s423854035.py(20):         if len(edge) == 2:
s423854035.py(22):         elif len(edge) != 3:
s423854035.py(26):         s, t, w = edge
s423854035.py(27):         self.E[s].append([t, w])
s423854035.py(29):         pass
s423854035.py(61):         for j in range(10):
s423854035.py(60):     for i in range(10):
s423854035.py(61):         for j in range(10):
s423854035.py(62):             g.add_edge([j, i, c[i][j]])
 --- modulename: s423854035, funcname: add_edge
s423854035.py(20):         if len(edge) == 2:
s423854035.py(22):         elif len(edge) != 3:
s423854035.py(26):         s, t, w = edge
s423854035.py(27):         self.E[s].append([t, w])
s423854035.py(29):         pass
s423854035.py(61):         for j in range(10):
s423854035.py(62):             g.add_edge([j, i, c[i][j]])
 --- modulename: s423854035, funcname: add_edge
s423854035.py(20):         if len(edge) == 2:
s423854035.py(22):         elif len(edge) != 3:
s423854035.py(26):         s, t, w = edge
s423854035.py(27):         self.E[s].append([t, w])
s423854035.py(29):         pass
s423854035.py(61):         for j in range(10):
s423854035.py(62):             g.add_edge([j, i, c[i][j]])
 --- modulename: s423854035, funcname: add_edge
s423854035.py(20):         if len(edge) == 2:
s423854035.py(22):         elif len(edge) != 3:
s423854035.py(26):         s, t, w = edge
s423854035.py(27):         self.E[s].append([t, w])
s423854035.py(29):         pass
s423854035.py(61):         for j in range(10):
s423854035.py(62):             g.add_edge([j, i, c[i][j]])
 --- modulename: s423854035, funcname: add_edge
s423854035.py(20):         if len(edge) == 2:
s423854035.py(22):         elif len(edge) != 3:
s423854035.py(26):         s, t, w = edge
s423854035.py(27):         self.E[s].append([t, w])
s423854035.py(29):         pass
s423854035.py(61):         for j in range(10):
s423854035.py(62):             g.add_edge([j, i, c[i][j]])
 --- modulename: s423854035, funcname: add_edge
s423854035.py(20):         if len(edge) == 2:
s423854035.py(22):         elif len(edge) != 3:
s423854035.py(26):         s, t, w = edge
s423854035.py(27):         self.E[s].append([t, w])
s423854035.py(29):         pass
s423854035.py(61):         for j in range(10):
s423854035.py(62):             g.add_edge([j, i, c[i][j]])
 --- modulename: s423854035, funcname: add_edge
s423854035.py(20):         if len(edge) == 2:
s423854035.py(22):         elif len(edge) != 3:
s423854035.py(26):         s, t, w = edge
s423854035.py(27):         self.E[s].append([t, w])
s423854035.py(29):         pass
s423854035.py(61):         for j in range(10):
s423854035.py(62):             g.add_edge([j, i, c[i][j]])
 --- modulename: s423854035, funcname: add_edge
s423854035.py(20):         if len(edge) == 2:
s423854035.py(22):         elif len(edge) != 3:
s423854035.py(26):         s, t, w = edge
s423854035.py(27):         self.E[s].append([t, w])
s423854035.py(29):         pass
s423854035.py(61):         for j in range(10):
s423854035.py(62):             g.add_edge([j, i, c[i][j]])
 --- modulename: s423854035, funcname: add_edge
s423854035.py(20):         if len(edge) == 2:
s423854035.py(22):         elif len(edge) != 3:
s423854035.py(26):         s, t, w = edge
s423854035.py(27):         self.E[s].append([t, w])
s423854035.py(29):         pass
s423854035.py(61):         for j in range(10):
s423854035.py(62):             g.add_edge([j, i, c[i][j]])
 --- modulename: s423854035, funcname: add_edge
s423854035.py(20):         if len(edge) == 2:
s423854035.py(22):         elif len(edge) != 3:
s423854035.py(26):         s, t, w = edge
s423854035.py(27):         self.E[s].append([t, w])
s423854035.py(29):         pass
s423854035.py(61):         for j in range(10):
s423854035.py(62):             g.add_edge([j, i, c[i][j]])
 --- modulename: s423854035, funcname: add_edge
s423854035.py(20):         if len(edge) == 2:
s423854035.py(22):         elif len(edge) != 3:
s423854035.py(26):         s, t, w = edge
s423854035.py(27):         self.E[s].append([t, w])
s423854035.py(29):         pass
s423854035.py(61):         for j in range(10):
s423854035.py(60):     for i in range(10):
s423854035.py(61):         for j in range(10):
s423854035.py(62):             g.add_edge([j, i, c[i][j]])
 --- modulename: s423854035, funcname: add_edge
s423854035.py(20):         if len(edge) == 2:
s423854035.py(22):         elif len(edge) != 3:
s423854035.py(26):         s, t, w = edge
s423854035.py(27):         self.E[s].append([t, w])
s423854035.py(29):         pass
s423854035.py(61):         for j in range(10):
s423854035.py(62):             g.add_edge([j, i, c[i][j]])
 --- modulename: s423854035, funcname: add_edge
s423854035.py(20):         if len(edge) == 2:
s423854035.py(22):         elif len(edge) != 3:
s423854035.py(26):         s, t, w = edge
s423854035.py(27):         self.E[s].append([t, w])
s423854035.py(29):         pass
s423854035.py(61):         for j in range(10):
s423854035.py(62):             g.add_edge([j, i, c[i][j]])
 --- modulename: s423854035, funcname: add_edge
s423854035.py(20):         if len(edge) == 2:
s423854035.py(22):         elif len(edge) != 3:
s423854035.py(26):         s, t, w = edge
s423854035.py(27):         self.E[s].append([t, w])
s423854035.py(29):         pass
s423854035.py(61):         for j in range(10):
s423854035.py(62):             g.add_edge([j, i, c[i][j]])
 --- modulename: s423854035, funcname: add_edge
s423854035.py(20):         if len(edge) == 2:
s423854035.py(22):         elif len(edge) != 3:
s423854035.py(26):         s, t, w = edge
s423854035.py(27):         self.E[s].append([t, w])
s423854035.py(29):         pass
s423854035.py(61):         for j in range(10):
s423854035.py(62):             g.add_edge([j, i, c[i][j]])
 --- modulename: s423854035, funcname: add_edge
s423854035.py(20):         if len(edge) == 2:
s423854035.py(22):         elif len(edge) != 3:
s423854035.py(26):         s, t, w = edge
s423854035.py(27):         self.E[s].append([t, w])
s423854035.py(29):         pass
s423854035.py(61):         for j in range(10):
s423854035.py(62):             g.add_edge([j, i, c[i][j]])
 --- modulename: s423854035, funcname: add_edge
s423854035.py(20):         if len(edge) == 2:
s423854035.py(22):         elif len(edge) != 3:
s423854035.py(26):         s, t, w = edge
s423854035.py(27):         self.E[s].append([t, w])
s423854035.py(29):         pass
s423854035.py(61):         for j in range(10):
s423854035.py(62):             g.add_edge([j, i, c[i][j]])
 --- modulename: s423854035, funcname: add_edge
s423854035.py(20):         if len(edge) == 2:
s423854035.py(22):         elif len(edge) != 3:
s423854035.py(26):         s, t, w = edge
s423854035.py(27):         self.E[s].append([t, w])
s423854035.py(29):         pass
s423854035.py(61):         for j in range(10):
s423854035.py(62):             g.add_edge([j, i, c[i][j]])
 --- modulename: s423854035, funcname: add_edge
s423854035.py(20):         if len(edge) == 2:
s423854035.py(22):         elif len(edge) != 3:
s423854035.py(26):         s, t, w = edge
s423854035.py(27):         self.E[s].append([t, w])
s423854035.py(29):         pass
s423854035.py(61):         for j in range(10):
s423854035.py(62):             g.add_edge([j, i, c[i][j]])
 --- modulename: s423854035, funcname: add_edge
s423854035.py(20):         if len(edge) == 2:
s423854035.py(22):         elif len(edge) != 3:
s423854035.py(26):         s, t, w = edge
s423854035.py(27):         self.E[s].append([t, w])
s423854035.py(29):         pass
s423854035.py(61):         for j in range(10):
s423854035.py(62):             g.add_edge([j, i, c[i][j]])
 --- modulename: s423854035, funcname: add_edge
s423854035.py(20):         if len(edge) == 2:
s423854035.py(22):         elif len(edge) != 3:
s423854035.py(26):         s, t, w = edge
s423854035.py(27):         self.E[s].append([t, w])
s423854035.py(29):         pass
s423854035.py(61):         for j in range(10):
s423854035.py(60):     for i in range(10):
s423854035.py(61):         for j in range(10):
s423854035.py(62):             g.add_edge([j, i, c[i][j]])
 --- modulename: s423854035, funcname: add_edge
s423854035.py(20):         if len(edge) == 2:
s423854035.py(22):         elif len(edge) != 3:
s423854035.py(26):         s, t, w = edge
s423854035.py(27):         self.E[s].append([t, w])
s423854035.py(29):         pass
s423854035.py(61):         for j in range(10):
s423854035.py(62):             g.add_edge([j, i, c[i][j]])
 --- modulename: s423854035, funcname: add_edge
s423854035.py(20):         if len(edge) == 2:
s423854035.py(22):         elif len(edge) != 3:
s423854035.py(26):         s, t, w = edge
s423854035.py(27):         self.E[s].append([t, w])
s423854035.py(29):         pass
s423854035.py(61):         for j in range(10):
s423854035.py(62):             g.add_edge([j, i, c[i][j]])
 --- modulename: s423854035, funcname: add_edge
s423854035.py(20):         if len(edge) == 2:
s423854035.py(22):         elif len(edge) != 3:
s423854035.py(26):         s, t, w = edge
s423854035.py(27):         self.E[s].append([t, w])
s423854035.py(29):         pass
s423854035.py(61):         for j in range(10):
s423854035.py(62):             g.add_edge([j, i, c[i][j]])
 --- modulename: s423854035, funcname: add_edge
s423854035.py(20):         if len(edge) == 2:
s423854035.py(22):         elif len(edge) != 3:
s423854035.py(26):         s, t, w = edge
s423854035.py(27):         self.E[s].append([t, w])
s423854035.py(29):         pass
s423854035.py(61):         for j in range(10):
s423854035.py(62):             g.add_edge([j, i, c[i][j]])
 --- modulename: s423854035, funcname: add_edge
s423854035.py(20):         if len(edge) == 2:
s423854035.py(22):         elif len(edge) != 3:
s423854035.py(26):         s, t, w = edge
s423854035.py(27):         self.E[s].append([t, w])
s423854035.py(29):         pass
s423854035.py(61):         for j in range(10):
s423854035.py(62):             g.add_edge([j, i, c[i][j]])
 --- modulename: s423854035, funcname: add_edge
s423854035.py(20):         if len(edge) == 2:
s423854035.py(22):         elif len(edge) != 3:
s423854035.py(26):         s, t, w = edge
s423854035.py(27):         self.E[s].append([t, w])
s423854035.py(29):         pass
s423854035.py(61):         for j in range(10):
s423854035.py(62):             g.add_edge([j, i, c[i][j]])
 --- modulename: s423854035, funcname: add_edge
s423854035.py(20):         if len(edge) == 2:
s423854035.py(22):         elif len(edge) != 3:
s423854035.py(26):         s, t, w = edge
s423854035.py(27):         self.E[s].append([t, w])
s423854035.py(29):         pass
s423854035.py(61):         for j in range(10):
s423854035.py(62):             g.add_edge([j, i, c[i][j]])
 --- modulename: s423854035, funcname: add_edge
s423854035.py(20):         if len(edge) == 2:
s423854035.py(22):         elif len(edge) != 3:
s423854035.py(26):         s, t, w = edge
s423854035.py(27):         self.E[s].append([t, w])
s423854035.py(29):         pass
s423854035.py(61):         for j in range(10):
s423854035.py(62):             g.add_edge([j, i, c[i][j]])
 --- modulename: s423854035, funcname: add_edge
s423854035.py(20):         if len(edge) == 2:
s423854035.py(22):         elif len(edge) != 3:
s423854035.py(26):         s, t, w = edge
s423854035.py(27):         self.E[s].append([t, w])
s423854035.py(29):         pass
s423854035.py(61):         for j in range(10):
s423854035.py(62):             g.add_edge([j, i, c[i][j]])
 --- modulename: s423854035, funcname: add_edge
s423854035.py(20):         if len(edge) == 2:
s423854035.py(22):         elif len(edge) != 3:
s423854035.py(26):         s, t, w = edge
s423854035.py(27):         self.E[s].append([t, w])
s423854035.py(29):         pass
s423854035.py(61):         for j in range(10):
s423854035.py(60):     for i in range(10):
s423854035.py(61):         for j in range(10):
s423854035.py(62):             g.add_edge([j, i, c[i][j]])
 --- modulename: s423854035, funcname: add_edge
s423854035.py(20):         if len(edge) == 2:
s423854035.py(22):         elif len(edge) != 3:
s423854035.py(26):         s, t, w = edge
s423854035.py(27):         self.E[s].append([t, w])
s423854035.py(29):         pass
s423854035.py(61):         for j in range(10):
s423854035.py(62):             g.add_edge([j, i, c[i][j]])
 --- modulename: s423854035, funcname: add_edge
s423854035.py(20):         if len(edge) == 2:
s423854035.py(22):         elif len(edge) != 3:
s423854035.py(26):         s, t, w = edge
s423854035.py(27):         self.E[s].append([t, w])
s423854035.py(29):         pass
s423854035.py(61):         for j in range(10):
s423854035.py(62):             g.add_edge([j, i, c[i][j]])
 --- modulename: s423854035, funcname: add_edge
s423854035.py(20):         if len(edge) == 2:
s423854035.py(22):         elif len(edge) != 3:
s423854035.py(26):         s, t, w = edge
s423854035.py(27):         self.E[s].append([t, w])
s423854035.py(29):         pass
s423854035.py(61):         for j in range(10):
s423854035.py(62):             g.add_edge([j, i, c[i][j]])
 --- modulename: s423854035, funcname: add_edge
s423854035.py(20):         if len(edge) == 2:
s423854035.py(22):         elif len(edge) != 3:
s423854035.py(26):         s, t, w = edge
s423854035.py(27):         self.E[s].append([t, w])
s423854035.py(29):         pass
s423854035.py(61):         for j in range(10):
s423854035.py(62):             g.add_edge([j, i, c[i][j]])
 --- modulename: s423854035, funcname: add_edge
s423854035.py(20):         if len(edge) == 2:
s423854035.py(22):         elif len(edge) != 3:
s423854035.py(26):         s, t, w = edge
s423854035.py(27):         self.E[s].append([t, w])
s423854035.py(29):         pass
s423854035.py(61):         for j in range(10):
s423854035.py(62):             g.add_edge([j, i, c[i][j]])
 --- modulename: s423854035, funcname: add_edge
s423854035.py(20):         if len(edge) == 2:
s423854035.py(22):         elif len(edge) != 3:
s423854035.py(26):         s, t, w = edge
s423854035.py(27):         self.E[s].append([t, w])
s423854035.py(29):         pass
s423854035.py(61):         for j in range(10):
s423854035.py(62):             g.add_edge([j, i, c[i][j]])
 --- modulename: s423854035, funcname: add_edge
s423854035.py(20):         if len(edge) == 2:
s423854035.py(22):         elif len(edge) != 3:
s423854035.py(26):         s, t, w = edge
s423854035.py(27):         self.E[s].append([t, w])
s423854035.py(29):         pass
s423854035.py(61):         for j in range(10):
s423854035.py(62):             g.add_edge([j, i, c[i][j]])
 --- modulename: s423854035, funcname: add_edge
s423854035.py(20):         if len(edge) == 2:
s423854035.py(22):         elif len(edge) != 3:
s423854035.py(26):         s, t, w = edge
s423854035.py(27):         self.E[s].append([t, w])
s423854035.py(29):         pass
s423854035.py(61):         for j in range(10):
s423854035.py(62):             g.add_edge([j, i, c[i][j]])
 --- modulename: s423854035, funcname: add_edge
s423854035.py(20):         if len(edge) == 2:
s423854035.py(22):         elif len(edge) != 3:
s423854035.py(26):         s, t, w = edge
s423854035.py(27):         self.E[s].append([t, w])
s423854035.py(29):         pass
s423854035.py(61):         for j in range(10):
s423854035.py(62):             g.add_edge([j, i, c[i][j]])
 --- modulename: s423854035, funcname: add_edge
s423854035.py(20):         if len(edge) == 2:
s423854035.py(22):         elif len(edge) != 3:
s423854035.py(26):         s, t, w = edge
s423854035.py(27):         self.E[s].append([t, w])
s423854035.py(29):         pass
s423854035.py(61):         for j in range(10):
s423854035.py(60):     for i in range(10):
s423854035.py(61):         for j in range(10):
s423854035.py(62):             g.add_edge([j, i, c[i][j]])
 --- modulename: s423854035, funcname: add_edge
s423854035.py(20):         if len(edge) == 2:
s423854035.py(22):         elif len(edge) != 3:
s423854035.py(26):         s, t, w = edge
s423854035.py(27):         self.E[s].append([t, w])
s423854035.py(29):         pass
s423854035.py(61):         for j in range(10):
s423854035.py(62):             g.add_edge([j, i, c[i][j]])
 --- modulename: s423854035, funcname: add_edge
s423854035.py(20):         if len(edge) == 2:
s423854035.py(22):         elif len(edge) != 3:
s423854035.py(26):         s, t, w = edge
s423854035.py(27):         self.E[s].append([t, w])
s423854035.py(29):         pass
s423854035.py(61):         for j in range(10):
s423854035.py(62):             g.add_edge([j, i, c[i][j]])
 --- modulename: s423854035, funcname: add_edge
s423854035.py(20):         if len(edge) == 2:
s423854035.py(22):         elif len(edge) != 3:
s423854035.py(26):         s, t, w = edge
s423854035.py(27):         self.E[s].append([t, w])
s423854035.py(29):         pass
s423854035.py(61):         for j in range(10):
s423854035.py(62):             g.add_edge([j, i, c[i][j]])
 --- modulename: s423854035, funcname: add_edge
s423854035.py(20):         if len(edge) == 2:
s423854035.py(22):         elif len(edge) != 3:
s423854035.py(26):         s, t, w = edge
s423854035.py(27):         self.E[s].append([t, w])
s423854035.py(29):         pass
s423854035.py(61):         for j in range(10):
s423854035.py(62):             g.add_edge([j, i, c[i][j]])
 --- modulename: s423854035, funcname: add_edge
s423854035.py(20):         if len(edge) == 2:
s423854035.py(22):         elif len(edge) != 3:
s423854035.py(26):         s, t, w = edge
s423854035.py(27):         self.E[s].append([t, w])
s423854035.py(29):         pass
s423854035.py(61):         for j in range(10):
s423854035.py(62):             g.add_edge([j, i, c[i][j]])
 --- modulename: s423854035, funcname: add_edge
s423854035.py(20):         if len(edge) == 2:
s423854035.py(22):         elif len(edge) != 3:
s423854035.py(26):         s, t, w = edge
s423854035.py(27):         self.E[s].append([t, w])
s423854035.py(29):         pass
s423854035.py(61):         for j in range(10):
s423854035.py(62):             g.add_edge([j, i, c[i][j]])
 --- modulename: s423854035, funcname: add_edge
s423854035.py(20):         if len(edge) == 2:
s423854035.py(22):         elif len(edge) != 3:
s423854035.py(26):         s, t, w = edge
s423854035.py(27):         self.E[s].append([t, w])
s423854035.py(29):         pass
s423854035.py(61):         for j in range(10):
s423854035.py(62):             g.add_edge([j, i, c[i][j]])
 --- modulename: s423854035, funcname: add_edge
s423854035.py(20):         if len(edge) == 2:
s423854035.py(22):         elif len(edge) != 3:
s423854035.py(26):         s, t, w = edge
s423854035.py(27):         self.E[s].append([t, w])
s423854035.py(29):         pass
s423854035.py(61):         for j in range(10):
s423854035.py(62):             g.add_edge([j, i, c[i][j]])
 --- modulename: s423854035, funcname: add_edge
s423854035.py(20):         if len(edge) == 2:
s423854035.py(22):         elif len(edge) != 3:
s423854035.py(26):         s, t, w = edge
s423854035.py(27):         self.E[s].append([t, w])
s423854035.py(29):         pass
s423854035.py(61):         for j in range(10):
s423854035.py(62):             g.add_edge([j, i, c[i][j]])
 --- modulename: s423854035, funcname: add_edge
s423854035.py(20):         if len(edge) == 2:
s423854035.py(22):         elif len(edge) != 3:
s423854035.py(26):         s, t, w = edge
s423854035.py(27):         self.E[s].append([t, w])
s423854035.py(29):         pass
s423854035.py(61):         for j in range(10):
s423854035.py(60):     for i in range(10):
s423854035.py(64):     c = Counter()
 --- modulename: __init__, funcname: __init__
__init__.py(592):         super().__init__()
__init__.py(593):         self.update(iterable, **kwds)
 --- modulename: __init__, funcname: update
__init__.py(669):         if iterable is not None:
__init__.py(680):         if kwds:
s423854035.py(65):     for a in A:
s423854035.py(66):         c.update(a)
 --- modulename: __init__, funcname: update
__init__.py(669):         if iterable is not None:
__init__.py(670):             if isinstance(iterable, _collections_abc.Mapping):
 --- modulename: abc, funcname: __instancecheck__
abc.py(119):             return _abc_instancecheck(cls, instance)
 --- modulename: abc, funcname: __subclasscheck__
abc.py(123):             return _abc_subclasscheck(cls, subclass)
 --- modulename: _collections_abc, funcname: __subclasshook__
_collections_abc.py(411):         if cls is Collection:
_collections_abc.py(413):         return NotImplemented
 --- modulename: abc, funcname: __subclasscheck__
abc.py(123):             return _abc_subclasscheck(cls, subclass)
 --- modulename: _collections_abc, funcname: __subclasshook__
_collections_abc.py(411):         if cls is Collection:
_collections_abc.py(413):         return NotImplemented
 --- modulename: abc, funcname: __subclasscheck__
abc.py(123):             return _abc_subclasscheck(cls, subclass)
 --- modulename: _collections_abc, funcname: __subclasshook__
_collections_abc.py(411):         if cls is Collection:
_collections_abc.py(413):         return NotImplemented
 --- modulename: abc, funcname: __subclasscheck__
abc.py(123):             return _abc_subclasscheck(cls, subclass)
 --- modulename: _collections_abc, funcname: __subclasshook__
_collections_abc.py(411):         if cls is Collection:
_collections_abc.py(413):         return NotImplemented
 --- modulename: abc, funcname: __subclasscheck__
abc.py(123):             return _abc_subclasscheck(cls, subclass)
 --- modulename: _collections_abc, funcname: __subclasshook__
_collections_abc.py(411):         if cls is Collection:
_collections_abc.py(413):         return NotImplemented
 --- modulename: abc, funcname: __subclasscheck__
abc.py(123):             return _abc_subclasscheck(cls, subclass)
 --- modulename: _collections_abc, funcname: __subclasshook__
_collections_abc.py(411):         if cls is Collection:
_collections_abc.py(413):         return NotImplemented
 --- modulename: abc, funcname: __subclasscheck__
abc.py(123):             return _abc_subclasscheck(cls, subclass)
 --- modulename: _collections_abc, funcname: __subclasshook__
_collections_abc.py(411):         if cls is Collection:
_collections_abc.py(413):         return NotImplemented
__init__.py(679):                 _count_elements(self, iterable)
__init__.py(680):         if kwds:
s423854035.py(65):     for a in A:
s423854035.py(66):         c.update(a)
 --- modulename: __init__, funcname: update
__init__.py(669):         if iterable is not None:
__init__.py(670):             if isinstance(iterable, _collections_abc.Mapping):
 --- modulename: abc, funcname: __instancecheck__
abc.py(119):             return _abc_instancecheck(cls, instance)
__init__.py(679):                 _count_elements(self, iterable)
__init__.py(680):         if kwds:
s423854035.py(65):     for a in A:
s423854035.py(69):     dist, prev = shortestPath(g, 1)
 --- modulename: s423854035, funcname: shortestPath
s423854035.py(40):     dist = [INF]*g.N
s423854035.py(41):     dist[s] = 0
s423854035.py(43):     prev = [None]*g.N
s423854035.py(44):     Q = []
s423854035.py(45):     heapq.heappush(Q, (dist[s], s))
s423854035.py(47):     while len(Q) > 0:
s423854035.py(48):         _, u = heapq.heappop(Q)
s423854035.py(49):         for v, w in g.E[u]:
s423854035.py(50):             if dist[v] > dist[u] + w:
s423854035.py(51):                 dist[v] = dist[u] + w
s423854035.py(52):                 prev[v] = u
s423854035.py(53):                 heapq.heappush(Q, (dist[v], v))
s423854035.py(49):         for v, w in g.E[u]:
s423854035.py(50):             if dist[v] > dist[u] + w:
s423854035.py(49):         for v, w in g.E[u]:
s423854035.py(50):             if dist[v] > dist[u] + w:
s423854035.py(51):                 dist[v] = dist[u] + w
s423854035.py(52):                 prev[v] = u
s423854035.py(53):                 heapq.heappush(Q, (dist[v], v))
s423854035.py(49):         for v, w in g.E[u]:
s423854035.py(50):             if dist[v] > dist[u] + w:
s423854035.py(51):                 dist[v] = dist[u] + w
s423854035.py(52):                 prev[v] = u
s423854035.py(53):                 heapq.heappush(Q, (dist[v], v))
s423854035.py(49):         for v, w in g.E[u]:
s423854035.py(50):             if dist[v] > dist[u] + w:
s423854035.py(51):                 dist[v] = dist[u] + w
s423854035.py(52):                 prev[v] = u
s423854035.py(53):                 heapq.heappush(Q, (dist[v], v))
s423854035.py(49):         for v, w in g.E[u]:
s423854035.py(50):             if dist[v] > dist[u] + w:
s423854035.py(51):                 dist[v] = dist[u] + w
s423854035.py(52):                 prev[v] = u
s423854035.py(53):                 heapq.heappush(Q, (dist[v], v))
s423854035.py(49):         for v, w in g.E[u]:
s423854035.py(50):             if dist[v] > dist[u] + w:
s423854035.py(51):                 dist[v] = dist[u] + w
s423854035.py(52):                 prev[v] = u
s423854035.py(53):                 heapq.heappush(Q, (dist[v], v))
s423854035.py(49):         for v, w in g.E[u]:
s423854035.py(50):             if dist[v] > dist[u] + w:
s423854035.py(51):                 dist[v] = dist[u] + w
s423854035.py(52):                 prev[v] = u
s423854035.py(53):                 heapq.heappush(Q, (dist[v], v))
s423854035.py(49):         for v, w in g.E[u]:
s423854035.py(50):             if dist[v] > dist[u] + w:
s423854035.py(51):                 dist[v] = dist[u] + w
s423854035.py(52):                 prev[v] = u
s423854035.py(53):                 heapq.heappush(Q, (dist[v], v))
s423854035.py(49):         for v, w in g.E[u]:
s423854035.py(50):             if dist[v] > dist[u] + w:
s423854035.py(51):                 dist[v] = dist[u] + w
s423854035.py(52):                 prev[v] = u
s423854035.py(53):                 heapq.heappush(Q, (dist[v], v))
s423854035.py(49):         for v, w in g.E[u]:
s423854035.py(47):     while len(Q) > 0:
s423854035.py(48):         _, u = heapq.heappop(Q)
s423854035.py(49):         for v, w in g.E[u]:
s423854035.py(50):             if dist[v] > dist[u] + w:
s423854035.py(49):         for v, w in g.E[u]:
s423854035.py(50):             if dist[v] > dist[u] + w:
s423854035.py(49):         for v, w in g.E[u]:
s423854035.py(50):             if dist[v] > dist[u] + w:
s423854035.py(49):         for v, w in g.E[u]:
s423854035.py(50):             if dist[v] > dist[u] + w:
s423854035.py(49):         for v, w in g.E[u]:
s423854035.py(50):             if dist[v] > dist[u] + w:
s423854035.py(51):                 dist[v] = dist[u] + w
s423854035.py(52):                 prev[v] = u
s423854035.py(53):                 heapq.heappush(Q, (dist[v], v))
s423854035.py(49):         for v, w in g.E[u]:
s423854035.py(50):             if dist[v] > dist[u] + w:
s423854035.py(49):         for v, w in g.E[u]:
s423854035.py(50):             if dist[v] > dist[u] + w:
s423854035.py(49):         for v, w in g.E[u]:
s423854035.py(50):             if dist[v] > dist[u] + w:
s423854035.py(49):         for v, w in g.E[u]:
s423854035.py(50):             if dist[v] > dist[u] + w:
s423854035.py(49):         for v, w in g.E[u]:
s423854035.py(50):             if dist[v] > dist[u] + w:
s423854035.py(49):         for v, w in g.E[u]:
s423854035.py(47):     while len(Q) > 0:
s423854035.py(48):         _, u = heapq.heappop(Q)
s423854035.py(49):         for v, w in g.E[u]:
s423854035.py(50):             if dist[v] > dist[u] + w:
s423854035.py(49):         for v, w in g.E[u]:
s423854035.py(50):             if dist[v] > dist[u] + w:
s423854035.py(49):         for v, w in g.E[u]:
s423854035.py(50):             if dist[v] > dist[u] + w:
s423854035.py(49):         for v, w in g.E[u]:
s423854035.py(50):             if dist[v] > dist[u] + w:
s423854035.py(49):         for v, w in g.E[u]:
s423854035.py(50):             if dist[v] > dist[u] + w:
s423854035.py(49):         for v, w in g.E[u]:
s423854035.py(50):             if dist[v] > dist[u] + w:
s423854035.py(49):         for v, w in g.E[u]:
s423854035.py(50):             if dist[v] > dist[u] + w:
s423854035.py(49):         for v, w in g.E[u]:
s423854035.py(50):             if dist[v] > dist[u] + w:
s423854035.py(49):         for v, w in g.E[u]:
s423854035.py(50):             if dist[v] > dist[u] + w:
s423854035.py(51):                 dist[v] = dist[u] + w
s423854035.py(52):                 prev[v] = u
s423854035.py(53):                 heapq.heappush(Q, (dist[v], v))
s423854035.py(49):         for v, w in g.E[u]:
s423854035.py(50):             if dist[v] > dist[u] + w:
s423854035.py(49):         for v, w in g.E[u]:
s423854035.py(47):     while len(Q) > 0:
s423854035.py(48):         _, u = heapq.heappop(Q)
s423854035.py(49):         for v, w in g.E[u]:
s423854035.py(50):             if dist[v] > dist[u] + w:
s423854035.py(49):         for v, w in g.E[u]:
s423854035.py(50):             if dist[v] > dist[u] + w:
s423854035.py(49):         for v, w in g.E[u]:
s423854035.py(50):             if dist[v] > dist[u] + w:
s423854035.py(49):         for v, w in g.E[u]:
s423854035.py(50):             if dist[v] > dist[u] + w:
s423854035.py(49):         for v, w in g.E[u]:
s423854035.py(50):             if dist[v] > dist[u] + w:
s423854035.py(49):         for v, w in g.E[u]:
s423854035.py(50):             if dist[v] > dist[u] + w:
s423854035.py(49):         for v, w in g.E[u]:
s423854035.py(50):             if dist[v] > dist[u] + w:
s423854035.py(49):         for v, w in g.E[u]:
s423854035.py(50):             if dist[v] > dist[u] + w:
s423854035.py(49):         for v, w in g.E[u]:
s423854035.py(50):             if dist[v] > dist[u] + w:
s423854035.py(49):         for v, w in g.E[u]:
s423854035.py(50):             if dist[v] > dist[u] + w:
s423854035.py(49):         for v, w in g.E[u]:
s423854035.py(47):     while len(Q) > 0:
s423854035.py(48):         _, u = heapq.heappop(Q)
s423854035.py(49):         for v, w in g.E[u]:
s423854035.py(50):             if dist[v] > dist[u] + w:
s423854035.py(49):         for v, w in g.E[u]:
s423854035.py(50):             if dist[v] > dist[u] + w:
s423854035.py(49):         for v, w in g.E[u]:
s423854035.py(50):             if dist[v] > dist[u] + w:
s423854035.py(49):         for v, w in g.E[u]:
s423854035.py(50):             if dist[v] > dist[u] + w:
s423854035.py(49):         for v, w in g.E[u]:
s423854035.py(50):             if dist[v] > dist[u] + w:
s423854035.py(49):         for v, w in g.E[u]:
s423854035.py(50):             if dist[v] > dist[u] + w:
s423854035.py(49):         for v, w in g.E[u]:
s423854035.py(50):             if dist[v] > dist[u] + w:
s423854035.py(49):         for v, w in g.E[u]:
s423854035.py(50):             if dist[v] > dist[u] + w:
s423854035.py(49):         for v, w in g.E[u]:
s423854035.py(50):             if dist[v] > dist[u] + w:
s423854035.py(49):         for v, w in g.E[u]:
s423854035.py(50):             if dist[v] > dist[u] + w:
s423854035.py(49):         for v, w in g.E[u]:
s423854035.py(47):     while len(Q) > 0:
s423854035.py(48):         _, u = heapq.heappop(Q)
s423854035.py(49):         for v, w in g.E[u]:
s423854035.py(50):             if dist[v] > dist[u] + w:
s423854035.py(49):         for v, w in g.E[u]:
s423854035.py(50):             if dist[v] > dist[u] + w:
s423854035.py(49):         for v, w in g.E[u]:
s423854035.py(50):             if dist[v] > dist[u] + w:
s423854035.py(49):         for v, w in g.E[u]:
s423854035.py(50):             if dist[v] > dist[u] + w:
s423854035.py(49):         for v, w in g.E[u]:
s423854035.py(50):             if dist[v] > dist[u] + w:
s423854035.py(49):         for v, w in g.E[u]:
s423854035.py(50):             if dist[v] > dist[u] + w:
s423854035.py(49):         for v, w in g.E[u]:
s423854035.py(50):             if dist[v] > dist[u] + w:
s423854035.py(49):         for v, w in g.E[u]:
s423854035.py(50):             if dist[v] > dist[u] + w:
s423854035.py(49):         for v, w in g.E[u]:
s423854035.py(50):             if dist[v] > dist[u] + w:
s423854035.py(49):         for v, w in g.E[u]:
s423854035.py(50):             if dist[v] > dist[u] + w:
s423854035.py(49):         for v, w in g.E[u]:
s423854035.py(47):     while len(Q) > 0:
s423854035.py(48):         _, u = heapq.heappop(Q)
s423854035.py(49):         for v, w in g.E[u]:
s423854035.py(50):             if dist[v] > dist[u] + w:
s423854035.py(49):         for v, w in g.E[u]:
s423854035.py(50):             if dist[v] > dist[u] + w:
s423854035.py(49):         for v, w in g.E[u]:
s423854035.py(50):             if dist[v] > dist[u] + w:
s423854035.py(49):         for v, w in g.E[u]:
s423854035.py(50):             if dist[v] > dist[u] + w:
s423854035.py(49):         for v, w in g.E[u]:
s423854035.py(50):             if dist[v] > dist[u] + w:
s423854035.py(49):         for v, w in g.E[u]:
s423854035.py(50):             if dist[v] > dist[u] + w:
s423854035.py(49):         for v, w in g.E[u]:
s423854035.py(50):             if dist[v] > dist[u] + w:
s423854035.py(49):         for v, w in g.E[u]:
s423854035.py(50):             if dist[v] > dist[u] + w:
s423854035.py(49):         for v, w in g.E[u]:
s423854035.py(50):             if dist[v] > dist[u] + w:
s423854035.py(49):         for v, w in g.E[u]:
s423854035.py(50):             if dist[v] > dist[u] + w:
s423854035.py(49):         for v, w in g.E[u]:
s423854035.py(47):     while len(Q) > 0:
s423854035.py(48):         _, u = heapq.heappop(Q)
s423854035.py(49):         for v, w in g.E[u]:
s423854035.py(50):             if dist[v] > dist[u] + w:
s423854035.py(49):         for v, w in g.E[u]:
s423854035.py(50):             if dist[v] > dist[u] + w:
s423854035.py(49):         for v, w in g.E[u]:
s423854035.py(50):             if dist[v] > dist[u] + w:
s423854035.py(49):         for v, w in g.E[u]:
s423854035.py(50):             if dist[v] > dist[u] + w:
s423854035.py(49):         for v, w in g.E[u]:
s423854035.py(50):             if dist[v] > dist[u] + w:
s423854035.py(49):         for v, w in g.E[u]:
s423854035.py(50):             if dist[v] > dist[u] + w:
s423854035.py(49):         for v, w in g.E[u]:
s423854035.py(50):             if dist[v] > dist[u] + w:
s423854035.py(49):         for v, w in g.E[u]:
s423854035.py(50):             if dist[v] > dist[u] + w:
s423854035.py(49):         for v, w in g.E[u]:
s423854035.py(50):             if dist[v] > dist[u] + w:
s423854035.py(49):         for v, w in g.E[u]:
s423854035.py(50):             if dist[v] > dist[u] + w:
s423854035.py(49):         for v, w in g.E[u]:
s423854035.py(47):     while len(Q) > 0:
s423854035.py(48):         _, u = heapq.heappop(Q)
s423854035.py(49):         for v, w in g.E[u]:
s423854035.py(50):             if dist[v] > dist[u] + w:
s423854035.py(49):         for v, w in g.E[u]:
s423854035.py(50):             if dist[v] > dist[u] + w:
s423854035.py(49):         for v, w in g.E[u]:
s423854035.py(50):             if dist[v] > dist[u] + w:
s423854035.py(49):         for v, w in g.E[u]:
s423854035.py(50):             if dist[v] > dist[u] + w:
s423854035.py(49):         for v, w in g.E[u]:
s423854035.py(50):             if dist[v] > dist[u] + w:
s423854035.py(49):         for v, w in g.E[u]:
s423854035.py(50):             if dist[v] > dist[u] + w:
s423854035.py(49):         for v, w in g.E[u]:
s423854035.py(50):             if dist[v] > dist[u] + w:
s423854035.py(49):         for v, w in g.E[u]:
s423854035.py(50):             if dist[v] > dist[u] + w:
s423854035.py(49):         for v, w in g.E[u]:
s423854035.py(50):             if dist[v] > dist[u] + w:
s423854035.py(49):         for v, w in g.E[u]:
s423854035.py(50):             if dist[v] > dist[u] + w:
s423854035.py(49):         for v, w in g.E[u]:
s423854035.py(47):     while len(Q) > 0:
s423854035.py(48):         _, u = heapq.heappop(Q)
s423854035.py(49):         for v, w in g.E[u]:
s423854035.py(50):             if dist[v] > dist[u] + w:
s423854035.py(49):         for v, w in g.E[u]:
s423854035.py(50):             if dist[v] > dist[u] + w:
s423854035.py(49):         for v, w in g.E[u]:
s423854035.py(50):             if dist[v] > dist[u] + w:
s423854035.py(49):         for v, w in g.E[u]:
s423854035.py(50):             if dist[v] > dist[u] + w:
s423854035.py(49):         for v, w in g.E[u]:
s423854035.py(50):             if dist[v] > dist[u] + w:
s423854035.py(49):         for v, w in g.E[u]:
s423854035.py(50):             if dist[v] > dist[u] + w:
s423854035.py(49):         for v, w in g.E[u]:
s423854035.py(50):             if dist[v] > dist[u] + w:
s423854035.py(49):         for v, w in g.E[u]:
s423854035.py(50):             if dist[v] > dist[u] + w:
s423854035.py(49):         for v, w in g.E[u]:
s423854035.py(50):             if dist[v] > dist[u] + w:
s423854035.py(49):         for v, w in g.E[u]:
s423854035.py(50):             if dist[v] > dist[u] + w:
s423854035.py(49):         for v, w in g.E[u]:
s423854035.py(47):     while len(Q) > 0:
s423854035.py(48):         _, u = heapq.heappop(Q)
s423854035.py(49):         for v, w in g.E[u]:
s423854035.py(50):             if dist[v] > dist[u] + w:
s423854035.py(49):         for v, w in g.E[u]:
s423854035.py(50):             if dist[v] > dist[u] + w:
s423854035.py(49):         for v, w in g.E[u]:
s423854035.py(50):             if dist[v] > dist[u] + w:
s423854035.py(49):         for v, w in g.E[u]:
s423854035.py(50):             if dist[v] > dist[u] + w:
s423854035.py(49):         for v, w in g.E[u]:
s423854035.py(50):             if dist[v] > dist[u] + w:
s423854035.py(49):         for v, w in g.E[u]:
s423854035.py(50):             if dist[v] > dist[u] + w:
s423854035.py(49):         for v, w in g.E[u]:
s423854035.py(50):             if dist[v] > dist[u] + w:
s423854035.py(49):         for v, w in g.E[u]:
s423854035.py(50):             if dist[v] > dist[u] + w:
s423854035.py(49):         for v, w in g.E[u]:
s423854035.py(50):             if dist[v] > dist[u] + w:
s423854035.py(49):         for v, w in g.E[u]:
s423854035.py(50):             if dist[v] > dist[u] + w:
s423854035.py(49):         for v, w in g.E[u]:
s423854035.py(47):     while len(Q) > 0:
s423854035.py(48):         _, u = heapq.heappop(Q)
s423854035.py(49):         for v, w in g.E[u]:
s423854035.py(50):             if dist[v] > dist[u] + w:
s423854035.py(49):         for v, w in g.E[u]:
s423854035.py(50):             if dist[v] > dist[u] + w:
s423854035.py(49):         for v, w in g.E[u]:
s423854035.py(50):             if dist[v] > dist[u] + w:
s423854035.py(49):         for v, w in g.E[u]:
s423854035.py(50):             if dist[v] > dist[u] + w:
s423854035.py(49):         for v, w in g.E[u]:
s423854035.py(50):             if dist[v] > dist[u] + w:
s423854035.py(49):         for v, w in g.E[u]:
s423854035.py(50):             if dist[v] > dist[u] + w:
s423854035.py(49):         for v, w in g.E[u]:
s423854035.py(50):             if dist[v] > dist[u] + w:
s423854035.py(49):         for v, w in g.E[u]:
s423854035.py(50):             if dist[v] > dist[u] + w:
s423854035.py(49):         for v, w in g.E[u]:
s423854035.py(50):             if dist[v] > dist[u] + w:
s423854035.py(49):         for v, w in g.E[u]:
s423854035.py(50):             if dist[v] > dist[u] + w:
s423854035.py(49):         for v, w in g.E[u]:
s423854035.py(47):     while len(Q) > 0:
s423854035.py(54):     return dist, prev
s423854035.py(72):     ans = 0
s423854035.py(73):     for key in c:
s423854035.py(74):         if key == 1 or key == -1:
s423854035.py(75):             continue
s423854035.py(73):     for key in c:
s423854035.py(74):         if key == 1 or key == -1:
s423854035.py(76):         ans += dist[key]*c[key]
s423854035.py(73):     for key in c:
s423854035.py(74):         if key == 1 or key == -1:
s423854035.py(73):     for key in c:
s423854035.py(78):     print(ans)
12
s423854035.py(79):     return
 --- modulename: s423854035, funcname: iterate_tokens
