 --- modulename: s437836396, funcname: <module>
s437836396.py(1): class Node:
 --- modulename: s437836396, funcname: Node
s437836396.py(1): class Node:
s437836396.py(2):     def __init__(self):
s437836396.py(10):     def parentId(self):
s437836396.py(13):     def type(self):
s437836396.py(20):     def degree(self):
s437836396.py(27): def setDepthAndHeight(node, d):
s437836396.py(37): n = int(input())
 --- modulename: codecs, funcname: getstate
codecs.py(333):         return (self.buffer, 0)
 --- modulename: codecs, funcname: decode
codecs.py(321):         data = self.buffer + input
codecs.py(322):         (result, consumed) = self._buffer_decode(data, self.errors, final)
codecs.py(324):         self.buffer = data[consumed:]
codecs.py(325):         return result
s437836396.py(38): nodes = [Node() for _ in range(n)]
 --- modulename: s437836396, funcname: <listcomp>
s437836396.py(38): nodes = [Node() for _ in range(n)]
 --- modulename: s437836396, funcname: __init__
s437836396.py(3):         self.id = -1
s437836396.py(4):         self.parent = None
s437836396.py(5):         self.childs = [None, None]
s437836396.py(6):         self.sibling = -1
s437836396.py(7):         self.depth = -1
s437836396.py(8):         self.height = -1
s437836396.py(38): nodes = [Node() for _ in range(n)]
 --- modulename: s437836396, funcname: __init__
s437836396.py(3):         self.id = -1
s437836396.py(4):         self.parent = None
s437836396.py(5):         self.childs = [None, None]
s437836396.py(6):         self.sibling = -1
s437836396.py(7):         self.depth = -1
s437836396.py(8):         self.height = -1
s437836396.py(38): nodes = [Node() for _ in range(n)]
 --- modulename: s437836396, funcname: __init__
s437836396.py(3):         self.id = -1
s437836396.py(4):         self.parent = None
s437836396.py(5):         self.childs = [None, None]
s437836396.py(6):         self.sibling = -1
s437836396.py(7):         self.depth = -1
s437836396.py(8):         self.height = -1
s437836396.py(38): nodes = [Node() for _ in range(n)]
 --- modulename: s437836396, funcname: __init__
s437836396.py(3):         self.id = -1
s437836396.py(4):         self.parent = None
s437836396.py(5):         self.childs = [None, None]
s437836396.py(6):         self.sibling = -1
s437836396.py(7):         self.depth = -1
s437836396.py(8):         self.height = -1
s437836396.py(38): nodes = [Node() for _ in range(n)]
 --- modulename: s437836396, funcname: __init__
s437836396.py(3):         self.id = -1
s437836396.py(4):         self.parent = None
s437836396.py(5):         self.childs = [None, None]
s437836396.py(6):         self.sibling = -1
s437836396.py(7):         self.depth = -1
s437836396.py(8):         self.height = -1
s437836396.py(38): nodes = [Node() for _ in range(n)]
 --- modulename: s437836396, funcname: __init__
s437836396.py(3):         self.id = -1
s437836396.py(4):         self.parent = None
s437836396.py(5):         self.childs = [None, None]
s437836396.py(6):         self.sibling = -1
s437836396.py(7):         self.depth = -1
s437836396.py(8):         self.height = -1
s437836396.py(38): nodes = [Node() for _ in range(n)]
 --- modulename: s437836396, funcname: __init__
s437836396.py(3):         self.id = -1
s437836396.py(4):         self.parent = None
s437836396.py(5):         self.childs = [None, None]
s437836396.py(6):         self.sibling = -1
s437836396.py(7):         self.depth = -1
s437836396.py(8):         self.height = -1
s437836396.py(38): nodes = [Node() for _ in range(n)]
 --- modulename: s437836396, funcname: __init__
s437836396.py(3):         self.id = -1
s437836396.py(4):         self.parent = None
s437836396.py(5):         self.childs = [None, None]
s437836396.py(6):         self.sibling = -1
s437836396.py(7):         self.depth = -1
s437836396.py(8):         self.height = -1
s437836396.py(38): nodes = [Node() for _ in range(n)]
 --- modulename: s437836396, funcname: __init__
s437836396.py(3):         self.id = -1
s437836396.py(4):         self.parent = None
s437836396.py(5):         self.childs = [None, None]
s437836396.py(6):         self.sibling = -1
s437836396.py(7):         self.depth = -1
s437836396.py(8):         self.height = -1
s437836396.py(38): nodes = [Node() for _ in range(n)]
s437836396.py(40): for i in range(n):
s437836396.py(41):     id, l, r = map(int, input().split())
s437836396.py(42):     p = nodes[id]
s437836396.py(43):     p.id = id
s437836396.py(44):     if l >= 0:
s437836396.py(45):         nodes[l].parent = p
s437836396.py(46):         nodes[l].sibling = r
s437836396.py(47):         p.childs[0] = nodes[l]
s437836396.py(48):     if r >= 0:
s437836396.py(49):         nodes[r].parent = p
s437836396.py(50):         nodes[r].sibling = l
s437836396.py(51):         p.childs[1] = nodes[r]
s437836396.py(40): for i in range(n):
s437836396.py(41):     id, l, r = map(int, input().split())
s437836396.py(42):     p = nodes[id]
s437836396.py(43):     p.id = id
s437836396.py(44):     if l >= 0:
s437836396.py(45):         nodes[l].parent = p
s437836396.py(46):         nodes[l].sibling = r
s437836396.py(47):         p.childs[0] = nodes[l]
s437836396.py(48):     if r >= 0:
s437836396.py(49):         nodes[r].parent = p
s437836396.py(50):         nodes[r].sibling = l
s437836396.py(51):         p.childs[1] = nodes[r]
s437836396.py(40): for i in range(n):
s437836396.py(41):     id, l, r = map(int, input().split())
s437836396.py(42):     p = nodes[id]
s437836396.py(43):     p.id = id
s437836396.py(44):     if l >= 0:
s437836396.py(48):     if r >= 0:
s437836396.py(40): for i in range(n):
s437836396.py(41):     id, l, r = map(int, input().split())
s437836396.py(42):     p = nodes[id]
s437836396.py(43):     p.id = id
s437836396.py(44):     if l >= 0:
s437836396.py(48):     if r >= 0:
s437836396.py(40): for i in range(n):
s437836396.py(41):     id, l, r = map(int, input().split())
s437836396.py(42):     p = nodes[id]
s437836396.py(43):     p.id = id
s437836396.py(44):     if l >= 0:
s437836396.py(45):         nodes[l].parent = p
s437836396.py(46):         nodes[l].sibling = r
s437836396.py(47):         p.childs[0] = nodes[l]
s437836396.py(48):     if r >= 0:
s437836396.py(49):         nodes[r].parent = p
s437836396.py(50):         nodes[r].sibling = l
s437836396.py(51):         p.childs[1] = nodes[r]
s437836396.py(40): for i in range(n):
s437836396.py(41):     id, l, r = map(int, input().split())
s437836396.py(42):     p = nodes[id]
s437836396.py(43):     p.id = id
s437836396.py(44):     if l >= 0:
s437836396.py(45):         nodes[l].parent = p
s437836396.py(46):         nodes[l].sibling = r
s437836396.py(47):         p.childs[0] = nodes[l]
s437836396.py(48):     if r >= 0:
s437836396.py(49):         nodes[r].parent = p
s437836396.py(50):         nodes[r].sibling = l
s437836396.py(51):         p.childs[1] = nodes[r]
s437836396.py(40): for i in range(n):
s437836396.py(41):     id, l, r = map(int, input().split())
s437836396.py(42):     p = nodes[id]
s437836396.py(43):     p.id = id
s437836396.py(44):     if l >= 0:
s437836396.py(48):     if r >= 0:
s437836396.py(40): for i in range(n):
s437836396.py(41):     id, l, r = map(int, input().split())
s437836396.py(42):     p = nodes[id]
s437836396.py(43):     p.id = id
s437836396.py(44):     if l >= 0:
s437836396.py(48):     if r >= 0:
s437836396.py(40): for i in range(n):
s437836396.py(41):     id, l, r = map(int, input().split())
s437836396.py(42):     p = nodes[id]
s437836396.py(43):     p.id = id
s437836396.py(44):     if l >= 0:
s437836396.py(48):     if r >= 0:
s437836396.py(40): for i in range(n):
s437836396.py(53): root = None
s437836396.py(54): for node in nodes:
s437836396.py(55):     if node.type() == "root":
 --- modulename: s437836396, funcname: type
s437836396.py(14):         if self.parent == None:
s437836396.py(15):             return "root"
s437836396.py(56):         root = node
s437836396.py(57):         break
s437836396.py(59): setDepthAndHeight(root, 0)
 --- modulename: s437836396, funcname: setDepthAndHeight
s437836396.py(28):     h = 0
s437836396.py(29):     node.depth = d
s437836396.py(30):     for i in range(2):
s437836396.py(31):         if node.childs[i] != None:
s437836396.py(32):             h = max(h, setDepthAndHeight(node.childs[i], d+1)+1)
 --- modulename: s437836396, funcname: setDepthAndHeight
s437836396.py(28):     h = 0
s437836396.py(29):     node.depth = d
s437836396.py(30):     for i in range(2):
s437836396.py(31):         if node.childs[i] != None:
s437836396.py(32):             h = max(h, setDepthAndHeight(node.childs[i], d+1)+1)
 --- modulename: s437836396, funcname: setDepthAndHeight
s437836396.py(28):     h = 0
s437836396.py(29):     node.depth = d
s437836396.py(30):     for i in range(2):
s437836396.py(31):         if node.childs[i] != None:
s437836396.py(30):     for i in range(2):
s437836396.py(31):         if node.childs[i] != None:
s437836396.py(30):     for i in range(2):
s437836396.py(33):     node.height = h
s437836396.py(34):     return h
s437836396.py(30):     for i in range(2):
s437836396.py(31):         if node.childs[i] != None:
s437836396.py(32):             h = max(h, setDepthAndHeight(node.childs[i], d+1)+1)
 --- modulename: s437836396, funcname: setDepthAndHeight
s437836396.py(28):     h = 0
s437836396.py(29):     node.depth = d
s437836396.py(30):     for i in range(2):
s437836396.py(31):         if node.childs[i] != None:
s437836396.py(30):     for i in range(2):
s437836396.py(31):         if node.childs[i] != None:
s437836396.py(30):     for i in range(2):
s437836396.py(33):     node.height = h
s437836396.py(34):     return h
s437836396.py(30):     for i in range(2):
s437836396.py(33):     node.height = h
s437836396.py(34):     return h
s437836396.py(30):     for i in range(2):
s437836396.py(31):         if node.childs[i] != None:
s437836396.py(32):             h = max(h, setDepthAndHeight(node.childs[i], d+1)+1)
 --- modulename: s437836396, funcname: setDepthAndHeight
s437836396.py(28):     h = 0
s437836396.py(29):     node.depth = d
s437836396.py(30):     for i in range(2):
s437836396.py(31):         if node.childs[i] != None:
s437836396.py(32):             h = max(h, setDepthAndHeight(node.childs[i], d+1)+1)
 --- modulename: s437836396, funcname: setDepthAndHeight
s437836396.py(28):     h = 0
s437836396.py(29):     node.depth = d
s437836396.py(30):     for i in range(2):
s437836396.py(31):         if node.childs[i] != None:
s437836396.py(32):             h = max(h, setDepthAndHeight(node.childs[i], d+1)+1)
 --- modulename: s437836396, funcname: setDepthAndHeight
s437836396.py(28):     h = 0
s437836396.py(29):     node.depth = d
s437836396.py(30):     for i in range(2):
s437836396.py(31):         if node.childs[i] != None:
s437836396.py(30):     for i in range(2):
s437836396.py(31):         if node.childs[i] != None:
s437836396.py(30):     for i in range(2):
s437836396.py(33):     node.height = h
s437836396.py(34):     return h
s437836396.py(30):     for i in range(2):
s437836396.py(31):         if node.childs[i] != None:
s437836396.py(32):             h = max(h, setDepthAndHeight(node.childs[i], d+1)+1)
 --- modulename: s437836396, funcname: setDepthAndHeight
s437836396.py(28):     h = 0
s437836396.py(29):     node.depth = d
s437836396.py(30):     for i in range(2):
s437836396.py(31):         if node.childs[i] != None:
s437836396.py(30):     for i in range(2):
s437836396.py(31):         if node.childs[i] != None:
s437836396.py(30):     for i in range(2):
s437836396.py(33):     node.height = h
s437836396.py(34):     return h
s437836396.py(30):     for i in range(2):
s437836396.py(33):     node.height = h
s437836396.py(34):     return h
s437836396.py(30):     for i in range(2):
s437836396.py(31):         if node.childs[i] != None:
s437836396.py(32):             h = max(h, setDepthAndHeight(node.childs[i], d+1)+1)
 --- modulename: s437836396, funcname: setDepthAndHeight
s437836396.py(28):     h = 0
s437836396.py(29):     node.depth = d
s437836396.py(30):     for i in range(2):
s437836396.py(31):         if node.childs[i] != None:
s437836396.py(30):     for i in range(2):
s437836396.py(31):         if node.childs[i] != None:
s437836396.py(30):     for i in range(2):
s437836396.py(33):     node.height = h
s437836396.py(34):     return h
s437836396.py(30):     for i in range(2):
s437836396.py(33):     node.height = h
s437836396.py(34):     return h
s437836396.py(30):     for i in range(2):
s437836396.py(33):     node.height = h
s437836396.py(34):     return h
s437836396.py(61): for node in nodes:
s437836396.py(62):     s = f"node {node.id}: "
s437836396.py(63):     s += f"parent = {node.parentId()}, "
 --- modulename: s437836396, funcname: parentId
s437836396.py(11):         return -1 if self.parent == None else self.parent.id
s437836396.py(64):     s += f"sibling = {node.sibling}, "
s437836396.py(65):     s += f"degree = {node.degree()}, "
 --- modulename: s437836396, funcname: degree
s437836396.py(21):         r = 0
s437836396.py(22):         for c in self.childs:
s437836396.py(23):             r += 1 if c != None else 0
s437836396.py(22):         for c in self.childs:
s437836396.py(23):             r += 1 if c != None else 0
s437836396.py(22):         for c in self.childs:
s437836396.py(24):         return r
s437836396.py(66):     s += f"depth = {node.depth}, "
s437836396.py(67):     s += f"height = {node.height}, "
s437836396.py(68):     s += f"{node.type()}"
 --- modulename: s437836396, funcname: type
s437836396.py(14):         if self.parent == None:
s437836396.py(15):             return "root"
s437836396.py(69):     print(s)
node 0: parent = -1, sibling = -1, degree = 2, depth = 0, height = 3, root
s437836396.py(61): for node in nodes:
s437836396.py(62):     s = f"node {node.id}: "
s437836396.py(63):     s += f"parent = {node.parentId()}, "
 --- modulename: s437836396, funcname: parentId
s437836396.py(11):         return -1 if self.parent == None else self.parent.id
s437836396.py(64):     s += f"sibling = {node.sibling}, "
s437836396.py(65):     s += f"degree = {node.degree()}, "
 --- modulename: s437836396, funcname: degree
s437836396.py(21):         r = 0
s437836396.py(22):         for c in self.childs:
s437836396.py(23):             r += 1 if c != None else 0
s437836396.py(22):         for c in self.childs:
s437836396.py(23):             r += 1 if c != None else 0
s437836396.py(22):         for c in self.childs:
s437836396.py(24):         return r
s437836396.py(66):     s += f"depth = {node.depth}, "
s437836396.py(67):     s += f"height = {node.height}, "
s437836396.py(68):     s += f"{node.type()}"
 --- modulename: s437836396, funcname: type
s437836396.py(14):         if self.parent == None:
s437836396.py(16):         elif self.childs[0] != None or self.childs[1] != None:
s437836396.py(17):             return "internal node"
s437836396.py(69):     print(s)
node 1: parent = 0, sibling = 4, degree = 2, depth = 1, height = 1, internal node
s437836396.py(61): for node in nodes:
s437836396.py(62):     s = f"node {node.id}: "
s437836396.py(63):     s += f"parent = {node.parentId()}, "
 --- modulename: s437836396, funcname: parentId
s437836396.py(11):         return -1 if self.parent == None else self.parent.id
s437836396.py(64):     s += f"sibling = {node.sibling}, "
s437836396.py(65):     s += f"degree = {node.degree()}, "
 --- modulename: s437836396, funcname: degree
s437836396.py(21):         r = 0
s437836396.py(22):         for c in self.childs:
s437836396.py(23):             r += 1 if c != None else 0
s437836396.py(22):         for c in self.childs:
s437836396.py(23):             r += 1 if c != None else 0
s437836396.py(22):         for c in self.childs:
s437836396.py(24):         return r
s437836396.py(66):     s += f"depth = {node.depth}, "
s437836396.py(67):     s += f"height = {node.height}, "
s437836396.py(68):     s += f"{node.type()}"
 --- modulename: s437836396, funcname: type
s437836396.py(14):         if self.parent == None:
s437836396.py(16):         elif self.childs[0] != None or self.childs[1] != None:
s437836396.py(18):         return "leaf"
s437836396.py(69):     print(s)
node 2: parent = 1, sibling = 3, degree = 0, depth = 2, height = 0, leaf
s437836396.py(61): for node in nodes:
s437836396.py(62):     s = f"node {node.id}: "
s437836396.py(63):     s += f"parent = {node.parentId()}, "
 --- modulename: s437836396, funcname: parentId
s437836396.py(11):         return -1 if self.parent == None else self.parent.id
s437836396.py(64):     s += f"sibling = {node.sibling}, "
s437836396.py(65):     s += f"degree = {node.degree()}, "
 --- modulename: s437836396, funcname: degree
s437836396.py(21):         r = 0
s437836396.py(22):         for c in self.childs:
s437836396.py(23):             r += 1 if c != None else 0
s437836396.py(22):         for c in self.childs:
s437836396.py(23):             r += 1 if c != None else 0
s437836396.py(22):         for c in self.childs:
s437836396.py(24):         return r
s437836396.py(66):     s += f"depth = {node.depth}, "
s437836396.py(67):     s += f"height = {node.height}, "
s437836396.py(68):     s += f"{node.type()}"
 --- modulename: s437836396, funcname: type
s437836396.py(14):         if self.parent == None:
s437836396.py(16):         elif self.childs[0] != None or self.childs[1] != None:
s437836396.py(18):         return "leaf"
s437836396.py(69):     print(s)
node 3: parent = 1, sibling = 2, degree = 0, depth = 2, height = 0, leaf
s437836396.py(61): for node in nodes:
s437836396.py(62):     s = f"node {node.id}: "
s437836396.py(63):     s += f"parent = {node.parentId()}, "
 --- modulename: s437836396, funcname: parentId
s437836396.py(11):         return -1 if self.parent == None else self.parent.id
s437836396.py(64):     s += f"sibling = {node.sibling}, "
s437836396.py(65):     s += f"degree = {node.degree()}, "
 --- modulename: s437836396, funcname: degree
s437836396.py(21):         r = 0
s437836396.py(22):         for c in self.childs:
s437836396.py(23):             r += 1 if c != None else 0
s437836396.py(22):         for c in self.childs:
s437836396.py(23):             r += 1 if c != None else 0
s437836396.py(22):         for c in self.childs:
s437836396.py(24):         return r
s437836396.py(66):     s += f"depth = {node.depth}, "
s437836396.py(67):     s += f"height = {node.height}, "
s437836396.py(68):     s += f"{node.type()}"
 --- modulename: s437836396, funcname: type
s437836396.py(14):         if self.parent == None:
s437836396.py(16):         elif self.childs[0] != None or self.childs[1] != None:
s437836396.py(17):             return "internal node"
s437836396.py(69):     print(s)
node 4: parent = 0, sibling = 1, degree = 2, depth = 1, height = 2, internal node
s437836396.py(61): for node in nodes:
s437836396.py(62):     s = f"node {node.id}: "
s437836396.py(63):     s += f"parent = {node.parentId()}, "
 --- modulename: s437836396, funcname: parentId
s437836396.py(11):         return -1 if self.parent == None else self.parent.id
s437836396.py(64):     s += f"sibling = {node.sibling}, "
s437836396.py(65):     s += f"degree = {node.degree()}, "
 --- modulename: s437836396, funcname: degree
s437836396.py(21):         r = 0
s437836396.py(22):         for c in self.childs:
s437836396.py(23):             r += 1 if c != None else 0
s437836396.py(22):         for c in self.childs:
s437836396.py(23):             r += 1 if c != None else 0
s437836396.py(22):         for c in self.childs:
s437836396.py(24):         return r
s437836396.py(66):     s += f"depth = {node.depth}, "
s437836396.py(67):     s += f"height = {node.height}, "
s437836396.py(68):     s += f"{node.type()}"
 --- modulename: s437836396, funcname: type
s437836396.py(14):         if self.parent == None:
s437836396.py(16):         elif self.childs[0] != None or self.childs[1] != None:
s437836396.py(17):             return "internal node"
s437836396.py(69):     print(s)
node 5: parent = 4, sibling = 8, degree = 2, depth = 2, height = 1, internal node
s437836396.py(61): for node in nodes:
s437836396.py(62):     s = f"node {node.id}: "
s437836396.py(63):     s += f"parent = {node.parentId()}, "
 --- modulename: s437836396, funcname: parentId
s437836396.py(11):         return -1 if self.parent == None else self.parent.id
s437836396.py(64):     s += f"sibling = {node.sibling}, "
s437836396.py(65):     s += f"degree = {node.degree()}, "
 --- modulename: s437836396, funcname: degree
s437836396.py(21):         r = 0
s437836396.py(22):         for c in self.childs:
s437836396.py(23):             r += 1 if c != None else 0
s437836396.py(22):         for c in self.childs:
s437836396.py(23):             r += 1 if c != None else 0
s437836396.py(22):         for c in self.childs:
s437836396.py(24):         return r
s437836396.py(66):     s += f"depth = {node.depth}, "
s437836396.py(67):     s += f"height = {node.height}, "
s437836396.py(68):     s += f"{node.type()}"
 --- modulename: s437836396, funcname: type
s437836396.py(14):         if self.parent == None:
s437836396.py(16):         elif self.childs[0] != None or self.childs[1] != None:
s437836396.py(18):         return "leaf"
s437836396.py(69):     print(s)
node 6: parent = 5, sibling = 7, degree = 0, depth = 3, height = 0, leaf
s437836396.py(61): for node in nodes:
s437836396.py(62):     s = f"node {node.id}: "
s437836396.py(63):     s += f"parent = {node.parentId()}, "
 --- modulename: s437836396, funcname: parentId
s437836396.py(11):         return -1 if self.parent == None else self.parent.id
s437836396.py(64):     s += f"sibling = {node.sibling}, "
s437836396.py(65):     s += f"degree = {node.degree()}, "
 --- modulename: s437836396, funcname: degree
s437836396.py(21):         r = 0
s437836396.py(22):         for c in self.childs:
s437836396.py(23):             r += 1 if c != None else 0
s437836396.py(22):         for c in self.childs:
s437836396.py(23):             r += 1 if c != None else 0
s437836396.py(22):         for c in self.childs:
s437836396.py(24):         return r
s437836396.py(66):     s += f"depth = {node.depth}, "
s437836396.py(67):     s += f"height = {node.height}, "
s437836396.py(68):     s += f"{node.type()}"
 --- modulename: s437836396, funcname: type
s437836396.py(14):         if self.parent == None:
s437836396.py(16):         elif self.childs[0] != None or self.childs[1] != None:
s437836396.py(18):         return "leaf"
s437836396.py(69):     print(s)
node 7: parent = 5, sibling = 6, degree = 0, depth = 3, height = 0, leaf
s437836396.py(61): for node in nodes:
s437836396.py(62):     s = f"node {node.id}: "
s437836396.py(63):     s += f"parent = {node.parentId()}, "
 --- modulename: s437836396, funcname: parentId
s437836396.py(11):         return -1 if self.parent == None else self.parent.id
s437836396.py(64):     s += f"sibling = {node.sibling}, "
s437836396.py(65):     s += f"degree = {node.degree()}, "
 --- modulename: s437836396, funcname: degree
s437836396.py(21):         r = 0
s437836396.py(22):         for c in self.childs:
s437836396.py(23):             r += 1 if c != None else 0
s437836396.py(22):         for c in self.childs:
s437836396.py(23):             r += 1 if c != None else 0
s437836396.py(22):         for c in self.childs:
s437836396.py(24):         return r
s437836396.py(66):     s += f"depth = {node.depth}, "
s437836396.py(67):     s += f"height = {node.height}, "
s437836396.py(68):     s += f"{node.type()}"
 --- modulename: s437836396, funcname: type
s437836396.py(14):         if self.parent == None:
s437836396.py(16):         elif self.childs[0] != None or self.childs[1] != None:
s437836396.py(18):         return "leaf"
s437836396.py(69):     print(s)
node 8: parent = 4, sibling = 5, degree = 0, depth = 2, height = 0, leaf
s437836396.py(61): for node in nodes:
