 --- modulename: s399253756, funcname: <module>
s399253756.py(1): def getD(graph):
s399253756.py(31): class Node:
 --- modulename: s399253756, funcname: Node
s399253756.py(31): class Node:
s399253756.py(32):     def __init__(self, data):
s399253756.py(37): class Queue:
 --- modulename: s399253756, funcname: Queue
s399253756.py(37): class Queue:
s399253756.py(38):     def __init__(self):
s399253756.py(43):     def enqueue(self, data):
s399253756.py(53):     def dequeue(self):
s399253756.py(66):     def size(self):
s399253756.py(69): def inside(y,x,H,W):
s399253756.py(75): def addQueueIfPossible(new_y, new_x, new_val, data, queue):
s399253756.py(84): n = int(input())
 --- modulename: codecs, funcname: getstate
codecs.py(333):         return (self.buffer, 0)
 --- modulename: codecs, funcname: decode
codecs.py(321):         data = self.buffer + input
codecs.py(322):         (result, consumed) = self._buffer_decode(data, self.errors, final)
codecs.py(324):         self.buffer = data[consumed:]
codecs.py(325):         return result
s399253756.py(85): graph = [[] for _ in range(n+1)]
 --- modulename: s399253756, funcname: <listcomp>
s399253756.py(85): graph = [[] for _ in range(n+1)]
s399253756.py(85): graph = [[] for _ in range(n+1)]
s399253756.py(85): graph = [[] for _ in range(n+1)]
s399253756.py(85): graph = [[] for _ in range(n+1)]
s399253756.py(85): graph = [[] for _ in range(n+1)]
s399253756.py(86): for i in range(n-1):
s399253756.py(87):     a,b = map(int, input().split())
s399253756.py(88):     graph[a].append(b)
s399253756.py(89):     graph[b].append(a)
s399253756.py(86): for i in range(n-1):
s399253756.py(87):     a,b = map(int, input().split())
s399253756.py(88):     graph[a].append(b)
s399253756.py(89):     graph[b].append(a)
s399253756.py(86): for i in range(n-1):
s399253756.py(91): if n==1:
s399253756.py(94):     d = getD(graph)
 --- modulename: s399253756, funcname: getD
s399253756.py(3):     origin=1
s399253756.py(4):     d = 0
s399253756.py(5):     queue = Queue()
 --- modulename: s399253756, funcname: __init__
s399253756.py(39):         self.head = None
s399253756.py(40):         self.last = None
s399253756.py(41):         self._size = 0
s399253756.py(6):     for it in graph[origin]:
s399253756.py(7):         queue.enqueue((it, origin, d+1)) # next, coming from, depth
 --- modulename: s399253756, funcname: enqueue
s399253756.py(44):         if self.last is None:
s399253756.py(45):             self.head = Node(data)
 --- modulename: s399253756, funcname: __init__
s399253756.py(33):         self.data = data
s399253756.py(34):         self.next = None
s399253756.py(46):             self.last = self.head
s399253756.py(51):         self._size += 1
s399253756.py(6):     for it in graph[origin]:
s399253756.py(9):     while queue.size() > 0:
 --- modulename: s399253756, funcname: size
s399253756.py(67):         return self._size
s399253756.py(10):         leaf, origin, d = queue.dequeue()
 --- modulename: s399253756, funcname: dequeue
s399253756.py(54):         if self.head is None:
s399253756.py(57):             to_return = self.head.data
s399253756.py(58):             self.head = self.head.next
s399253756.py(59):             self._size -= 1
s399253756.py(61):             if self._size == 0:
s399253756.py(62):                 self.head = None
s399253756.py(63):                 self.last = None
s399253756.py(64):             return to_return
s399253756.py(11):         for it in graph[leaf]:
s399253756.py(12):             if it != origin:
s399253756.py(11):         for it in graph[leaf]:
s399253756.py(12):             if it != origin:
s399253756.py(13):                 queue.enqueue((it, leaf, d+1)) # next, coming from, depth
 --- modulename: s399253756, funcname: enqueue
s399253756.py(44):         if self.last is None:
s399253756.py(45):             self.head = Node(data)
 --- modulename: s399253756, funcname: __init__
s399253756.py(33):         self.data = data
s399253756.py(34):         self.next = None
s399253756.py(46):             self.last = self.head
s399253756.py(51):         self._size += 1
s399253756.py(11):         for it in graph[leaf]:
s399253756.py(9):     while queue.size() > 0:
 --- modulename: s399253756, funcname: size
s399253756.py(67):         return self._size
s399253756.py(10):         leaf, origin, d = queue.dequeue()
 --- modulename: s399253756, funcname: dequeue
s399253756.py(54):         if self.head is None:
s399253756.py(57):             to_return = self.head.data
s399253756.py(58):             self.head = self.head.next
s399253756.py(59):             self._size -= 1
s399253756.py(61):             if self._size == 0:
s399253756.py(62):                 self.head = None
s399253756.py(63):                 self.last = None
s399253756.py(64):             return to_return
s399253756.py(11):         for it in graph[leaf]:
s399253756.py(12):             if it != origin:
s399253756.py(11):         for it in graph[leaf]:
s399253756.py(9):     while queue.size() > 0:
 --- modulename: s399253756, funcname: size
s399253756.py(67):         return self._size
s399253756.py(17):     origin=leaf
s399253756.py(18):     d = 0
s399253756.py(19):     queue = Queue()
 --- modulename: s399253756, funcname: __init__
s399253756.py(39):         self.head = None
s399253756.py(40):         self.last = None
s399253756.py(41):         self._size = 0
s399253756.py(20):     for it in graph[origin]:
s399253756.py(21):         queue.enqueue((it, origin, d+1)) # next, coming from, depth
 --- modulename: s399253756, funcname: enqueue
s399253756.py(44):         if self.last is None:
s399253756.py(45):             self.head = Node(data)
 --- modulename: s399253756, funcname: __init__
s399253756.py(33):         self.data = data
s399253756.py(34):         self.next = None
s399253756.py(46):             self.last = self.head
s399253756.py(51):         self._size += 1
s399253756.py(20):     for it in graph[origin]:
s399253756.py(23):     while queue.size() > 0:
 --- modulename: s399253756, funcname: size
s399253756.py(67):         return self._size
s399253756.py(24):         leaf, origin, d = queue.dequeue()
 --- modulename: s399253756, funcname: dequeue
s399253756.py(54):         if self.head is None:
s399253756.py(57):             to_return = self.head.data
s399253756.py(58):             self.head = self.head.next
s399253756.py(59):             self._size -= 1
s399253756.py(61):             if self._size == 0:
s399253756.py(62):                 self.head = None
s399253756.py(63):                 self.last = None
s399253756.py(64):             return to_return
s399253756.py(25):         for it in graph[leaf]:
s399253756.py(26):             if it != origin:
s399253756.py(27):                 queue.enqueue((it, leaf, d+1)) # next, coming from, depth
 --- modulename: s399253756, funcname: enqueue
s399253756.py(44):         if self.last is None:
s399253756.py(45):             self.head = Node(data)
 --- modulename: s399253756, funcname: __init__
s399253756.py(33):         self.data = data
s399253756.py(34):         self.next = None
s399253756.py(46):             self.last = self.head
s399253756.py(51):         self._size += 1
s399253756.py(25):         for it in graph[leaf]:
s399253756.py(26):             if it != origin:
s399253756.py(25):         for it in graph[leaf]:
s399253756.py(23):     while queue.size() > 0:
 --- modulename: s399253756, funcname: size
s399253756.py(67):         return self._size
s399253756.py(24):         leaf, origin, d = queue.dequeue()
 --- modulename: s399253756, funcname: dequeue
s399253756.py(54):         if self.head is None:
s399253756.py(57):             to_return = self.head.data
s399253756.py(58):             self.head = self.head.next
s399253756.py(59):             self._size -= 1
s399253756.py(61):             if self._size == 0:
s399253756.py(62):                 self.head = None
s399253756.py(63):                 self.last = None
s399253756.py(64):             return to_return
s399253756.py(25):         for it in graph[leaf]:
s399253756.py(26):             if it != origin:
s399253756.py(25):         for it in graph[leaf]:
s399253756.py(23):     while queue.size() > 0:
 --- modulename: s399253756, funcname: size
s399253756.py(67):         return self._size
s399253756.py(29):     return d
s399253756.py(96):     if (d+2)%3==0:
s399253756.py(99):         print('First')
First
