 --- modulename: s400074283, funcname: <module>
s400074283.py(1): import sys
s400074283.py(2): from operator import itemgetter, attrgetter
s400074283.py(3): from itertools import starmap
s400074283.py(4): import cmath
 --- modulename: _bootstrap, funcname: _find_and_load
<frozen importlib._bootstrap>(1004):  --- modulename: _bootstrap, funcname: __init__
<frozen importlib._bootstrap>(153): <frozen importlib._bootstrap>(154):  --- modulename: _bootstrap, funcname: __enter__
<frozen importlib._bootstrap>(157):  --- modulename: _bootstrap, funcname: _get_module_lock
<frozen importlib._bootstrap>(172): <frozen importlib._bootstrap>(173): <frozen importlib._bootstrap>(174): <frozen importlib._bootstrap>(175): <frozen importlib._bootstrap>(176): <frozen importlib._bootstrap>(177): <frozen importlib._bootstrap>(179): <frozen importlib._bootstrap>(180): <frozen importlib._bootstrap>(183):  --- modulename: _bootstrap, funcname: __init__
<frozen importlib._bootstrap>(59): <frozen importlib._bootstrap>(60): <frozen importlib._bootstrap>(61): <frozen importlib._bootstrap>(62): <frozen importlib._bootstrap>(63): <frozen importlib._bootstrap>(64): <frozen importlib._bootstrap>(185): <frozen importlib._bootstrap>(196): <frozen importlib._bootstrap>(198): <frozen importlib._bootstrap>(200): <frozen importlib._bootstrap>(158):  --- modulename: _bootstrap, funcname: acquire
<frozen importlib._bootstrap>(93): <frozen importlib._bootstrap>(94): <frozen importlib._bootstrap>(95): <frozen importlib._bootstrap>(97): <frozen importlib._bootstrap>(98): <frozen importlib._bootstrap>(99): <frozen importlib._bootstrap>(100): <frozen importlib._bootstrap>(101): <frozen importlib._bootstrap>(110): <frozen importlib._bootstrap>(101): <frozen importlib._bootstrap>(1005): <frozen importlib._bootstrap>(1006): <frozen importlib._bootstrap>(1007):  --- modulename: _bootstrap, funcname: _find_and_load_unlocked
<frozen importlib._bootstrap>(968): <frozen importlib._bootstrap>(969): <frozen importlib._bootstrap>(970): <frozen importlib._bootstrap>(982):  --- modulename: _bootstrap, funcname: _find_spec
<frozen importlib._bootstrap>(903): <frozen importlib._bootstrap>(904): <frozen importlib._bootstrap>(909): <frozen importlib._bootstrap>(915): <frozen importlib._bootstrap>(916): <frozen importlib._bootstrap>(917):  --- modulename: _bootstrap, funcname: __enter__
<frozen importlib._bootstrap>(876): <frozen importlib._bootstrap>(918): <frozen importlib._bootstrap>(919): <frozen importlib._bootstrap>(925):  --- modulename: __init__, funcname: find_spec
__init__.py(104):         if path is not None and not fullname.startswith('test.'):
__init__.py(107):         method_name = 'spec_for_{fullname}'.format(**locals())
__init__.py(108):         method = getattr(self, method_name, lambda: None)
__init__.py(109):         return method()
 --- modulename: __init__, funcname: <lambda>
__init__.py(108):         method = getattr(self, method_name, lambda: None)
 --- modulename: _bootstrap, funcname: __exit__
<frozen importlib._bootstrap>(880): <frozen importlib._bootstrap>(926): <frozen importlib._bootstrap>(916): <frozen importlib._bootstrap>(917):  --- modulename: _bootstrap, funcname: __enter__
<frozen importlib._bootstrap>(876): <frozen importlib._bootstrap>(918): <frozen importlib._bootstrap>(919): <frozen importlib._bootstrap>(925):  --- modulename: _virtualenv, funcname: find_spec
_virtualenv.py(53):         if fullname in _DISTUTILS_PATCH and self.fullname is None:  # noqa: PLR1702
_virtualenv.py(87):         return None
 --- modulename: _bootstrap, funcname: __exit__
<frozen importlib._bootstrap>(880): <frozen importlib._bootstrap>(926): <frozen importlib._bootstrap>(916): <frozen importlib._bootstrap>(917):  --- modulename: _bootstrap, funcname: __enter__
<frozen importlib._bootstrap>(876): <frozen importlib._bootstrap>(918): <frozen importlib._bootstrap>(919): <frozen importlib._bootstrap>(925):  --- modulename: _bootstrap, funcname: find_spec
<frozen importlib._bootstrap>(738): <frozen importlib._bootstrap>(740): <frozen importlib._bootstrap>(741):  --- modulename: _bootstrap, funcname: spec_from_loader
<frozen importlib._bootstrap>(417): <frozen importlib._bootstrap>(428): <frozen importlib._bootstrap>(429): <frozen importlib._bootstrap>(430): <frozen importlib._bootstrap>(431):  --- modulename: _bootstrap, funcname: _requires_builtin_wrapper
<frozen importlib._bootstrap>(242): <frozen importlib._bootstrap>(245):  --- modulename: _bootstrap, funcname: is_package
<frozen importlib._bootstrap>(786): <frozen importlib._bootstrap>(438):  --- modulename: _bootstrap, funcname: __init__
<frozen importlib._bootstrap>(353): <frozen importlib._bootstrap>(354): <frozen importlib._bootstrap>(355): <frozen importlib._bootstrap>(356): <frozen importlib._bootstrap>(357): <frozen importlib._bootstrap>(360): <frozen importlib._bootstrap>(361):  --- modulename: _bootstrap, funcname: __exit__
<frozen importlib._bootstrap>(880): <frozen importlib._bootstrap>(926): <frozen importlib._bootstrap>(928): <frozen importlib._bootstrap>(943): <frozen importlib._bootstrap>(983): <frozen importlib._bootstrap>(986):  --- modulename: _bootstrap, funcname: _load_unlocked
<frozen importlib._bootstrap>(661): <frozen importlib._bootstrap>(663): <frozen importlib._bootstrap>(666):  --- modulename: _bootstrap, funcname: module_from_spec
<frozen importlib._bootstrap>(561): <frozen importlib._bootstrap>(562): <frozen importlib._bootstrap>(565):  --- modulename: _bootstrap, funcname: create_module
<frozen importlib._bootstrap>(760): <frozen importlib._bootstrap>(763):  --- modulename: _bootstrap, funcname: _call_with_frames_removed
<frozen importlib._bootstrap>(228): <frozen importlib._bootstrap>(569): <frozen importlib._bootstrap>(571):  --- modulename: _bootstrap, funcname: _init_module_attrs
<frozen importlib._bootstrap>(490): <frozen importlib._bootstrap>(496): <frozen importlib._bootstrap>(497): <frozen importlib._bootstrap>(498): <frozen importlib._bootstrap>(519): <frozen importlib._bootstrap>(520): <frozen importlib._bootstrap>(524): <frozen importlib._bootstrap>(525): <frozen importlib._bootstrap>(526):  --- modulename: _bootstrap, funcname: parent
<frozen importlib._bootstrap>(401): <frozen importlib._bootstrap>(402): <frozen importlib._bootstrap>(530): <frozen importlib._bootstrap>(531): <frozen importlib._bootstrap>(535): <frozen importlib._bootstrap>(536): <frozen importlib._bootstrap>(542):  --- modulename: _bootstrap, funcname: has_location
<frozen importlib._bootstrap>(408): <frozen importlib._bootstrap>(555): <frozen importlib._bootstrap>(572): <frozen importlib._bootstrap>(671): <frozen importlib._bootstrap>(672): <frozen importlib._bootstrap>(673): <frozen importlib._bootstrap>(674): <frozen importlib._bootstrap>(675): <frozen importlib._bootstrap>(680):  --- modulename: _bootstrap, funcname: exec_module
<frozen importlib._bootstrap>(768):  --- modulename: _bootstrap, funcname: _call_with_frames_removed
<frozen importlib._bootstrap>(228): <frozen importlib._bootstrap>(691): <frozen importlib._bootstrap>(692): <frozen importlib._bootstrap>(693):  --- modulename: _bootstrap, funcname: _verbose_message
<frozen importlib._bootstrap>(233): <frozen importlib._bootstrap>(695): <frozen importlib._bootstrap>(697): <frozen importlib._bootstrap>(987): <frozen importlib._bootstrap>(996):  --- modulename: _bootstrap, funcname: __exit__
<frozen importlib._bootstrap>(161):  --- modulename: _bootstrap, funcname: release
<frozen importlib._bootstrap>(113): <frozen importlib._bootstrap>(114): <frozen importlib._bootstrap>(115): <frozen importlib._bootstrap>(117): <frozen importlib._bootstrap>(118): <frozen importlib._bootstrap>(119): <frozen importlib._bootstrap>(120): <frozen importlib._bootstrap>(121):  --- modulename: _bootstrap, funcname: cb
<frozen importlib._bootstrap>(186): <frozen importlib._bootstrap>(187): <frozen importlib._bootstrap>(191): <frozen importlib._bootstrap>(192): <frozen importlib._bootstrap>(194): s400074283.py(5): from math import isinf, sqrt, acos, atan2
 --- modulename: _bootstrap, funcname: _find_and_load
<frozen importlib._bootstrap>(1004):  --- modulename: _bootstrap, funcname: __init__
<frozen importlib._bootstrap>(153): <frozen importlib._bootstrap>(154):  --- modulename: _bootstrap, funcname: __enter__
<frozen importlib._bootstrap>(157):  --- modulename: _bootstrap, funcname: _get_module_lock
<frozen importlib._bootstrap>(172): <frozen importlib._bootstrap>(173): <frozen importlib._bootstrap>(174): <frozen importlib._bootstrap>(175): <frozen importlib._bootstrap>(176): <frozen importlib._bootstrap>(177): <frozen importlib._bootstrap>(179): <frozen importlib._bootstrap>(180): <frozen importlib._bootstrap>(183):  --- modulename: _bootstrap, funcname: __init__
<frozen importlib._bootstrap>(59): <frozen importlib._bootstrap>(60): <frozen importlib._bootstrap>(61): <frozen importlib._bootstrap>(62): <frozen importlib._bootstrap>(63): <frozen importlib._bootstrap>(64): <frozen importlib._bootstrap>(185): <frozen importlib._bootstrap>(196): <frozen importlib._bootstrap>(198): <frozen importlib._bootstrap>(200): <frozen importlib._bootstrap>(158):  --- modulename: _bootstrap, funcname: acquire
<frozen importlib._bootstrap>(93): <frozen importlib._bootstrap>(94): <frozen importlib._bootstrap>(95): <frozen importlib._bootstrap>(97): <frozen importlib._bootstrap>(98): <frozen importlib._bootstrap>(99): <frozen importlib._bootstrap>(100): <frozen importlib._bootstrap>(101): <frozen importlib._bootstrap>(110): <frozen importlib._bootstrap>(101): <frozen importlib._bootstrap>(1005): <frozen importlib._bootstrap>(1006): <frozen importlib._bootstrap>(1007):  --- modulename: _bootstrap, funcname: _find_and_load_unlocked
<frozen importlib._bootstrap>(968): <frozen importlib._bootstrap>(969): <frozen importlib._bootstrap>(970): <frozen importlib._bootstrap>(982):  --- modulename: _bootstrap, funcname: _find_spec
<frozen importlib._bootstrap>(903): <frozen importlib._bootstrap>(904): <frozen importlib._bootstrap>(909): <frozen importlib._bootstrap>(915): <frozen importlib._bootstrap>(916): <frozen importlib._bootstrap>(917):  --- modulename: _bootstrap, funcname: __enter__
<frozen importlib._bootstrap>(876): <frozen importlib._bootstrap>(918): <frozen importlib._bootstrap>(919): <frozen importlib._bootstrap>(925):  --- modulename: __init__, funcname: find_spec
__init__.py(104):         if path is not None and not fullname.startswith('test.'):
__init__.py(107):         method_name = 'spec_for_{fullname}'.format(**locals())
__init__.py(108):         method = getattr(self, method_name, lambda: None)
__init__.py(109):         return method()
 --- modulename: __init__, funcname: <lambda>
__init__.py(108):         method = getattr(self, method_name, lambda: None)
 --- modulename: _bootstrap, funcname: __exit__
<frozen importlib._bootstrap>(880): <frozen importlib._bootstrap>(926): <frozen importlib._bootstrap>(916): <frozen importlib._bootstrap>(917):  --- modulename: _bootstrap, funcname: __enter__
<frozen importlib._bootstrap>(876): <frozen importlib._bootstrap>(918): <frozen importlib._bootstrap>(919): <frozen importlib._bootstrap>(925):  --- modulename: _virtualenv, funcname: find_spec
_virtualenv.py(53):         if fullname in _DISTUTILS_PATCH and self.fullname is None:  # noqa: PLR1702
_virtualenv.py(87):         return None
 --- modulename: _bootstrap, funcname: __exit__
<frozen importlib._bootstrap>(880): <frozen importlib._bootstrap>(926): <frozen importlib._bootstrap>(916): <frozen importlib._bootstrap>(917):  --- modulename: _bootstrap, funcname: __enter__
<frozen importlib._bootstrap>(876): <frozen importlib._bootstrap>(918): <frozen importlib._bootstrap>(919): <frozen importlib._bootstrap>(925):  --- modulename: _bootstrap, funcname: find_spec
<frozen importlib._bootstrap>(738): <frozen importlib._bootstrap>(740): <frozen importlib._bootstrap>(741):  --- modulename: _bootstrap, funcname: spec_from_loader
<frozen importlib._bootstrap>(417): <frozen importlib._bootstrap>(428): <frozen importlib._bootstrap>(429): <frozen importlib._bootstrap>(430): <frozen importlib._bootstrap>(431):  --- modulename: _bootstrap, funcname: _requires_builtin_wrapper
<frozen importlib._bootstrap>(242): <frozen importlib._bootstrap>(245):  --- modulename: _bootstrap, funcname: is_package
<frozen importlib._bootstrap>(786): <frozen importlib._bootstrap>(438):  --- modulename: _bootstrap, funcname: __init__
<frozen importlib._bootstrap>(353): <frozen importlib._bootstrap>(354): <frozen importlib._bootstrap>(355): <frozen importlib._bootstrap>(356): <frozen importlib._bootstrap>(357): <frozen importlib._bootstrap>(360): <frozen importlib._bootstrap>(361):  --- modulename: _bootstrap, funcname: __exit__
<frozen importlib._bootstrap>(880): <frozen importlib._bootstrap>(926): <frozen importlib._bootstrap>(928): <frozen importlib._bootstrap>(943): <frozen importlib._bootstrap>(983): <frozen importlib._bootstrap>(986):  --- modulename: _bootstrap, funcname: _load_unlocked
<frozen importlib._bootstrap>(661): <frozen importlib._bootstrap>(663): <frozen importlib._bootstrap>(666):  --- modulename: _bootstrap, funcname: module_from_spec
<frozen importlib._bootstrap>(561): <frozen importlib._bootstrap>(562): <frozen importlib._bootstrap>(565):  --- modulename: _bootstrap, funcname: create_module
<frozen importlib._bootstrap>(760): <frozen importlib._bootstrap>(763):  --- modulename: _bootstrap, funcname: _call_with_frames_removed
<frozen importlib._bootstrap>(228): <frozen importlib._bootstrap>(569): <frozen importlib._bootstrap>(571):  --- modulename: _bootstrap, funcname: _init_module_attrs
<frozen importlib._bootstrap>(490): <frozen importlib._bootstrap>(496): <frozen importlib._bootstrap>(497): <frozen importlib._bootstrap>(498): <frozen importlib._bootstrap>(519): <frozen importlib._bootstrap>(520): <frozen importlib._bootstrap>(524): <frozen importlib._bootstrap>(525): <frozen importlib._bootstrap>(526):  --- modulename: _bootstrap, funcname: parent
<frozen importlib._bootstrap>(401): <frozen importlib._bootstrap>(402): <frozen importlib._bootstrap>(530): <frozen importlib._bootstrap>(531): <frozen importlib._bootstrap>(535): <frozen importlib._bootstrap>(536): <frozen importlib._bootstrap>(542):  --- modulename: _bootstrap, funcname: has_location
<frozen importlib._bootstrap>(408): <frozen importlib._bootstrap>(555): <frozen importlib._bootstrap>(572): <frozen importlib._bootstrap>(671): <frozen importlib._bootstrap>(672): <frozen importlib._bootstrap>(673): <frozen importlib._bootstrap>(674): <frozen importlib._bootstrap>(675): <frozen importlib._bootstrap>(680):  --- modulename: _bootstrap, funcname: exec_module
<frozen importlib._bootstrap>(768):  --- modulename: _bootstrap, funcname: _call_with_frames_removed
<frozen importlib._bootstrap>(228): <frozen importlib._bootstrap>(691): <frozen importlib._bootstrap>(692): <frozen importlib._bootstrap>(693):  --- modulename: _bootstrap, funcname: _verbose_message
<frozen importlib._bootstrap>(233): <frozen importlib._bootstrap>(695): <frozen importlib._bootstrap>(697): <frozen importlib._bootstrap>(987): <frozen importlib._bootstrap>(996):  --- modulename: _bootstrap, funcname: __exit__
<frozen importlib._bootstrap>(161):  --- modulename: _bootstrap, funcname: release
<frozen importlib._bootstrap>(113): <frozen importlib._bootstrap>(114): <frozen importlib._bootstrap>(115): <frozen importlib._bootstrap>(117): <frozen importlib._bootstrap>(118): <frozen importlib._bootstrap>(119): <frozen importlib._bootstrap>(120): <frozen importlib._bootstrap>(121):  --- modulename: _bootstrap, funcname: cb
<frozen importlib._bootstrap>(186): <frozen importlib._bootstrap>(187): <frozen importlib._bootstrap>(191): <frozen importlib._bootstrap>(192): <frozen importlib._bootstrap>(194): s400074283.py(6): readline = sys.stdin.readline
s400074283.py(7): EPS = 1e-9
s400074283.py(8): ONLINE_FRONT = -2
s400074283.py(9): CLOCKWISE = -1
s400074283.py(10): ON_SEGMENT = 0
s400074283.py(11): COUNTER_CLOCKWISE = 1
s400074283.py(12): ONLINE_BACK = 2
s400074283.py(13): class Circle(object):
 --- modulename: s400074283, funcname: Circle
s400074283.py(13): class Circle(object):
s400074283.py(14):     __slots__ = ('c', 'r')
s400074283.py(15):     def __init__(self, c, r):
s400074283.py(18): class Segment(object):
 --- modulename: s400074283, funcname: Segment
s400074283.py(18): class Segment(object):
s400074283.py(19):     __slots__ = ('fi', 'se')
s400074283.py(20):     def __init__(self, fi, se):
s400074283.py(23): Line = Segment
s400074283.py(24): def cross(a, b):
s400074283.py(26): def dot(a, b):
s400074283.py(28): def norm(base):
s400074283.py(30): def project(s, p2):
s400074283.py(34): def reflect(s, p):
s400074283.py(36): def ccw(p1, p2, p3):
s400074283.py(44): def intersect4(p1, p2, p3, p4):
s400074283.py(47): def intersect2(s1, s2):
s400074283.py(49): def getDistance(a, b):  return abs(a - b)
s400074283.py(50): def getDistanceLP(l, p):
s400074283.py(52): def getDistanceSP(s, p):
s400074283.py(56): def getDistances(s1, s2):
s400074283.py(60): def getCrossPoint(s1, s2):
s400074283.py(66): def getCrossPointsCL(c, l):
s400074283.py(71): def getCrossPointsCC(c1, c2):
s400074283.py(76): def contains(g, p):
s400074283.py(86): def andrewScan(s):
s400074283.py(109): n = int(readline())
 --- modulename: codecs, funcname: getstate
codecs.py(333):         return (self.buffer, 0)
 --- modulename: codecs, funcname: decode
codecs.py(321):         data = self.buffer + input
codecs.py(322):         (result, consumed) = self._buffer_decode(data, self.errors, final)
codecs.py(324):         self.buffer = data[consumed:]
codecs.py(325):         return result
s400074283.py(110): pg = [complex(*map(int, readline().split())) for _ in [0] * n]
 --- modulename: s400074283, funcname: <listcomp>
s400074283.py(110): pg = [complex(*map(int, readline().split())) for _ in [0] * n]
s400074283.py(110): pg = [complex(*map(int, readline().split())) for _ in [0] * n]
s400074283.py(110): pg = [complex(*map(int, readline().split())) for _ in [0] * n]
s400074283.py(110): pg = [complex(*map(int, readline().split())) for _ in [0] * n]
s400074283.py(110): pg = [complex(*map(int, readline().split())) for _ in [0] * n]
s400074283.py(110): pg = [complex(*map(int, readline().split())) for _ in [0] * n]
s400074283.py(110): pg = [complex(*map(int, readline().split())) for _ in [0] * n]
s400074283.py(110): pg = [complex(*map(int, readline().split())) for _ in [0] * n]
s400074283.py(111): ans = andrewScan(pg)
 --- modulename: s400074283, funcname: andrewScan
s400074283.py(87):     if len(s) < 3: return s
s400074283.py(88):     u = []
s400074283.py(89):     l = []
s400074283.py(90):     s.sort(key=attrgetter('imag'))
s400074283.py(91):     u.append(s[0])
s400074283.py(92):     u.append(s[1])
s400074283.py(93):     l.append(s[-1])
s400074283.py(94):     l.append(s[-2])
s400074283.py(95):     _ccw = 0
s400074283.py(96):     for i in range(2, len(s)):
s400074283.py(97):         for q in range(len(u), 1, -1):
s400074283.py(98):             _ccw = ccw(u[q - 2], u[q - 1], s[i])
 --- modulename: s400074283, funcname: ccw
s400074283.py(37):     a = p2 - p1
s400074283.py(38):     b = p3 - p1
s400074283.py(39):     if cross(a, b) > EPS: return 1
 --- modulename: s400074283, funcname: cross
s400074283.py(25):     return a.real * b.imag - a.imag * b.real
s400074283.py(99):             if not (_ccw != CLOCKWISE and _ccw != ONLINE_FRONT): break
s400074283.py(100):             u.pop()
s400074283.py(97):         for q in range(len(u), 1, -1):
s400074283.py(101):         u.append(s[i])
s400074283.py(96):     for i in range(2, len(s)):
s400074283.py(97):         for q in range(len(u), 1, -1):
s400074283.py(98):             _ccw = ccw(u[q - 2], u[q - 1], s[i])
 --- modulename: s400074283, funcname: ccw
s400074283.py(37):     a = p2 - p1
s400074283.py(38):     b = p3 - p1
s400074283.py(39):     if cross(a, b) > EPS: return 1
 --- modulename: s400074283, funcname: cross
s400074283.py(25):     return a.real * b.imag - a.imag * b.real
s400074283.py(40):     if cross(a, b) < -EPS: return -1
 --- modulename: s400074283, funcname: cross
s400074283.py(25):     return a.real * b.imag - a.imag * b.real
s400074283.py(99):             if not (_ccw != CLOCKWISE and _ccw != ONLINE_FRONT): break
s400074283.py(101):         u.append(s[i])
s400074283.py(96):     for i in range(2, len(s)):
s400074283.py(97):         for q in range(len(u), 1, -1):
s400074283.py(98):             _ccw = ccw(u[q - 2], u[q - 1], s[i])
 --- modulename: s400074283, funcname: ccw
s400074283.py(37):     a = p2 - p1
s400074283.py(38):     b = p3 - p1
s400074283.py(39):     if cross(a, b) > EPS: return 1
 --- modulename: s400074283, funcname: cross
s400074283.py(25):     return a.real * b.imag - a.imag * b.real
s400074283.py(40):     if cross(a, b) < -EPS: return -1
 --- modulename: s400074283, funcname: cross
s400074283.py(25):     return a.real * b.imag - a.imag * b.real
s400074283.py(41):     if dot(a, b) < -EPS: return 2
 --- modulename: s400074283, funcname: dot
s400074283.py(27):     return a.real * b.real + a.imag * b.imag
s400074283.py(42):     if norm(a) < norm(b): return -2
 --- modulename: s400074283, funcname: norm
s400074283.py(29):     return abs(base) ** 2
 --- modulename: s400074283, funcname: norm
s400074283.py(29):     return abs(base) ** 2
s400074283.py(99):             if not (_ccw != CLOCKWISE and _ccw != ONLINE_FRONT): break
s400074283.py(101):         u.append(s[i])
s400074283.py(96):     for i in range(2, len(s)):
s400074283.py(97):         for q in range(len(u), 1, -1):
s400074283.py(98):             _ccw = ccw(u[q - 2], u[q - 1], s[i])
 --- modulename: s400074283, funcname: ccw
s400074283.py(37):     a = p2 - p1
s400074283.py(38):     b = p3 - p1
s400074283.py(39):     if cross(a, b) > EPS: return 1
 --- modulename: s400074283, funcname: cross
s400074283.py(25):     return a.real * b.imag - a.imag * b.real
s400074283.py(99):             if not (_ccw != CLOCKWISE and _ccw != ONLINE_FRONT): break
s400074283.py(100):             u.pop()
s400074283.py(97):         for q in range(len(u), 1, -1):
s400074283.py(98):             _ccw = ccw(u[q - 2], u[q - 1], s[i])
 --- modulename: s400074283, funcname: ccw
s400074283.py(37):     a = p2 - p1
s400074283.py(38):     b = p3 - p1
s400074283.py(39):     if cross(a, b) > EPS: return 1
 --- modulename: s400074283, funcname: cross
s400074283.py(25):     return a.real * b.imag - a.imag * b.real
s400074283.py(99):             if not (_ccw != CLOCKWISE and _ccw != ONLINE_FRONT): break
s400074283.py(100):             u.pop()
s400074283.py(97):         for q in range(len(u), 1, -1):
s400074283.py(98):             _ccw = ccw(u[q - 2], u[q - 1], s[i])
 --- modulename: s400074283, funcname: ccw
s400074283.py(37):     a = p2 - p1
s400074283.py(38):     b = p3 - p1
s400074283.py(39):     if cross(a, b) > EPS: return 1
 --- modulename: s400074283, funcname: cross
s400074283.py(25):     return a.real * b.imag - a.imag * b.real
s400074283.py(99):             if not (_ccw != CLOCKWISE and _ccw != ONLINE_FRONT): break
s400074283.py(100):             u.pop()
s400074283.py(97):         for q in range(len(u), 1, -1):
s400074283.py(101):         u.append(s[i])
s400074283.py(96):     for i in range(2, len(s)):
s400074283.py(97):         for q in range(len(u), 1, -1):
s400074283.py(98):             _ccw = ccw(u[q - 2], u[q - 1], s[i])
 --- modulename: s400074283, funcname: ccw
s400074283.py(37):     a = p2 - p1
s400074283.py(38):     b = p3 - p1
s400074283.py(39):     if cross(a, b) > EPS: return 1
 --- modulename: s400074283, funcname: cross
s400074283.py(25):     return a.real * b.imag - a.imag * b.real
s400074283.py(40):     if cross(a, b) < -EPS: return -1
 --- modulename: s400074283, funcname: cross
s400074283.py(25):     return a.real * b.imag - a.imag * b.real
s400074283.py(99):             if not (_ccw != CLOCKWISE and _ccw != ONLINE_FRONT): break
s400074283.py(101):         u.append(s[i])
s400074283.py(96):     for i in range(2, len(s)):
s400074283.py(102):     for i in range(len(s) - 3, -1, -1):
s400074283.py(103):         for q in range(len(l), 1, -1):
s400074283.py(104):             _ccw = ccw(l[q - 2], l[q - 1], s[i])
 --- modulename: s400074283, funcname: ccw
s400074283.py(37):     a = p2 - p1
s400074283.py(38):     b = p3 - p1
s400074283.py(39):     if cross(a, b) > EPS: return 1
 --- modulename: s400074283, funcname: cross
s400074283.py(25):     return a.real * b.imag - a.imag * b.real
s400074283.py(105):             if not (_ccw != CLOCKWISE and _ccw != ONLINE_FRONT): break
s400074283.py(106):             l.pop()
s400074283.py(103):         for q in range(len(l), 1, -1):
s400074283.py(107):         l.append(s[i])
s400074283.py(102):     for i in range(len(s) - 3, -1, -1):
s400074283.py(103):         for q in range(len(l), 1, -1):
s400074283.py(104):             _ccw = ccw(l[q - 2], l[q - 1], s[i])
 --- modulename: s400074283, funcname: ccw
s400074283.py(37):     a = p2 - p1
s400074283.py(38):     b = p3 - p1
s400074283.py(39):     if cross(a, b) > EPS: return 1
 --- modulename: s400074283, funcname: cross
s400074283.py(25):     return a.real * b.imag - a.imag * b.real
s400074283.py(40):     if cross(a, b) < -EPS: return -1
 --- modulename: s400074283, funcname: cross
s400074283.py(25):     return a.real * b.imag - a.imag * b.real
s400074283.py(105):             if not (_ccw != CLOCKWISE and _ccw != ONLINE_FRONT): break
s400074283.py(107):         l.append(s[i])
s400074283.py(102):     for i in range(len(s) - 3, -1, -1):
s400074283.py(103):         for q in range(len(l), 1, -1):
s400074283.py(104):             _ccw = ccw(l[q - 2], l[q - 1], s[i])
 --- modulename: s400074283, funcname: ccw
s400074283.py(37):     a = p2 - p1
s400074283.py(38):     b = p3 - p1
s400074283.py(39):     if cross(a, b) > EPS: return 1
 --- modulename: s400074283, funcname: cross
s400074283.py(25):     return a.real * b.imag - a.imag * b.real
s400074283.py(40):     if cross(a, b) < -EPS: return -1
 --- modulename: s400074283, funcname: cross
s400074283.py(25):     return a.real * b.imag - a.imag * b.real
s400074283.py(41):     if dot(a, b) < -EPS: return 2
 --- modulename: s400074283, funcname: dot
s400074283.py(27):     return a.real * b.real + a.imag * b.imag
s400074283.py(42):     if norm(a) < norm(b): return -2
 --- modulename: s400074283, funcname: norm
s400074283.py(29):     return abs(base) ** 2
 --- modulename: s400074283, funcname: norm
s400074283.py(29):     return abs(base) ** 2
s400074283.py(105):             if not (_ccw != CLOCKWISE and _ccw != ONLINE_FRONT): break
s400074283.py(107):         l.append(s[i])
s400074283.py(102):     for i in range(len(s) - 3, -1, -1):
s400074283.py(103):         for q in range(len(l), 1, -1):
s400074283.py(104):             _ccw = ccw(l[q - 2], l[q - 1], s[i])
 --- modulename: s400074283, funcname: ccw
s400074283.py(37):     a = p2 - p1
s400074283.py(38):     b = p3 - p1
s400074283.py(39):     if cross(a, b) > EPS: return 1
 --- modulename: s400074283, funcname: cross
s400074283.py(25):     return a.real * b.imag - a.imag * b.real
s400074283.py(105):             if not (_ccw != CLOCKWISE and _ccw != ONLINE_FRONT): break
s400074283.py(106):             l.pop()
s400074283.py(103):         for q in range(len(l), 1, -1):
s400074283.py(104):             _ccw = ccw(l[q - 2], l[q - 1], s[i])
 --- modulename: s400074283, funcname: ccw
s400074283.py(37):     a = p2 - p1
s400074283.py(38):     b = p3 - p1
s400074283.py(39):     if cross(a, b) > EPS: return 1
 --- modulename: s400074283, funcname: cross
s400074283.py(25):     return a.real * b.imag - a.imag * b.real
s400074283.py(105):             if not (_ccw != CLOCKWISE and _ccw != ONLINE_FRONT): break
s400074283.py(106):             l.pop()
s400074283.py(103):         for q in range(len(l), 1, -1):
s400074283.py(104):             _ccw = ccw(l[q - 2], l[q - 1], s[i])
 --- modulename: s400074283, funcname: ccw
s400074283.py(37):     a = p2 - p1
s400074283.py(38):     b = p3 - p1
s400074283.py(39):     if cross(a, b) > EPS: return 1
 --- modulename: s400074283, funcname: cross
s400074283.py(25):     return a.real * b.imag - a.imag * b.real
s400074283.py(40):     if cross(a, b) < -EPS: return -1
 --- modulename: s400074283, funcname: cross
s400074283.py(25):     return a.real * b.imag - a.imag * b.real
s400074283.py(105):             if not (_ccw != CLOCKWISE and _ccw != ONLINE_FRONT): break
s400074283.py(107):         l.append(s[i])
s400074283.py(102):     for i in range(len(s) - 3, -1, -1):
s400074283.py(103):         for q in range(len(l), 1, -1):
s400074283.py(104):             _ccw = ccw(l[q - 2], l[q - 1], s[i])
 --- modulename: s400074283, funcname: ccw
s400074283.py(37):     a = p2 - p1
s400074283.py(38):     b = p3 - p1
s400074283.py(39):     if cross(a, b) > EPS: return 1
 --- modulename: s400074283, funcname: cross
s400074283.py(25):     return a.real * b.imag - a.imag * b.real
s400074283.py(40):     if cross(a, b) < -EPS: return -1
 --- modulename: s400074283, funcname: cross
s400074283.py(25):     return a.real * b.imag - a.imag * b.real
s400074283.py(41):     if dot(a, b) < -EPS: return 2
 --- modulename: s400074283, funcname: dot
s400074283.py(27):     return a.real * b.real + a.imag * b.imag
s400074283.py(42):     if norm(a) < norm(b): return -2
 --- modulename: s400074283, funcname: norm
s400074283.py(29):     return abs(base) ** 2
 --- modulename: s400074283, funcname: norm
s400074283.py(29):     return abs(base) ** 2
s400074283.py(105):             if not (_ccw != CLOCKWISE and _ccw != ONLINE_FRONT): break
s400074283.py(107):         l.append(s[i])
s400074283.py(102):     for i in range(len(s) - 3, -1, -1):
s400074283.py(108):     return l[::-1] + u[1:len(u) - 1][::-1]
s400074283.py(112): print(len(ans))
5
s400074283.py(113): for i in range(len(ans)):
s400074283.py(114):     print(int(ans[i].real), int(ans[i].imag))
0 0
s400074283.py(113): for i in range(len(ans)):
s400074283.py(114):     print(int(ans[i].real), int(ans[i].imag))
2 1
s400074283.py(113): for i in range(len(ans)):
s400074283.py(114):     print(int(ans[i].real), int(ans[i].imag))
4 2
s400074283.py(113): for i in range(len(ans)):
s400074283.py(114):     print(int(ans[i].real), int(ans[i].imag))
3 3
s400074283.py(113): for i in range(len(ans)):
s400074283.py(114):     print(int(ans[i].real), int(ans[i].imag))
1 3
s400074283.py(113): for i in range(len(ans)):
