 --- modulename: s408503672, funcname: <module>
s408503672.py(1): """
s408503672.py(7): def get_fact_and_inv(limit: int, MOD: int) -> tuple:
s408503672.py(25): def mod_comb(n: int, r: int, MOD: int) -> int:
s408503672.py(31): def main():
s408503672.py(42): if __name__ == "__main__":
s408503672.py(43):     main()
 --- modulename: s408503672, funcname: main
s408503672.py(33):     H, W, A, B = map(int, input().split())
 --- modulename: codecs, funcname: getstate
codecs.py(333):         return (self.buffer, 0)
 --- modulename: codecs, funcname: decode
codecs.py(321):         data = self.buffer + input
codecs.py(322):         (result, consumed) = self._buffer_decode(data, self.errors, final)
codecs.py(324):         self.buffer = data[consumed:]
codecs.py(325):         return result
s408503672.py(34):     MOD = 10 ** 9 + 7
s408503672.py(35):     fact, inv = get_fact_and_inv(H + W, MOD)
 --- modulename: s408503672, funcname: get_fact_and_inv
s408503672.py(9):     factorials = [0] * (limit + 1)
s408503672.py(10):     factorials[0] = 1
s408503672.py(11):     x = 1
s408503672.py(12):     for i in range(1, limit + 1):
s408503672.py(13):         x = x * i % MOD
s408503672.py(14):         factorials[i] = x
s408503672.py(12):     for i in range(1, limit + 1):
s408503672.py(13):         x = x * i % MOD
s408503672.py(14):         factorials[i] = x
s408503672.py(12):     for i in range(1, limit + 1):
s408503672.py(13):         x = x * i % MOD
s408503672.py(14):         factorials[i] = x
s408503672.py(12):     for i in range(1, limit + 1):
s408503672.py(13):         x = x * i % MOD
s408503672.py(14):         factorials[i] = x
s408503672.py(12):     for i in range(1, limit + 1):
s408503672.py(13):         x = x * i % MOD
s408503672.py(14):         factorials[i] = x
s408503672.py(12):     for i in range(1, limit + 1):
s408503672.py(16):     inverse_factorials = [1] * (limit + 1)
s408503672.py(17):     inverse_factorials[-1] = pow(factorials[-1], MOD - 2, MOD)
s408503672.py(18):     x = inverse_factorials[-1]
s408503672.py(19):     for i in range(limit - 1, 0, -1):
s408503672.py(20):         x = x * (i + 1) % MOD
s408503672.py(21):         inverse_factorials[i] = x
s408503672.py(19):     for i in range(limit - 1, 0, -1):
s408503672.py(20):         x = x * (i + 1) % MOD
s408503672.py(21):         inverse_factorials[i] = x
s408503672.py(19):     for i in range(limit - 1, 0, -1):
s408503672.py(20):         x = x * (i + 1) % MOD
s408503672.py(21):         inverse_factorials[i] = x
s408503672.py(19):     for i in range(limit - 1, 0, -1):
s408503672.py(20):         x = x * (i + 1) % MOD
s408503672.py(21):         inverse_factorials[i] = x
s408503672.py(19):     for i in range(limit - 1, 0, -1):
s408503672.py(22):     return factorials, inverse_factorials
s408503672.py(36):     x, y, a = H - A - 1, W + A - 2, A - 1  # fixed variables
s408503672.py(37):     f = lambda i: mod_comb(x + i, i, MOD) * mod_comb(y - i, a, MOD)
s408503672.py(38):     ans = sum(f(i) for i in range(B, W)) % MOD
 --- modulename: s408503672, funcname: <genexpr>
s408503672.py(38):     ans = sum(f(i) for i in range(B, W)) % MOD
 --- modulename: s408503672, funcname: <lambda>
s408503672.py(37):     f = lambda i: mod_comb(x + i, i, MOD) * mod_comb(y - i, a, MOD)
 --- modulename: s408503672, funcname: mod_comb
s408503672.py(27):     return fact[n] * inv[r] * inv[n - r] % MOD
 --- modulename: s408503672, funcname: mod_comb
s408503672.py(27):     return fact[n] * inv[r] * inv[n - r] % MOD
 --- modulename: s408503672, funcname: <genexpr>
s408503672.py(38):     ans = sum(f(i) for i in range(B, W)) % MOD
 --- modulename: s408503672, funcname: <lambda>
s408503672.py(37):     f = lambda i: mod_comb(x + i, i, MOD) * mod_comb(y - i, a, MOD)
 --- modulename: s408503672, funcname: mod_comb
s408503672.py(27):     return fact[n] * inv[r] * inv[n - r] % MOD
 --- modulename: s408503672, funcname: mod_comb
s408503672.py(27):     return fact[n] * inv[r] * inv[n - r] % MOD
 --- modulename: s408503672, funcname: <genexpr>
s408503672.py(38):     ans = sum(f(i) for i in range(B, W)) % MOD
s408503672.py(39):     print(ans)
2
