 --- modulename: s412313561, funcname: <module>
s412313561.py(2): class Cmber:
 --- modulename: s412313561, funcname: Cmber
s412313561.py(2): class Cmber:
s412313561.py(3):     def __init__(self,gensize,mod=10**9+7):
s412313561.py(9):     def getgen(self,N):
s412313561.py(15):     def cmb(self,n, r):
s412313561.py(21):     def cmb_very_high_n(self,n, r):
s412313561.py(30): def resolve():
s412313561.py(55): if __name__ == "__main__":
s412313561.py(56):     resolve()
 --- modulename: s412313561, funcname: resolve
s412313561.py(31):     N,K=map(int,input().split())
 --- modulename: codecs, funcname: getstate
codecs.py(333):         return (self.buffer, 0)
 --- modulename: codecs, funcname: decode
codecs.py(321):         data = self.buffer + input
codecs.py(322):         (result, consumed) = self._buffer_decode(data, self.errors, final)
codecs.py(324):         self.buffer = data[consumed:]
codecs.py(325):         return result
s412313561.py(32):     A=list(map(int,input().split()))
s412313561.py(33):     A.sort()
s412313561.py(34):     cmber = Cmber(N)
 --- modulename: s412313561, funcname: __init__
s412313561.py(4):         self.mod = mod
s412313561.py(5):         self.g1=[1,1]
s412313561.py(6):         self.g2 = [1, 1] #逆元テーブル
s412313561.py(7):         self.inverse = [0, 1] #逆元テーブル計算用テーブル
s412313561.py(8):         self.getgen(gensize)
 --- modulename: s412313561, funcname: getgen
s412313561.py(10):         for i in range( 2, N + 1 ):
s412313561.py(11):             self.g1.append( ( self.g1[-1] * i ) % self.mod )
s412313561.py(12):             self.inverse.append( ( -self.inverse[self.mod % i] * (self.mod//i) ) % self.mod )
s412313561.py(13):             self.g2.append( (self.g2[-1] * self.inverse[-1]) % self.mod )
s412313561.py(10):         for i in range( 2, N + 1 ):
s412313561.py(11):             self.g1.append( ( self.g1[-1] * i ) % self.mod )
s412313561.py(12):             self.inverse.append( ( -self.inverse[self.mod % i] * (self.mod//i) ) % self.mod )
s412313561.py(13):             self.g2.append( (self.g2[-1] * self.inverse[-1]) % self.mod )
s412313561.py(10):         for i in range( 2, N + 1 ):
s412313561.py(11):             self.g1.append( ( self.g1[-1] * i ) % self.mod )
s412313561.py(12):             self.inverse.append( ( -self.inverse[self.mod % i] * (self.mod//i) ) % self.mod )
s412313561.py(13):             self.g2.append( (self.g2[-1] * self.inverse[-1]) % self.mod )
s412313561.py(10):         for i in range( 2, N + 1 ):
s412313561.py(35):     smp =0
s412313561.py(36):     smm =0
s412313561.py(37):     for i in range(N):
s412313561.py(38):         bef = (cmber.cmb(i,K-1)*A[i]) % cmber.mod
 --- modulename: s412313561, funcname: cmb
s412313561.py(16):         if ( r<0 or r>n ):
s412313561.py(17):             return 0
s412313561.py(39):         smp +=bef
s412313561.py(40):         smp %=cmber.mod
s412313561.py(37):     for i in range(N):
s412313561.py(38):         bef = (cmber.cmb(i,K-1)*A[i]) % cmber.mod
 --- modulename: s412313561, funcname: cmb
s412313561.py(16):         if ( r<0 or r>n ):
s412313561.py(18):         r = min(r, n-r)
s412313561.py(19):         return self.g1[n] * self.g2[r] * self.g2[n-r] % self.mod
s412313561.py(39):         smp +=bef
s412313561.py(40):         smp %=cmber.mod
s412313561.py(37):     for i in range(N):
s412313561.py(38):         bef = (cmber.cmb(i,K-1)*A[i]) % cmber.mod
 --- modulename: s412313561, funcname: cmb
s412313561.py(16):         if ( r<0 or r>n ):
s412313561.py(18):         r = min(r, n-r)
s412313561.py(19):         return self.g1[n] * self.g2[r] * self.g2[n-r] % self.mod
s412313561.py(39):         smp +=bef
s412313561.py(40):         smp %=cmber.mod
s412313561.py(37):     for i in range(N):
s412313561.py(38):         bef = (cmber.cmb(i,K-1)*A[i]) % cmber.mod
 --- modulename: s412313561, funcname: cmb
s412313561.py(16):         if ( r<0 or r>n ):
s412313561.py(18):         r = min(r, n-r)
s412313561.py(19):         return self.g1[n] * self.g2[r] * self.g2[n-r] % self.mod
s412313561.py(39):         smp +=bef
s412313561.py(40):         smp %=cmber.mod
s412313561.py(37):     for i in range(N):
s412313561.py(41):     for i in range(N):
s412313561.py(42):         aft = (cmber.cmb(N-i-1,K-1)*A[i]) % cmber.mod
 --- modulename: s412313561, funcname: cmb
s412313561.py(16):         if ( r<0 or r>n ):
s412313561.py(18):         r = min(r, n-r)
s412313561.py(19):         return self.g1[n] * self.g2[r] * self.g2[n-r] % self.mod
s412313561.py(43):         smm +=aft
s412313561.py(44):         smm %=cmber.mod
s412313561.py(41):     for i in range(N):
s412313561.py(42):         aft = (cmber.cmb(N-i-1,K-1)*A[i]) % cmber.mod
 --- modulename: s412313561, funcname: cmb
s412313561.py(16):         if ( r<0 or r>n ):
s412313561.py(18):         r = min(r, n-r)
s412313561.py(19):         return self.g1[n] * self.g2[r] * self.g2[n-r] % self.mod
s412313561.py(43):         smm +=aft
s412313561.py(44):         smm %=cmber.mod
s412313561.py(41):     for i in range(N):
s412313561.py(42):         aft = (cmber.cmb(N-i-1,K-1)*A[i]) % cmber.mod
 --- modulename: s412313561, funcname: cmb
s412313561.py(16):         if ( r<0 or r>n ):
s412313561.py(18):         r = min(r, n-r)
s412313561.py(19):         return self.g1[n] * self.g2[r] * self.g2[n-r] % self.mod
s412313561.py(43):         smm +=aft
s412313561.py(44):         smm %=cmber.mod
s412313561.py(41):     for i in range(N):
s412313561.py(42):         aft = (cmber.cmb(N-i-1,K-1)*A[i]) % cmber.mod
 --- modulename: s412313561, funcname: cmb
s412313561.py(16):         if ( r<0 or r>n ):
s412313561.py(17):             return 0
s412313561.py(43):         smm +=aft
s412313561.py(44):         smm %=cmber.mod
s412313561.py(41):     for i in range(N):
s412313561.py(46):     sm = smp-smm
s412313561.py(48):     print(sm if sm >=0 else sm+cmber.mod)
11
