 --- modulename: s415055156, funcname: <module>
s415055156.py(4): def egcd(a, b):
s415055156.py(13): def modinv(a, m):
s415055156.py(20): from itertools import accumulate, repeat, chain
s415055156.py(22): MOD = 10**9+7
s415055156.py(25): N,A,B,C = map(int,input().split())
 --- modulename: codecs, funcname: getstate
codecs.py(333):         return (self.buffer, 0)
 --- modulename: codecs, funcname: decode
codecs.py(321):         data = self.buffer + input
codecs.py(322):         (result, consumed) = self._buffer_decode(data, self.errors, final)
codecs.py(324):         self.buffer = data[consumed:]
codecs.py(325):         return result
s415055156.py(27): r = 100*modinv(100-C, MOD) % MOD
 --- modulename: s415055156, funcname: modinv
s415055156.py(14):     g, x, y = egcd(a, m)
 --- modulename: s415055156, funcname: egcd
s415055156.py(5):     if a == 0:
s415055156.py(8):         g, y, x = egcd(b % a, a)
 --- modulename: s415055156, funcname: egcd
s415055156.py(5):     if a == 0:
s415055156.py(8):         g, y, x = egcd(b % a, a)
 --- modulename: s415055156, funcname: egcd
s415055156.py(5):     if a == 0:
s415055156.py(8):         g, y, x = egcd(b % a, a)
 --- modulename: s415055156, funcname: egcd
s415055156.py(5):     if a == 0:
s415055156.py(6):         return (b, 0, 1)
s415055156.py(9):         return (g, x - (b // a) * y, y)
s415055156.py(9):         return (g, x - (b // a) * y, y)
s415055156.py(9):         return (g, x - (b // a) * y, y)
s415055156.py(15):     if g != 1:
s415055156.py(18):         return x % m
s415055156.py(28): a = A*modinv(100, MOD)*r % MOD
 --- modulename: s415055156, funcname: modinv
s415055156.py(14):     g, x, y = egcd(a, m)
 --- modulename: s415055156, funcname: egcd
s415055156.py(5):     if a == 0:
s415055156.py(8):         g, y, x = egcd(b % a, a)
 --- modulename: s415055156, funcname: egcd
s415055156.py(5):     if a == 0:
s415055156.py(8):         g, y, x = egcd(b % a, a)
 --- modulename: s415055156, funcname: egcd
s415055156.py(5):     if a == 0:
s415055156.py(8):         g, y, x = egcd(b % a, a)
 --- modulename: s415055156, funcname: egcd
s415055156.py(5):     if a == 0:
s415055156.py(8):         g, y, x = egcd(b % a, a)
 --- modulename: s415055156, funcname: egcd
s415055156.py(5):     if a == 0:
s415055156.py(6):         return (b, 0, 1)
s415055156.py(9):         return (g, x - (b // a) * y, y)
s415055156.py(9):         return (g, x - (b // a) * y, y)
s415055156.py(9):         return (g, x - (b // a) * y, y)
s415055156.py(9):         return (g, x - (b // a) * y, y)
s415055156.py(15):     if g != 1:
s415055156.py(18):         return x % m
s415055156.py(29): b = B*modinv(100, MOD)*r % MOD
 --- modulename: s415055156, funcname: modinv
s415055156.py(14):     g, x, y = egcd(a, m)
 --- modulename: s415055156, funcname: egcd
s415055156.py(5):     if a == 0:
s415055156.py(8):         g, y, x = egcd(b % a, a)
 --- modulename: s415055156, funcname: egcd
s415055156.py(5):     if a == 0:
s415055156.py(8):         g, y, x = egcd(b % a, a)
 --- modulename: s415055156, funcname: egcd
s415055156.py(5):     if a == 0:
s415055156.py(8):         g, y, x = egcd(b % a, a)
 --- modulename: s415055156, funcname: egcd
s415055156.py(5):     if a == 0:
s415055156.py(8):         g, y, x = egcd(b % a, a)
 --- modulename: s415055156, funcname: egcd
s415055156.py(5):     if a == 0:
s415055156.py(6):         return (b, 0, 1)
s415055156.py(9):         return (g, x - (b // a) * y, y)
s415055156.py(9):         return (g, x - (b // a) * y, y)
s415055156.py(9):         return (g, x - (b // a) * y, y)
s415055156.py(9):         return (g, x - (b // a) * y, y)
s415055156.py(15):     if g != 1:
s415055156.py(18):         return x % m
s415055156.py(31): ap = tuple(chain((1,),accumulate(repeat(a,N),lambda x,y: x*y % MOD)))
s415055156.py(32): bp = tuple(chain((1,),accumulate(repeat(b,N),lambda x,y: x*y % MOD)))
s415055156.py(36): def it():
s415055156.py(47): print(sum(it())*r % MOD)
 --- modulename: s415055156, funcname: it
s415055156.py(37):     numer = N
s415055156.py(38):     denom = 1
s415055156.py(39):     for m in range(N):
s415055156.py(40):         yield numer*denom*(ap[N]*bp[m]+ap[m]*bp[N]) % MOD
 --- modulename: s415055156, funcname: it
s415055156.py(41):         numer *= N+m+1
s415055156.py(42):         numer %= MOD
s415055156.py(43):         denom *= modinv(m+1, MOD)
 --- modulename: s415055156, funcname: modinv
s415055156.py(14):     g, x, y = egcd(a, m)
 --- modulename: s415055156, funcname: egcd
s415055156.py(5):     if a == 0:
s415055156.py(8):         g, y, x = egcd(b % a, a)
 --- modulename: s415055156, funcname: egcd
s415055156.py(5):     if a == 0:
s415055156.py(6):         return (b, 0, 1)
s415055156.py(9):         return (g, x - (b // a) * y, y)
s415055156.py(15):     if g != 1:
s415055156.py(18):         return x % m
s415055156.py(44):         denom %= MOD
s415055156.py(39):     for m in range(N):
2
