 --- modulename: s922533317, funcname: <module>
s922533317.py(1): def gcd(a: int, b: int) -> int:
s922533317.py(10): def lcm(a, b):
s922533317.py(16): def multi_gcd(array: list) -> int:
s922533317.py(27): def multi_lcm(array):
s922533317.py(35): n = int(input())
 --- modulename: codecs, funcname: getstate
codecs.py(333):         return (self.buffer, 0)
 --- modulename: codecs, funcname: decode
codecs.py(321):         data = self.buffer + input
codecs.py(322):         (result, consumed) = self._buffer_decode(data, self.errors, final)
codecs.py(324):         self.buffer = data[consumed:]
codecs.py(325):         return result
s922533317.py(36): MOD = 10**9 + 7
s922533317.py(37): a = list(map(int, input().split()))
s922533317.py(38): lcm_ = multi_lcm(a)
 --- modulename: s922533317, funcname: multi_lcm
s922533317.py(29):     ans = array[0]
s922533317.py(30):     for i in range(1, len(array)):
s922533317.py(31):         ans = (ans * array[i]) // gcd(ans, array[i])
 --- modulename: s922533317, funcname: gcd
s922533317.py(5):     if b == 0:
s922533317.py(7):     return gcd(b, a%b)
 --- modulename: s922533317, funcname: gcd
s922533317.py(5):     if b == 0:
s922533317.py(7):     return gcd(b, a%b)
 --- modulename: s922533317, funcname: gcd
s922533317.py(5):     if b == 0:
s922533317.py(7):     return gcd(b, a%b)
 --- modulename: s922533317, funcname: gcd
s922533317.py(5):     if b == 0:
s922533317.py(6):         return a
s922533317.py(30):     for i in range(1, len(array)):
s922533317.py(31):         ans = (ans * array[i]) // gcd(ans, array[i])
 --- modulename: s922533317, funcname: gcd
s922533317.py(5):     if b == 0:
s922533317.py(7):     return gcd(b, a%b)
 --- modulename: s922533317, funcname: gcd
s922533317.py(5):     if b == 0:
s922533317.py(7):     return gcd(b, a%b)
 --- modulename: s922533317, funcname: gcd
s922533317.py(5):     if b == 0:
s922533317.py(6):         return a
s922533317.py(30):     for i in range(1, len(array)):
s922533317.py(32):     return ans
s922533317.py(39): ans = 0
s922533317.py(40): for i in range(n):
s922533317.py(41):     ans += lcm_ * pow(a[i], MOD - 2, MOD)
s922533317.py(40): for i in range(n):
s922533317.py(41):     ans += lcm_ * pow(a[i], MOD - 2, MOD)
s922533317.py(40): for i in range(n):
s922533317.py(41):     ans += lcm_ * pow(a[i], MOD - 2, MOD)
s922533317.py(40): for i in range(n):
s922533317.py(42): print(ans % MOD)
13
