 --- modulename: s926749779, funcname: <module>
s926749779.py(1): def solve():
s926749779.py(7): def read():
s926749779.py(11): def read_int(n):
s926749779.py(15): def read_float(n):
s926749779.py(19): def read_line(n=0):
s926749779.py(26): def think(data):
s926749779.py(30): def write(result):
s926749779.py(34): if __name__ == '__main__':
s926749779.py(39):     solve()
 --- modulename: s926749779, funcname: solve
s926749779.py(2):     data = read()
 --- modulename: s926749779, funcname: read
s926749779.py(8):     return read_int(1)[0]
 --- modulename: s926749779, funcname: read_int
s926749779.py(12):     return list(map(lambda x: int(x), read_line().split(' ')))[:n]
 --- modulename: s926749779, funcname: read_line
s926749779.py(20):     if n == 0:
s926749779.py(21):         return input().rstrip()
 --- modulename: codecs, funcname: getstate
codecs.py(333):         return (self.buffer, 0)
 --- modulename: codecs, funcname: decode
codecs.py(321):         data = self.buffer + input
codecs.py(322):         (result, consumed) = self._buffer_decode(data, self.errors, final)
codecs.py(324):         self.buffer = data[consumed:]
codecs.py(325):         return result
 --- modulename: s926749779, funcname: <lambda>
s926749779.py(12):     return list(map(lambda x: int(x), read_line().split(' ')))[:n]
s926749779.py(3):     result = think(data)
 --- modulename: s926749779, funcname: think
s926749779.py(27):     return data ** 3
s926749779.py(4):     write(result)
 --- modulename: s926749779, funcname: write
s926749779.py(31):     print(result)
8
