 --- modulename: s928014234, funcname: <module>
s928014234.py(17): import sys
s928014234.py(18): sys.setrecursionlimit(1000000)
s928014234.py(19): from collections import deque
 --- modulename: _bootstrap, funcname: _handle_fromlist
<frozen importlib._bootstrap>(1043): <frozen importlib._bootstrap>(1044): <frozen importlib._bootstrap>(1051): <frozen importlib._bootstrap>(1055): <frozen importlib._bootstrap>(1043): <frozen importlib._bootstrap>(1067): s928014234.py(23): class Node():
 --- modulename: s928014234, funcname: Node
s928014234.py(23): class Node():
s928014234.py(24):     def __init__(self):
s928014234.py(34):     def childnum(self):
s928014234.py(40): class Tree():
 --- modulename: s928014234, funcname: Tree
s928014234.py(40): class Tree():
s928014234.py(44):     def __init__(self):
s928014234.py(83):     def getroot(self):
s928014234.py(87):     def getleaf(self):
s928014234.py(96):     def gettree(self):
s928014234.py(104): tree=Tree()
 --- modulename: s928014234, funcname: __init__
s928014234.py(45):         self.tree=[]
s928014234.py(46):         self.node_n=int(input())
 --- modulename: codecs, funcname: getstate
codecs.py(333):         return (self.buffer, 0)
 --- modulename: codecs, funcname: decode
codecs.py(321):         data = self.buffer + input
codecs.py(322):         (result, consumed) = self._buffer_decode(data, self.errors, final)
codecs.py(324):         self.buffer = data[consumed:]
codecs.py(325):         return result
s928014234.py(47):         for i in range(self.node_n):
s928014234.py(48):             a=Node()
 --- modulename: s928014234, funcname: __init__
s928014234.py(25):         self.name=-1
s928014234.py(26):         self.parent=-1
s928014234.py(27):         self.child=[]
s928014234.py(28):         self.color=0
s928014234.py(49):             a.name=i
s928014234.py(50):             self.tree.append(a)
s928014234.py(47):         for i in range(self.node_n):
s928014234.py(48):             a=Node()
 --- modulename: s928014234, funcname: __init__
s928014234.py(25):         self.name=-1
s928014234.py(26):         self.parent=-1
s928014234.py(27):         self.child=[]
s928014234.py(28):         self.color=0
s928014234.py(49):             a.name=i
s928014234.py(50):             self.tree.append(a)
s928014234.py(47):         for i in range(self.node_n):
s928014234.py(48):             a=Node()
 --- modulename: s928014234, funcname: __init__
s928014234.py(25):         self.name=-1
s928014234.py(26):         self.parent=-1
s928014234.py(27):         self.child=[]
s928014234.py(28):         self.color=0
s928014234.py(49):             a.name=i
s928014234.py(50):             self.tree.append(a)
s928014234.py(47):         for i in range(self.node_n):
s928014234.py(51):         self.edge=[]
s928014234.py(52):         for i in range(self.node_n-1):
s928014234.py(53):             self.edge.append([int(j) for j in input().split()])
 --- modulename: s928014234, funcname: <listcomp>
s928014234.py(53):             self.edge.append([int(j) for j in input().split()])
s928014234.py(53):             self.edge.append([int(j) for j in input().split()])
s928014234.py(53):             self.edge.append([int(j) for j in input().split()])
s928014234.py(52):         for i in range(self.node_n-1):
s928014234.py(53):             self.edge.append([int(j) for j in input().split()])
 --- modulename: s928014234, funcname: <listcomp>
s928014234.py(53):             self.edge.append([int(j) for j in input().split()])
s928014234.py(53):             self.edge.append([int(j) for j in input().split()])
s928014234.py(53):             self.edge.append([int(j) for j in input().split()])
s928014234.py(52):         for i in range(self.node_n-1):
s928014234.py(54):         copyedge=sorted(self.edge)
s928014234.py(55):         checkedge=deque()
s928014234.py(56):         for edge in copyedge:
s928014234.py(57):             first=self.tree[edge[0]-1]
s928014234.py(58):             second=self.tree[edge[1]-1]
s928014234.py(59):             if first.parent!=-1 or first.name==0:
s928014234.py(60):                 first.child.append(second)
s928014234.py(61):                 second.parent=first
s928014234.py(56):         for edge in copyedge:
s928014234.py(57):             first=self.tree[edge[0]-1]
s928014234.py(58):             second=self.tree[edge[1]-1]
s928014234.py(59):             if first.parent!=-1 or first.name==0:
s928014234.py(60):                 first.child.append(second)
s928014234.py(61):                 second.parent=first
s928014234.py(56):         for edge in copyedge:
s928014234.py(68):         while checkedge:
s928014234.py(106): ans=0
s928014234.py(107): node=tree.getroot()
 --- modulename: s928014234, funcname: getroot
s928014234.py(84):         return self.tree[0]
s928014234.py(110): def dps(Node):
s928014234.py(133): dps(node)
 --- modulename: s928014234, funcname: dps
s928014234.py(112):     colorlist=[]
s928014234.py(113):     p_col=Node.color
s928014234.py(114):     childnum=Node.childnum()
 --- modulename: s928014234, funcname: childnum
s928014234.py(35):         return len(self.child)
s928014234.py(115):     for i in range(childnum+1):
s928014234.py(116):         colorlist.append(i+1)
s928014234.py(115):     for i in range(childnum+1):
s928014234.py(116):         colorlist.append(i+1)
s928014234.py(115):     for i in range(childnum+1):
s928014234.py(117):     if p_col in colorlist:
s928014234.py(120):         colorlist.pop()
s928014234.py(122):     if colorlist!=[]:
s928014234.py(123):         maxcol=colorlist[-1]
s928014234.py(124):         if maxcol>=ans:
s928014234.py(125):             ans=maxcol
s928014234.py(126):         children=Node.child
s928014234.py(127):         for i in range(childnum):
s928014234.py(128):             children[i].color=colorlist[i]
s928014234.py(127):         for i in range(childnum):
s928014234.py(129):         for child in children:
s928014234.py(130):             dps(child)
 --- modulename: s928014234, funcname: dps
s928014234.py(112):     colorlist=[]
s928014234.py(113):     p_col=Node.color
s928014234.py(114):     childnum=Node.childnum()
 --- modulename: s928014234, funcname: childnum
s928014234.py(35):         return len(self.child)
s928014234.py(115):     for i in range(childnum+1):
s928014234.py(116):         colorlist.append(i+1)
s928014234.py(115):     for i in range(childnum+1):
s928014234.py(116):         colorlist.append(i+1)
s928014234.py(115):     for i in range(childnum+1):
s928014234.py(117):     if p_col in colorlist:
s928014234.py(118):         colorlist.remove(p_col)
s928014234.py(122):     if colorlist!=[]:
s928014234.py(123):         maxcol=colorlist[-1]
s928014234.py(124):         if maxcol>=ans:
s928014234.py(125):             ans=maxcol
s928014234.py(126):         children=Node.child
s928014234.py(127):         for i in range(childnum):
s928014234.py(128):             children[i].color=colorlist[i]
s928014234.py(127):         for i in range(childnum):
s928014234.py(129):         for child in children:
s928014234.py(130):             dps(child)
 --- modulename: s928014234, funcname: dps
s928014234.py(112):     colorlist=[]
s928014234.py(113):     p_col=Node.color
s928014234.py(114):     childnum=Node.childnum()
 --- modulename: s928014234, funcname: childnum
s928014234.py(35):         return len(self.child)
s928014234.py(115):     for i in range(childnum+1):
s928014234.py(116):         colorlist.append(i+1)
s928014234.py(115):     for i in range(childnum+1):
s928014234.py(117):     if p_col in colorlist:
s928014234.py(120):         colorlist.pop()
s928014234.py(122):     if colorlist!=[]:
s928014234.py(129):         for child in children:
s928014234.py(129):         for child in children:
s928014234.py(135): print(ans)
2
s928014234.py(137): tre=tree.gettree()
 --- modulename: s928014234, funcname: gettree
s928014234.py(97):         return self.tree[:]
s928014234.py(138): edge=tree.edge
s928014234.py(139): n=tree.node_n
s928014234.py(141): for i in edge:
s928014234.py(142):     print(tre[i[1]-1].color)
1
s928014234.py(141): for i in edge:
s928014234.py(142):     print(tre[i[1]-1].color)
2
s928014234.py(141): for i in edge:
