 --- modulename: s928778504, funcname: <module>
s928778504.py(1): rank = {}
s928778504.py(2): p = {}
s928778504.py(4): def makeSet(x):
s928778504.py(8): def link(x, y):
s928778504.py(16): def union(x, y):
s928778504.py(19): def findSet(x):
s928778504.py(24): def isSameSet(x, y):
s928778504.py(27): n, q = map(int, input().split())
 --- modulename: codecs, funcname: getstate
codecs.py(333):         return (self.buffer, 0)
 --- modulename: codecs, funcname: decode
codecs.py(321):         data = self.buffer + input
codecs.py(322):         (result, consumed) = self._buffer_decode(data, self.errors, final)
codecs.py(324):         self.buffer = data[consumed:]
codecs.py(325):         return result
s928778504.py(28): for x in range(n):
s928778504.py(29):     makeSet(x)
 --- modulename: s928778504, funcname: makeSet
s928778504.py(5):     p[x] = x
s928778504.py(6):     rank[x] = 0
s928778504.py(28): for x in range(n):
s928778504.py(29):     makeSet(x)
 --- modulename: s928778504, funcname: makeSet
s928778504.py(5):     p[x] = x
s928778504.py(6):     rank[x] = 0
s928778504.py(28): for x in range(n):
s928778504.py(29):     makeSet(x)
 --- modulename: s928778504, funcname: makeSet
s928778504.py(5):     p[x] = x
s928778504.py(6):     rank[x] = 0
s928778504.py(28): for x in range(n):
s928778504.py(29):     makeSet(x)
 --- modulename: s928778504, funcname: makeSet
s928778504.py(5):     p[x] = x
s928778504.py(6):     rank[x] = 0
s928778504.py(28): for x in range(n):
s928778504.py(29):     makeSet(x)
 --- modulename: s928778504, funcname: makeSet
s928778504.py(5):     p[x] = x
s928778504.py(6):     rank[x] = 0
s928778504.py(28): for x in range(n):
s928778504.py(31): for i in range(q):
s928778504.py(32):     a,x,y = map(int, input().split())
s928778504.py(33):     ret = (union if a == 0 else isSameSet)(x,y)
 --- modulename: s928778504, funcname: union
s928778504.py(17):     link(findSet(x), findSet(y))
 --- modulename: s928778504, funcname: findSet
s928778504.py(20):     if  x != p[x]:
s928778504.py(22):     return p[x]
 --- modulename: s928778504, funcname: findSet
s928778504.py(20):     if  x != p[x]:
s928778504.py(22):     return p[x]
 --- modulename: s928778504, funcname: link
s928778504.py(9):     if  rank[x] > rank[y]:
s928778504.py(12):         p[x] = y
s928778504.py(13):     if  rank[x] == rank[y]:
s928778504.py(14):         rank[y] += 1
s928778504.py(34):     if ret is None: continue
s928778504.py(31): for i in range(q):
s928778504.py(32):     a,x,y = map(int, input().split())
s928778504.py(33):     ret = (union if a == 0 else isSameSet)(x,y)
 --- modulename: s928778504, funcname: union
s928778504.py(17):     link(findSet(x), findSet(y))
 --- modulename: s928778504, funcname: findSet
s928778504.py(20):     if  x != p[x]:
s928778504.py(22):     return p[x]
 --- modulename: s928778504, funcname: findSet
s928778504.py(20):     if  x != p[x]:
s928778504.py(22):     return p[x]
 --- modulename: s928778504, funcname: link
s928778504.py(9):     if  rank[x] > rank[y]:
s928778504.py(12):         p[x] = y
s928778504.py(13):     if  rank[x] == rank[y]:
s928778504.py(14):         rank[y] += 1
s928778504.py(34):     if ret is None: continue
s928778504.py(31): for i in range(q):
s928778504.py(32):     a,x,y = map(int, input().split())
s928778504.py(33):     ret = (union if a == 0 else isSameSet)(x,y)
 --- modulename: s928778504, funcname: isSameSet
s928778504.py(25):     return findSet(x) == findSet(y)
 --- modulename: s928778504, funcname: findSet
s928778504.py(20):     if  x != p[x]:
s928778504.py(21):         p[x] = findSet(p[x])
 --- modulename: s928778504, funcname: findSet
s928778504.py(20):     if  x != p[x]:
s928778504.py(22):     return p[x]
s928778504.py(22):     return p[x]
 --- modulename: s928778504, funcname: findSet
s928778504.py(20):     if  x != p[x]:
s928778504.py(21):         p[x] = findSet(p[x])
 --- modulename: s928778504, funcname: findSet
s928778504.py(20):     if  x != p[x]:
s928778504.py(22):     return p[x]
s928778504.py(22):     return p[x]
s928778504.py(34):     if ret is None: continue
s928778504.py(35):     if ret == True: print(1)
s928778504.py(36):     else: print(0)
0
s928778504.py(31): for i in range(q):
s928778504.py(32):     a,x,y = map(int, input().split())
s928778504.py(33):     ret = (union if a == 0 else isSameSet)(x,y)
 --- modulename: s928778504, funcname: isSameSet
s928778504.py(25):     return findSet(x) == findSet(y)
 --- modulename: s928778504, funcname: findSet
s928778504.py(20):     if  x != p[x]:
s928778504.py(22):     return p[x]
 --- modulename: s928778504, funcname: findSet
s928778504.py(20):     if  x != p[x]:
s928778504.py(22):     return p[x]
s928778504.py(34):     if ret is None: continue
s928778504.py(35):     if ret == True: print(1)
s928778504.py(36):     else: print(0)
0
s928778504.py(31): for i in range(q):
s928778504.py(32):     a,x,y = map(int, input().split())
s928778504.py(33):     ret = (union if a == 0 else isSameSet)(x,y)
 --- modulename: s928778504, funcname: isSameSet
s928778504.py(25):     return findSet(x) == findSet(y)
 --- modulename: s928778504, funcname: findSet
s928778504.py(20):     if  x != p[x]:
s928778504.py(21):         p[x] = findSet(p[x])
 --- modulename: s928778504, funcname: findSet
s928778504.py(20):     if  x != p[x]:
s928778504.py(22):     return p[x]
s928778504.py(22):     return p[x]
 --- modulename: s928778504, funcname: findSet
s928778504.py(20):     if  x != p[x]:
s928778504.py(22):     return p[x]
s928778504.py(34):     if ret is None: continue
s928778504.py(35):     if ret == True: print(1)
1
s928778504.py(31): for i in range(q):
s928778504.py(32):     a,x,y = map(int, input().split())
s928778504.py(33):     ret = (union if a == 0 else isSameSet)(x,y)
 --- modulename: s928778504, funcname: isSameSet
s928778504.py(25):     return findSet(x) == findSet(y)
 --- modulename: s928778504, funcname: findSet
s928778504.py(20):     if  x != p[x]:
s928778504.py(22):     return p[x]
 --- modulename: s928778504, funcname: findSet
s928778504.py(20):     if  x != p[x]:
s928778504.py(21):         p[x] = findSet(p[x])
 --- modulename: s928778504, funcname: findSet
s928778504.py(20):     if  x != p[x]:
s928778504.py(22):     return p[x]
s928778504.py(22):     return p[x]
s928778504.py(34):     if ret is None: continue
s928778504.py(35):     if ret == True: print(1)
1
s928778504.py(31): for i in range(q):
s928778504.py(32):     a,x,y = map(int, input().split())
s928778504.py(33):     ret = (union if a == 0 else isSameSet)(x,y)
 --- modulename: s928778504, funcname: union
s928778504.py(17):     link(findSet(x), findSet(y))
 --- modulename: s928778504, funcname: findSet
s928778504.py(20):     if  x != p[x]:
s928778504.py(21):         p[x] = findSet(p[x])
 --- modulename: s928778504, funcname: findSet
s928778504.py(20):     if  x != p[x]:
s928778504.py(22):     return p[x]
s928778504.py(22):     return p[x]
 --- modulename: s928778504, funcname: findSet
s928778504.py(20):     if  x != p[x]:
s928778504.py(22):     return p[x]
 --- modulename: s928778504, funcname: link
s928778504.py(9):     if  rank[x] > rank[y]:
s928778504.py(12):         p[x] = y
s928778504.py(13):     if  rank[x] == rank[y]:
s928778504.py(14):         rank[y] += 1
s928778504.py(34):     if ret is None: continue
s928778504.py(31): for i in range(q):
s928778504.py(32):     a,x,y = map(int, input().split())
s928778504.py(33):     ret = (union if a == 0 else isSameSet)(x,y)
 --- modulename: s928778504, funcname: isSameSet
s928778504.py(25):     return findSet(x) == findSet(y)
 --- modulename: s928778504, funcname: findSet
s928778504.py(20):     if  x != p[x]:
s928778504.py(21):         p[x] = findSet(p[x])
 --- modulename: s928778504, funcname: findSet
s928778504.py(20):     if  x != p[x]:
s928778504.py(22):     return p[x]
s928778504.py(22):     return p[x]
 --- modulename: s928778504, funcname: findSet
s928778504.py(20):     if  x != p[x]:
s928778504.py(21):         p[x] = findSet(p[x])
 --- modulename: s928778504, funcname: findSet
s928778504.py(20):     if  x != p[x]:
s928778504.py(22):     return p[x]
s928778504.py(22):     return p[x]
s928778504.py(34):     if ret is None: continue
s928778504.py(35):     if ret == True: print(1)
1
s928778504.py(31): for i in range(q):
s928778504.py(32):     a,x,y = map(int, input().split())
s928778504.py(33):     ret = (union if a == 0 else isSameSet)(x,y)
 --- modulename: s928778504, funcname: isSameSet
s928778504.py(25):     return findSet(x) == findSet(y)
 --- modulename: s928778504, funcname: findSet
s928778504.py(20):     if  x != p[x]:
s928778504.py(22):     return p[x]
 --- modulename: s928778504, funcname: findSet
s928778504.py(20):     if  x != p[x]:
s928778504.py(22):     return p[x]
s928778504.py(34):     if ret is None: continue
s928778504.py(35):     if ret == True: print(1)
s928778504.py(36):     else: print(0)
0
s928778504.py(31): for i in range(q):
s928778504.py(32):     a,x,y = map(int, input().split())
s928778504.py(33):     ret = (union if a == 0 else isSameSet)(x,y)
 --- modulename: s928778504, funcname: union
s928778504.py(17):     link(findSet(x), findSet(y))
 --- modulename: s928778504, funcname: findSet
s928778504.py(20):     if  x != p[x]:
s928778504.py(22):     return p[x]
 --- modulename: s928778504, funcname: findSet
s928778504.py(20):     if  x != p[x]:
s928778504.py(21):         p[x] = findSet(p[x])
 --- modulename: s928778504, funcname: findSet
s928778504.py(20):     if  x != p[x]:
s928778504.py(22):     return p[x]
s928778504.py(22):     return p[x]
 --- modulename: s928778504, funcname: link
s928778504.py(9):     if  rank[x] > rank[y]:
s928778504.py(12):         p[x] = y
s928778504.py(13):     if  rank[x] == rank[y]:
s928778504.py(34):     if ret is None: continue
s928778504.py(31): for i in range(q):
s928778504.py(32):     a,x,y = map(int, input().split())
s928778504.py(33):     ret = (union if a == 0 else isSameSet)(x,y)
 --- modulename: s928778504, funcname: isSameSet
s928778504.py(25):     return findSet(x) == findSet(y)
 --- modulename: s928778504, funcname: findSet
s928778504.py(20):     if  x != p[x]:
s928778504.py(21):         p[x] = findSet(p[x])
 --- modulename: s928778504, funcname: findSet
s928778504.py(20):     if  x != p[x]:
s928778504.py(22):     return p[x]
s928778504.py(22):     return p[x]
 --- modulename: s928778504, funcname: findSet
s928778504.py(20):     if  x != p[x]:
s928778504.py(21):         p[x] = findSet(p[x])
 --- modulename: s928778504, funcname: findSet
s928778504.py(20):     if  x != p[x]:
s928778504.py(22):     return p[x]
s928778504.py(22):     return p[x]
s928778504.py(34):     if ret is None: continue
s928778504.py(35):     if ret == True: print(1)
1
s928778504.py(31): for i in range(q):
s928778504.py(32):     a,x,y = map(int, input().split())
s928778504.py(33):     ret = (union if a == 0 else isSameSet)(x,y)
 --- modulename: s928778504, funcname: isSameSet
s928778504.py(25):     return findSet(x) == findSet(y)
 --- modulename: s928778504, funcname: findSet
s928778504.py(20):     if  x != p[x]:
s928778504.py(22):     return p[x]
 --- modulename: s928778504, funcname: findSet
s928778504.py(20):     if  x != p[x]:
s928778504.py(21):         p[x] = findSet(p[x])
 --- modulename: s928778504, funcname: findSet
s928778504.py(20):     if  x != p[x]:
s928778504.py(22):     return p[x]
s928778504.py(22):     return p[x]
s928778504.py(34):     if ret is None: continue
s928778504.py(35):     if ret == True: print(1)
1
s928778504.py(31): for i in range(q):
