 --- modulename: s971953311, funcname: <module>
s971953311.py(1): n,m=map(int,input().split())
 --- modulename: codecs, funcname: getstate
codecs.py(333):         return (self.buffer, 0)
 --- modulename: codecs, funcname: decode
codecs.py(321):         data = self.buffer + input
codecs.py(322):         (result, consumed) = self._buffer_decode(data, self.errors, final)
codecs.py(324):         self.buffer = data[consumed:]
codecs.py(325):         return result
s971953311.py(2): mod=10**9+7
s971953311.py(3): framod=[1]
s971953311.py(4): def framod_calc(n, mod, a=1):
s971953311.py(9): def permmod(n, k, mod):
s971953311.py(14): def combmod(n, k, mod):
s971953311.py(19): framod_calc(m, mod)
 --- modulename: s971953311, funcname: framod_calc
s971953311.py(5):     for i in range(1,n+1):
s971953311.py(6):         a=a * i % mod
s971953311.py(7):         framod.append(a)
s971953311.py(5):     for i in range(1,n+1):
s971953311.py(6):         a=a * i % mod
s971953311.py(7):         framod.append(a)
s971953311.py(5):     for i in range(1,n+1):
s971953311.py(21): a=combmod(m,n,mod)*framod[n]
 --- modulename: s971953311, funcname: combmod
s971953311.py(15):     a=framod[n]
s971953311.py(16):     b=framod[k]
s971953311.py(17):     c=framod[n-k]
s971953311.py(18):     return (a * pow(b, mod-2, mod) * pow(c, mod-2, mod)) % mod
s971953311.py(22): a%=mod
s971953311.py(23): b=0
s971953311.py(24): for k in range(n+1):
s971953311.py(25):     b+=((((-1)**k)*combmod(n,k,mod)*combmod(m-k,n-k,mod))%mod*framod[n-k])%mod
 --- modulename: s971953311, funcname: combmod
s971953311.py(15):     a=framod[n]
s971953311.py(16):     b=framod[k]
s971953311.py(17):     c=framod[n-k]
s971953311.py(18):     return (a * pow(b, mod-2, mod) * pow(c, mod-2, mod)) % mod
 --- modulename: s971953311, funcname: combmod
s971953311.py(15):     a=framod[n]
s971953311.py(16):     b=framod[k]
s971953311.py(17):     c=framod[n-k]
s971953311.py(18):     return (a * pow(b, mod-2, mod) * pow(c, mod-2, mod)) % mod
s971953311.py(26):     b%=mod
s971953311.py(24): for k in range(n+1):
s971953311.py(25):     b+=((((-1)**k)*combmod(n,k,mod)*combmod(m-k,n-k,mod))%mod*framod[n-k])%mod
 --- modulename: s971953311, funcname: combmod
s971953311.py(15):     a=framod[n]
s971953311.py(16):     b=framod[k]
s971953311.py(17):     c=framod[n-k]
s971953311.py(18):     return (a * pow(b, mod-2, mod) * pow(c, mod-2, mod)) % mod
 --- modulename: s971953311, funcname: combmod
s971953311.py(15):     a=framod[n]
s971953311.py(16):     b=framod[k]
s971953311.py(17):     c=framod[n-k]
s971953311.py(18):     return (a * pow(b, mod-2, mod) * pow(c, mod-2, mod)) % mod
s971953311.py(26):     b%=mod
s971953311.py(24): for k in range(n+1):
s971953311.py(25):     b+=((((-1)**k)*combmod(n,k,mod)*combmod(m-k,n-k,mod))%mod*framod[n-k])%mod
 --- modulename: s971953311, funcname: combmod
s971953311.py(15):     a=framod[n]
s971953311.py(16):     b=framod[k]
s971953311.py(17):     c=framod[n-k]
s971953311.py(18):     return (a * pow(b, mod-2, mod) * pow(c, mod-2, mod)) % mod
 --- modulename: s971953311, funcname: combmod
s971953311.py(15):     a=framod[n]
s971953311.py(16):     b=framod[k]
s971953311.py(17):     c=framod[n-k]
s971953311.py(18):     return (a * pow(b, mod-2, mod) * pow(c, mod-2, mod)) % mod
s971953311.py(26):     b%=mod
s971953311.py(24): for k in range(n+1):
s971953311.py(27): print(a*b%mod)
2
