 --- modulename: s973798315, funcname: <module>
s973798315.py(4): """
s973798315.py(12): import collections
s973798315.py(13): test_mode = False
s973798315.py(14): use_Counter = False    # collections.Counter を使うかどうか
s973798315.py(17): def judge_0(l):
s973798315.py(39): def judge_1(l):
s973798315.py(60): def main():
s973798315.py(77): if __name__ == '__main__':
s973798315.py(78):     main()
 --- modulename: s973798315, funcname: main
s973798315.py(64):     w = list(str(input()))  # 文字列をリストに変換
 --- modulename: codecs, funcname: getstate
codecs.py(333):         return (self.buffer, 0)
 --- modulename: codecs, funcname: decode
codecs.py(321):         data = self.buffer + input
codecs.py(322):         (result, consumed) = self._buffer_decode(data, self.errors, final)
codecs.py(324):         self.buffer = data[consumed:]
codecs.py(325):         return result
s973798315.py(65):     if use_Counter:
s973798315.py(68):         beautiful = judge_1(w)
 --- modulename: s973798315, funcname: judge_1
s973798315.py(45):     broken = False  # break したら True になるフラグ
s973798315.py(47):     for i in l:
s973798315.py(48):         if test_mode:
s973798315.py(52):         if l.count(i) % 2 == 1:
s973798315.py(47):     for i in l:
s973798315.py(48):         if test_mode:
s973798315.py(52):         if l.count(i) % 2 == 1:
s973798315.py(47):     for i in l:
s973798315.py(48):         if test_mode:
s973798315.py(52):         if l.count(i) % 2 == 1:
s973798315.py(47):     for i in l:
s973798315.py(48):         if test_mode:
s973798315.py(52):         if l.count(i) % 2 == 1:
s973798315.py(47):     for i in l:
s973798315.py(48):         if test_mode:
s973798315.py(52):         if l.count(i) % 2 == 1:
s973798315.py(47):     for i in l:
s973798315.py(48):         if test_mode:
s973798315.py(52):         if l.count(i) % 2 == 1:
s973798315.py(47):     for i in l:
s973798315.py(48):         if test_mode:
s973798315.py(52):         if l.count(i) % 2 == 1:
s973798315.py(47):     for i in l:
s973798315.py(48):         if test_mode:
s973798315.py(52):         if l.count(i) % 2 == 1:
s973798315.py(47):     for i in l:
s973798315.py(56):     return not broken
s973798315.py(70):     if beautiful:
s973798315.py(71):         print('Yes')
Yes
