 --- modulename: s974510163, funcname: <module>
s974510163.py(1): import sys
s974510163.py(3): input_methods=['clipboard','file','key']
s974510163.py(4): using_method=0
s974510163.py(5): input_method=input_methods[using_method]
s974510163.py(7): tin=lambda : map(int, input().split())
s974510163.py(8): lin=lambda : list(tin())
s974510163.py(9): mod=1000000007
s974510163.py(13): def main():
s974510163.py(38): isTest=False
s974510163.py(40): def pa(v):
s974510163.py(44): def input_clipboard():
s974510163.py(51): if __name__ == "__main__":
s974510163.py(52): 	if sys.platform =='ios':
s974510163.py(65): 	ret = main()
 --- modulename: s974510163, funcname: main
s974510163.py(14): 	n = int(input())
 --- modulename: codecs, funcname: getstate
codecs.py(333):         return (self.buffer, 0)
 --- modulename: codecs, funcname: decode
codecs.py(321):         data = self.buffer + input
codecs.py(322):         (result, consumed) = self._buffer_decode(data, self.errors, final)
codecs.py(324):         self.buffer = data[consumed:]
codecs.py(325):         return result
s974510163.py(17): 	al = lin()
 --- modulename: s974510163, funcname: <lambda>
s974510163.py(8): lin=lambda : list(tin())
 --- modulename: s974510163, funcname: <lambda>
s974510163.py(7): tin=lambda : map(int, input().split())
s974510163.py(18): 	lzero = [0]*62
s974510163.py(19): 	lone = [0]*62
s974510163.py(20): 	for v in al:
s974510163.py(21): 		for i in range(62):
s974510163.py(22): 			if v & (2**i) > 0:
s974510163.py(23): 				lone[i] += 1
s974510163.py(21): 		for i in range(62):
s974510163.py(22): 			if v & (2**i) > 0:
s974510163.py(25): 				lzero[i] += 1
s974510163.py(21): 		for i in range(62):
s974510163.py(22): 			if v & (2**i) > 0:
s974510163.py(25): 				lzero[i] += 1
s974510163.py(21): 		for i in range(62):
s974510163.py(22): 			if v & (2**i) > 0:
s974510163.py(25): 				lzero[i] += 1
s974510163.py(21): 		for i in range(62):
s974510163.py(22): 			if v & (2**i) > 0:
s974510163.py(25): 				lzero[i] += 1
s974510163.py(21): 		for i in range(62):
s974510163.py(22): 			if v & (2**i) > 0:
s974510163.py(25): 				lzero[i] += 1
s974510163.py(21): 		for i in range(62):
s974510163.py(22): 			if v & (2**i) > 0:
s974510163.py(25): 				lzero[i] += 1
s974510163.py(21): 		for i in range(62):
s974510163.py(22): 			if v & (2**i) > 0:
s974510163.py(25): 				lzero[i] += 1
s974510163.py(21): 		for i in range(62):
s974510163.py(22): 			if v & (2**i) > 0:
s974510163.py(25): 				lzero[i] += 1
s974510163.py(21): 		for i in range(62):
s974510163.py(22): 			if v & (2**i) > 0:
s974510163.py(25): 				lzero[i] += 1
s974510163.py(21): 		for i in range(62):
s974510163.py(22): 			if v & (2**i) > 0:
s974510163.py(25): 				lzero[i] += 1
s974510163.py(21): 		for i in range(62):
s974510163.py(22): 			if v & (2**i) > 0:
s974510163.py(25): 				lzero[i] += 1
s974510163.py(21): 		for i in range(62):
s974510163.py(22): 			if v & (2**i) > 0:
s974510163.py(25): 				lzero[i] += 1
s974510163.py(21): 		for i in range(62):
s974510163.py(22): 			if v & (2**i) > 0:
s974510163.py(25): 				lzero[i] += 1
s974510163.py(21): 		for i in range(62):
s974510163.py(22): 			if v & (2**i) > 0:
s974510163.py(25): 				lzero[i] += 1
s974510163.py(21): 		for i in range(62):
s974510163.py(22): 			if v & (2**i) > 0:
s974510163.py(25): 				lzero[i] += 1
s974510163.py(21): 		for i in range(62):
s974510163.py(22): 			if v & (2**i) > 0:
s974510163.py(25): 				lzero[i] += 1
s974510163.py(21): 		for i in range(62):
s974510163.py(22): 			if v & (2**i) > 0:
s974510163.py(25): 				lzero[i] += 1
s974510163.py(21): 		for i in range(62):
s974510163.py(22): 			if v & (2**i) > 0:
s974510163.py(25): 				lzero[i] += 1
s974510163.py(21): 		for i in range(62):
s974510163.py(22): 			if v & (2**i) > 0:
s974510163.py(25): 				lzero[i] += 1
s974510163.py(21): 		for i in range(62):
s974510163.py(22): 			if v & (2**i) > 0:
s974510163.py(25): 				lzero[i] += 1
s974510163.py(21): 		for i in range(62):
s974510163.py(22): 			if v & (2**i) > 0:
s974510163.py(25): 				lzero[i] += 1
s974510163.py(21): 		for i in range(62):
s974510163.py(22): 			if v & (2**i) > 0:
s974510163.py(25): 				lzero[i] += 1
s974510163.py(21): 		for i in range(62):
s974510163.py(22): 			if v & (2**i) > 0:
s974510163.py(25): 				lzero[i] += 1
s974510163.py(21): 		for i in range(62):
s974510163.py(22): 			if v & (2**i) > 0:
s974510163.py(25): 				lzero[i] += 1
s974510163.py(21): 		for i in range(62):
s974510163.py(22): 			if v & (2**i) > 0:
s974510163.py(25): 				lzero[i] += 1
s974510163.py(21): 		for i in range(62):
s974510163.py(22): 			if v & (2**i) > 0:
s974510163.py(25): 				lzero[i] += 1
s974510163.py(21): 		for i in range(62):
s974510163.py(22): 			if v & (2**i) > 0:
s974510163.py(25): 				lzero[i] += 1
s974510163.py(21): 		for i in range(62):
s974510163.py(22): 			if v & (2**i) > 0:
s974510163.py(25): 				lzero[i] += 1
s974510163.py(21): 		for i in range(62):
s974510163.py(22): 			if v & (2**i) > 0:
s974510163.py(25): 				lzero[i] += 1
s974510163.py(21): 		for i in range(62):
s974510163.py(22): 			if v & (2**i) > 0:
s974510163.py(25): 				lzero[i] += 1
s974510163.py(21): 		for i in range(62):
s974510163.py(22): 			if v & (2**i) > 0:
s974510163.py(25): 				lzero[i] += 1
s974510163.py(21): 		for i in range(62):
s974510163.py(22): 			if v & (2**i) > 0:
s974510163.py(25): 				lzero[i] += 1
s974510163.py(21): 		for i in range(62):
s974510163.py(22): 			if v & (2**i) > 0:
s974510163.py(25): 				lzero[i] += 1
s974510163.py(21): 		for i in range(62):
s974510163.py(22): 			if v & (2**i) > 0:
s974510163.py(25): 				lzero[i] += 1
s974510163.py(21): 		for i in range(62):
s974510163.py(22): 			if v & (2**i) > 0:
s974510163.py(25): 				lzero[i] += 1
s974510163.py(21): 		for i in range(62):
s974510163.py(22): 			if v & (2**i) > 0:
s974510163.py(25): 				lzero[i] += 1
s974510163.py(21): 		for i in range(62):
s974510163.py(22): 			if v & (2**i) > 0:
s974510163.py(25): 				lzero[i] += 1
s974510163.py(21): 		for i in range(62):
s974510163.py(22): 			if v & (2**i) > 0:
s974510163.py(25): 				lzero[i] += 1
s974510163.py(21): 		for i in range(62):
s974510163.py(22): 			if v & (2**i) > 0:
s974510163.py(25): 				lzero[i] += 1
s974510163.py(21): 		for i in range(62):
s974510163.py(22): 			if v & (2**i) > 0:
s974510163.py(25): 				lzero[i] += 1
s974510163.py(21): 		for i in range(62):
s974510163.py(22): 			if v & (2**i) > 0:
s974510163.py(25): 				lzero[i] += 1
s974510163.py(21): 		for i in range(62):
s974510163.py(22): 			if v & (2**i) > 0:
s974510163.py(25): 				lzero[i] += 1
s974510163.py(21): 		for i in range(62):
s974510163.py(22): 			if v & (2**i) > 0:
s974510163.py(25): 				lzero[i] += 1
s974510163.py(21): 		for i in range(62):
s974510163.py(22): 			if v & (2**i) > 0:
s974510163.py(25): 				lzero[i] += 1
s974510163.py(21): 		for i in range(62):
s974510163.py(22): 			if v & (2**i) > 0:
s974510163.py(25): 				lzero[i] += 1
s974510163.py(21): 		for i in range(62):
s974510163.py(22): 			if v & (2**i) > 0:
s974510163.py(25): 				lzero[i] += 1
s974510163.py(21): 		for i in range(62):
s974510163.py(22): 			if v & (2**i) > 0:
s974510163.py(25): 				lzero[i] += 1
s974510163.py(21): 		for i in range(62):
s974510163.py(22): 			if v & (2**i) > 0:
s974510163.py(25): 				lzero[i] += 1
s974510163.py(21): 		for i in range(62):
s974510163.py(22): 			if v & (2**i) > 0:
s974510163.py(25): 				lzero[i] += 1
s974510163.py(21): 		for i in range(62):
s974510163.py(22): 			if v & (2**i) > 0:
s974510163.py(25): 				lzero[i] += 1
s974510163.py(21): 		for i in range(62):
s974510163.py(22): 			if v & (2**i) > 0:
s974510163.py(25): 				lzero[i] += 1
s974510163.py(21): 		for i in range(62):
s974510163.py(22): 			if v & (2**i) > 0:
s974510163.py(25): 				lzero[i] += 1
s974510163.py(21): 		for i in range(62):
s974510163.py(22): 			if v & (2**i) > 0:
s974510163.py(25): 				lzero[i] += 1
s974510163.py(21): 		for i in range(62):
s974510163.py(22): 			if v & (2**i) > 0:
s974510163.py(25): 				lzero[i] += 1
s974510163.py(21): 		for i in range(62):
s974510163.py(22): 			if v & (2**i) > 0:
s974510163.py(25): 				lzero[i] += 1
s974510163.py(21): 		for i in range(62):
s974510163.py(22): 			if v & (2**i) > 0:
s974510163.py(25): 				lzero[i] += 1
s974510163.py(21): 		for i in range(62):
s974510163.py(22): 			if v & (2**i) > 0:
s974510163.py(25): 				lzero[i] += 1
s974510163.py(21): 		for i in range(62):
s974510163.py(22): 			if v & (2**i) > 0:
s974510163.py(25): 				lzero[i] += 1
s974510163.py(21): 		for i in range(62):
s974510163.py(22): 			if v & (2**i) > 0:
s974510163.py(25): 				lzero[i] += 1
s974510163.py(21): 		for i in range(62):
s974510163.py(22): 			if v & (2**i) > 0:
s974510163.py(25): 				lzero[i] += 1
s974510163.py(21): 		for i in range(62):
s974510163.py(22): 			if v & (2**i) > 0:
s974510163.py(25): 				lzero[i] += 1
s974510163.py(21): 		for i in range(62):
s974510163.py(20): 	for v in al:
s974510163.py(21): 		for i in range(62):
s974510163.py(22): 			if v & (2**i) > 0:
s974510163.py(25): 				lzero[i] += 1
s974510163.py(21): 		for i in range(62):
s974510163.py(22): 			if v & (2**i) > 0:
s974510163.py(23): 				lone[i] += 1
s974510163.py(21): 		for i in range(62):
s974510163.py(22): 			if v & (2**i) > 0:
s974510163.py(25): 				lzero[i] += 1
s974510163.py(21): 		for i in range(62):
s974510163.py(22): 			if v & (2**i) > 0:
s974510163.py(25): 				lzero[i] += 1
s974510163.py(21): 		for i in range(62):
s974510163.py(22): 			if v & (2**i) > 0:
s974510163.py(25): 				lzero[i] += 1
s974510163.py(21): 		for i in range(62):
s974510163.py(22): 			if v & (2**i) > 0:
s974510163.py(25): 				lzero[i] += 1
s974510163.py(21): 		for i in range(62):
s974510163.py(22): 			if v & (2**i) > 0:
s974510163.py(25): 				lzero[i] += 1
s974510163.py(21): 		for i in range(62):
s974510163.py(22): 			if v & (2**i) > 0:
s974510163.py(25): 				lzero[i] += 1
s974510163.py(21): 		for i in range(62):
s974510163.py(22): 			if v & (2**i) > 0:
s974510163.py(25): 				lzero[i] += 1
s974510163.py(21): 		for i in range(62):
s974510163.py(22): 			if v & (2**i) > 0:
s974510163.py(25): 				lzero[i] += 1
s974510163.py(21): 		for i in range(62):
s974510163.py(22): 			if v & (2**i) > 0:
s974510163.py(25): 				lzero[i] += 1
s974510163.py(21): 		for i in range(62):
s974510163.py(22): 			if v & (2**i) > 0:
s974510163.py(25): 				lzero[i] += 1
s974510163.py(21): 		for i in range(62):
s974510163.py(22): 			if v & (2**i) > 0:
s974510163.py(25): 				lzero[i] += 1
s974510163.py(21): 		for i in range(62):
s974510163.py(22): 			if v & (2**i) > 0:
s974510163.py(25): 				lzero[i] += 1
s974510163.py(21): 		for i in range(62):
s974510163.py(22): 			if v & (2**i) > 0:
s974510163.py(25): 				lzero[i] += 1
s974510163.py(21): 		for i in range(62):
s974510163.py(22): 			if v & (2**i) > 0:
s974510163.py(25): 				lzero[i] += 1
s974510163.py(21): 		for i in range(62):
s974510163.py(22): 			if v & (2**i) > 0:
s974510163.py(25): 				lzero[i] += 1
s974510163.py(21): 		for i in range(62):
s974510163.py(22): 			if v & (2**i) > 0:
s974510163.py(25): 				lzero[i] += 1
s974510163.py(21): 		for i in range(62):
s974510163.py(22): 			if v & (2**i) > 0:
s974510163.py(25): 				lzero[i] += 1
s974510163.py(21): 		for i in range(62):
s974510163.py(22): 			if v & (2**i) > 0:
s974510163.py(25): 				lzero[i] += 1
s974510163.py(21): 		for i in range(62):
s974510163.py(22): 			if v & (2**i) > 0:
s974510163.py(25): 				lzero[i] += 1
s974510163.py(21): 		for i in range(62):
s974510163.py(22): 			if v & (2**i) > 0:
s974510163.py(25): 				lzero[i] += 1
s974510163.py(21): 		for i in range(62):
s974510163.py(22): 			if v & (2**i) > 0:
s974510163.py(25): 				lzero[i] += 1
s974510163.py(21): 		for i in range(62):
s974510163.py(22): 			if v & (2**i) > 0:
s974510163.py(25): 				lzero[i] += 1
s974510163.py(21): 		for i in range(62):
s974510163.py(22): 			if v & (2**i) > 0:
s974510163.py(25): 				lzero[i] += 1
s974510163.py(21): 		for i in range(62):
s974510163.py(22): 			if v & (2**i) > 0:
s974510163.py(25): 				lzero[i] += 1
s974510163.py(21): 		for i in range(62):
s974510163.py(22): 			if v & (2**i) > 0:
s974510163.py(25): 				lzero[i] += 1
s974510163.py(21): 		for i in range(62):
s974510163.py(22): 			if v & (2**i) > 0:
s974510163.py(25): 				lzero[i] += 1
s974510163.py(21): 		for i in range(62):
s974510163.py(22): 			if v & (2**i) > 0:
s974510163.py(25): 				lzero[i] += 1
s974510163.py(21): 		for i in range(62):
s974510163.py(22): 			if v & (2**i) > 0:
s974510163.py(25): 				lzero[i] += 1
s974510163.py(21): 		for i in range(62):
s974510163.py(22): 			if v & (2**i) > 0:
s974510163.py(25): 				lzero[i] += 1
s974510163.py(21): 		for i in range(62):
s974510163.py(22): 			if v & (2**i) > 0:
s974510163.py(25): 				lzero[i] += 1
s974510163.py(21): 		for i in range(62):
s974510163.py(22): 			if v & (2**i) > 0:
s974510163.py(25): 				lzero[i] += 1
s974510163.py(21): 		for i in range(62):
s974510163.py(22): 			if v & (2**i) > 0:
s974510163.py(25): 				lzero[i] += 1
s974510163.py(21): 		for i in range(62):
s974510163.py(22): 			if v & (2**i) > 0:
s974510163.py(25): 				lzero[i] += 1
s974510163.py(21): 		for i in range(62):
s974510163.py(22): 			if v & (2**i) > 0:
s974510163.py(25): 				lzero[i] += 1
s974510163.py(21): 		for i in range(62):
s974510163.py(22): 			if v & (2**i) > 0:
s974510163.py(25): 				lzero[i] += 1
s974510163.py(21): 		for i in range(62):
s974510163.py(22): 			if v & (2**i) > 0:
s974510163.py(25): 				lzero[i] += 1
s974510163.py(21): 		for i in range(62):
s974510163.py(22): 			if v & (2**i) > 0:
s974510163.py(25): 				lzero[i] += 1
s974510163.py(21): 		for i in range(62):
s974510163.py(22): 			if v & (2**i) > 0:
s974510163.py(25): 				lzero[i] += 1
s974510163.py(21): 		for i in range(62):
s974510163.py(22): 			if v & (2**i) > 0:
s974510163.py(25): 				lzero[i] += 1
s974510163.py(21): 		for i in range(62):
s974510163.py(22): 			if v & (2**i) > 0:
s974510163.py(25): 				lzero[i] += 1
s974510163.py(21): 		for i in range(62):
s974510163.py(22): 			if v & (2**i) > 0:
s974510163.py(25): 				lzero[i] += 1
s974510163.py(21): 		for i in range(62):
s974510163.py(22): 			if v & (2**i) > 0:
s974510163.py(25): 				lzero[i] += 1
s974510163.py(21): 		for i in range(62):
s974510163.py(22): 			if v & (2**i) > 0:
s974510163.py(25): 				lzero[i] += 1
s974510163.py(21): 		for i in range(62):
s974510163.py(22): 			if v & (2**i) > 0:
s974510163.py(25): 				lzero[i] += 1
s974510163.py(21): 		for i in range(62):
s974510163.py(22): 			if v & (2**i) > 0:
s974510163.py(25): 				lzero[i] += 1
s974510163.py(21): 		for i in range(62):
s974510163.py(22): 			if v & (2**i) > 0:
s974510163.py(25): 				lzero[i] += 1
s974510163.py(21): 		for i in range(62):
s974510163.py(22): 			if v & (2**i) > 0:
s974510163.py(25): 				lzero[i] += 1
s974510163.py(21): 		for i in range(62):
s974510163.py(22): 			if v & (2**i) > 0:
s974510163.py(25): 				lzero[i] += 1
s974510163.py(21): 		for i in range(62):
s974510163.py(22): 			if v & (2**i) > 0:
s974510163.py(25): 				lzero[i] += 1
s974510163.py(21): 		for i in range(62):
s974510163.py(22): 			if v & (2**i) > 0:
s974510163.py(25): 				lzero[i] += 1
s974510163.py(21): 		for i in range(62):
s974510163.py(22): 			if v & (2**i) > 0:
s974510163.py(25): 				lzero[i] += 1
s974510163.py(21): 		for i in range(62):
s974510163.py(22): 			if v & (2**i) > 0:
s974510163.py(25): 				lzero[i] += 1
s974510163.py(21): 		for i in range(62):
s974510163.py(22): 			if v & (2**i) > 0:
s974510163.py(25): 				lzero[i] += 1
s974510163.py(21): 		for i in range(62):
s974510163.py(22): 			if v & (2**i) > 0:
s974510163.py(25): 				lzero[i] += 1
s974510163.py(21): 		for i in range(62):
s974510163.py(22): 			if v & (2**i) > 0:
s974510163.py(25): 				lzero[i] += 1
s974510163.py(21): 		for i in range(62):
s974510163.py(22): 			if v & (2**i) > 0:
s974510163.py(25): 				lzero[i] += 1
s974510163.py(21): 		for i in range(62):
s974510163.py(22): 			if v & (2**i) > 0:
s974510163.py(25): 				lzero[i] += 1
s974510163.py(21): 		for i in range(62):
s974510163.py(22): 			if v & (2**i) > 0:
s974510163.py(25): 				lzero[i] += 1
s974510163.py(21): 		for i in range(62):
s974510163.py(22): 			if v & (2**i) > 0:
s974510163.py(25): 				lzero[i] += 1
s974510163.py(21): 		for i in range(62):
s974510163.py(22): 			if v & (2**i) > 0:
s974510163.py(25): 				lzero[i] += 1
s974510163.py(21): 		for i in range(62):
s974510163.py(20): 	for v in al:
s974510163.py(21): 		for i in range(62):
s974510163.py(22): 			if v & (2**i) > 0:
s974510163.py(23): 				lone[i] += 1
s974510163.py(21): 		for i in range(62):
s974510163.py(22): 			if v & (2**i) > 0:
s974510163.py(23): 				lone[i] += 1
s974510163.py(21): 		for i in range(62):
s974510163.py(22): 			if v & (2**i) > 0:
s974510163.py(25): 				lzero[i] += 1
s974510163.py(21): 		for i in range(62):
s974510163.py(22): 			if v & (2**i) > 0:
s974510163.py(25): 				lzero[i] += 1
s974510163.py(21): 		for i in range(62):
s974510163.py(22): 			if v & (2**i) > 0:
s974510163.py(25): 				lzero[i] += 1
s974510163.py(21): 		for i in range(62):
s974510163.py(22): 			if v & (2**i) > 0:
s974510163.py(25): 				lzero[i] += 1
s974510163.py(21): 		for i in range(62):
s974510163.py(22): 			if v & (2**i) > 0:
s974510163.py(25): 				lzero[i] += 1
s974510163.py(21): 		for i in range(62):
s974510163.py(22): 			if v & (2**i) > 0:
s974510163.py(25): 				lzero[i] += 1
s974510163.py(21): 		for i in range(62):
s974510163.py(22): 			if v & (2**i) > 0:
s974510163.py(25): 				lzero[i] += 1
s974510163.py(21): 		for i in range(62):
s974510163.py(22): 			if v & (2**i) > 0:
s974510163.py(25): 				lzero[i] += 1
s974510163.py(21): 		for i in range(62):
s974510163.py(22): 			if v & (2**i) > 0:
s974510163.py(25): 				lzero[i] += 1
s974510163.py(21): 		for i in range(62):
s974510163.py(22): 			if v & (2**i) > 0:
s974510163.py(25): 				lzero[i] += 1
s974510163.py(21): 		for i in range(62):
s974510163.py(22): 			if v & (2**i) > 0:
s974510163.py(25): 				lzero[i] += 1
s974510163.py(21): 		for i in range(62):
s974510163.py(22): 			if v & (2**i) > 0:
s974510163.py(25): 				lzero[i] += 1
s974510163.py(21): 		for i in range(62):
s974510163.py(22): 			if v & (2**i) > 0:
s974510163.py(25): 				lzero[i] += 1
s974510163.py(21): 		for i in range(62):
s974510163.py(22): 			if v & (2**i) > 0:
s974510163.py(25): 				lzero[i] += 1
s974510163.py(21): 		for i in range(62):
s974510163.py(22): 			if v & (2**i) > 0:
s974510163.py(25): 				lzero[i] += 1
s974510163.py(21): 		for i in range(62):
s974510163.py(22): 			if v & (2**i) > 0:
s974510163.py(25): 				lzero[i] += 1
s974510163.py(21): 		for i in range(62):
s974510163.py(22): 			if v & (2**i) > 0:
s974510163.py(25): 				lzero[i] += 1
s974510163.py(21): 		for i in range(62):
s974510163.py(22): 			if v & (2**i) > 0:
s974510163.py(25): 				lzero[i] += 1
s974510163.py(21): 		for i in range(62):
s974510163.py(22): 			if v & (2**i) > 0:
s974510163.py(25): 				lzero[i] += 1
s974510163.py(21): 		for i in range(62):
s974510163.py(22): 			if v & (2**i) > 0:
s974510163.py(25): 				lzero[i] += 1
s974510163.py(21): 		for i in range(62):
s974510163.py(22): 			if v & (2**i) > 0:
s974510163.py(25): 				lzero[i] += 1
s974510163.py(21): 		for i in range(62):
s974510163.py(22): 			if v & (2**i) > 0:
s974510163.py(25): 				lzero[i] += 1
s974510163.py(21): 		for i in range(62):
s974510163.py(22): 			if v & (2**i) > 0:
s974510163.py(25): 				lzero[i] += 1
s974510163.py(21): 		for i in range(62):
s974510163.py(22): 			if v & (2**i) > 0:
s974510163.py(25): 				lzero[i] += 1
s974510163.py(21): 		for i in range(62):
s974510163.py(22): 			if v & (2**i) > 0:
s974510163.py(25): 				lzero[i] += 1
s974510163.py(21): 		for i in range(62):
s974510163.py(22): 			if v & (2**i) > 0:
s974510163.py(25): 				lzero[i] += 1
s974510163.py(21): 		for i in range(62):
s974510163.py(22): 			if v & (2**i) > 0:
s974510163.py(25): 				lzero[i] += 1
s974510163.py(21): 		for i in range(62):
s974510163.py(22): 			if v & (2**i) > 0:
s974510163.py(25): 				lzero[i] += 1
s974510163.py(21): 		for i in range(62):
s974510163.py(22): 			if v & (2**i) > 0:
s974510163.py(25): 				lzero[i] += 1
s974510163.py(21): 		for i in range(62):
s974510163.py(22): 			if v & (2**i) > 0:
s974510163.py(25): 				lzero[i] += 1
s974510163.py(21): 		for i in range(62):
s974510163.py(22): 			if v & (2**i) > 0:
s974510163.py(25): 				lzero[i] += 1
s974510163.py(21): 		for i in range(62):
s974510163.py(22): 			if v & (2**i) > 0:
s974510163.py(25): 				lzero[i] += 1
s974510163.py(21): 		for i in range(62):
s974510163.py(22): 			if v & (2**i) > 0:
s974510163.py(25): 				lzero[i] += 1
s974510163.py(21): 		for i in range(62):
s974510163.py(22): 			if v & (2**i) > 0:
s974510163.py(25): 				lzero[i] += 1
s974510163.py(21): 		for i in range(62):
s974510163.py(22): 			if v & (2**i) > 0:
s974510163.py(25): 				lzero[i] += 1
s974510163.py(21): 		for i in range(62):
s974510163.py(22): 			if v & (2**i) > 0:
s974510163.py(25): 				lzero[i] += 1
s974510163.py(21): 		for i in range(62):
s974510163.py(22): 			if v & (2**i) > 0:
s974510163.py(25): 				lzero[i] += 1
s974510163.py(21): 		for i in range(62):
s974510163.py(22): 			if v & (2**i) > 0:
s974510163.py(25): 				lzero[i] += 1
s974510163.py(21): 		for i in range(62):
s974510163.py(22): 			if v & (2**i) > 0:
s974510163.py(25): 				lzero[i] += 1
s974510163.py(21): 		for i in range(62):
s974510163.py(22): 			if v & (2**i) > 0:
s974510163.py(25): 				lzero[i] += 1
s974510163.py(21): 		for i in range(62):
s974510163.py(22): 			if v & (2**i) > 0:
s974510163.py(25): 				lzero[i] += 1
s974510163.py(21): 		for i in range(62):
s974510163.py(22): 			if v & (2**i) > 0:
s974510163.py(25): 				lzero[i] += 1
s974510163.py(21): 		for i in range(62):
s974510163.py(22): 			if v & (2**i) > 0:
s974510163.py(25): 				lzero[i] += 1
s974510163.py(21): 		for i in range(62):
s974510163.py(22): 			if v & (2**i) > 0:
s974510163.py(25): 				lzero[i] += 1
s974510163.py(21): 		for i in range(62):
s974510163.py(22): 			if v & (2**i) > 0:
s974510163.py(25): 				lzero[i] += 1
s974510163.py(21): 		for i in range(62):
s974510163.py(22): 			if v & (2**i) > 0:
s974510163.py(25): 				lzero[i] += 1
s974510163.py(21): 		for i in range(62):
s974510163.py(22): 			if v & (2**i) > 0:
s974510163.py(25): 				lzero[i] += 1
s974510163.py(21): 		for i in range(62):
s974510163.py(22): 			if v & (2**i) > 0:
s974510163.py(25): 				lzero[i] += 1
s974510163.py(21): 		for i in range(62):
s974510163.py(22): 			if v & (2**i) > 0:
s974510163.py(25): 				lzero[i] += 1
s974510163.py(21): 		for i in range(62):
s974510163.py(22): 			if v & (2**i) > 0:
s974510163.py(25): 				lzero[i] += 1
s974510163.py(21): 		for i in range(62):
s974510163.py(22): 			if v & (2**i) > 0:
s974510163.py(25): 				lzero[i] += 1
s974510163.py(21): 		for i in range(62):
s974510163.py(22): 			if v & (2**i) > 0:
s974510163.py(25): 				lzero[i] += 1
s974510163.py(21): 		for i in range(62):
s974510163.py(22): 			if v & (2**i) > 0:
s974510163.py(25): 				lzero[i] += 1
s974510163.py(21): 		for i in range(62):
s974510163.py(22): 			if v & (2**i) > 0:
s974510163.py(25): 				lzero[i] += 1
s974510163.py(21): 		for i in range(62):
s974510163.py(22): 			if v & (2**i) > 0:
s974510163.py(25): 				lzero[i] += 1
s974510163.py(21): 		for i in range(62):
s974510163.py(22): 			if v & (2**i) > 0:
s974510163.py(25): 				lzero[i] += 1
s974510163.py(21): 		for i in range(62):
s974510163.py(22): 			if v & (2**i) > 0:
s974510163.py(25): 				lzero[i] += 1
s974510163.py(21): 		for i in range(62):
s974510163.py(22): 			if v & (2**i) > 0:
s974510163.py(25): 				lzero[i] += 1
s974510163.py(21): 		for i in range(62):
s974510163.py(22): 			if v & (2**i) > 0:
s974510163.py(25): 				lzero[i] += 1
s974510163.py(21): 		for i in range(62):
s974510163.py(22): 			if v & (2**i) > 0:
s974510163.py(25): 				lzero[i] += 1
s974510163.py(21): 		for i in range(62):
s974510163.py(20): 	for v in al:
s974510163.py(26): 	ret = 0
s974510163.py(27): 	for i, (n_one, n_zero) in enumerate(zip(lone, lzero)):
s974510163.py(28): 		t = pow(2, i, mod) * n_one * n_zero
s974510163.py(29): 		ret += t
s974510163.py(30): 		ret %= mod
s974510163.py(27): 	for i, (n_one, n_zero) in enumerate(zip(lone, lzero)):
s974510163.py(28): 		t = pow(2, i, mod) * n_one * n_zero
s974510163.py(29): 		ret += t
s974510163.py(30): 		ret %= mod
s974510163.py(27): 	for i, (n_one, n_zero) in enumerate(zip(lone, lzero)):
s974510163.py(28): 		t = pow(2, i, mod) * n_one * n_zero
s974510163.py(29): 		ret += t
s974510163.py(30): 		ret %= mod
s974510163.py(27): 	for i, (n_one, n_zero) in enumerate(zip(lone, lzero)):
s974510163.py(28): 		t = pow(2, i, mod) * n_one * n_zero
s974510163.py(29): 		ret += t
s974510163.py(30): 		ret %= mod
s974510163.py(27): 	for i, (n_one, n_zero) in enumerate(zip(lone, lzero)):
s974510163.py(28): 		t = pow(2, i, mod) * n_one * n_zero
s974510163.py(29): 		ret += t
s974510163.py(30): 		ret %= mod
s974510163.py(27): 	for i, (n_one, n_zero) in enumerate(zip(lone, lzero)):
s974510163.py(28): 		t = pow(2, i, mod) * n_one * n_zero
s974510163.py(29): 		ret += t
s974510163.py(30): 		ret %= mod
s974510163.py(27): 	for i, (n_one, n_zero) in enumerate(zip(lone, lzero)):
s974510163.py(28): 		t = pow(2, i, mod) * n_one * n_zero
s974510163.py(29): 		ret += t
s974510163.py(30): 		ret %= mod
s974510163.py(27): 	for i, (n_one, n_zero) in enumerate(zip(lone, lzero)):
s974510163.py(28): 		t = pow(2, i, mod) * n_one * n_zero
s974510163.py(29): 		ret += t
s974510163.py(30): 		ret %= mod
s974510163.py(27): 	for i, (n_one, n_zero) in enumerate(zip(lone, lzero)):
s974510163.py(28): 		t = pow(2, i, mod) * n_one * n_zero
s974510163.py(29): 		ret += t
s974510163.py(30): 		ret %= mod
s974510163.py(27): 	for i, (n_one, n_zero) in enumerate(zip(lone, lzero)):
s974510163.py(28): 		t = pow(2, i, mod) * n_one * n_zero
s974510163.py(29): 		ret += t
s974510163.py(30): 		ret %= mod
s974510163.py(27): 	for i, (n_one, n_zero) in enumerate(zip(lone, lzero)):
s974510163.py(28): 		t = pow(2, i, mod) * n_one * n_zero
s974510163.py(29): 		ret += t
s974510163.py(30): 		ret %= mod
s974510163.py(27): 	for i, (n_one, n_zero) in enumerate(zip(lone, lzero)):
s974510163.py(28): 		t = pow(2, i, mod) * n_one * n_zero
s974510163.py(29): 		ret += t
s974510163.py(30): 		ret %= mod
s974510163.py(27): 	for i, (n_one, n_zero) in enumerate(zip(lone, lzero)):
s974510163.py(28): 		t = pow(2, i, mod) * n_one * n_zero
s974510163.py(29): 		ret += t
s974510163.py(30): 		ret %= mod
s974510163.py(27): 	for i, (n_one, n_zero) in enumerate(zip(lone, lzero)):
s974510163.py(28): 		t = pow(2, i, mod) * n_one * n_zero
s974510163.py(29): 		ret += t
s974510163.py(30): 		ret %= mod
s974510163.py(27): 	for i, (n_one, n_zero) in enumerate(zip(lone, lzero)):
s974510163.py(28): 		t = pow(2, i, mod) * n_one * n_zero
s974510163.py(29): 		ret += t
s974510163.py(30): 		ret %= mod
s974510163.py(27): 	for i, (n_one, n_zero) in enumerate(zip(lone, lzero)):
s974510163.py(28): 		t = pow(2, i, mod) * n_one * n_zero
s974510163.py(29): 		ret += t
s974510163.py(30): 		ret %= mod
s974510163.py(27): 	for i, (n_one, n_zero) in enumerate(zip(lone, lzero)):
s974510163.py(28): 		t = pow(2, i, mod) * n_one * n_zero
s974510163.py(29): 		ret += t
s974510163.py(30): 		ret %= mod
s974510163.py(27): 	for i, (n_one, n_zero) in enumerate(zip(lone, lzero)):
s974510163.py(28): 		t = pow(2, i, mod) * n_one * n_zero
s974510163.py(29): 		ret += t
s974510163.py(30): 		ret %= mod
s974510163.py(27): 	for i, (n_one, n_zero) in enumerate(zip(lone, lzero)):
s974510163.py(28): 		t = pow(2, i, mod) * n_one * n_zero
s974510163.py(29): 		ret += t
s974510163.py(30): 		ret %= mod
s974510163.py(27): 	for i, (n_one, n_zero) in enumerate(zip(lone, lzero)):
s974510163.py(28): 		t = pow(2, i, mod) * n_one * n_zero
s974510163.py(29): 		ret += t
s974510163.py(30): 		ret %= mod
s974510163.py(27): 	for i, (n_one, n_zero) in enumerate(zip(lone, lzero)):
s974510163.py(28): 		t = pow(2, i, mod) * n_one * n_zero
s974510163.py(29): 		ret += t
s974510163.py(30): 		ret %= mod
s974510163.py(27): 	for i, (n_one, n_zero) in enumerate(zip(lone, lzero)):
s974510163.py(28): 		t = pow(2, i, mod) * n_one * n_zero
s974510163.py(29): 		ret += t
s974510163.py(30): 		ret %= mod
s974510163.py(27): 	for i, (n_one, n_zero) in enumerate(zip(lone, lzero)):
s974510163.py(28): 		t = pow(2, i, mod) * n_one * n_zero
s974510163.py(29): 		ret += t
s974510163.py(30): 		ret %= mod
s974510163.py(27): 	for i, (n_one, n_zero) in enumerate(zip(lone, lzero)):
s974510163.py(28): 		t = pow(2, i, mod) * n_one * n_zero
s974510163.py(29): 		ret += t
s974510163.py(30): 		ret %= mod
s974510163.py(27): 	for i, (n_one, n_zero) in enumerate(zip(lone, lzero)):
s974510163.py(28): 		t = pow(2, i, mod) * n_one * n_zero
s974510163.py(29): 		ret += t
s974510163.py(30): 		ret %= mod
s974510163.py(27): 	for i, (n_one, n_zero) in enumerate(zip(lone, lzero)):
s974510163.py(28): 		t = pow(2, i, mod) * n_one * n_zero
s974510163.py(29): 		ret += t
s974510163.py(30): 		ret %= mod
s974510163.py(27): 	for i, (n_one, n_zero) in enumerate(zip(lone, lzero)):
s974510163.py(28): 		t = pow(2, i, mod) * n_one * n_zero
s974510163.py(29): 		ret += t
s974510163.py(30): 		ret %= mod
s974510163.py(27): 	for i, (n_one, n_zero) in enumerate(zip(lone, lzero)):
s974510163.py(28): 		t = pow(2, i, mod) * n_one * n_zero
s974510163.py(29): 		ret += t
s974510163.py(30): 		ret %= mod
s974510163.py(27): 	for i, (n_one, n_zero) in enumerate(zip(lone, lzero)):
s974510163.py(28): 		t = pow(2, i, mod) * n_one * n_zero
s974510163.py(29): 		ret += t
s974510163.py(30): 		ret %= mod
s974510163.py(27): 	for i, (n_one, n_zero) in enumerate(zip(lone, lzero)):
s974510163.py(28): 		t = pow(2, i, mod) * n_one * n_zero
s974510163.py(29): 		ret += t
s974510163.py(30): 		ret %= mod
s974510163.py(27): 	for i, (n_one, n_zero) in enumerate(zip(lone, lzero)):
s974510163.py(28): 		t = pow(2, i, mod) * n_one * n_zero
s974510163.py(29): 		ret += t
s974510163.py(30): 		ret %= mod
s974510163.py(27): 	for i, (n_one, n_zero) in enumerate(zip(lone, lzero)):
s974510163.py(28): 		t = pow(2, i, mod) * n_one * n_zero
s974510163.py(29): 		ret += t
s974510163.py(30): 		ret %= mod
s974510163.py(27): 	for i, (n_one, n_zero) in enumerate(zip(lone, lzero)):
s974510163.py(28): 		t = pow(2, i, mod) * n_one * n_zero
s974510163.py(29): 		ret += t
s974510163.py(30): 		ret %= mod
s974510163.py(27): 	for i, (n_one, n_zero) in enumerate(zip(lone, lzero)):
s974510163.py(28): 		t = pow(2, i, mod) * n_one * n_zero
s974510163.py(29): 		ret += t
s974510163.py(30): 		ret %= mod
s974510163.py(27): 	for i, (n_one, n_zero) in enumerate(zip(lone, lzero)):
s974510163.py(28): 		t = pow(2, i, mod) * n_one * n_zero
s974510163.py(29): 		ret += t
s974510163.py(30): 		ret %= mod
s974510163.py(27): 	for i, (n_one, n_zero) in enumerate(zip(lone, lzero)):
s974510163.py(28): 		t = pow(2, i, mod) * n_one * n_zero
s974510163.py(29): 		ret += t
s974510163.py(30): 		ret %= mod
s974510163.py(27): 	for i, (n_one, n_zero) in enumerate(zip(lone, lzero)):
s974510163.py(28): 		t = pow(2, i, mod) * n_one * n_zero
s974510163.py(29): 		ret += t
s974510163.py(30): 		ret %= mod
s974510163.py(27): 	for i, (n_one, n_zero) in enumerate(zip(lone, lzero)):
s974510163.py(28): 		t = pow(2, i, mod) * n_one * n_zero
s974510163.py(29): 		ret += t
s974510163.py(30): 		ret %= mod
s974510163.py(27): 	for i, (n_one, n_zero) in enumerate(zip(lone, lzero)):
s974510163.py(28): 		t = pow(2, i, mod) * n_one * n_zero
s974510163.py(29): 		ret += t
s974510163.py(30): 		ret %= mod
s974510163.py(27): 	for i, (n_one, n_zero) in enumerate(zip(lone, lzero)):
s974510163.py(28): 		t = pow(2, i, mod) * n_one * n_zero
s974510163.py(29): 		ret += t
s974510163.py(30): 		ret %= mod
s974510163.py(27): 	for i, (n_one, n_zero) in enumerate(zip(lone, lzero)):
s974510163.py(28): 		t = pow(2, i, mod) * n_one * n_zero
s974510163.py(29): 		ret += t
s974510163.py(30): 		ret %= mod
s974510163.py(27): 	for i, (n_one, n_zero) in enumerate(zip(lone, lzero)):
s974510163.py(28): 		t = pow(2, i, mod) * n_one * n_zero
s974510163.py(29): 		ret += t
s974510163.py(30): 		ret %= mod
s974510163.py(27): 	for i, (n_one, n_zero) in enumerate(zip(lone, lzero)):
s974510163.py(28): 		t = pow(2, i, mod) * n_one * n_zero
s974510163.py(29): 		ret += t
s974510163.py(30): 		ret %= mod
s974510163.py(27): 	for i, (n_one, n_zero) in enumerate(zip(lone, lzero)):
s974510163.py(28): 		t = pow(2, i, mod) * n_one * n_zero
s974510163.py(29): 		ret += t
s974510163.py(30): 		ret %= mod
s974510163.py(27): 	for i, (n_one, n_zero) in enumerate(zip(lone, lzero)):
s974510163.py(28): 		t = pow(2, i, mod) * n_one * n_zero
s974510163.py(29): 		ret += t
s974510163.py(30): 		ret %= mod
s974510163.py(27): 	for i, (n_one, n_zero) in enumerate(zip(lone, lzero)):
s974510163.py(28): 		t = pow(2, i, mod) * n_one * n_zero
s974510163.py(29): 		ret += t
s974510163.py(30): 		ret %= mod
s974510163.py(27): 	for i, (n_one, n_zero) in enumerate(zip(lone, lzero)):
s974510163.py(28): 		t = pow(2, i, mod) * n_one * n_zero
s974510163.py(29): 		ret += t
s974510163.py(30): 		ret %= mod
s974510163.py(27): 	for i, (n_one, n_zero) in enumerate(zip(lone, lzero)):
s974510163.py(28): 		t = pow(2, i, mod) * n_one * n_zero
s974510163.py(29): 		ret += t
s974510163.py(30): 		ret %= mod
s974510163.py(27): 	for i, (n_one, n_zero) in enumerate(zip(lone, lzero)):
s974510163.py(28): 		t = pow(2, i, mod) * n_one * n_zero
s974510163.py(29): 		ret += t
s974510163.py(30): 		ret %= mod
s974510163.py(27): 	for i, (n_one, n_zero) in enumerate(zip(lone, lzero)):
s974510163.py(28): 		t = pow(2, i, mod) * n_one * n_zero
s974510163.py(29): 		ret += t
s974510163.py(30): 		ret %= mod
s974510163.py(27): 	for i, (n_one, n_zero) in enumerate(zip(lone, lzero)):
s974510163.py(28): 		t = pow(2, i, mod) * n_one * n_zero
s974510163.py(29): 		ret += t
s974510163.py(30): 		ret %= mod
s974510163.py(27): 	for i, (n_one, n_zero) in enumerate(zip(lone, lzero)):
s974510163.py(28): 		t = pow(2, i, mod) * n_one * n_zero
s974510163.py(29): 		ret += t
s974510163.py(30): 		ret %= mod
s974510163.py(27): 	for i, (n_one, n_zero) in enumerate(zip(lone, lzero)):
s974510163.py(28): 		t = pow(2, i, mod) * n_one * n_zero
s974510163.py(29): 		ret += t
s974510163.py(30): 		ret %= mod
s974510163.py(27): 	for i, (n_one, n_zero) in enumerate(zip(lone, lzero)):
s974510163.py(28): 		t = pow(2, i, mod) * n_one * n_zero
s974510163.py(29): 		ret += t
s974510163.py(30): 		ret %= mod
s974510163.py(27): 	for i, (n_one, n_zero) in enumerate(zip(lone, lzero)):
s974510163.py(28): 		t = pow(2, i, mod) * n_one * n_zero
s974510163.py(29): 		ret += t
s974510163.py(30): 		ret %= mod
s974510163.py(27): 	for i, (n_one, n_zero) in enumerate(zip(lone, lzero)):
s974510163.py(28): 		t = pow(2, i, mod) * n_one * n_zero
s974510163.py(29): 		ret += t
s974510163.py(30): 		ret %= mod
s974510163.py(27): 	for i, (n_one, n_zero) in enumerate(zip(lone, lzero)):
s974510163.py(28): 		t = pow(2, i, mod) * n_one * n_zero
s974510163.py(29): 		ret += t
s974510163.py(30): 		ret %= mod
s974510163.py(27): 	for i, (n_one, n_zero) in enumerate(zip(lone, lzero)):
s974510163.py(28): 		t = pow(2, i, mod) * n_one * n_zero
s974510163.py(29): 		ret += t
s974510163.py(30): 		ret %= mod
s974510163.py(27): 	for i, (n_one, n_zero) in enumerate(zip(lone, lzero)):
s974510163.py(28): 		t = pow(2, i, mod) * n_one * n_zero
s974510163.py(29): 		ret += t
s974510163.py(30): 		ret %= mod
s974510163.py(27): 	for i, (n_one, n_zero) in enumerate(zip(lone, lzero)):
s974510163.py(28): 		t = pow(2, i, mod) * n_one * n_zero
s974510163.py(29): 		ret += t
s974510163.py(30): 		ret %= mod
s974510163.py(27): 	for i, (n_one, n_zero) in enumerate(zip(lone, lzero)):
s974510163.py(28): 		t = pow(2, i, mod) * n_one * n_zero
s974510163.py(29): 		ret += t
s974510163.py(30): 		ret %= mod
s974510163.py(27): 	for i, (n_one, n_zero) in enumerate(zip(lone, lzero)):
s974510163.py(28): 		t = pow(2, i, mod) * n_one * n_zero
s974510163.py(29): 		ret += t
s974510163.py(30): 		ret %= mod
s974510163.py(27): 	for i, (n_one, n_zero) in enumerate(zip(lone, lzero)):
s974510163.py(32): 	print(ret)
6
s974510163.py(66): 	if ret is not None:
