 --- modulename: s974383107, funcname: <module>
s974383107.py(3): import sys
s974383107.py(5): YES = "Yes"  # type: str
s974383107.py(6): NO = "No"  # type: str
s974383107.py(9): def solve(N: int, A: int, B: int, C: int, s: "List[int]"):
s974383107.py(50): def main():
s974383107.py(76): if __name__ == '__main__':
s974383107.py(77):     main()
 --- modulename: s974383107, funcname: main
s974383107.py(51):     def iterate_tokens():
s974383107.py(56):     def s2i(s: str):
s974383107.py(59):     def i2s(i: int):
s974383107.py(62):     tokens = iterate_tokens()
s974383107.py(63):     N = int(next(tokens))  # type: int
 --- modulename: s974383107, funcname: iterate_tokens
s974383107.py(52):         for line in sys.stdin:
 --- modulename: codecs, funcname: decode
codecs.py(321):         data = self.buffer + input
codecs.py(322):         (result, consumed) = self._buffer_decode(data, self.errors, final)
codecs.py(324):         self.buffer = data[consumed:]
codecs.py(325):         return result
s974383107.py(53):             for word in line.split():
s974383107.py(54):                 yield word
s974383107.py(64):     A = int(next(tokens))  # type: int
 --- modulename: s974383107, funcname: iterate_tokens
s974383107.py(53):             for word in line.split():
s974383107.py(54):                 yield word
s974383107.py(65):     B = int(next(tokens))  # type: int
 --- modulename: s974383107, funcname: iterate_tokens
s974383107.py(53):             for word in line.split():
s974383107.py(54):                 yield word
s974383107.py(66):     C = int(next(tokens))  # type: int
 --- modulename: s974383107, funcname: iterate_tokens
s974383107.py(53):             for word in line.split():
s974383107.py(54):                 yield word
s974383107.py(67):     s = [s2i(next(tokens)) for _ in range(N)]  # type: "List[int]"
 --- modulename: s974383107, funcname: <listcomp>
s974383107.py(67):     s = [s2i(next(tokens)) for _ in range(N)]  # type: "List[int]"
 --- modulename: s974383107, funcname: iterate_tokens
s974383107.py(53):             for word in line.split():
s974383107.py(52):         for line in sys.stdin:
s974383107.py(53):             for word in line.split():
s974383107.py(54):                 yield word
 --- modulename: s974383107, funcname: s2i
s974383107.py(57):         return ord(s[0])-ord('A'), ord(s[1])-ord('A')
s974383107.py(67):     s = [s2i(next(tokens)) for _ in range(N)]  # type: "List[int]"
 --- modulename: s974383107, funcname: iterate_tokens
s974383107.py(53):             for word in line.split():
s974383107.py(52):         for line in sys.stdin:
s974383107.py(53):             for word in line.split():
s974383107.py(54):                 yield word
 --- modulename: s974383107, funcname: s2i
s974383107.py(57):         return ord(s[0])-ord('A'), ord(s[1])-ord('A')
s974383107.py(67):     s = [s2i(next(tokens)) for _ in range(N)]  # type: "List[int]"
s974383107.py(68):     ans = solve(N, A, B, C, s)
 --- modulename: s974383107, funcname: solve
s974383107.py(10):     v = [A, B, C]
s974383107.py(11):     ans = []
s974383107.py(12):     if sum(v) == 0:
s974383107.py(14):     if sum(v) == 1:
s974383107.py(24):     if sum(v) > 1:
s974383107.py(25):         for i in range(N):
s974383107.py(26):             l, r = s[i]
s974383107.py(27):             if v[l] + v[r] == 0:
s974383107.py(29):             if v[r] == 1 and v[l] == 1 and i != N - 1 and s[i] != s[i+1]:
s974383107.py(39):             elif v[r] == 0 or v[l] > v[r]:
s974383107.py(44):                 ans.append(l)
s974383107.py(45):                 v[l] += 1
s974383107.py(46):                 v[r] -= 1
s974383107.py(25):         for i in range(N):
s974383107.py(26):             l, r = s[i]
s974383107.py(27):             if v[l] + v[r] == 0:
s974383107.py(29):             if v[r] == 1 and v[l] == 1 and i != N - 1 and s[i] != s[i+1]:
s974383107.py(39):             elif v[r] == 0 or v[l] > v[r]:
s974383107.py(40):                 ans.append(r)
s974383107.py(41):                 v[l] -= 1
s974383107.py(42):                 v[r] += 1
s974383107.py(25):         for i in range(N):
s974383107.py(47):         return ans
s974383107.py(69):     if ans == None:
s974383107.py(72):         print(YES)
Yes
s974383107.py(73):         print("\n".join(list(map(i2s, ans))))
 --- modulename: s974383107, funcname: i2s
s974383107.py(60):         return chr(i + ord('A'))
 --- modulename: s974383107, funcname: i2s
s974383107.py(60):         return chr(i + ord('A'))
A
C
 --- modulename: s974383107, funcname: iterate_tokens
