 --- modulename: s975247087, funcname: <module>
s975247087.py(2): import sys
s975247087.py(4): buff_readline = sys.stdin.buffer.readline
s975247087.py(5): readline = sys.stdin.readline
s975247087.py(7): INF = 2**62-1
s975247087.py(10): def read_int():
s975247087.py(14): def read_int_n():
s975247087.py(18): def read_float():
s975247087.py(22): def read_float_n():
s975247087.py(26): def read_str():
s975247087.py(30): def read_str_n():
s975247087.py(34): def error_print(*args):
s975247087.py(38): def mt(f):
s975247087.py(52): class SegmentTree:
 --- modulename: s975247087, funcname: SegmentTree
s975247087.py(52): class SegmentTree:
s975247087.py(53):     def __init__(self, array, operator, identity_element):
s975247087.py(65):     def update(self, i, v):
s975247087.py(73):     def query(self, l, r):
s975247087.py(90): from collections import Counter
 --- modulename: _bootstrap, funcname: _handle_fromlist
<frozen importlib._bootstrap>(1043): <frozen importlib._bootstrap>(1044): <frozen importlib._bootstrap>(1051): <frozen importlib._bootstrap>(1055): <frozen importlib._bootstrap>(1043): <frozen importlib._bootstrap>(1067): s975247087.py(92): def slv(N, K, A):
s975247087.py(115): def main():
s975247087.py(121): if __name__ == '__main__':
s975247087.py(122):     main()
 --- modulename: s975247087, funcname: main
s975247087.py(116):     N, K = read_int_n()
 --- modulename: s975247087, funcname: read_int_n
s975247087.py(15):     return list(map(int, buff_readline().split()))
s975247087.py(117):     A = read_int_n()
 --- modulename: s975247087, funcname: read_int_n
s975247087.py(15):     return list(map(int, buff_readline().split()))
s975247087.py(118):     print(slv(N, K, A))
 --- modulename: s975247087, funcname: slv
s975247087.py(93):     B = [0]
s975247087.py(94):     for i, a in enumerate(A, start=0):
s975247087.py(95):         B.append((B[-1] + a) % K)
s975247087.py(94):     for i, a in enumerate(A, start=0):
s975247087.py(95):         B.append((B[-1] + a) % K)
s975247087.py(94):     for i, a in enumerate(A, start=0):
s975247087.py(95):         B.append((B[-1] + a) % K)
s975247087.py(94):     for i, a in enumerate(A, start=0):
s975247087.py(95):         B.append((B[-1] + a) % K)
s975247087.py(94):     for i, a in enumerate(A, start=0):
s975247087.py(95):         B.append((B[-1] + a) % K)
s975247087.py(94):     for i, a in enumerate(A, start=0):
s975247087.py(97):     for i in range(len(B)):
s975247087.py(98):         B[i] = (B[i] - i) % K
s975247087.py(97):     for i in range(len(B)):
s975247087.py(98):         B[i] = (B[i] - i) % K
s975247087.py(97):     for i in range(len(B)):
s975247087.py(98):         B[i] = (B[i] - i) % K
s975247087.py(97):     for i in range(len(B)):
s975247087.py(98):         B[i] = (B[i] - i) % K
s975247087.py(97):     for i in range(len(B)):
s975247087.py(98):         B[i] = (B[i] - i) % K
s975247087.py(97):     for i in range(len(B)):
s975247087.py(98):         B[i] = (B[i] - i) % K
s975247087.py(97):     for i in range(len(B)):
s975247087.py(100):     ans = 0
s975247087.py(101):     C = Counter()
 --- modulename: __init__, funcname: __init__
__init__.py(592):         super().__init__()
__init__.py(593):         self.update(iterable, **kwds)
 --- modulename: __init__, funcname: update
__init__.py(669):         if iterable is not None:
__init__.py(680):         if kwds:
s975247087.py(102):     n = 0
s975247087.py(103):     for i, b in enumerate(B):
s975247087.py(104):         C[b] += 1
 --- modulename: __init__, funcname: __missing__
__init__.py(598):         return 0
s975247087.py(105):         n += 1
s975247087.py(106):         if n > K:
s975247087.py(109):         ans += C[b] - 1
s975247087.py(103):     for i, b in enumerate(B):
s975247087.py(104):         C[b] += 1
s975247087.py(105):         n += 1
s975247087.py(106):         if n > K:
s975247087.py(109):         ans += C[b] - 1
s975247087.py(103):     for i, b in enumerate(B):
s975247087.py(104):         C[b] += 1
 --- modulename: __init__, funcname: __missing__
__init__.py(598):         return 0
s975247087.py(105):         n += 1
s975247087.py(106):         if n > K:
s975247087.py(109):         ans += C[b] - 1
s975247087.py(103):     for i, b in enumerate(B):
s975247087.py(104):         C[b] += 1
s975247087.py(105):         n += 1
s975247087.py(106):         if n > K:
s975247087.py(109):         ans += C[b] - 1
s975247087.py(103):     for i, b in enumerate(B):
s975247087.py(104):         C[b] += 1
 --- modulename: __init__, funcname: __missing__
__init__.py(598):         return 0
s975247087.py(105):         n += 1
s975247087.py(106):         if n > K:
s975247087.py(107):             C[B[i-K]] -= 1
s975247087.py(108):             n -= 1
s975247087.py(109):         ans += C[b] - 1
s975247087.py(103):     for i, b in enumerate(B):
s975247087.py(104):         C[b] += 1
s975247087.py(105):         n += 1
s975247087.py(106):         if n > K:
s975247087.py(107):             C[B[i-K]] -= 1
s975247087.py(108):             n -= 1
s975247087.py(109):         ans += C[b] - 1
s975247087.py(103):     for i, b in enumerate(B):
s975247087.py(111):     return ans
4
