 --- modulename: s976152490, funcname: <module>
s976152490.py(1): import sys
s976152490.py(5): def naiseki(va,vb):
s976152490.py(8): def main():
s976152490.py(72): isTest=False
s976152490.py(74): def pa(v):
s976152490.py(78): if __name__ == "__main__":
s976152490.py(79): 	if sys.platform =='ios':
s976152490.py(86): 	ret = main()
 --- modulename: s976152490, funcname: main
s976152490.py(9): 	n , c = map(int, input().split())
 --- modulename: codecs, funcname: getstate
codecs.py(333):         return (self.buffer, 0)
 --- modulename: codecs, funcname: decode
codecs.py(321):         data = self.buffer + input
codecs.py(322):         (result, consumed) = self._buffer_decode(data, self.errors, final)
codecs.py(324):         self.buffer = data[consumed:]
codecs.py(325):         return result
s976152490.py(11): 	ccc=[0]*c
s976152490.py(12): 	for i in range(c):
s976152490.py(13): 		ccc[i]=[0]*c
s976152490.py(12): 	for i in range(c):
s976152490.py(13): 		ccc[i]=[0]*c
s976152490.py(12): 	for i in range(c):
s976152490.py(13): 		ccc[i]=[0]*c
s976152490.py(12): 	for i in range(c):
s976152490.py(14): 	for i in range(c):
s976152490.py(15): 		temp=list(map(int,input().split()))
s976152490.py(17): 		for j,v in enumerate(temp):
s976152490.py(18): 			ccc[j][i]=v
s976152490.py(17): 		for j,v in enumerate(temp):
s976152490.py(18): 			ccc[j][i]=v
s976152490.py(17): 		for j,v in enumerate(temp):
s976152490.py(18): 			ccc[j][i]=v
s976152490.py(17): 		for j,v in enumerate(temp):
s976152490.py(14): 	for i in range(c):
s976152490.py(15): 		temp=list(map(int,input().split()))
s976152490.py(17): 		for j,v in enumerate(temp):
s976152490.py(18): 			ccc[j][i]=v
s976152490.py(17): 		for j,v in enumerate(temp):
s976152490.py(18): 			ccc[j][i]=v
s976152490.py(17): 		for j,v in enumerate(temp):
s976152490.py(18): 			ccc[j][i]=v
s976152490.py(17): 		for j,v in enumerate(temp):
s976152490.py(14): 	for i in range(c):
s976152490.py(15): 		temp=list(map(int,input().split()))
s976152490.py(17): 		for j,v in enumerate(temp):
s976152490.py(18): 			ccc[j][i]=v
s976152490.py(17): 		for j,v in enumerate(temp):
s976152490.py(18): 			ccc[j][i]=v
s976152490.py(17): 		for j,v in enumerate(temp):
s976152490.py(18): 			ccc[j][i]=v
s976152490.py(17): 		for j,v in enumerate(temp):
s976152490.py(14): 	for i in range(c):
s976152490.py(20): 	pa(ccc)
 --- modulename: s976152490, funcname: pa
s976152490.py(75): 	if isTest:
s976152490.py(22): 	ddl=[0,0,0]
s976152490.py(23): 	for i in range(3):
s976152490.py(24): 		ddl[i]=[0]*c
s976152490.py(23): 	for i in range(3):
s976152490.py(24): 		ddl[i]=[0]*c
s976152490.py(23): 	for i in range(3):
s976152490.py(24): 		ddl[i]=[0]*c
s976152490.py(23): 	for i in range(3):
s976152490.py(26): 	for i in range(1,n+1):
s976152490.py(27): 		ll=list(map(int, input().split()))
s976152490.py(28): 		for j, color_v in enumerate(ll,start=1):
s976152490.py(29): 			group=(i+j)%3
s976152490.py(30): 			ddl[group][color_v-1]+=1
s976152490.py(28): 		for j, color_v in enumerate(ll,start=1):
s976152490.py(29): 			group=(i+j)%3
s976152490.py(30): 			ddl[group][color_v-1]+=1
s976152490.py(28): 		for j, color_v in enumerate(ll,start=1):
s976152490.py(26): 	for i in range(1,n+1):
s976152490.py(27): 		ll=list(map(int, input().split()))
s976152490.py(28): 		for j, color_v in enumerate(ll,start=1):
s976152490.py(29): 			group=(i+j)%3
s976152490.py(30): 			ddl[group][color_v-1]+=1
s976152490.py(28): 		for j, color_v in enumerate(ll,start=1):
s976152490.py(29): 			group=(i+j)%3
s976152490.py(30): 			ddl[group][color_v-1]+=1
s976152490.py(28): 		for j, color_v in enumerate(ll,start=1):
s976152490.py(26): 	for i in range(1,n+1):
s976152490.py(32): 	pa('_____ddl_____')
 --- modulename: s976152490, funcname: pa
s976152490.py(75): 	if isTest:
s976152490.py(33): 	for i in range(3):
s976152490.py(34): 		pa(ddl[i])
 --- modulename: s976152490, funcname: pa
s976152490.py(75): 	if isTest:
s976152490.py(33): 	for i in range(3):
s976152490.py(34): 		pa(ddl[i])
 --- modulename: s976152490, funcname: pa
s976152490.py(75): 	if isTest:
s976152490.py(33): 	for i in range(3):
s976152490.py(34): 		pa(ddl[i])
 --- modulename: s976152490, funcname: pa
s976152490.py(75): 	if isTest:
s976152490.py(33): 	for i in range(3):
s976152490.py(36): 	rrb=[0]*3
s976152490.py(37): 	for i in range(3):
s976152490.py(38): 		rrb[i]=[0]*c	
s976152490.py(39): 		for j in range(c):
s976152490.py(40): 			rrb[i][j]=(naiseki(ddl[i], ccc[j]),j)
 --- modulename: s976152490, funcname: naiseki
s976152490.py(6): 	return sum([a*b for a,b in zip(va,vb)])
 --- modulename: s976152490, funcname: <listcomp>
s976152490.py(6): 	return sum([a*b for a,b in zip(va,vb)])
s976152490.py(6): 	return sum([a*b for a,b in zip(va,vb)])
s976152490.py(6): 	return sum([a*b for a,b in zip(va,vb)])
s976152490.py(6): 	return sum([a*b for a,b in zip(va,vb)])
s976152490.py(39): 		for j in range(c):
s976152490.py(40): 			rrb[i][j]=(naiseki(ddl[i], ccc[j]),j)
 --- modulename: s976152490, funcname: naiseki
s976152490.py(6): 	return sum([a*b for a,b in zip(va,vb)])
 --- modulename: s976152490, funcname: <listcomp>
s976152490.py(6): 	return sum([a*b for a,b in zip(va,vb)])
s976152490.py(6): 	return sum([a*b for a,b in zip(va,vb)])
s976152490.py(6): 	return sum([a*b for a,b in zip(va,vb)])
s976152490.py(6): 	return sum([a*b for a,b in zip(va,vb)])
s976152490.py(39): 		for j in range(c):
s976152490.py(40): 			rrb[i][j]=(naiseki(ddl[i], ccc[j]),j)
 --- modulename: s976152490, funcname: naiseki
s976152490.py(6): 	return sum([a*b for a,b in zip(va,vb)])
 --- modulename: s976152490, funcname: <listcomp>
s976152490.py(6): 	return sum([a*b for a,b in zip(va,vb)])
s976152490.py(6): 	return sum([a*b for a,b in zip(va,vb)])
s976152490.py(6): 	return sum([a*b for a,b in zip(va,vb)])
s976152490.py(6): 	return sum([a*b for a,b in zip(va,vb)])
s976152490.py(39): 		for j in range(c):
s976152490.py(37): 	for i in range(3):
s976152490.py(38): 		rrb[i]=[0]*c	
s976152490.py(39): 		for j in range(c):
s976152490.py(40): 			rrb[i][j]=(naiseki(ddl[i], ccc[j]),j)
 --- modulename: s976152490, funcname: naiseki
s976152490.py(6): 	return sum([a*b for a,b in zip(va,vb)])
 --- modulename: s976152490, funcname: <listcomp>
s976152490.py(6): 	return sum([a*b for a,b in zip(va,vb)])
s976152490.py(6): 	return sum([a*b for a,b in zip(va,vb)])
s976152490.py(6): 	return sum([a*b for a,b in zip(va,vb)])
s976152490.py(6): 	return sum([a*b for a,b in zip(va,vb)])
s976152490.py(39): 		for j in range(c):
s976152490.py(40): 			rrb[i][j]=(naiseki(ddl[i], ccc[j]),j)
 --- modulename: s976152490, funcname: naiseki
s976152490.py(6): 	return sum([a*b for a,b in zip(va,vb)])
 --- modulename: s976152490, funcname: <listcomp>
s976152490.py(6): 	return sum([a*b for a,b in zip(va,vb)])
s976152490.py(6): 	return sum([a*b for a,b in zip(va,vb)])
s976152490.py(6): 	return sum([a*b for a,b in zip(va,vb)])
s976152490.py(6): 	return sum([a*b for a,b in zip(va,vb)])
s976152490.py(39): 		for j in range(c):
s976152490.py(40): 			rrb[i][j]=(naiseki(ddl[i], ccc[j]),j)
 --- modulename: s976152490, funcname: naiseki
s976152490.py(6): 	return sum([a*b for a,b in zip(va,vb)])
 --- modulename: s976152490, funcname: <listcomp>
s976152490.py(6): 	return sum([a*b for a,b in zip(va,vb)])
s976152490.py(6): 	return sum([a*b for a,b in zip(va,vb)])
s976152490.py(6): 	return sum([a*b for a,b in zip(va,vb)])
s976152490.py(6): 	return sum([a*b for a,b in zip(va,vb)])
s976152490.py(39): 		for j in range(c):
s976152490.py(37): 	for i in range(3):
s976152490.py(38): 		rrb[i]=[0]*c	
s976152490.py(39): 		for j in range(c):
s976152490.py(40): 			rrb[i][j]=(naiseki(ddl[i], ccc[j]),j)
 --- modulename: s976152490, funcname: naiseki
s976152490.py(6): 	return sum([a*b for a,b in zip(va,vb)])
 --- modulename: s976152490, funcname: <listcomp>
s976152490.py(6): 	return sum([a*b for a,b in zip(va,vb)])
s976152490.py(6): 	return sum([a*b for a,b in zip(va,vb)])
s976152490.py(6): 	return sum([a*b for a,b in zip(va,vb)])
s976152490.py(6): 	return sum([a*b for a,b in zip(va,vb)])
s976152490.py(39): 		for j in range(c):
s976152490.py(40): 			rrb[i][j]=(naiseki(ddl[i], ccc[j]),j)
 --- modulename: s976152490, funcname: naiseki
s976152490.py(6): 	return sum([a*b for a,b in zip(va,vb)])
 --- modulename: s976152490, funcname: <listcomp>
s976152490.py(6): 	return sum([a*b for a,b in zip(va,vb)])
s976152490.py(6): 	return sum([a*b for a,b in zip(va,vb)])
s976152490.py(6): 	return sum([a*b for a,b in zip(va,vb)])
s976152490.py(6): 	return sum([a*b for a,b in zip(va,vb)])
s976152490.py(39): 		for j in range(c):
s976152490.py(40): 			rrb[i][j]=(naiseki(ddl[i], ccc[j]),j)
 --- modulename: s976152490, funcname: naiseki
s976152490.py(6): 	return sum([a*b for a,b in zip(va,vb)])
 --- modulename: s976152490, funcname: <listcomp>
s976152490.py(6): 	return sum([a*b for a,b in zip(va,vb)])
s976152490.py(6): 	return sum([a*b for a,b in zip(va,vb)])
s976152490.py(6): 	return sum([a*b for a,b in zip(va,vb)])
s976152490.py(6): 	return sum([a*b for a,b in zip(va,vb)])
s976152490.py(39): 		for j in range(c):
s976152490.py(37): 	for i in range(3):
s976152490.py(42): 	pa('____rrb_____')
 --- modulename: s976152490, funcname: pa
s976152490.py(75): 	if isTest:
s976152490.py(43): 	for i in range(3):
s976152490.py(44): 		pa(rrb[i])
 --- modulename: s976152490, funcname: pa
s976152490.py(75): 	if isTest:
s976152490.py(43): 	for i in range(3):
s976152490.py(44): 		pa(rrb[i])
 --- modulename: s976152490, funcname: pa
s976152490.py(75): 	if isTest:
s976152490.py(43): 	for i in range(3):
s976152490.py(44): 		pa(rrb[i])
 --- modulename: s976152490, funcname: pa
s976152490.py(75): 	if isTest:
s976152490.py(43): 	for i in range(3):
s976152490.py(46): 	c=[0]	* 3
s976152490.py(47): 	for i in range(3):
s976152490.py(48): 		rrb[i].sort()
s976152490.py(49): 		aa=rrb[i][:3]
s976152490.py(50): 		c[i]=aa
s976152490.py(47): 	for i in range(3):
s976152490.py(48): 		rrb[i].sort()
s976152490.py(49): 		aa=rrb[i][:3]
s976152490.py(50): 		c[i]=aa
s976152490.py(47): 	for i in range(3):
s976152490.py(48): 		rrb[i].sort()
s976152490.py(49): 		aa=rrb[i][:3]
s976152490.py(50): 		c[i]=aa
s976152490.py(47): 	for i in range(3):
s976152490.py(52): 	pa('____ c _____')
 --- modulename: s976152490, funcname: pa
s976152490.py(75): 	if isTest:
s976152490.py(53): 	for i in range(3):
s976152490.py(54): 		pa(c[i])
 --- modulename: s976152490, funcname: pa
s976152490.py(75): 	if isTest:
s976152490.py(53): 	for i in range(3):
s976152490.py(54): 		pa(c[i])
 --- modulename: s976152490, funcname: pa
s976152490.py(75): 	if isTest:
s976152490.py(53): 	for i in range(3):
s976152490.py(54): 		pa(c[i])
 --- modulename: s976152490, funcname: pa
s976152490.py(75): 	if isTest:
s976152490.py(53): 	for i in range(3):
s976152490.py(56): 	mm=None
s976152490.py(57): 	for i in range(3):
s976152490.py(58): 		for j in range(3):
s976152490.py(59): 			for k in range(3):
s976152490.py(60): 				ii=c[0][i][1]
s976152490.py(61): 				ji=c[1][j][1]
s976152490.py(62): 				ki=c[2][k][1]
s976152490.py(63): 				if ii !=ji and ji!=ki and ki!=ii:
s976152490.py(59): 			for k in range(3):
s976152490.py(60): 				ii=c[0][i][1]
s976152490.py(61): 				ji=c[1][j][1]
s976152490.py(62): 				ki=c[2][k][1]
s976152490.py(63): 				if ii !=ji and ji!=ki and ki!=ii:
s976152490.py(59): 			for k in range(3):
s976152490.py(60): 				ii=c[0][i][1]
s976152490.py(61): 				ji=c[1][j][1]
s976152490.py(62): 				ki=c[2][k][1]
s976152490.py(63): 				if ii !=ji and ji!=ki and ki!=ii:
s976152490.py(59): 			for k in range(3):
s976152490.py(58): 		for j in range(3):
s976152490.py(59): 			for k in range(3):
s976152490.py(60): 				ii=c[0][i][1]
s976152490.py(61): 				ji=c[1][j][1]
s976152490.py(62): 				ki=c[2][k][1]
s976152490.py(63): 				if ii !=ji and ji!=ki and ki!=ii:
s976152490.py(59): 			for k in range(3):
s976152490.py(60): 				ii=c[0][i][1]
s976152490.py(61): 				ji=c[1][j][1]
s976152490.py(62): 				ki=c[2][k][1]
s976152490.py(63): 				if ii !=ji and ji!=ki and ki!=ii:
s976152490.py(64): 					temp=c[0][i][0]+c[1][j][0]+c[2][k][0]
s976152490.py(66): 					mm = temp if mm is None else min(mm,temp)
s976152490.py(59): 			for k in range(3):
s976152490.py(60): 				ii=c[0][i][1]
s976152490.py(61): 				ji=c[1][j][1]
s976152490.py(62): 				ki=c[2][k][1]
s976152490.py(63): 				if ii !=ji and ji!=ki and ki!=ii:
s976152490.py(59): 			for k in range(3):
s976152490.py(58): 		for j in range(3):
s976152490.py(59): 			for k in range(3):
s976152490.py(60): 				ii=c[0][i][1]
s976152490.py(61): 				ji=c[1][j][1]
s976152490.py(62): 				ki=c[2][k][1]
s976152490.py(63): 				if ii !=ji and ji!=ki and ki!=ii:
s976152490.py(64): 					temp=c[0][i][0]+c[1][j][0]+c[2][k][0]
s976152490.py(66): 					mm = temp if mm is None else min(mm,temp)
s976152490.py(59): 			for k in range(3):
s976152490.py(60): 				ii=c[0][i][1]
s976152490.py(61): 				ji=c[1][j][1]
s976152490.py(62): 				ki=c[2][k][1]
s976152490.py(63): 				if ii !=ji and ji!=ki and ki!=ii:
s976152490.py(59): 			for k in range(3):
s976152490.py(60): 				ii=c[0][i][1]
s976152490.py(61): 				ji=c[1][j][1]
s976152490.py(62): 				ki=c[2][k][1]
s976152490.py(63): 				if ii !=ji and ji!=ki and ki!=ii:
s976152490.py(59): 			for k in range(3):
s976152490.py(58): 		for j in range(3):
s976152490.py(57): 	for i in range(3):
s976152490.py(58): 		for j in range(3):
s976152490.py(59): 			for k in range(3):
s976152490.py(60): 				ii=c[0][i][1]
s976152490.py(61): 				ji=c[1][j][1]
s976152490.py(62): 				ki=c[2][k][1]
s976152490.py(63): 				if ii !=ji and ji!=ki and ki!=ii:
s976152490.py(59): 			for k in range(3):
s976152490.py(60): 				ii=c[0][i][1]
s976152490.py(61): 				ji=c[1][j][1]
s976152490.py(62): 				ki=c[2][k][1]
s976152490.py(63): 				if ii !=ji and ji!=ki and ki!=ii:
s976152490.py(64): 					temp=c[0][i][0]+c[1][j][0]+c[2][k][0]
s976152490.py(66): 					mm = temp if mm is None else min(mm,temp)
s976152490.py(59): 			for k in range(3):
s976152490.py(60): 				ii=c[0][i][1]
s976152490.py(61): 				ji=c[1][j][1]
s976152490.py(62): 				ki=c[2][k][1]
s976152490.py(63): 				if ii !=ji and ji!=ki and ki!=ii:
s976152490.py(59): 			for k in range(3):
s976152490.py(58): 		for j in range(3):
s976152490.py(59): 			for k in range(3):
s976152490.py(60): 				ii=c[0][i][1]
s976152490.py(61): 				ji=c[1][j][1]
s976152490.py(62): 				ki=c[2][k][1]
s976152490.py(63): 				if ii !=ji and ji!=ki and ki!=ii:
s976152490.py(59): 			for k in range(3):
s976152490.py(60): 				ii=c[0][i][1]
s976152490.py(61): 				ji=c[1][j][1]
s976152490.py(62): 				ki=c[2][k][1]
s976152490.py(63): 				if ii !=ji and ji!=ki and ki!=ii:
s976152490.py(59): 			for k in range(3):
s976152490.py(60): 				ii=c[0][i][1]
s976152490.py(61): 				ji=c[1][j][1]
s976152490.py(62): 				ki=c[2][k][1]
s976152490.py(63): 				if ii !=ji and ji!=ki and ki!=ii:
s976152490.py(59): 			for k in range(3):
s976152490.py(58): 		for j in range(3):
s976152490.py(59): 			for k in range(3):
s976152490.py(60): 				ii=c[0][i][1]
s976152490.py(61): 				ji=c[1][j][1]
s976152490.py(62): 				ki=c[2][k][1]
s976152490.py(63): 				if ii !=ji and ji!=ki and ki!=ii:
s976152490.py(59): 			for k in range(3):
s976152490.py(60): 				ii=c[0][i][1]
s976152490.py(61): 				ji=c[1][j][1]
s976152490.py(62): 				ki=c[2][k][1]
s976152490.py(63): 				if ii !=ji and ji!=ki and ki!=ii:
s976152490.py(59): 			for k in range(3):
s976152490.py(60): 				ii=c[0][i][1]
s976152490.py(61): 				ji=c[1][j][1]
s976152490.py(62): 				ki=c[2][k][1]
s976152490.py(63): 				if ii !=ji and ji!=ki and ki!=ii:
s976152490.py(64): 					temp=c[0][i][0]+c[1][j][0]+c[2][k][0]
s976152490.py(66): 					mm = temp if mm is None else min(mm,temp)
s976152490.py(59): 			for k in range(3):
s976152490.py(58): 		for j in range(3):
s976152490.py(57): 	for i in range(3):
s976152490.py(58): 		for j in range(3):
s976152490.py(59): 			for k in range(3):
s976152490.py(60): 				ii=c[0][i][1]
s976152490.py(61): 				ji=c[1][j][1]
s976152490.py(62): 				ki=c[2][k][1]
s976152490.py(63): 				if ii !=ji and ji!=ki and ki!=ii:
s976152490.py(64): 					temp=c[0][i][0]+c[1][j][0]+c[2][k][0]
s976152490.py(66): 					mm = temp if mm is None else min(mm,temp)
s976152490.py(59): 			for k in range(3):
s976152490.py(60): 				ii=c[0][i][1]
s976152490.py(61): 				ji=c[1][j][1]
s976152490.py(62): 				ki=c[2][k][1]
s976152490.py(63): 				if ii !=ji and ji!=ki and ki!=ii:
s976152490.py(59): 			for k in range(3):
s976152490.py(60): 				ii=c[0][i][1]
s976152490.py(61): 				ji=c[1][j][1]
s976152490.py(62): 				ki=c[2][k][1]
s976152490.py(63): 				if ii !=ji and ji!=ki and ki!=ii:
s976152490.py(59): 			for k in range(3):
s976152490.py(58): 		for j in range(3):
s976152490.py(59): 			for k in range(3):
s976152490.py(60): 				ii=c[0][i][1]
s976152490.py(61): 				ji=c[1][j][1]
s976152490.py(62): 				ki=c[2][k][1]
s976152490.py(63): 				if ii !=ji and ji!=ki and ki!=ii:
s976152490.py(59): 			for k in range(3):
s976152490.py(60): 				ii=c[0][i][1]
s976152490.py(61): 				ji=c[1][j][1]
s976152490.py(62): 				ki=c[2][k][1]
s976152490.py(63): 				if ii !=ji and ji!=ki and ki!=ii:
s976152490.py(59): 			for k in range(3):
s976152490.py(60): 				ii=c[0][i][1]
s976152490.py(61): 				ji=c[1][j][1]
s976152490.py(62): 				ki=c[2][k][1]
s976152490.py(63): 				if ii !=ji and ji!=ki and ki!=ii:
s976152490.py(64): 					temp=c[0][i][0]+c[1][j][0]+c[2][k][0]
s976152490.py(66): 					mm = temp if mm is None else min(mm,temp)
s976152490.py(59): 			for k in range(3):
s976152490.py(58): 		for j in range(3):
s976152490.py(59): 			for k in range(3):
s976152490.py(60): 				ii=c[0][i][1]
s976152490.py(61): 				ji=c[1][j][1]
s976152490.py(62): 				ki=c[2][k][1]
s976152490.py(63): 				if ii !=ji and ji!=ki and ki!=ii:
s976152490.py(59): 			for k in range(3):
s976152490.py(60): 				ii=c[0][i][1]
s976152490.py(61): 				ji=c[1][j][1]
s976152490.py(62): 				ki=c[2][k][1]
s976152490.py(63): 				if ii !=ji and ji!=ki and ki!=ii:
s976152490.py(59): 			for k in range(3):
s976152490.py(60): 				ii=c[0][i][1]
s976152490.py(61): 				ji=c[1][j][1]
s976152490.py(62): 				ki=c[2][k][1]
s976152490.py(63): 				if ii !=ji and ji!=ki and ki!=ii:
s976152490.py(59): 			for k in range(3):
s976152490.py(58): 		for j in range(3):
s976152490.py(57): 	for i in range(3):
s976152490.py(68): 	return mm
s976152490.py(87): 	if ret is not None:
s976152490.py(88): 		print(ret)
3
