 --- modulename: s979651464, funcname: <module>
s979651464.py(1): from heapq import heappop as pop
s979651464.py(2): from heapq import heappush as push
s979651464.py(4): def solve():
s979651464.py(62): solve()
 --- modulename: s979651464, funcname: solve
s979651464.py(6):   INF = 10 ** 18
s979651464.py(8):   class edge:
 --- modulename: s979651464, funcname: edge
s979651464.py(8):   class edge:
s979651464.py(9):     def __init__(self, to, cost):
s979651464.py(13):   N, M, K = map(int,input().split())
 --- modulename: codecs, funcname: getstate
codecs.py(333):         return (self.buffer, 0)
 --- modulename: codecs, funcname: decode
codecs.py(321):         data = self.buffer + input
codecs.py(322):         (result, consumed) = self._buffer_decode(data, self.errors, final)
codecs.py(324):         self.buffer = data[consumed:]
codecs.py(325):         return result
s979651464.py(15):   G = [[] for i in range(N)]
 --- modulename: s979651464, funcname: <listcomp>
s979651464.py(15):   G = [[] for i in range(N)]
s979651464.py(15):   G = [[] for i in range(N)]
s979651464.py(15):   G = [[] for i in range(N)]
s979651464.py(15):   G = [[] for i in range(N)]
s979651464.py(18):   d = [INF for i in range(N)]
 --- modulename: s979651464, funcname: <listcomp>
s979651464.py(18):   d = [INF for i in range(N)]
s979651464.py(18):   d = [INF for i in range(N)]
s979651464.py(18):   d = [INF for i in range(N)]
s979651464.py(18):   d = [INF for i in range(N)]
s979651464.py(21):   def dijkstra(lst):
s979651464.py(38):   for i in range(M):
s979651464.py(39):     s, t, c = map(int,input().split())
s979651464.py(40):     s -= 1
s979651464.py(41):     t -= 1
s979651464.py(42):     G[s].append(edge(t,c))
 --- modulename: s979651464, funcname: __init__
s979651464.py(10):       self.to = to
s979651464.py(11):       self.cost = cost
s979651464.py(43):     G[t].append(edge(s,c))
 --- modulename: s979651464, funcname: __init__
s979651464.py(10):       self.to = to
s979651464.py(11):       self.cost = cost
s979651464.py(38):   for i in range(M):
s979651464.py(39):     s, t, c = map(int,input().split())
s979651464.py(40):     s -= 1
s979651464.py(41):     t -= 1
s979651464.py(42):     G[s].append(edge(t,c))
 --- modulename: s979651464, funcname: __init__
s979651464.py(10):       self.to = to
s979651464.py(11):       self.cost = cost
s979651464.py(43):     G[t].append(edge(s,c))
 --- modulename: s979651464, funcname: __init__
s979651464.py(10):       self.to = to
s979651464.py(11):       self.cost = cost
s979651464.py(38):   for i in range(M):
s979651464.py(39):     s, t, c = map(int,input().split())
s979651464.py(40):     s -= 1
s979651464.py(41):     t -= 1
s979651464.py(42):     G[s].append(edge(t,c))
 --- modulename: s979651464, funcname: __init__
s979651464.py(10):       self.to = to
s979651464.py(11):       self.cost = cost
s979651464.py(43):     G[t].append(edge(s,c))
 --- modulename: s979651464, funcname: __init__
s979651464.py(10):       self.to = to
s979651464.py(11):       self.cost = cost
s979651464.py(38):   for i in range(M):
s979651464.py(46):   lst =  [int(input()) - 1 for i in range(K)]
 --- modulename: s979651464, funcname: <listcomp>
s979651464.py(46):   lst =  [int(input()) - 1 for i in range(K)]
s979651464.py(46):   lst =  [int(input()) - 1 for i in range(K)]
s979651464.py(47):   dijkstra(lst)
 --- modulename: s979651464, funcname: dijkstra
s979651464.py(22):     que = []
s979651464.py(23):     for s in lst:
s979651464.py(24):       d[s] = 0
s979651464.py(25):       push(que, (0,s))
s979651464.py(23):     for s in lst:
s979651464.py(27):     while len(que):
s979651464.py(28):       p = pop(que)
s979651464.py(29):       v = p[1]
s979651464.py(30):       if (d[v] < p[0]):
s979651464.py(32):       for i in range(len(G[v])):
s979651464.py(33):         e = G[v][i]
s979651464.py(34):         if d[e.to] > d[v] + e.cost:
s979651464.py(35):           d[e.to] = d[v] + e.cost
s979651464.py(36):           push(que, (d[e.to], e.to))
s979651464.py(32):       for i in range(len(G[v])):
s979651464.py(33):         e = G[v][i]
s979651464.py(34):         if d[e.to] > d[v] + e.cost:
s979651464.py(35):           d[e.to] = d[v] + e.cost
s979651464.py(36):           push(que, (d[e.to], e.to))
s979651464.py(32):       for i in range(len(G[v])):
s979651464.py(27):     while len(que):
s979651464.py(28):       p = pop(que)
s979651464.py(29):       v = p[1]
s979651464.py(30):       if (d[v] < p[0]):
s979651464.py(32):       for i in range(len(G[v])):
s979651464.py(33):         e = G[v][i]
s979651464.py(34):         if d[e.to] > d[v] + e.cost:
s979651464.py(32):       for i in range(len(G[v])):
s979651464.py(33):         e = G[v][i]
s979651464.py(34):         if d[e.to] > d[v] + e.cost:
s979651464.py(32):       for i in range(len(G[v])):
s979651464.py(27):     while len(que):
s979651464.py(28):       p = pop(que)
s979651464.py(29):       v = p[1]
s979651464.py(30):       if (d[v] < p[0]):
s979651464.py(32):       for i in range(len(G[v])):
s979651464.py(33):         e = G[v][i]
s979651464.py(34):         if d[e.to] > d[v] + e.cost:
s979651464.py(32):       for i in range(len(G[v])):
s979651464.py(33):         e = G[v][i]
s979651464.py(34):         if d[e.to] > d[v] + e.cost:
s979651464.py(32):       for i in range(len(G[v])):
s979651464.py(27):     while len(que):
s979651464.py(49):   anss = []
s979651464.py(50):   append = anss.append
s979651464.py(52):   for i in range(N):
s979651464.py(53):     for e in G[i]:
s979651464.py(54):       x = d[i] + d[e.to] + e.cost
s979651464.py(55):       if x % 2:
s979651464.py(58):         append(x // 2)
s979651464.py(53):     for e in G[i]:
s979651464.py(54):       x = d[i] + d[e.to] + e.cost
s979651464.py(55):       if x % 2:
s979651464.py(58):         append(x // 2)
s979651464.py(53):     for e in G[i]:
s979651464.py(52):   for i in range(N):
s979651464.py(53):     for e in G[i]:
s979651464.py(54):       x = d[i] + d[e.to] + e.cost
s979651464.py(55):       if x % 2:
s979651464.py(58):         append(x // 2)
s979651464.py(53):     for e in G[i]:
s979651464.py(54):       x = d[i] + d[e.to] + e.cost
s979651464.py(55):       if x % 2:
s979651464.py(56):         append(x // 2 + 1)
s979651464.py(53):     for e in G[i]:
s979651464.py(52):   for i in range(N):
s979651464.py(53):     for e in G[i]:
s979651464.py(54):       x = d[i] + d[e.to] + e.cost
s979651464.py(55):       if x % 2:
s979651464.py(56):         append(x // 2 + 1)
s979651464.py(53):     for e in G[i]:
s979651464.py(54):       x = d[i] + d[e.to] + e.cost
s979651464.py(55):       if x % 2:
s979651464.py(58):         append(x // 2)
s979651464.py(53):     for e in G[i]:
s979651464.py(52):   for i in range(N):
s979651464.py(60):   print(max(anss))
2
