 --- modulename: s980516601, funcname: <module>
s980516601.py(1): import sys
s980516601.py(2): read = sys.stdin.buffer.read
s980516601.py(3): input = sys.stdin.readline
s980516601.py(4): input = sys.stdin.buffer.readline
s980516601.py(10): def RD(): return sys.stdin.read()
s980516601.py(11): def II(): return int(input())
s980516601.py(12): def MI(): return map(int,input().split())
s980516601.py(13): def MF(): return map(float,input().split())
s980516601.py(14): def LI(): return list(map(int,input().split()))
s980516601.py(15): def LF(): return list(map(float,input().split()))
s980516601.py(16): def TI(): return tuple(map(int,input().split()))
s980516601.py(22): def main():
s980516601.py(33): if __name__ == "__main__":
s980516601.py(34): 	main()
 --- modulename: s980516601, funcname: main
s980516601.py(23): 	m=II()
 --- modulename: s980516601, funcname: II
s980516601.py(11): def II(): return int(input())
s980516601.py(24): 	di=0
s980516601.py(25): 	su=0
s980516601.py(26): 	for _ in range(m):
s980516601.py(27): 		d,c=MI()
 --- modulename: s980516601, funcname: MI
s980516601.py(12): def MI(): return map(int,input().split())
s980516601.py(28): 		di+=c
s980516601.py(29): 		su+=d*c
s980516601.py(26): 	for _ in range(m):
s980516601.py(27): 		d,c=MI()
 --- modulename: s980516601, funcname: MI
s980516601.py(12): def MI(): return map(int,input().split())
s980516601.py(28): 		di+=c
s980516601.py(29): 		su+=d*c
s980516601.py(26): 	for _ in range(m):
s980516601.py(31): 	print((su-1)//9+di-1)
3
