 --- modulename: s981636874, funcname: <module>
s981636874.py(1): import sys
s981636874.py(2): INPUT = sys.stdin.readline
s981636874.py(4): def SINGLE_INT(): return int(INPUT())
s981636874.py(5): def MULTIPLE_INT_LIST(): return list(map(int, INPUT().split()))
s981636874.py(6): def MULTIPLE_INT_MAP(): return map(int, INPUT().split())
s981636874.py(7): def SINGLE_STRING(): return INPUT()
s981636874.py(8): def MULTIPLE_STRING(): return INPUT().split()
s981636874.py(10): N, A, B , A_goal, B_goal = MULTIPLE_INT_MAP()
 --- modulename: s981636874, funcname: MULTIPLE_INT_MAP
s981636874.py(6): def MULTIPLE_INT_MAP(): return map(int, INPUT().split())
 --- modulename: codecs, funcname: getstate
codecs.py(333):         return (self.buffer, 0)
 --- modulename: codecs, funcname: decode
codecs.py(321):         data = self.buffer + input
codecs.py(322):         (result, consumed) = self._buffer_decode(data, self.errors, final)
codecs.py(324):         self.buffer = data[consumed:]
codecs.py(325):         return result
s981636874.py(11): S = SINGLE_STRING()
 --- modulename: s981636874, funcname: SINGLE_STRING
s981636874.py(7): def SINGLE_STRING(): return INPUT()
s981636874.py(13): def surpass():
s981636874.py(21): if '##' in S[A-1: A_goal+1] or '##' in S[B-1:B_goal+1]:
s981636874.py(25):     if A_goal < B_goal:
s981636874.py(26):         print('Yes')
Yes
