 --- modulename: s209018262, funcname: <module>
s209018262.py(1): from heapq import *
s209018262.py(2): from collections import defaultdict
 --- modulename: _bootstrap, funcname: _handle_fromlist
<frozen importlib._bootstrap>(1043): <frozen importlib._bootstrap>(1044): <frozen importlib._bootstrap>(1051): <frozen importlib._bootstrap>(1055): <frozen importlib._bootstrap>(1043): <frozen importlib._bootstrap>(1067): s209018262.py(3): INF = float('inf')
s209018262.py(4): class Prim:
 --- modulename: s209018262, funcname: Prim
s209018262.py(4): class Prim:
s209018262.py(6):     def __init__(self,N):#Nはグラフのノード数
s209018262.py(11):     def setcost(self,u,v,w):
s209018262.py(15):     def prim(self):
s209018262.py(34): def main():
s209018262.py(54): if __name__ == "__main__":
s209018262.py(55):     main()
 --- modulename: s209018262, funcname: main
s209018262.py(35):     N = int(input())
 --- modulename: codecs, funcname: getstate
codecs.py(333):         return (self.buffer, 0)
 --- modulename: codecs, funcname: decode
codecs.py(321):         data = self.buffer + input
codecs.py(322):         (result, consumed) = self._buffer_decode(data, self.errors, final)
codecs.py(324):         self.buffer = data[consumed:]
codecs.py(325):         return result
s209018262.py(36):     cost = []
s209018262.py(37):     for i in range(N):
s209018262.py(38):         x,y = map(int,input().split())
s209018262.py(39):         cost.append((x,y,i))
s209018262.py(37):     for i in range(N):
s209018262.py(38):         x,y = map(int,input().split())
s209018262.py(39):         cost.append((x,y,i))
s209018262.py(37):     for i in range(N):
s209018262.py(38):         x,y = map(int,input().split())
s209018262.py(39):         cost.append((x,y,i))
s209018262.py(37):     for i in range(N):
s209018262.py(40):     prim = Prim(N)
 --- modulename: s209018262, funcname: __init__
s209018262.py(7):         self.N = N
s209018262.py(8):         self.cost = defaultdict(list)
s209018262.py(9):         self.used = [False for _ in range(N)]
 --- modulename: s209018262, funcname: <listcomp>
s209018262.py(9):         self.used = [False for _ in range(N)]
s209018262.py(9):         self.used = [False for _ in range(N)]
s209018262.py(9):         self.used = [False for _ in range(N)]
s209018262.py(9):         self.used = [False for _ in range(N)]
s209018262.py(41):     x = tuple(sorted(cost,key=lambda x: x[0]))
 --- modulename: s209018262, funcname: <lambda>
s209018262.py(41):     x = tuple(sorted(cost,key=lambda x: x[0]))
 --- modulename: s209018262, funcname: <lambda>
s209018262.py(41):     x = tuple(sorted(cost,key=lambda x: x[0]))
 --- modulename: s209018262, funcname: <lambda>
s209018262.py(41):     x = tuple(sorted(cost,key=lambda x: x[0]))
s209018262.py(42):     y = tuple(sorted(cost,key=lambda x: x[1]))
 --- modulename: s209018262, funcname: <lambda>
s209018262.py(42):     y = tuple(sorted(cost,key=lambda x: x[1]))
 --- modulename: s209018262, funcname: <lambda>
s209018262.py(42):     y = tuple(sorted(cost,key=lambda x: x[1]))
 --- modulename: s209018262, funcname: <lambda>
s209018262.py(42):     y = tuple(sorted(cost,key=lambda x: x[1]))
s209018262.py(43):     for i in range(N-1):
s209018262.py(44):         a,b,u = x[i]
s209018262.py(45):         c,d,v = x[i+1]
s209018262.py(46):         w = min(abs(a-c),abs(b-d))
s209018262.py(47):         prim.setcost(u,v,w)
 --- modulename: s209018262, funcname: setcost
s209018262.py(12):         self.cost[u].append((v,w))
s209018262.py(13):         self.cost[v].append((u,w))
s209018262.py(48):         e,f,s = y[i]
s209018262.py(49):         g,h,t = y[i+1]
s209018262.py(50):         u = min(abs(e-g),abs(f-h))
s209018262.py(51):         prim.setcost(s,t,u)
 --- modulename: s209018262, funcname: setcost
s209018262.py(12):         self.cost[u].append((v,w))
s209018262.py(13):         self.cost[v].append((u,w))
s209018262.py(43):     for i in range(N-1):
s209018262.py(44):         a,b,u = x[i]
s209018262.py(45):         c,d,v = x[i+1]
s209018262.py(46):         w = min(abs(a-c),abs(b-d))
s209018262.py(47):         prim.setcost(u,v,w)
 --- modulename: s209018262, funcname: setcost
s209018262.py(12):         self.cost[u].append((v,w))
s209018262.py(13):         self.cost[v].append((u,w))
s209018262.py(48):         e,f,s = y[i]
s209018262.py(49):         g,h,t = y[i+1]
s209018262.py(50):         u = min(abs(e-g),abs(f-h))
s209018262.py(51):         prim.setcost(s,t,u)
 --- modulename: s209018262, funcname: setcost
s209018262.py(12):         self.cost[u].append((v,w))
s209018262.py(13):         self.cost[v].append((u,w))
s209018262.py(43):     for i in range(N-1):
s209018262.py(52):     ans = prim.prim()
 --- modulename: s209018262, funcname: prim
s209018262.py(16):         que = []
s209018262.py(17):         heapify(que)
s209018262.py(18):         used = self.used
s209018262.py(19):         for e in self.cost[0]:
s209018262.py(20):             heappush(que,[e[1],e[0]])
s209018262.py(19):         for e in self.cost[0]:
s209018262.py(20):             heappush(que,[e[1],e[0]])
s209018262.py(19):         for e in self.cost[0]:
s209018262.py(21):         used[0] = True
s209018262.py(22):         res = 0
s209018262.py(23):         while que:
s209018262.py(24):             p = heappop(que)
s209018262.py(25):             cos,v = p
s209018262.py(26):             if used[v]:continue
s209018262.py(27):             self.used[v] = True
s209018262.py(28):             for e in self.cost[v]:
s209018262.py(29):                 if not used[e[0]]:
s209018262.py(28):             for e in self.cost[v]:
s209018262.py(29):                 if not used[e[0]]:
s209018262.py(30):                     heappush(que,[e[1],e[0]])      
s209018262.py(28):             for e in self.cost[v]:
s209018262.py(29):                 if not used[e[0]]:
s209018262.py(30):                     heappush(que,[e[1],e[0]])      
s209018262.py(28):             for e in self.cost[v]:
s209018262.py(31):             res += cos
s209018262.py(23):         while que:
s209018262.py(24):             p = heappop(que)
s209018262.py(25):             cos,v = p
s209018262.py(26):             if used[v]:continue
s209018262.py(27):             self.used[v] = True
s209018262.py(28):             for e in self.cost[v]:
s209018262.py(29):                 if not used[e[0]]:
s209018262.py(28):             for e in self.cost[v]:
s209018262.py(29):                 if not used[e[0]]:
s209018262.py(28):             for e in self.cost[v]:
s209018262.py(29):                 if not used[e[0]]:
s209018262.py(28):             for e in self.cost[v]:
s209018262.py(31):             res += cos
s209018262.py(23):         while que:
s209018262.py(24):             p = heappop(que)
s209018262.py(25):             cos,v = p
s209018262.py(26):             if used[v]:continue
s209018262.py(23):         while que:
s209018262.py(24):             p = heappop(que)
s209018262.py(25):             cos,v = p
s209018262.py(26):             if used[v]:continue
s209018262.py(23):         while que:
s209018262.py(32):         return res
s209018262.py(53):     print(ans)
3
