 --- modulename: s169363764, funcname: <module>
s169363764.py(1): class BIT:
 --- modulename: s169363764, funcname: BIT
s169363764.py(1): class BIT:
s169363764.py(2):     '''
s169363764.py(5):     def __init__(self, N):
s169363764.py(10):     def _bitsum(self, i):
s169363764.py(17):     def bitsum(self, l, r=None): # [l, r)
s169363764.py(23):     def bitadd(self, i, x):
s169363764.py(30): n = int(input())
 --- modulename: codecs, funcname: getstate
codecs.py(333):         return (self.buffer, 0)
 --- modulename: codecs, funcname: decode
codecs.py(321):         data = self.buffer + input
codecs.py(322):         (result, consumed) = self._buffer_decode(data, self.errors, final)
codecs.py(324):         self.buffer = data[consumed:]
codecs.py(325):         return result
s169363764.py(31): m = n * (n + 1) // 4
s169363764.py(32): a = list(map(int, input().split()))
s169363764.py(33): d = dict()
s169363764.py(34): _a = sorted(set(a + [0]))
s169363764.py(35): for i, x in enumerate(_a):
s169363764.py(36):   d[x] = i
s169363764.py(35): for i, x in enumerate(_a):
s169363764.py(36):   d[x] = i
s169363764.py(35): for i, x in enumerate(_a):
s169363764.py(36):   d[x] = i
s169363764.py(35): for i, x in enumerate(_a):
s169363764.py(36):   d[x] = i
s169363764.py(35): for i, x in enumerate(_a):
s169363764.py(37): a = [d[x] for x in a]
 --- modulename: s169363764, funcname: <listcomp>
s169363764.py(37): a = [d[x] for x in a]
s169363764.py(37): a = [d[x] for x in a]
s169363764.py(37): a = [d[x] for x in a]
s169363764.py(37): a = [d[x] for x in a]
s169363764.py(40): def check(X):
s169363764.py(53): t = [len(_a), 0]
s169363764.py(54): while t[0] - t[1] > 1:
s169363764.py(55):   mid = (t[0] + t[1]) // 2
s169363764.py(56):   t[check(mid)] = mid
 --- modulename: s169363764, funcname: check
s169363764.py(41):   b = [0] + [(y>=X)*2 - 1 for y in a]
 --- modulename: s169363764, funcname: <listcomp>
s169363764.py(41):   b = [0] + [(y>=X)*2 - 1 for y in a]
s169363764.py(41):   b = [0] + [(y>=X)*2 - 1 for y in a]
s169363764.py(41):   b = [0] + [(y>=X)*2 - 1 for y in a]
s169363764.py(41):   b = [0] + [(y>=X)*2 - 1 for y in a]
s169363764.py(42):   for i in range(n):
s169363764.py(43):     b[i+1] += b[i]
s169363764.py(42):   for i in range(n):
s169363764.py(43):     b[i+1] += b[i]
s169363764.py(42):   for i in range(n):
s169363764.py(43):     b[i+1] += b[i]
s169363764.py(42):   for i in range(n):
s169363764.py(44):   c = min(b)
s169363764.py(45):   b = [x-c for x in b] 
 --- modulename: s169363764, funcname: <listcomp>
s169363764.py(45):   b = [x-c for x in b] 
s169363764.py(45):   b = [x-c for x in b] 
s169363764.py(45):   b = [x-c for x in b] 
s169363764.py(45):   b = [x-c for x in b] 
s169363764.py(45):   b = [x-c for x in b] 
s169363764.py(46):   bit = BIT(max(b) + 2)
 --- modulename: s169363764, funcname: __init__
s169363764.py(6):         self.size = N
s169363764.py(7):         self.tree = [0] * (N + 1)
s169363764.py(8):         self.depth = n.bit_length()
s169363764.py(47):   ans = 0
s169363764.py(48):   for x in b:
s169363764.py(49):     ans += bit.bitsum(x + 1)
 --- modulename: s169363764, funcname: bitsum
s169363764.py(18):         if r is None:
s169363764.py(19):             return self._bitsum(l)
 --- modulename: s169363764, funcname: _bitsum
s169363764.py(11):         ret = 0
s169363764.py(12):         while i:
s169363764.py(13):             ret += self.tree[i]
s169363764.py(14):             i ^= i & -i
s169363764.py(12):         while i:
s169363764.py(15):         return ret
s169363764.py(50):     bit.bitadd(x, 1)
 --- modulename: s169363764, funcname: bitadd
s169363764.py(24):         i += 1
s169363764.py(25):         while i <= self.size:
s169363764.py(26):             self.tree[i] += x
s169363764.py(27):             i += i & -i
s169363764.py(25):         while i <= self.size:
s169363764.py(26):             self.tree[i] += x
s169363764.py(27):             i += i & -i
s169363764.py(25):         while i <= self.size:
s169363764.py(28):         return
s169363764.py(48):   for x in b:
s169363764.py(49):     ans += bit.bitsum(x + 1)
 --- modulename: s169363764, funcname: bitsum
s169363764.py(18):         if r is None:
s169363764.py(19):             return self._bitsum(l)
 --- modulename: s169363764, funcname: _bitsum
s169363764.py(11):         ret = 0
s169363764.py(12):         while i:
s169363764.py(13):             ret += self.tree[i]
s169363764.py(14):             i ^= i & -i
s169363764.py(12):         while i:
s169363764.py(15):         return ret
s169363764.py(50):     bit.bitadd(x, 1)
 --- modulename: s169363764, funcname: bitadd
s169363764.py(24):         i += 1
s169363764.py(25):         while i <= self.size:
s169363764.py(26):             self.tree[i] += x
s169363764.py(27):             i += i & -i
s169363764.py(25):         while i <= self.size:
s169363764.py(26):             self.tree[i] += x
s169363764.py(27):             i += i & -i
s169363764.py(25):         while i <= self.size:
s169363764.py(26):             self.tree[i] += x
s169363764.py(27):             i += i & -i
s169363764.py(25):         while i <= self.size:
s169363764.py(28):         return
s169363764.py(48):   for x in b:
s169363764.py(49):     ans += bit.bitsum(x + 1)
 --- modulename: s169363764, funcname: bitsum
s169363764.py(18):         if r is None:
s169363764.py(19):             return self._bitsum(l)
 --- modulename: s169363764, funcname: _bitsum
s169363764.py(11):         ret = 0
s169363764.py(12):         while i:
s169363764.py(13):             ret += self.tree[i]
s169363764.py(14):             i ^= i & -i
s169363764.py(12):         while i:
s169363764.py(15):         return ret
s169363764.py(50):     bit.bitadd(x, 1)
 --- modulename: s169363764, funcname: bitadd
s169363764.py(24):         i += 1
s169363764.py(25):         while i <= self.size:
s169363764.py(26):             self.tree[i] += x
s169363764.py(27):             i += i & -i
s169363764.py(25):         while i <= self.size:
s169363764.py(26):             self.tree[i] += x
s169363764.py(27):             i += i & -i
s169363764.py(25):         while i <= self.size:
s169363764.py(28):         return
s169363764.py(48):   for x in b:
s169363764.py(49):     ans += bit.bitsum(x + 1)
 --- modulename: s169363764, funcname: bitsum
s169363764.py(18):         if r is None:
s169363764.py(19):             return self._bitsum(l)
 --- modulename: s169363764, funcname: _bitsum
s169363764.py(11):         ret = 0
s169363764.py(12):         while i:
s169363764.py(13):             ret += self.tree[i]
s169363764.py(14):             i ^= i & -i
s169363764.py(12):         while i:
s169363764.py(13):             ret += self.tree[i]
s169363764.py(14):             i ^= i & -i
s169363764.py(12):         while i:
s169363764.py(15):         return ret
s169363764.py(50):     bit.bitadd(x, 1)
 --- modulename: s169363764, funcname: bitadd
s169363764.py(24):         i += 1
s169363764.py(25):         while i <= self.size:
s169363764.py(26):             self.tree[i] += x
s169363764.py(27):             i += i & -i
s169363764.py(25):         while i <= self.size:
s169363764.py(26):             self.tree[i] += x
s169363764.py(27):             i += i & -i
s169363764.py(25):         while i <= self.size:
s169363764.py(28):         return
s169363764.py(48):   for x in b:
s169363764.py(51):   return ans >= m
s169363764.py(54): while t[0] - t[1] > 1:
s169363764.py(55):   mid = (t[0] + t[1]) // 2
s169363764.py(56):   t[check(mid)] = mid
 --- modulename: s169363764, funcname: check
s169363764.py(41):   b = [0] + [(y>=X)*2 - 1 for y in a]
 --- modulename: s169363764, funcname: <listcomp>
s169363764.py(41):   b = [0] + [(y>=X)*2 - 1 for y in a]
s169363764.py(41):   b = [0] + [(y>=X)*2 - 1 for y in a]
s169363764.py(41):   b = [0] + [(y>=X)*2 - 1 for y in a]
s169363764.py(41):   b = [0] + [(y>=X)*2 - 1 for y in a]
s169363764.py(42):   for i in range(n):
s169363764.py(43):     b[i+1] += b[i]
s169363764.py(42):   for i in range(n):
s169363764.py(43):     b[i+1] += b[i]
s169363764.py(42):   for i in range(n):
s169363764.py(43):     b[i+1] += b[i]
s169363764.py(42):   for i in range(n):
s169363764.py(44):   c = min(b)
s169363764.py(45):   b = [x-c for x in b] 
 --- modulename: s169363764, funcname: <listcomp>
s169363764.py(45):   b = [x-c for x in b] 
s169363764.py(45):   b = [x-c for x in b] 
s169363764.py(45):   b = [x-c for x in b] 
s169363764.py(45):   b = [x-c for x in b] 
s169363764.py(45):   b = [x-c for x in b] 
s169363764.py(46):   bit = BIT(max(b) + 2)
 --- modulename: s169363764, funcname: __init__
s169363764.py(6):         self.size = N
s169363764.py(7):         self.tree = [0] * (N + 1)
s169363764.py(8):         self.depth = n.bit_length()
s169363764.py(47):   ans = 0
s169363764.py(48):   for x in b:
s169363764.py(49):     ans += bit.bitsum(x + 1)
 --- modulename: s169363764, funcname: bitsum
s169363764.py(18):         if r is None:
s169363764.py(19):             return self._bitsum(l)
 --- modulename: s169363764, funcname: _bitsum
s169363764.py(11):         ret = 0
s169363764.py(12):         while i:
s169363764.py(13):             ret += self.tree[i]
s169363764.py(14):             i ^= i & -i
s169363764.py(12):         while i:
s169363764.py(15):         return ret
s169363764.py(50):     bit.bitadd(x, 1)
 --- modulename: s169363764, funcname: bitadd
s169363764.py(24):         i += 1
s169363764.py(25):         while i <= self.size:
s169363764.py(26):             self.tree[i] += x
s169363764.py(27):             i += i & -i
s169363764.py(25):         while i <= self.size:
s169363764.py(28):         return
s169363764.py(48):   for x in b:
s169363764.py(49):     ans += bit.bitsum(x + 1)
 --- modulename: s169363764, funcname: bitsum
s169363764.py(18):         if r is None:
s169363764.py(19):             return self._bitsum(l)
 --- modulename: s169363764, funcname: _bitsum
s169363764.py(11):         ret = 0
s169363764.py(12):         while i:
s169363764.py(13):             ret += self.tree[i]
s169363764.py(14):             i ^= i & -i
s169363764.py(12):         while i:
s169363764.py(15):         return ret
s169363764.py(50):     bit.bitadd(x, 1)
 --- modulename: s169363764, funcname: bitadd
s169363764.py(24):         i += 1
s169363764.py(25):         while i <= self.size:
s169363764.py(26):             self.tree[i] += x
s169363764.py(27):             i += i & -i
s169363764.py(25):         while i <= self.size:
s169363764.py(26):             self.tree[i] += x
s169363764.py(27):             i += i & -i
s169363764.py(25):         while i <= self.size:
s169363764.py(28):         return
s169363764.py(48):   for x in b:
s169363764.py(49):     ans += bit.bitsum(x + 1)
 --- modulename: s169363764, funcname: bitsum
s169363764.py(18):         if r is None:
s169363764.py(19):             return self._bitsum(l)
 --- modulename: s169363764, funcname: _bitsum
s169363764.py(11):         ret = 0
s169363764.py(12):         while i:
s169363764.py(13):             ret += self.tree[i]
s169363764.py(14):             i ^= i & -i
s169363764.py(12):         while i:
s169363764.py(15):         return ret
s169363764.py(50):     bit.bitadd(x, 1)
 --- modulename: s169363764, funcname: bitadd
s169363764.py(24):         i += 1
s169363764.py(25):         while i <= self.size:
s169363764.py(26):             self.tree[i] += x
s169363764.py(27):             i += i & -i
s169363764.py(25):         while i <= self.size:
s169363764.py(28):         return
s169363764.py(48):   for x in b:
s169363764.py(49):     ans += bit.bitsum(x + 1)
 --- modulename: s169363764, funcname: bitsum
s169363764.py(18):         if r is None:
s169363764.py(19):             return self._bitsum(l)
 --- modulename: s169363764, funcname: _bitsum
s169363764.py(11):         ret = 0
s169363764.py(12):         while i:
s169363764.py(13):             ret += self.tree[i]
s169363764.py(14):             i ^= i & -i
s169363764.py(12):         while i:
s169363764.py(15):         return ret
s169363764.py(50):     bit.bitadd(x, 1)
 --- modulename: s169363764, funcname: bitadd
s169363764.py(24):         i += 1
s169363764.py(25):         while i <= self.size:
s169363764.py(26):             self.tree[i] += x
s169363764.py(27):             i += i & -i
s169363764.py(25):         while i <= self.size:
s169363764.py(26):             self.tree[i] += x
s169363764.py(27):             i += i & -i
s169363764.py(25):         while i <= self.size:
s169363764.py(28):         return
s169363764.py(48):   for x in b:
s169363764.py(51):   return ans >= m
s169363764.py(54): while t[0] - t[1] > 1:
s169363764.py(57): print(_a[t[1]])
30
