 --- modulename: s174947870, funcname: <module>
s174947870.py(1): import sys
s174947870.py(2): import collections
s174947870.py(4): sys.setrecursionlimit(10 ** 8)
s174947870.py(5): ni = lambda: int(sys.stdin.readline())
s174947870.py(6): nm = lambda: map(int, sys.stdin.readline().split())
s174947870.py(7): nl = lambda: list(nm())
s174947870.py(8): ns = lambda: sys.stdin.readline().rstrip()
s174947870.py(11): def solve():
s174947870.py(28): class UnionFind:
 --- modulename: s174947870, funcname: UnionFind
s174947870.py(28): class UnionFind:
s174947870.py(29):     def __init__(self, n):
s174947870.py(37):     def find(self, x):
s174947870.py(45):     def union(self, x, y):
s174947870.py(60):     def size(self, x):
s174947870.py(63):     def same(self, x, y):
s174947870.py(66):     def members(self, x):
s174947870.py(70):     def roots(self):
s174947870.py(73):     def group_count(self):
s174947870.py(76):     def all_group_members(self):
s174947870.py(79):     def __str__(self):
s174947870.py(83): print(["NO", "YES"][solve()])
 --- modulename: s174947870, funcname: solve
s174947870.py(12):     N, M = nm()
 --- modulename: s174947870, funcname: <lambda>
s174947870.py(6): nm = lambda: map(int, sys.stdin.readline().split())
 --- modulename: codecs, funcname: getstate
codecs.py(333):         return (self.buffer, 0)
 --- modulename: codecs, funcname: decode
codecs.py(321):         data = self.buffer + input
codecs.py(322):         (result, consumed) = self._buffer_decode(data, self.errors, final)
codecs.py(324):         self.buffer = data[consumed:]
codecs.py(325):         return result
s174947870.py(13):     uf = UnionFind(M)
 --- modulename: s174947870, funcname: __init__
s174947870.py(31):         self.n = n
s174947870.py(33):         self._root_table = list(range(n))
s174947870.py(35):         self._size_table = [1] * n
s174947870.py(14):     lang_spoken = set()
s174947870.py(15):     for i in range(N):
s174947870.py(16):         k, *lang = nm()
 --- modulename: s174947870, funcname: <lambda>
s174947870.py(6): nm = lambda: map(int, sys.stdin.readline().split())
s174947870.py(17):         assert len(lang) == k
s174947870.py(18):         roots = {uf.find(l - 1) for l in lang}
 --- modulename: s174947870, funcname: <setcomp>
s174947870.py(18):         roots = {uf.find(l - 1) for l in lang}
 --- modulename: s174947870, funcname: find
s174947870.py(39):         r = self._root_table[x]
s174947870.py(40):         if r != x:
s174947870.py(43):         return r
s174947870.py(18):         roots = {uf.find(l - 1) for l in lang}
 --- modulename: s174947870, funcname: find
s174947870.py(39):         r = self._root_table[x]
s174947870.py(40):         if r != x:
s174947870.py(43):         return r
s174947870.py(18):         roots = {uf.find(l - 1) for l in lang}
 --- modulename: s174947870, funcname: find
s174947870.py(39):         r = self._root_table[x]
s174947870.py(40):         if r != x:
s174947870.py(43):         return r
s174947870.py(18):         roots = {uf.find(l - 1) for l in lang}
s174947870.py(19):         lang_spoken |= roots
s174947870.py(20):         roots = list(roots)
s174947870.py(21):         x = roots[0]
s174947870.py(22):         for y in roots[1:]:
s174947870.py(23):             uf.union(x, y)
 --- modulename: s174947870, funcname: union
s174947870.py(47):         x = self.find(x)
 --- modulename: s174947870, funcname: find
s174947870.py(39):         r = self._root_table[x]
s174947870.py(40):         if r != x:
s174947870.py(43):         return r
s174947870.py(48):         y = self.find(y)
 --- modulename: s174947870, funcname: find
s174947870.py(39):         r = self._root_table[x]
s174947870.py(40):         if r != x:
s174947870.py(43):         return r
s174947870.py(50):         if x == y:
s174947870.py(54):         if self._size_table[x] < self._size_table[y]:
s174947870.py(57):         self._size_table[x] += self._size_table[y]
s174947870.py(58):         self._root_table[y] = x
s174947870.py(22):         for y in roots[1:]:
s174947870.py(23):             uf.union(x, y)
 --- modulename: s174947870, funcname: union
s174947870.py(47):         x = self.find(x)
 --- modulename: s174947870, funcname: find
s174947870.py(39):         r = self._root_table[x]
s174947870.py(40):         if r != x:
s174947870.py(43):         return r
s174947870.py(48):         y = self.find(y)
 --- modulename: s174947870, funcname: find
s174947870.py(39):         r = self._root_table[x]
s174947870.py(40):         if r != x:
s174947870.py(43):         return r
s174947870.py(50):         if x == y:
s174947870.py(54):         if self._size_table[x] < self._size_table[y]:
s174947870.py(57):         self._size_table[x] += self._size_table[y]
s174947870.py(58):         self._root_table[y] = x
s174947870.py(22):         for y in roots[1:]:
s174947870.py(15):     for i in range(N):
s174947870.py(16):         k, *lang = nm()
 --- modulename: s174947870, funcname: <lambda>
s174947870.py(6): nm = lambda: map(int, sys.stdin.readline().split())
s174947870.py(17):         assert len(lang) == k
s174947870.py(18):         roots = {uf.find(l - 1) for l in lang}
 --- modulename: s174947870, funcname: <setcomp>
s174947870.py(18):         roots = {uf.find(l - 1) for l in lang}
 --- modulename: s174947870, funcname: find
s174947870.py(39):         r = self._root_table[x]
s174947870.py(40):         if r != x:
s174947870.py(43):         return r
s174947870.py(18):         roots = {uf.find(l - 1) for l in lang}
 --- modulename: s174947870, funcname: find
s174947870.py(39):         r = self._root_table[x]
s174947870.py(40):         if r != x:
s174947870.py(42):             r = self._root_table[x] = self.find(r)
 --- modulename: s174947870, funcname: find
s174947870.py(39):         r = self._root_table[x]
s174947870.py(40):         if r != x:
s174947870.py(43):         return r
s174947870.py(43):         return r
s174947870.py(18):         roots = {uf.find(l - 1) for l in lang}
s174947870.py(19):         lang_spoken |= roots
s174947870.py(20):         roots = list(roots)
s174947870.py(21):         x = roots[0]
s174947870.py(22):         for y in roots[1:]:
s174947870.py(23):             uf.union(x, y)
 --- modulename: s174947870, funcname: union
s174947870.py(47):         x = self.find(x)
 --- modulename: s174947870, funcname: find
s174947870.py(39):         r = self._root_table[x]
s174947870.py(40):         if r != x:
s174947870.py(43):         return r
s174947870.py(48):         y = self.find(y)
 --- modulename: s174947870, funcname: find
s174947870.py(39):         r = self._root_table[x]
s174947870.py(40):         if r != x:
s174947870.py(43):         return r
s174947870.py(50):         if x == y:
s174947870.py(54):         if self._size_table[x] < self._size_table[y]:
s174947870.py(57):         self._size_table[x] += self._size_table[y]
s174947870.py(58):         self._root_table[y] = x
s174947870.py(22):         for y in roots[1:]:
s174947870.py(15):     for i in range(N):
s174947870.py(16):         k, *lang = nm()
 --- modulename: s174947870, funcname: <lambda>
s174947870.py(6): nm = lambda: map(int, sys.stdin.readline().split())
s174947870.py(17):         assert len(lang) == k
s174947870.py(18):         roots = {uf.find(l - 1) for l in lang}
 --- modulename: s174947870, funcname: <setcomp>
s174947870.py(18):         roots = {uf.find(l - 1) for l in lang}
 --- modulename: s174947870, funcname: find
s174947870.py(39):         r = self._root_table[x]
s174947870.py(40):         if r != x:
s174947870.py(42):             r = self._root_table[x] = self.find(r)
 --- modulename: s174947870, funcname: find
s174947870.py(39):         r = self._root_table[x]
s174947870.py(40):         if r != x:
s174947870.py(43):         return r
s174947870.py(43):         return r
s174947870.py(18):         roots = {uf.find(l - 1) for l in lang}
 --- modulename: s174947870, funcname: find
s174947870.py(39):         r = self._root_table[x]
s174947870.py(40):         if r != x:
s174947870.py(43):         return r
s174947870.py(18):         roots = {uf.find(l - 1) for l in lang}
s174947870.py(19):         lang_spoken |= roots
s174947870.py(20):         roots = list(roots)
s174947870.py(21):         x = roots[0]
s174947870.py(22):         for y in roots[1:]:
s174947870.py(23):             uf.union(x, y)
 --- modulename: s174947870, funcname: union
s174947870.py(47):         x = self.find(x)
 --- modulename: s174947870, funcname: find
s174947870.py(39):         r = self._root_table[x]
s174947870.py(40):         if r != x:
s174947870.py(43):         return r
s174947870.py(48):         y = self.find(y)
 --- modulename: s174947870, funcname: find
s174947870.py(39):         r = self._root_table[x]
s174947870.py(40):         if r != x:
s174947870.py(43):         return r
s174947870.py(50):         if x == y:
s174947870.py(54):         if self._size_table[x] < self._size_table[y]:
s174947870.py(57):         self._size_table[x] += self._size_table[y]
s174947870.py(58):         self._root_table[y] = x
s174947870.py(22):         for y in roots[1:]:
s174947870.py(15):     for i in range(N):
s174947870.py(16):         k, *lang = nm()
 --- modulename: s174947870, funcname: <lambda>
s174947870.py(6): nm = lambda: map(int, sys.stdin.readline().split())
s174947870.py(17):         assert len(lang) == k
s174947870.py(18):         roots = {uf.find(l - 1) for l in lang}
 --- modulename: s174947870, funcname: <setcomp>
s174947870.py(18):         roots = {uf.find(l - 1) for l in lang}
 --- modulename: s174947870, funcname: find
s174947870.py(39):         r = self._root_table[x]
s174947870.py(40):         if r != x:
s174947870.py(42):             r = self._root_table[x] = self.find(r)
 --- modulename: s174947870, funcname: find
s174947870.py(39):         r = self._root_table[x]
s174947870.py(40):         if r != x:
s174947870.py(43):         return r
s174947870.py(43):         return r
s174947870.py(18):         roots = {uf.find(l - 1) for l in lang}
s174947870.py(19):         lang_spoken |= roots
s174947870.py(20):         roots = list(roots)
s174947870.py(21):         x = roots[0]
s174947870.py(22):         for y in roots[1:]:
s174947870.py(15):     for i in range(N):
s174947870.py(24):     lang1 = next(iter(lang_spoken))
s174947870.py(25):     return uf.size(lang1) == len(lang_spoken)
 --- modulename: s174947870, funcname: size
s174947870.py(61):         return self._size_table[self.find(x)]
 --- modulename: s174947870, funcname: find
s174947870.py(39):         r = self._root_table[x]
s174947870.py(40):         if r != x:
s174947870.py(43):         return r
YES
