 --- modulename: s178071862, funcname: <module>
s178071862.py(1): class Tree:
 --- modulename: s178071862, funcname: Tree
s178071862.py(1): class Tree:
s178071862.py(2):     nodes = []
s178071862.py(3):     def __init__(self, root = None):
s178071862.py(5):     def insert(self, label, children = []):
s178071862.py(11):     def depth(self, node):
s178071862.py(19): class Node:
 --- modulename: s178071862, funcname: Node
s178071862.py(19): class Node:
s178071862.py(20):     def __init__(self, label, children = []):
s178071862.py(27): tree = Tree()
 --- modulename: s178071862, funcname: __init__
s178071862.py(4):         None
s178071862.py(28): n = int(input())
 --- modulename: codecs, funcname: getstate
codecs.py(333):         return (self.buffer, 0)
 --- modulename: codecs, funcname: decode
codecs.py(321):         data = self.buffer + input
codecs.py(322):         (result, consumed) = self._buffer_decode(data, self.errors, final)
codecs.py(324):         self.buffer = data[consumed:]
codecs.py(325):         return result
s178071862.py(29): for i in range(n):
s178071862.py(30):     tree.nodes.append(Node(i))
 --- modulename: s178071862, funcname: __init__
s178071862.py(21):         self.label = label
s178071862.py(22):         self.type_ = "root"
s178071862.py(23):         self.depth = 0
s178071862.py(24):         self.parent = -1
s178071862.py(25):         self.children = [] # self.children = childrenにするとハマる
s178071862.py(29): for i in range(n):
s178071862.py(30):     tree.nodes.append(Node(i))
 --- modulename: s178071862, funcname: __init__
s178071862.py(21):         self.label = label
s178071862.py(22):         self.type_ = "root"
s178071862.py(23):         self.depth = 0
s178071862.py(24):         self.parent = -1
s178071862.py(25):         self.children = [] # self.children = childrenにするとハマる
s178071862.py(29): for i in range(n):
s178071862.py(30):     tree.nodes.append(Node(i))
 --- modulename: s178071862, funcname: __init__
s178071862.py(21):         self.label = label
s178071862.py(22):         self.type_ = "root"
s178071862.py(23):         self.depth = 0
s178071862.py(24):         self.parent = -1
s178071862.py(25):         self.children = [] # self.children = childrenにするとハマる
s178071862.py(29): for i in range(n):
s178071862.py(30):     tree.nodes.append(Node(i))
 --- modulename: s178071862, funcname: __init__
s178071862.py(21):         self.label = label
s178071862.py(22):         self.type_ = "root"
s178071862.py(23):         self.depth = 0
s178071862.py(24):         self.parent = -1
s178071862.py(25):         self.children = [] # self.children = childrenにするとハマる
s178071862.py(29): for i in range(n):
s178071862.py(30):     tree.nodes.append(Node(i))
 --- modulename: s178071862, funcname: __init__
s178071862.py(21):         self.label = label
s178071862.py(22):         self.type_ = "root"
s178071862.py(23):         self.depth = 0
s178071862.py(24):         self.parent = -1
s178071862.py(25):         self.children = [] # self.children = childrenにするとハマる
s178071862.py(29): for i in range(n):
s178071862.py(30):     tree.nodes.append(Node(i))
 --- modulename: s178071862, funcname: __init__
s178071862.py(21):         self.label = label
s178071862.py(22):         self.type_ = "root"
s178071862.py(23):         self.depth = 0
s178071862.py(24):         self.parent = -1
s178071862.py(25):         self.children = [] # self.children = childrenにするとハマる
s178071862.py(29): for i in range(n):
s178071862.py(30):     tree.nodes.append(Node(i))
 --- modulename: s178071862, funcname: __init__
s178071862.py(21):         self.label = label
s178071862.py(22):         self.type_ = "root"
s178071862.py(23):         self.depth = 0
s178071862.py(24):         self.parent = -1
s178071862.py(25):         self.children = [] # self.children = childrenにするとハマる
s178071862.py(29): for i in range(n):
s178071862.py(30):     tree.nodes.append(Node(i))
 --- modulename: s178071862, funcname: __init__
s178071862.py(21):         self.label = label
s178071862.py(22):         self.type_ = "root"
s178071862.py(23):         self.depth = 0
s178071862.py(24):         self.parent = -1
s178071862.py(25):         self.children = [] # self.children = childrenにするとハマる
s178071862.py(29): for i in range(n):
s178071862.py(30):     tree.nodes.append(Node(i))
 --- modulename: s178071862, funcname: __init__
s178071862.py(21):         self.label = label
s178071862.py(22):         self.type_ = "root"
s178071862.py(23):         self.depth = 0
s178071862.py(24):         self.parent = -1
s178071862.py(25):         self.children = [] # self.children = childrenにするとハマる
s178071862.py(29): for i in range(n):
s178071862.py(30):     tree.nodes.append(Node(i))
 --- modulename: s178071862, funcname: __init__
s178071862.py(21):         self.label = label
s178071862.py(22):         self.type_ = "root"
s178071862.py(23):         self.depth = 0
s178071862.py(24):         self.parent = -1
s178071862.py(25):         self.children = [] # self.children = childrenにするとハマる
s178071862.py(29): for i in range(n):
s178071862.py(30):     tree.nodes.append(Node(i))
 --- modulename: s178071862, funcname: __init__
s178071862.py(21):         self.label = label
s178071862.py(22):         self.type_ = "root"
s178071862.py(23):         self.depth = 0
s178071862.py(24):         self.parent = -1
s178071862.py(25):         self.children = [] # self.children = childrenにするとハマる
s178071862.py(29): for i in range(n):
s178071862.py(30):     tree.nodes.append(Node(i))
 --- modulename: s178071862, funcname: __init__
s178071862.py(21):         self.label = label
s178071862.py(22):         self.type_ = "root"
s178071862.py(23):         self.depth = 0
s178071862.py(24):         self.parent = -1
s178071862.py(25):         self.children = [] # self.children = childrenにするとハマる
s178071862.py(29): for i in range(n):
s178071862.py(30):     tree.nodes.append(Node(i))
 --- modulename: s178071862, funcname: __init__
s178071862.py(21):         self.label = label
s178071862.py(22):         self.type_ = "root"
s178071862.py(23):         self.depth = 0
s178071862.py(24):         self.parent = -1
s178071862.py(25):         self.children = [] # self.children = childrenにするとハマる
s178071862.py(29): for i in range(n):
s178071862.py(31): for i in range(n):
s178071862.py(32):     children = []
s178071862.py(33):     label, num, *children = map(int, input().split())
s178071862.py(34):     tree.insert(label, children)
 --- modulename: s178071862, funcname: insert
s178071862.py(6):         if children != []:
s178071862.py(7):             for i in children:
s178071862.py(8):                 self.nodes[label].children.append(self.nodes[i])
s178071862.py(9):                 self.nodes[i].parent = self.nodes[label]
s178071862.py(10):                 self.nodes[i].type_ = "internal node"
s178071862.py(7):             for i in children:
s178071862.py(8):                 self.nodes[label].children.append(self.nodes[i])
s178071862.py(9):                 self.nodes[i].parent = self.nodes[label]
s178071862.py(10):                 self.nodes[i].type_ = "internal node"
s178071862.py(7):             for i in children:
s178071862.py(8):                 self.nodes[label].children.append(self.nodes[i])
s178071862.py(9):                 self.nodes[i].parent = self.nodes[label]
s178071862.py(10):                 self.nodes[i].type_ = "internal node"
s178071862.py(7):             for i in children:
s178071862.py(31): for i in range(n):
s178071862.py(32):     children = []
s178071862.py(33):     label, num, *children = map(int, input().split())
s178071862.py(34):     tree.insert(label, children)
 --- modulename: s178071862, funcname: insert
s178071862.py(6):         if children != []:
s178071862.py(7):             for i in children:
s178071862.py(8):                 self.nodes[label].children.append(self.nodes[i])
s178071862.py(9):                 self.nodes[i].parent = self.nodes[label]
s178071862.py(10):                 self.nodes[i].type_ = "internal node"
s178071862.py(7):             for i in children:
s178071862.py(8):                 self.nodes[label].children.append(self.nodes[i])
s178071862.py(9):                 self.nodes[i].parent = self.nodes[label]
s178071862.py(10):                 self.nodes[i].type_ = "internal node"
s178071862.py(7):             for i in children:
s178071862.py(31): for i in range(n):
s178071862.py(32):     children = []
s178071862.py(33):     label, num, *children = map(int, input().split())
s178071862.py(34):     tree.insert(label, children)
 --- modulename: s178071862, funcname: insert
s178071862.py(6):         if children != []:
s178071862.py(31): for i in range(n):
s178071862.py(32):     children = []
s178071862.py(33):     label, num, *children = map(int, input().split())
s178071862.py(34):     tree.insert(label, children)
 --- modulename: s178071862, funcname: insert
s178071862.py(6):         if children != []:
s178071862.py(31): for i in range(n):
s178071862.py(32):     children = []
s178071862.py(33):     label, num, *children = map(int, input().split())
s178071862.py(34):     tree.insert(label, children)
 --- modulename: s178071862, funcname: insert
s178071862.py(6):         if children != []:
s178071862.py(7):             for i in children:
s178071862.py(8):                 self.nodes[label].children.append(self.nodes[i])
s178071862.py(9):                 self.nodes[i].parent = self.nodes[label]
s178071862.py(10):                 self.nodes[i].type_ = "internal node"
s178071862.py(7):             for i in children:
s178071862.py(8):                 self.nodes[label].children.append(self.nodes[i])
s178071862.py(9):                 self.nodes[i].parent = self.nodes[label]
s178071862.py(10):                 self.nodes[i].type_ = "internal node"
s178071862.py(7):             for i in children:
s178071862.py(8):                 self.nodes[label].children.append(self.nodes[i])
s178071862.py(9):                 self.nodes[i].parent = self.nodes[label]
s178071862.py(10):                 self.nodes[i].type_ = "internal node"
s178071862.py(7):             for i in children:
s178071862.py(31): for i in range(n):
s178071862.py(32):     children = []
s178071862.py(33):     label, num, *children = map(int, input().split())
s178071862.py(34):     tree.insert(label, children)
 --- modulename: s178071862, funcname: insert
s178071862.py(6):         if children != []:
s178071862.py(31): for i in range(n):
s178071862.py(32):     children = []
s178071862.py(33):     label, num, *children = map(int, input().split())
s178071862.py(34):     tree.insert(label, children)
 --- modulename: s178071862, funcname: insert
s178071862.py(6):         if children != []:
s178071862.py(31): for i in range(n):
s178071862.py(32):     children = []
s178071862.py(33):     label, num, *children = map(int, input().split())
s178071862.py(34):     tree.insert(label, children)
 --- modulename: s178071862, funcname: insert
s178071862.py(6):         if children != []:
s178071862.py(7):             for i in children:
s178071862.py(8):                 self.nodes[label].children.append(self.nodes[i])
s178071862.py(9):                 self.nodes[i].parent = self.nodes[label]
s178071862.py(10):                 self.nodes[i].type_ = "internal node"
s178071862.py(7):             for i in children:
s178071862.py(8):                 self.nodes[label].children.append(self.nodes[i])
s178071862.py(9):                 self.nodes[i].parent = self.nodes[label]
s178071862.py(10):                 self.nodes[i].type_ = "internal node"
s178071862.py(7):             for i in children:
s178071862.py(31): for i in range(n):
s178071862.py(32):     children = []
s178071862.py(33):     label, num, *children = map(int, input().split())
s178071862.py(34):     tree.insert(label, children)
 --- modulename: s178071862, funcname: insert
s178071862.py(6):         if children != []:
s178071862.py(31): for i in range(n):
s178071862.py(32):     children = []
s178071862.py(33):     label, num, *children = map(int, input().split())
s178071862.py(34):     tree.insert(label, children)
 --- modulename: s178071862, funcname: insert
s178071862.py(6):         if children != []:
s178071862.py(31): for i in range(n):
s178071862.py(32):     children = []
s178071862.py(33):     label, num, *children = map(int, input().split())
s178071862.py(34):     tree.insert(label, children)
 --- modulename: s178071862, funcname: insert
s178071862.py(6):         if children != []:
s178071862.py(7):             for i in children:
s178071862.py(8):                 self.nodes[label].children.append(self.nodes[i])
s178071862.py(9):                 self.nodes[i].parent = self.nodes[label]
s178071862.py(10):                 self.nodes[i].type_ = "internal node"
s178071862.py(7):             for i in children:
s178071862.py(8):                 self.nodes[label].children.append(self.nodes[i])
s178071862.py(9):                 self.nodes[i].parent = self.nodes[label]
s178071862.py(10):                 self.nodes[i].type_ = "internal node"
s178071862.py(7):             for i in children:
s178071862.py(31): for i in range(n):
s178071862.py(32):     children = []
s178071862.py(33):     label, num, *children = map(int, input().split())
s178071862.py(34):     tree.insert(label, children)
 --- modulename: s178071862, funcname: insert
s178071862.py(6):         if children != []:
s178071862.py(31): for i in range(n):
s178071862.py(32):     children = []
s178071862.py(33):     label, num, *children = map(int, input().split())
s178071862.py(34):     tree.insert(label, children)
 --- modulename: s178071862, funcname: insert
s178071862.py(6):         if children != []:
s178071862.py(31): for i in range(n):
s178071862.py(35): for i in tree.nodes:
s178071862.py(36):     if i.parent == -1:
s178071862.py(37):         tree.depth(i)
 --- modulename: s178071862, funcname: depth
s178071862.py(12):         if node.children == []:
s178071862.py(15):             for i in node.children:
s178071862.py(16):                 i.depth = node.depth + 1
s178071862.py(17):                 self.depth(i)
 --- modulename: s178071862, funcname: depth
s178071862.py(12):         if node.children == []:
s178071862.py(15):             for i in node.children:
s178071862.py(16):                 i.depth = node.depth + 1
s178071862.py(17):                 self.depth(i)
 --- modulename: s178071862, funcname: depth
s178071862.py(12):         if node.children == []:
s178071862.py(13):             node.type_ = "leaf"
s178071862.py(15):             for i in node.children:
s178071862.py(16):                 i.depth = node.depth + 1
s178071862.py(17):                 self.depth(i)
 --- modulename: s178071862, funcname: depth
s178071862.py(12):         if node.children == []:
s178071862.py(13):             node.type_ = "leaf"
s178071862.py(15):             for i in node.children:
s178071862.py(15):             for i in node.children:
s178071862.py(16):                 i.depth = node.depth + 1
s178071862.py(17):                 self.depth(i)
 --- modulename: s178071862, funcname: depth
s178071862.py(12):         if node.children == []:
s178071862.py(15):             for i in node.children:
s178071862.py(16):                 i.depth = node.depth + 1
s178071862.py(17):                 self.depth(i)
 --- modulename: s178071862, funcname: depth
s178071862.py(12):         if node.children == []:
s178071862.py(13):             node.type_ = "leaf"
s178071862.py(15):             for i in node.children:
s178071862.py(16):                 i.depth = node.depth + 1
s178071862.py(17):                 self.depth(i)
 --- modulename: s178071862, funcname: depth
s178071862.py(12):         if node.children == []:
s178071862.py(13):             node.type_ = "leaf"
s178071862.py(15):             for i in node.children:
s178071862.py(16):                 i.depth = node.depth + 1
s178071862.py(17):                 self.depth(i)
 --- modulename: s178071862, funcname: depth
s178071862.py(12):         if node.children == []:
s178071862.py(15):             for i in node.children:
s178071862.py(16):                 i.depth = node.depth + 1
s178071862.py(17):                 self.depth(i)
 --- modulename: s178071862, funcname: depth
s178071862.py(12):         if node.children == []:
s178071862.py(13):             node.type_ = "leaf"
s178071862.py(15):             for i in node.children:
s178071862.py(16):                 i.depth = node.depth + 1
s178071862.py(17):                 self.depth(i)
 --- modulename: s178071862, funcname: depth
s178071862.py(12):         if node.children == []:
s178071862.py(13):             node.type_ = "leaf"
s178071862.py(15):             for i in node.children:
s178071862.py(15):             for i in node.children:
s178071862.py(15):             for i in node.children:
s178071862.py(16):                 i.depth = node.depth + 1
s178071862.py(17):                 self.depth(i)
 --- modulename: s178071862, funcname: depth
s178071862.py(12):         if node.children == []:
s178071862.py(15):             for i in node.children:
s178071862.py(16):                 i.depth = node.depth + 1
s178071862.py(17):                 self.depth(i)
 --- modulename: s178071862, funcname: depth
s178071862.py(12):         if node.children == []:
s178071862.py(13):             node.type_ = "leaf"
s178071862.py(15):             for i in node.children:
s178071862.py(16):                 i.depth = node.depth + 1
s178071862.py(17):                 self.depth(i)
 --- modulename: s178071862, funcname: depth
s178071862.py(12):         if node.children == []:
s178071862.py(13):             node.type_ = "leaf"
s178071862.py(15):             for i in node.children:
s178071862.py(15):             for i in node.children:
s178071862.py(38):         None
s178071862.py(35): for i in tree.nodes:
s178071862.py(36):     if i.parent == -1:
s178071862.py(35): for i in tree.nodes:
s178071862.py(36):     if i.parent == -1:
s178071862.py(35): for i in tree.nodes:
s178071862.py(36):     if i.parent == -1:
s178071862.py(35): for i in tree.nodes:
s178071862.py(36):     if i.parent == -1:
s178071862.py(35): for i in tree.nodes:
s178071862.py(36):     if i.parent == -1:
s178071862.py(35): for i in tree.nodes:
s178071862.py(36):     if i.parent == -1:
s178071862.py(35): for i in tree.nodes:
s178071862.py(36):     if i.parent == -1:
s178071862.py(35): for i in tree.nodes:
s178071862.py(36):     if i.parent == -1:
s178071862.py(35): for i in tree.nodes:
s178071862.py(36):     if i.parent == -1:
s178071862.py(35): for i in tree.nodes:
s178071862.py(36):     if i.parent == -1:
s178071862.py(35): for i in tree.nodes:
s178071862.py(36):     if i.parent == -1:
s178071862.py(35): for i in tree.nodes:
s178071862.py(36):     if i.parent == -1:
s178071862.py(35): for i in tree.nodes:
s178071862.py(39): if n == 1:
s178071862.py(41): for i in tree.nodes:
s178071862.py(42):     print("node {0:}: parent = {1:}, depth = {2:}, {3:}, ".\
s178071862.py(43):             format(i.label, i.parent if i.parent == -1 else i.parent.label,\
s178071862.py(44):             i.depth, i.type_), end = "")
s178071862.py(42):     print("node {0:}: parent = {1:}, depth = {2:}, {3:}, ".\
s178071862.py(44):             i.depth, i.type_), end = "")
s178071862.py(42):     print("node {0:}: parent = {1:}, depth = {2:}, {3:}, ".\
node 0: parent = -1, depth = 0, root, s178071862.py(45):     print([i.label for i in i.children])
 --- modulename: s178071862, funcname: <listcomp>
s178071862.py(45):     print([i.label for i in i.children])
s178071862.py(45):     print([i.label for i in i.children])
s178071862.py(45):     print([i.label for i in i.children])
s178071862.py(45):     print([i.label for i in i.children])
[1, 4, 10]
s178071862.py(41): for i in tree.nodes:
s178071862.py(42):     print("node {0:}: parent = {1:}, depth = {2:}, {3:}, ".\
s178071862.py(43):             format(i.label, i.parent if i.parent == -1 else i.parent.label,\
s178071862.py(44):             i.depth, i.type_), end = "")
s178071862.py(42):     print("node {0:}: parent = {1:}, depth = {2:}, {3:}, ".\
s178071862.py(44):             i.depth, i.type_), end = "")
s178071862.py(42):     print("node {0:}: parent = {1:}, depth = {2:}, {3:}, ".\
node 1: parent = 0, depth = 1, internal node, s178071862.py(45):     print([i.label for i in i.children])
 --- modulename: s178071862, funcname: <listcomp>
s178071862.py(45):     print([i.label for i in i.children])
s178071862.py(45):     print([i.label for i in i.children])
s178071862.py(45):     print([i.label for i in i.children])
[2, 3]
s178071862.py(41): for i in tree.nodes:
s178071862.py(42):     print("node {0:}: parent = {1:}, depth = {2:}, {3:}, ".\
s178071862.py(43):             format(i.label, i.parent if i.parent == -1 else i.parent.label,\
s178071862.py(44):             i.depth, i.type_), end = "")
s178071862.py(42):     print("node {0:}: parent = {1:}, depth = {2:}, {3:}, ".\
s178071862.py(44):             i.depth, i.type_), end = "")
s178071862.py(42):     print("node {0:}: parent = {1:}, depth = {2:}, {3:}, ".\
node 2: parent = 1, depth = 2, leaf, s178071862.py(45):     print([i.label for i in i.children])
 --- modulename: s178071862, funcname: <listcomp>
s178071862.py(45):     print([i.label for i in i.children])
[]
s178071862.py(41): for i in tree.nodes:
s178071862.py(42):     print("node {0:}: parent = {1:}, depth = {2:}, {3:}, ".\
s178071862.py(43):             format(i.label, i.parent if i.parent == -1 else i.parent.label,\
s178071862.py(44):             i.depth, i.type_), end = "")
s178071862.py(42):     print("node {0:}: parent = {1:}, depth = {2:}, {3:}, ".\
s178071862.py(44):             i.depth, i.type_), end = "")
s178071862.py(42):     print("node {0:}: parent = {1:}, depth = {2:}, {3:}, ".\
node 3: parent = 1, depth = 2, leaf, s178071862.py(45):     print([i.label for i in i.children])
 --- modulename: s178071862, funcname: <listcomp>
s178071862.py(45):     print([i.label for i in i.children])
[]
s178071862.py(41): for i in tree.nodes:
s178071862.py(42):     print("node {0:}: parent = {1:}, depth = {2:}, {3:}, ".\
s178071862.py(43):             format(i.label, i.parent if i.parent == -1 else i.parent.label,\
s178071862.py(44):             i.depth, i.type_), end = "")
s178071862.py(42):     print("node {0:}: parent = {1:}, depth = {2:}, {3:}, ".\
s178071862.py(44):             i.depth, i.type_), end = "")
s178071862.py(42):     print("node {0:}: parent = {1:}, depth = {2:}, {3:}, ".\
node 4: parent = 0, depth = 1, internal node, s178071862.py(45):     print([i.label for i in i.children])
 --- modulename: s178071862, funcname: <listcomp>
s178071862.py(45):     print([i.label for i in i.children])
s178071862.py(45):     print([i.label for i in i.children])
s178071862.py(45):     print([i.label for i in i.children])
s178071862.py(45):     print([i.label for i in i.children])
[5, 6, 7]
s178071862.py(41): for i in tree.nodes:
s178071862.py(42):     print("node {0:}: parent = {1:}, depth = {2:}, {3:}, ".\
s178071862.py(43):             format(i.label, i.parent if i.parent == -1 else i.parent.label,\
s178071862.py(44):             i.depth, i.type_), end = "")
s178071862.py(42):     print("node {0:}: parent = {1:}, depth = {2:}, {3:}, ".\
s178071862.py(44):             i.depth, i.type_), end = "")
s178071862.py(42):     print("node {0:}: parent = {1:}, depth = {2:}, {3:}, ".\
node 5: parent = 4, depth = 2, leaf, s178071862.py(45):     print([i.label for i in i.children])
 --- modulename: s178071862, funcname: <listcomp>
s178071862.py(45):     print([i.label for i in i.children])
[]
s178071862.py(41): for i in tree.nodes:
s178071862.py(42):     print("node {0:}: parent = {1:}, depth = {2:}, {3:}, ".\
s178071862.py(43):             format(i.label, i.parent if i.parent == -1 else i.parent.label,\
s178071862.py(44):             i.depth, i.type_), end = "")
s178071862.py(42):     print("node {0:}: parent = {1:}, depth = {2:}, {3:}, ".\
s178071862.py(44):             i.depth, i.type_), end = "")
s178071862.py(42):     print("node {0:}: parent = {1:}, depth = {2:}, {3:}, ".\
node 6: parent = 4, depth = 2, leaf, s178071862.py(45):     print([i.label for i in i.children])
 --- modulename: s178071862, funcname: <listcomp>
s178071862.py(45):     print([i.label for i in i.children])
[]
s178071862.py(41): for i in tree.nodes:
s178071862.py(42):     print("node {0:}: parent = {1:}, depth = {2:}, {3:}, ".\
s178071862.py(43):             format(i.label, i.parent if i.parent == -1 else i.parent.label,\
s178071862.py(44):             i.depth, i.type_), end = "")
s178071862.py(42):     print("node {0:}: parent = {1:}, depth = {2:}, {3:}, ".\
s178071862.py(44):             i.depth, i.type_), end = "")
s178071862.py(42):     print("node {0:}: parent = {1:}, depth = {2:}, {3:}, ".\
node 7: parent = 4, depth = 2, internal node, s178071862.py(45):     print([i.label for i in i.children])
 --- modulename: s178071862, funcname: <listcomp>
s178071862.py(45):     print([i.label for i in i.children])
s178071862.py(45):     print([i.label for i in i.children])
s178071862.py(45):     print([i.label for i in i.children])
[8, 9]
s178071862.py(41): for i in tree.nodes:
s178071862.py(42):     print("node {0:}: parent = {1:}, depth = {2:}, {3:}, ".\
s178071862.py(43):             format(i.label, i.parent if i.parent == -1 else i.parent.label,\
s178071862.py(44):             i.depth, i.type_), end = "")
s178071862.py(42):     print("node {0:}: parent = {1:}, depth = {2:}, {3:}, ".\
s178071862.py(44):             i.depth, i.type_), end = "")
s178071862.py(42):     print("node {0:}: parent = {1:}, depth = {2:}, {3:}, ".\
node 8: parent = 7, depth = 3, leaf, s178071862.py(45):     print([i.label for i in i.children])
 --- modulename: s178071862, funcname: <listcomp>
s178071862.py(45):     print([i.label for i in i.children])
[]
s178071862.py(41): for i in tree.nodes:
s178071862.py(42):     print("node {0:}: parent = {1:}, depth = {2:}, {3:}, ".\
s178071862.py(43):             format(i.label, i.parent if i.parent == -1 else i.parent.label,\
s178071862.py(44):             i.depth, i.type_), end = "")
s178071862.py(42):     print("node {0:}: parent = {1:}, depth = {2:}, {3:}, ".\
s178071862.py(44):             i.depth, i.type_), end = "")
s178071862.py(42):     print("node {0:}: parent = {1:}, depth = {2:}, {3:}, ".\
node 9: parent = 7, depth = 3, leaf, s178071862.py(45):     print([i.label for i in i.children])
 --- modulename: s178071862, funcname: <listcomp>
s178071862.py(45):     print([i.label for i in i.children])
[]
s178071862.py(41): for i in tree.nodes:
s178071862.py(42):     print("node {0:}: parent = {1:}, depth = {2:}, {3:}, ".\
s178071862.py(43):             format(i.label, i.parent if i.parent == -1 else i.parent.label,\
s178071862.py(44):             i.depth, i.type_), end = "")
s178071862.py(42):     print("node {0:}: parent = {1:}, depth = {2:}, {3:}, ".\
s178071862.py(44):             i.depth, i.type_), end = "")
s178071862.py(42):     print("node {0:}: parent = {1:}, depth = {2:}, {3:}, ".\
node 10: parent = 0, depth = 1, internal node, s178071862.py(45):     print([i.label for i in i.children])
 --- modulename: s178071862, funcname: <listcomp>
s178071862.py(45):     print([i.label for i in i.children])
s178071862.py(45):     print([i.label for i in i.children])
s178071862.py(45):     print([i.label for i in i.children])
[11, 12]
s178071862.py(41): for i in tree.nodes:
s178071862.py(42):     print("node {0:}: parent = {1:}, depth = {2:}, {3:}, ".\
s178071862.py(43):             format(i.label, i.parent if i.parent == -1 else i.parent.label,\
s178071862.py(44):             i.depth, i.type_), end = "")
s178071862.py(42):     print("node {0:}: parent = {1:}, depth = {2:}, {3:}, ".\
s178071862.py(44):             i.depth, i.type_), end = "")
s178071862.py(42):     print("node {0:}: parent = {1:}, depth = {2:}, {3:}, ".\
node 11: parent = 10, depth = 2, leaf, s178071862.py(45):     print([i.label for i in i.children])
 --- modulename: s178071862, funcname: <listcomp>
s178071862.py(45):     print([i.label for i in i.children])
[]
s178071862.py(41): for i in tree.nodes:
s178071862.py(42):     print("node {0:}: parent = {1:}, depth = {2:}, {3:}, ".\
s178071862.py(43):             format(i.label, i.parent if i.parent == -1 else i.parent.label,\
s178071862.py(44):             i.depth, i.type_), end = "")
s178071862.py(42):     print("node {0:}: parent = {1:}, depth = {2:}, {3:}, ".\
s178071862.py(44):             i.depth, i.type_), end = "")
s178071862.py(42):     print("node {0:}: parent = {1:}, depth = {2:}, {3:}, ".\
node 12: parent = 10, depth = 2, leaf, s178071862.py(45):     print([i.label for i in i.children])
 --- modulename: s178071862, funcname: <listcomp>
s178071862.py(45):     print([i.label for i in i.children])
[]
s178071862.py(41): for i in tree.nodes:
