 --- modulename: s296526049, funcname: <module>
s296526049.py(3): import sys
s296526049.py(5): def input(): return sys.stdin.readline().strip()
s296526049.py(6): def list2d(a, b, c): return [[c] * b for i in range(a)]
s296526049.py(7): def list3d(a, b, c, d): return [[[d] * c for j in range(b)] for i in range(a)]
s296526049.py(8): def list4d(a, b, c, d, e): return [[[[e] * d for j in range(c)] for j in range(b)] for i in range(a)]
s296526049.py(9): def ceil(x, y=1): return int(-(-x // y))
s296526049.py(10): def INT(): return int(input())
s296526049.py(11): def MAP(): return map(int, input().split())
s296526049.py(12): def LIST(N=None): return list(MAP()) if N is None else [INT() for i in range(N)]
s296526049.py(13): def Yes(): print('Yes')
s296526049.py(14): def No(): print('No')
s296526049.py(15): def YES(): print('YES')
s296526049.py(16): def NO(): print('NO')
s296526049.py(17): sys.setrecursionlimit(10 ** 9)
s296526049.py(18): INF = float('inf')
s296526049.py(19): MOD = 10 ** 9 + 7
s296526049.py(21): A, B = MAP()
 --- modulename: s296526049, funcname: MAP
s296526049.py(11): def MAP(): return map(int, input().split())
 --- modulename: s296526049, funcname: input
s296526049.py(5): def input(): return sys.stdin.readline().strip()
 --- modulename: codecs, funcname: getstate
codecs.py(333):         return (self.buffer, 0)
 --- modulename: codecs, funcname: decode
codecs.py(321):         data = self.buffer + input
codecs.py(322):         (result, consumed) = self._buffer_decode(data, self.errors, final)
codecs.py(324):         self.buffer = data[consumed:]
codecs.py(325):         return result
s296526049.py(23): print(max(A - B*2, 0))
4
