 --- modulename: s300854003, funcname: <module>
s300854003.py(1): n = int(input())
 --- modulename: codecs, funcname: getstate
codecs.py(333):         return (self.buffer, 0)
 --- modulename: codecs, funcname: decode
codecs.py(321):         data = self.buffer + input
codecs.py(322):         (result, consumed) = self._buffer_decode(data, self.errors, final)
codecs.py(324):         self.buffer = data[consumed:]
codecs.py(325):         return result
s300854003.py(3): class Node:
 --- modulename: s300854003, funcname: Node
s300854003.py(3): class Node:
s300854003.py(4):     def __init__(self):
s300854003.py(11): def insert(nodes,z):
s300854003.py(38): def pre(node_id):
s300854003.py(49): def Ino(node_id):
s300854003.py(56): nodes = []
s300854003.py(57): for i in range(n):
s300854003.py(58):     cmd = input()
s300854003.py(59):     op = cmd[0]
s300854003.py(61):     if op == "i":
s300854003.py(62):         z = Node()
 --- modulename: s300854003, funcname: __init__
s300854003.py(5):         self.key = -1
s300854003.py(6):         self.parent_id = -1
s300854003.py(7):         self.left_id = -1
s300854003.py(8):         self.right_id = -1
s300854003.py(63):         number = int(cmd[7:])
s300854003.py(64):         z.key = number
s300854003.py(66):         insert(nodes,z)
 --- modulename: s300854003, funcname: insert
s300854003.py(12):     y = -1
s300854003.py(13):     root_id = -1
s300854003.py(14):     for i in range(len(nodes)):
s300854003.py(19):     x = root_id
s300854003.py(21):     while x != -1:
s300854003.py(28):     z.parent_id = y
s300854003.py(29):     nodes.append(z)
s300854003.py(30):     z_id = len(nodes) - 1
s300854003.py(31):     if y == -1: pass
s300854003.py(68):     if op =="p":
s300854003.py(57): for i in range(n):
s300854003.py(58):     cmd = input()
s300854003.py(59):     op = cmd[0]
s300854003.py(61):     if op == "i":
s300854003.py(62):         z = Node()
 --- modulename: s300854003, funcname: __init__
s300854003.py(5):         self.key = -1
s300854003.py(6):         self.parent_id = -1
s300854003.py(7):         self.left_id = -1
s300854003.py(8):         self.right_id = -1
s300854003.py(63):         number = int(cmd[7:])
s300854003.py(64):         z.key = number
s300854003.py(66):         insert(nodes,z)
 --- modulename: s300854003, funcname: insert
s300854003.py(12):     y = -1
s300854003.py(13):     root_id = -1
s300854003.py(14):     for i in range(len(nodes)):
s300854003.py(15):         if nodes[i].parent_id == -1:
s300854003.py(16):             root_id = i
s300854003.py(17):             break
s300854003.py(19):     x = root_id
s300854003.py(21):     while x != -1:
s300854003.py(22):         y = x
s300854003.py(23):         if z.key < nodes[x].key:
s300854003.py(26):             x = nodes[x].right_id
s300854003.py(21):     while x != -1:
s300854003.py(28):     z.parent_id = y
s300854003.py(29):     nodes.append(z)
s300854003.py(30):     z_id = len(nodes) - 1
s300854003.py(31):     if y == -1: pass
s300854003.py(32):     elif z.key < nodes[y].key:
s300854003.py(35):         nodes[y].right_id = z_id
s300854003.py(68):     if op =="p":
s300854003.py(57): for i in range(n):
s300854003.py(58):     cmd = input()
s300854003.py(59):     op = cmd[0]
s300854003.py(61):     if op == "i":
s300854003.py(62):         z = Node()
 --- modulename: s300854003, funcname: __init__
s300854003.py(5):         self.key = -1
s300854003.py(6):         self.parent_id = -1
s300854003.py(7):         self.left_id = -1
s300854003.py(8):         self.right_id = -1
s300854003.py(63):         number = int(cmd[7:])
s300854003.py(64):         z.key = number
s300854003.py(66):         insert(nodes,z)
 --- modulename: s300854003, funcname: insert
s300854003.py(12):     y = -1
s300854003.py(13):     root_id = -1
s300854003.py(14):     for i in range(len(nodes)):
s300854003.py(15):         if nodes[i].parent_id == -1:
s300854003.py(16):             root_id = i
s300854003.py(17):             break
s300854003.py(19):     x = root_id
s300854003.py(21):     while x != -1:
s300854003.py(22):         y = x
s300854003.py(23):         if z.key < nodes[x].key:
s300854003.py(24):             x = nodes[x].left_id
s300854003.py(21):     while x != -1:
s300854003.py(28):     z.parent_id = y
s300854003.py(29):     nodes.append(z)
s300854003.py(30):     z_id = len(nodes) - 1
s300854003.py(31):     if y == -1: pass
s300854003.py(32):     elif z.key < nodes[y].key:
s300854003.py(33):         nodes[y].left_id = z_id
s300854003.py(68):     if op =="p":
s300854003.py(57): for i in range(n):
s300854003.py(58):     cmd = input()
s300854003.py(59):     op = cmd[0]
s300854003.py(61):     if op == "i":
s300854003.py(62):         z = Node()
 --- modulename: s300854003, funcname: __init__
s300854003.py(5):         self.key = -1
s300854003.py(6):         self.parent_id = -1
s300854003.py(7):         self.left_id = -1
s300854003.py(8):         self.right_id = -1
s300854003.py(63):         number = int(cmd[7:])
s300854003.py(64):         z.key = number
s300854003.py(66):         insert(nodes,z)
 --- modulename: s300854003, funcname: insert
s300854003.py(12):     y = -1
s300854003.py(13):     root_id = -1
s300854003.py(14):     for i in range(len(nodes)):
s300854003.py(15):         if nodes[i].parent_id == -1:
s300854003.py(16):             root_id = i
s300854003.py(17):             break
s300854003.py(19):     x = root_id
s300854003.py(21):     while x != -1:
s300854003.py(22):         y = x
s300854003.py(23):         if z.key < nodes[x].key:
s300854003.py(24):             x = nodes[x].left_id
s300854003.py(21):     while x != -1:
s300854003.py(22):         y = x
s300854003.py(23):         if z.key < nodes[x].key:
s300854003.py(24):             x = nodes[x].left_id
s300854003.py(21):     while x != -1:
s300854003.py(28):     z.parent_id = y
s300854003.py(29):     nodes.append(z)
s300854003.py(30):     z_id = len(nodes) - 1
s300854003.py(31):     if y == -1: pass
s300854003.py(32):     elif z.key < nodes[y].key:
s300854003.py(33):         nodes[y].left_id = z_id
s300854003.py(68):     if op =="p":
s300854003.py(57): for i in range(n):
s300854003.py(58):     cmd = input()
s300854003.py(59):     op = cmd[0]
s300854003.py(61):     if op == "i":
s300854003.py(62):         z = Node()
 --- modulename: s300854003, funcname: __init__
s300854003.py(5):         self.key = -1
s300854003.py(6):         self.parent_id = -1
s300854003.py(7):         self.left_id = -1
s300854003.py(8):         self.right_id = -1
s300854003.py(63):         number = int(cmd[7:])
s300854003.py(64):         z.key = number
s300854003.py(66):         insert(nodes,z)
 --- modulename: s300854003, funcname: insert
s300854003.py(12):     y = -1
s300854003.py(13):     root_id = -1
s300854003.py(14):     for i in range(len(nodes)):
s300854003.py(15):         if nodes[i].parent_id == -1:
s300854003.py(16):             root_id = i
s300854003.py(17):             break
s300854003.py(19):     x = root_id
s300854003.py(21):     while x != -1:
s300854003.py(22):         y = x
s300854003.py(23):         if z.key < nodes[x].key:
s300854003.py(24):             x = nodes[x].left_id
s300854003.py(21):     while x != -1:
s300854003.py(22):         y = x
s300854003.py(23):         if z.key < nodes[x].key:
s300854003.py(26):             x = nodes[x].right_id
s300854003.py(21):     while x != -1:
s300854003.py(28):     z.parent_id = y
s300854003.py(29):     nodes.append(z)
s300854003.py(30):     z_id = len(nodes) - 1
s300854003.py(31):     if y == -1: pass
s300854003.py(32):     elif z.key < nodes[y].key:
s300854003.py(35):         nodes[y].right_id = z_id
s300854003.py(68):     if op =="p":
s300854003.py(57): for i in range(n):
s300854003.py(58):     cmd = input()
s300854003.py(59):     op = cmd[0]
s300854003.py(61):     if op == "i":
s300854003.py(62):         z = Node()
 --- modulename: s300854003, funcname: __init__
s300854003.py(5):         self.key = -1
s300854003.py(6):         self.parent_id = -1
s300854003.py(7):         self.left_id = -1
s300854003.py(8):         self.right_id = -1
s300854003.py(63):         number = int(cmd[7:])
s300854003.py(64):         z.key = number
s300854003.py(66):         insert(nodes,z)
 --- modulename: s300854003, funcname: insert
s300854003.py(12):     y = -1
s300854003.py(13):     root_id = -1
s300854003.py(14):     for i in range(len(nodes)):
s300854003.py(15):         if nodes[i].parent_id == -1:
s300854003.py(16):             root_id = i
s300854003.py(17):             break
s300854003.py(19):     x = root_id
s300854003.py(21):     while x != -1:
s300854003.py(22):         y = x
s300854003.py(23):         if z.key < nodes[x].key:
s300854003.py(24):             x = nodes[x].left_id
s300854003.py(21):     while x != -1:
s300854003.py(22):         y = x
s300854003.py(23):         if z.key < nodes[x].key:
s300854003.py(26):             x = nodes[x].right_id
s300854003.py(21):     while x != -1:
s300854003.py(22):         y = x
s300854003.py(23):         if z.key < nodes[x].key:
s300854003.py(24):             x = nodes[x].left_id
s300854003.py(21):     while x != -1:
s300854003.py(28):     z.parent_id = y
s300854003.py(29):     nodes.append(z)
s300854003.py(30):     z_id = len(nodes) - 1
s300854003.py(31):     if y == -1: pass
s300854003.py(32):     elif z.key < nodes[y].key:
s300854003.py(33):         nodes[y].left_id = z_id
s300854003.py(68):     if op =="p":
s300854003.py(57): for i in range(n):
s300854003.py(58):     cmd = input()
s300854003.py(59):     op = cmd[0]
s300854003.py(61):     if op == "i":
s300854003.py(62):         z = Node()
 --- modulename: s300854003, funcname: __init__
s300854003.py(5):         self.key = -1
s300854003.py(6):         self.parent_id = -1
s300854003.py(7):         self.left_id = -1
s300854003.py(8):         self.right_id = -1
s300854003.py(63):         number = int(cmd[7:])
s300854003.py(64):         z.key = number
s300854003.py(66):         insert(nodes,z)
 --- modulename: s300854003, funcname: insert
s300854003.py(12):     y = -1
s300854003.py(13):     root_id = -1
s300854003.py(14):     for i in range(len(nodes)):
s300854003.py(15):         if nodes[i].parent_id == -1:
s300854003.py(16):             root_id = i
s300854003.py(17):             break
s300854003.py(19):     x = root_id
s300854003.py(21):     while x != -1:
s300854003.py(22):         y = x
s300854003.py(23):         if z.key < nodes[x].key:
s300854003.py(24):             x = nodes[x].left_id
s300854003.py(21):     while x != -1:
s300854003.py(22):         y = x
s300854003.py(23):         if z.key < nodes[x].key:
s300854003.py(26):             x = nodes[x].right_id
s300854003.py(21):     while x != -1:
s300854003.py(22):         y = x
s300854003.py(23):         if z.key < nodes[x].key:
s300854003.py(26):             x = nodes[x].right_id
s300854003.py(21):     while x != -1:
s300854003.py(28):     z.parent_id = y
s300854003.py(29):     nodes.append(z)
s300854003.py(30):     z_id = len(nodes) - 1
s300854003.py(31):     if y == -1: pass
s300854003.py(32):     elif z.key < nodes[y].key:
s300854003.py(35):         nodes[y].right_id = z_id
s300854003.py(68):     if op =="p":
s300854003.py(57): for i in range(n):
s300854003.py(58):     cmd = input()
s300854003.py(59):     op = cmd[0]
s300854003.py(61):     if op == "i":
s300854003.py(68):     if op =="p":
s300854003.py(69):         pre_list = []
s300854003.py(70):         ino_list = []
s300854003.py(71):         for i in range(len(nodes)):
s300854003.py(72):             if nodes[i].parent_id == -1:
s300854003.py(73):                 Ino(i)
 --- modulename: s300854003, funcname: Ino
s300854003.py(50):     if nodes[node_id].left_id != -1 :
s300854003.py(51):         Ino(nodes[node_id].left_id)
 --- modulename: s300854003, funcname: Ino
s300854003.py(50):     if nodes[node_id].left_id != -1 :
s300854003.py(51):         Ino(nodes[node_id].left_id)
 --- modulename: s300854003, funcname: Ino
s300854003.py(50):     if nodes[node_id].left_id != -1 :
s300854003.py(52):     ino_list.append(nodes[node_id].key)
s300854003.py(53):     if nodes[node_id].right_id != -1:
s300854003.py(52):     ino_list.append(nodes[node_id].key)
s300854003.py(53):     if nodes[node_id].right_id != -1:
s300854003.py(54):         Ino(nodes[node_id].right_id)
 --- modulename: s300854003, funcname: Ino
s300854003.py(50):     if nodes[node_id].left_id != -1 :
s300854003.py(51):         Ino(nodes[node_id].left_id)
 --- modulename: s300854003, funcname: Ino
s300854003.py(50):     if nodes[node_id].left_id != -1 :
s300854003.py(52):     ino_list.append(nodes[node_id].key)
s300854003.py(53):     if nodes[node_id].right_id != -1:
s300854003.py(52):     ino_list.append(nodes[node_id].key)
s300854003.py(53):     if nodes[node_id].right_id != -1:
s300854003.py(54):         Ino(nodes[node_id].right_id)
 --- modulename: s300854003, funcname: Ino
s300854003.py(50):     if nodes[node_id].left_id != -1 :
s300854003.py(52):     ino_list.append(nodes[node_id].key)
s300854003.py(53):     if nodes[node_id].right_id != -1:
s300854003.py(52):     ino_list.append(nodes[node_id].key)
s300854003.py(53):     if nodes[node_id].right_id != -1:
s300854003.py(54):         Ino(nodes[node_id].right_id)
 --- modulename: s300854003, funcname: Ino
s300854003.py(50):     if nodes[node_id].left_id != -1 :
s300854003.py(52):     ino_list.append(nodes[node_id].key)
s300854003.py(53):     if nodes[node_id].right_id != -1:
s300854003.py(74):                 pre(i)
 --- modulename: s300854003, funcname: pre
s300854003.py(39):     pre_list.append(nodes[node_id].key)
s300854003.py(40):     left = nodes[node_id].left_id
s300854003.py(41):     right = nodes[node_id].right_id
s300854003.py(43):     if left != -1:
s300854003.py(44):         pre(left)
 --- modulename: s300854003, funcname: pre
s300854003.py(39):     pre_list.append(nodes[node_id].key)
s300854003.py(40):     left = nodes[node_id].left_id
s300854003.py(41):     right = nodes[node_id].right_id
s300854003.py(43):     if left != -1:
s300854003.py(44):         pre(left)
 --- modulename: s300854003, funcname: pre
s300854003.py(39):     pre_list.append(nodes[node_id].key)
s300854003.py(40):     left = nodes[node_id].left_id
s300854003.py(41):     right = nodes[node_id].right_id
s300854003.py(43):     if left != -1:
s300854003.py(45):     if right != -1:
s300854003.py(45):     if right != -1:
s300854003.py(46):         pre(right)
 --- modulename: s300854003, funcname: pre
s300854003.py(39):     pre_list.append(nodes[node_id].key)
s300854003.py(40):     left = nodes[node_id].left_id
s300854003.py(41):     right = nodes[node_id].right_id
s300854003.py(43):     if left != -1:
s300854003.py(44):         pre(left)
 --- modulename: s300854003, funcname: pre
s300854003.py(39):     pre_list.append(nodes[node_id].key)
s300854003.py(40):     left = nodes[node_id].left_id
s300854003.py(41):     right = nodes[node_id].right_id
s300854003.py(43):     if left != -1:
s300854003.py(45):     if right != -1:
s300854003.py(45):     if right != -1:
s300854003.py(46):         pre(right)
 --- modulename: s300854003, funcname: pre
s300854003.py(39):     pre_list.append(nodes[node_id].key)
s300854003.py(40):     left = nodes[node_id].left_id
s300854003.py(41):     right = nodes[node_id].right_id
s300854003.py(43):     if left != -1:
s300854003.py(45):     if right != -1:
s300854003.py(45):     if right != -1:
s300854003.py(46):         pre(right)
 --- modulename: s300854003, funcname: pre
s300854003.py(39):     pre_list.append(nodes[node_id].key)
s300854003.py(40):     left = nodes[node_id].left_id
s300854003.py(41):     right = nodes[node_id].right_id
s300854003.py(43):     if left != -1:
s300854003.py(45):     if right != -1:
s300854003.py(75):                 break
s300854003.py(78):         pre_list = list(map(str, pre_list))
s300854003.py(79):         ino_list = list(map(str, ino_list))
s300854003.py(80):         print(" ", end="")
 s300854003.py(81):         print(' '.join(ino_list))
1 12 17 20 25 30 88
s300854003.py(82):         print(" ", end="")
 s300854003.py(83):         print(' '.join(pre_list))
30 12 1 20 17 25 88
s300854003.py(57): for i in range(n):
