 --- modulename: s303908044, funcname: <module>
s303908044.py(1): class UnionFind(object):
 --- modulename: s303908044, funcname: UnionFind
s303908044.py(1): class UnionFind(object):
s303908044.py(2):     def __init__(self, size):
s303908044.py(7):     def find(self, x):
s303908044.py(14):     def unite(self, x, y):
s303908044.py(27):     def same(self, x, y):
s303908044.py(29): def compute_mst_kruskal(N, edges):#N = 頂点数、edges 0-indexed
s303908044.py(39): N = int(input())
 --- modulename: codecs, funcname: getstate
codecs.py(333):         return (self.buffer, 0)
 --- modulename: codecs, funcname: decode
codecs.py(321):         data = self.buffer + input
codecs.py(322):         (result, consumed) = self._buffer_decode(data, self.errors, final)
codecs.py(324):         self.buffer = data[consumed:]
codecs.py(325):         return result
s303908044.py(40): ixy = []
s303908044.py(41): for i in range(N):
s303908044.py(42):     x, y = map(int, input().split())
s303908044.py(43):     ixy.append((i, x, y))
s303908044.py(41): for i in range(N):
s303908044.py(42):     x, y = map(int, input().split())
s303908044.py(43):     ixy.append((i, x, y))
s303908044.py(41): for i in range(N):
s303908044.py(42):     x, y = map(int, input().split())
s303908044.py(43):     ixy.append((i, x, y))
s303908044.py(41): for i in range(N):
s303908044.py(44): xy_x = sorted(ixy, key = lambda x:x[1])
 --- modulename: s303908044, funcname: <lambda>
s303908044.py(44): xy_x = sorted(ixy, key = lambda x:x[1])
 --- modulename: s303908044, funcname: <lambda>
s303908044.py(44): xy_x = sorted(ixy, key = lambda x:x[1])
 --- modulename: s303908044, funcname: <lambda>
s303908044.py(44): xy_x = sorted(ixy, key = lambda x:x[1])
s303908044.py(45): xy_y = sorted(ixy, key = lambda x:x[2])
 --- modulename: s303908044, funcname: <lambda>
s303908044.py(45): xy_y = sorted(ixy, key = lambda x:x[2])
 --- modulename: s303908044, funcname: <lambda>
s303908044.py(45): xy_y = sorted(ixy, key = lambda x:x[2])
 --- modulename: s303908044, funcname: <lambda>
s303908044.py(45): xy_y = sorted(ixy, key = lambda x:x[2])
s303908044.py(46): edges = []
s303908044.py(47): for i in range(N-1):
s303908044.py(48):     i1, x1, y1 = xy_x[i]
s303908044.py(49):     i2, x2, y2 = xy_x[i+1]
s303908044.py(50):     edges.append((i1, i2, x2-x1))
s303908044.py(51):     i1, x1, y1 = xy_y[i]
s303908044.py(52):     i2, x2, y2 = xy_y[i+1]
s303908044.py(53):     edges.append((i1, i2, y2-y1))
s303908044.py(47): for i in range(N-1):
s303908044.py(48):     i1, x1, y1 = xy_x[i]
s303908044.py(49):     i2, x2, y2 = xy_x[i+1]
s303908044.py(50):     edges.append((i1, i2, x2-x1))
s303908044.py(51):     i1, x1, y1 = xy_y[i]
s303908044.py(52):     i2, x2, y2 = xy_y[i+1]
s303908044.py(53):     edges.append((i1, i2, y2-y1))
s303908044.py(47): for i in range(N-1):
s303908044.py(54): ans = compute_mst_kruskal(N, edges)
 --- modulename: s303908044, funcname: compute_mst_kruskal
s303908044.py(30):     edges = sorted(edges, key = lambda x:x[2])
 --- modulename: s303908044, funcname: <lambda>
s303908044.py(30):     edges = sorted(edges, key = lambda x:x[2])
 --- modulename: s303908044, funcname: <lambda>
s303908044.py(30):     edges = sorted(edges, key = lambda x:x[2])
 --- modulename: s303908044, funcname: <lambda>
s303908044.py(30):     edges = sorted(edges, key = lambda x:x[2])
 --- modulename: s303908044, funcname: <lambda>
s303908044.py(30):     edges = sorted(edges, key = lambda x:x[2])
s303908044.py(31):     UF = UnionFind(N)
 --- modulename: s303908044, funcname: __init__
s303908044.py(3):         self.parent = [i for i in range(size)]
 --- modulename: s303908044, funcname: <listcomp>
s303908044.py(3):         self.parent = [i for i in range(size)]
s303908044.py(3):         self.parent = [i for i in range(size)]
s303908044.py(3):         self.parent = [i for i in range(size)]
s303908044.py(3):         self.parent = [i for i in range(size)]
s303908044.py(4):         self.rank = [0 for _ in range(size)]
 --- modulename: s303908044, funcname: <listcomp>
s303908044.py(4):         self.rank = [0 for _ in range(size)]
s303908044.py(4):         self.rank = [0 for _ in range(size)]
s303908044.py(4):         self.rank = [0 for _ in range(size)]
s303908044.py(4):         self.rank = [0 for _ in range(size)]
s303908044.py(32):     cost = 0
s303908044.py(33):     for edge in edges:
s303908044.py(34):         x, y, w = edge
s303908044.py(35):         if not UF.same(x, y):
 --- modulename: s303908044, funcname: same
s303908044.py(28):         return self.find(x) == self.find(y)
 --- modulename: s303908044, funcname: find
s303908044.py(8):         if self.parent[x] == x:
s303908044.py(9):             return x
 --- modulename: s303908044, funcname: find
s303908044.py(8):         if self.parent[x] == x:
s303908044.py(9):             return x
s303908044.py(36):             UF.unite(x, y)
 --- modulename: s303908044, funcname: unite
s303908044.py(15):         x = self.find(x)
 --- modulename: s303908044, funcname: find
s303908044.py(8):         if self.parent[x] == x:
s303908044.py(9):             return x
s303908044.py(16):         y = self.find(y)
 --- modulename: s303908044, funcname: find
s303908044.py(8):         if self.parent[x] == x:
s303908044.py(9):             return x
s303908044.py(17):         if x == y:
s303908044.py(20):         if self.rank[x] < self.rank[y]:
s303908044.py(23):             self.parent[y] = x
s303908044.py(24):             if self.rank[x] == self.rank[y]:
s303908044.py(25):                 self.rank[x] += 1
s303908044.py(37):             cost+=w
s303908044.py(33):     for edge in edges:
s303908044.py(34):         x, y, w = edge
s303908044.py(35):         if not UF.same(x, y):
 --- modulename: s303908044, funcname: same
s303908044.py(28):         return self.find(x) == self.find(y)
 --- modulename: s303908044, funcname: find
s303908044.py(8):         if self.parent[x] == x:
s303908044.py(9):             return x
 --- modulename: s303908044, funcname: find
s303908044.py(8):         if self.parent[x] == x:
s303908044.py(11):             return self.find(self.parent[x])
 --- modulename: s303908044, funcname: find
s303908044.py(8):         if self.parent[x] == x:
s303908044.py(9):             return x
s303908044.py(36):             UF.unite(x, y)
 --- modulename: s303908044, funcname: unite
s303908044.py(15):         x = self.find(x)
 --- modulename: s303908044, funcname: find
s303908044.py(8):         if self.parent[x] == x:
s303908044.py(9):             return x
s303908044.py(16):         y = self.find(y)
 --- modulename: s303908044, funcname: find
s303908044.py(8):         if self.parent[x] == x:
s303908044.py(11):             return self.find(self.parent[x])
 --- modulename: s303908044, funcname: find
s303908044.py(8):         if self.parent[x] == x:
s303908044.py(9):             return x
s303908044.py(17):         if x == y:
s303908044.py(20):         if self.rank[x] < self.rank[y]:
s303908044.py(21):             self.parent[x] = y
s303908044.py(37):             cost+=w
s303908044.py(33):     for edge in edges:
s303908044.py(34):         x, y, w = edge
s303908044.py(35):         if not UF.same(x, y):
 --- modulename: s303908044, funcname: same
s303908044.py(28):         return self.find(x) == self.find(y)
 --- modulename: s303908044, funcname: find
s303908044.py(8):         if self.parent[x] == x:
s303908044.py(11):             return self.find(self.parent[x])
 --- modulename: s303908044, funcname: find
s303908044.py(8):         if self.parent[x] == x:
s303908044.py(9):             return x
 --- modulename: s303908044, funcname: find
s303908044.py(8):         if self.parent[x] == x:
s303908044.py(9):             return x
s303908044.py(33):     for edge in edges:
s303908044.py(34):         x, y, w = edge
s303908044.py(35):         if not UF.same(x, y):
 --- modulename: s303908044, funcname: same
s303908044.py(28):         return self.find(x) == self.find(y)
 --- modulename: s303908044, funcname: find
s303908044.py(8):         if self.parent[x] == x:
s303908044.py(11):             return self.find(self.parent[x])
 --- modulename: s303908044, funcname: find
s303908044.py(8):         if self.parent[x] == x:
s303908044.py(9):             return x
 --- modulename: s303908044, funcname: find
s303908044.py(8):         if self.parent[x] == x:
s303908044.py(9):             return x
s303908044.py(33):     for edge in edges:
s303908044.py(38):     return cost
s303908044.py(55): print(ans)
3
