 --- modulename: s305163338, funcname: <module>
s305163338.py(2): import sys
s305163338.py(5): def solve(N: int, S: "List[str]", P: "List[int]"):
s305163338.py(16): def main():
s305163338.py(30): if __name__ == '__main__':
s305163338.py(31):     main()
 --- modulename: s305163338, funcname: main
s305163338.py(17):     def iterate_tokens():
s305163338.py(21):     tokens = iterate_tokens()
s305163338.py(22):     N = int(next(tokens))  # type: int
 --- modulename: s305163338, funcname: iterate_tokens
s305163338.py(18):         for line in sys.stdin:
 --- modulename: codecs, funcname: decode
codecs.py(321):         data = self.buffer + input
codecs.py(322):         (result, consumed) = self._buffer_decode(data, self.errors, final)
codecs.py(324):         self.buffer = data[consumed:]
codecs.py(325):         return result
s305163338.py(19):             for word in line.split():
s305163338.py(20):                 yield word
s305163338.py(23):     S = [str()] * (N)  # type: "List[str]" 
s305163338.py(24):     P = [int()] * (N)  # type: "List[int]" 
s305163338.py(25):     for i in range(N):
s305163338.py(26):         S[i] = next(tokens)
 --- modulename: s305163338, funcname: iterate_tokens
s305163338.py(19):             for word in line.split():
s305163338.py(18):         for line in sys.stdin:
s305163338.py(19):             for word in line.split():
s305163338.py(20):                 yield word
s305163338.py(27):         P[i] = int(next(tokens))
 --- modulename: s305163338, funcname: iterate_tokens
s305163338.py(19):             for word in line.split():
s305163338.py(20):                 yield word
s305163338.py(25):     for i in range(N):
s305163338.py(26):         S[i] = next(tokens)
 --- modulename: s305163338, funcname: iterate_tokens
s305163338.py(19):             for word in line.split():
s305163338.py(18):         for line in sys.stdin:
s305163338.py(19):             for word in line.split():
s305163338.py(20):                 yield word
s305163338.py(27):         P[i] = int(next(tokens))
 --- modulename: s305163338, funcname: iterate_tokens
s305163338.py(19):             for word in line.split():
s305163338.py(20):                 yield word
s305163338.py(25):     for i in range(N):
s305163338.py(26):         S[i] = next(tokens)
 --- modulename: s305163338, funcname: iterate_tokens
s305163338.py(19):             for word in line.split():
s305163338.py(18):         for line in sys.stdin:
s305163338.py(19):             for word in line.split():
s305163338.py(20):                 yield word
s305163338.py(27):         P[i] = int(next(tokens))
 --- modulename: s305163338, funcname: iterate_tokens
s305163338.py(19):             for word in line.split():
s305163338.py(20):                 yield word
s305163338.py(25):     for i in range(N):
s305163338.py(26):         S[i] = next(tokens)
 --- modulename: s305163338, funcname: iterate_tokens
s305163338.py(19):             for word in line.split():
s305163338.py(18):         for line in sys.stdin:
s305163338.py(19):             for word in line.split():
s305163338.py(20):                 yield word
s305163338.py(27):         P[i] = int(next(tokens))
 --- modulename: s305163338, funcname: iterate_tokens
s305163338.py(19):             for word in line.split():
s305163338.py(20):                 yield word
s305163338.py(25):     for i in range(N):
s305163338.py(26):         S[i] = next(tokens)
 --- modulename: s305163338, funcname: iterate_tokens
s305163338.py(19):             for word in line.split():
s305163338.py(18):         for line in sys.stdin:
s305163338.py(19):             for word in line.split():
s305163338.py(20):                 yield word
s305163338.py(27):         P[i] = int(next(tokens))
 --- modulename: s305163338, funcname: iterate_tokens
s305163338.py(19):             for word in line.split():
s305163338.py(20):                 yield word
s305163338.py(25):     for i in range(N):
s305163338.py(26):         S[i] = next(tokens)
 --- modulename: s305163338, funcname: iterate_tokens
s305163338.py(19):             for word in line.split():
s305163338.py(18):         for line in sys.stdin:
s305163338.py(19):             for word in line.split():
s305163338.py(20):                 yield word
s305163338.py(27):         P[i] = int(next(tokens))
 --- modulename: s305163338, funcname: iterate_tokens
s305163338.py(19):             for word in line.split():
s305163338.py(20):                 yield word
s305163338.py(25):     for i in range(N):
s305163338.py(28):     solve(N, S, P)
 --- modulename: s305163338, funcname: solve
s305163338.py(6):     p = []
s305163338.py(7):     for i in range(N):
s305163338.py(8):         p.append([S[i], -P[i], i + 1])
s305163338.py(7):     for i in range(N):
s305163338.py(8):         p.append([S[i], -P[i], i + 1])
s305163338.py(7):     for i in range(N):
s305163338.py(8):         p.append([S[i], -P[i], i + 1])
s305163338.py(7):     for i in range(N):
s305163338.py(8):         p.append([S[i], -P[i], i + 1])
s305163338.py(7):     for i in range(N):
s305163338.py(8):         p.append([S[i], -P[i], i + 1])
s305163338.py(7):     for i in range(N):
s305163338.py(8):         p.append([S[i], -P[i], i + 1])
s305163338.py(7):     for i in range(N):
s305163338.py(10):     p.sort()
s305163338.py(11):     for x in p:
s305163338.py(12):         print(x[2])
3
s305163338.py(11):     for x in p:
s305163338.py(12):         print(x[2])
4
s305163338.py(11):     for x in p:
s305163338.py(12):         print(x[2])
6
s305163338.py(11):     for x in p:
s305163338.py(12):         print(x[2])
1
s305163338.py(11):     for x in p:
s305163338.py(12):         print(x[2])
5
s305163338.py(11):     for x in p:
s305163338.py(12):         print(x[2])
2
s305163338.py(11):     for x in p:
s305163338.py(13):     return
 --- modulename: s305163338, funcname: iterate_tokens
