 --- modulename: s307816651, funcname: <module>
s307816651.py(3): import sys
s307816651.py(5): def input(): return sys.stdin.readline().strip()
s307816651.py(6): def list2d(a, b, c): return [[c] * b for i in range(a)]
s307816651.py(7): def list3d(a, b, c, d): return [[[d] * c for j in range(b)] for i in range(a)]
s307816651.py(8): def list4d(a, b, c, d, e): return [[[[e] * d for j in range(c)] for j in range(b)] for i in range(a)]
s307816651.py(9): def ceil(x, y=1): return int(-(-x // y))
s307816651.py(10): def INT(): return int(input())
s307816651.py(11): def MAP(): return map(int, input().split())
s307816651.py(12): def LIST(N=None): return list(MAP()) if N is None else [INT() for i in range(N)]
s307816651.py(13): def Yes(): print('Yes')
s307816651.py(14): def No(): print('No')
s307816651.py(15): def YES(): print('YES')
s307816651.py(16): def NO(): print('NO')
s307816651.py(17): sys.setrecursionlimit(10 ** 9)
s307816651.py(18): INF = 10 ** 18
s307816651.py(19): MOD = 10 ** 9 + 7
s307816651.py(21): a, b, c = MAP()
 --- modulename: s307816651, funcname: MAP
s307816651.py(11): def MAP(): return map(int, input().split())
 --- modulename: s307816651, funcname: input
s307816651.py(5): def input(): return sys.stdin.readline().strip()
 --- modulename: codecs, funcname: getstate
codecs.py(333):         return (self.buffer, 0)
 --- modulename: codecs, funcname: decode
codecs.py(321):         data = self.buffer + input
codecs.py(322):         (result, consumed) = self._buffer_decode(data, self.errors, final)
codecs.py(324):         self.buffer = data[consumed:]
codecs.py(325):         return result
s307816651.py(23): if c-a-b >= 0 and 4*a*b < pow(c-a-b, 2):
s307816651.py(26):     No()
 --- modulename: s307816651, funcname: No
s307816651.py(14): def No(): print('No')
No
