 --- modulename: s308642910, funcname: <module>
s308642910.py(1): from collections import defaultdict
 --- modulename: _bootstrap, funcname: _handle_fromlist
<frozen importlib._bootstrap>(1043): <frozen importlib._bootstrap>(1044): <frozen importlib._bootstrap>(1051): <frozen importlib._bootstrap>(1055): <frozen importlib._bootstrap>(1043): <frozen importlib._bootstrap>(1067): s308642910.py(2): import sys
s308642910.py(3): readline = sys.stdin.readline
s308642910.py(4): write = sys.stdout.write
s308642910.py(5): def cross3(p0, p1, p2):
s308642910.py(8): def solve():
s308642910.py(42): solve()
 --- modulename: s308642910, funcname: solve
s308642910.py(9):     N = int(readline())
 --- modulename: codecs, funcname: getstate
codecs.py(333):         return (self.buffer, 0)
 --- modulename: codecs, funcname: decode
codecs.py(321):         data = self.buffer + input
codecs.py(322):         (result, consumed) = self._buffer_decode(data, self.errors, final)
codecs.py(324):         self.buffer = data[consumed:]
codecs.py(325):         return result
s308642910.py(10):     mp = defaultdict(list)
s308642910.py(11):     for i in range(N):
s308642910.py(12):         x, y = map(int, readline().split())
s308642910.py(13):         mp[x].append(y)
s308642910.py(11):     for i in range(N):
s308642910.py(12):         x, y = map(int, readline().split())
s308642910.py(13):         mp[x].append(y)
s308642910.py(11):     for i in range(N):
s308642910.py(12):         x, y = map(int, readline().split())
s308642910.py(13):         mp[x].append(y)
s308642910.py(11):     for i in range(N):
s308642910.py(12):         x, y = map(int, readline().split())
s308642910.py(13):         mp[x].append(y)
s308642910.py(11):     for i in range(N):
s308642910.py(12):         x, y = map(int, readline().split())
s308642910.py(13):         mp[x].append(y)
s308642910.py(11):     for i in range(N):
s308642910.py(12):         x, y = map(int, readline().split())
s308642910.py(13):         mp[x].append(y)
s308642910.py(11):     for i in range(N):
s308642910.py(12):         x, y = map(int, readline().split())
s308642910.py(13):         mp[x].append(y)
s308642910.py(11):     for i in range(N):
s308642910.py(12):         x, y = map(int, readline().split())
s308642910.py(13):         mp[x].append(y)
s308642910.py(11):     for i in range(N):
s308642910.py(14):     *S, = mp.items()
s308642910.py(15):     S.sort()
s308642910.py(16):     def calc(S, k):
s308642910.py(33):     R0 = calc(S, 0)
 --- modulename: s308642910, funcname: calc
s308642910.py(17):         P = []; Q = []
s308642910.py(18):         r = 0; R = [0]
s308642910.py(19):         for x, ys in S:
s308642910.py(20):             ys.sort(reverse=k)
s308642910.py(21):             for y in ys:
s308642910.py(22):                 p = (x, y)
s308642910.py(23):                 while len(P) >= 2 and cross3(P[-2], P[-1], p) <= 0:
s308642910.py(26):                 P.append(p)
s308642910.py(27):                 while len(Q) >= 2 and cross3(Q[-2], Q[-1], p) >= 0:
s308642910.py(30):                 Q.append(p)
s308642910.py(21):             for y in ys:
s308642910.py(22):                 p = (x, y)
s308642910.py(23):                 while len(P) >= 2 and cross3(P[-2], P[-1], p) <= 0:
s308642910.py(26):                 P.append(p)
s308642910.py(27):                 while len(Q) >= 2 and cross3(Q[-2], Q[-1], p) >= 0:
s308642910.py(30):                 Q.append(p)
s308642910.py(21):             for y in ys:
s308642910.py(31):             R.append(r)
s308642910.py(19):         for x, ys in S:
s308642910.py(20):             ys.sort(reverse=k)
s308642910.py(21):             for y in ys:
s308642910.py(22):                 p = (x, y)
s308642910.py(23):                 while len(P) >= 2 and cross3(P[-2], P[-1], p) <= 0:
 --- modulename: s308642910, funcname: cross3
s308642910.py(6):     return (p1[0] - p0[0]) * (p2[1] - p0[1]) - (p1[1] - p0[1]) * (p2[0] - p0[0])
s308642910.py(24):                     r += abs(cross3(P[-2], P[-1], p))
 --- modulename: s308642910, funcname: cross3
s308642910.py(6):     return (p1[0] - p0[0]) * (p2[1] - p0[1]) - (p1[1] - p0[1]) * (p2[0] - p0[0])
s308642910.py(25):                     P.pop()
s308642910.py(23):                 while len(P) >= 2 and cross3(P[-2], P[-1], p) <= 0:
s308642910.py(26):                 P.append(p)
s308642910.py(27):                 while len(Q) >= 2 and cross3(Q[-2], Q[-1], p) >= 0:
 --- modulename: s308642910, funcname: cross3
s308642910.py(6):     return (p1[0] - p0[0]) * (p2[1] - p0[1]) - (p1[1] - p0[1]) * (p2[0] - p0[0])
s308642910.py(30):                 Q.append(p)
s308642910.py(21):             for y in ys:
s308642910.py(22):                 p = (x, y)
s308642910.py(23):                 while len(P) >= 2 and cross3(P[-2], P[-1], p) <= 0:
 --- modulename: s308642910, funcname: cross3
s308642910.py(6):     return (p1[0] - p0[0]) * (p2[1] - p0[1]) - (p1[1] - p0[1]) * (p2[0] - p0[0])
s308642910.py(26):                 P.append(p)
s308642910.py(27):                 while len(Q) >= 2 and cross3(Q[-2], Q[-1], p) >= 0:
 --- modulename: s308642910, funcname: cross3
s308642910.py(6):     return (p1[0] - p0[0]) * (p2[1] - p0[1]) - (p1[1] - p0[1]) * (p2[0] - p0[0])
s308642910.py(28):                     r += abs(cross3(Q[-2], Q[-1], p))
 --- modulename: s308642910, funcname: cross3
s308642910.py(6):     return (p1[0] - p0[0]) * (p2[1] - p0[1]) - (p1[1] - p0[1]) * (p2[0] - p0[0])
s308642910.py(29):                     Q.pop()
s308642910.py(27):                 while len(Q) >= 2 and cross3(Q[-2], Q[-1], p) >= 0:
 --- modulename: s308642910, funcname: cross3
s308642910.py(6):     return (p1[0] - p0[0]) * (p2[1] - p0[1]) - (p1[1] - p0[1]) * (p2[0] - p0[0])
s308642910.py(30):                 Q.append(p)
s308642910.py(21):             for y in ys:
s308642910.py(31):             R.append(r)
s308642910.py(19):         for x, ys in S:
s308642910.py(20):             ys.sort(reverse=k)
s308642910.py(21):             for y in ys:
s308642910.py(22):                 p = (x, y)
s308642910.py(23):                 while len(P) >= 2 and cross3(P[-2], P[-1], p) <= 0:
 --- modulename: s308642910, funcname: cross3
s308642910.py(6):     return (p1[0] - p0[0]) * (p2[1] - p0[1]) - (p1[1] - p0[1]) * (p2[0] - p0[0])
s308642910.py(24):                     r += abs(cross3(P[-2], P[-1], p))
 --- modulename: s308642910, funcname: cross3
s308642910.py(6):     return (p1[0] - p0[0]) * (p2[1] - p0[1]) - (p1[1] - p0[1]) * (p2[0] - p0[0])
s308642910.py(25):                     P.pop()
s308642910.py(23):                 while len(P) >= 2 and cross3(P[-2], P[-1], p) <= 0:
 --- modulename: s308642910, funcname: cross3
s308642910.py(6):     return (p1[0] - p0[0]) * (p2[1] - p0[1]) - (p1[1] - p0[1]) * (p2[0] - p0[0])
s308642910.py(24):                     r += abs(cross3(P[-2], P[-1], p))
 --- modulename: s308642910, funcname: cross3
s308642910.py(6):     return (p1[0] - p0[0]) * (p2[1] - p0[1]) - (p1[1] - p0[1]) * (p2[0] - p0[0])
s308642910.py(25):                     P.pop()
s308642910.py(23):                 while len(P) >= 2 and cross3(P[-2], P[-1], p) <= 0:
s308642910.py(26):                 P.append(p)
s308642910.py(27):                 while len(Q) >= 2 and cross3(Q[-2], Q[-1], p) >= 0:
 --- modulename: s308642910, funcname: cross3
s308642910.py(6):     return (p1[0] - p0[0]) * (p2[1] - p0[1]) - (p1[1] - p0[1]) * (p2[0] - p0[0])
s308642910.py(30):                 Q.append(p)
s308642910.py(21):             for y in ys:
s308642910.py(22):                 p = (x, y)
s308642910.py(23):                 while len(P) >= 2 and cross3(P[-2], P[-1], p) <= 0:
 --- modulename: s308642910, funcname: cross3
s308642910.py(6):     return (p1[0] - p0[0]) * (p2[1] - p0[1]) - (p1[1] - p0[1]) * (p2[0] - p0[0])
s308642910.py(26):                 P.append(p)
s308642910.py(27):                 while len(Q) >= 2 and cross3(Q[-2], Q[-1], p) >= 0:
 --- modulename: s308642910, funcname: cross3
s308642910.py(6):     return (p1[0] - p0[0]) * (p2[1] - p0[1]) - (p1[1] - p0[1]) * (p2[0] - p0[0])
s308642910.py(28):                     r += abs(cross3(Q[-2], Q[-1], p))
 --- modulename: s308642910, funcname: cross3
s308642910.py(6):     return (p1[0] - p0[0]) * (p2[1] - p0[1]) - (p1[1] - p0[1]) * (p2[0] - p0[0])
s308642910.py(29):                     Q.pop()
s308642910.py(27):                 while len(Q) >= 2 and cross3(Q[-2], Q[-1], p) >= 0:
 --- modulename: s308642910, funcname: cross3
s308642910.py(6):     return (p1[0] - p0[0]) * (p2[1] - p0[1]) - (p1[1] - p0[1]) * (p2[0] - p0[0])
s308642910.py(30):                 Q.append(p)
s308642910.py(21):             for y in ys:
s308642910.py(31):             R.append(r)
s308642910.py(19):         for x, ys in S:
s308642910.py(20):             ys.sort(reverse=k)
s308642910.py(21):             for y in ys:
s308642910.py(22):                 p = (x, y)
s308642910.py(23):                 while len(P) >= 2 and cross3(P[-2], P[-1], p) <= 0:
 --- modulename: s308642910, funcname: cross3
s308642910.py(6):     return (p1[0] - p0[0]) * (p2[1] - p0[1]) - (p1[1] - p0[1]) * (p2[0] - p0[0])
s308642910.py(24):                     r += abs(cross3(P[-2], P[-1], p))
 --- modulename: s308642910, funcname: cross3
s308642910.py(6):     return (p1[0] - p0[0]) * (p2[1] - p0[1]) - (p1[1] - p0[1]) * (p2[0] - p0[0])
s308642910.py(25):                     P.pop()
s308642910.py(23):                 while len(P) >= 2 and cross3(P[-2], P[-1], p) <= 0:
 --- modulename: s308642910, funcname: cross3
s308642910.py(6):     return (p1[0] - p0[0]) * (p2[1] - p0[1]) - (p1[1] - p0[1]) * (p2[0] - p0[0])
s308642910.py(26):                 P.append(p)
s308642910.py(27):                 while len(Q) >= 2 and cross3(Q[-2], Q[-1], p) >= 0:
 --- modulename: s308642910, funcname: cross3
s308642910.py(6):     return (p1[0] - p0[0]) * (p2[1] - p0[1]) - (p1[1] - p0[1]) * (p2[0] - p0[0])
s308642910.py(30):                 Q.append(p)
s308642910.py(21):             for y in ys:
s308642910.py(22):                 p = (x, y)
s308642910.py(23):                 while len(P) >= 2 and cross3(P[-2], P[-1], p) <= 0:
 --- modulename: s308642910, funcname: cross3
s308642910.py(6):     return (p1[0] - p0[0]) * (p2[1] - p0[1]) - (p1[1] - p0[1]) * (p2[0] - p0[0])
s308642910.py(26):                 P.append(p)
s308642910.py(27):                 while len(Q) >= 2 and cross3(Q[-2], Q[-1], p) >= 0:
 --- modulename: s308642910, funcname: cross3
s308642910.py(6):     return (p1[0] - p0[0]) * (p2[1] - p0[1]) - (p1[1] - p0[1]) * (p2[0] - p0[0])
s308642910.py(28):                     r += abs(cross3(Q[-2], Q[-1], p))
 --- modulename: s308642910, funcname: cross3
s308642910.py(6):     return (p1[0] - p0[0]) * (p2[1] - p0[1]) - (p1[1] - p0[1]) * (p2[0] - p0[0])
s308642910.py(29):                     Q.pop()
s308642910.py(27):                 while len(Q) >= 2 and cross3(Q[-2], Q[-1], p) >= 0:
 --- modulename: s308642910, funcname: cross3
s308642910.py(6):     return (p1[0] - p0[0]) * (p2[1] - p0[1]) - (p1[1] - p0[1]) * (p2[0] - p0[0])
s308642910.py(28):                     r += abs(cross3(Q[-2], Q[-1], p))
 --- modulename: s308642910, funcname: cross3
s308642910.py(6):     return (p1[0] - p0[0]) * (p2[1] - p0[1]) - (p1[1] - p0[1]) * (p2[0] - p0[0])
s308642910.py(29):                     Q.pop()
s308642910.py(27):                 while len(Q) >= 2 and cross3(Q[-2], Q[-1], p) >= 0:
 --- modulename: s308642910, funcname: cross3
s308642910.py(6):     return (p1[0] - p0[0]) * (p2[1] - p0[1]) - (p1[1] - p0[1]) * (p2[0] - p0[0])
s308642910.py(30):                 Q.append(p)
s308642910.py(21):             for y in ys:
s308642910.py(31):             R.append(r)
s308642910.py(19):         for x, ys in S:
s308642910.py(32):         return R
s308642910.py(34):     S.reverse()
s308642910.py(35):     R1 = calc(S, 1)
 --- modulename: s308642910, funcname: calc
s308642910.py(17):         P = []; Q = []
s308642910.py(18):         r = 0; R = [0]
s308642910.py(19):         for x, ys in S:
s308642910.py(20):             ys.sort(reverse=k)
s308642910.py(21):             for y in ys:
s308642910.py(22):                 p = (x, y)
s308642910.py(23):                 while len(P) >= 2 and cross3(P[-2], P[-1], p) <= 0:
s308642910.py(26):                 P.append(p)
s308642910.py(27):                 while len(Q) >= 2 and cross3(Q[-2], Q[-1], p) >= 0:
s308642910.py(30):                 Q.append(p)
s308642910.py(21):             for y in ys:
s308642910.py(22):                 p = (x, y)
s308642910.py(23):                 while len(P) >= 2 and cross3(P[-2], P[-1], p) <= 0:
s308642910.py(26):                 P.append(p)
s308642910.py(27):                 while len(Q) >= 2 and cross3(Q[-2], Q[-1], p) >= 0:
s308642910.py(30):                 Q.append(p)
s308642910.py(21):             for y in ys:
s308642910.py(31):             R.append(r)
s308642910.py(19):         for x, ys in S:
s308642910.py(20):             ys.sort(reverse=k)
s308642910.py(21):             for y in ys:
s308642910.py(22):                 p = (x, y)
s308642910.py(23):                 while len(P) >= 2 and cross3(P[-2], P[-1], p) <= 0:
 --- modulename: s308642910, funcname: cross3
s308642910.py(6):     return (p1[0] - p0[0]) * (p2[1] - p0[1]) - (p1[1] - p0[1]) * (p2[0] - p0[0])
s308642910.py(24):                     r += abs(cross3(P[-2], P[-1], p))
 --- modulename: s308642910, funcname: cross3
s308642910.py(6):     return (p1[0] - p0[0]) * (p2[1] - p0[1]) - (p1[1] - p0[1]) * (p2[0] - p0[0])
s308642910.py(25):                     P.pop()
s308642910.py(23):                 while len(P) >= 2 and cross3(P[-2], P[-1], p) <= 0:
s308642910.py(26):                 P.append(p)
s308642910.py(27):                 while len(Q) >= 2 and cross3(Q[-2], Q[-1], p) >= 0:
 --- modulename: s308642910, funcname: cross3
s308642910.py(6):     return (p1[0] - p0[0]) * (p2[1] - p0[1]) - (p1[1] - p0[1]) * (p2[0] - p0[0])
s308642910.py(30):                 Q.append(p)
s308642910.py(21):             for y in ys:
s308642910.py(22):                 p = (x, y)
s308642910.py(23):                 while len(P) >= 2 and cross3(P[-2], P[-1], p) <= 0:
 --- modulename: s308642910, funcname: cross3
s308642910.py(6):     return (p1[0] - p0[0]) * (p2[1] - p0[1]) - (p1[1] - p0[1]) * (p2[0] - p0[0])
s308642910.py(26):                 P.append(p)
s308642910.py(27):                 while len(Q) >= 2 and cross3(Q[-2], Q[-1], p) >= 0:
 --- modulename: s308642910, funcname: cross3
s308642910.py(6):     return (p1[0] - p0[0]) * (p2[1] - p0[1]) - (p1[1] - p0[1]) * (p2[0] - p0[0])
s308642910.py(28):                     r += abs(cross3(Q[-2], Q[-1], p))
 --- modulename: s308642910, funcname: cross3
s308642910.py(6):     return (p1[0] - p0[0]) * (p2[1] - p0[1]) - (p1[1] - p0[1]) * (p2[0] - p0[0])
s308642910.py(29):                     Q.pop()
s308642910.py(27):                 while len(Q) >= 2 and cross3(Q[-2], Q[-1], p) >= 0:
 --- modulename: s308642910, funcname: cross3
s308642910.py(6):     return (p1[0] - p0[0]) * (p2[1] - p0[1]) - (p1[1] - p0[1]) * (p2[0] - p0[0])
s308642910.py(30):                 Q.append(p)
s308642910.py(21):             for y in ys:
s308642910.py(31):             R.append(r)
s308642910.py(19):         for x, ys in S:
s308642910.py(20):             ys.sort(reverse=k)
s308642910.py(21):             for y in ys:
s308642910.py(22):                 p = (x, y)
s308642910.py(23):                 while len(P) >= 2 and cross3(P[-2], P[-1], p) <= 0:
 --- modulename: s308642910, funcname: cross3
s308642910.py(6):     return (p1[0] - p0[0]) * (p2[1] - p0[1]) - (p1[1] - p0[1]) * (p2[0] - p0[0])
s308642910.py(24):                     r += abs(cross3(P[-2], P[-1], p))
 --- modulename: s308642910, funcname: cross3
s308642910.py(6):     return (p1[0] - p0[0]) * (p2[1] - p0[1]) - (p1[1] - p0[1]) * (p2[0] - p0[0])
s308642910.py(25):                     P.pop()
s308642910.py(23):                 while len(P) >= 2 and cross3(P[-2], P[-1], p) <= 0:
 --- modulename: s308642910, funcname: cross3
s308642910.py(6):     return (p1[0] - p0[0]) * (p2[1] - p0[1]) - (p1[1] - p0[1]) * (p2[0] - p0[0])
s308642910.py(24):                     r += abs(cross3(P[-2], P[-1], p))
 --- modulename: s308642910, funcname: cross3
s308642910.py(6):     return (p1[0] - p0[0]) * (p2[1] - p0[1]) - (p1[1] - p0[1]) * (p2[0] - p0[0])
s308642910.py(25):                     P.pop()
s308642910.py(23):                 while len(P) >= 2 and cross3(P[-2], P[-1], p) <= 0:
s308642910.py(26):                 P.append(p)
s308642910.py(27):                 while len(Q) >= 2 and cross3(Q[-2], Q[-1], p) >= 0:
 --- modulename: s308642910, funcname: cross3
s308642910.py(6):     return (p1[0] - p0[0]) * (p2[1] - p0[1]) - (p1[1] - p0[1]) * (p2[0] - p0[0])
s308642910.py(30):                 Q.append(p)
s308642910.py(21):             for y in ys:
s308642910.py(22):                 p = (x, y)
s308642910.py(23):                 while len(P) >= 2 and cross3(P[-2], P[-1], p) <= 0:
 --- modulename: s308642910, funcname: cross3
s308642910.py(6):     return (p1[0] - p0[0]) * (p2[1] - p0[1]) - (p1[1] - p0[1]) * (p2[0] - p0[0])
s308642910.py(26):                 P.append(p)
s308642910.py(27):                 while len(Q) >= 2 and cross3(Q[-2], Q[-1], p) >= 0:
 --- modulename: s308642910, funcname: cross3
s308642910.py(6):     return (p1[0] - p0[0]) * (p2[1] - p0[1]) - (p1[1] - p0[1]) * (p2[0] - p0[0])
s308642910.py(28):                     r += abs(cross3(Q[-2], Q[-1], p))
 --- modulename: s308642910, funcname: cross3
s308642910.py(6):     return (p1[0] - p0[0]) * (p2[1] - p0[1]) - (p1[1] - p0[1]) * (p2[0] - p0[0])
s308642910.py(29):                     Q.pop()
s308642910.py(27):                 while len(Q) >= 2 and cross3(Q[-2], Q[-1], p) >= 0:
 --- modulename: s308642910, funcname: cross3
s308642910.py(6):     return (p1[0] - p0[0]) * (p2[1] - p0[1]) - (p1[1] - p0[1]) * (p2[0] - p0[0])
s308642910.py(30):                 Q.append(p)
s308642910.py(21):             for y in ys:
s308642910.py(31):             R.append(r)
s308642910.py(19):         for x, ys in S:
s308642910.py(20):             ys.sort(reverse=k)
s308642910.py(21):             for y in ys:
s308642910.py(22):                 p = (x, y)
s308642910.py(23):                 while len(P) >= 2 and cross3(P[-2], P[-1], p) <= 0:
 --- modulename: s308642910, funcname: cross3
s308642910.py(6):     return (p1[0] - p0[0]) * (p2[1] - p0[1]) - (p1[1] - p0[1]) * (p2[0] - p0[0])
s308642910.py(24):                     r += abs(cross3(P[-2], P[-1], p))
 --- modulename: s308642910, funcname: cross3
s308642910.py(6):     return (p1[0] - p0[0]) * (p2[1] - p0[1]) - (p1[1] - p0[1]) * (p2[0] - p0[0])
s308642910.py(25):                     P.pop()
s308642910.py(23):                 while len(P) >= 2 and cross3(P[-2], P[-1], p) <= 0:
 --- modulename: s308642910, funcname: cross3
s308642910.py(6):     return (p1[0] - p0[0]) * (p2[1] - p0[1]) - (p1[1] - p0[1]) * (p2[0] - p0[0])
s308642910.py(26):                 P.append(p)
s308642910.py(27):                 while len(Q) >= 2 and cross3(Q[-2], Q[-1], p) >= 0:
 --- modulename: s308642910, funcname: cross3
s308642910.py(6):     return (p1[0] - p0[0]) * (p2[1] - p0[1]) - (p1[1] - p0[1]) * (p2[0] - p0[0])
s308642910.py(30):                 Q.append(p)
s308642910.py(21):             for y in ys:
s308642910.py(22):                 p = (x, y)
s308642910.py(23):                 while len(P) >= 2 and cross3(P[-2], P[-1], p) <= 0:
 --- modulename: s308642910, funcname: cross3
s308642910.py(6):     return (p1[0] - p0[0]) * (p2[1] - p0[1]) - (p1[1] - p0[1]) * (p2[0] - p0[0])
s308642910.py(26):                 P.append(p)
s308642910.py(27):                 while len(Q) >= 2 and cross3(Q[-2], Q[-1], p) >= 0:
 --- modulename: s308642910, funcname: cross3
s308642910.py(6):     return (p1[0] - p0[0]) * (p2[1] - p0[1]) - (p1[1] - p0[1]) * (p2[0] - p0[0])
s308642910.py(28):                     r += abs(cross3(Q[-2], Q[-1], p))
 --- modulename: s308642910, funcname: cross3
s308642910.py(6):     return (p1[0] - p0[0]) * (p2[1] - p0[1]) - (p1[1] - p0[1]) * (p2[0] - p0[0])
s308642910.py(29):                     Q.pop()
s308642910.py(27):                 while len(Q) >= 2 and cross3(Q[-2], Q[-1], p) >= 0:
 --- modulename: s308642910, funcname: cross3
s308642910.py(6):     return (p1[0] - p0[0]) * (p2[1] - p0[1]) - (p1[1] - p0[1]) * (p2[0] - p0[0])
s308642910.py(28):                     r += abs(cross3(Q[-2], Q[-1], p))
 --- modulename: s308642910, funcname: cross3
s308642910.py(6):     return (p1[0] - p0[0]) * (p2[1] - p0[1]) - (p1[1] - p0[1]) * (p2[0] - p0[0])
s308642910.py(29):                     Q.pop()
s308642910.py(27):                 while len(Q) >= 2 and cross3(Q[-2], Q[-1], p) >= 0:
 --- modulename: s308642910, funcname: cross3
s308642910.py(6):     return (p1[0] - p0[0]) * (p2[1] - p0[1]) - (p1[1] - p0[1]) * (p2[0] - p0[0])
s308642910.py(30):                 Q.append(p)
s308642910.py(21):             for y in ys:
s308642910.py(31):             R.append(r)
s308642910.py(19):         for x, ys in S:
s308642910.py(32):         return R
s308642910.py(37):     L = len(S)
s308642910.py(38):     ans = 10**20
s308642910.py(39):     for i in range(L+1):
s308642910.py(40):         ans = min(ans, R0[i] + R1[-1-i])
s308642910.py(39):     for i in range(L+1):
s308642910.py(40):         ans = min(ans, R0[i] + R1[-1-i])
s308642910.py(39):     for i in range(L+1):
s308642910.py(40):         ans = min(ans, R0[i] + R1[-1-i])
s308642910.py(39):     for i in range(L+1):
s308642910.py(40):         ans = min(ans, R0[i] + R1[-1-i])
s308642910.py(39):     for i in range(L+1):
s308642910.py(40):         ans = min(ans, R0[i] + R1[-1-i])
s308642910.py(39):     for i in range(L+1):
s308642910.py(41):     write("%d\n" % ((ans+1) // 2))
50
