 --- modulename: s229825441, funcname: <module>
s229825441.py(1): class cumulative_sum:
 --- modulename: s229825441, funcname: cumulative_sum
s229825441.py(1): class cumulative_sum:
s229825441.py(2):     def __init__(self,A):
s229825441.py(7):     def get(self,i,j=None):
s229825441.py(11): def main():
s229825441.py(28): main()
 --- modulename: s229825441, funcname: main
s229825441.py(12):     N,K = map(int,input().split())
 --- modulename: codecs, funcname: getstate
codecs.py(333):         return (self.buffer, 0)
 --- modulename: codecs, funcname: decode
codecs.py(321):         data = self.buffer + input
codecs.py(322):         (result, consumed) = self._buffer_decode(data, self.errors, final)
codecs.py(324):         self.buffer = data[consumed:]
codecs.py(325):         return result
s229825441.py(13):     *A, = map(int,input().split())
s229825441.py(14):     SA = cumulative_sum(A)
 --- modulename: s229825441, funcname: __init__
s229825441.py(3):         N = len(A)
s229825441.py(4):         self.S = [0]*(N+1)
s229825441.py(5):         for i in range(N):
s229825441.py(6):             self.S[i+1] = self.S[i] + A[i]
s229825441.py(5):         for i in range(N):
s229825441.py(6):             self.S[i+1] = self.S[i] + A[i]
s229825441.py(5):         for i in range(N):
s229825441.py(6):             self.S[i+1] = self.S[i] + A[i]
s229825441.py(5):         for i in range(N):
s229825441.py(6):             self.S[i+1] = self.S[i] + A[i]
s229825441.py(5):         for i in range(N):
s229825441.py(15):     B = {}
s229825441.py(17):     for i in range(N):
s229825441.py(18):         for j in range(i+1,N+1):
s229825441.py(19):             s = SA.get(i,j)
 --- modulename: s229825441, funcname: get
s229825441.py(8):         if j==None:j=len(self.S)-1
s229825441.py(9):         if j<=i:return 0
s229825441.py(10):         return self.S[j]-self.S[i]
s229825441.py(20):             B[s] = B.get(s,0)+1
s229825441.py(18):         for j in range(i+1,N+1):
s229825441.py(19):             s = SA.get(i,j)
 --- modulename: s229825441, funcname: get
s229825441.py(8):         if j==None:j=len(self.S)-1
s229825441.py(9):         if j<=i:return 0
s229825441.py(10):         return self.S[j]-self.S[i]
s229825441.py(20):             B[s] = B.get(s,0)+1
s229825441.py(18):         for j in range(i+1,N+1):
s229825441.py(19):             s = SA.get(i,j)
 --- modulename: s229825441, funcname: get
s229825441.py(8):         if j==None:j=len(self.S)-1
s229825441.py(9):         if j<=i:return 0
s229825441.py(10):         return self.S[j]-self.S[i]
s229825441.py(20):             B[s] = B.get(s,0)+1
s229825441.py(18):         for j in range(i+1,N+1):
s229825441.py(19):             s = SA.get(i,j)
 --- modulename: s229825441, funcname: get
s229825441.py(8):         if j==None:j=len(self.S)-1
s229825441.py(9):         if j<=i:return 0
s229825441.py(10):         return self.S[j]-self.S[i]
s229825441.py(20):             B[s] = B.get(s,0)+1
s229825441.py(18):         for j in range(i+1,N+1):
s229825441.py(17):     for i in range(N):
s229825441.py(18):         for j in range(i+1,N+1):
s229825441.py(19):             s = SA.get(i,j)
 --- modulename: s229825441, funcname: get
s229825441.py(8):         if j==None:j=len(self.S)-1
s229825441.py(9):         if j<=i:return 0
s229825441.py(10):         return self.S[j]-self.S[i]
s229825441.py(20):             B[s] = B.get(s,0)+1
s229825441.py(18):         for j in range(i+1,N+1):
s229825441.py(19):             s = SA.get(i,j)
 --- modulename: s229825441, funcname: get
s229825441.py(8):         if j==None:j=len(self.S)-1
s229825441.py(9):         if j<=i:return 0
s229825441.py(10):         return self.S[j]-self.S[i]
s229825441.py(20):             B[s] = B.get(s,0)+1
s229825441.py(18):         for j in range(i+1,N+1):
s229825441.py(19):             s = SA.get(i,j)
 --- modulename: s229825441, funcname: get
s229825441.py(8):         if j==None:j=len(self.S)-1
s229825441.py(9):         if j<=i:return 0
s229825441.py(10):         return self.S[j]-self.S[i]
s229825441.py(20):             B[s] = B.get(s,0)+1
s229825441.py(18):         for j in range(i+1,N+1):
s229825441.py(17):     for i in range(N):
s229825441.py(18):         for j in range(i+1,N+1):
s229825441.py(19):             s = SA.get(i,j)
 --- modulename: s229825441, funcname: get
s229825441.py(8):         if j==None:j=len(self.S)-1
s229825441.py(9):         if j<=i:return 0
s229825441.py(10):         return self.S[j]-self.S[i]
s229825441.py(20):             B[s] = B.get(s,0)+1
s229825441.py(18):         for j in range(i+1,N+1):
s229825441.py(19):             s = SA.get(i,j)
 --- modulename: s229825441, funcname: get
s229825441.py(8):         if j==None:j=len(self.S)-1
s229825441.py(9):         if j<=i:return 0
s229825441.py(10):         return self.S[j]-self.S[i]
s229825441.py(20):             B[s] = B.get(s,0)+1
s229825441.py(18):         for j in range(i+1,N+1):
s229825441.py(17):     for i in range(N):
s229825441.py(18):         for j in range(i+1,N+1):
s229825441.py(19):             s = SA.get(i,j)
 --- modulename: s229825441, funcname: get
s229825441.py(8):         if j==None:j=len(self.S)-1
s229825441.py(9):         if j<=i:return 0
s229825441.py(10):         return self.S[j]-self.S[i]
s229825441.py(20):             B[s] = B.get(s,0)+1
s229825441.py(18):         for j in range(i+1,N+1):
s229825441.py(17):     for i in range(N):
s229825441.py(22):     ans = 0
s229825441.py(23):     for i in range(40,-1,-1):
s229825441.py(24):         x = ans + (1<<i)
s229825441.py(25):         c = sum(n for b,n in B.items() if b&x==x)
 --- modulename: s229825441, funcname: <genexpr>
s229825441.py(25):         c = sum(n for b,n in B.items() if b&x==x)
s229825441.py(25):         c = sum(n for b,n in B.items() if b&x==x)
s229825441.py(25):         c = sum(n for b,n in B.items() if b&x==x)
s229825441.py(25):         c = sum(n for b,n in B.items() if b&x==x)
s229825441.py(25):         c = sum(n for b,n in B.items() if b&x==x)
s229825441.py(25):         c = sum(n for b,n in B.items() if b&x==x)
s229825441.py(25):         c = sum(n for b,n in B.items() if b&x==x)
s229825441.py(26):         if c>=K:ans = x
s229825441.py(23):     for i in range(40,-1,-1):
s229825441.py(24):         x = ans + (1<<i)
s229825441.py(25):         c = sum(n for b,n in B.items() if b&x==x)
 --- modulename: s229825441, funcname: <genexpr>
s229825441.py(25):         c = sum(n for b,n in B.items() if b&x==x)
s229825441.py(25):         c = sum(n for b,n in B.items() if b&x==x)
s229825441.py(25):         c = sum(n for b,n in B.items() if b&x==x)
s229825441.py(25):         c = sum(n for b,n in B.items() if b&x==x)
s229825441.py(25):         c = sum(n for b,n in B.items() if b&x==x)
s229825441.py(25):         c = sum(n for b,n in B.items() if b&x==x)
s229825441.py(25):         c = sum(n for b,n in B.items() if b&x==x)
s229825441.py(26):         if c>=K:ans = x
s229825441.py(23):     for i in range(40,-1,-1):
s229825441.py(24):         x = ans + (1<<i)
s229825441.py(25):         c = sum(n for b,n in B.items() if b&x==x)
 --- modulename: s229825441, funcname: <genexpr>
s229825441.py(25):         c = sum(n for b,n in B.items() if b&x==x)
s229825441.py(25):         c = sum(n for b,n in B.items() if b&x==x)
s229825441.py(25):         c = sum(n for b,n in B.items() if b&x==x)
s229825441.py(25):         c = sum(n for b,n in B.items() if b&x==x)
s229825441.py(25):         c = sum(n for b,n in B.items() if b&x==x)
s229825441.py(25):         c = sum(n for b,n in B.items() if b&x==x)
s229825441.py(25):         c = sum(n for b,n in B.items() if b&x==x)
s229825441.py(26):         if c>=K:ans = x
s229825441.py(23):     for i in range(40,-1,-1):
s229825441.py(24):         x = ans + (1<<i)
s229825441.py(25):         c = sum(n for b,n in B.items() if b&x==x)
 --- modulename: s229825441, funcname: <genexpr>
s229825441.py(25):         c = sum(n for b,n in B.items() if b&x==x)
s229825441.py(25):         c = sum(n for b,n in B.items() if b&x==x)
s229825441.py(25):         c = sum(n for b,n in B.items() if b&x==x)
s229825441.py(25):         c = sum(n for b,n in B.items() if b&x==x)
s229825441.py(25):         c = sum(n for b,n in B.items() if b&x==x)
s229825441.py(25):         c = sum(n for b,n in B.items() if b&x==x)
s229825441.py(25):         c = sum(n for b,n in B.items() if b&x==x)
s229825441.py(26):         if c>=K:ans = x
s229825441.py(23):     for i in range(40,-1,-1):
s229825441.py(24):         x = ans + (1<<i)
s229825441.py(25):         c = sum(n for b,n in B.items() if b&x==x)
 --- modulename: s229825441, funcname: <genexpr>
s229825441.py(25):         c = sum(n for b,n in B.items() if b&x==x)
s229825441.py(25):         c = sum(n for b,n in B.items() if b&x==x)
s229825441.py(25):         c = sum(n for b,n in B.items() if b&x==x)
s229825441.py(25):         c = sum(n for b,n in B.items() if b&x==x)
s229825441.py(25):         c = sum(n for b,n in B.items() if b&x==x)
s229825441.py(25):         c = sum(n for b,n in B.items() if b&x==x)
s229825441.py(25):         c = sum(n for b,n in B.items() if b&x==x)
s229825441.py(26):         if c>=K:ans = x
s229825441.py(23):     for i in range(40,-1,-1):
s229825441.py(24):         x = ans + (1<<i)
s229825441.py(25):         c = sum(n for b,n in B.items() if b&x==x)
 --- modulename: s229825441, funcname: <genexpr>
s229825441.py(25):         c = sum(n for b,n in B.items() if b&x==x)
s229825441.py(25):         c = sum(n for b,n in B.items() if b&x==x)
s229825441.py(25):         c = sum(n for b,n in B.items() if b&x==x)
s229825441.py(25):         c = sum(n for b,n in B.items() if b&x==x)
s229825441.py(25):         c = sum(n for b,n in B.items() if b&x==x)
s229825441.py(25):         c = sum(n for b,n in B.items() if b&x==x)
s229825441.py(25):         c = sum(n for b,n in B.items() if b&x==x)
s229825441.py(26):         if c>=K:ans = x
s229825441.py(23):     for i in range(40,-1,-1):
s229825441.py(24):         x = ans + (1<<i)
s229825441.py(25):         c = sum(n for b,n in B.items() if b&x==x)
 --- modulename: s229825441, funcname: <genexpr>
s229825441.py(25):         c = sum(n for b,n in B.items() if b&x==x)
s229825441.py(25):         c = sum(n for b,n in B.items() if b&x==x)
s229825441.py(25):         c = sum(n for b,n in B.items() if b&x==x)
s229825441.py(25):         c = sum(n for b,n in B.items() if b&x==x)
s229825441.py(25):         c = sum(n for b,n in B.items() if b&x==x)
s229825441.py(25):         c = sum(n for b,n in B.items() if b&x==x)
s229825441.py(25):         c = sum(n for b,n in B.items() if b&x==x)
s229825441.py(26):         if c>=K:ans = x
s229825441.py(23):     for i in range(40,-1,-1):
s229825441.py(24):         x = ans + (1<<i)
s229825441.py(25):         c = sum(n for b,n in B.items() if b&x==x)
 --- modulename: s229825441, funcname: <genexpr>
s229825441.py(25):         c = sum(n for b,n in B.items() if b&x==x)
s229825441.py(25):         c = sum(n for b,n in B.items() if b&x==x)
s229825441.py(25):         c = sum(n for b,n in B.items() if b&x==x)
s229825441.py(25):         c = sum(n for b,n in B.items() if b&x==x)
s229825441.py(25):         c = sum(n for b,n in B.items() if b&x==x)
s229825441.py(25):         c = sum(n for b,n in B.items() if b&x==x)
s229825441.py(25):         c = sum(n for b,n in B.items() if b&x==x)
s229825441.py(26):         if c>=K:ans = x
s229825441.py(23):     for i in range(40,-1,-1):
s229825441.py(24):         x = ans + (1<<i)
s229825441.py(25):         c = sum(n for b,n in B.items() if b&x==x)
 --- modulename: s229825441, funcname: <genexpr>
s229825441.py(25):         c = sum(n for b,n in B.items() if b&x==x)
s229825441.py(25):         c = sum(n for b,n in B.items() if b&x==x)
s229825441.py(25):         c = sum(n for b,n in B.items() if b&x==x)
s229825441.py(25):         c = sum(n for b,n in B.items() if b&x==x)
s229825441.py(25):         c = sum(n for b,n in B.items() if b&x==x)
s229825441.py(25):         c = sum(n for b,n in B.items() if b&x==x)
s229825441.py(25):         c = sum(n for b,n in B.items() if b&x==x)
s229825441.py(26):         if c>=K:ans = x
s229825441.py(23):     for i in range(40,-1,-1):
s229825441.py(24):         x = ans + (1<<i)
s229825441.py(25):         c = sum(n for b,n in B.items() if b&x==x)
 --- modulename: s229825441, funcname: <genexpr>
s229825441.py(25):         c = sum(n for b,n in B.items() if b&x==x)
s229825441.py(25):         c = sum(n for b,n in B.items() if b&x==x)
s229825441.py(25):         c = sum(n for b,n in B.items() if b&x==x)
s229825441.py(25):         c = sum(n for b,n in B.items() if b&x==x)
s229825441.py(25):         c = sum(n for b,n in B.items() if b&x==x)
s229825441.py(25):         c = sum(n for b,n in B.items() if b&x==x)
s229825441.py(25):         c = sum(n for b,n in B.items() if b&x==x)
s229825441.py(26):         if c>=K:ans = x
s229825441.py(23):     for i in range(40,-1,-1):
s229825441.py(24):         x = ans + (1<<i)
s229825441.py(25):         c = sum(n for b,n in B.items() if b&x==x)
 --- modulename: s229825441, funcname: <genexpr>
s229825441.py(25):         c = sum(n for b,n in B.items() if b&x==x)
s229825441.py(25):         c = sum(n for b,n in B.items() if b&x==x)
s229825441.py(25):         c = sum(n for b,n in B.items() if b&x==x)
s229825441.py(25):         c = sum(n for b,n in B.items() if b&x==x)
s229825441.py(25):         c = sum(n for b,n in B.items() if b&x==x)
s229825441.py(25):         c = sum(n for b,n in B.items() if b&x==x)
s229825441.py(25):         c = sum(n for b,n in B.items() if b&x==x)
s229825441.py(26):         if c>=K:ans = x
s229825441.py(23):     for i in range(40,-1,-1):
s229825441.py(24):         x = ans + (1<<i)
s229825441.py(25):         c = sum(n for b,n in B.items() if b&x==x)
 --- modulename: s229825441, funcname: <genexpr>
s229825441.py(25):         c = sum(n for b,n in B.items() if b&x==x)
s229825441.py(25):         c = sum(n for b,n in B.items() if b&x==x)
s229825441.py(25):         c = sum(n for b,n in B.items() if b&x==x)
s229825441.py(25):         c = sum(n for b,n in B.items() if b&x==x)
s229825441.py(25):         c = sum(n for b,n in B.items() if b&x==x)
s229825441.py(25):         c = sum(n for b,n in B.items() if b&x==x)
s229825441.py(25):         c = sum(n for b,n in B.items() if b&x==x)
s229825441.py(26):         if c>=K:ans = x
s229825441.py(23):     for i in range(40,-1,-1):
s229825441.py(24):         x = ans + (1<<i)
s229825441.py(25):         c = sum(n for b,n in B.items() if b&x==x)
 --- modulename: s229825441, funcname: <genexpr>
s229825441.py(25):         c = sum(n for b,n in B.items() if b&x==x)
s229825441.py(25):         c = sum(n for b,n in B.items() if b&x==x)
s229825441.py(25):         c = sum(n for b,n in B.items() if b&x==x)
s229825441.py(25):         c = sum(n for b,n in B.items() if b&x==x)
s229825441.py(25):         c = sum(n for b,n in B.items() if b&x==x)
s229825441.py(25):         c = sum(n for b,n in B.items() if b&x==x)
s229825441.py(25):         c = sum(n for b,n in B.items() if b&x==x)
s229825441.py(26):         if c>=K:ans = x
s229825441.py(23):     for i in range(40,-1,-1):
s229825441.py(24):         x = ans + (1<<i)
s229825441.py(25):         c = sum(n for b,n in B.items() if b&x==x)
 --- modulename: s229825441, funcname: <genexpr>
s229825441.py(25):         c = sum(n for b,n in B.items() if b&x==x)
s229825441.py(25):         c = sum(n for b,n in B.items() if b&x==x)
s229825441.py(25):         c = sum(n for b,n in B.items() if b&x==x)
s229825441.py(25):         c = sum(n for b,n in B.items() if b&x==x)
s229825441.py(25):         c = sum(n for b,n in B.items() if b&x==x)
s229825441.py(25):         c = sum(n for b,n in B.items() if b&x==x)
s229825441.py(25):         c = sum(n for b,n in B.items() if b&x==x)
s229825441.py(26):         if c>=K:ans = x
s229825441.py(23):     for i in range(40,-1,-1):
s229825441.py(24):         x = ans + (1<<i)
s229825441.py(25):         c = sum(n for b,n in B.items() if b&x==x)
 --- modulename: s229825441, funcname: <genexpr>
s229825441.py(25):         c = sum(n for b,n in B.items() if b&x==x)
s229825441.py(25):         c = sum(n for b,n in B.items() if b&x==x)
s229825441.py(25):         c = sum(n for b,n in B.items() if b&x==x)
s229825441.py(25):         c = sum(n for b,n in B.items() if b&x==x)
s229825441.py(25):         c = sum(n for b,n in B.items() if b&x==x)
s229825441.py(25):         c = sum(n for b,n in B.items() if b&x==x)
s229825441.py(25):         c = sum(n for b,n in B.items() if b&x==x)
s229825441.py(26):         if c>=K:ans = x
s229825441.py(23):     for i in range(40,-1,-1):
s229825441.py(24):         x = ans + (1<<i)
s229825441.py(25):         c = sum(n for b,n in B.items() if b&x==x)
 --- modulename: s229825441, funcname: <genexpr>
s229825441.py(25):         c = sum(n for b,n in B.items() if b&x==x)
s229825441.py(25):         c = sum(n for b,n in B.items() if b&x==x)
s229825441.py(25):         c = sum(n for b,n in B.items() if b&x==x)
s229825441.py(25):         c = sum(n for b,n in B.items() if b&x==x)
s229825441.py(25):         c = sum(n for b,n in B.items() if b&x==x)
s229825441.py(25):         c = sum(n for b,n in B.items() if b&x==x)
s229825441.py(25):         c = sum(n for b,n in B.items() if b&x==x)
s229825441.py(26):         if c>=K:ans = x
s229825441.py(23):     for i in range(40,-1,-1):
s229825441.py(24):         x = ans + (1<<i)
s229825441.py(25):         c = sum(n for b,n in B.items() if b&x==x)
 --- modulename: s229825441, funcname: <genexpr>
s229825441.py(25):         c = sum(n for b,n in B.items() if b&x==x)
s229825441.py(25):         c = sum(n for b,n in B.items() if b&x==x)
s229825441.py(25):         c = sum(n for b,n in B.items() if b&x==x)
s229825441.py(25):         c = sum(n for b,n in B.items() if b&x==x)
s229825441.py(25):         c = sum(n for b,n in B.items() if b&x==x)
s229825441.py(25):         c = sum(n for b,n in B.items() if b&x==x)
s229825441.py(25):         c = sum(n for b,n in B.items() if b&x==x)
s229825441.py(26):         if c>=K:ans = x
s229825441.py(23):     for i in range(40,-1,-1):
s229825441.py(24):         x = ans + (1<<i)
s229825441.py(25):         c = sum(n for b,n in B.items() if b&x==x)
 --- modulename: s229825441, funcname: <genexpr>
s229825441.py(25):         c = sum(n for b,n in B.items() if b&x==x)
s229825441.py(25):         c = sum(n for b,n in B.items() if b&x==x)
s229825441.py(25):         c = sum(n for b,n in B.items() if b&x==x)
s229825441.py(25):         c = sum(n for b,n in B.items() if b&x==x)
s229825441.py(25):         c = sum(n for b,n in B.items() if b&x==x)
s229825441.py(25):         c = sum(n for b,n in B.items() if b&x==x)
s229825441.py(25):         c = sum(n for b,n in B.items() if b&x==x)
s229825441.py(26):         if c>=K:ans = x
s229825441.py(23):     for i in range(40,-1,-1):
s229825441.py(24):         x = ans + (1<<i)
s229825441.py(25):         c = sum(n for b,n in B.items() if b&x==x)
 --- modulename: s229825441, funcname: <genexpr>
s229825441.py(25):         c = sum(n for b,n in B.items() if b&x==x)
s229825441.py(25):         c = sum(n for b,n in B.items() if b&x==x)
s229825441.py(25):         c = sum(n for b,n in B.items() if b&x==x)
s229825441.py(25):         c = sum(n for b,n in B.items() if b&x==x)
s229825441.py(25):         c = sum(n for b,n in B.items() if b&x==x)
s229825441.py(25):         c = sum(n for b,n in B.items() if b&x==x)
s229825441.py(25):         c = sum(n for b,n in B.items() if b&x==x)
s229825441.py(26):         if c>=K:ans = x
s229825441.py(23):     for i in range(40,-1,-1):
s229825441.py(24):         x = ans + (1<<i)
s229825441.py(25):         c = sum(n for b,n in B.items() if b&x==x)
 --- modulename: s229825441, funcname: <genexpr>
s229825441.py(25):         c = sum(n for b,n in B.items() if b&x==x)
s229825441.py(25):         c = sum(n for b,n in B.items() if b&x==x)
s229825441.py(25):         c = sum(n for b,n in B.items() if b&x==x)
s229825441.py(25):         c = sum(n for b,n in B.items() if b&x==x)
s229825441.py(25):         c = sum(n for b,n in B.items() if b&x==x)
s229825441.py(25):         c = sum(n for b,n in B.items() if b&x==x)
s229825441.py(25):         c = sum(n for b,n in B.items() if b&x==x)
s229825441.py(26):         if c>=K:ans = x
s229825441.py(23):     for i in range(40,-1,-1):
s229825441.py(24):         x = ans + (1<<i)
s229825441.py(25):         c = sum(n for b,n in B.items() if b&x==x)
 --- modulename: s229825441, funcname: <genexpr>
s229825441.py(25):         c = sum(n for b,n in B.items() if b&x==x)
s229825441.py(25):         c = sum(n for b,n in B.items() if b&x==x)
s229825441.py(25):         c = sum(n for b,n in B.items() if b&x==x)
s229825441.py(25):         c = sum(n for b,n in B.items() if b&x==x)
s229825441.py(25):         c = sum(n for b,n in B.items() if b&x==x)
s229825441.py(25):         c = sum(n for b,n in B.items() if b&x==x)
s229825441.py(25):         c = sum(n for b,n in B.items() if b&x==x)
s229825441.py(26):         if c>=K:ans = x
s229825441.py(23):     for i in range(40,-1,-1):
s229825441.py(24):         x = ans + (1<<i)
s229825441.py(25):         c = sum(n for b,n in B.items() if b&x==x)
 --- modulename: s229825441, funcname: <genexpr>
s229825441.py(25):         c = sum(n for b,n in B.items() if b&x==x)
s229825441.py(25):         c = sum(n for b,n in B.items() if b&x==x)
s229825441.py(25):         c = sum(n for b,n in B.items() if b&x==x)
s229825441.py(25):         c = sum(n for b,n in B.items() if b&x==x)
s229825441.py(25):         c = sum(n for b,n in B.items() if b&x==x)
s229825441.py(25):         c = sum(n for b,n in B.items() if b&x==x)
s229825441.py(25):         c = sum(n for b,n in B.items() if b&x==x)
s229825441.py(26):         if c>=K:ans = x
s229825441.py(23):     for i in range(40,-1,-1):
s229825441.py(24):         x = ans + (1<<i)
s229825441.py(25):         c = sum(n for b,n in B.items() if b&x==x)
 --- modulename: s229825441, funcname: <genexpr>
s229825441.py(25):         c = sum(n for b,n in B.items() if b&x==x)
s229825441.py(25):         c = sum(n for b,n in B.items() if b&x==x)
s229825441.py(25):         c = sum(n for b,n in B.items() if b&x==x)
s229825441.py(25):         c = sum(n for b,n in B.items() if b&x==x)
s229825441.py(25):         c = sum(n for b,n in B.items() if b&x==x)
s229825441.py(25):         c = sum(n for b,n in B.items() if b&x==x)
s229825441.py(25):         c = sum(n for b,n in B.items() if b&x==x)
s229825441.py(26):         if c>=K:ans = x
s229825441.py(23):     for i in range(40,-1,-1):
s229825441.py(24):         x = ans + (1<<i)
s229825441.py(25):         c = sum(n for b,n in B.items() if b&x==x)
 --- modulename: s229825441, funcname: <genexpr>
s229825441.py(25):         c = sum(n for b,n in B.items() if b&x==x)
s229825441.py(25):         c = sum(n for b,n in B.items() if b&x==x)
s229825441.py(25):         c = sum(n for b,n in B.items() if b&x==x)
s229825441.py(25):         c = sum(n for b,n in B.items() if b&x==x)
s229825441.py(25):         c = sum(n for b,n in B.items() if b&x==x)
s229825441.py(25):         c = sum(n for b,n in B.items() if b&x==x)
s229825441.py(25):         c = sum(n for b,n in B.items() if b&x==x)
s229825441.py(26):         if c>=K:ans = x
s229825441.py(23):     for i in range(40,-1,-1):
s229825441.py(24):         x = ans + (1<<i)
s229825441.py(25):         c = sum(n for b,n in B.items() if b&x==x)
 --- modulename: s229825441, funcname: <genexpr>
s229825441.py(25):         c = sum(n for b,n in B.items() if b&x==x)
s229825441.py(25):         c = sum(n for b,n in B.items() if b&x==x)
s229825441.py(25):         c = sum(n for b,n in B.items() if b&x==x)
s229825441.py(25):         c = sum(n for b,n in B.items() if b&x==x)
s229825441.py(25):         c = sum(n for b,n in B.items() if b&x==x)
s229825441.py(25):         c = sum(n for b,n in B.items() if b&x==x)
s229825441.py(25):         c = sum(n for b,n in B.items() if b&x==x)
s229825441.py(26):         if c>=K:ans = x
s229825441.py(23):     for i in range(40,-1,-1):
s229825441.py(24):         x = ans + (1<<i)
s229825441.py(25):         c = sum(n for b,n in B.items() if b&x==x)
 --- modulename: s229825441, funcname: <genexpr>
s229825441.py(25):         c = sum(n for b,n in B.items() if b&x==x)
s229825441.py(25):         c = sum(n for b,n in B.items() if b&x==x)
s229825441.py(25):         c = sum(n for b,n in B.items() if b&x==x)
s229825441.py(25):         c = sum(n for b,n in B.items() if b&x==x)
s229825441.py(25):         c = sum(n for b,n in B.items() if b&x==x)
s229825441.py(25):         c = sum(n for b,n in B.items() if b&x==x)
s229825441.py(25):         c = sum(n for b,n in B.items() if b&x==x)
s229825441.py(26):         if c>=K:ans = x
s229825441.py(23):     for i in range(40,-1,-1):
s229825441.py(24):         x = ans + (1<<i)
s229825441.py(25):         c = sum(n for b,n in B.items() if b&x==x)
 --- modulename: s229825441, funcname: <genexpr>
s229825441.py(25):         c = sum(n for b,n in B.items() if b&x==x)
s229825441.py(25):         c = sum(n for b,n in B.items() if b&x==x)
s229825441.py(25):         c = sum(n for b,n in B.items() if b&x==x)
s229825441.py(25):         c = sum(n for b,n in B.items() if b&x==x)
s229825441.py(25):         c = sum(n for b,n in B.items() if b&x==x)
s229825441.py(25):         c = sum(n for b,n in B.items() if b&x==x)
s229825441.py(25):         c = sum(n for b,n in B.items() if b&x==x)
s229825441.py(26):         if c>=K:ans = x
s229825441.py(23):     for i in range(40,-1,-1):
s229825441.py(24):         x = ans + (1<<i)
s229825441.py(25):         c = sum(n for b,n in B.items() if b&x==x)
 --- modulename: s229825441, funcname: <genexpr>
s229825441.py(25):         c = sum(n for b,n in B.items() if b&x==x)
s229825441.py(25):         c = sum(n for b,n in B.items() if b&x==x)
s229825441.py(25):         c = sum(n for b,n in B.items() if b&x==x)
s229825441.py(25):         c = sum(n for b,n in B.items() if b&x==x)
s229825441.py(25):         c = sum(n for b,n in B.items() if b&x==x)
s229825441.py(25):         c = sum(n for b,n in B.items() if b&x==x)
s229825441.py(25):         c = sum(n for b,n in B.items() if b&x==x)
s229825441.py(26):         if c>=K:ans = x
s229825441.py(23):     for i in range(40,-1,-1):
s229825441.py(24):         x = ans + (1<<i)
s229825441.py(25):         c = sum(n for b,n in B.items() if b&x==x)
 --- modulename: s229825441, funcname: <genexpr>
s229825441.py(25):         c = sum(n for b,n in B.items() if b&x==x)
s229825441.py(25):         c = sum(n for b,n in B.items() if b&x==x)
s229825441.py(25):         c = sum(n for b,n in B.items() if b&x==x)
s229825441.py(25):         c = sum(n for b,n in B.items() if b&x==x)
s229825441.py(25):         c = sum(n for b,n in B.items() if b&x==x)
s229825441.py(25):         c = sum(n for b,n in B.items() if b&x==x)
s229825441.py(25):         c = sum(n for b,n in B.items() if b&x==x)
s229825441.py(26):         if c>=K:ans = x
s229825441.py(23):     for i in range(40,-1,-1):
s229825441.py(24):         x = ans + (1<<i)
s229825441.py(25):         c = sum(n for b,n in B.items() if b&x==x)
 --- modulename: s229825441, funcname: <genexpr>
s229825441.py(25):         c = sum(n for b,n in B.items() if b&x==x)
s229825441.py(25):         c = sum(n for b,n in B.items() if b&x==x)
s229825441.py(25):         c = sum(n for b,n in B.items() if b&x==x)
s229825441.py(25):         c = sum(n for b,n in B.items() if b&x==x)
s229825441.py(25):         c = sum(n for b,n in B.items() if b&x==x)
s229825441.py(25):         c = sum(n for b,n in B.items() if b&x==x)
s229825441.py(25):         c = sum(n for b,n in B.items() if b&x==x)
s229825441.py(26):         if c>=K:ans = x
s229825441.py(23):     for i in range(40,-1,-1):
s229825441.py(24):         x = ans + (1<<i)
s229825441.py(25):         c = sum(n for b,n in B.items() if b&x==x)
 --- modulename: s229825441, funcname: <genexpr>
s229825441.py(25):         c = sum(n for b,n in B.items() if b&x==x)
s229825441.py(25):         c = sum(n for b,n in B.items() if b&x==x)
s229825441.py(25):         c = sum(n for b,n in B.items() if b&x==x)
s229825441.py(25):         c = sum(n for b,n in B.items() if b&x==x)
s229825441.py(25):         c = sum(n for b,n in B.items() if b&x==x)
s229825441.py(25):         c = sum(n for b,n in B.items() if b&x==x)
s229825441.py(25):         c = sum(n for b,n in B.items() if b&x==x)
s229825441.py(26):         if c>=K:ans = x
s229825441.py(23):     for i in range(40,-1,-1):
s229825441.py(24):         x = ans + (1<<i)
s229825441.py(25):         c = sum(n for b,n in B.items() if b&x==x)
 --- modulename: s229825441, funcname: <genexpr>
s229825441.py(25):         c = sum(n for b,n in B.items() if b&x==x)
s229825441.py(25):         c = sum(n for b,n in B.items() if b&x==x)
s229825441.py(25):         c = sum(n for b,n in B.items() if b&x==x)
s229825441.py(25):         c = sum(n for b,n in B.items() if b&x==x)
s229825441.py(25):         c = sum(n for b,n in B.items() if b&x==x)
s229825441.py(25):         c = sum(n for b,n in B.items() if b&x==x)
s229825441.py(25):         c = sum(n for b,n in B.items() if b&x==x)
s229825441.py(26):         if c>=K:ans = x
s229825441.py(23):     for i in range(40,-1,-1):
s229825441.py(24):         x = ans + (1<<i)
s229825441.py(25):         c = sum(n for b,n in B.items() if b&x==x)
 --- modulename: s229825441, funcname: <genexpr>
s229825441.py(25):         c = sum(n for b,n in B.items() if b&x==x)
s229825441.py(25):         c = sum(n for b,n in B.items() if b&x==x)
s229825441.py(25):         c = sum(n for b,n in B.items() if b&x==x)
s229825441.py(25):         c = sum(n for b,n in B.items() if b&x==x)
s229825441.py(25):         c = sum(n for b,n in B.items() if b&x==x)
s229825441.py(25):         c = sum(n for b,n in B.items() if b&x==x)
s229825441.py(25):         c = sum(n for b,n in B.items() if b&x==x)
s229825441.py(26):         if c>=K:ans = x
s229825441.py(23):     for i in range(40,-1,-1):
s229825441.py(24):         x = ans + (1<<i)
s229825441.py(25):         c = sum(n for b,n in B.items() if b&x==x)
 --- modulename: s229825441, funcname: <genexpr>
s229825441.py(25):         c = sum(n for b,n in B.items() if b&x==x)
s229825441.py(25):         c = sum(n for b,n in B.items() if b&x==x)
s229825441.py(25):         c = sum(n for b,n in B.items() if b&x==x)
s229825441.py(25):         c = sum(n for b,n in B.items() if b&x==x)
s229825441.py(25):         c = sum(n for b,n in B.items() if b&x==x)
s229825441.py(25):         c = sum(n for b,n in B.items() if b&x==x)
s229825441.py(25):         c = sum(n for b,n in B.items() if b&x==x)
s229825441.py(26):         if c>=K:ans = x
s229825441.py(23):     for i in range(40,-1,-1):
s229825441.py(24):         x = ans + (1<<i)
s229825441.py(25):         c = sum(n for b,n in B.items() if b&x==x)
 --- modulename: s229825441, funcname: <genexpr>
s229825441.py(25):         c = sum(n for b,n in B.items() if b&x==x)
s229825441.py(25):         c = sum(n for b,n in B.items() if b&x==x)
s229825441.py(25):         c = sum(n for b,n in B.items() if b&x==x)
s229825441.py(25):         c = sum(n for b,n in B.items() if b&x==x)
s229825441.py(25):         c = sum(n for b,n in B.items() if b&x==x)
s229825441.py(25):         c = sum(n for b,n in B.items() if b&x==x)
s229825441.py(25):         c = sum(n for b,n in B.items() if b&x==x)
s229825441.py(26):         if c>=K:ans = x
s229825441.py(23):     for i in range(40,-1,-1):
s229825441.py(24):         x = ans + (1<<i)
s229825441.py(25):         c = sum(n for b,n in B.items() if b&x==x)
 --- modulename: s229825441, funcname: <genexpr>
s229825441.py(25):         c = sum(n for b,n in B.items() if b&x==x)
s229825441.py(25):         c = sum(n for b,n in B.items() if b&x==x)
s229825441.py(25):         c = sum(n for b,n in B.items() if b&x==x)
s229825441.py(25):         c = sum(n for b,n in B.items() if b&x==x)
s229825441.py(25):         c = sum(n for b,n in B.items() if b&x==x)
s229825441.py(25):         c = sum(n for b,n in B.items() if b&x==x)
s229825441.py(25):         c = sum(n for b,n in B.items() if b&x==x)
s229825441.py(26):         if c>=K:ans = x
s229825441.py(23):     for i in range(40,-1,-1):
s229825441.py(24):         x = ans + (1<<i)
s229825441.py(25):         c = sum(n for b,n in B.items() if b&x==x)
 --- modulename: s229825441, funcname: <genexpr>
s229825441.py(25):         c = sum(n for b,n in B.items() if b&x==x)
s229825441.py(25):         c = sum(n for b,n in B.items() if b&x==x)
s229825441.py(25):         c = sum(n for b,n in B.items() if b&x==x)
s229825441.py(25):         c = sum(n for b,n in B.items() if b&x==x)
s229825441.py(25):         c = sum(n for b,n in B.items() if b&x==x)
s229825441.py(25):         c = sum(n for b,n in B.items() if b&x==x)
s229825441.py(25):         c = sum(n for b,n in B.items() if b&x==x)
s229825441.py(26):         if c>=K:ans = x
s229825441.py(23):     for i in range(40,-1,-1):
s229825441.py(24):         x = ans + (1<<i)
s229825441.py(25):         c = sum(n for b,n in B.items() if b&x==x)
 --- modulename: s229825441, funcname: <genexpr>
s229825441.py(25):         c = sum(n for b,n in B.items() if b&x==x)
s229825441.py(25):         c = sum(n for b,n in B.items() if b&x==x)
s229825441.py(25):         c = sum(n for b,n in B.items() if b&x==x)
 --- modulename: s229825441, funcname: <genexpr>
s229825441.py(25):         c = sum(n for b,n in B.items() if b&x==x)
 --- modulename: s229825441, funcname: <genexpr>
s229825441.py(25):         c = sum(n for b,n in B.items() if b&x==x)
s229825441.py(25):         c = sum(n for b,n in B.items() if b&x==x)
 --- modulename: s229825441, funcname: <genexpr>
s229825441.py(25):         c = sum(n for b,n in B.items() if b&x==x)
s229825441.py(26):         if c>=K:ans = x
s229825441.py(23):     for i in range(40,-1,-1):
s229825441.py(24):         x = ans + (1<<i)
s229825441.py(25):         c = sum(n for b,n in B.items() if b&x==x)
 --- modulename: s229825441, funcname: <genexpr>
s229825441.py(25):         c = sum(n for b,n in B.items() if b&x==x)
s229825441.py(25):         c = sum(n for b,n in B.items() if b&x==x)
s229825441.py(25):         c = sum(n for b,n in B.items() if b&x==x)
s229825441.py(25):         c = sum(n for b,n in B.items() if b&x==x)
 --- modulename: s229825441, funcname: <genexpr>
s229825441.py(25):         c = sum(n for b,n in B.items() if b&x==x)
s229825441.py(25):         c = sum(n for b,n in B.items() if b&x==x)
 --- modulename: s229825441, funcname: <genexpr>
s229825441.py(25):         c = sum(n for b,n in B.items() if b&x==x)
s229825441.py(26):         if c>=K:ans = x
s229825441.py(23):     for i in range(40,-1,-1):
s229825441.py(24):         x = ans + (1<<i)
s229825441.py(25):         c = sum(n for b,n in B.items() if b&x==x)
 --- modulename: s229825441, funcname: <genexpr>
s229825441.py(25):         c = sum(n for b,n in B.items() if b&x==x)
s229825441.py(25):         c = sum(n for b,n in B.items() if b&x==x)
s229825441.py(25):         c = sum(n for b,n in B.items() if b&x==x)
s229825441.py(25):         c = sum(n for b,n in B.items() if b&x==x)
 --- modulename: s229825441, funcname: <genexpr>
s229825441.py(25):         c = sum(n for b,n in B.items() if b&x==x)
s229825441.py(25):         c = sum(n for b,n in B.items() if b&x==x)
s229825441.py(25):         c = sum(n for b,n in B.items() if b&x==x)
s229825441.py(26):         if c>=K:ans = x
s229825441.py(23):     for i in range(40,-1,-1):
s229825441.py(24):         x = ans + (1<<i)
s229825441.py(25):         c = sum(n for b,n in B.items() if b&x==x)
 --- modulename: s229825441, funcname: <genexpr>
s229825441.py(25):         c = sum(n for b,n in B.items() if b&x==x)
s229825441.py(25):         c = sum(n for b,n in B.items() if b&x==x)
s229825441.py(25):         c = sum(n for b,n in B.items() if b&x==x)
s229825441.py(25):         c = sum(n for b,n in B.items() if b&x==x)
s229825441.py(25):         c = sum(n for b,n in B.items() if b&x==x)
s229825441.py(25):         c = sum(n for b,n in B.items() if b&x==x)
s229825441.py(25):         c = sum(n for b,n in B.items() if b&x==x)
s229825441.py(26):         if c>=K:ans = x
s229825441.py(23):     for i in range(40,-1,-1):
s229825441.py(27):     print(ans)
12
