 --- modulename: s248407968, funcname: <module>
s248407968.py(2): import sys
s248407968.py(4): def count(h, w, S: "List[str]") -> int:
s248407968.py(7): def solve(H: int, W: int, S: "List[str]"):
s248407968.py(24): def main():
s248407968.py(35): if __name__ == '__main__':
s248407968.py(36):     main()
 --- modulename: s248407968, funcname: main
s248407968.py(25):     def iterate_tokens():
s248407968.py(29):     tokens = iterate_tokens()
s248407968.py(30):     H = int(next(tokens))  # type: int
 --- modulename: s248407968, funcname: iterate_tokens
s248407968.py(26):         for line in sys.stdin:
 --- modulename: codecs, funcname: decode
codecs.py(321):         data = self.buffer + input
codecs.py(322):         (result, consumed) = self._buffer_decode(data, self.errors, final)
codecs.py(324):         self.buffer = data[consumed:]
codecs.py(325):         return result
s248407968.py(27):             for word in line.split():
s248407968.py(28):                 yield word
s248407968.py(31):     W = int(next(tokens))  # type: int
 --- modulename: s248407968, funcname: iterate_tokens
s248407968.py(27):             for word in line.split():
s248407968.py(28):                 yield word
s248407968.py(32):     S = [next(tokens) for _ in range(H)]  # type: "List[str]"
 --- modulename: s248407968, funcname: <listcomp>
s248407968.py(32):     S = [next(tokens) for _ in range(H)]  # type: "List[str]"
 --- modulename: s248407968, funcname: iterate_tokens
s248407968.py(27):             for word in line.split():
s248407968.py(26):         for line in sys.stdin:
s248407968.py(27):             for word in line.split():
s248407968.py(28):                 yield word
s248407968.py(32):     S = [next(tokens) for _ in range(H)]  # type: "List[str]"
 --- modulename: s248407968, funcname: iterate_tokens
s248407968.py(27):             for word in line.split():
s248407968.py(26):         for line in sys.stdin:
s248407968.py(27):             for word in line.split():
s248407968.py(28):                 yield word
s248407968.py(32):     S = [next(tokens) for _ in range(H)]  # type: "List[str]"
 --- modulename: s248407968, funcname: iterate_tokens
s248407968.py(27):             for word in line.split():
s248407968.py(26):         for line in sys.stdin:
s248407968.py(27):             for word in line.split():
s248407968.py(28):                 yield word
s248407968.py(32):     S = [next(tokens) for _ in range(H)]  # type: "List[str]"
s248407968.py(33):     solve(H, W, S)
 --- modulename: s248407968, funcname: solve
s248407968.py(8):     S = ["." * W] + S + ["." * W]
s248407968.py(9):     for h in range(H+2):
s248407968.py(10):         S[h] = "." + S[h] + "."
s248407968.py(9):     for h in range(H+2):
s248407968.py(10):         S[h] = "." + S[h] + "."
s248407968.py(9):     for h in range(H+2):
s248407968.py(10):         S[h] = "." + S[h] + "."
s248407968.py(9):     for h in range(H+2):
s248407968.py(10):         S[h] = "." + S[h] + "."
s248407968.py(9):     for h in range(H+2):
s248407968.py(10):         S[h] = "." + S[h] + "."
s248407968.py(9):     for h in range(H+2):
s248407968.py(11):     ans = ["" for _ in range(H)]
 --- modulename: s248407968, funcname: <listcomp>
s248407968.py(11):     ans = ["" for _ in range(H)]
s248407968.py(11):     ans = ["" for _ in range(H)]
s248407968.py(11):     ans = ["" for _ in range(H)]
s248407968.py(11):     ans = ["" for _ in range(H)]
s248407968.py(12):     for h in range(H):
s248407968.py(13):         for w in range(W):
s248407968.py(14):             if S[h+1][w+1] != "#":
s248407968.py(15):                 ans[h] += str(count(h+1, w+1, S))
 --- modulename: s248407968, funcname: count
s248407968.py(5):     return (S[h-1][w] + S[h][w-1] + S[h-1][w-1] + S[h+1][w-1] + S[h-1][w+1] + S[h+1][w+1] + S[h+1][w] + S[h][w+1]).count("#")
s248407968.py(13):         for w in range(W):
s248407968.py(14):             if S[h+1][w+1] != "#":
s248407968.py(15):                 ans[h] += str(count(h+1, w+1, S))
 --- modulename: s248407968, funcname: count
s248407968.py(5):     return (S[h-1][w] + S[h][w-1] + S[h-1][w-1] + S[h+1][w-1] + S[h-1][w+1] + S[h+1][w+1] + S[h+1][w] + S[h][w+1]).count("#")
s248407968.py(13):         for w in range(W):
s248407968.py(14):             if S[h+1][w+1] != "#":
s248407968.py(15):                 ans[h] += str(count(h+1, w+1, S))
 --- modulename: s248407968, funcname: count
s248407968.py(5):     return (S[h-1][w] + S[h][w-1] + S[h-1][w-1] + S[h+1][w-1] + S[h-1][w+1] + S[h+1][w+1] + S[h+1][w] + S[h][w+1]).count("#")
s248407968.py(13):         for w in range(W):
s248407968.py(14):             if S[h+1][w+1] != "#":
s248407968.py(15):                 ans[h] += str(count(h+1, w+1, S))
 --- modulename: s248407968, funcname: count
s248407968.py(5):     return (S[h-1][w] + S[h][w-1] + S[h-1][w-1] + S[h+1][w-1] + S[h-1][w+1] + S[h+1][w+1] + S[h+1][w] + S[h][w+1]).count("#")
s248407968.py(13):         for w in range(W):
s248407968.py(14):             if S[h+1][w+1] != "#":
s248407968.py(15):                 ans[h] += str(count(h+1, w+1, S))
 --- modulename: s248407968, funcname: count
s248407968.py(5):     return (S[h-1][w] + S[h][w-1] + S[h-1][w-1] + S[h+1][w-1] + S[h-1][w+1] + S[h+1][w+1] + S[h+1][w] + S[h][w+1]).count("#")
s248407968.py(13):         for w in range(W):
s248407968.py(12):     for h in range(H):
s248407968.py(13):         for w in range(W):
s248407968.py(14):             if S[h+1][w+1] != "#":
s248407968.py(15):                 ans[h] += str(count(h+1, w+1, S))
 --- modulename: s248407968, funcname: count
s248407968.py(5):     return (S[h-1][w] + S[h][w-1] + S[h-1][w-1] + S[h+1][w-1] + S[h-1][w+1] + S[h+1][w+1] + S[h+1][w] + S[h][w+1]).count("#")
s248407968.py(13):         for w in range(W):
s248407968.py(14):             if S[h+1][w+1] != "#":
s248407968.py(17):                 ans[h] += "#"
s248407968.py(13):         for w in range(W):
s248407968.py(14):             if S[h+1][w+1] != "#":
s248407968.py(15):                 ans[h] += str(count(h+1, w+1, S))
 --- modulename: s248407968, funcname: count
s248407968.py(5):     return (S[h-1][w] + S[h][w-1] + S[h-1][w-1] + S[h+1][w-1] + S[h-1][w+1] + S[h+1][w+1] + S[h+1][w] + S[h][w+1]).count("#")
s248407968.py(13):         for w in range(W):
s248407968.py(14):             if S[h+1][w+1] != "#":
s248407968.py(17):                 ans[h] += "#"
s248407968.py(13):         for w in range(W):
s248407968.py(14):             if S[h+1][w+1] != "#":
s248407968.py(15):                 ans[h] += str(count(h+1, w+1, S))
 --- modulename: s248407968, funcname: count
s248407968.py(5):     return (S[h-1][w] + S[h][w-1] + S[h-1][w-1] + S[h+1][w-1] + S[h-1][w+1] + S[h+1][w+1] + S[h+1][w] + S[h][w+1]).count("#")
s248407968.py(13):         for w in range(W):
s248407968.py(12):     for h in range(H):
s248407968.py(13):         for w in range(W):
s248407968.py(14):             if S[h+1][w+1] != "#":
s248407968.py(15):                 ans[h] += str(count(h+1, w+1, S))
 --- modulename: s248407968, funcname: count
s248407968.py(5):     return (S[h-1][w] + S[h][w-1] + S[h-1][w-1] + S[h+1][w-1] + S[h-1][w+1] + S[h+1][w+1] + S[h+1][w] + S[h][w+1]).count("#")
s248407968.py(13):         for w in range(W):
s248407968.py(14):             if S[h+1][w+1] != "#":
s248407968.py(15):                 ans[h] += str(count(h+1, w+1, S))
 --- modulename: s248407968, funcname: count
s248407968.py(5):     return (S[h-1][w] + S[h][w-1] + S[h-1][w-1] + S[h+1][w-1] + S[h-1][w+1] + S[h+1][w+1] + S[h+1][w] + S[h][w+1]).count("#")
s248407968.py(13):         for w in range(W):
s248407968.py(14):             if S[h+1][w+1] != "#":
s248407968.py(15):                 ans[h] += str(count(h+1, w+1, S))
 --- modulename: s248407968, funcname: count
s248407968.py(5):     return (S[h-1][w] + S[h][w-1] + S[h-1][w-1] + S[h+1][w-1] + S[h-1][w+1] + S[h+1][w+1] + S[h+1][w] + S[h][w+1]).count("#")
s248407968.py(13):         for w in range(W):
s248407968.py(14):             if S[h+1][w+1] != "#":
s248407968.py(15):                 ans[h] += str(count(h+1, w+1, S))
 --- modulename: s248407968, funcname: count
s248407968.py(5):     return (S[h-1][w] + S[h][w-1] + S[h-1][w-1] + S[h+1][w-1] + S[h-1][w+1] + S[h+1][w+1] + S[h+1][w] + S[h][w+1]).count("#")
s248407968.py(13):         for w in range(W):
s248407968.py(14):             if S[h+1][w+1] != "#":
s248407968.py(15):                 ans[h] += str(count(h+1, w+1, S))
 --- modulename: s248407968, funcname: count
s248407968.py(5):     return (S[h-1][w] + S[h][w-1] + S[h-1][w-1] + S[h+1][w-1] + S[h-1][w+1] + S[h+1][w+1] + S[h+1][w] + S[h][w+1]).count("#")
s248407968.py(13):         for w in range(W):
s248407968.py(12):     for h in range(H):
s248407968.py(18):     for a in ans:
s248407968.py(19):         print("".join(a))
11211
s248407968.py(18):     for a in ans:
s248407968.py(19):         print("".join(a))
1#2#1
s248407968.py(18):     for a in ans:
s248407968.py(19):         print("".join(a))
11211
s248407968.py(18):     for a in ans:
s248407968.py(20):     return
 --- modulename: s248407968, funcname: iterate_tokens
