 --- modulename: s900549292, funcname: <module>
s900549292.py(1): import sys
s900549292.py(4): class Bit:
 --- modulename: s900549292, funcname: Bit
s900549292.py(4): class Bit:
s900549292.py(5):     def __init__(self, n):
s900549292.py(9):     def sum(self, i):
s900549292.py(16):     def add(self, i, x):
s900549292.py(22): def main():
s900549292.py(36): if __name__ == "__main__":
s900549292.py(37):     main()
 --- modulename: s900549292, funcname: main
s900549292.py(23):     n, q = map(int, sys.stdin.buffer.readline().split())
s900549292.py(24):     bit = Bit(n)
 --- modulename: s900549292, funcname: __init__
s900549292.py(6):         self.size = n
s900549292.py(7):         self.tree = [0] * (n + 1)
s900549292.py(25):     a = list(map(int, sys.stdin.buffer.readline().split()))
s900549292.py(26):     for i in range(n):
s900549292.py(27):         bit.add(i+1, a[i])
 --- modulename: s900549292, funcname: add
s900549292.py(17):         while i <= self.size:
s900549292.py(18):             self.tree[i] += x
s900549292.py(19):             i += i & -i
s900549292.py(17):         while i <= self.size:
s900549292.py(18):             self.tree[i] += x
s900549292.py(19):             i += i & -i
s900549292.py(17):         while i <= self.size:
s900549292.py(18):             self.tree[i] += x
s900549292.py(19):             i += i & -i
s900549292.py(17):         while i <= self.size:
s900549292.py(26):     for i in range(n):
s900549292.py(27):         bit.add(i+1, a[i])
 --- modulename: s900549292, funcname: add
s900549292.py(17):         while i <= self.size:
s900549292.py(18):             self.tree[i] += x
s900549292.py(19):             i += i & -i
s900549292.py(17):         while i <= self.size:
s900549292.py(18):             self.tree[i] += x
s900549292.py(19):             i += i & -i
s900549292.py(17):         while i <= self.size:
s900549292.py(26):     for i in range(n):
s900549292.py(27):         bit.add(i+1, a[i])
 --- modulename: s900549292, funcname: add
s900549292.py(17):         while i <= self.size:
s900549292.py(18):             self.tree[i] += x
s900549292.py(19):             i += i & -i
s900549292.py(17):         while i <= self.size:
s900549292.py(18):             self.tree[i] += x
s900549292.py(19):             i += i & -i
s900549292.py(17):         while i <= self.size:
s900549292.py(26):     for i in range(n):
s900549292.py(27):         bit.add(i+1, a[i])
 --- modulename: s900549292, funcname: add
s900549292.py(17):         while i <= self.size:
s900549292.py(18):             self.tree[i] += x
s900549292.py(19):             i += i & -i
s900549292.py(17):         while i <= self.size:
s900549292.py(26):     for i in range(n):
s900549292.py(27):         bit.add(i+1, a[i])
 --- modulename: s900549292, funcname: add
s900549292.py(17):         while i <= self.size:
s900549292.py(18):             self.tree[i] += x
s900549292.py(19):             i += i & -i
s900549292.py(17):         while i <= self.size:
s900549292.py(26):     for i in range(n):
s900549292.py(28):     for x in sys.stdin.buffer.readlines():
s900549292.py(29):         q, p, x = map(int, x.split())
s900549292.py(30):         if q:
s900549292.py(31):             print(bit.sum(x) - bit.sum(p))
 --- modulename: s900549292, funcname: sum
s900549292.py(10):         s = 0
s900549292.py(11):         while i > 0:
s900549292.py(12):             s += self.tree[i]
s900549292.py(13):             i -= i & -i
s900549292.py(11):         while i > 0:
s900549292.py(12):             s += self.tree[i]
s900549292.py(13):             i -= i & -i
s900549292.py(11):         while i > 0:
s900549292.py(14):         return s
 --- modulename: s900549292, funcname: sum
s900549292.py(10):         s = 0
s900549292.py(11):         while i > 0:
s900549292.py(14):         return s
15
s900549292.py(28):     for x in sys.stdin.buffer.readlines():
s900549292.py(29):         q, p, x = map(int, x.split())
s900549292.py(30):         if q:
s900549292.py(31):             print(bit.sum(x) - bit.sum(p))
 --- modulename: s900549292, funcname: sum
s900549292.py(10):         s = 0
s900549292.py(11):         while i > 0:
s900549292.py(12):             s += self.tree[i]
s900549292.py(13):             i -= i & -i
s900549292.py(11):         while i > 0:
s900549292.py(14):         return s
 --- modulename: s900549292, funcname: sum
s900549292.py(10):         s = 0
s900549292.py(11):         while i > 0:
s900549292.py(12):             s += self.tree[i]
s900549292.py(13):             i -= i & -i
s900549292.py(11):         while i > 0:
s900549292.py(14):         return s
7
s900549292.py(28):     for x in sys.stdin.buffer.readlines():
s900549292.py(29):         q, p, x = map(int, x.split())
s900549292.py(30):         if q:
s900549292.py(33):             bit.add(p+1, x)
 --- modulename: s900549292, funcname: add
s900549292.py(17):         while i <= self.size:
s900549292.py(18):             self.tree[i] += x
s900549292.py(19):             i += i & -i
s900549292.py(17):         while i <= self.size:
s900549292.py(28):     for x in sys.stdin.buffer.readlines():
s900549292.py(29):         q, p, x = map(int, x.split())
s900549292.py(30):         if q:
s900549292.py(31):             print(bit.sum(x) - bit.sum(p))
 --- modulename: s900549292, funcname: sum
s900549292.py(10):         s = 0
s900549292.py(11):         while i > 0:
s900549292.py(12):             s += self.tree[i]
s900549292.py(13):             i -= i & -i
s900549292.py(11):         while i > 0:
s900549292.py(12):             s += self.tree[i]
s900549292.py(13):             i -= i & -i
s900549292.py(11):         while i > 0:
s900549292.py(14):         return s
 --- modulename: s900549292, funcname: sum
s900549292.py(10):         s = 0
s900549292.py(11):         while i > 0:
s900549292.py(14):         return s
25
s900549292.py(28):     for x in sys.stdin.buffer.readlines():
s900549292.py(29):         q, p, x = map(int, x.split())
s900549292.py(30):         if q:
s900549292.py(31):             print(bit.sum(x) - bit.sum(p))
 --- modulename: s900549292, funcname: sum
s900549292.py(10):         s = 0
s900549292.py(11):         while i > 0:
s900549292.py(12):             s += self.tree[i]
s900549292.py(13):             i -= i & -i
s900549292.py(11):         while i > 0:
s900549292.py(12):             s += self.tree[i]
s900549292.py(13):             i -= i & -i
s900549292.py(11):         while i > 0:
s900549292.py(14):         return s
 --- modulename: s900549292, funcname: sum
s900549292.py(10):         s = 0
s900549292.py(11):         while i > 0:
s900549292.py(14):         return s
6
s900549292.py(28):     for x in sys.stdin.buffer.readlines():
