 --- modulename: s908735119, funcname: <module>
s908735119.py(1): import sys
s908735119.py(2): from collections import defaultdict
 --- modulename: _bootstrap, funcname: _handle_fromlist
<frozen importlib._bootstrap>(1043): <frozen importlib._bootstrap>(1044): <frozen importlib._bootstrap>(1051): <frozen importlib._bootstrap>(1055): <frozen importlib._bootstrap>(1043): <frozen importlib._bootstrap>(1067): s908735119.py(3): def input(): return sys.stdin.readline().rstrip()
s908735119.py(5): class UnionFind:
 --- modulename: s908735119, funcname: UnionFind
s908735119.py(5): class UnionFind:
s908735119.py(6):     def __init__(self, n):
s908735119.py(11):     def find(self, x):
s908735119.py(18):     def union(self, x, y):
s908735119.py(30):     def same(self, x, y):
s908735119.py(33):     def size(self, x):
s908735119.py(36):     def members(self, x):
s908735119.py(42): def main():
s908735119.py(65): if __name__ == '__main__':
s908735119.py(66):     main()
 --- modulename: s908735119, funcname: main
s908735119.py(43):     N, M, K = map(int, input().split())
 --- modulename: s908735119, funcname: input
s908735119.py(3): def input(): return sys.stdin.readline().rstrip()
 --- modulename: codecs, funcname: getstate
codecs.py(333):         return (self.buffer, 0)
 --- modulename: codecs, funcname: decode
codecs.py(321):         data = self.buffer + input
codecs.py(322):         (result, consumed) = self._buffer_decode(data, self.errors, final)
codecs.py(324):         self.buffer = data[consumed:]
codecs.py(325):         return result
s908735119.py(45):     friends = defaultdict(lambda : 1)
s908735119.py(46):     friendsGroup = UnionFind(N)
 --- modulename: s908735119, funcname: __init__
s908735119.py(7):         self.n = n + 1
s908735119.py(8):         self.parents = [-1] * (n + 1)
s908735119.py(9):         self.mem = [[] for _ in range(n+1)]
 --- modulename: s908735119, funcname: <listcomp>
s908735119.py(9):         self.mem = [[] for _ in range(n+1)]
s908735119.py(9):         self.mem = [[] for _ in range(n+1)]
s908735119.py(9):         self.mem = [[] for _ in range(n+1)]
s908735119.py(9):         self.mem = [[] for _ in range(n+1)]
s908735119.py(9):         self.mem = [[] for _ in range(n+1)]
s908735119.py(9):         self.mem = [[] for _ in range(n+1)]
s908735119.py(47):     for _ in range(M):
s908735119.py(48):         a, b = map(int, input().split())
 --- modulename: s908735119, funcname: input
s908735119.py(3): def input(): return sys.stdin.readline().rstrip()
s908735119.py(49):         friendsGroup.union(a, b)
 --- modulename: s908735119, funcname: union
s908735119.py(19):         x = self.find(x)
 --- modulename: s908735119, funcname: find
s908735119.py(12):         if self.parents[x] < 0:
s908735119.py(13):             return x
s908735119.py(20):         y = self.find(y)
 --- modulename: s908735119, funcname: find
s908735119.py(12):         if self.parents[x] < 0:
s908735119.py(13):             return x
s908735119.py(22):         if x == y:
s908735119.py(25):         if self.parents[x] > self.parents[y]:
s908735119.py(27):         self.parents[x] += self.parents[y]
s908735119.py(28):         self.parents[y] = x
s908735119.py(50):         friends[a] += 1
 --- modulename: s908735119, funcname: <lambda>
s908735119.py(45):     friends = defaultdict(lambda : 1)
s908735119.py(51):         friends[b] += 1
 --- modulename: s908735119, funcname: <lambda>
s908735119.py(45):     friends = defaultdict(lambda : 1)
s908735119.py(47):     for _ in range(M):
s908735119.py(48):         a, b = map(int, input().split())
 --- modulename: s908735119, funcname: input
s908735119.py(3): def input(): return sys.stdin.readline().rstrip()
s908735119.py(49):         friendsGroup.union(a, b)
 --- modulename: s908735119, funcname: union
s908735119.py(19):         x = self.find(x)
 --- modulename: s908735119, funcname: find
s908735119.py(12):         if self.parents[x] < 0:
s908735119.py(15):             self.parents[x] = self.find(self.parents[x])
 --- modulename: s908735119, funcname: find
s908735119.py(12):         if self.parents[x] < 0:
s908735119.py(13):             return x
s908735119.py(16):             return self.parents[x]
s908735119.py(20):         y = self.find(y)
 --- modulename: s908735119, funcname: find
s908735119.py(12):         if self.parents[x] < 0:
s908735119.py(13):             return x
s908735119.py(22):         if x == y:
s908735119.py(25):         if self.parents[x] > self.parents[y]:
s908735119.py(27):         self.parents[x] += self.parents[y]
s908735119.py(28):         self.parents[y] = x
s908735119.py(50):         friends[a] += 1
s908735119.py(51):         friends[b] += 1
 --- modulename: s908735119, funcname: <lambda>
s908735119.py(45):     friends = defaultdict(lambda : 1)
s908735119.py(47):     for _ in range(M):
s908735119.py(48):         a, b = map(int, input().split())
 --- modulename: s908735119, funcname: input
s908735119.py(3): def input(): return sys.stdin.readline().rstrip()
s908735119.py(49):         friendsGroup.union(a, b)
 --- modulename: s908735119, funcname: union
s908735119.py(19):         x = self.find(x)
 --- modulename: s908735119, funcname: find
s908735119.py(12):         if self.parents[x] < 0:
s908735119.py(15):             self.parents[x] = self.find(self.parents[x])
 --- modulename: s908735119, funcname: find
s908735119.py(12):         if self.parents[x] < 0:
s908735119.py(13):             return x
s908735119.py(16):             return self.parents[x]
s908735119.py(20):         y = self.find(y)
 --- modulename: s908735119, funcname: find
s908735119.py(12):         if self.parents[x] < 0:
s908735119.py(13):             return x
s908735119.py(22):         if x == y:
s908735119.py(23):             return
s908735119.py(50):         friends[a] += 1
s908735119.py(51):         friends[b] += 1
s908735119.py(47):     for _ in range(M):
s908735119.py(48):         a, b = map(int, input().split())
 --- modulename: s908735119, funcname: input
s908735119.py(3): def input(): return sys.stdin.readline().rstrip()
s908735119.py(49):         friendsGroup.union(a, b)
 --- modulename: s908735119, funcname: union
s908735119.py(19):         x = self.find(x)
 --- modulename: s908735119, funcname: find
s908735119.py(12):         if self.parents[x] < 0:
s908735119.py(15):             self.parents[x] = self.find(self.parents[x])
 --- modulename: s908735119, funcname: find
s908735119.py(12):         if self.parents[x] < 0:
s908735119.py(13):             return x
s908735119.py(16):             return self.parents[x]
s908735119.py(20):         y = self.find(y)
 --- modulename: s908735119, funcname: find
s908735119.py(12):         if self.parents[x] < 0:
s908735119.py(13):             return x
s908735119.py(22):         if x == y:
s908735119.py(25):         if self.parents[x] > self.parents[y]:
s908735119.py(27):         self.parents[x] += self.parents[y]
s908735119.py(28):         self.parents[y] = x
s908735119.py(50):         friends[a] += 1
s908735119.py(51):         friends[b] += 1
 --- modulename: s908735119, funcname: <lambda>
s908735119.py(45):     friends = defaultdict(lambda : 1)
s908735119.py(47):     for _ in range(M):
s908735119.py(53):     block_and_same = defaultdict(int)
s908735119.py(54):     for _ in range(K):
s908735119.py(55):         c, d = map(int, input().split())
 --- modulename: s908735119, funcname: input
s908735119.py(3): def input(): return sys.stdin.readline().rstrip()
s908735119.py(56):         if friendsGroup.same(c, d):
 --- modulename: s908735119, funcname: same
s908735119.py(31):         return self.find(x) == self.find(y)
 --- modulename: s908735119, funcname: find
s908735119.py(12):         if self.parents[x] < 0:
s908735119.py(15):             self.parents[x] = self.find(self.parents[x])
 --- modulename: s908735119, funcname: find
s908735119.py(12):         if self.parents[x] < 0:
s908735119.py(13):             return x
s908735119.py(16):             return self.parents[x]
 --- modulename: s908735119, funcname: find
s908735119.py(12):         if self.parents[x] < 0:
s908735119.py(15):             self.parents[x] = self.find(self.parents[x])
 --- modulename: s908735119, funcname: find
s908735119.py(12):         if self.parents[x] < 0:
s908735119.py(13):             return x
s908735119.py(16):             return self.parents[x]
s908735119.py(57):             block_and_same[c] += 1
s908735119.py(58):             block_and_same[d] += 1
s908735119.py(54):     for _ in range(K):
s908735119.py(60):     ans = [0] * (N + 1)
s908735119.py(61):     for i in range(1, N+1):
s908735119.py(62):         ans[i] = friendsGroup.size(i) - friends[i] - block_and_same[i]
 --- modulename: s908735119, funcname: size
s908735119.py(34):         return -self.parents[self.find(x)]
 --- modulename: s908735119, funcname: find
s908735119.py(12):         if self.parents[x] < 0:
s908735119.py(15):             self.parents[x] = self.find(self.parents[x])
 --- modulename: s908735119, funcname: find
s908735119.py(12):         if self.parents[x] < 0:
s908735119.py(13):             return x
s908735119.py(16):             return self.parents[x]
s908735119.py(61):     for i in range(1, N+1):
s908735119.py(62):         ans[i] = friendsGroup.size(i) - friends[i] - block_and_same[i]
 --- modulename: s908735119, funcname: size
s908735119.py(34):         return -self.parents[self.find(x)]
 --- modulename: s908735119, funcname: find
s908735119.py(12):         if self.parents[x] < 0:
s908735119.py(13):             return x
s908735119.py(61):     for i in range(1, N+1):
s908735119.py(62):         ans[i] = friendsGroup.size(i) - friends[i] - block_and_same[i]
 --- modulename: s908735119, funcname: size
s908735119.py(34):         return -self.parents[self.find(x)]
 --- modulename: s908735119, funcname: find
s908735119.py(12):         if self.parents[x] < 0:
s908735119.py(15):             self.parents[x] = self.find(self.parents[x])
 --- modulename: s908735119, funcname: find
s908735119.py(12):         if self.parents[x] < 0:
s908735119.py(13):             return x
s908735119.py(16):             return self.parents[x]
s908735119.py(61):     for i in range(1, N+1):
s908735119.py(62):         ans[i] = friendsGroup.size(i) - friends[i] - block_and_same[i]
 --- modulename: s908735119, funcname: size
s908735119.py(34):         return -self.parents[self.find(x)]
 --- modulename: s908735119, funcname: find
s908735119.py(12):         if self.parents[x] < 0:
s908735119.py(15):             self.parents[x] = self.find(self.parents[x])
 --- modulename: s908735119, funcname: find
s908735119.py(12):         if self.parents[x] < 0:
s908735119.py(13):             return x
s908735119.py(16):             return self.parents[x]
s908735119.py(61):     for i in range(1, N+1):
s908735119.py(63):     print(*ans[1:])
0 1 0 1
