 --- modulename: s909488672, funcname: <module>
s909488672.py(1): N, M = map(int, input().split())
 --- modulename: codecs, funcname: getstate
codecs.py(333):         return (self.buffer, 0)
 --- modulename: codecs, funcname: decode
codecs.py(321):         data = self.buffer + input
codecs.py(322):         (result, consumed) = self._buffer_decode(data, self.errors, final)
codecs.py(324):         self.buffer = data[consumed:]
codecs.py(325):         return result
s909488672.py(2): P = list(map(lambda x: int(x) - 1, input().split()))
 --- modulename: s909488672, funcname: <lambda>
s909488672.py(2): P = list(map(lambda x: int(x) - 1, input().split()))
 --- modulename: s909488672, funcname: <lambda>
s909488672.py(2): P = list(map(lambda x: int(x) - 1, input().split()))
 --- modulename: s909488672, funcname: <lambda>
s909488672.py(2): P = list(map(lambda x: int(x) - 1, input().split()))
 --- modulename: s909488672, funcname: <lambda>
s909488672.py(2): P = list(map(lambda x: int(x) - 1, input().split()))
 --- modulename: s909488672, funcname: <lambda>
s909488672.py(2): P = list(map(lambda x: int(x) - 1, input().split()))
s909488672.py(3): rank = [0] * N
s909488672.py(4): parent = [i for i in range(N)]
 --- modulename: s909488672, funcname: <listcomp>
s909488672.py(4): parent = [i for i in range(N)]
s909488672.py(4): parent = [i for i in range(N)]
s909488672.py(4): parent = [i for i in range(N)]
s909488672.py(4): parent = [i for i in range(N)]
s909488672.py(4): parent = [i for i in range(N)]
s909488672.py(4): parent = [i for i in range(N)]
s909488672.py(7): def find(i):
s909488672.py(15): def same(x, y):
s909488672.py(19): def unite(x, y):
s909488672.py(33): for i in range(M):
s909488672.py(34):     x, y = map(int, input().split())
s909488672.py(35):     unite(x - 1, y - 1)
 --- modulename: s909488672, funcname: unite
s909488672.py(20):     x = find(x)
 --- modulename: s909488672, funcname: find
s909488672.py(8):     if parent[i] == i:
s909488672.py(9):         return i
s909488672.py(21):     y = find(y)
 --- modulename: s909488672, funcname: find
s909488672.py(8):     if parent[i] == i:
s909488672.py(9):         return i
s909488672.py(22):     if x == y:
s909488672.py(25):     if rank[x] > rank[y]:
s909488672.py(28):         parent[x] = y
s909488672.py(29):         if rank[x] == rank[y]:
s909488672.py(30):             rank[y] += 1
s909488672.py(33): for i in range(M):
s909488672.py(34):     x, y = map(int, input().split())
s909488672.py(35):     unite(x - 1, y - 1)
 --- modulename: s909488672, funcname: unite
s909488672.py(20):     x = find(x)
 --- modulename: s909488672, funcname: find
s909488672.py(8):     if parent[i] == i:
s909488672.py(9):         return i
s909488672.py(21):     y = find(y)
 --- modulename: s909488672, funcname: find
s909488672.py(8):     if parent[i] == i:
s909488672.py(9):         return i
s909488672.py(22):     if x == y:
s909488672.py(25):     if rank[x] > rank[y]:
s909488672.py(28):         parent[x] = y
s909488672.py(29):         if rank[x] == rank[y]:
s909488672.py(30):             rank[y] += 1
s909488672.py(33): for i in range(M):
s909488672.py(37): num = 0
s909488672.py(38): for i in range(N):
s909488672.py(39):     num += same(i, P[i])
 --- modulename: s909488672, funcname: same
s909488672.py(16):     return find(x) == find(y)
 --- modulename: s909488672, funcname: find
s909488672.py(8):     if parent[i] == i:
s909488672.py(11):         parent[i] = find(parent[i])
 --- modulename: s909488672, funcname: find
s909488672.py(8):     if parent[i] == i:
s909488672.py(9):         return i
s909488672.py(12):         return parent[i]
 --- modulename: s909488672, funcname: find
s909488672.py(8):     if parent[i] == i:
s909488672.py(11):         parent[i] = find(parent[i])
 --- modulename: s909488672, funcname: find
s909488672.py(8):     if parent[i] == i:
s909488672.py(9):         return i
s909488672.py(12):         return parent[i]
s909488672.py(38): for i in range(N):
s909488672.py(39):     num += same(i, P[i])
 --- modulename: s909488672, funcname: same
s909488672.py(16):     return find(x) == find(y)
 --- modulename: s909488672, funcname: find
s909488672.py(8):     if parent[i] == i:
s909488672.py(9):         return i
 --- modulename: s909488672, funcname: find
s909488672.py(8):     if parent[i] == i:
s909488672.py(9):         return i
s909488672.py(38): for i in range(N):
s909488672.py(39):     num += same(i, P[i])
 --- modulename: s909488672, funcname: same
s909488672.py(16):     return find(x) == find(y)
 --- modulename: s909488672, funcname: find
s909488672.py(8):     if parent[i] == i:
s909488672.py(9):         return i
 --- modulename: s909488672, funcname: find
s909488672.py(8):     if parent[i] == i:
s909488672.py(11):         parent[i] = find(parent[i])
 --- modulename: s909488672, funcname: find
s909488672.py(8):     if parent[i] == i:
s909488672.py(9):         return i
s909488672.py(12):         return parent[i]
s909488672.py(38): for i in range(N):
s909488672.py(39):     num += same(i, P[i])
 --- modulename: s909488672, funcname: same
s909488672.py(16):     return find(x) == find(y)
 --- modulename: s909488672, funcname: find
s909488672.py(8):     if parent[i] == i:
s909488672.py(9):         return i
 --- modulename: s909488672, funcname: find
s909488672.py(8):     if parent[i] == i:
s909488672.py(9):         return i
s909488672.py(38): for i in range(N):
s909488672.py(39):     num += same(i, P[i])
 --- modulename: s909488672, funcname: same
s909488672.py(16):     return find(x) == find(y)
 --- modulename: s909488672, funcname: find
s909488672.py(8):     if parent[i] == i:
s909488672.py(11):         parent[i] = find(parent[i])
 --- modulename: s909488672, funcname: find
s909488672.py(8):     if parent[i] == i:
s909488672.py(9):         return i
s909488672.py(12):         return parent[i]
 --- modulename: s909488672, funcname: find
s909488672.py(8):     if parent[i] == i:
s909488672.py(9):         return i
s909488672.py(38): for i in range(N):
s909488672.py(41): print(num)
2
