 --- modulename: s912864378, funcname: <module>
s912864378.py(1): def insert(z):
s912864378.py(22): def inorder(u):
s912864378.py(31): def preorder(v):
s912864378.py(40): TR = {}
s912864378.py(41): TL = {}
s912864378.py(42): TP = {}
s912864378.py(43): NIL = None
s912864378.py(44): root = NIL
s912864378.py(45): m = int(input())
 --- modulename: codecs, funcname: getstate
codecs.py(333):         return (self.buffer, 0)
 --- modulename: codecs, funcname: decode
codecs.py(321):         data = self.buffer + input
codecs.py(322):         (result, consumed) = self._buffer_decode(data, self.errors, final)
codecs.py(324):         self.buffer = data[consumed:]
codecs.py(325):         return result
s912864378.py(46): data = [input().split() for _ in range(m)]
 --- modulename: s912864378, funcname: <listcomp>
s912864378.py(46): data = [input().split() for _ in range(m)]
s912864378.py(46): data = [input().split() for _ in range(m)]
s912864378.py(46): data = [input().split() for _ in range(m)]
s912864378.py(46): data = [input().split() for _ in range(m)]
s912864378.py(46): data = [input().split() for _ in range(m)]
s912864378.py(46): data = [input().split() for _ in range(m)]
s912864378.py(46): data = [input().split() for _ in range(m)]
s912864378.py(46): data = [input().split() for _ in range(m)]
s912864378.py(46): data = [input().split() for _ in range(m)]
s912864378.py(46): data = [input().split() for _ in range(m)]
s912864378.py(46): data = [input().split() for _ in range(m)]
s912864378.py(48): for i in data:
s912864378.py(49):     if i[0][0] == 'i':
s912864378.py(50):         TR[int(i[1])] = TL[int(i[1])] = NIL
s912864378.py(51):         insert(int(i[1]))
 --- modulename: s912864378, funcname: insert
s912864378.py(3):     y = NIL
s912864378.py(4):     x = root
s912864378.py(6):     while x != NIL:
s912864378.py(12):     TP[z] = y
s912864378.py(14):     if y == NIL:
s912864378.py(15):         root = z
s912864378.py(48): for i in data:
s912864378.py(49):     if i[0][0] == 'i':
s912864378.py(50):         TR[int(i[1])] = TL[int(i[1])] = NIL
s912864378.py(51):         insert(int(i[1]))
 --- modulename: s912864378, funcname: insert
s912864378.py(3):     y = NIL
s912864378.py(4):     x = root
s912864378.py(6):     while x != NIL:
s912864378.py(7):         y = x
s912864378.py(8):         if z < x:
s912864378.py(11):             x = TR[x]
s912864378.py(6):     while x != NIL:
s912864378.py(12):     TP[z] = y
s912864378.py(14):     if y == NIL:
s912864378.py(16):     elif z < y:
s912864378.py(19):         TR[y] = z
s912864378.py(48): for i in data:
s912864378.py(49):     if i[0][0] == 'i':
s912864378.py(50):         TR[int(i[1])] = TL[int(i[1])] = NIL
s912864378.py(51):         insert(int(i[1]))
 --- modulename: s912864378, funcname: insert
s912864378.py(3):     y = NIL
s912864378.py(4):     x = root
s912864378.py(6):     while x != NIL:
s912864378.py(7):         y = x
s912864378.py(8):         if z < x:
s912864378.py(9):             x = TL[x]
s912864378.py(6):     while x != NIL:
s912864378.py(12):     TP[z] = y
s912864378.py(14):     if y == NIL:
s912864378.py(16):     elif z < y:
s912864378.py(17):         TL[y] = z
s912864378.py(48): for i in data:
s912864378.py(49):     if i[0][0] == 'i':
s912864378.py(50):         TR[int(i[1])] = TL[int(i[1])] = NIL
s912864378.py(51):         insert(int(i[1]))
 --- modulename: s912864378, funcname: insert
s912864378.py(3):     y = NIL
s912864378.py(4):     x = root
s912864378.py(6):     while x != NIL:
s912864378.py(7):         y = x
s912864378.py(8):         if z < x:
s912864378.py(9):             x = TL[x]
s912864378.py(6):     while x != NIL:
s912864378.py(7):         y = x
s912864378.py(8):         if z < x:
s912864378.py(9):             x = TL[x]
s912864378.py(6):     while x != NIL:
s912864378.py(12):     TP[z] = y
s912864378.py(14):     if y == NIL:
s912864378.py(16):     elif z < y:
s912864378.py(17):         TL[y] = z
s912864378.py(48): for i in data:
s912864378.py(49):     if i[0][0] == 'i':
s912864378.py(50):         TR[int(i[1])] = TL[int(i[1])] = NIL
s912864378.py(51):         insert(int(i[1]))
 --- modulename: s912864378, funcname: insert
s912864378.py(3):     y = NIL
s912864378.py(4):     x = root
s912864378.py(6):     while x != NIL:
s912864378.py(7):         y = x
s912864378.py(8):         if z < x:
s912864378.py(9):             x = TL[x]
s912864378.py(6):     while x != NIL:
s912864378.py(7):         y = x
s912864378.py(8):         if z < x:
s912864378.py(11):             x = TR[x]
s912864378.py(6):     while x != NIL:
s912864378.py(12):     TP[z] = y
s912864378.py(14):     if y == NIL:
s912864378.py(16):     elif z < y:
s912864378.py(19):         TR[y] = z
s912864378.py(48): for i in data:
s912864378.py(49):     if i[0][0] == 'i':
s912864378.py(52):     elif i[0][0] == 'f':
s912864378.py(53):         if int(i[1]) in TR:
s912864378.py(54):             print('yes')
yes
s912864378.py(48): for i in data:
s912864378.py(49):     if i[0][0] == 'i':
s912864378.py(50):         TR[int(i[1])] = TL[int(i[1])] = NIL
s912864378.py(51):         insert(int(i[1]))
 --- modulename: s912864378, funcname: insert
s912864378.py(3):     y = NIL
s912864378.py(4):     x = root
s912864378.py(6):     while x != NIL:
s912864378.py(7):         y = x
s912864378.py(8):         if z < x:
s912864378.py(9):             x = TL[x]
s912864378.py(6):     while x != NIL:
s912864378.py(7):         y = x
s912864378.py(8):         if z < x:
s912864378.py(11):             x = TR[x]
s912864378.py(6):     while x != NIL:
s912864378.py(7):         y = x
s912864378.py(8):         if z < x:
s912864378.py(9):             x = TL[x]
s912864378.py(6):     while x != NIL:
s912864378.py(12):     TP[z] = y
s912864378.py(14):     if y == NIL:
s912864378.py(16):     elif z < y:
s912864378.py(17):         TL[y] = z
s912864378.py(48): for i in data:
s912864378.py(49):     if i[0][0] == 'i':
s912864378.py(50):         TR[int(i[1])] = TL[int(i[1])] = NIL
s912864378.py(51):         insert(int(i[1]))
 --- modulename: s912864378, funcname: insert
s912864378.py(3):     y = NIL
s912864378.py(4):     x = root
s912864378.py(6):     while x != NIL:
s912864378.py(7):         y = x
s912864378.py(8):         if z < x:
s912864378.py(9):             x = TL[x]
s912864378.py(6):     while x != NIL:
s912864378.py(7):         y = x
s912864378.py(8):         if z < x:
s912864378.py(11):             x = TR[x]
s912864378.py(6):     while x != NIL:
s912864378.py(7):         y = x
s912864378.py(8):         if z < x:
s912864378.py(11):             x = TR[x]
s912864378.py(6):     while x != NIL:
s912864378.py(12):     TP[z] = y
s912864378.py(14):     if y == NIL:
s912864378.py(16):     elif z < y:
s912864378.py(19):         TR[y] = z
s912864378.py(48): for i in data:
s912864378.py(49):     if i[0][0] == 'i':
s912864378.py(52):     elif i[0][0] == 'f':
s912864378.py(53):         if int(i[1]) in TR:
s912864378.py(56):             print('no')
no
s912864378.py(48): for i in data:
s912864378.py(49):     if i[0][0] == 'i':
s912864378.py(52):     elif i[0][0] == 'f':
s912864378.py(58):         inorder(root)
 --- modulename: s912864378, funcname: inorder
s912864378.py(23):     if u == NIL:
s912864378.py(25):     inorder(TL[u])
 --- modulename: s912864378, funcname: inorder
s912864378.py(23):     if u == NIL:
s912864378.py(25):     inorder(TL[u])
 --- modulename: s912864378, funcname: inorder
s912864378.py(23):     if u == NIL:
s912864378.py(25):     inorder(TL[u])
 --- modulename: s912864378, funcname: inorder
s912864378.py(23):     if u == NIL:
s912864378.py(24):         return
s912864378.py(26):     print(' ', end='')
 s912864378.py(27):     print(u, end='')
1s912864378.py(28):     inorder(TR[u])
 --- modulename: s912864378, funcname: inorder
s912864378.py(23):     if u == NIL:
s912864378.py(24):         return
s912864378.py(26):     print(' ', end='')
 s912864378.py(27):     print(u, end='')
12s912864378.py(28):     inorder(TR[u])
 --- modulename: s912864378, funcname: inorder
s912864378.py(23):     if u == NIL:
s912864378.py(25):     inorder(TL[u])
 --- modulename: s912864378, funcname: inorder
s912864378.py(23):     if u == NIL:
s912864378.py(25):     inorder(TL[u])
 --- modulename: s912864378, funcname: inorder
s912864378.py(23):     if u == NIL:
s912864378.py(24):         return
s912864378.py(26):     print(' ', end='')
 s912864378.py(27):     print(u, end='')
17s912864378.py(28):     inorder(TR[u])
 --- modulename: s912864378, funcname: inorder
s912864378.py(23):     if u == NIL:
s912864378.py(24):         return
s912864378.py(26):     print(' ', end='')
 s912864378.py(27):     print(u, end='')
20s912864378.py(28):     inorder(TR[u])
 --- modulename: s912864378, funcname: inorder
s912864378.py(23):     if u == NIL:
s912864378.py(25):     inorder(TL[u])
 --- modulename: s912864378, funcname: inorder
s912864378.py(23):     if u == NIL:
s912864378.py(24):         return
s912864378.py(26):     print(' ', end='')
 s912864378.py(27):     print(u, end='')
25s912864378.py(28):     inorder(TR[u])
 --- modulename: s912864378, funcname: inorder
s912864378.py(23):     if u == NIL:
s912864378.py(24):         return
s912864378.py(26):     print(' ', end='')
 s912864378.py(27):     print(u, end='')
30s912864378.py(28):     inorder(TR[u])
 --- modulename: s912864378, funcname: inorder
s912864378.py(23):     if u == NIL:
s912864378.py(25):     inorder(TL[u])
 --- modulename: s912864378, funcname: inorder
s912864378.py(23):     if u == NIL:
s912864378.py(24):         return
s912864378.py(26):     print(' ', end='')
 s912864378.py(27):     print(u, end='')
88s912864378.py(28):     inorder(TR[u])
 --- modulename: s912864378, funcname: inorder
s912864378.py(23):     if u == NIL:
s912864378.py(24):         return
s912864378.py(59):         print()

s912864378.py(60):         preorder(root)
 --- modulename: s912864378, funcname: preorder
s912864378.py(32):     if v == NIL:
s912864378.py(34):     print(' ', end='')
 s912864378.py(35):     print(v, end='')
30s912864378.py(36):     preorder(TL[v])
 --- modulename: s912864378, funcname: preorder
s912864378.py(32):     if v == NIL:
s912864378.py(34):     print(' ', end='')
 s912864378.py(35):     print(v, end='')
12s912864378.py(36):     preorder(TL[v])
 --- modulename: s912864378, funcname: preorder
s912864378.py(32):     if v == NIL:
s912864378.py(34):     print(' ', end='')
 s912864378.py(35):     print(v, end='')
1s912864378.py(36):     preorder(TL[v])
 --- modulename: s912864378, funcname: preorder
s912864378.py(32):     if v == NIL:
s912864378.py(33):         return
s912864378.py(37):     preorder(TR[v])
 --- modulename: s912864378, funcname: preorder
s912864378.py(32):     if v == NIL:
s912864378.py(33):         return
s912864378.py(37):     preorder(TR[v])
 --- modulename: s912864378, funcname: preorder
s912864378.py(32):     if v == NIL:
s912864378.py(34):     print(' ', end='')
 s912864378.py(35):     print(v, end='')
20s912864378.py(36):     preorder(TL[v])
 --- modulename: s912864378, funcname: preorder
s912864378.py(32):     if v == NIL:
s912864378.py(34):     print(' ', end='')
 s912864378.py(35):     print(v, end='')
17s912864378.py(36):     preorder(TL[v])
 --- modulename: s912864378, funcname: preorder
s912864378.py(32):     if v == NIL:
s912864378.py(33):         return
s912864378.py(37):     preorder(TR[v])
 --- modulename: s912864378, funcname: preorder
s912864378.py(32):     if v == NIL:
s912864378.py(33):         return
s912864378.py(37):     preorder(TR[v])
 --- modulename: s912864378, funcname: preorder
s912864378.py(32):     if v == NIL:
s912864378.py(34):     print(' ', end='')
 s912864378.py(35):     print(v, end='')
25s912864378.py(36):     preorder(TL[v])
 --- modulename: s912864378, funcname: preorder
s912864378.py(32):     if v == NIL:
s912864378.py(33):         return
s912864378.py(37):     preorder(TR[v])
 --- modulename: s912864378, funcname: preorder
s912864378.py(32):     if v == NIL:
s912864378.py(33):         return
s912864378.py(37):     preorder(TR[v])
 --- modulename: s912864378, funcname: preorder
s912864378.py(32):     if v == NIL:
s912864378.py(34):     print(' ', end='')
 s912864378.py(35):     print(v, end='')
88s912864378.py(36):     preorder(TL[v])
 --- modulename: s912864378, funcname: preorder
s912864378.py(32):     if v == NIL:
s912864378.py(33):         return
s912864378.py(37):     preorder(TR[v])
 --- modulename: s912864378, funcname: preorder
s912864378.py(32):     if v == NIL:
s912864378.py(33):         return
s912864378.py(61):         print()

s912864378.py(48): for i in data:
