 --- modulename: s914657219, funcname: <module>
s914657219.py(2): import sys
s914657219.py(5): def solve(N: int, a: "List[int]"):
s914657219.py(21): def main():
s914657219.py(32): if __name__ == '__main__':
s914657219.py(33):     main()
 --- modulename: s914657219, funcname: main
s914657219.py(22):     def iterate_tokens():
s914657219.py(26):     tokens = iterate_tokens()
s914657219.py(27):     N = int(next(tokens))  # type: int
 --- modulename: s914657219, funcname: iterate_tokens
s914657219.py(23):         for line in sys.stdin:
 --- modulename: codecs, funcname: decode
codecs.py(321):         data = self.buffer + input
codecs.py(322):         (result, consumed) = self._buffer_decode(data, self.errors, final)
codecs.py(324):         self.buffer = data[consumed:]
codecs.py(325):         return result
s914657219.py(24):             for word in line.split():
s914657219.py(25):                 yield word
s914657219.py(28):     a = [int(next(tokens)) for _ in range(N)]  # type: "List[int]"
 --- modulename: s914657219, funcname: <listcomp>
s914657219.py(28):     a = [int(next(tokens)) for _ in range(N)]  # type: "List[int]"
 --- modulename: s914657219, funcname: iterate_tokens
s914657219.py(24):             for word in line.split():
s914657219.py(23):         for line in sys.stdin:
s914657219.py(24):             for word in line.split():
s914657219.py(25):                 yield word
s914657219.py(28):     a = [int(next(tokens)) for _ in range(N)]  # type: "List[int]"
 --- modulename: s914657219, funcname: iterate_tokens
s914657219.py(24):             for word in line.split():
s914657219.py(25):                 yield word
s914657219.py(28):     a = [int(next(tokens)) for _ in range(N)]  # type: "List[int]"
 --- modulename: s914657219, funcname: iterate_tokens
s914657219.py(24):             for word in line.split():
s914657219.py(25):                 yield word
s914657219.py(28):     a = [int(next(tokens)) for _ in range(N)]  # type: "List[int]"
s914657219.py(29):     solve(N, a)
 --- modulename: s914657219, funcname: solve
s914657219.py(6):     if 1 not in a:
s914657219.py(9):     ans = 0
s914657219.py(10):     nxt = 1
s914657219.py(11):     for i in range(N):
s914657219.py(12):         if a[i] == nxt:
s914657219.py(15):             ans += 1
s914657219.py(11):     for i in range(N):
s914657219.py(12):         if a[i] == nxt:
s914657219.py(13):             nxt += 1
s914657219.py(11):     for i in range(N):
s914657219.py(12):         if a[i] == nxt:
s914657219.py(13):             nxt += 1
s914657219.py(11):     for i in range(N):
s914657219.py(16):     print(ans)
1
s914657219.py(17):     return
 --- modulename: s914657219, funcname: iterate_tokens
