 --- modulename: s919154128, funcname: <module>
s919154128.py(1): class SegmentTree():
 --- modulename: s919154128, funcname: SegmentTree
s919154128.py(1): class SegmentTree():
s919154128.py(2):     def __init__(self, values, merge_func=min, default=float("inf")):
s919154128.py(17):     def update(self, index, value):
s919154128.py(25):     def __query(self, a, b, k, l, r):
s919154128.py(35):     def query(self, a, b):
s919154128.py(39): def main():
s919154128.py(50): if __name__ == "__main__":
s919154128.py(51):     main()
 --- modulename: s919154128, funcname: main
s919154128.py(40):     N = int(input())
 --- modulename: codecs, funcname: getstate
codecs.py(333):         return (self.buffer, 0)
 --- modulename: codecs, funcname: decode
codecs.py(321):         data = self.buffer + input
codecs.py(322):         (result, consumed) = self._buffer_decode(data, self.errors, final)
codecs.py(324):         self.buffer = data[consumed:]
codecs.py(325):         return result
s919154128.py(41):     H = list(map(int, input().split()))
s919154128.py(42):     A = list(map(int, input().split()))
s919154128.py(43):     RMQ = SegmentTree([0] * N, merge_func=max, default=0)
 --- modulename: s919154128, funcname: __init__
s919154128.py(3):         n = len(values)
s919154128.py(4):         self.size = 1
s919154128.py(5):         self.default = default
s919154128.py(6):         self.merge = merge_func
s919154128.py(7):         while self.size < n:
s919154128.py(8):             self.size *= 2
s919154128.py(7):         while self.size < n:
s919154128.py(8):             self.size *= 2
s919154128.py(7):         while self.size < n:
s919154128.py(11):         self.tree = [self.default] * self.size * 2
s919154128.py(12):         for i in range(n):
s919154128.py(13):             self.tree[self.size + i] = values[i]
s919154128.py(12):         for i in range(n):
s919154128.py(13):             self.tree[self.size + i] = values[i]
s919154128.py(12):         for i in range(n):
s919154128.py(13):             self.tree[self.size + i] = values[i]
s919154128.py(12):         for i in range(n):
s919154128.py(13):             self.tree[self.size + i] = values[i]
s919154128.py(12):         for i in range(n):
s919154128.py(14):         for i in range(self.size-1, 0, -1):
s919154128.py(15):             self.tree[i] = self.merge(self.tree[i*2], self.tree[i*2+1])
s919154128.py(14):         for i in range(self.size-1, 0, -1):
s919154128.py(15):             self.tree[i] = self.merge(self.tree[i*2], self.tree[i*2+1])
s919154128.py(14):         for i in range(self.size-1, 0, -1):
s919154128.py(15):             self.tree[i] = self.merge(self.tree[i*2], self.tree[i*2+1])
s919154128.py(14):         for i in range(self.size-1, 0, -1):
s919154128.py(44):     for i in range(N):
s919154128.py(45):         maximum = RMQ.query(0, H[i]-1)
 --- modulename: s919154128, funcname: query
s919154128.py(36):         return self.__query(a, b, 1, 0, self.size)
 --- modulename: s919154128, funcname: __query
s919154128.py(26):         if r <= a or b <= l:
s919154128.py(28):         if a <= l and r <= b:
s919154128.py(30):         left = self.__query(a, b, k*2, l, (l+r)//2)
 --- modulename: s919154128, funcname: __query
s919154128.py(26):         if r <= a or b <= l:
s919154128.py(28):         if a <= l and r <= b:
s919154128.py(29):             return self.tree[k]
s919154128.py(31):         right = self.__query(a, b, k*2+1, (l+r)//2, r)
 --- modulename: s919154128, funcname: __query
s919154128.py(26):         if r <= a or b <= l:
s919154128.py(27):             return self.default
s919154128.py(32):         return self.merge(left, right)
s919154128.py(46):         RMQ.update(H[i]-1, maximum + A[i])
 --- modulename: s919154128, funcname: update
s919154128.py(18):         index += self.size
s919154128.py(19):         self.tree[index] = value
s919154128.py(20):         while index > 1:
s919154128.py(21):             index //= 2
s919154128.py(22):             self.tree[index] = self.merge(
s919154128.py(23):                 self.tree[index*2], self.tree[index*2+1])
s919154128.py(22):             self.tree[index] = self.merge(
s919154128.py(20):         while index > 1:
s919154128.py(21):             index //= 2
s919154128.py(22):             self.tree[index] = self.merge(
s919154128.py(23):                 self.tree[index*2], self.tree[index*2+1])
s919154128.py(22):             self.tree[index] = self.merge(
s919154128.py(20):         while index > 1:
s919154128.py(44):     for i in range(N):
s919154128.py(45):         maximum = RMQ.query(0, H[i]-1)
 --- modulename: s919154128, funcname: query
s919154128.py(36):         return self.__query(a, b, 1, 0, self.size)
 --- modulename: s919154128, funcname: __query
s919154128.py(26):         if r <= a or b <= l:
s919154128.py(27):             return self.default
s919154128.py(46):         RMQ.update(H[i]-1, maximum + A[i])
 --- modulename: s919154128, funcname: update
s919154128.py(18):         index += self.size
s919154128.py(19):         self.tree[index] = value
s919154128.py(20):         while index > 1:
s919154128.py(21):             index //= 2
s919154128.py(22):             self.tree[index] = self.merge(
s919154128.py(23):                 self.tree[index*2], self.tree[index*2+1])
s919154128.py(22):             self.tree[index] = self.merge(
s919154128.py(20):         while index > 1:
s919154128.py(21):             index //= 2
s919154128.py(22):             self.tree[index] = self.merge(
s919154128.py(23):                 self.tree[index*2], self.tree[index*2+1])
s919154128.py(22):             self.tree[index] = self.merge(
s919154128.py(20):         while index > 1:
s919154128.py(44):     for i in range(N):
s919154128.py(45):         maximum = RMQ.query(0, H[i]-1)
 --- modulename: s919154128, funcname: query
s919154128.py(36):         return self.__query(a, b, 1, 0, self.size)
 --- modulename: s919154128, funcname: __query
s919154128.py(26):         if r <= a or b <= l:
s919154128.py(28):         if a <= l and r <= b:
s919154128.py(30):         left = self.__query(a, b, k*2, l, (l+r)//2)
 --- modulename: s919154128, funcname: __query
s919154128.py(26):         if r <= a or b <= l:
s919154128.py(28):         if a <= l and r <= b:
s919154128.py(29):             return self.tree[k]
s919154128.py(31):         right = self.__query(a, b, k*2+1, (l+r)//2, r)
 --- modulename: s919154128, funcname: __query
s919154128.py(26):         if r <= a or b <= l:
s919154128.py(28):         if a <= l and r <= b:
s919154128.py(30):         left = self.__query(a, b, k*2, l, (l+r)//2)
 --- modulename: s919154128, funcname: __query
s919154128.py(26):         if r <= a or b <= l:
s919154128.py(28):         if a <= l and r <= b:
s919154128.py(29):             return self.tree[k]
s919154128.py(31):         right = self.__query(a, b, k*2+1, (l+r)//2, r)
 --- modulename: s919154128, funcname: __query
s919154128.py(26):         if r <= a or b <= l:
s919154128.py(27):             return self.default
s919154128.py(32):         return self.merge(left, right)
s919154128.py(32):         return self.merge(left, right)
s919154128.py(46):         RMQ.update(H[i]-1, maximum + A[i])
 --- modulename: s919154128, funcname: update
s919154128.py(18):         index += self.size
s919154128.py(19):         self.tree[index] = value
s919154128.py(20):         while index > 1:
s919154128.py(21):             index //= 2
s919154128.py(22):             self.tree[index] = self.merge(
s919154128.py(23):                 self.tree[index*2], self.tree[index*2+1])
s919154128.py(22):             self.tree[index] = self.merge(
s919154128.py(20):         while index > 1:
s919154128.py(21):             index //= 2
s919154128.py(22):             self.tree[index] = self.merge(
s919154128.py(23):                 self.tree[index*2], self.tree[index*2+1])
s919154128.py(22):             self.tree[index] = self.merge(
s919154128.py(20):         while index > 1:
s919154128.py(44):     for i in range(N):
s919154128.py(45):         maximum = RMQ.query(0, H[i]-1)
 --- modulename: s919154128, funcname: query
s919154128.py(36):         return self.__query(a, b, 1, 0, self.size)
 --- modulename: s919154128, funcname: __query
s919154128.py(26):         if r <= a or b <= l:
s919154128.py(28):         if a <= l and r <= b:
s919154128.py(30):         left = self.__query(a, b, k*2, l, (l+r)//2)
 --- modulename: s919154128, funcname: __query
s919154128.py(26):         if r <= a or b <= l:
s919154128.py(28):         if a <= l and r <= b:
s919154128.py(30):         left = self.__query(a, b, k*2, l, (l+r)//2)
 --- modulename: s919154128, funcname: __query
s919154128.py(26):         if r <= a or b <= l:
s919154128.py(28):         if a <= l and r <= b:
s919154128.py(29):             return self.tree[k]
s919154128.py(31):         right = self.__query(a, b, k*2+1, (l+r)//2, r)
 --- modulename: s919154128, funcname: __query
s919154128.py(26):         if r <= a or b <= l:
s919154128.py(27):             return self.default
s919154128.py(32):         return self.merge(left, right)
s919154128.py(31):         right = self.__query(a, b, k*2+1, (l+r)//2, r)
 --- modulename: s919154128, funcname: __query
s919154128.py(26):         if r <= a or b <= l:
s919154128.py(27):             return self.default
s919154128.py(32):         return self.merge(left, right)
s919154128.py(46):         RMQ.update(H[i]-1, maximum + A[i])
 --- modulename: s919154128, funcname: update
s919154128.py(18):         index += self.size
s919154128.py(19):         self.tree[index] = value
s919154128.py(20):         while index > 1:
s919154128.py(21):             index //= 2
s919154128.py(22):             self.tree[index] = self.merge(
s919154128.py(23):                 self.tree[index*2], self.tree[index*2+1])
s919154128.py(22):             self.tree[index] = self.merge(
s919154128.py(20):         while index > 1:
s919154128.py(21):             index //= 2
s919154128.py(22):             self.tree[index] = self.merge(
s919154128.py(23):                 self.tree[index*2], self.tree[index*2+1])
s919154128.py(22):             self.tree[index] = self.merge(
s919154128.py(20):         while index > 1:
s919154128.py(44):     for i in range(N):
s919154128.py(47):     print(RMQ.query(0, N))
 --- modulename: s919154128, funcname: query
s919154128.py(36):         return self.__query(a, b, 1, 0, self.size)
 --- modulename: s919154128, funcname: __query
s919154128.py(26):         if r <= a or b <= l:
s919154128.py(28):         if a <= l and r <= b:
s919154128.py(29):             return self.tree[k]
60
