 --- modulename: s111013996, funcname: <module>
s111013996.py(1): def two_int():
s111013996.py(5): def one_int():
s111013996.py(8): def one_str():
s111013996.py(11): def many_int():
s111013996.py(16): S=one_str()
 --- modulename: s111013996, funcname: one_str
s111013996.py(9):     return input()
 --- modulename: codecs, funcname: getstate
codecs.py(333):         return (self.buffer, 0)
 --- modulename: codecs, funcname: decode
codecs.py(321):         data = self.buffer + input
codecs.py(322):         (result, consumed) = self._buffer_decode(data, self.errors, final)
codecs.py(324):         self.buffer = data[consumed:]
codecs.py(325):         return result
s111013996.py(17): K=one_int()
 --- modulename: s111013996, funcname: one_int
s111013996.py(6):     return int(input())
s111013996.py(19): before = S[0]
s111013996.py(20): count=1
s111013996.py(21): ranrength = []
s111013996.py(22): for i in S[1:]:
s111013996.py(23):     if before==i:
s111013996.py(26):         ranrength.append(count)
s111013996.py(27):         count=1
s111013996.py(28):     before=i
s111013996.py(22): for i in S[1:]:
s111013996.py(23):     if before==i:
s111013996.py(24):         count+=1
s111013996.py(28):     before=i
s111013996.py(22): for i in S[1:]:
s111013996.py(23):     if before==i:
s111013996.py(26):         ranrength.append(count)
s111013996.py(27):         count=1
s111013996.py(28):     before=i
s111013996.py(22): for i in S[1:]:
s111013996.py(23):     if before==i:
s111013996.py(24):         count+=1
s111013996.py(28):     before=i
s111013996.py(22): for i in S[1:]:
s111013996.py(30): ranrength.append(count)
s111013996.py(32): output_count=0
s111013996.py(33): for r in ranrength:
s111013996.py(34):     if r>1:
s111013996.py(33): for r in ranrength:
s111013996.py(34):     if r>1:
s111013996.py(35):         output_count += r//2
s111013996.py(33): for r in ranrength:
s111013996.py(34):     if r>1:
s111013996.py(35):         output_count += r//2
s111013996.py(33): for r in ranrength:
s111013996.py(36): output_count *= K
s111013996.py(38): if S[0]==S[-1]:
s111013996.py(39):     head=ranrength[0]
s111013996.py(40):     tail=ranrength[-1]
s111013996.py(42):     if head>1 and head%2==1 and tail>1 and tail%2==1:
s111013996.py(45): if len(ranrength)==1:
s111013996.py(48):     print(output_count)
4
