 --- modulename: s115456205, funcname: <module>
s115456205.py(1): from typing import List
s115456205.py(8): class Node:
 --- modulename: s115456205, funcname: Node
s115456205.py(8): class Node:
s115456205.py(9):     node_id = -999
s115456205.py(10):     child = []
s115456205.py(11):     parent = -1
s115456205.py(12):     depth = -999
s115456205.py(13):     node_type = 'Not set'
s115456205.py(15):     def __init__(self, id: int, child: List[int]):
 --- modulename: typing, funcname: inner
typing.py(273):             try:
typing.py(274):                 return cached(*args, **kwds)
 --- modulename: typing, funcname: __getitem__
typing.py(834):         if not isinstance(params, tuple):
typing.py(835):             params = (params,)
typing.py(836):         msg = "Parameters to generic types must be types."
typing.py(837):         params = tuple(_type_check(p, msg) for p in params)
 --- modulename: typing, funcname: <genexpr>
typing.py(837):         params = tuple(_type_check(p, msg) for p in params)
 --- modulename: typing, funcname: _type_check
typing.py(149):     invalid_generic_forms = (Generic, Protocol)
typing.py(150):     if not allow_special_forms:
typing.py(151):         invalid_generic_forms += (ClassVar,)
typing.py(152):         if is_argument:
typing.py(153):             invalid_generic_forms += (Final,)
typing.py(155):     arg = _type_convert(arg, module=module, allow_special_forms=allow_special_forms)
 --- modulename: typing, funcname: _type_convert
typing.py(130):     if arg is None:
typing.py(132):     if isinstance(arg, str):
typing.py(134):     return arg
typing.py(156):     if (isinstance(arg, _GenericAlias) and
typing.py(159):     if arg in (Any, NoReturn, Final):
typing.py(161):     if isinstance(arg, _SpecialForm) or arg in (Generic, Protocol):
typing.py(163):     if isinstance(arg, (type, TypeVar, ForwardRef)):
typing.py(164):         return arg
 --- modulename: typing, funcname: <genexpr>
typing.py(837):         params = tuple(_type_check(p, msg) for p in params)
typing.py(838):         _check_generic(self, params, self._nparams)
 --- modulename: typing, funcname: _check_generic
typing.py(210):     if not elen:
typing.py(212):     alen = len(parameters)
typing.py(213):     if alen != elen:
typing.py(839):         return self.copy_with(params)
 --- modulename: typing, funcname: copy_with
typing.py(842):         return _GenericAlias(self.__origin__, params,
typing.py(843):                              name=self._name, inst=self._inst)
typing.py(842):         return _GenericAlias(self.__origin__, params,
 --- modulename: typing, funcname: __init__
typing.py(740):         super().__init__(origin, inst=inst, name=name)
 --- modulename: typing, funcname: __init__
typing.py(678):         self._inst = inst
 --- modulename: typing, funcname: __setattr__
typing.py(714):         if _is_dunder(attr) or attr in ('_name', '_inst', '_nparams'):
 --- modulename: typing, funcname: _is_dunder
typing.py(666):     return attr.startswith('__') and attr.endswith('__')
typing.py(715):             super().__setattr__(attr, val)
typing.py(679):         self._name = name
 --- modulename: typing, funcname: __setattr__
typing.py(714):         if _is_dunder(attr) or attr in ('_name', '_inst', '_nparams'):
 --- modulename: typing, funcname: _is_dunder
typing.py(666):     return attr.startswith('__') and attr.endswith('__')
typing.py(715):             super().__setattr__(attr, val)
typing.py(680):         self.__origin__ = origin
 --- modulename: typing, funcname: __setattr__
typing.py(714):         if _is_dunder(attr) or attr in ('_name', '_inst', '_nparams'):
 --- modulename: typing, funcname: _is_dunder
typing.py(666):     return attr.startswith('__') and attr.endswith('__')
typing.py(715):             super().__setattr__(attr, val)
typing.py(681):         self.__slots__ = None  # This is not documented.
 --- modulename: typing, funcname: __setattr__
typing.py(714):         if _is_dunder(attr) or attr in ('_name', '_inst', '_nparams'):
 --- modulename: typing, funcname: _is_dunder
typing.py(666):     return attr.startswith('__') and attr.endswith('__')
typing.py(715):             super().__setattr__(attr, val)
typing.py(741):         if not isinstance(params, tuple):
typing.py(743):         self.__args__ = tuple(... if a is _TypingEllipsis else
typing.py(745):                               a for a in params)
typing.py(743):         self.__args__ = tuple(... if a is _TypingEllipsis else
 --- modulename: typing, funcname: <genexpr>
typing.py(743):         self.__args__ = tuple(... if a is _TypingEllipsis else
typing.py(743):         self.__args__ = tuple(... if a is _TypingEllipsis else
typing.py(744):                               () if a is _TypingEmpty else
typing.py(745):                               a for a in params)
 --- modulename: typing, funcname: <genexpr>
typing.py(743):         self.__args__ = tuple(... if a is _TypingEllipsis else
 --- modulename: typing, funcname: __setattr__
typing.py(714):         if _is_dunder(attr) or attr in ('_name', '_inst', '_nparams'):
 --- modulename: typing, funcname: _is_dunder
typing.py(666):     return attr.startswith('__') and attr.endswith('__')
typing.py(715):             super().__setattr__(attr, val)
typing.py(746):         self.__parameters__ = _collect_type_vars(params)
 --- modulename: typing, funcname: _collect_type_vars
typing.py(197):     tvars = []
typing.py(198):     for t in types:
typing.py(199):         if isinstance(t, TypeVar) and t not in tvars:
typing.py(201):         if isinstance(t, (_GenericAlias, GenericAlias)):
typing.py(198):     for t in types:
typing.py(203):     return tuple(tvars)
 --- modulename: typing, funcname: __setattr__
typing.py(714):         if _is_dunder(attr) or attr in ('_name', '_inst', '_nparams'):
 --- modulename: typing, funcname: _is_dunder
typing.py(666):     return attr.startswith('__') and attr.endswith('__')
typing.py(715):             super().__setattr__(attr, val)
typing.py(747):         if not name:
s115456205.py(19):     def show(self):
s115456205.py(27):     def get_value(self):
s115456205.py(31): def show(node_list: List[Node]):
 --- modulename: typing, funcname: inner
typing.py(273):             try:
typing.py(274):                 return cached(*args, **kwds)
 --- modulename: typing, funcname: __getitem__
typing.py(834):         if not isinstance(params, tuple):
typing.py(835):             params = (params,)
typing.py(836):         msg = "Parameters to generic types must be types."
typing.py(837):         params = tuple(_type_check(p, msg) for p in params)
 --- modulename: typing, funcname: <genexpr>
typing.py(837):         params = tuple(_type_check(p, msg) for p in params)
 --- modulename: typing, funcname: _type_check
typing.py(149):     invalid_generic_forms = (Generic, Protocol)
typing.py(150):     if not allow_special_forms:
typing.py(151):         invalid_generic_forms += (ClassVar,)
typing.py(152):         if is_argument:
typing.py(153):             invalid_generic_forms += (Final,)
typing.py(155):     arg = _type_convert(arg, module=module, allow_special_forms=allow_special_forms)
 --- modulename: typing, funcname: _type_convert
typing.py(130):     if arg is None:
typing.py(132):     if isinstance(arg, str):
typing.py(134):     return arg
typing.py(156):     if (isinstance(arg, _GenericAlias) and
typing.py(159):     if arg in (Any, NoReturn, Final):
typing.py(161):     if isinstance(arg, _SpecialForm) or arg in (Generic, Protocol):
typing.py(163):     if isinstance(arg, (type, TypeVar, ForwardRef)):
typing.py(164):         return arg
 --- modulename: typing, funcname: <genexpr>
typing.py(837):         params = tuple(_type_check(p, msg) for p in params)
typing.py(838):         _check_generic(self, params, self._nparams)
 --- modulename: typing, funcname: _check_generic
typing.py(210):     if not elen:
typing.py(212):     alen = len(parameters)
typing.py(213):     if alen != elen:
typing.py(839):         return self.copy_with(params)
 --- modulename: typing, funcname: copy_with
typing.py(842):         return _GenericAlias(self.__origin__, params,
typing.py(843):                              name=self._name, inst=self._inst)
typing.py(842):         return _GenericAlias(self.__origin__, params,
 --- modulename: typing, funcname: __init__
typing.py(740):         super().__init__(origin, inst=inst, name=name)
 --- modulename: typing, funcname: __init__
typing.py(678):         self._inst = inst
 --- modulename: typing, funcname: __setattr__
typing.py(714):         if _is_dunder(attr) or attr in ('_name', '_inst', '_nparams'):
 --- modulename: typing, funcname: _is_dunder
typing.py(666):     return attr.startswith('__') and attr.endswith('__')
typing.py(715):             super().__setattr__(attr, val)
typing.py(679):         self._name = name
 --- modulename: typing, funcname: __setattr__
typing.py(714):         if _is_dunder(attr) or attr in ('_name', '_inst', '_nparams'):
 --- modulename: typing, funcname: _is_dunder
typing.py(666):     return attr.startswith('__') and attr.endswith('__')
typing.py(715):             super().__setattr__(attr, val)
typing.py(680):         self.__origin__ = origin
 --- modulename: typing, funcname: __setattr__
typing.py(714):         if _is_dunder(attr) or attr in ('_name', '_inst', '_nparams'):
 --- modulename: typing, funcname: _is_dunder
typing.py(666):     return attr.startswith('__') and attr.endswith('__')
typing.py(715):             super().__setattr__(attr, val)
typing.py(681):         self.__slots__ = None  # This is not documented.
 --- modulename: typing, funcname: __setattr__
typing.py(714):         if _is_dunder(attr) or attr in ('_name', '_inst', '_nparams'):
 --- modulename: typing, funcname: _is_dunder
typing.py(666):     return attr.startswith('__') and attr.endswith('__')
typing.py(715):             super().__setattr__(attr, val)
typing.py(741):         if not isinstance(params, tuple):
typing.py(743):         self.__args__ = tuple(... if a is _TypingEllipsis else
typing.py(745):                               a for a in params)
typing.py(743):         self.__args__ = tuple(... if a is _TypingEllipsis else
 --- modulename: typing, funcname: <genexpr>
typing.py(743):         self.__args__ = tuple(... if a is _TypingEllipsis else
typing.py(743):         self.__args__ = tuple(... if a is _TypingEllipsis else
typing.py(744):                               () if a is _TypingEmpty else
typing.py(745):                               a for a in params)
 --- modulename: typing, funcname: <genexpr>
typing.py(743):         self.__args__ = tuple(... if a is _TypingEllipsis else
 --- modulename: typing, funcname: __setattr__
typing.py(714):         if _is_dunder(attr) or attr in ('_name', '_inst', '_nparams'):
 --- modulename: typing, funcname: _is_dunder
typing.py(666):     return attr.startswith('__') and attr.endswith('__')
typing.py(715):             super().__setattr__(attr, val)
typing.py(746):         self.__parameters__ = _collect_type_vars(params)
 --- modulename: typing, funcname: _collect_type_vars
typing.py(197):     tvars = []
typing.py(198):     for t in types:
typing.py(199):         if isinstance(t, TypeVar) and t not in tvars:
typing.py(201):         if isinstance(t, (_GenericAlias, GenericAlias)):
typing.py(198):     for t in types:
typing.py(203):     return tuple(tvars)
 --- modulename: typing, funcname: __setattr__
typing.py(714):         if _is_dunder(attr) or attr in ('_name', '_inst', '_nparams'):
 --- modulename: typing, funcname: _is_dunder
typing.py(666):     return attr.startswith('__') and attr.endswith('__')
typing.py(715):             super().__setattr__(attr, val)
typing.py(747):         if not name:
s115456205.py(36): def get_parent(node_id: int) -> int:
s115456205.py(40): def set_depth(node_id: int, depth: int):
s115456205.py(46): def set_node_info(node_list: List[Node]):
 --- modulename: typing, funcname: inner
typing.py(273):             try:
typing.py(274):                 return cached(*args, **kwds)
s115456205.py(65): n = int(input())
 --- modulename: codecs, funcname: getstate
codecs.py(333):         return (self.buffer, 0)
 --- modulename: codecs, funcname: decode
codecs.py(321):         data = self.buffer + input
codecs.py(322):         (result, consumed) = self._buffer_decode(data, self.errors, final)
codecs.py(324):         self.buffer = data[consumed:]
codecs.py(325):         return result
s115456205.py(66): node_list = []
s115456205.py(67): for _i in range(n):
s115456205.py(68):     node_list.append(Node(_i, []))
 --- modulename: s115456205, funcname: __init__
s115456205.py(16):         self.node_id = id
s115456205.py(17):         self.child = child
s115456205.py(67): for _i in range(n):
s115456205.py(68):     node_list.append(Node(_i, []))
 --- modulename: s115456205, funcname: __init__
s115456205.py(16):         self.node_id = id
s115456205.py(17):         self.child = child
s115456205.py(67): for _i in range(n):
s115456205.py(68):     node_list.append(Node(_i, []))
 --- modulename: s115456205, funcname: __init__
s115456205.py(16):         self.node_id = id
s115456205.py(17):         self.child = child
s115456205.py(67): for _i in range(n):
s115456205.py(68):     node_list.append(Node(_i, []))
 --- modulename: s115456205, funcname: __init__
s115456205.py(16):         self.node_id = id
s115456205.py(17):         self.child = child
s115456205.py(67): for _i in range(n):
s115456205.py(68):     node_list.append(Node(_i, []))
 --- modulename: s115456205, funcname: __init__
s115456205.py(16):         self.node_id = id
s115456205.py(17):         self.child = child
s115456205.py(67): for _i in range(n):
s115456205.py(68):     node_list.append(Node(_i, []))
 --- modulename: s115456205, funcname: __init__
s115456205.py(16):         self.node_id = id
s115456205.py(17):         self.child = child
s115456205.py(67): for _i in range(n):
s115456205.py(68):     node_list.append(Node(_i, []))
 --- modulename: s115456205, funcname: __init__
s115456205.py(16):         self.node_id = id
s115456205.py(17):         self.child = child
s115456205.py(67): for _i in range(n):
s115456205.py(68):     node_list.append(Node(_i, []))
 --- modulename: s115456205, funcname: __init__
s115456205.py(16):         self.node_id = id
s115456205.py(17):         self.child = child
s115456205.py(67): for _i in range(n):
s115456205.py(68):     node_list.append(Node(_i, []))
 --- modulename: s115456205, funcname: __init__
s115456205.py(16):         self.node_id = id
s115456205.py(17):         self.child = child
s115456205.py(67): for _i in range(n):
s115456205.py(68):     node_list.append(Node(_i, []))
 --- modulename: s115456205, funcname: __init__
s115456205.py(16):         self.node_id = id
s115456205.py(17):         self.child = child
s115456205.py(67): for _i in range(n):
s115456205.py(68):     node_list.append(Node(_i, []))
 --- modulename: s115456205, funcname: __init__
s115456205.py(16):         self.node_id = id
s115456205.py(17):         self.child = child
s115456205.py(67): for _i in range(n):
s115456205.py(68):     node_list.append(Node(_i, []))
 --- modulename: s115456205, funcname: __init__
s115456205.py(16):         self.node_id = id
s115456205.py(17):         self.child = child
s115456205.py(67): for _i in range(n):
s115456205.py(68):     node_list.append(Node(_i, []))
 --- modulename: s115456205, funcname: __init__
s115456205.py(16):         self.node_id = id
s115456205.py(17):         self.child = child
s115456205.py(67): for _i in range(n):
s115456205.py(70): for _i in range(n):
s115456205.py(71):     line = [int(i) for i in input().split()]
 --- modulename: s115456205, funcname: <listcomp>
s115456205.py(71):     line = [int(i) for i in input().split()]
s115456205.py(71):     line = [int(i) for i in input().split()]
s115456205.py(71):     line = [int(i) for i in input().split()]
s115456205.py(71):     line = [int(i) for i in input().split()]
s115456205.py(71):     line = [int(i) for i in input().split()]
s115456205.py(71):     line = [int(i) for i in input().split()]
s115456205.py(72):     node_id = line[0]
s115456205.py(73):     num = line[1]
s115456205.py(76):     for i in range(num):
s115456205.py(77):         child_id = line[2 + i]
s115456205.py(78):         node_list[node_id].child.append(child_id)
s115456205.py(79):         node_list[child_id].parent = node_id
s115456205.py(76):     for i in range(num):
s115456205.py(77):         child_id = line[2 + i]
s115456205.py(78):         node_list[node_id].child.append(child_id)
s115456205.py(79):         node_list[child_id].parent = node_id
s115456205.py(76):     for i in range(num):
s115456205.py(77):         child_id = line[2 + i]
s115456205.py(78):         node_list[node_id].child.append(child_id)
s115456205.py(79):         node_list[child_id].parent = node_id
s115456205.py(76):     for i in range(num):
s115456205.py(70): for _i in range(n):
s115456205.py(71):     line = [int(i) for i in input().split()]
 --- modulename: s115456205, funcname: <listcomp>
s115456205.py(71):     line = [int(i) for i in input().split()]
s115456205.py(71):     line = [int(i) for i in input().split()]
s115456205.py(71):     line = [int(i) for i in input().split()]
s115456205.py(71):     line = [int(i) for i in input().split()]
s115456205.py(71):     line = [int(i) for i in input().split()]
s115456205.py(72):     node_id = line[0]
s115456205.py(73):     num = line[1]
s115456205.py(76):     for i in range(num):
s115456205.py(77):         child_id = line[2 + i]
s115456205.py(78):         node_list[node_id].child.append(child_id)
s115456205.py(79):         node_list[child_id].parent = node_id
s115456205.py(76):     for i in range(num):
s115456205.py(77):         child_id = line[2 + i]
s115456205.py(78):         node_list[node_id].child.append(child_id)
s115456205.py(79):         node_list[child_id].parent = node_id
s115456205.py(76):     for i in range(num):
s115456205.py(70): for _i in range(n):
s115456205.py(71):     line = [int(i) for i in input().split()]
 --- modulename: s115456205, funcname: <listcomp>
s115456205.py(71):     line = [int(i) for i in input().split()]
s115456205.py(71):     line = [int(i) for i in input().split()]
s115456205.py(71):     line = [int(i) for i in input().split()]
s115456205.py(72):     node_id = line[0]
s115456205.py(73):     num = line[1]
s115456205.py(76):     for i in range(num):
s115456205.py(70): for _i in range(n):
s115456205.py(71):     line = [int(i) for i in input().split()]
 --- modulename: s115456205, funcname: <listcomp>
s115456205.py(71):     line = [int(i) for i in input().split()]
s115456205.py(71):     line = [int(i) for i in input().split()]
s115456205.py(71):     line = [int(i) for i in input().split()]
s115456205.py(72):     node_id = line[0]
s115456205.py(73):     num = line[1]
s115456205.py(76):     for i in range(num):
s115456205.py(70): for _i in range(n):
s115456205.py(71):     line = [int(i) for i in input().split()]
 --- modulename: s115456205, funcname: <listcomp>
s115456205.py(71):     line = [int(i) for i in input().split()]
s115456205.py(71):     line = [int(i) for i in input().split()]
s115456205.py(71):     line = [int(i) for i in input().split()]
s115456205.py(71):     line = [int(i) for i in input().split()]
s115456205.py(71):     line = [int(i) for i in input().split()]
s115456205.py(71):     line = [int(i) for i in input().split()]
s115456205.py(72):     node_id = line[0]
s115456205.py(73):     num = line[1]
s115456205.py(76):     for i in range(num):
s115456205.py(77):         child_id = line[2 + i]
s115456205.py(78):         node_list[node_id].child.append(child_id)
s115456205.py(79):         node_list[child_id].parent = node_id
s115456205.py(76):     for i in range(num):
s115456205.py(77):         child_id = line[2 + i]
s115456205.py(78):         node_list[node_id].child.append(child_id)
s115456205.py(79):         node_list[child_id].parent = node_id
s115456205.py(76):     for i in range(num):
s115456205.py(77):         child_id = line[2 + i]
s115456205.py(78):         node_list[node_id].child.append(child_id)
s115456205.py(79):         node_list[child_id].parent = node_id
s115456205.py(76):     for i in range(num):
s115456205.py(70): for _i in range(n):
s115456205.py(71):     line = [int(i) for i in input().split()]
 --- modulename: s115456205, funcname: <listcomp>
s115456205.py(71):     line = [int(i) for i in input().split()]
s115456205.py(71):     line = [int(i) for i in input().split()]
s115456205.py(71):     line = [int(i) for i in input().split()]
s115456205.py(72):     node_id = line[0]
s115456205.py(73):     num = line[1]
s115456205.py(76):     for i in range(num):
s115456205.py(70): for _i in range(n):
s115456205.py(71):     line = [int(i) for i in input().split()]
 --- modulename: s115456205, funcname: <listcomp>
s115456205.py(71):     line = [int(i) for i in input().split()]
s115456205.py(71):     line = [int(i) for i in input().split()]
s115456205.py(71):     line = [int(i) for i in input().split()]
s115456205.py(72):     node_id = line[0]
s115456205.py(73):     num = line[1]
s115456205.py(76):     for i in range(num):
s115456205.py(70): for _i in range(n):
s115456205.py(71):     line = [int(i) for i in input().split()]
 --- modulename: s115456205, funcname: <listcomp>
s115456205.py(71):     line = [int(i) for i in input().split()]
s115456205.py(71):     line = [int(i) for i in input().split()]
s115456205.py(71):     line = [int(i) for i in input().split()]
s115456205.py(71):     line = [int(i) for i in input().split()]
s115456205.py(71):     line = [int(i) for i in input().split()]
s115456205.py(72):     node_id = line[0]
s115456205.py(73):     num = line[1]
s115456205.py(76):     for i in range(num):
s115456205.py(77):         child_id = line[2 + i]
s115456205.py(78):         node_list[node_id].child.append(child_id)
s115456205.py(79):         node_list[child_id].parent = node_id
s115456205.py(76):     for i in range(num):
s115456205.py(77):         child_id = line[2 + i]
s115456205.py(78):         node_list[node_id].child.append(child_id)
s115456205.py(79):         node_list[child_id].parent = node_id
s115456205.py(76):     for i in range(num):
s115456205.py(70): for _i in range(n):
s115456205.py(71):     line = [int(i) for i in input().split()]
 --- modulename: s115456205, funcname: <listcomp>
s115456205.py(71):     line = [int(i) for i in input().split()]
s115456205.py(71):     line = [int(i) for i in input().split()]
s115456205.py(71):     line = [int(i) for i in input().split()]
s115456205.py(72):     node_id = line[0]
s115456205.py(73):     num = line[1]
s115456205.py(76):     for i in range(num):
s115456205.py(70): for _i in range(n):
s115456205.py(71):     line = [int(i) for i in input().split()]
 --- modulename: s115456205, funcname: <listcomp>
s115456205.py(71):     line = [int(i) for i in input().split()]
s115456205.py(71):     line = [int(i) for i in input().split()]
s115456205.py(71):     line = [int(i) for i in input().split()]
s115456205.py(72):     node_id = line[0]
s115456205.py(73):     num = line[1]
s115456205.py(76):     for i in range(num):
s115456205.py(70): for _i in range(n):
s115456205.py(71):     line = [int(i) for i in input().split()]
 --- modulename: s115456205, funcname: <listcomp>
s115456205.py(71):     line = [int(i) for i in input().split()]
s115456205.py(71):     line = [int(i) for i in input().split()]
s115456205.py(71):     line = [int(i) for i in input().split()]
s115456205.py(71):     line = [int(i) for i in input().split()]
s115456205.py(71):     line = [int(i) for i in input().split()]
s115456205.py(72):     node_id = line[0]
s115456205.py(73):     num = line[1]
s115456205.py(76):     for i in range(num):
s115456205.py(77):         child_id = line[2 + i]
s115456205.py(78):         node_list[node_id].child.append(child_id)
s115456205.py(79):         node_list[child_id].parent = node_id
s115456205.py(76):     for i in range(num):
s115456205.py(77):         child_id = line[2 + i]
s115456205.py(78):         node_list[node_id].child.append(child_id)
s115456205.py(79):         node_list[child_id].parent = node_id
s115456205.py(76):     for i in range(num):
s115456205.py(70): for _i in range(n):
s115456205.py(71):     line = [int(i) for i in input().split()]
 --- modulename: s115456205, funcname: <listcomp>
s115456205.py(71):     line = [int(i) for i in input().split()]
s115456205.py(71):     line = [int(i) for i in input().split()]
s115456205.py(71):     line = [int(i) for i in input().split()]
s115456205.py(72):     node_id = line[0]
s115456205.py(73):     num = line[1]
s115456205.py(76):     for i in range(num):
s115456205.py(70): for _i in range(n):
s115456205.py(71):     line = [int(i) for i in input().split()]
 --- modulename: s115456205, funcname: <listcomp>
s115456205.py(71):     line = [int(i) for i in input().split()]
s115456205.py(71):     line = [int(i) for i in input().split()]
s115456205.py(71):     line = [int(i) for i in input().split()]
s115456205.py(72):     node_id = line[0]
s115456205.py(73):     num = line[1]
s115456205.py(76):     for i in range(num):
s115456205.py(70): for _i in range(n):
s115456205.py(81): set_node_info(node_list)
 --- modulename: s115456205, funcname: set_node_info
s115456205.py(49):     for target in node_list:
s115456205.py(50):         if target.parent == -1:
s115456205.py(51):             set_depth(target.node_id, 0)
 --- modulename: s115456205, funcname: set_depth
s115456205.py(41):     node_list[node_id].depth = depth
s115456205.py(42):     for ch in node_list[node_id].child:
s115456205.py(43):         set_depth(ch, depth + 1)
 --- modulename: s115456205, funcname: set_depth
s115456205.py(41):     node_list[node_id].depth = depth
s115456205.py(42):     for ch in node_list[node_id].child:
s115456205.py(43):         set_depth(ch, depth + 1)
 --- modulename: s115456205, funcname: set_depth
s115456205.py(41):     node_list[node_id].depth = depth
s115456205.py(42):     for ch in node_list[node_id].child:
s115456205.py(42):     for ch in node_list[node_id].child:
s115456205.py(43):         set_depth(ch, depth + 1)
 --- modulename: s115456205, funcname: set_depth
s115456205.py(41):     node_list[node_id].depth = depth
s115456205.py(42):     for ch in node_list[node_id].child:
s115456205.py(42):     for ch in node_list[node_id].child:
s115456205.py(42):     for ch in node_list[node_id].child:
s115456205.py(43):         set_depth(ch, depth + 1)
 --- modulename: s115456205, funcname: set_depth
s115456205.py(41):     node_list[node_id].depth = depth
s115456205.py(42):     for ch in node_list[node_id].child:
s115456205.py(43):         set_depth(ch, depth + 1)
 --- modulename: s115456205, funcname: set_depth
s115456205.py(41):     node_list[node_id].depth = depth
s115456205.py(42):     for ch in node_list[node_id].child:
s115456205.py(42):     for ch in node_list[node_id].child:
s115456205.py(43):         set_depth(ch, depth + 1)
 --- modulename: s115456205, funcname: set_depth
s115456205.py(41):     node_list[node_id].depth = depth
s115456205.py(42):     for ch in node_list[node_id].child:
s115456205.py(42):     for ch in node_list[node_id].child:
s115456205.py(43):         set_depth(ch, depth + 1)
 --- modulename: s115456205, funcname: set_depth
s115456205.py(41):     node_list[node_id].depth = depth
s115456205.py(42):     for ch in node_list[node_id].child:
s115456205.py(43):         set_depth(ch, depth + 1)
 --- modulename: s115456205, funcname: set_depth
s115456205.py(41):     node_list[node_id].depth = depth
s115456205.py(42):     for ch in node_list[node_id].child:
s115456205.py(42):     for ch in node_list[node_id].child:
s115456205.py(43):         set_depth(ch, depth + 1)
 --- modulename: s115456205, funcname: set_depth
s115456205.py(41):     node_list[node_id].depth = depth
s115456205.py(42):     for ch in node_list[node_id].child:
s115456205.py(42):     for ch in node_list[node_id].child:
s115456205.py(42):     for ch in node_list[node_id].child:
s115456205.py(42):     for ch in node_list[node_id].child:
s115456205.py(43):         set_depth(ch, depth + 1)
 --- modulename: s115456205, funcname: set_depth
s115456205.py(41):     node_list[node_id].depth = depth
s115456205.py(42):     for ch in node_list[node_id].child:
s115456205.py(43):         set_depth(ch, depth + 1)
 --- modulename: s115456205, funcname: set_depth
s115456205.py(41):     node_list[node_id].depth = depth
s115456205.py(42):     for ch in node_list[node_id].child:
s115456205.py(42):     for ch in node_list[node_id].child:
s115456205.py(43):         set_depth(ch, depth + 1)
 --- modulename: s115456205, funcname: set_depth
s115456205.py(41):     node_list[node_id].depth = depth
s115456205.py(42):     for ch in node_list[node_id].child:
s115456205.py(42):     for ch in node_list[node_id].child:
s115456205.py(42):     for ch in node_list[node_id].child:
s115456205.py(52):             break
s115456205.py(55):     for target in node_list:
s115456205.py(56):         if target.depth == 0:
s115456205.py(57):             target.node_type = 'root'
s115456205.py(55):     for target in node_list:
s115456205.py(56):         if target.depth == 0:
s115456205.py(58):         elif target.depth > 0:
s115456205.py(60):                 'leaf' if len(target.child) == 0 else 'internal node'
s115456205.py(59):             target.node_type = \
s115456205.py(55):     for target in node_list:
s115456205.py(56):         if target.depth == 0:
s115456205.py(58):         elif target.depth > 0:
s115456205.py(60):                 'leaf' if len(target.child) == 0 else 'internal node'
s115456205.py(59):             target.node_type = \
s115456205.py(55):     for target in node_list:
s115456205.py(56):         if target.depth == 0:
s115456205.py(58):         elif target.depth > 0:
s115456205.py(60):                 'leaf' if len(target.child) == 0 else 'internal node'
s115456205.py(59):             target.node_type = \
s115456205.py(55):     for target in node_list:
s115456205.py(56):         if target.depth == 0:
s115456205.py(58):         elif target.depth > 0:
s115456205.py(60):                 'leaf' if len(target.child) == 0 else 'internal node'
s115456205.py(59):             target.node_type = \
s115456205.py(55):     for target in node_list:
s115456205.py(56):         if target.depth == 0:
s115456205.py(58):         elif target.depth > 0:
s115456205.py(60):                 'leaf' if len(target.child) == 0 else 'internal node'
s115456205.py(59):             target.node_type = \
s115456205.py(55):     for target in node_list:
s115456205.py(56):         if target.depth == 0:
s115456205.py(58):         elif target.depth > 0:
s115456205.py(60):                 'leaf' if len(target.child) == 0 else 'internal node'
s115456205.py(59):             target.node_type = \
s115456205.py(55):     for target in node_list:
s115456205.py(56):         if target.depth == 0:
s115456205.py(58):         elif target.depth > 0:
s115456205.py(60):                 'leaf' if len(target.child) == 0 else 'internal node'
s115456205.py(59):             target.node_type = \
s115456205.py(55):     for target in node_list:
s115456205.py(56):         if target.depth == 0:
s115456205.py(58):         elif target.depth > 0:
s115456205.py(60):                 'leaf' if len(target.child) == 0 else 'internal node'
s115456205.py(59):             target.node_type = \
s115456205.py(55):     for target in node_list:
s115456205.py(56):         if target.depth == 0:
s115456205.py(58):         elif target.depth > 0:
s115456205.py(60):                 'leaf' if len(target.child) == 0 else 'internal node'
s115456205.py(59):             target.node_type = \
s115456205.py(55):     for target in node_list:
s115456205.py(56):         if target.depth == 0:
s115456205.py(58):         elif target.depth > 0:
s115456205.py(60):                 'leaf' if len(target.child) == 0 else 'internal node'
s115456205.py(59):             target.node_type = \
s115456205.py(55):     for target in node_list:
s115456205.py(56):         if target.depth == 0:
s115456205.py(58):         elif target.depth > 0:
s115456205.py(60):                 'leaf' if len(target.child) == 0 else 'internal node'
s115456205.py(59):             target.node_type = \
s115456205.py(55):     for target in node_list:
s115456205.py(56):         if target.depth == 0:
s115456205.py(58):         elif target.depth > 0:
s115456205.py(60):                 'leaf' if len(target.child) == 0 else 'internal node'
s115456205.py(59):             target.node_type = \
s115456205.py(55):     for target in node_list:
s115456205.py(82): show(node_list)
 --- modulename: s115456205, funcname: show
s115456205.py(32):     for n in node_list:
s115456205.py(33):         n.show()
 --- modulename: s115456205, funcname: show
s115456205.py(20):         out = f'node {self.node_id}: '
s115456205.py(21):         out += f'parent = {self.parent}, depth = {self.depth}, '
s115456205.py(22):         out += f'{self.node_type}, '
s115456205.py(23):         tmp = ', '.join(map(str, self.child))
s115456205.py(24):         out += f'[{tmp}]'
s115456205.py(25):         print(out)
node 0: parent = -1, depth = 0, root, [1, 4, 10]
s115456205.py(32):     for n in node_list:
s115456205.py(33):         n.show()
 --- modulename: s115456205, funcname: show
s115456205.py(20):         out = f'node {self.node_id}: '
s115456205.py(21):         out += f'parent = {self.parent}, depth = {self.depth}, '
s115456205.py(22):         out += f'{self.node_type}, '
s115456205.py(23):         tmp = ', '.join(map(str, self.child))
s115456205.py(24):         out += f'[{tmp}]'
s115456205.py(25):         print(out)
node 1: parent = 0, depth = 1, internal node, [2, 3]
s115456205.py(32):     for n in node_list:
s115456205.py(33):         n.show()
 --- modulename: s115456205, funcname: show
s115456205.py(20):         out = f'node {self.node_id}: '
s115456205.py(21):         out += f'parent = {self.parent}, depth = {self.depth}, '
s115456205.py(22):         out += f'{self.node_type}, '
s115456205.py(23):         tmp = ', '.join(map(str, self.child))
s115456205.py(24):         out += f'[{tmp}]'
s115456205.py(25):         print(out)
node 2: parent = 1, depth = 2, leaf, []
s115456205.py(32):     for n in node_list:
s115456205.py(33):         n.show()
 --- modulename: s115456205, funcname: show
s115456205.py(20):         out = f'node {self.node_id}: '
s115456205.py(21):         out += f'parent = {self.parent}, depth = {self.depth}, '
s115456205.py(22):         out += f'{self.node_type}, '
s115456205.py(23):         tmp = ', '.join(map(str, self.child))
s115456205.py(24):         out += f'[{tmp}]'
s115456205.py(25):         print(out)
node 3: parent = 1, depth = 2, leaf, []
s115456205.py(32):     for n in node_list:
s115456205.py(33):         n.show()
 --- modulename: s115456205, funcname: show
s115456205.py(20):         out = f'node {self.node_id}: '
s115456205.py(21):         out += f'parent = {self.parent}, depth = {self.depth}, '
s115456205.py(22):         out += f'{self.node_type}, '
s115456205.py(23):         tmp = ', '.join(map(str, self.child))
s115456205.py(24):         out += f'[{tmp}]'
s115456205.py(25):         print(out)
node 4: parent = 0, depth = 1, internal node, [5, 6, 7]
s115456205.py(32):     for n in node_list:
s115456205.py(33):         n.show()
 --- modulename: s115456205, funcname: show
s115456205.py(20):         out = f'node {self.node_id}: '
s115456205.py(21):         out += f'parent = {self.parent}, depth = {self.depth}, '
s115456205.py(22):         out += f'{self.node_type}, '
s115456205.py(23):         tmp = ', '.join(map(str, self.child))
s115456205.py(24):         out += f'[{tmp}]'
s115456205.py(25):         print(out)
node 5: parent = 4, depth = 2, leaf, []
s115456205.py(32):     for n in node_list:
s115456205.py(33):         n.show()
 --- modulename: s115456205, funcname: show
s115456205.py(20):         out = f'node {self.node_id}: '
s115456205.py(21):         out += f'parent = {self.parent}, depth = {self.depth}, '
s115456205.py(22):         out += f'{self.node_type}, '
s115456205.py(23):         tmp = ', '.join(map(str, self.child))
s115456205.py(24):         out += f'[{tmp}]'
s115456205.py(25):         print(out)
node 6: parent = 4, depth = 2, leaf, []
s115456205.py(32):     for n in node_list:
s115456205.py(33):         n.show()
 --- modulename: s115456205, funcname: show
s115456205.py(20):         out = f'node {self.node_id}: '
s115456205.py(21):         out += f'parent = {self.parent}, depth = {self.depth}, '
s115456205.py(22):         out += f'{self.node_type}, '
s115456205.py(23):         tmp = ', '.join(map(str, self.child))
s115456205.py(24):         out += f'[{tmp}]'
s115456205.py(25):         print(out)
node 7: parent = 4, depth = 2, internal node, [8, 9]
s115456205.py(32):     for n in node_list:
s115456205.py(33):         n.show()
 --- modulename: s115456205, funcname: show
s115456205.py(20):         out = f'node {self.node_id}: '
s115456205.py(21):         out += f'parent = {self.parent}, depth = {self.depth}, '
s115456205.py(22):         out += f'{self.node_type}, '
s115456205.py(23):         tmp = ', '.join(map(str, self.child))
s115456205.py(24):         out += f'[{tmp}]'
s115456205.py(25):         print(out)
node 8: parent = 7, depth = 3, leaf, []
s115456205.py(32):     for n in node_list:
s115456205.py(33):         n.show()
 --- modulename: s115456205, funcname: show
s115456205.py(20):         out = f'node {self.node_id}: '
s115456205.py(21):         out += f'parent = {self.parent}, depth = {self.depth}, '
s115456205.py(22):         out += f'{self.node_type}, '
s115456205.py(23):         tmp = ', '.join(map(str, self.child))
s115456205.py(24):         out += f'[{tmp}]'
s115456205.py(25):         print(out)
node 9: parent = 7, depth = 3, leaf, []
s115456205.py(32):     for n in node_list:
s115456205.py(33):         n.show()
 --- modulename: s115456205, funcname: show
s115456205.py(20):         out = f'node {self.node_id}: '
s115456205.py(21):         out += f'parent = {self.parent}, depth = {self.depth}, '
s115456205.py(22):         out += f'{self.node_type}, '
s115456205.py(23):         tmp = ', '.join(map(str, self.child))
s115456205.py(24):         out += f'[{tmp}]'
s115456205.py(25):         print(out)
node 10: parent = 0, depth = 1, internal node, [11, 12]
s115456205.py(32):     for n in node_list:
s115456205.py(33):         n.show()
 --- modulename: s115456205, funcname: show
s115456205.py(20):         out = f'node {self.node_id}: '
s115456205.py(21):         out += f'parent = {self.parent}, depth = {self.depth}, '
s115456205.py(22):         out += f'{self.node_type}, '
s115456205.py(23):         tmp = ', '.join(map(str, self.child))
s115456205.py(24):         out += f'[{tmp}]'
s115456205.py(25):         print(out)
node 11: parent = 10, depth = 2, leaf, []
s115456205.py(32):     for n in node_list:
s115456205.py(33):         n.show()
 --- modulename: s115456205, funcname: show
s115456205.py(20):         out = f'node {self.node_id}: '
s115456205.py(21):         out += f'parent = {self.parent}, depth = {self.depth}, '
s115456205.py(22):         out += f'{self.node_type}, '
s115456205.py(23):         tmp = ', '.join(map(str, self.child))
s115456205.py(24):         out += f'[{tmp}]'
s115456205.py(25):         print(out)
node 12: parent = 10, depth = 2, leaf, []
s115456205.py(32):     for n in node_list:
