 --- modulename: s115388026, funcname: <module>
s115388026.py(2): import sys
s115388026.py(3): input=sys.stdin.readline
s115388026.py(4): class SegmentTree():
 --- modulename: s115388026, funcname: SegmentTree
s115388026.py(4): class SegmentTree():
s115388026.py(5):     def __init__(self,param,default,func):
s115388026.py(19):     def find(self,i):
s115388026.py(21):     def update(self,idx,a):
s115388026.py(27):     def merge(self,a,b):
s115388026.py(29):     def get_top(self):
s115388026.py(31):     def query(self,a,b): #[a,b)
s115388026.py(45): def main():
s115388026.py(59): if __name__=='__main__':
s115388026.py(60):     main()
 --- modulename: s115388026, funcname: main
s115388026.py(46):     n,m=map(int,input().split())
 --- modulename: codecs, funcname: getstate
codecs.py(333):         return (self.buffer, 0)
 --- modulename: codecs, funcname: decode
codecs.py(321):         data = self.buffer + input
codecs.py(322):         (result, consumed) = self._buffer_decode(data, self.errors, final)
codecs.py(324):         self.buffer = data[consumed:]
codecs.py(325):         return result
s115388026.py(47):     LRC=[list(map(int,input().split())) for _ in range(m)]
 --- modulename: s115388026, funcname: <listcomp>
s115388026.py(47):     LRC=[list(map(int,input().split())) for _ in range(m)]
s115388026.py(47):     LRC=[list(map(int,input().split())) for _ in range(m)]
s115388026.py(47):     LRC=[list(map(int,input().split())) for _ in range(m)]
s115388026.py(47):     LRC=[list(map(int,input().split())) for _ in range(m)]
s115388026.py(48):     LRC.sort()
s115388026.py(50):     seg=SegmentTree(n+1,float('inf'),min)
 --- modulename: s115388026, funcname: __init__
s115388026.py(6):         if isinstance(param,list):
s115388026.py(9):             n=param
s115388026.py(10):         self.d=default
s115388026.py(11):         self.leaf=1<<(n-1).bit_length()
s115388026.py(12):         if isinstance(param,list):
s115388026.py(17):             self.tree=[default]*(self.leaf*2-1)
s115388026.py(18):         self.f=func
s115388026.py(51):     seg.update(1,0)
 --- modulename: s115388026, funcname: update
s115388026.py(22):         idx+=self.leaf-1
s115388026.py(23):         self.tree[idx]=a
s115388026.py(24):         while idx:
s115388026.py(25):             idx=(idx-1)>>1
s115388026.py(26):             self.tree[idx]=self.merge(self.tree[idx*2+1],self.tree[idx*2+2])
 --- modulename: s115388026, funcname: merge
s115388026.py(28):         return self.f(a,b)
s115388026.py(24):         while idx:
s115388026.py(25):             idx=(idx-1)>>1
s115388026.py(26):             self.tree[idx]=self.merge(self.tree[idx*2+1],self.tree[idx*2+2])
 --- modulename: s115388026, funcname: merge
s115388026.py(28):         return self.f(a,b)
s115388026.py(24):         while idx:
s115388026.py(25):             idx=(idx-1)>>1
s115388026.py(26):             self.tree[idx]=self.merge(self.tree[idx*2+1],self.tree[idx*2+2])
 --- modulename: s115388026, funcname: merge
s115388026.py(28):         return self.f(a,b)
s115388026.py(24):         while idx:
s115388026.py(52):     for l,r,c in LRC:
s115388026.py(53):         a=seg.query(l,r)
 --- modulename: s115388026, funcname: query
s115388026.py(32):         T=self.tree
s115388026.py(33):         l,r=a+self.leaf-1,b+self.leaf-1
s115388026.py(34):         res=self.d
s115388026.py(35):         while l<r:
s115388026.py(36):             if not l%2:
s115388026.py(37):                 res=self.merge(res,T[l])
 --- modulename: s115388026, funcname: merge
s115388026.py(28):         return self.f(a,b)
s115388026.py(38):                 l+=1
s115388026.py(39):             if not r%2:
s115388026.py(40):                 r-=1
s115388026.py(41):                 res=self.merge(res,T[r])
 --- modulename: s115388026, funcname: merge
s115388026.py(28):         return self.f(a,b)
s115388026.py(42):             l>>=1; r>>=1
s115388026.py(35):         while l<r:
s115388026.py(43):         return res
s115388026.py(54):         b=seg.find(r)
 --- modulename: s115388026, funcname: find
s115388026.py(20):         return self.tree[i+self.leaf-1]
s115388026.py(55):         k=min(a+c,b)
s115388026.py(56):         seg.update(r,k)
 --- modulename: s115388026, funcname: update
s115388026.py(22):         idx+=self.leaf-1
s115388026.py(23):         self.tree[idx]=a
s115388026.py(24):         while idx:
s115388026.py(25):             idx=(idx-1)>>1
s115388026.py(26):             self.tree[idx]=self.merge(self.tree[idx*2+1],self.tree[idx*2+2])
 --- modulename: s115388026, funcname: merge
s115388026.py(28):         return self.f(a,b)
s115388026.py(24):         while idx:
s115388026.py(25):             idx=(idx-1)>>1
s115388026.py(26):             self.tree[idx]=self.merge(self.tree[idx*2+1],self.tree[idx*2+2])
 --- modulename: s115388026, funcname: merge
s115388026.py(28):         return self.f(a,b)
s115388026.py(24):         while idx:
s115388026.py(25):             idx=(idx-1)>>1
s115388026.py(26):             self.tree[idx]=self.merge(self.tree[idx*2+1],self.tree[idx*2+2])
 --- modulename: s115388026, funcname: merge
s115388026.py(28):         return self.f(a,b)
s115388026.py(24):         while idx:
s115388026.py(52):     for l,r,c in LRC:
s115388026.py(53):         a=seg.query(l,r)
 --- modulename: s115388026, funcname: query
s115388026.py(32):         T=self.tree
s115388026.py(33):         l,r=a+self.leaf-1,b+self.leaf-1
s115388026.py(34):         res=self.d
s115388026.py(35):         while l<r:
s115388026.py(36):             if not l%2:
s115388026.py(37):                 res=self.merge(res,T[l])
 --- modulename: s115388026, funcname: merge
s115388026.py(28):         return self.f(a,b)
s115388026.py(38):                 l+=1
s115388026.py(39):             if not r%2:
s115388026.py(42):             l>>=1; r>>=1
s115388026.py(35):         while l<r:
s115388026.py(36):             if not l%2:
s115388026.py(37):                 res=self.merge(res,T[l])
 --- modulename: s115388026, funcname: merge
s115388026.py(28):         return self.f(a,b)
s115388026.py(38):                 l+=1
s115388026.py(39):             if not r%2:
s115388026.py(42):             l>>=1; r>>=1
s115388026.py(35):         while l<r:
s115388026.py(43):         return res
s115388026.py(54):         b=seg.find(r)
 --- modulename: s115388026, funcname: find
s115388026.py(20):         return self.tree[i+self.leaf-1]
s115388026.py(55):         k=min(a+c,b)
s115388026.py(56):         seg.update(r,k)
 --- modulename: s115388026, funcname: update
s115388026.py(22):         idx+=self.leaf-1
s115388026.py(23):         self.tree[idx]=a
s115388026.py(24):         while idx:
s115388026.py(25):             idx=(idx-1)>>1
s115388026.py(26):             self.tree[idx]=self.merge(self.tree[idx*2+1],self.tree[idx*2+2])
 --- modulename: s115388026, funcname: merge
s115388026.py(28):         return self.f(a,b)
s115388026.py(24):         while idx:
s115388026.py(25):             idx=(idx-1)>>1
s115388026.py(26):             self.tree[idx]=self.merge(self.tree[idx*2+1],self.tree[idx*2+2])
 --- modulename: s115388026, funcname: merge
s115388026.py(28):         return self.f(a,b)
s115388026.py(24):         while idx:
s115388026.py(25):             idx=(idx-1)>>1
s115388026.py(26):             self.tree[idx]=self.merge(self.tree[idx*2+1],self.tree[idx*2+2])
 --- modulename: s115388026, funcname: merge
s115388026.py(28):         return self.f(a,b)
s115388026.py(24):         while idx:
s115388026.py(52):     for l,r,c in LRC:
s115388026.py(53):         a=seg.query(l,r)
 --- modulename: s115388026, funcname: query
s115388026.py(32):         T=self.tree
s115388026.py(33):         l,r=a+self.leaf-1,b+self.leaf-1
s115388026.py(34):         res=self.d
s115388026.py(35):         while l<r:
s115388026.py(36):             if not l%2:
s115388026.py(39):             if not r%2:
s115388026.py(42):             l>>=1; r>>=1
s115388026.py(35):         while l<r:
s115388026.py(36):             if not l%2:
s115388026.py(37):                 res=self.merge(res,T[l])
 --- modulename: s115388026, funcname: merge
s115388026.py(28):         return self.f(a,b)
s115388026.py(38):                 l+=1
s115388026.py(39):             if not r%2:
s115388026.py(42):             l>>=1; r>>=1
s115388026.py(35):         while l<r:
s115388026.py(43):         return res
s115388026.py(54):         b=seg.find(r)
 --- modulename: s115388026, funcname: find
s115388026.py(20):         return self.tree[i+self.leaf-1]
s115388026.py(55):         k=min(a+c,b)
s115388026.py(56):         seg.update(r,k)
 --- modulename: s115388026, funcname: update
s115388026.py(22):         idx+=self.leaf-1
s115388026.py(23):         self.tree[idx]=a
s115388026.py(24):         while idx:
s115388026.py(25):             idx=(idx-1)>>1
s115388026.py(26):             self.tree[idx]=self.merge(self.tree[idx*2+1],self.tree[idx*2+2])
 --- modulename: s115388026, funcname: merge
s115388026.py(28):         return self.f(a,b)
s115388026.py(24):         while idx:
s115388026.py(25):             idx=(idx-1)>>1
s115388026.py(26):             self.tree[idx]=self.merge(self.tree[idx*2+1],self.tree[idx*2+2])
 --- modulename: s115388026, funcname: merge
s115388026.py(28):         return self.f(a,b)
s115388026.py(24):         while idx:
s115388026.py(25):             idx=(idx-1)>>1
s115388026.py(26):             self.tree[idx]=self.merge(self.tree[idx*2+1],self.tree[idx*2+2])
 --- modulename: s115388026, funcname: merge
s115388026.py(28):         return self.f(a,b)
s115388026.py(24):         while idx:
s115388026.py(52):     for l,r,c in LRC:
s115388026.py(57):     print(-1 if seg.find(n)==float('inf') else seg.find(n))
 --- modulename: s115388026, funcname: find
s115388026.py(20):         return self.tree[i+self.leaf-1]
 --- modulename: s115388026, funcname: find
s115388026.py(20):         return self.tree[i+self.leaf-1]
5
