 --- modulename: s117621012, funcname: <module>
s117621012.py(3): class BitSeacher:
 --- modulename: s117621012, funcname: BitSeacher
s117621012.py(3): class BitSeacher:
s117621012.py(4):     def __init__(self,bitcount):
s117621012.py(9):     def __next__(self):
s117621012.py(21):     def __iter__(self):
s117621012.py(24): def checker(A,group,K):
s117621012.py(50): def resolve():
s117621012.py(62): if __name__ == "__main__":
s117621012.py(63):     resolve()
 --- modulename: s117621012, funcname: resolve
s117621012.py(51):     N,K = map(int,input().split())
 --- modulename: codecs, funcname: getstate
codecs.py(333):         return (self.buffer, 0)
 --- modulename: codecs, funcname: decode
codecs.py(321):         data = self.buffer + input
codecs.py(322):         (result, consumed) = self._buffer_decode(data, self.errors, final)
codecs.py(324):         self.buffer = data[consumed:]
codecs.py(325):         return result
s117621012.py(52):     A= list(map(int,input().split()))
s117621012.py(53):     mn = 10**20
s117621012.py(54):     for group in BitSeacher(N):
 --- modulename: s117621012, funcname: __init__
s117621012.py(5):         self.counter =0
s117621012.py(6):         self.bitcount = bitcount
s117621012.py(7):         self.mx = 2**bitcount-1
 --- modulename: s117621012, funcname: __iter__
s117621012.py(22):         return self
 --- modulename: s117621012, funcname: __next__
s117621012.py(10):         if self.counter > self.mx:
s117621012.py(12):         ans =[]
s117621012.py(13):         flg =1
s117621012.py(14):         for i in range(self.bitcount):
s117621012.py(15):             if flg & self.counter != 0:
s117621012.py(17):             flg = flg.__lshift__(1)
s117621012.py(14):         for i in range(self.bitcount):
s117621012.py(15):             if flg & self.counter != 0:
s117621012.py(17):             flg = flg.__lshift__(1)
s117621012.py(14):         for i in range(self.bitcount):
s117621012.py(15):             if flg & self.counter != 0:
s117621012.py(17):             flg = flg.__lshift__(1)
s117621012.py(14):         for i in range(self.bitcount):
s117621012.py(15):             if flg & self.counter != 0:
s117621012.py(17):             flg = flg.__lshift__(1)
s117621012.py(14):         for i in range(self.bitcount):
s117621012.py(15):             if flg & self.counter != 0:
s117621012.py(17):             flg = flg.__lshift__(1)
s117621012.py(14):         for i in range(self.bitcount):
s117621012.py(18):         self.counter+=1
s117621012.py(19):         return ans
s117621012.py(55):         group.sort()
s117621012.py(56):         mn = min(mn,checker(A,group,K))
 --- modulename: s117621012, funcname: checker
s117621012.py(25):     if len(group) < K:
s117621012.py(26):         return 10**20
s117621012.py(54):     for group in BitSeacher(N):
 --- modulename: s117621012, funcname: __next__
s117621012.py(10):         if self.counter > self.mx:
s117621012.py(12):         ans =[]
s117621012.py(13):         flg =1
s117621012.py(14):         for i in range(self.bitcount):
s117621012.py(15):             if flg & self.counter != 0:
s117621012.py(16):                 ans.append(i)
s117621012.py(17):             flg = flg.__lshift__(1)
s117621012.py(14):         for i in range(self.bitcount):
s117621012.py(15):             if flg & self.counter != 0:
s117621012.py(17):             flg = flg.__lshift__(1)
s117621012.py(14):         for i in range(self.bitcount):
s117621012.py(15):             if flg & self.counter != 0:
s117621012.py(17):             flg = flg.__lshift__(1)
s117621012.py(14):         for i in range(self.bitcount):
s117621012.py(15):             if flg & self.counter != 0:
s117621012.py(17):             flg = flg.__lshift__(1)
s117621012.py(14):         for i in range(self.bitcount):
s117621012.py(15):             if flg & self.counter != 0:
s117621012.py(17):             flg = flg.__lshift__(1)
s117621012.py(14):         for i in range(self.bitcount):
s117621012.py(18):         self.counter+=1
s117621012.py(19):         return ans
s117621012.py(55):         group.sort()
s117621012.py(56):         mn = min(mn,checker(A,group,K))
 --- modulename: s117621012, funcname: checker
s117621012.py(25):     if len(group) < K:
s117621012.py(26):         return 10**20
s117621012.py(54):     for group in BitSeacher(N):
 --- modulename: s117621012, funcname: __next__
s117621012.py(10):         if self.counter > self.mx:
s117621012.py(12):         ans =[]
s117621012.py(13):         flg =1
s117621012.py(14):         for i in range(self.bitcount):
s117621012.py(15):             if flg & self.counter != 0:
s117621012.py(17):             flg = flg.__lshift__(1)
s117621012.py(14):         for i in range(self.bitcount):
s117621012.py(15):             if flg & self.counter != 0:
s117621012.py(16):                 ans.append(i)
s117621012.py(17):             flg = flg.__lshift__(1)
s117621012.py(14):         for i in range(self.bitcount):
s117621012.py(15):             if flg & self.counter != 0:
s117621012.py(17):             flg = flg.__lshift__(1)
s117621012.py(14):         for i in range(self.bitcount):
s117621012.py(15):             if flg & self.counter != 0:
s117621012.py(17):             flg = flg.__lshift__(1)
s117621012.py(14):         for i in range(self.bitcount):
s117621012.py(15):             if flg & self.counter != 0:
s117621012.py(17):             flg = flg.__lshift__(1)
s117621012.py(14):         for i in range(self.bitcount):
s117621012.py(18):         self.counter+=1
s117621012.py(19):         return ans
s117621012.py(55):         group.sort()
s117621012.py(56):         mn = min(mn,checker(A,group,K))
 --- modulename: s117621012, funcname: checker
s117621012.py(25):     if len(group) < K:
s117621012.py(26):         return 10**20
s117621012.py(54):     for group in BitSeacher(N):
 --- modulename: s117621012, funcname: __next__
s117621012.py(10):         if self.counter > self.mx:
s117621012.py(12):         ans =[]
s117621012.py(13):         flg =1
s117621012.py(14):         for i in range(self.bitcount):
s117621012.py(15):             if flg & self.counter != 0:
s117621012.py(16):                 ans.append(i)
s117621012.py(17):             flg = flg.__lshift__(1)
s117621012.py(14):         for i in range(self.bitcount):
s117621012.py(15):             if flg & self.counter != 0:
s117621012.py(16):                 ans.append(i)
s117621012.py(17):             flg = flg.__lshift__(1)
s117621012.py(14):         for i in range(self.bitcount):
s117621012.py(15):             if flg & self.counter != 0:
s117621012.py(17):             flg = flg.__lshift__(1)
s117621012.py(14):         for i in range(self.bitcount):
s117621012.py(15):             if flg & self.counter != 0:
s117621012.py(17):             flg = flg.__lshift__(1)
s117621012.py(14):         for i in range(self.bitcount):
s117621012.py(15):             if flg & self.counter != 0:
s117621012.py(17):             flg = flg.__lshift__(1)
s117621012.py(14):         for i in range(self.bitcount):
s117621012.py(18):         self.counter+=1
s117621012.py(19):         return ans
s117621012.py(55):         group.sort()
s117621012.py(56):         mn = min(mn,checker(A,group,K))
 --- modulename: s117621012, funcname: checker
s117621012.py(25):     if len(group) < K:
s117621012.py(26):         return 10**20
s117621012.py(54):     for group in BitSeacher(N):
 --- modulename: s117621012, funcname: __next__
s117621012.py(10):         if self.counter > self.mx:
s117621012.py(12):         ans =[]
s117621012.py(13):         flg =1
s117621012.py(14):         for i in range(self.bitcount):
s117621012.py(15):             if flg & self.counter != 0:
s117621012.py(17):             flg = flg.__lshift__(1)
s117621012.py(14):         for i in range(self.bitcount):
s117621012.py(15):             if flg & self.counter != 0:
s117621012.py(17):             flg = flg.__lshift__(1)
s117621012.py(14):         for i in range(self.bitcount):
s117621012.py(15):             if flg & self.counter != 0:
s117621012.py(16):                 ans.append(i)
s117621012.py(17):             flg = flg.__lshift__(1)
s117621012.py(14):         for i in range(self.bitcount):
s117621012.py(15):             if flg & self.counter != 0:
s117621012.py(17):             flg = flg.__lshift__(1)
s117621012.py(14):         for i in range(self.bitcount):
s117621012.py(15):             if flg & self.counter != 0:
s117621012.py(17):             flg = flg.__lshift__(1)
s117621012.py(14):         for i in range(self.bitcount):
s117621012.py(18):         self.counter+=1
s117621012.py(19):         return ans
s117621012.py(55):         group.sort()
s117621012.py(56):         mn = min(mn,checker(A,group,K))
 --- modulename: s117621012, funcname: checker
s117621012.py(25):     if len(group) < K:
s117621012.py(26):         return 10**20
s117621012.py(54):     for group in BitSeacher(N):
 --- modulename: s117621012, funcname: __next__
s117621012.py(10):         if self.counter > self.mx:
s117621012.py(12):         ans =[]
s117621012.py(13):         flg =1
s117621012.py(14):         for i in range(self.bitcount):
s117621012.py(15):             if flg & self.counter != 0:
s117621012.py(16):                 ans.append(i)
s117621012.py(17):             flg = flg.__lshift__(1)
s117621012.py(14):         for i in range(self.bitcount):
s117621012.py(15):             if flg & self.counter != 0:
s117621012.py(17):             flg = flg.__lshift__(1)
s117621012.py(14):         for i in range(self.bitcount):
s117621012.py(15):             if flg & self.counter != 0:
s117621012.py(16):                 ans.append(i)
s117621012.py(17):             flg = flg.__lshift__(1)
s117621012.py(14):         for i in range(self.bitcount):
s117621012.py(15):             if flg & self.counter != 0:
s117621012.py(17):             flg = flg.__lshift__(1)
s117621012.py(14):         for i in range(self.bitcount):
s117621012.py(15):             if flg & self.counter != 0:
s117621012.py(17):             flg = flg.__lshift__(1)
s117621012.py(14):         for i in range(self.bitcount):
s117621012.py(18):         self.counter+=1
s117621012.py(19):         return ans
s117621012.py(55):         group.sort()
s117621012.py(56):         mn = min(mn,checker(A,group,K))
 --- modulename: s117621012, funcname: checker
s117621012.py(25):     if len(group) < K:
s117621012.py(26):         return 10**20
s117621012.py(54):     for group in BitSeacher(N):
 --- modulename: s117621012, funcname: __next__
s117621012.py(10):         if self.counter > self.mx:
s117621012.py(12):         ans =[]
s117621012.py(13):         flg =1
s117621012.py(14):         for i in range(self.bitcount):
s117621012.py(15):             if flg & self.counter != 0:
s117621012.py(17):             flg = flg.__lshift__(1)
s117621012.py(14):         for i in range(self.bitcount):
s117621012.py(15):             if flg & self.counter != 0:
s117621012.py(16):                 ans.append(i)
s117621012.py(17):             flg = flg.__lshift__(1)
s117621012.py(14):         for i in range(self.bitcount):
s117621012.py(15):             if flg & self.counter != 0:
s117621012.py(16):                 ans.append(i)
s117621012.py(17):             flg = flg.__lshift__(1)
s117621012.py(14):         for i in range(self.bitcount):
s117621012.py(15):             if flg & self.counter != 0:
s117621012.py(17):             flg = flg.__lshift__(1)
s117621012.py(14):         for i in range(self.bitcount):
s117621012.py(15):             if flg & self.counter != 0:
s117621012.py(17):             flg = flg.__lshift__(1)
s117621012.py(14):         for i in range(self.bitcount):
s117621012.py(18):         self.counter+=1
s117621012.py(19):         return ans
s117621012.py(55):         group.sort()
s117621012.py(56):         mn = min(mn,checker(A,group,K))
 --- modulename: s117621012, funcname: checker
s117621012.py(25):     if len(group) < K:
s117621012.py(26):         return 10**20
s117621012.py(54):     for group in BitSeacher(N):
 --- modulename: s117621012, funcname: __next__
s117621012.py(10):         if self.counter > self.mx:
s117621012.py(12):         ans =[]
s117621012.py(13):         flg =1
s117621012.py(14):         for i in range(self.bitcount):
s117621012.py(15):             if flg & self.counter != 0:
s117621012.py(16):                 ans.append(i)
s117621012.py(17):             flg = flg.__lshift__(1)
s117621012.py(14):         for i in range(self.bitcount):
s117621012.py(15):             if flg & self.counter != 0:
s117621012.py(16):                 ans.append(i)
s117621012.py(17):             flg = flg.__lshift__(1)
s117621012.py(14):         for i in range(self.bitcount):
s117621012.py(15):             if flg & self.counter != 0:
s117621012.py(16):                 ans.append(i)
s117621012.py(17):             flg = flg.__lshift__(1)
s117621012.py(14):         for i in range(self.bitcount):
s117621012.py(15):             if flg & self.counter != 0:
s117621012.py(17):             flg = flg.__lshift__(1)
s117621012.py(14):         for i in range(self.bitcount):
s117621012.py(15):             if flg & self.counter != 0:
s117621012.py(17):             flg = flg.__lshift__(1)
s117621012.py(14):         for i in range(self.bitcount):
s117621012.py(18):         self.counter+=1
s117621012.py(19):         return ans
s117621012.py(55):         group.sort()
s117621012.py(56):         mn = min(mn,checker(A,group,K))
 --- modulename: s117621012, funcname: checker
s117621012.py(25):     if len(group) < K:
s117621012.py(26):         return 10**20
s117621012.py(54):     for group in BitSeacher(N):
 --- modulename: s117621012, funcname: __next__
s117621012.py(10):         if self.counter > self.mx:
s117621012.py(12):         ans =[]
s117621012.py(13):         flg =1
s117621012.py(14):         for i in range(self.bitcount):
s117621012.py(15):             if flg & self.counter != 0:
s117621012.py(17):             flg = flg.__lshift__(1)
s117621012.py(14):         for i in range(self.bitcount):
s117621012.py(15):             if flg & self.counter != 0:
s117621012.py(17):             flg = flg.__lshift__(1)
s117621012.py(14):         for i in range(self.bitcount):
s117621012.py(15):             if flg & self.counter != 0:
s117621012.py(17):             flg = flg.__lshift__(1)
s117621012.py(14):         for i in range(self.bitcount):
s117621012.py(15):             if flg & self.counter != 0:
s117621012.py(16):                 ans.append(i)
s117621012.py(17):             flg = flg.__lshift__(1)
s117621012.py(14):         for i in range(self.bitcount):
s117621012.py(15):             if flg & self.counter != 0:
s117621012.py(17):             flg = flg.__lshift__(1)
s117621012.py(14):         for i in range(self.bitcount):
s117621012.py(18):         self.counter+=1
s117621012.py(19):         return ans
s117621012.py(55):         group.sort()
s117621012.py(56):         mn = min(mn,checker(A,group,K))
 --- modulename: s117621012, funcname: checker
s117621012.py(25):     if len(group) < K:
s117621012.py(26):         return 10**20
s117621012.py(54):     for group in BitSeacher(N):
 --- modulename: s117621012, funcname: __next__
s117621012.py(10):         if self.counter > self.mx:
s117621012.py(12):         ans =[]
s117621012.py(13):         flg =1
s117621012.py(14):         for i in range(self.bitcount):
s117621012.py(15):             if flg & self.counter != 0:
s117621012.py(16):                 ans.append(i)
s117621012.py(17):             flg = flg.__lshift__(1)
s117621012.py(14):         for i in range(self.bitcount):
s117621012.py(15):             if flg & self.counter != 0:
s117621012.py(17):             flg = flg.__lshift__(1)
s117621012.py(14):         for i in range(self.bitcount):
s117621012.py(15):             if flg & self.counter != 0:
s117621012.py(17):             flg = flg.__lshift__(1)
s117621012.py(14):         for i in range(self.bitcount):
s117621012.py(15):             if flg & self.counter != 0:
s117621012.py(16):                 ans.append(i)
s117621012.py(17):             flg = flg.__lshift__(1)
s117621012.py(14):         for i in range(self.bitcount):
s117621012.py(15):             if flg & self.counter != 0:
s117621012.py(17):             flg = flg.__lshift__(1)
s117621012.py(14):         for i in range(self.bitcount):
s117621012.py(18):         self.counter+=1
s117621012.py(19):         return ans
s117621012.py(55):         group.sort()
s117621012.py(56):         mn = min(mn,checker(A,group,K))
 --- modulename: s117621012, funcname: checker
s117621012.py(25):     if len(group) < K:
s117621012.py(26):         return 10**20
s117621012.py(54):     for group in BitSeacher(N):
 --- modulename: s117621012, funcname: __next__
s117621012.py(10):         if self.counter > self.mx:
s117621012.py(12):         ans =[]
s117621012.py(13):         flg =1
s117621012.py(14):         for i in range(self.bitcount):
s117621012.py(15):             if flg & self.counter != 0:
s117621012.py(17):             flg = flg.__lshift__(1)
s117621012.py(14):         for i in range(self.bitcount):
s117621012.py(15):             if flg & self.counter != 0:
s117621012.py(16):                 ans.append(i)
s117621012.py(17):             flg = flg.__lshift__(1)
s117621012.py(14):         for i in range(self.bitcount):
s117621012.py(15):             if flg & self.counter != 0:
s117621012.py(17):             flg = flg.__lshift__(1)
s117621012.py(14):         for i in range(self.bitcount):
s117621012.py(15):             if flg & self.counter != 0:
s117621012.py(16):                 ans.append(i)
s117621012.py(17):             flg = flg.__lshift__(1)
s117621012.py(14):         for i in range(self.bitcount):
s117621012.py(15):             if flg & self.counter != 0:
s117621012.py(17):             flg = flg.__lshift__(1)
s117621012.py(14):         for i in range(self.bitcount):
s117621012.py(18):         self.counter+=1
s117621012.py(19):         return ans
s117621012.py(55):         group.sort()
s117621012.py(56):         mn = min(mn,checker(A,group,K))
 --- modulename: s117621012, funcname: checker
s117621012.py(25):     if len(group) < K:
s117621012.py(26):         return 10**20
s117621012.py(54):     for group in BitSeacher(N):
 --- modulename: s117621012, funcname: __next__
s117621012.py(10):         if self.counter > self.mx:
s117621012.py(12):         ans =[]
s117621012.py(13):         flg =1
s117621012.py(14):         for i in range(self.bitcount):
s117621012.py(15):             if flg & self.counter != 0:
s117621012.py(16):                 ans.append(i)
s117621012.py(17):             flg = flg.__lshift__(1)
s117621012.py(14):         for i in range(self.bitcount):
s117621012.py(15):             if flg & self.counter != 0:
s117621012.py(16):                 ans.append(i)
s117621012.py(17):             flg = flg.__lshift__(1)
s117621012.py(14):         for i in range(self.bitcount):
s117621012.py(15):             if flg & self.counter != 0:
s117621012.py(17):             flg = flg.__lshift__(1)
s117621012.py(14):         for i in range(self.bitcount):
s117621012.py(15):             if flg & self.counter != 0:
s117621012.py(16):                 ans.append(i)
s117621012.py(17):             flg = flg.__lshift__(1)
s117621012.py(14):         for i in range(self.bitcount):
s117621012.py(15):             if flg & self.counter != 0:
s117621012.py(17):             flg = flg.__lshift__(1)
s117621012.py(14):         for i in range(self.bitcount):
s117621012.py(18):         self.counter+=1
s117621012.py(19):         return ans
s117621012.py(55):         group.sort()
s117621012.py(56):         mn = min(mn,checker(A,group,K))
 --- modulename: s117621012, funcname: checker
s117621012.py(25):     if len(group) < K:
s117621012.py(26):         return 10**20
s117621012.py(54):     for group in BitSeacher(N):
 --- modulename: s117621012, funcname: __next__
s117621012.py(10):         if self.counter > self.mx:
s117621012.py(12):         ans =[]
s117621012.py(13):         flg =1
s117621012.py(14):         for i in range(self.bitcount):
s117621012.py(15):             if flg & self.counter != 0:
s117621012.py(17):             flg = flg.__lshift__(1)
s117621012.py(14):         for i in range(self.bitcount):
s117621012.py(15):             if flg & self.counter != 0:
s117621012.py(17):             flg = flg.__lshift__(1)
s117621012.py(14):         for i in range(self.bitcount):
s117621012.py(15):             if flg & self.counter != 0:
s117621012.py(16):                 ans.append(i)
s117621012.py(17):             flg = flg.__lshift__(1)
s117621012.py(14):         for i in range(self.bitcount):
s117621012.py(15):             if flg & self.counter != 0:
s117621012.py(16):                 ans.append(i)
s117621012.py(17):             flg = flg.__lshift__(1)
s117621012.py(14):         for i in range(self.bitcount):
s117621012.py(15):             if flg & self.counter != 0:
s117621012.py(17):             flg = flg.__lshift__(1)
s117621012.py(14):         for i in range(self.bitcount):
s117621012.py(18):         self.counter+=1
s117621012.py(19):         return ans
s117621012.py(55):         group.sort()
s117621012.py(56):         mn = min(mn,checker(A,group,K))
 --- modulename: s117621012, funcname: checker
s117621012.py(25):     if len(group) < K:
s117621012.py(26):         return 10**20
s117621012.py(54):     for group in BitSeacher(N):
 --- modulename: s117621012, funcname: __next__
s117621012.py(10):         if self.counter > self.mx:
s117621012.py(12):         ans =[]
s117621012.py(13):         flg =1
s117621012.py(14):         for i in range(self.bitcount):
s117621012.py(15):             if flg & self.counter != 0:
s117621012.py(16):                 ans.append(i)
s117621012.py(17):             flg = flg.__lshift__(1)
s117621012.py(14):         for i in range(self.bitcount):
s117621012.py(15):             if flg & self.counter != 0:
s117621012.py(17):             flg = flg.__lshift__(1)
s117621012.py(14):         for i in range(self.bitcount):
s117621012.py(15):             if flg & self.counter != 0:
s117621012.py(16):                 ans.append(i)
s117621012.py(17):             flg = flg.__lshift__(1)
s117621012.py(14):         for i in range(self.bitcount):
s117621012.py(15):             if flg & self.counter != 0:
s117621012.py(16):                 ans.append(i)
s117621012.py(17):             flg = flg.__lshift__(1)
s117621012.py(14):         for i in range(self.bitcount):
s117621012.py(15):             if flg & self.counter != 0:
s117621012.py(17):             flg = flg.__lshift__(1)
s117621012.py(14):         for i in range(self.bitcount):
s117621012.py(18):         self.counter+=1
s117621012.py(19):         return ans
s117621012.py(55):         group.sort()
s117621012.py(56):         mn = min(mn,checker(A,group,K))
 --- modulename: s117621012, funcname: checker
s117621012.py(25):     if len(group) < K:
s117621012.py(26):         return 10**20
s117621012.py(54):     for group in BitSeacher(N):
 --- modulename: s117621012, funcname: __next__
s117621012.py(10):         if self.counter > self.mx:
s117621012.py(12):         ans =[]
s117621012.py(13):         flg =1
s117621012.py(14):         for i in range(self.bitcount):
s117621012.py(15):             if flg & self.counter != 0:
s117621012.py(17):             flg = flg.__lshift__(1)
s117621012.py(14):         for i in range(self.bitcount):
s117621012.py(15):             if flg & self.counter != 0:
s117621012.py(16):                 ans.append(i)
s117621012.py(17):             flg = flg.__lshift__(1)
s117621012.py(14):         for i in range(self.bitcount):
s117621012.py(15):             if flg & self.counter != 0:
s117621012.py(16):                 ans.append(i)
s117621012.py(17):             flg = flg.__lshift__(1)
s117621012.py(14):         for i in range(self.bitcount):
s117621012.py(15):             if flg & self.counter != 0:
s117621012.py(16):                 ans.append(i)
s117621012.py(17):             flg = flg.__lshift__(1)
s117621012.py(14):         for i in range(self.bitcount):
s117621012.py(15):             if flg & self.counter != 0:
s117621012.py(17):             flg = flg.__lshift__(1)
s117621012.py(14):         for i in range(self.bitcount):
s117621012.py(18):         self.counter+=1
s117621012.py(19):         return ans
s117621012.py(55):         group.sort()
s117621012.py(56):         mn = min(mn,checker(A,group,K))
 --- modulename: s117621012, funcname: checker
s117621012.py(25):     if len(group) < K:
s117621012.py(26):         return 10**20
s117621012.py(54):     for group in BitSeacher(N):
 --- modulename: s117621012, funcname: __next__
s117621012.py(10):         if self.counter > self.mx:
s117621012.py(12):         ans =[]
s117621012.py(13):         flg =1
s117621012.py(14):         for i in range(self.bitcount):
s117621012.py(15):             if flg & self.counter != 0:
s117621012.py(16):                 ans.append(i)
s117621012.py(17):             flg = flg.__lshift__(1)
s117621012.py(14):         for i in range(self.bitcount):
s117621012.py(15):             if flg & self.counter != 0:
s117621012.py(16):                 ans.append(i)
s117621012.py(17):             flg = flg.__lshift__(1)
s117621012.py(14):         for i in range(self.bitcount):
s117621012.py(15):             if flg & self.counter != 0:
s117621012.py(16):                 ans.append(i)
s117621012.py(17):             flg = flg.__lshift__(1)
s117621012.py(14):         for i in range(self.bitcount):
s117621012.py(15):             if flg & self.counter != 0:
s117621012.py(16):                 ans.append(i)
s117621012.py(17):             flg = flg.__lshift__(1)
s117621012.py(14):         for i in range(self.bitcount):
s117621012.py(15):             if flg & self.counter != 0:
s117621012.py(17):             flg = flg.__lshift__(1)
s117621012.py(14):         for i in range(self.bitcount):
s117621012.py(18):         self.counter+=1
s117621012.py(19):         return ans
s117621012.py(55):         group.sort()
s117621012.py(56):         mn = min(mn,checker(A,group,K))
 --- modulename: s117621012, funcname: checker
s117621012.py(25):     if len(group) < K:
s117621012.py(26):         return 10**20
s117621012.py(54):     for group in BitSeacher(N):
 --- modulename: s117621012, funcname: __next__
s117621012.py(10):         if self.counter > self.mx:
s117621012.py(12):         ans =[]
s117621012.py(13):         flg =1
s117621012.py(14):         for i in range(self.bitcount):
s117621012.py(15):             if flg & self.counter != 0:
s117621012.py(17):             flg = flg.__lshift__(1)
s117621012.py(14):         for i in range(self.bitcount):
s117621012.py(15):             if flg & self.counter != 0:
s117621012.py(17):             flg = flg.__lshift__(1)
s117621012.py(14):         for i in range(self.bitcount):
s117621012.py(15):             if flg & self.counter != 0:
s117621012.py(17):             flg = flg.__lshift__(1)
s117621012.py(14):         for i in range(self.bitcount):
s117621012.py(15):             if flg & self.counter != 0:
s117621012.py(17):             flg = flg.__lshift__(1)
s117621012.py(14):         for i in range(self.bitcount):
s117621012.py(15):             if flg & self.counter != 0:
s117621012.py(16):                 ans.append(i)
s117621012.py(17):             flg = flg.__lshift__(1)
s117621012.py(14):         for i in range(self.bitcount):
s117621012.py(18):         self.counter+=1
s117621012.py(19):         return ans
s117621012.py(55):         group.sort()
s117621012.py(56):         mn = min(mn,checker(A,group,K))
 --- modulename: s117621012, funcname: checker
s117621012.py(25):     if len(group) < K:
s117621012.py(26):         return 10**20
s117621012.py(54):     for group in BitSeacher(N):
 --- modulename: s117621012, funcname: __next__
s117621012.py(10):         if self.counter > self.mx:
s117621012.py(12):         ans =[]
s117621012.py(13):         flg =1
s117621012.py(14):         for i in range(self.bitcount):
s117621012.py(15):             if flg & self.counter != 0:
s117621012.py(16):                 ans.append(i)
s117621012.py(17):             flg = flg.__lshift__(1)
s117621012.py(14):         for i in range(self.bitcount):
s117621012.py(15):             if flg & self.counter != 0:
s117621012.py(17):             flg = flg.__lshift__(1)
s117621012.py(14):         for i in range(self.bitcount):
s117621012.py(15):             if flg & self.counter != 0:
s117621012.py(17):             flg = flg.__lshift__(1)
s117621012.py(14):         for i in range(self.bitcount):
s117621012.py(15):             if flg & self.counter != 0:
s117621012.py(17):             flg = flg.__lshift__(1)
s117621012.py(14):         for i in range(self.bitcount):
s117621012.py(15):             if flg & self.counter != 0:
s117621012.py(16):                 ans.append(i)
s117621012.py(17):             flg = flg.__lshift__(1)
s117621012.py(14):         for i in range(self.bitcount):
s117621012.py(18):         self.counter+=1
s117621012.py(19):         return ans
s117621012.py(55):         group.sort()
s117621012.py(56):         mn = min(mn,checker(A,group,K))
 --- modulename: s117621012, funcname: checker
s117621012.py(25):     if len(group) < K:
s117621012.py(26):         return 10**20
s117621012.py(54):     for group in BitSeacher(N):
 --- modulename: s117621012, funcname: __next__
s117621012.py(10):         if self.counter > self.mx:
s117621012.py(12):         ans =[]
s117621012.py(13):         flg =1
s117621012.py(14):         for i in range(self.bitcount):
s117621012.py(15):             if flg & self.counter != 0:
s117621012.py(17):             flg = flg.__lshift__(1)
s117621012.py(14):         for i in range(self.bitcount):
s117621012.py(15):             if flg & self.counter != 0:
s117621012.py(16):                 ans.append(i)
s117621012.py(17):             flg = flg.__lshift__(1)
s117621012.py(14):         for i in range(self.bitcount):
s117621012.py(15):             if flg & self.counter != 0:
s117621012.py(17):             flg = flg.__lshift__(1)
s117621012.py(14):         for i in range(self.bitcount):
s117621012.py(15):             if flg & self.counter != 0:
s117621012.py(17):             flg = flg.__lshift__(1)
s117621012.py(14):         for i in range(self.bitcount):
s117621012.py(15):             if flg & self.counter != 0:
s117621012.py(16):                 ans.append(i)
s117621012.py(17):             flg = flg.__lshift__(1)
s117621012.py(14):         for i in range(self.bitcount):
s117621012.py(18):         self.counter+=1
s117621012.py(19):         return ans
s117621012.py(55):         group.sort()
s117621012.py(56):         mn = min(mn,checker(A,group,K))
 --- modulename: s117621012, funcname: checker
s117621012.py(25):     if len(group) < K:
s117621012.py(26):         return 10**20
s117621012.py(54):     for group in BitSeacher(N):
 --- modulename: s117621012, funcname: __next__
s117621012.py(10):         if self.counter > self.mx:
s117621012.py(12):         ans =[]
s117621012.py(13):         flg =1
s117621012.py(14):         for i in range(self.bitcount):
s117621012.py(15):             if flg & self.counter != 0:
s117621012.py(16):                 ans.append(i)
s117621012.py(17):             flg = flg.__lshift__(1)
s117621012.py(14):         for i in range(self.bitcount):
s117621012.py(15):             if flg & self.counter != 0:
s117621012.py(16):                 ans.append(i)
s117621012.py(17):             flg = flg.__lshift__(1)
s117621012.py(14):         for i in range(self.bitcount):
s117621012.py(15):             if flg & self.counter != 0:
s117621012.py(17):             flg = flg.__lshift__(1)
s117621012.py(14):         for i in range(self.bitcount):
s117621012.py(15):             if flg & self.counter != 0:
s117621012.py(17):             flg = flg.__lshift__(1)
s117621012.py(14):         for i in range(self.bitcount):
s117621012.py(15):             if flg & self.counter != 0:
s117621012.py(16):                 ans.append(i)
s117621012.py(17):             flg = flg.__lshift__(1)
s117621012.py(14):         for i in range(self.bitcount):
s117621012.py(18):         self.counter+=1
s117621012.py(19):         return ans
s117621012.py(55):         group.sort()
s117621012.py(56):         mn = min(mn,checker(A,group,K))
 --- modulename: s117621012, funcname: checker
s117621012.py(25):     if len(group) < K:
s117621012.py(26):         return 10**20
s117621012.py(54):     for group in BitSeacher(N):
 --- modulename: s117621012, funcname: __next__
s117621012.py(10):         if self.counter > self.mx:
s117621012.py(12):         ans =[]
s117621012.py(13):         flg =1
s117621012.py(14):         for i in range(self.bitcount):
s117621012.py(15):             if flg & self.counter != 0:
s117621012.py(17):             flg = flg.__lshift__(1)
s117621012.py(14):         for i in range(self.bitcount):
s117621012.py(15):             if flg & self.counter != 0:
s117621012.py(17):             flg = flg.__lshift__(1)
s117621012.py(14):         for i in range(self.bitcount):
s117621012.py(15):             if flg & self.counter != 0:
s117621012.py(16):                 ans.append(i)
s117621012.py(17):             flg = flg.__lshift__(1)
s117621012.py(14):         for i in range(self.bitcount):
s117621012.py(15):             if flg & self.counter != 0:
s117621012.py(17):             flg = flg.__lshift__(1)
s117621012.py(14):         for i in range(self.bitcount):
s117621012.py(15):             if flg & self.counter != 0:
s117621012.py(16):                 ans.append(i)
s117621012.py(17):             flg = flg.__lshift__(1)
s117621012.py(14):         for i in range(self.bitcount):
s117621012.py(18):         self.counter+=1
s117621012.py(19):         return ans
s117621012.py(55):         group.sort()
s117621012.py(56):         mn = min(mn,checker(A,group,K))
 --- modulename: s117621012, funcname: checker
s117621012.py(25):     if len(group) < K:
s117621012.py(26):         return 10**20
s117621012.py(54):     for group in BitSeacher(N):
 --- modulename: s117621012, funcname: __next__
s117621012.py(10):         if self.counter > self.mx:
s117621012.py(12):         ans =[]
s117621012.py(13):         flg =1
s117621012.py(14):         for i in range(self.bitcount):
s117621012.py(15):             if flg & self.counter != 0:
s117621012.py(16):                 ans.append(i)
s117621012.py(17):             flg = flg.__lshift__(1)
s117621012.py(14):         for i in range(self.bitcount):
s117621012.py(15):             if flg & self.counter != 0:
s117621012.py(17):             flg = flg.__lshift__(1)
s117621012.py(14):         for i in range(self.bitcount):
s117621012.py(15):             if flg & self.counter != 0:
s117621012.py(16):                 ans.append(i)
s117621012.py(17):             flg = flg.__lshift__(1)
s117621012.py(14):         for i in range(self.bitcount):
s117621012.py(15):             if flg & self.counter != 0:
s117621012.py(17):             flg = flg.__lshift__(1)
s117621012.py(14):         for i in range(self.bitcount):
s117621012.py(15):             if flg & self.counter != 0:
s117621012.py(16):                 ans.append(i)
s117621012.py(17):             flg = flg.__lshift__(1)
s117621012.py(14):         for i in range(self.bitcount):
s117621012.py(18):         self.counter+=1
s117621012.py(19):         return ans
s117621012.py(55):         group.sort()
s117621012.py(56):         mn = min(mn,checker(A,group,K))
 --- modulename: s117621012, funcname: checker
s117621012.py(25):     if len(group) < K:
s117621012.py(26):         return 10**20
s117621012.py(54):     for group in BitSeacher(N):
 --- modulename: s117621012, funcname: __next__
s117621012.py(10):         if self.counter > self.mx:
s117621012.py(12):         ans =[]
s117621012.py(13):         flg =1
s117621012.py(14):         for i in range(self.bitcount):
s117621012.py(15):             if flg & self.counter != 0:
s117621012.py(17):             flg = flg.__lshift__(1)
s117621012.py(14):         for i in range(self.bitcount):
s117621012.py(15):             if flg & self.counter != 0:
s117621012.py(16):                 ans.append(i)
s117621012.py(17):             flg = flg.__lshift__(1)
s117621012.py(14):         for i in range(self.bitcount):
s117621012.py(15):             if flg & self.counter != 0:
s117621012.py(16):                 ans.append(i)
s117621012.py(17):             flg = flg.__lshift__(1)
s117621012.py(14):         for i in range(self.bitcount):
s117621012.py(15):             if flg & self.counter != 0:
s117621012.py(17):             flg = flg.__lshift__(1)
s117621012.py(14):         for i in range(self.bitcount):
s117621012.py(15):             if flg & self.counter != 0:
s117621012.py(16):                 ans.append(i)
s117621012.py(17):             flg = flg.__lshift__(1)
s117621012.py(14):         for i in range(self.bitcount):
s117621012.py(18):         self.counter+=1
s117621012.py(19):         return ans
s117621012.py(55):         group.sort()
s117621012.py(56):         mn = min(mn,checker(A,group,K))
 --- modulename: s117621012, funcname: checker
s117621012.py(25):     if len(group) < K:
s117621012.py(26):         return 10**20
s117621012.py(54):     for group in BitSeacher(N):
 --- modulename: s117621012, funcname: __next__
s117621012.py(10):         if self.counter > self.mx:
s117621012.py(12):         ans =[]
s117621012.py(13):         flg =1
s117621012.py(14):         for i in range(self.bitcount):
s117621012.py(15):             if flg & self.counter != 0:
s117621012.py(16):                 ans.append(i)
s117621012.py(17):             flg = flg.__lshift__(1)
s117621012.py(14):         for i in range(self.bitcount):
s117621012.py(15):             if flg & self.counter != 0:
s117621012.py(16):                 ans.append(i)
s117621012.py(17):             flg = flg.__lshift__(1)
s117621012.py(14):         for i in range(self.bitcount):
s117621012.py(15):             if flg & self.counter != 0:
s117621012.py(16):                 ans.append(i)
s117621012.py(17):             flg = flg.__lshift__(1)
s117621012.py(14):         for i in range(self.bitcount):
s117621012.py(15):             if flg & self.counter != 0:
s117621012.py(17):             flg = flg.__lshift__(1)
s117621012.py(14):         for i in range(self.bitcount):
s117621012.py(15):             if flg & self.counter != 0:
s117621012.py(16):                 ans.append(i)
s117621012.py(17):             flg = flg.__lshift__(1)
s117621012.py(14):         for i in range(self.bitcount):
s117621012.py(18):         self.counter+=1
s117621012.py(19):         return ans
s117621012.py(55):         group.sort()
s117621012.py(56):         mn = min(mn,checker(A,group,K))
 --- modulename: s117621012, funcname: checker
s117621012.py(25):     if len(group) < K:
s117621012.py(26):         return 10**20
s117621012.py(54):     for group in BitSeacher(N):
 --- modulename: s117621012, funcname: __next__
s117621012.py(10):         if self.counter > self.mx:
s117621012.py(12):         ans =[]
s117621012.py(13):         flg =1
s117621012.py(14):         for i in range(self.bitcount):
s117621012.py(15):             if flg & self.counter != 0:
s117621012.py(17):             flg = flg.__lshift__(1)
s117621012.py(14):         for i in range(self.bitcount):
s117621012.py(15):             if flg & self.counter != 0:
s117621012.py(17):             flg = flg.__lshift__(1)
s117621012.py(14):         for i in range(self.bitcount):
s117621012.py(15):             if flg & self.counter != 0:
s117621012.py(17):             flg = flg.__lshift__(1)
s117621012.py(14):         for i in range(self.bitcount):
s117621012.py(15):             if flg & self.counter != 0:
s117621012.py(16):                 ans.append(i)
s117621012.py(17):             flg = flg.__lshift__(1)
s117621012.py(14):         for i in range(self.bitcount):
s117621012.py(15):             if flg & self.counter != 0:
s117621012.py(16):                 ans.append(i)
s117621012.py(17):             flg = flg.__lshift__(1)
s117621012.py(14):         for i in range(self.bitcount):
s117621012.py(18):         self.counter+=1
s117621012.py(19):         return ans
s117621012.py(55):         group.sort()
s117621012.py(56):         mn = min(mn,checker(A,group,K))
 --- modulename: s117621012, funcname: checker
s117621012.py(25):     if len(group) < K:
s117621012.py(26):         return 10**20
s117621012.py(54):     for group in BitSeacher(N):
 --- modulename: s117621012, funcname: __next__
s117621012.py(10):         if self.counter > self.mx:
s117621012.py(12):         ans =[]
s117621012.py(13):         flg =1
s117621012.py(14):         for i in range(self.bitcount):
s117621012.py(15):             if flg & self.counter != 0:
s117621012.py(16):                 ans.append(i)
s117621012.py(17):             flg = flg.__lshift__(1)
s117621012.py(14):         for i in range(self.bitcount):
s117621012.py(15):             if flg & self.counter != 0:
s117621012.py(17):             flg = flg.__lshift__(1)
s117621012.py(14):         for i in range(self.bitcount):
s117621012.py(15):             if flg & self.counter != 0:
s117621012.py(17):             flg = flg.__lshift__(1)
s117621012.py(14):         for i in range(self.bitcount):
s117621012.py(15):             if flg & self.counter != 0:
s117621012.py(16):                 ans.append(i)
s117621012.py(17):             flg = flg.__lshift__(1)
s117621012.py(14):         for i in range(self.bitcount):
s117621012.py(15):             if flg & self.counter != 0:
s117621012.py(16):                 ans.append(i)
s117621012.py(17):             flg = flg.__lshift__(1)
s117621012.py(14):         for i in range(self.bitcount):
s117621012.py(18):         self.counter+=1
s117621012.py(19):         return ans
s117621012.py(55):         group.sort()
s117621012.py(56):         mn = min(mn,checker(A,group,K))
 --- modulename: s117621012, funcname: checker
s117621012.py(25):     if len(group) < K:
s117621012.py(26):         return 10**20
s117621012.py(54):     for group in BitSeacher(N):
 --- modulename: s117621012, funcname: __next__
s117621012.py(10):         if self.counter > self.mx:
s117621012.py(12):         ans =[]
s117621012.py(13):         flg =1
s117621012.py(14):         for i in range(self.bitcount):
s117621012.py(15):             if flg & self.counter != 0:
s117621012.py(17):             flg = flg.__lshift__(1)
s117621012.py(14):         for i in range(self.bitcount):
s117621012.py(15):             if flg & self.counter != 0:
s117621012.py(16):                 ans.append(i)
s117621012.py(17):             flg = flg.__lshift__(1)
s117621012.py(14):         for i in range(self.bitcount):
s117621012.py(15):             if flg & self.counter != 0:
s117621012.py(17):             flg = flg.__lshift__(1)
s117621012.py(14):         for i in range(self.bitcount):
s117621012.py(15):             if flg & self.counter != 0:
s117621012.py(16):                 ans.append(i)
s117621012.py(17):             flg = flg.__lshift__(1)
s117621012.py(14):         for i in range(self.bitcount):
s117621012.py(15):             if flg & self.counter != 0:
s117621012.py(16):                 ans.append(i)
s117621012.py(17):             flg = flg.__lshift__(1)
s117621012.py(14):         for i in range(self.bitcount):
s117621012.py(18):         self.counter+=1
s117621012.py(19):         return ans
s117621012.py(55):         group.sort()
s117621012.py(56):         mn = min(mn,checker(A,group,K))
 --- modulename: s117621012, funcname: checker
s117621012.py(25):     if len(group) < K:
s117621012.py(26):         return 10**20
s117621012.py(54):     for group in BitSeacher(N):
 --- modulename: s117621012, funcname: __next__
s117621012.py(10):         if self.counter > self.mx:
s117621012.py(12):         ans =[]
s117621012.py(13):         flg =1
s117621012.py(14):         for i in range(self.bitcount):
s117621012.py(15):             if flg & self.counter != 0:
s117621012.py(16):                 ans.append(i)
s117621012.py(17):             flg = flg.__lshift__(1)
s117621012.py(14):         for i in range(self.bitcount):
s117621012.py(15):             if flg & self.counter != 0:
s117621012.py(16):                 ans.append(i)
s117621012.py(17):             flg = flg.__lshift__(1)
s117621012.py(14):         for i in range(self.bitcount):
s117621012.py(15):             if flg & self.counter != 0:
s117621012.py(17):             flg = flg.__lshift__(1)
s117621012.py(14):         for i in range(self.bitcount):
s117621012.py(15):             if flg & self.counter != 0:
s117621012.py(16):                 ans.append(i)
s117621012.py(17):             flg = flg.__lshift__(1)
s117621012.py(14):         for i in range(self.bitcount):
s117621012.py(15):             if flg & self.counter != 0:
s117621012.py(16):                 ans.append(i)
s117621012.py(17):             flg = flg.__lshift__(1)
s117621012.py(14):         for i in range(self.bitcount):
s117621012.py(18):         self.counter+=1
s117621012.py(19):         return ans
s117621012.py(55):         group.sort()
s117621012.py(56):         mn = min(mn,checker(A,group,K))
 --- modulename: s117621012, funcname: checker
s117621012.py(25):     if len(group) < K:
s117621012.py(26):         return 10**20
s117621012.py(54):     for group in BitSeacher(N):
 --- modulename: s117621012, funcname: __next__
s117621012.py(10):         if self.counter > self.mx:
s117621012.py(12):         ans =[]
s117621012.py(13):         flg =1
s117621012.py(14):         for i in range(self.bitcount):
s117621012.py(15):             if flg & self.counter != 0:
s117621012.py(17):             flg = flg.__lshift__(1)
s117621012.py(14):         for i in range(self.bitcount):
s117621012.py(15):             if flg & self.counter != 0:
s117621012.py(17):             flg = flg.__lshift__(1)
s117621012.py(14):         for i in range(self.bitcount):
s117621012.py(15):             if flg & self.counter != 0:
s117621012.py(16):                 ans.append(i)
s117621012.py(17):             flg = flg.__lshift__(1)
s117621012.py(14):         for i in range(self.bitcount):
s117621012.py(15):             if flg & self.counter != 0:
s117621012.py(16):                 ans.append(i)
s117621012.py(17):             flg = flg.__lshift__(1)
s117621012.py(14):         for i in range(self.bitcount):
s117621012.py(15):             if flg & self.counter != 0:
s117621012.py(16):                 ans.append(i)
s117621012.py(17):             flg = flg.__lshift__(1)
s117621012.py(14):         for i in range(self.bitcount):
s117621012.py(18):         self.counter+=1
s117621012.py(19):         return ans
s117621012.py(55):         group.sort()
s117621012.py(56):         mn = min(mn,checker(A,group,K))
 --- modulename: s117621012, funcname: checker
s117621012.py(25):     if len(group) < K:
s117621012.py(26):         return 10**20
s117621012.py(54):     for group in BitSeacher(N):
 --- modulename: s117621012, funcname: __next__
s117621012.py(10):         if self.counter > self.mx:
s117621012.py(12):         ans =[]
s117621012.py(13):         flg =1
s117621012.py(14):         for i in range(self.bitcount):
s117621012.py(15):             if flg & self.counter != 0:
s117621012.py(16):                 ans.append(i)
s117621012.py(17):             flg = flg.__lshift__(1)
s117621012.py(14):         for i in range(self.bitcount):
s117621012.py(15):             if flg & self.counter != 0:
s117621012.py(17):             flg = flg.__lshift__(1)
s117621012.py(14):         for i in range(self.bitcount):
s117621012.py(15):             if flg & self.counter != 0:
s117621012.py(16):                 ans.append(i)
s117621012.py(17):             flg = flg.__lshift__(1)
s117621012.py(14):         for i in range(self.bitcount):
s117621012.py(15):             if flg & self.counter != 0:
s117621012.py(16):                 ans.append(i)
s117621012.py(17):             flg = flg.__lshift__(1)
s117621012.py(14):         for i in range(self.bitcount):
s117621012.py(15):             if flg & self.counter != 0:
s117621012.py(16):                 ans.append(i)
s117621012.py(17):             flg = flg.__lshift__(1)
s117621012.py(14):         for i in range(self.bitcount):
s117621012.py(18):         self.counter+=1
s117621012.py(19):         return ans
s117621012.py(55):         group.sort()
s117621012.py(56):         mn = min(mn,checker(A,group,K))
 --- modulename: s117621012, funcname: checker
s117621012.py(25):     if len(group) < K:
s117621012.py(26):         return 10**20
s117621012.py(54):     for group in BitSeacher(N):
 --- modulename: s117621012, funcname: __next__
s117621012.py(10):         if self.counter > self.mx:
s117621012.py(12):         ans =[]
s117621012.py(13):         flg =1
s117621012.py(14):         for i in range(self.bitcount):
s117621012.py(15):             if flg & self.counter != 0:
s117621012.py(17):             flg = flg.__lshift__(1)
s117621012.py(14):         for i in range(self.bitcount):
s117621012.py(15):             if flg & self.counter != 0:
s117621012.py(16):                 ans.append(i)
s117621012.py(17):             flg = flg.__lshift__(1)
s117621012.py(14):         for i in range(self.bitcount):
s117621012.py(15):             if flg & self.counter != 0:
s117621012.py(16):                 ans.append(i)
s117621012.py(17):             flg = flg.__lshift__(1)
s117621012.py(14):         for i in range(self.bitcount):
s117621012.py(15):             if flg & self.counter != 0:
s117621012.py(16):                 ans.append(i)
s117621012.py(17):             flg = flg.__lshift__(1)
s117621012.py(14):         for i in range(self.bitcount):
s117621012.py(15):             if flg & self.counter != 0:
s117621012.py(16):                 ans.append(i)
s117621012.py(17):             flg = flg.__lshift__(1)
s117621012.py(14):         for i in range(self.bitcount):
s117621012.py(18):         self.counter+=1
s117621012.py(19):         return ans
s117621012.py(55):         group.sort()
s117621012.py(56):         mn = min(mn,checker(A,group,K))
 --- modulename: s117621012, funcname: checker
s117621012.py(25):     if len(group) < K:
s117621012.py(26):         return 10**20
s117621012.py(54):     for group in BitSeacher(N):
 --- modulename: s117621012, funcname: __next__
s117621012.py(10):         if self.counter > self.mx:
s117621012.py(12):         ans =[]
s117621012.py(13):         flg =1
s117621012.py(14):         for i in range(self.bitcount):
s117621012.py(15):             if flg & self.counter != 0:
s117621012.py(16):                 ans.append(i)
s117621012.py(17):             flg = flg.__lshift__(1)
s117621012.py(14):         for i in range(self.bitcount):
s117621012.py(15):             if flg & self.counter != 0:
s117621012.py(16):                 ans.append(i)
s117621012.py(17):             flg = flg.__lshift__(1)
s117621012.py(14):         for i in range(self.bitcount):
s117621012.py(15):             if flg & self.counter != 0:
s117621012.py(16):                 ans.append(i)
s117621012.py(17):             flg = flg.__lshift__(1)
s117621012.py(14):         for i in range(self.bitcount):
s117621012.py(15):             if flg & self.counter != 0:
s117621012.py(16):                 ans.append(i)
s117621012.py(17):             flg = flg.__lshift__(1)
s117621012.py(14):         for i in range(self.bitcount):
s117621012.py(15):             if flg & self.counter != 0:
s117621012.py(16):                 ans.append(i)
s117621012.py(17):             flg = flg.__lshift__(1)
s117621012.py(14):         for i in range(self.bitcount):
s117621012.py(18):         self.counter+=1
s117621012.py(19):         return ans
s117621012.py(55):         group.sort()
s117621012.py(56):         mn = min(mn,checker(A,group,K))
 --- modulename: s117621012, funcname: checker
s117621012.py(25):     if len(group) < K:
s117621012.py(28):     tbl = [False for i in A]
 --- modulename: s117621012, funcname: <listcomp>
s117621012.py(28):     tbl = [False for i in A]
s117621012.py(28):     tbl = [False for i in A]
s117621012.py(28):     tbl = [False for i in A]
s117621012.py(28):     tbl = [False for i in A]
s117621012.py(28):     tbl = [False for i in A]
s117621012.py(28):     tbl = [False for i in A]
s117621012.py(29):     for i in group:
s117621012.py(30):         tbl[i]=True
s117621012.py(29):     for i in group:
s117621012.py(30):         tbl[i]=True
s117621012.py(29):     for i in group:
s117621012.py(30):         tbl[i]=True
s117621012.py(29):     for i in group:
s117621012.py(30):         tbl[i]=True
s117621012.py(29):     for i in group:
s117621012.py(30):         tbl[i]=True
s117621012.py(29):     for i in group:
s117621012.py(31):     mx = 0
s117621012.py(32):     count = 0
s117621012.py(33):     for i in range(len(A)):
s117621012.py(34):         if not tbl[i]:
s117621012.py(38):         if mx < A[i]:
s117621012.py(39):             mx = A[i]
s117621012.py(33):     for i in range(len(A)):
s117621012.py(34):         if not tbl[i]:
s117621012.py(38):         if mx < A[i]:
s117621012.py(41):             count += mx - A[i] +1
s117621012.py(42):             mx +=1
s117621012.py(33):     for i in range(len(A)):
s117621012.py(34):         if not tbl[i]:
s117621012.py(38):         if mx < A[i]:
s117621012.py(41):             count += mx - A[i] +1
s117621012.py(42):             mx +=1
s117621012.py(33):     for i in range(len(A)):
s117621012.py(34):         if not tbl[i]:
s117621012.py(38):         if mx < A[i]:
s117621012.py(41):             count += mx - A[i] +1
s117621012.py(42):             mx +=1
s117621012.py(33):     for i in range(len(A)):
s117621012.py(34):         if not tbl[i]:
s117621012.py(38):         if mx < A[i]:
s117621012.py(41):             count += mx - A[i] +1
s117621012.py(42):             mx +=1
s117621012.py(33):     for i in range(len(A)):
s117621012.py(43):     return count
s117621012.py(54):     for group in BitSeacher(N):
 --- modulename: s117621012, funcname: __next__
s117621012.py(10):         if self.counter > self.mx:
s117621012.py(11):             raise StopIteration()
s117621012.py(58):     print(mn)
1541
