 --- modulename: s118006758, funcname: <module>
s118006758.py(1): def main():
s118006758.py(44): if __name__ == '__main__':
s118006758.py(45):     main()
 --- modulename: s118006758, funcname: main
s118006758.py(2):     import sys
s118006758.py(3):     input = sys.stdin.buffer.readline
s118006758.py(4):     N, M = (int(i) for i in input().split())
 --- modulename: s118006758, funcname: <genexpr>
s118006758.py(4):     N, M = (int(i) for i in input().split())
 --- modulename: s118006758, funcname: <genexpr>
s118006758.py(4):     N, M = (int(i) for i in input().split())
 --- modulename: s118006758, funcname: <genexpr>
s118006758.py(4):     N, M = (int(i) for i in input().split())
s118006758.py(5):     P = [int(i)-1 for i in input().split()]
 --- modulename: s118006758, funcname: <listcomp>
s118006758.py(5):     P = [int(i)-1 for i in input().split()]
s118006758.py(5):     P = [int(i)-1 for i in input().split()]
s118006758.py(5):     P = [int(i)-1 for i in input().split()]
s118006758.py(5):     P = [int(i)-1 for i in input().split()]
s118006758.py(5):     P = [int(i)-1 for i in input().split()]
s118006758.py(5):     P = [int(i)-1 for i in input().split()]
s118006758.py(7):     par = [i for i in range(N)]
 --- modulename: s118006758, funcname: <listcomp>
s118006758.py(7):     par = [i for i in range(N)]
s118006758.py(7):     par = [i for i in range(N)]
s118006758.py(7):     par = [i for i in range(N)]
s118006758.py(7):     par = [i for i in range(N)]
s118006758.py(7):     par = [i for i in range(N)]
s118006758.py(7):     par = [i for i in range(N)]
s118006758.py(8):     rank = [1 for i in range(N)]
 --- modulename: s118006758, funcname: <listcomp>
s118006758.py(8):     rank = [1 for i in range(N)]
s118006758.py(8):     rank = [1 for i in range(N)]
s118006758.py(8):     rank = [1 for i in range(N)]
s118006758.py(8):     rank = [1 for i in range(N)]
s118006758.py(8):     rank = [1 for i in range(N)]
s118006758.py(8):     rank = [1 for i in range(N)]
s118006758.py(10):     def find_root(x):
s118006758.py(17):     def is_same_group(x, y):
s118006758.py(20):     def unite(x, y):
s118006758.py(30):     def size(x):
s118006758.py(33):     for i in range(M):
s118006758.py(34):         a, b = (int(i)-1 for i in input().split())
 --- modulename: s118006758, funcname: <genexpr>
s118006758.py(34):         a, b = (int(i)-1 for i in input().split())
 --- modulename: s118006758, funcname: <genexpr>
s118006758.py(34):         a, b = (int(i)-1 for i in input().split())
 --- modulename: s118006758, funcname: <genexpr>
s118006758.py(34):         a, b = (int(i)-1 for i in input().split())
s118006758.py(35):         unite(a, b)
 --- modulename: s118006758, funcname: unite
s118006758.py(21):         x = find_root(x)
 --- modulename: s118006758, funcname: find_root
s118006758.py(11):         if par[x] == x:
s118006758.py(12):             return x
s118006758.py(22):         y = find_root(y)
 --- modulename: s118006758, funcname: find_root
s118006758.py(11):         if par[x] == x:
s118006758.py(12):             return x
s118006758.py(23):         if x == y:
s118006758.py(25):         if rank[x] < rank[y]:
s118006758.py(27):         rank[x] += rank[y]
s118006758.py(28):         par[y] = x
s118006758.py(33):     for i in range(M):
s118006758.py(34):         a, b = (int(i)-1 for i in input().split())
 --- modulename: s118006758, funcname: <genexpr>
s118006758.py(34):         a, b = (int(i)-1 for i in input().split())
 --- modulename: s118006758, funcname: <genexpr>
s118006758.py(34):         a, b = (int(i)-1 for i in input().split())
 --- modulename: s118006758, funcname: <genexpr>
s118006758.py(34):         a, b = (int(i)-1 for i in input().split())
s118006758.py(35):         unite(a, b)
 --- modulename: s118006758, funcname: unite
s118006758.py(21):         x = find_root(x)
 --- modulename: s118006758, funcname: find_root
s118006758.py(11):         if par[x] == x:
s118006758.py(12):             return x
s118006758.py(22):         y = find_root(y)
 --- modulename: s118006758, funcname: find_root
s118006758.py(11):         if par[x] == x:
s118006758.py(12):             return x
s118006758.py(23):         if x == y:
s118006758.py(25):         if rank[x] < rank[y]:
s118006758.py(27):         rank[x] += rank[y]
s118006758.py(28):         par[y] = x
s118006758.py(33):     for i in range(M):
s118006758.py(37):     ans = 0
s118006758.py(38):     for i, p in enumerate(P):
s118006758.py(39):         if is_same_group(i, p):
 --- modulename: s118006758, funcname: is_same_group
s118006758.py(18):         return find_root(x) == find_root(y)
 --- modulename: s118006758, funcname: find_root
s118006758.py(11):         if par[x] == x:
s118006758.py(12):             return x
 --- modulename: s118006758, funcname: find_root
s118006758.py(11):         if par[x] == x:
s118006758.py(12):             return x
s118006758.py(38):     for i, p in enumerate(P):
s118006758.py(39):         if is_same_group(i, p):
 --- modulename: s118006758, funcname: is_same_group
s118006758.py(18):         return find_root(x) == find_root(y)
 --- modulename: s118006758, funcname: find_root
s118006758.py(11):         if par[x] == x:
s118006758.py(12):             return x
 --- modulename: s118006758, funcname: find_root
s118006758.py(11):         if par[x] == x:
s118006758.py(14):             par[x] = find_root(par[x])
 --- modulename: s118006758, funcname: find_root
s118006758.py(11):         if par[x] == x:
s118006758.py(12):             return x
s118006758.py(15):             return par[x]
s118006758.py(38):     for i, p in enumerate(P):
s118006758.py(39):         if is_same_group(i, p):
 --- modulename: s118006758, funcname: is_same_group
s118006758.py(18):         return find_root(x) == find_root(y)
 --- modulename: s118006758, funcname: find_root
s118006758.py(11):         if par[x] == x:
s118006758.py(14):             par[x] = find_root(par[x])
 --- modulename: s118006758, funcname: find_root
s118006758.py(11):         if par[x] == x:
s118006758.py(12):             return x
s118006758.py(15):             return par[x]
 --- modulename: s118006758, funcname: find_root
s118006758.py(11):         if par[x] == x:
s118006758.py(12):             return x
s118006758.py(40):             ans += 1
s118006758.py(38):     for i, p in enumerate(P):
s118006758.py(39):         if is_same_group(i, p):
 --- modulename: s118006758, funcname: is_same_group
s118006758.py(18):         return find_root(x) == find_root(y)
 --- modulename: s118006758, funcname: find_root
s118006758.py(11):         if par[x] == x:
s118006758.py(14):             par[x] = find_root(par[x])
 --- modulename: s118006758, funcname: find_root
s118006758.py(11):         if par[x] == x:
s118006758.py(12):             return x
s118006758.py(15):             return par[x]
 --- modulename: s118006758, funcname: find_root
s118006758.py(11):         if par[x] == x:
s118006758.py(14):             par[x] = find_root(par[x])
 --- modulename: s118006758, funcname: find_root
s118006758.py(11):         if par[x] == x:
s118006758.py(12):             return x
s118006758.py(15):             return par[x]
s118006758.py(40):             ans += 1
s118006758.py(38):     for i, p in enumerate(P):
s118006758.py(39):         if is_same_group(i, p):
 --- modulename: s118006758, funcname: is_same_group
s118006758.py(18):         return find_root(x) == find_root(y)
 --- modulename: s118006758, funcname: find_root
s118006758.py(11):         if par[x] == x:
s118006758.py(12):             return x
 --- modulename: s118006758, funcname: find_root
s118006758.py(11):         if par[x] == x:
s118006758.py(12):             return x
s118006758.py(38):     for i, p in enumerate(P):
s118006758.py(41):     print(ans)
2
