 --- modulename: s119544370, funcname: <module>
s119544370.py(1): import sys
s119544370.py(2): input = sys.stdin.readline
s119544370.py(3): def marge(A, left, right, mid):
s119544370.py(26): def margesort(A, left, right):
s119544370.py(34): def main():
s119544370.py(41): if __name__ == '__main__': main()
 --- modulename: s119544370, funcname: main
s119544370.py(35):     n = int(input())
 --- modulename: codecs, funcname: getstate
codecs.py(333):         return (self.buffer, 0)
 --- modulename: codecs, funcname: decode
codecs.py(321):         data = self.buffer + input
codecs.py(322):         (result, consumed) = self._buffer_decode(data, self.errors, final)
codecs.py(324):         self.buffer = data[consumed:]
codecs.py(325):         return result
s119544370.py(36):     A = list(map(int, input().split()))
s119544370.py(37):     cnt = margesort(A, 0, n)
 --- modulename: s119544370, funcname: margesort
s119544370.py(27):     if left + 1 < right:
s119544370.py(28):         mid = (left + right) // 2
s119544370.py(29):         cnt1 = margesort(A, left, mid)
 --- modulename: s119544370, funcname: margesort
s119544370.py(27):     if left + 1 < right:
s119544370.py(28):         mid = (left + right) // 2
s119544370.py(29):         cnt1 = margesort(A, left, mid)
 --- modulename: s119544370, funcname: margesort
s119544370.py(27):     if left + 1 < right:
s119544370.py(28):         mid = (left + right) // 2
s119544370.py(29):         cnt1 = margesort(A, left, mid)
 --- modulename: s119544370, funcname: margesort
s119544370.py(27):     if left + 1 < right:
s119544370.py(32):     return 0
s119544370.py(30):         cnt2 = margesort(A, mid, right)
 --- modulename: s119544370, funcname: margesort
s119544370.py(27):     if left + 1 < right:
s119544370.py(32):     return 0
s119544370.py(31):         return cnt1 + cnt2 + marge(A, left, right, mid)
 --- modulename: s119544370, funcname: marge
s119544370.py(4):     cnt = 0
s119544370.py(5):     n1 = mid - left
s119544370.py(6):     n2 = right - mid
s119544370.py(7):     L = [0] * (n1 + 1)
s119544370.py(8):     R = [0] * (n2 + 1)
s119544370.py(9):     for i in range(n1):
s119544370.py(10):         L[i] = A[left + i]
s119544370.py(9):     for i in range(n1):
s119544370.py(11):     for i in range(n2):
s119544370.py(12):         R[i] = A[mid + i]
s119544370.py(11):     for i in range(n2):
s119544370.py(13):     L[n1] = 10 ** 9 + 1
s119544370.py(14):     R[n2] = 10 ** 9 + 1
s119544370.py(15):     i = 0
s119544370.py(16):     j = 0
s119544370.py(17):     for k in range(left, right):
s119544370.py(18):         cnt += 1
s119544370.py(19):         if L[i] <= R[j]:
s119544370.py(23):             A[k] = R[j]
s119544370.py(24):             j += 1
s119544370.py(17):     for k in range(left, right):
s119544370.py(18):         cnt += 1
s119544370.py(19):         if L[i] <= R[j]:
s119544370.py(20):             A[k] = L[i]
s119544370.py(21):             i += 1
s119544370.py(17):     for k in range(left, right):
s119544370.py(25):     return cnt
s119544370.py(30):         cnt2 = margesort(A, mid, right)
 --- modulename: s119544370, funcname: margesort
s119544370.py(27):     if left + 1 < right:
s119544370.py(28):         mid = (left + right) // 2
s119544370.py(29):         cnt1 = margesort(A, left, mid)
 --- modulename: s119544370, funcname: margesort
s119544370.py(27):     if left + 1 < right:
s119544370.py(32):     return 0
s119544370.py(30):         cnt2 = margesort(A, mid, right)
 --- modulename: s119544370, funcname: margesort
s119544370.py(27):     if left + 1 < right:
s119544370.py(28):         mid = (left + right) // 2
s119544370.py(29):         cnt1 = margesort(A, left, mid)
 --- modulename: s119544370, funcname: margesort
s119544370.py(27):     if left + 1 < right:
s119544370.py(32):     return 0
s119544370.py(30):         cnt2 = margesort(A, mid, right)
 --- modulename: s119544370, funcname: margesort
s119544370.py(27):     if left + 1 < right:
s119544370.py(32):     return 0
s119544370.py(31):         return cnt1 + cnt2 + marge(A, left, right, mid)
 --- modulename: s119544370, funcname: marge
s119544370.py(4):     cnt = 0
s119544370.py(5):     n1 = mid - left
s119544370.py(6):     n2 = right - mid
s119544370.py(7):     L = [0] * (n1 + 1)
s119544370.py(8):     R = [0] * (n2 + 1)
s119544370.py(9):     for i in range(n1):
s119544370.py(10):         L[i] = A[left + i]
s119544370.py(9):     for i in range(n1):
s119544370.py(11):     for i in range(n2):
s119544370.py(12):         R[i] = A[mid + i]
s119544370.py(11):     for i in range(n2):
s119544370.py(13):     L[n1] = 10 ** 9 + 1
s119544370.py(14):     R[n2] = 10 ** 9 + 1
s119544370.py(15):     i = 0
s119544370.py(16):     j = 0
s119544370.py(17):     for k in range(left, right):
s119544370.py(18):         cnt += 1
s119544370.py(19):         if L[i] <= R[j]:
s119544370.py(20):             A[k] = L[i]
s119544370.py(21):             i += 1
s119544370.py(17):     for k in range(left, right):
s119544370.py(18):         cnt += 1
s119544370.py(19):         if L[i] <= R[j]:
s119544370.py(23):             A[k] = R[j]
s119544370.py(24):             j += 1
s119544370.py(17):     for k in range(left, right):
s119544370.py(25):     return cnt
s119544370.py(31):         return cnt1 + cnt2 + marge(A, left, right, mid)
 --- modulename: s119544370, funcname: marge
s119544370.py(4):     cnt = 0
s119544370.py(5):     n1 = mid - left
s119544370.py(6):     n2 = right - mid
s119544370.py(7):     L = [0] * (n1 + 1)
s119544370.py(8):     R = [0] * (n2 + 1)
s119544370.py(9):     for i in range(n1):
s119544370.py(10):         L[i] = A[left + i]
s119544370.py(9):     for i in range(n1):
s119544370.py(11):     for i in range(n2):
s119544370.py(12):         R[i] = A[mid + i]
s119544370.py(11):     for i in range(n2):
s119544370.py(12):         R[i] = A[mid + i]
s119544370.py(11):     for i in range(n2):
s119544370.py(13):     L[n1] = 10 ** 9 + 1
s119544370.py(14):     R[n2] = 10 ** 9 + 1
s119544370.py(15):     i = 0
s119544370.py(16):     j = 0
s119544370.py(17):     for k in range(left, right):
s119544370.py(18):         cnt += 1
s119544370.py(19):         if L[i] <= R[j]:
s119544370.py(23):             A[k] = R[j]
s119544370.py(24):             j += 1
s119544370.py(17):     for k in range(left, right):
s119544370.py(18):         cnt += 1
s119544370.py(19):         if L[i] <= R[j]:
s119544370.py(23):             A[k] = R[j]
s119544370.py(24):             j += 1
s119544370.py(17):     for k in range(left, right):
s119544370.py(18):         cnt += 1
s119544370.py(19):         if L[i] <= R[j]:
s119544370.py(20):             A[k] = L[i]
s119544370.py(21):             i += 1
s119544370.py(17):     for k in range(left, right):
s119544370.py(25):     return cnt
s119544370.py(31):         return cnt1 + cnt2 + marge(A, left, right, mid)
 --- modulename: s119544370, funcname: marge
s119544370.py(4):     cnt = 0
s119544370.py(5):     n1 = mid - left
s119544370.py(6):     n2 = right - mid
s119544370.py(7):     L = [0] * (n1 + 1)
s119544370.py(8):     R = [0] * (n2 + 1)
s119544370.py(9):     for i in range(n1):
s119544370.py(10):         L[i] = A[left + i]
s119544370.py(9):     for i in range(n1):
s119544370.py(10):         L[i] = A[left + i]
s119544370.py(9):     for i in range(n1):
s119544370.py(11):     for i in range(n2):
s119544370.py(12):         R[i] = A[mid + i]
s119544370.py(11):     for i in range(n2):
s119544370.py(12):         R[i] = A[mid + i]
s119544370.py(11):     for i in range(n2):
s119544370.py(12):         R[i] = A[mid + i]
s119544370.py(11):     for i in range(n2):
s119544370.py(13):     L[n1] = 10 ** 9 + 1
s119544370.py(14):     R[n2] = 10 ** 9 + 1
s119544370.py(15):     i = 0
s119544370.py(16):     j = 0
s119544370.py(17):     for k in range(left, right):
s119544370.py(18):         cnt += 1
s119544370.py(19):         if L[i] <= R[j]:
s119544370.py(23):             A[k] = R[j]
s119544370.py(24):             j += 1
s119544370.py(17):     for k in range(left, right):
s119544370.py(18):         cnt += 1
s119544370.py(19):         if L[i] <= R[j]:
s119544370.py(20):             A[k] = L[i]
s119544370.py(21):             i += 1
s119544370.py(17):     for k in range(left, right):
s119544370.py(18):         cnt += 1
s119544370.py(19):         if L[i] <= R[j]:
s119544370.py(23):             A[k] = R[j]
s119544370.py(24):             j += 1
s119544370.py(17):     for k in range(left, right):
s119544370.py(18):         cnt += 1
s119544370.py(19):         if L[i] <= R[j]:
s119544370.py(20):             A[k] = L[i]
s119544370.py(21):             i += 1
s119544370.py(17):     for k in range(left, right):
s119544370.py(18):         cnt += 1
s119544370.py(19):         if L[i] <= R[j]:
s119544370.py(23):             A[k] = R[j]
s119544370.py(24):             j += 1
s119544370.py(17):     for k in range(left, right):
s119544370.py(25):     return cnt
s119544370.py(30):         cnt2 = margesort(A, mid, right)
 --- modulename: s119544370, funcname: margesort
s119544370.py(27):     if left + 1 < right:
s119544370.py(28):         mid = (left + right) // 2
s119544370.py(29):         cnt1 = margesort(A, left, mid)
 --- modulename: s119544370, funcname: margesort
s119544370.py(27):     if left + 1 < right:
s119544370.py(28):         mid = (left + right) // 2
s119544370.py(29):         cnt1 = margesort(A, left, mid)
 --- modulename: s119544370, funcname: margesort
s119544370.py(27):     if left + 1 < right:
s119544370.py(32):     return 0
s119544370.py(30):         cnt2 = margesort(A, mid, right)
 --- modulename: s119544370, funcname: margesort
s119544370.py(27):     if left + 1 < right:
s119544370.py(32):     return 0
s119544370.py(31):         return cnt1 + cnt2 + marge(A, left, right, mid)
 --- modulename: s119544370, funcname: marge
s119544370.py(4):     cnt = 0
s119544370.py(5):     n1 = mid - left
s119544370.py(6):     n2 = right - mid
s119544370.py(7):     L = [0] * (n1 + 1)
s119544370.py(8):     R = [0] * (n2 + 1)
s119544370.py(9):     for i in range(n1):
s119544370.py(10):         L[i] = A[left + i]
s119544370.py(9):     for i in range(n1):
s119544370.py(11):     for i in range(n2):
s119544370.py(12):         R[i] = A[mid + i]
s119544370.py(11):     for i in range(n2):
s119544370.py(13):     L[n1] = 10 ** 9 + 1
s119544370.py(14):     R[n2] = 10 ** 9 + 1
s119544370.py(15):     i = 0
s119544370.py(16):     j = 0
s119544370.py(17):     for k in range(left, right):
s119544370.py(18):         cnt += 1
s119544370.py(19):         if L[i] <= R[j]:
s119544370.py(20):             A[k] = L[i]
s119544370.py(21):             i += 1
s119544370.py(17):     for k in range(left, right):
s119544370.py(18):         cnt += 1
s119544370.py(19):         if L[i] <= R[j]:
s119544370.py(23):             A[k] = R[j]
s119544370.py(24):             j += 1
s119544370.py(17):     for k in range(left, right):
s119544370.py(25):     return cnt
s119544370.py(30):         cnt2 = margesort(A, mid, right)
 --- modulename: s119544370, funcname: margesort
s119544370.py(27):     if left + 1 < right:
s119544370.py(28):         mid = (left + right) // 2
s119544370.py(29):         cnt1 = margesort(A, left, mid)
 --- modulename: s119544370, funcname: margesort
s119544370.py(27):     if left + 1 < right:
s119544370.py(32):     return 0
s119544370.py(30):         cnt2 = margesort(A, mid, right)
 --- modulename: s119544370, funcname: margesort
s119544370.py(27):     if left + 1 < right:
s119544370.py(28):         mid = (left + right) // 2
s119544370.py(29):         cnt1 = margesort(A, left, mid)
 --- modulename: s119544370, funcname: margesort
s119544370.py(27):     if left + 1 < right:
s119544370.py(32):     return 0
s119544370.py(30):         cnt2 = margesort(A, mid, right)
 --- modulename: s119544370, funcname: margesort
s119544370.py(27):     if left + 1 < right:
s119544370.py(32):     return 0
s119544370.py(31):         return cnt1 + cnt2 + marge(A, left, right, mid)
 --- modulename: s119544370, funcname: marge
s119544370.py(4):     cnt = 0
s119544370.py(5):     n1 = mid - left
s119544370.py(6):     n2 = right - mid
s119544370.py(7):     L = [0] * (n1 + 1)
s119544370.py(8):     R = [0] * (n2 + 1)
s119544370.py(9):     for i in range(n1):
s119544370.py(10):         L[i] = A[left + i]
s119544370.py(9):     for i in range(n1):
s119544370.py(11):     for i in range(n2):
s119544370.py(12):         R[i] = A[mid + i]
s119544370.py(11):     for i in range(n2):
s119544370.py(13):     L[n1] = 10 ** 9 + 1
s119544370.py(14):     R[n2] = 10 ** 9 + 1
s119544370.py(15):     i = 0
s119544370.py(16):     j = 0
s119544370.py(17):     for k in range(left, right):
s119544370.py(18):         cnt += 1
s119544370.py(19):         if L[i] <= R[j]:
s119544370.py(23):             A[k] = R[j]
s119544370.py(24):             j += 1
s119544370.py(17):     for k in range(left, right):
s119544370.py(18):         cnt += 1
s119544370.py(19):         if L[i] <= R[j]:
s119544370.py(20):             A[k] = L[i]
s119544370.py(21):             i += 1
s119544370.py(17):     for k in range(left, right):
s119544370.py(25):     return cnt
s119544370.py(31):         return cnt1 + cnt2 + marge(A, left, right, mid)
 --- modulename: s119544370, funcname: marge
s119544370.py(4):     cnt = 0
s119544370.py(5):     n1 = mid - left
s119544370.py(6):     n2 = right - mid
s119544370.py(7):     L = [0] * (n1 + 1)
s119544370.py(8):     R = [0] * (n2 + 1)
s119544370.py(9):     for i in range(n1):
s119544370.py(10):         L[i] = A[left + i]
s119544370.py(9):     for i in range(n1):
s119544370.py(11):     for i in range(n2):
s119544370.py(12):         R[i] = A[mid + i]
s119544370.py(11):     for i in range(n2):
s119544370.py(12):         R[i] = A[mid + i]
s119544370.py(11):     for i in range(n2):
s119544370.py(13):     L[n1] = 10 ** 9 + 1
s119544370.py(14):     R[n2] = 10 ** 9 + 1
s119544370.py(15):     i = 0
s119544370.py(16):     j = 0
s119544370.py(17):     for k in range(left, right):
s119544370.py(18):         cnt += 1
s119544370.py(19):         if L[i] <= R[j]:
s119544370.py(20):             A[k] = L[i]
s119544370.py(21):             i += 1
s119544370.py(17):     for k in range(left, right):
s119544370.py(18):         cnt += 1
s119544370.py(19):         if L[i] <= R[j]:
s119544370.py(23):             A[k] = R[j]
s119544370.py(24):             j += 1
s119544370.py(17):     for k in range(left, right):
s119544370.py(18):         cnt += 1
s119544370.py(19):         if L[i] <= R[j]:
s119544370.py(23):             A[k] = R[j]
s119544370.py(24):             j += 1
s119544370.py(17):     for k in range(left, right):
s119544370.py(25):     return cnt
s119544370.py(31):         return cnt1 + cnt2 + marge(A, left, right, mid)
 --- modulename: s119544370, funcname: marge
s119544370.py(4):     cnt = 0
s119544370.py(5):     n1 = mid - left
s119544370.py(6):     n2 = right - mid
s119544370.py(7):     L = [0] * (n1 + 1)
s119544370.py(8):     R = [0] * (n2 + 1)
s119544370.py(9):     for i in range(n1):
s119544370.py(10):         L[i] = A[left + i]
s119544370.py(9):     for i in range(n1):
s119544370.py(10):         L[i] = A[left + i]
s119544370.py(9):     for i in range(n1):
s119544370.py(11):     for i in range(n2):
s119544370.py(12):         R[i] = A[mid + i]
s119544370.py(11):     for i in range(n2):
s119544370.py(12):         R[i] = A[mid + i]
s119544370.py(11):     for i in range(n2):
s119544370.py(12):         R[i] = A[mid + i]
s119544370.py(11):     for i in range(n2):
s119544370.py(13):     L[n1] = 10 ** 9 + 1
s119544370.py(14):     R[n2] = 10 ** 9 + 1
s119544370.py(15):     i = 0
s119544370.py(16):     j = 0
s119544370.py(17):     for k in range(left, right):
s119544370.py(18):         cnt += 1
s119544370.py(19):         if L[i] <= R[j]:
s119544370.py(23):             A[k] = R[j]
s119544370.py(24):             j += 1
s119544370.py(17):     for k in range(left, right):
s119544370.py(18):         cnt += 1
s119544370.py(19):         if L[i] <= R[j]:
s119544370.py(20):             A[k] = L[i]
s119544370.py(21):             i += 1
s119544370.py(17):     for k in range(left, right):
s119544370.py(18):         cnt += 1
s119544370.py(19):         if L[i] <= R[j]:
s119544370.py(23):             A[k] = R[j]
s119544370.py(24):             j += 1
s119544370.py(17):     for k in range(left, right):
s119544370.py(18):         cnt += 1
s119544370.py(19):         if L[i] <= R[j]:
s119544370.py(20):             A[k] = L[i]
s119544370.py(21):             i += 1
s119544370.py(17):     for k in range(left, right):
s119544370.py(18):         cnt += 1
s119544370.py(19):         if L[i] <= R[j]:
s119544370.py(23):             A[k] = R[j]
s119544370.py(24):             j += 1
s119544370.py(17):     for k in range(left, right):
s119544370.py(25):     return cnt
s119544370.py(31):         return cnt1 + cnt2 + marge(A, left, right, mid)
 --- modulename: s119544370, funcname: marge
s119544370.py(4):     cnt = 0
s119544370.py(5):     n1 = mid - left
s119544370.py(6):     n2 = right - mid
s119544370.py(7):     L = [0] * (n1 + 1)
s119544370.py(8):     R = [0] * (n2 + 1)
s119544370.py(9):     for i in range(n1):
s119544370.py(10):         L[i] = A[left + i]
s119544370.py(9):     for i in range(n1):
s119544370.py(10):         L[i] = A[left + i]
s119544370.py(9):     for i in range(n1):
s119544370.py(10):         L[i] = A[left + i]
s119544370.py(9):     for i in range(n1):
s119544370.py(10):         L[i] = A[left + i]
s119544370.py(9):     for i in range(n1):
s119544370.py(10):         L[i] = A[left + i]
s119544370.py(9):     for i in range(n1):
s119544370.py(11):     for i in range(n2):
s119544370.py(12):         R[i] = A[mid + i]
s119544370.py(11):     for i in range(n2):
s119544370.py(12):         R[i] = A[mid + i]
s119544370.py(11):     for i in range(n2):
s119544370.py(12):         R[i] = A[mid + i]
s119544370.py(11):     for i in range(n2):
s119544370.py(12):         R[i] = A[mid + i]
s119544370.py(11):     for i in range(n2):
s119544370.py(12):         R[i] = A[mid + i]
s119544370.py(11):     for i in range(n2):
s119544370.py(13):     L[n1] = 10 ** 9 + 1
s119544370.py(14):     R[n2] = 10 ** 9 + 1
s119544370.py(15):     i = 0
s119544370.py(16):     j = 0
s119544370.py(17):     for k in range(left, right):
s119544370.py(18):         cnt += 1
s119544370.py(19):         if L[i] <= R[j]:
s119544370.py(23):             A[k] = R[j]
s119544370.py(24):             j += 1
s119544370.py(17):     for k in range(left, right):
s119544370.py(18):         cnt += 1
s119544370.py(19):         if L[i] <= R[j]:
s119544370.py(20):             A[k] = L[i]
s119544370.py(21):             i += 1
s119544370.py(17):     for k in range(left, right):
s119544370.py(18):         cnt += 1
s119544370.py(19):         if L[i] <= R[j]:
s119544370.py(23):             A[k] = R[j]
s119544370.py(24):             j += 1
s119544370.py(17):     for k in range(left, right):
s119544370.py(18):         cnt += 1
s119544370.py(19):         if L[i] <= R[j]:
s119544370.py(23):             A[k] = R[j]
s119544370.py(24):             j += 1
s119544370.py(17):     for k in range(left, right):
s119544370.py(18):         cnt += 1
s119544370.py(19):         if L[i] <= R[j]:
s119544370.py(20):             A[k] = L[i]
s119544370.py(21):             i += 1
s119544370.py(17):     for k in range(left, right):
s119544370.py(18):         cnt += 1
s119544370.py(19):         if L[i] <= R[j]:
s119544370.py(20):             A[k] = L[i]
s119544370.py(21):             i += 1
s119544370.py(17):     for k in range(left, right):
s119544370.py(18):         cnt += 1
s119544370.py(19):         if L[i] <= R[j]:
s119544370.py(23):             A[k] = R[j]
s119544370.py(24):             j += 1
s119544370.py(17):     for k in range(left, right):
s119544370.py(18):         cnt += 1
s119544370.py(19):         if L[i] <= R[j]:
s119544370.py(20):             A[k] = L[i]
s119544370.py(21):             i += 1
s119544370.py(17):     for k in range(left, right):
s119544370.py(18):         cnt += 1
s119544370.py(19):         if L[i] <= R[j]:
s119544370.py(20):             A[k] = L[i]
s119544370.py(21):             i += 1
s119544370.py(17):     for k in range(left, right):
s119544370.py(18):         cnt += 1
s119544370.py(19):         if L[i] <= R[j]:
s119544370.py(23):             A[k] = R[j]
s119544370.py(24):             j += 1
s119544370.py(17):     for k in range(left, right):
s119544370.py(25):     return cnt
s119544370.py(38):     print(' '.join(list(map(str, A))))
1 2 3 4 5 6 7 8 9 10
s119544370.py(39):     print(cnt)
34
