 --- modulename: s073292765, funcname: <module>
s073292765.py(2): import sys
s073292765.py(5): def solve(N: int, A: "List[List[int]]"):
s073292765.py(16): def main():
s073292765.py(26): if __name__ == '__main__':
s073292765.py(27):     main()
 --- modulename: s073292765, funcname: main
s073292765.py(17):     def iterate_tokens():
s073292765.py(21):     tokens = iterate_tokens()
s073292765.py(22):     N = int(next(tokens))  # type: int
 --- modulename: s073292765, funcname: iterate_tokens
s073292765.py(18):         for line in sys.stdin:
 --- modulename: codecs, funcname: decode
codecs.py(321):         data = self.buffer + input
codecs.py(322):         (result, consumed) = self._buffer_decode(data, self.errors, final)
codecs.py(324):         self.buffer = data[consumed:]
codecs.py(325):         return result
s073292765.py(19):             for word in line.split():
s073292765.py(20):                 yield word
s073292765.py(23):     A = [[int(next(tokens)) for _ in range(N)] for _ in range(2)]  # type: "List[List[int]]"
 --- modulename: s073292765, funcname: <listcomp>
s073292765.py(23):     A = [[int(next(tokens)) for _ in range(N)] for _ in range(2)]  # type: "List[List[int]]"
 --- modulename: s073292765, funcname: <listcomp>
s073292765.py(23):     A = [[int(next(tokens)) for _ in range(N)] for _ in range(2)]  # type: "List[List[int]]"
 --- modulename: s073292765, funcname: iterate_tokens
s073292765.py(19):             for word in line.split():
s073292765.py(18):         for line in sys.stdin:
s073292765.py(19):             for word in line.split():
s073292765.py(20):                 yield word
s073292765.py(23):     A = [[int(next(tokens)) for _ in range(N)] for _ in range(2)]  # type: "List[List[int]]"
 --- modulename: s073292765, funcname: iterate_tokens
s073292765.py(19):             for word in line.split():
s073292765.py(20):                 yield word
s073292765.py(23):     A = [[int(next(tokens)) for _ in range(N)] for _ in range(2)]  # type: "List[List[int]]"
 --- modulename: s073292765, funcname: iterate_tokens
s073292765.py(19):             for word in line.split():
s073292765.py(20):                 yield word
s073292765.py(23):     A = [[int(next(tokens)) for _ in range(N)] for _ in range(2)]  # type: "List[List[int]]"
 --- modulename: s073292765, funcname: iterate_tokens
s073292765.py(19):             for word in line.split():
s073292765.py(20):                 yield word
s073292765.py(23):     A = [[int(next(tokens)) for _ in range(N)] for _ in range(2)]  # type: "List[List[int]]"
 --- modulename: s073292765, funcname: iterate_tokens
s073292765.py(19):             for word in line.split():
s073292765.py(20):                 yield word
s073292765.py(23):     A = [[int(next(tokens)) for _ in range(N)] for _ in range(2)]  # type: "List[List[int]]"
s073292765.py(23):     A = [[int(next(tokens)) for _ in range(N)] for _ in range(2)]  # type: "List[List[int]]"
 --- modulename: s073292765, funcname: <listcomp>
s073292765.py(23):     A = [[int(next(tokens)) for _ in range(N)] for _ in range(2)]  # type: "List[List[int]]"
 --- modulename: s073292765, funcname: iterate_tokens
s073292765.py(19):             for word in line.split():
s073292765.py(18):         for line in sys.stdin:
s073292765.py(19):             for word in line.split():
s073292765.py(20):                 yield word
s073292765.py(23):     A = [[int(next(tokens)) for _ in range(N)] for _ in range(2)]  # type: "List[List[int]]"
 --- modulename: s073292765, funcname: iterate_tokens
s073292765.py(19):             for word in line.split():
s073292765.py(20):                 yield word
s073292765.py(23):     A = [[int(next(tokens)) for _ in range(N)] for _ in range(2)]  # type: "List[List[int]]"
 --- modulename: s073292765, funcname: iterate_tokens
s073292765.py(19):             for word in line.split():
s073292765.py(20):                 yield word
s073292765.py(23):     A = [[int(next(tokens)) for _ in range(N)] for _ in range(2)]  # type: "List[List[int]]"
 --- modulename: s073292765, funcname: iterate_tokens
s073292765.py(19):             for word in line.split():
s073292765.py(20):                 yield word
s073292765.py(23):     A = [[int(next(tokens)) for _ in range(N)] for _ in range(2)]  # type: "List[List[int]]"
 --- modulename: s073292765, funcname: iterate_tokens
s073292765.py(19):             for word in line.split():
s073292765.py(20):                 yield word
s073292765.py(23):     A = [[int(next(tokens)) for _ in range(N)] for _ in range(2)]  # type: "List[List[int]]"
s073292765.py(23):     A = [[int(next(tokens)) for _ in range(N)] for _ in range(2)]  # type: "List[List[int]]"
s073292765.py(24):     solve(N, A)
 --- modulename: s073292765, funcname: solve
s073292765.py(6):     ans = 0
s073292765.py(7):     for i in range(0,N):
s073292765.py(8):         ans = max(sum(A[0][:i+1])+sum(A[1][i:]), ans)
s073292765.py(7):     for i in range(0,N):
s073292765.py(8):         ans = max(sum(A[0][:i+1])+sum(A[1][i:]), ans)
s073292765.py(7):     for i in range(0,N):
s073292765.py(8):         ans = max(sum(A[0][:i+1])+sum(A[1][i:]), ans)
s073292765.py(7):     for i in range(0,N):
s073292765.py(8):         ans = max(sum(A[0][:i+1])+sum(A[1][i:]), ans)
s073292765.py(7):     for i in range(0,N):
s073292765.py(8):         ans = max(sum(A[0][:i+1])+sum(A[1][i:]), ans)
s073292765.py(7):     for i in range(0,N):
s073292765.py(10):     print(ans)
14
s073292765.py(12):     return
 --- modulename: s073292765, funcname: iterate_tokens
