 --- modulename: s080784897, funcname: <module>
s080784897.py(1): from collections import Counter
 --- modulename: _bootstrap, funcname: _handle_fromlist
<frozen importlib._bootstrap>(1043): <frozen importlib._bootstrap>(1044): <frozen importlib._bootstrap>(1051): <frozen importlib._bootstrap>(1055): <frozen importlib._bootstrap>(1043): <frozen importlib._bootstrap>(1067): s080784897.py(4): class UnionFind:
 --- modulename: s080784897, funcname: UnionFind
s080784897.py(4): class UnionFind:
s080784897.py(5):     def __init__(self, x):
s080784897.py(9):     def same(self, u, v):
s080784897.py(12):     def unite(self, u, v):
s080784897.py(15):     def find_set(self, u):
s080784897.py(21):     def link(self, u, v):
s080784897.py(30): n, m, k = map(int, input().split())
 --- modulename: codecs, funcname: getstate
codecs.py(333):         return (self.buffer, 0)
 --- modulename: codecs, funcname: decode
codecs.py(321):         data = self.buffer + input
codecs.py(322):         (result, consumed) = self._buffer_decode(data, self.errors, final)
codecs.py(324):         self.buffer = data[consumed:]
codecs.py(325):         return result
s080784897.py(31): ab = [list(map(int, input().split())) for _ in range(m)]
 --- modulename: s080784897, funcname: <listcomp>
s080784897.py(31): ab = [list(map(int, input().split())) for _ in range(m)]
s080784897.py(31): ab = [list(map(int, input().split())) for _ in range(m)]
s080784897.py(31): ab = [list(map(int, input().split())) for _ in range(m)]
s080784897.py(31): ab = [list(map(int, input().split())) for _ in range(m)]
s080784897.py(31): ab = [list(map(int, input().split())) for _ in range(m)]
s080784897.py(32): cd = [list(map(int, input().split())) for _ in range(k)]
 --- modulename: s080784897, funcname: <listcomp>
s080784897.py(32): cd = [list(map(int, input().split())) for _ in range(k)]
s080784897.py(32): cd = [list(map(int, input().split())) for _ in range(k)]
s080784897.py(34): uf = UnionFind(n)
 --- modulename: s080784897, funcname: __init__
s080784897.py(6):         self.p = [e for e in range(x)]
 --- modulename: s080784897, funcname: <listcomp>
s080784897.py(6):         self.p = [e for e in range(x)]
s080784897.py(6):         self.p = [e for e in range(x)]
s080784897.py(6):         self.p = [e for e in range(x)]
s080784897.py(6):         self.p = [e for e in range(x)]
s080784897.py(6):         self.p = [e for e in range(x)]
s080784897.py(7):         self.rank = [0] * x
s080784897.py(36): for a, b in ab:
s080784897.py(37):     a -= 1
s080784897.py(38):     b -= 1
s080784897.py(39):     uf.unite(a, b)
 --- modulename: s080784897, funcname: unite
s080784897.py(13):         self.link(self.find_set(u), self.find_set(v))
 --- modulename: s080784897, funcname: find_set
s080784897.py(16):         if u != self.p[u]:
s080784897.py(19):         return self.p[u]
 --- modulename: s080784897, funcname: find_set
s080784897.py(16):         if u != self.p[u]:
s080784897.py(19):         return self.p[u]
 --- modulename: s080784897, funcname: link
s080784897.py(22):         if self.rank[u] > self.rank[v]:
s080784897.py(25):             self.p[u] = v
s080784897.py(26):             if self.rank[u] == self.rank[v]:
s080784897.py(27):                 self.rank[v] += 1
s080784897.py(36): for a, b in ab:
s080784897.py(37):     a -= 1
s080784897.py(38):     b -= 1
s080784897.py(39):     uf.unite(a, b)
 --- modulename: s080784897, funcname: unite
s080784897.py(13):         self.link(self.find_set(u), self.find_set(v))
 --- modulename: s080784897, funcname: find_set
s080784897.py(16):         if u != self.p[u]:
s080784897.py(19):         return self.p[u]
 --- modulename: s080784897, funcname: find_set
s080784897.py(16):         if u != self.p[u]:
s080784897.py(19):         return self.p[u]
 --- modulename: s080784897, funcname: link
s080784897.py(22):         if self.rank[u] > self.rank[v]:
s080784897.py(23):             self.p[v] = u
s080784897.py(36): for a, b in ab:
s080784897.py(37):     a -= 1
s080784897.py(38):     b -= 1
s080784897.py(39):     uf.unite(a, b)
 --- modulename: s080784897, funcname: unite
s080784897.py(13):         self.link(self.find_set(u), self.find_set(v))
 --- modulename: s080784897, funcname: find_set
s080784897.py(16):         if u != self.p[u]:
s080784897.py(17):             self.p[u] = self.find_set(self.p[u])
 --- modulename: s080784897, funcname: find_set
s080784897.py(16):         if u != self.p[u]:
s080784897.py(19):         return self.p[u]
s080784897.py(19):         return self.p[u]
 --- modulename: s080784897, funcname: find_set
s080784897.py(16):         if u != self.p[u]:
s080784897.py(17):             self.p[u] = self.find_set(self.p[u])
 --- modulename: s080784897, funcname: find_set
s080784897.py(16):         if u != self.p[u]:
s080784897.py(19):         return self.p[u]
s080784897.py(19):         return self.p[u]
 --- modulename: s080784897, funcname: link
s080784897.py(22):         if self.rank[u] > self.rank[v]:
s080784897.py(25):             self.p[u] = v
s080784897.py(26):             if self.rank[u] == self.rank[v]:
s080784897.py(27):                 self.rank[v] += 1
s080784897.py(36): for a, b in ab:
s080784897.py(37):     a -= 1
s080784897.py(38):     b -= 1
s080784897.py(39):     uf.unite(a, b)
 --- modulename: s080784897, funcname: unite
s080784897.py(13):         self.link(self.find_set(u), self.find_set(v))
 --- modulename: s080784897, funcname: find_set
s080784897.py(16):         if u != self.p[u]:
s080784897.py(17):             self.p[u] = self.find_set(self.p[u])
 --- modulename: s080784897, funcname: find_set
s080784897.py(16):         if u != self.p[u]:
s080784897.py(19):         return self.p[u]
s080784897.py(19):         return self.p[u]
 --- modulename: s080784897, funcname: find_set
s080784897.py(16):         if u != self.p[u]:
s080784897.py(19):         return self.p[u]
 --- modulename: s080784897, funcname: link
s080784897.py(22):         if self.rank[u] > self.rank[v]:
s080784897.py(23):             self.p[v] = u
s080784897.py(36): for a, b in ab:
s080784897.py(41): for i in range(n):
s080784897.py(42):     uf.find_set(i)
 --- modulename: s080784897, funcname: find_set
s080784897.py(16):         if u != self.p[u]:
s080784897.py(19):         return self.p[u]
s080784897.py(41): for i in range(n):
s080784897.py(42):     uf.find_set(i)
 --- modulename: s080784897, funcname: find_set
s080784897.py(16):         if u != self.p[u]:
s080784897.py(17):             self.p[u] = self.find_set(self.p[u])
 --- modulename: s080784897, funcname: find_set
s080784897.py(16):         if u != self.p[u]:
s080784897.py(19):         return self.p[u]
s080784897.py(19):         return self.p[u]
s080784897.py(41): for i in range(n):
s080784897.py(42):     uf.find_set(i)
 --- modulename: s080784897, funcname: find_set
s080784897.py(16):         if u != self.p[u]:
s080784897.py(17):             self.p[u] = self.find_set(self.p[u])
 --- modulename: s080784897, funcname: find_set
s080784897.py(16):         if u != self.p[u]:
s080784897.py(19):         return self.p[u]
s080784897.py(19):         return self.p[u]
s080784897.py(41): for i in range(n):
s080784897.py(42):     uf.find_set(i)
 --- modulename: s080784897, funcname: find_set
s080784897.py(16):         if u != self.p[u]:
s080784897.py(17):             self.p[u] = self.find_set(self.p[u])
 --- modulename: s080784897, funcname: find_set
s080784897.py(16):         if u != self.p[u]:
s080784897.py(19):         return self.p[u]
s080784897.py(19):         return self.p[u]
s080784897.py(41): for i in range(n):
s080784897.py(44): counter = Counter(uf.p)
 --- modulename: __init__, funcname: __init__
__init__.py(592):         super().__init__()
__init__.py(593):         self.update(iterable, **kwds)
 --- modulename: __init__, funcname: update
__init__.py(669):         if iterable is not None:
__init__.py(670):             if isinstance(iterable, _collections_abc.Mapping):
 --- modulename: abc, funcname: __instancecheck__
abc.py(119):             return _abc_instancecheck(cls, instance)
 --- modulename: abc, funcname: __subclasscheck__
abc.py(123):             return _abc_subclasscheck(cls, subclass)
 --- modulename: _collections_abc, funcname: __subclasshook__
_collections_abc.py(411):         if cls is Collection:
_collections_abc.py(413):         return NotImplemented
 --- modulename: abc, funcname: __subclasscheck__
abc.py(123):             return _abc_subclasscheck(cls, subclass)
 --- modulename: _collections_abc, funcname: __subclasshook__
_collections_abc.py(411):         if cls is Collection:
_collections_abc.py(413):         return NotImplemented
 --- modulename: abc, funcname: __subclasscheck__
abc.py(123):             return _abc_subclasscheck(cls, subclass)
 --- modulename: _collections_abc, funcname: __subclasshook__
_collections_abc.py(411):         if cls is Collection:
_collections_abc.py(413):         return NotImplemented
 --- modulename: abc, funcname: __subclasscheck__
abc.py(123):             return _abc_subclasscheck(cls, subclass)
 --- modulename: _collections_abc, funcname: __subclasshook__
_collections_abc.py(411):         if cls is Collection:
_collections_abc.py(413):         return NotImplemented
 --- modulename: abc, funcname: __subclasscheck__
abc.py(123):             return _abc_subclasscheck(cls, subclass)
 --- modulename: _collections_abc, funcname: __subclasshook__
_collections_abc.py(411):         if cls is Collection:
_collections_abc.py(413):         return NotImplemented
 --- modulename: abc, funcname: __subclasscheck__
abc.py(123):             return _abc_subclasscheck(cls, subclass)
 --- modulename: _collections_abc, funcname: __subclasshook__
_collections_abc.py(411):         if cls is Collection:
_collections_abc.py(413):         return NotImplemented
 --- modulename: abc, funcname: __subclasscheck__
abc.py(123):             return _abc_subclasscheck(cls, subclass)
 --- modulename: _collections_abc, funcname: __subclasshook__
_collections_abc.py(411):         if cls is Collection:
_collections_abc.py(413):         return NotImplemented
__init__.py(679):                 _count_elements(self, iterable)
__init__.py(680):         if kwds:
s080784897.py(46): ans = [counter[uf.p[i]] - 1 for i in range(n)]
 --- modulename: s080784897, funcname: <listcomp>
s080784897.py(46): ans = [counter[uf.p[i]] - 1 for i in range(n)]
s080784897.py(46): ans = [counter[uf.p[i]] - 1 for i in range(n)]
s080784897.py(46): ans = [counter[uf.p[i]] - 1 for i in range(n)]
s080784897.py(46): ans = [counter[uf.p[i]] - 1 for i in range(n)]
s080784897.py(46): ans = [counter[uf.p[i]] - 1 for i in range(n)]
s080784897.py(49): def f(li):
s080784897.py(58): f(ab)
 --- modulename: s080784897, funcname: f
s080784897.py(50):     for e1, e2 in li:
s080784897.py(51):         e1 -= 1
s080784897.py(52):         e2 -= 1
s080784897.py(53):         if uf.same(e1, e2):
 --- modulename: s080784897, funcname: same
s080784897.py(10):         return self.find_set(u) == self.find_set(v)
 --- modulename: s080784897, funcname: find_set
s080784897.py(16):         if u != self.p[u]:
s080784897.py(17):             self.p[u] = self.find_set(self.p[u])
 --- modulename: s080784897, funcname: find_set
s080784897.py(16):         if u != self.p[u]:
s080784897.py(19):         return self.p[u]
s080784897.py(19):         return self.p[u]
 --- modulename: s080784897, funcname: find_set
s080784897.py(16):         if u != self.p[u]:
s080784897.py(19):         return self.p[u]
s080784897.py(54):             ans[e1] -= 1
s080784897.py(55):             ans[e2] -= 1
s080784897.py(50):     for e1, e2 in li:
s080784897.py(51):         e1 -= 1
s080784897.py(52):         e2 -= 1
s080784897.py(53):         if uf.same(e1, e2):
 --- modulename: s080784897, funcname: same
s080784897.py(10):         return self.find_set(u) == self.find_set(v)
 --- modulename: s080784897, funcname: find_set
s080784897.py(16):         if u != self.p[u]:
s080784897.py(19):         return self.p[u]
 --- modulename: s080784897, funcname: find_set
s080784897.py(16):         if u != self.p[u]:
s080784897.py(17):             self.p[u] = self.find_set(self.p[u])
 --- modulename: s080784897, funcname: find_set
s080784897.py(16):         if u != self.p[u]:
s080784897.py(19):         return self.p[u]
s080784897.py(19):         return self.p[u]
s080784897.py(54):             ans[e1] -= 1
s080784897.py(55):             ans[e2] -= 1
s080784897.py(50):     for e1, e2 in li:
s080784897.py(51):         e1 -= 1
s080784897.py(52):         e2 -= 1
s080784897.py(53):         if uf.same(e1, e2):
 --- modulename: s080784897, funcname: same
s080784897.py(10):         return self.find_set(u) == self.find_set(v)
 --- modulename: s080784897, funcname: find_set
s080784897.py(16):         if u != self.p[u]:
s080784897.py(17):             self.p[u] = self.find_set(self.p[u])
 --- modulename: s080784897, funcname: find_set
s080784897.py(16):         if u != self.p[u]:
s080784897.py(19):         return self.p[u]
s080784897.py(19):         return self.p[u]
 --- modulename: s080784897, funcname: find_set
s080784897.py(16):         if u != self.p[u]:
s080784897.py(17):             self.p[u] = self.find_set(self.p[u])
 --- modulename: s080784897, funcname: find_set
s080784897.py(16):         if u != self.p[u]:
s080784897.py(19):         return self.p[u]
s080784897.py(19):         return self.p[u]
s080784897.py(54):             ans[e1] -= 1
s080784897.py(55):             ans[e2] -= 1
s080784897.py(50):     for e1, e2 in li:
s080784897.py(51):         e1 -= 1
s080784897.py(52):         e2 -= 1
s080784897.py(53):         if uf.same(e1, e2):
 --- modulename: s080784897, funcname: same
s080784897.py(10):         return self.find_set(u) == self.find_set(v)
 --- modulename: s080784897, funcname: find_set
s080784897.py(16):         if u != self.p[u]:
s080784897.py(17):             self.p[u] = self.find_set(self.p[u])
 --- modulename: s080784897, funcname: find_set
s080784897.py(16):         if u != self.p[u]:
s080784897.py(19):         return self.p[u]
s080784897.py(19):         return self.p[u]
 --- modulename: s080784897, funcname: find_set
s080784897.py(16):         if u != self.p[u]:
s080784897.py(17):             self.p[u] = self.find_set(self.p[u])
 --- modulename: s080784897, funcname: find_set
s080784897.py(16):         if u != self.p[u]:
s080784897.py(19):         return self.p[u]
s080784897.py(19):         return self.p[u]
s080784897.py(54):             ans[e1] -= 1
s080784897.py(55):             ans[e2] -= 1
s080784897.py(50):     for e1, e2 in li:
s080784897.py(59): f(cd)
 --- modulename: s080784897, funcname: f
s080784897.py(50):     for e1, e2 in li:
s080784897.py(51):         e1 -= 1
s080784897.py(52):         e2 -= 1
s080784897.py(53):         if uf.same(e1, e2):
 --- modulename: s080784897, funcname: same
s080784897.py(10):         return self.find_set(u) == self.find_set(v)
 --- modulename: s080784897, funcname: find_set
s080784897.py(16):         if u != self.p[u]:
s080784897.py(17):             self.p[u] = self.find_set(self.p[u])
 --- modulename: s080784897, funcname: find_set
s080784897.py(16):         if u != self.p[u]:
s080784897.py(19):         return self.p[u]
s080784897.py(19):         return self.p[u]
 --- modulename: s080784897, funcname: find_set
s080784897.py(16):         if u != self.p[u]:
s080784897.py(19):         return self.p[u]
s080784897.py(54):             ans[e1] -= 1
s080784897.py(55):             ans[e2] -= 1
s080784897.py(50):     for e1, e2 in li:
s080784897.py(61): print(*ans)
0 1 0 1
