 --- modulename: s080063015, funcname: <module>
s080063015.py(2): import sys
s080063015.py(3): sys.setrecursionlimit(10 ** 5 + 10)
s080063015.py(4): def input(): return sys.stdin.readline().strip()
s080063015.py(6): def resolve():
s080063015.py(27): resolve()
 --- modulename: s080063015, funcname: resolve
s080063015.py(8):     n,m=map(int,input().split())
 --- modulename: s080063015, funcname: input
s080063015.py(4): def input(): return sys.stdin.readline().strip()
 --- modulename: codecs, funcname: getstate
codecs.py(333):         return (self.buffer, 0)
 --- modulename: codecs, funcname: decode
codecs.py(321):         data = self.buffer + input
codecs.py(322):         (result, consumed) = self._buffer_decode(data, self.errors, final)
codecs.py(324):         self.buffer = data[consumed:]
codecs.py(325):         return result
s080063015.py(9):     def make_divisors(n):
s080063015.py(19):     l=make_divisors(m)
 --- modulename: s080063015, funcname: make_divisors
s080063015.py(10):         divisors = []
s080063015.py(11):         for i in range(1, int(n**0.5)+1):
s080063015.py(12):             if n % i == 0:
s080063015.py(13):                 divisors.append(i)
s080063015.py(14):                 if i != n // i: # 平方数の場合n**0.5を1つだけにしてる
s080063015.py(15):                     divisors.append(n//i)
s080063015.py(11):         for i in range(1, int(n**0.5)+1):
s080063015.py(12):             if n % i == 0:
s080063015.py(13):                 divisors.append(i)
s080063015.py(14):                 if i != n // i: # 平方数の場合n**0.5を1つだけにしてる
s080063015.py(15):                     divisors.append(n//i)
s080063015.py(11):         for i in range(1, int(n**0.5)+1):
s080063015.py(12):             if n % i == 0:
s080063015.py(11):         for i in range(1, int(n**0.5)+1):
s080063015.py(17):         divisors.sort(reverse=True) # ソートしたけりゃして
s080063015.py(18):         return divisors
s080063015.py(20):     for i in l:
s080063015.py(21):         if n*i<=m:
s080063015.py(20):     for i in l:
s080063015.py(21):         if n*i<=m:
s080063015.py(20):     for i in l:
s080063015.py(21):         if n*i<=m:
s080063015.py(22):             print(i)
2
s080063015.py(23):             break
