 --- modulename: s804633964, funcname: <module>
s804633964.py(1): MOD = 10 ** 9 + 7
s804633964.py(3): def mod_combination(n, k):
s804633964.py(16): def mod_pow(a, b):
s804633964.py(20): N, M, K = map(int, input().split())
 --- modulename: codecs, funcname: getstate
codecs.py(333):         return (self.buffer, 0)
 --- modulename: codecs, funcname: decode
codecs.py(321):         data = self.buffer + input
codecs.py(322):         (result, consumed) = self._buffer_decode(data, self.errors, final)
codecs.py(324):         self.buffer = data[consumed:]
codecs.py(325):         return result
s804633964.py(22): X = mod_pow(M, 2) * (mod_pow(N, 3) - N) % MOD
 --- modulename: s804633964, funcname: mod_pow
s804633964.py(17):     return pow(a, b, MOD)
 --- modulename: s804633964, funcname: mod_pow
s804633964.py(17):     return pow(a, b, MOD)
s804633964.py(23): Y = mod_pow(N, 2) * (mod_pow(M, 3) - M) % MOD
 --- modulename: s804633964, funcname: mod_pow
s804633964.py(17):     return pow(a, b, MOD)
 --- modulename: s804633964, funcname: mod_pow
s804633964.py(17):     return pow(a, b, MOD)
s804633964.py(25): comb = mod_combination(N * M - 2, K - 2)
 --- modulename: s804633964, funcname: mod_combination
s804633964.py(4):     def extended_gcd(a, b):
s804633964.py(9):     p, q = 1, 1
s804633964.py(10):     for i in range(n - k + 1, n + 1):
s804633964.py(12):     for i in range(2, k + 1):
s804633964.py(14):     return p * (extended_gcd(q, MOD)[1] % MOD) % MOD
 --- modulename: s804633964, funcname: extended_gcd
s804633964.py(5):         if b == 0:
s804633964.py(7):         d, x, y = extended_gcd(b, a % b)
 --- modulename: s804633964, funcname: extended_gcd
s804633964.py(5):         if b == 0:
s804633964.py(7):         d, x, y = extended_gcd(b, a % b)
 --- modulename: s804633964, funcname: extended_gcd
s804633964.py(5):         if b == 0:
s804633964.py(6):             return (a, 1, 0)
s804633964.py(8):         return (d, y, x - (a // b) * y)
s804633964.py(8):         return (d, y, x - (a // b) * y)
s804633964.py(27): ans = (X + Y) * mod_pow(6, MOD - 2) * comb % MOD
 --- modulename: s804633964, funcname: mod_pow
s804633964.py(17):     return pow(a, b, MOD)
s804633964.py(29): print(ans)
8
