 --- modulename: s086227858, funcname: <module>
s086227858.py(3): """
s086227858.py(11): def getInt(): return int(input())
s086227858.py(14): def getIntList(): return [int(x) for x in input().split()]
s086227858.py(17): def dmp(x):
s086227858.py(23): def probC_try1():
s086227858.py(52): def probC():
s086227858.py(77): debug = False  # True False
s086227858.py(78): print(probC())
 --- modulename: s086227858, funcname: probC
s086227858.py(53):     N, X = getIntList()
 --- modulename: s086227858, funcname: getIntList
s086227858.py(14): def getIntList(): return [int(x) for x in input().split()]
 --- modulename: codecs, funcname: getstate
codecs.py(333):         return (self.buffer, 0)
 --- modulename: codecs, funcname: decode
codecs.py(321):         data = self.buffer + input
codecs.py(322):         (result, consumed) = self._buffer_decode(data, self.errors, final)
codecs.py(324):         self.buffer = data[consumed:]
codecs.py(325):         return result
 --- modulename: s086227858, funcname: <listcomp>
s086227858.py(14): def getIntList(): return [int(x) for x in input().split()]
s086227858.py(14): def getIntList(): return [int(x) for x in input().split()]
s086227858.py(14): def getIntList(): return [int(x) for x in input().split()]
s086227858.py(54):     a = getIntList()
 --- modulename: s086227858, funcname: getIntList
s086227858.py(14): def getIntList(): return [int(x) for x in input().split()]
 --- modulename: s086227858, funcname: <listcomp>
s086227858.py(14): def getIntList(): return [int(x) for x in input().split()]
s086227858.py(14): def getIntList(): return [int(x) for x in input().split()]
s086227858.py(14): def getIntList(): return [int(x) for x in input().split()]
s086227858.py(14): def getIntList(): return [int(x) for x in input().split()]
s086227858.py(55):     dmp((N, X, a))
 --- modulename: s086227858, funcname: dmp
s086227858.py(19):     if debug:
s086227858.py(56):     eatCnt = 0
s086227858.py(57):     for i in range(N-1):
s086227858.py(58):         dmp((eatCnt,a))
 --- modulename: s086227858, funcname: dmp
s086227858.py(19):     if debug:
s086227858.py(59):         if a[i] > X:
s086227858.py(64):         if a[i]+a[i+1] > X:
s086227858.py(65):             eat = a[i]+a[i+1] - X
s086227858.py(66):             dmp(('eat',eat))
 --- modulename: s086227858, funcname: dmp
s086227858.py(19):     if debug:
s086227858.py(67):             eatCnt += eat
s086227858.py(68):             if a[i+1] < eat:
s086227858.py(72):                 a[i+1] -= eat
s086227858.py(57):     for i in range(N-1):
s086227858.py(58):         dmp((eatCnt,a))
 --- modulename: s086227858, funcname: dmp
s086227858.py(19):     if debug:
s086227858.py(59):         if a[i] > X:
s086227858.py(64):         if a[i]+a[i+1] > X:
s086227858.py(57):     for i in range(N-1):
s086227858.py(73):     dmp((eatCnt,a))
 --- modulename: s086227858, funcname: dmp
s086227858.py(19):     if debug:
s086227858.py(74):     return eatCnt
1
