 --- modulename: s093631931, funcname: <module>
s093631931.py(1): import io
s093631931.py(2): import sys
s093631931.py(3): def solve(lista):    
s093631931.py(19): def readQuestion():
s093631931.py(27): def main():
s093631931.py(32): if __name__ == '__main__':
s093631931.py(33):     main()
 --- modulename: s093631931, funcname: main
s093631931.py(28):     a = readQuestion()
 --- modulename: s093631931, funcname: readQuestion
s093631931.py(20):     line1 = sys.stdin.readline().rstrip()
 --- modulename: codecs, funcname: getstate
codecs.py(333):         return (self.buffer, 0)
 --- modulename: codecs, funcname: decode
codecs.py(321):         data = self.buffer + input
codecs.py(322):         (result, consumed) = self._buffer_decode(data, self.errors, final)
codecs.py(324):         self.buffer = data[consumed:]
codecs.py(325):         return result
s093631931.py(21):     lista = []
s093631931.py(22):     for i in range(int(line1)):
s093631931.py(23):         line2 = sys.stdin.readline().rstrip()
s093631931.py(24):         lista.append(line2)
s093631931.py(22):     for i in range(int(line1)):
s093631931.py(23):         line2 = sys.stdin.readline().rstrip()
s093631931.py(24):         lista.append(line2)
s093631931.py(22):     for i in range(int(line1)):
s093631931.py(23):         line2 = sys.stdin.readline().rstrip()
s093631931.py(24):         lista.append(line2)
s093631931.py(22):     for i in range(int(line1)):
s093631931.py(23):         line2 = sys.stdin.readline().rstrip()
s093631931.py(24):         lista.append(line2)
s093631931.py(22):     for i in range(int(line1)):
s093631931.py(25):     return (lista)
s093631931.py(29):     answer = solve(a)
 --- modulename: s093631931, funcname: solve
s093631931.py(4):     listb = []
s093631931.py(5):     hantei = "true"
s093631931.py(6):     for i in lista:
s093631931.py(7):         if i not in listb:
s093631931.py(8):             listb.append(i)
s093631931.py(6):     for i in lista:
s093631931.py(7):         if i not in listb:
s093631931.py(8):             listb.append(i)
s093631931.py(6):     for i in lista:
s093631931.py(7):         if i not in listb:
s093631931.py(10):             hantei = "false"
s093631931.py(6):     for i in lista:
s093631931.py(7):         if i not in listb:
s093631931.py(8):             listb.append(i)
s093631931.py(6):     for i in lista:
s093631931.py(11):     for i in range(len(listb)-1):
s093631931.py(12):         if listb[i][-1] != listb[i+1][0]:
s093631931.py(11):     for i in range(len(listb)-1):
s093631931.py(12):         if listb[i][-1] != listb[i+1][0]:
s093631931.py(13):             hantei = "false"
s093631931.py(11):     for i in range(len(listb)-1):
s093631931.py(14):     if hantei == "true":
s093631931.py(17):         return("No")
s093631931.py(30):     print(answer)
No
