 --- modulename: s096658247, funcname: <module>
s096658247.py(1): import sys
s096658247.py(2): input = sys.stdin.readline
s096658247.py(5): class SegmentTrees:
 --- modulename: s096658247, funcname: SegmentTrees
s096658247.py(5): class SegmentTrees:
s096658247.py(6):     def __init__(self, target, no_effect):
s096658247.py(16):     @classmethod
s096658247.py(17):     def initialize_func(cls, value):
s096658247.py(20):     @classmethod
s096658247.py(21):     def merge_func(cls, a, b):
s096658247.py(24):     def merge_child_data(self, node):
s096658247.py(30):     def initialize_tree(self, target: list, no_effect=0):
s096658247.py(39):     def update(self, new_value, index):
s096658247.py(54):     def resolve_query(self, _from, to):
s096658247.py(87): n = int(input())
 --- modulename: codecs, funcname: getstate
codecs.py(333):         return (self.buffer, 0)
 --- modulename: codecs, funcname: decode
codecs.py(321):         data = self.buffer + input
codecs.py(322):         (result, consumed) = self._buffer_decode(data, self.errors, final)
codecs.py(324):         self.buffer = data[consumed:]
codecs.py(325):         return result
s096658247.py(88): S = input().replace('\n', '')
s096658247.py(89): seg_tree = SegmentTrees(target=S, no_effect=0)
 --- modulename: s096658247, funcname: __init__
s096658247.py(7):         target_size = len(target)
s096658247.py(8):         leaves_size = 1
s096658247.py(9):         while leaves_size < target_size:
s096658247.py(10):             leaves_size *= 2
s096658247.py(9):         while leaves_size < target_size:
s096658247.py(10):             leaves_size *= 2
s096658247.py(9):         while leaves_size < target_size:
s096658247.py(10):             leaves_size *= 2
s096658247.py(9):         while leaves_size < target_size:
s096658247.py(11):         self.tree_size = leaves_size * 2 - 1
s096658247.py(12):         self.tree = [no_effect] * self.tree_size
s096658247.py(13):         self.no_effect = no_effect
s096658247.py(14):         self.initialize_tree(target, no_effect)
 --- modulename: s096658247, funcname: initialize_tree
s096658247.py(31):         initial_leaf = self.tree_size // 2
s096658247.py(32):         leaves = range(initial_leaf, initial_leaf+len(target))
s096658247.py(33):         for value, leaf in zip(target, leaves):
s096658247.py(34):             self.tree[leaf] = self.initialize_func(value)
 --- modulename: s096658247, funcname: initialize_func
s096658247.py(18):         return 1 << (ord(value) - ord('a'))
s096658247.py(33):         for value, leaf in zip(target, leaves):
s096658247.py(34):             self.tree[leaf] = self.initialize_func(value)
 --- modulename: s096658247, funcname: initialize_func
s096658247.py(18):         return 1 << (ord(value) - ord('a'))
s096658247.py(33):         for value, leaf in zip(target, leaves):
s096658247.py(34):             self.tree[leaf] = self.initialize_func(value)
 --- modulename: s096658247, funcname: initialize_func
s096658247.py(18):         return 1 << (ord(value) - ord('a'))
s096658247.py(33):         for value, leaf in zip(target, leaves):
s096658247.py(34):             self.tree[leaf] = self.initialize_func(value)
 --- modulename: s096658247, funcname: initialize_func
s096658247.py(18):         return 1 << (ord(value) - ord('a'))
s096658247.py(33):         for value, leaf in zip(target, leaves):
s096658247.py(34):             self.tree[leaf] = self.initialize_func(value)
 --- modulename: s096658247, funcname: initialize_func
s096658247.py(18):         return 1 << (ord(value) - ord('a'))
s096658247.py(33):         for value, leaf in zip(target, leaves):
s096658247.py(34):             self.tree[leaf] = self.initialize_func(value)
 --- modulename: s096658247, funcname: initialize_func
s096658247.py(18):         return 1 << (ord(value) - ord('a'))
s096658247.py(33):         for value, leaf in zip(target, leaves):
s096658247.py(34):             self.tree[leaf] = self.initialize_func(value)
 --- modulename: s096658247, funcname: initialize_func
s096658247.py(18):         return 1 << (ord(value) - ord('a'))
s096658247.py(33):         for value, leaf in zip(target, leaves):
s096658247.py(36):         for parent in range(initial_leaf-1, -1, -1):
s096658247.py(37):             self.tree[parent] = self.merge_child_data(parent)
 --- modulename: s096658247, funcname: merge_child_data
s096658247.py(25):         child1 = node * 2 + 1
s096658247.py(26):         child2 = node * 2 + 2
s096658247.py(27):         merged = self.merge_func(self.tree[child1], self.tree[child2])
 --- modulename: s096658247, funcname: merge_func
s096658247.py(22):         return a | b
s096658247.py(28):         return merged
s096658247.py(36):         for parent in range(initial_leaf-1, -1, -1):
s096658247.py(37):             self.tree[parent] = self.merge_child_data(parent)
 --- modulename: s096658247, funcname: merge_child_data
s096658247.py(25):         child1 = node * 2 + 1
s096658247.py(26):         child2 = node * 2 + 2
s096658247.py(27):         merged = self.merge_func(self.tree[child1], self.tree[child2])
 --- modulename: s096658247, funcname: merge_func
s096658247.py(22):         return a | b
s096658247.py(28):         return merged
s096658247.py(36):         for parent in range(initial_leaf-1, -1, -1):
s096658247.py(37):             self.tree[parent] = self.merge_child_data(parent)
 --- modulename: s096658247, funcname: merge_child_data
s096658247.py(25):         child1 = node * 2 + 1
s096658247.py(26):         child2 = node * 2 + 2
s096658247.py(27):         merged = self.merge_func(self.tree[child1], self.tree[child2])
 --- modulename: s096658247, funcname: merge_func
s096658247.py(22):         return a | b
s096658247.py(28):         return merged
s096658247.py(36):         for parent in range(initial_leaf-1, -1, -1):
s096658247.py(37):             self.tree[parent] = self.merge_child_data(parent)
 --- modulename: s096658247, funcname: merge_child_data
s096658247.py(25):         child1 = node * 2 + 1
s096658247.py(26):         child2 = node * 2 + 2
s096658247.py(27):         merged = self.merge_func(self.tree[child1], self.tree[child2])
 --- modulename: s096658247, funcname: merge_func
s096658247.py(22):         return a | b
s096658247.py(28):         return merged
s096658247.py(36):         for parent in range(initial_leaf-1, -1, -1):
s096658247.py(37):             self.tree[parent] = self.merge_child_data(parent)
 --- modulename: s096658247, funcname: merge_child_data
s096658247.py(25):         child1 = node * 2 + 1
s096658247.py(26):         child2 = node * 2 + 2
s096658247.py(27):         merged = self.merge_func(self.tree[child1], self.tree[child2])
 --- modulename: s096658247, funcname: merge_func
s096658247.py(22):         return a | b
s096658247.py(28):         return merged
s096658247.py(36):         for parent in range(initial_leaf-1, -1, -1):
s096658247.py(37):             self.tree[parent] = self.merge_child_data(parent)
 --- modulename: s096658247, funcname: merge_child_data
s096658247.py(25):         child1 = node * 2 + 1
s096658247.py(26):         child2 = node * 2 + 2
s096658247.py(27):         merged = self.merge_func(self.tree[child1], self.tree[child2])
 --- modulename: s096658247, funcname: merge_func
s096658247.py(22):         return a | b
s096658247.py(28):         return merged
s096658247.py(36):         for parent in range(initial_leaf-1, -1, -1):
s096658247.py(37):             self.tree[parent] = self.merge_child_data(parent)
 --- modulename: s096658247, funcname: merge_child_data
s096658247.py(25):         child1 = node * 2 + 1
s096658247.py(26):         child2 = node * 2 + 2
s096658247.py(27):         merged = self.merge_func(self.tree[child1], self.tree[child2])
 --- modulename: s096658247, funcname: merge_func
s096658247.py(22):         return a | b
s096658247.py(28):         return merged
s096658247.py(36):         for parent in range(initial_leaf-1, -1, -1):
s096658247.py(91): Q = int(input())
s096658247.py(92): for _ in range(Q):
s096658247.py(93):     query = input().split()
s096658247.py(94):     if query[0] == '1':
s096658247.py(98):     elif query[0] == '2':
s096658247.py(99):         _from, to = int(query[1])-1, int(query[2])-1
s096658247.py(100):         print(seg_tree.resolve_query(_from, to))
 --- modulename: s096658247, funcname: resolve_query
s096658247.py(55):         def is_in_query(left, right):
s096658247.py(63):         node = 0
s096658247.py(64):         left, right = 0, self.tree_size//2
s096658247.py(65):         todo = [[node, left, right]]
s096658247.py(67):         result = self.no_effect
s096658247.py(68):         while todo:
s096658247.py(69):             node, left, right = todo.pop()
s096658247.py(70):             if is_in_query(left, right) == 1:
 --- modulename: s096658247, funcname: is_in_query
s096658247.py(56):             if _from <= left and right <= to:
s096658247.py(58):             elif to < left or right < _from:
s096658247.py(61):                 return -1
s096658247.py(74):             elif is_in_query(left, right) == 0:
 --- modulename: s096658247, funcname: is_in_query
s096658247.py(56):             if _from <= left and right <= to:
s096658247.py(58):             elif to < left or right < _from:
s096658247.py(61):                 return -1
s096658247.py(78):                 child1 = node * 2 + 1
s096658247.py(79):                 child2 = node * 2 + 2
s096658247.py(80):                 center = (left+right)//2
s096658247.py(81):                 todo.append([child1, left, center])
s096658247.py(82):                 todo.append([child2, center+1, right])
s096658247.py(68):         while todo:
s096658247.py(69):             node, left, right = todo.pop()
s096658247.py(70):             if is_in_query(left, right) == 1:
 --- modulename: s096658247, funcname: is_in_query
s096658247.py(56):             if _from <= left and right <= to:
s096658247.py(58):             elif to < left or right < _from:
s096658247.py(61):                 return -1
s096658247.py(74):             elif is_in_query(left, right) == 0:
 --- modulename: s096658247, funcname: is_in_query
s096658247.py(56):             if _from <= left and right <= to:
s096658247.py(58):             elif to < left or right < _from:
s096658247.py(61):                 return -1
s096658247.py(78):                 child1 = node * 2 + 1
s096658247.py(79):                 child2 = node * 2 + 2
s096658247.py(80):                 center = (left+right)//2
s096658247.py(81):                 todo.append([child1, left, center])
s096658247.py(82):                 todo.append([child2, center+1, right])
s096658247.py(68):         while todo:
s096658247.py(69):             node, left, right = todo.pop()
s096658247.py(70):             if is_in_query(left, right) == 1:
 --- modulename: s096658247, funcname: is_in_query
s096658247.py(56):             if _from <= left and right <= to:
s096658247.py(58):             elif to < left or right < _from:
s096658247.py(59):                 return 0
s096658247.py(74):             elif is_in_query(left, right) == 0:
 --- modulename: s096658247, funcname: is_in_query
s096658247.py(56):             if _from <= left and right <= to:
s096658247.py(58):             elif to < left or right < _from:
s096658247.py(59):                 return 0
s096658247.py(75):                 continue
s096658247.py(68):         while todo:
s096658247.py(69):             node, left, right = todo.pop()
s096658247.py(70):             if is_in_query(left, right) == 1:
 --- modulename: s096658247, funcname: is_in_query
s096658247.py(56):             if _from <= left and right <= to:
s096658247.py(57):                 return 1
s096658247.py(71):                 data = self.tree[node]
s096658247.py(72):                 result = self.merge_func(result, data)
 --- modulename: s096658247, funcname: merge_func
s096658247.py(22):         return a | b
s096658247.py(68):         while todo:
s096658247.py(69):             node, left, right = todo.pop()
s096658247.py(70):             if is_in_query(left, right) == 1:
 --- modulename: s096658247, funcname: is_in_query
s096658247.py(56):             if _from <= left and right <= to:
s096658247.py(58):             elif to < left or right < _from:
s096658247.py(61):                 return -1
s096658247.py(74):             elif is_in_query(left, right) == 0:
 --- modulename: s096658247, funcname: is_in_query
s096658247.py(56):             if _from <= left and right <= to:
s096658247.py(58):             elif to < left or right < _from:
s096658247.py(61):                 return -1
s096658247.py(78):                 child1 = node * 2 + 1
s096658247.py(79):                 child2 = node * 2 + 2
s096658247.py(80):                 center = (left+right)//2
s096658247.py(81):                 todo.append([child1, left, center])
s096658247.py(82):                 todo.append([child2, center+1, right])
s096658247.py(68):         while todo:
s096658247.py(69):             node, left, right = todo.pop()
s096658247.py(70):             if is_in_query(left, right) == 1:
 --- modulename: s096658247, funcname: is_in_query
s096658247.py(56):             if _from <= left and right <= to:
s096658247.py(57):                 return 1
s096658247.py(71):                 data = self.tree[node]
s096658247.py(72):                 result = self.merge_func(result, data)
 --- modulename: s096658247, funcname: merge_func
s096658247.py(22):         return a | b
s096658247.py(68):         while todo:
s096658247.py(69):             node, left, right = todo.pop()
s096658247.py(70):             if is_in_query(left, right) == 1:
 --- modulename: s096658247, funcname: is_in_query
s096658247.py(56):             if _from <= left and right <= to:
s096658247.py(58):             elif to < left or right < _from:
s096658247.py(59):                 return 0
s096658247.py(74):             elif is_in_query(left, right) == 0:
 --- modulename: s096658247, funcname: is_in_query
s096658247.py(56):             if _from <= left and right <= to:
s096658247.py(58):             elif to < left or right < _from:
s096658247.py(59):                 return 0
s096658247.py(75):                 continue
s096658247.py(68):         while todo:
s096658247.py(84):         return bin(result).count('1')
3
s096658247.py(92): for _ in range(Q):
s096658247.py(93):     query = input().split()
s096658247.py(94):     if query[0] == '1':
s096658247.py(95):         index, new = int(query[1])-1, query[2]
s096658247.py(96):         seg_tree.update(new, index)
 --- modulename: s096658247, funcname: update
s096658247.py(40):         leaf = self.tree_size//2 + index
s096658247.py(41):         new_data = self.initialize_func(new_value)
 --- modulename: s096658247, funcname: initialize_func
s096658247.py(18):         return 1 << (ord(value) - ord('a'))
s096658247.py(42):         if self.tree[leaf] == new_data:
s096658247.py(44):         self.tree[leaf] = new_data
s096658247.py(46):         parent = (leaf-1) // 2
s096658247.py(47):         while parent >= 0:
s096658247.py(48):             new_data = self.merge_child_data(parent)
 --- modulename: s096658247, funcname: merge_child_data
s096658247.py(25):         child1 = node * 2 + 1
s096658247.py(26):         child2 = node * 2 + 2
s096658247.py(27):         merged = self.merge_func(self.tree[child1], self.tree[child2])
 --- modulename: s096658247, funcname: merge_func
s096658247.py(22):         return a | b
s096658247.py(28):         return merged
s096658247.py(49):             if self.tree[parent] == new_data:
s096658247.py(51):             self.tree[parent] = new_data
s096658247.py(52):             parent = (parent-1) // 2
s096658247.py(47):         while parent >= 0:
s096658247.py(48):             new_data = self.merge_child_data(parent)
 --- modulename: s096658247, funcname: merge_child_data
s096658247.py(25):         child1 = node * 2 + 1
s096658247.py(26):         child2 = node * 2 + 2
s096658247.py(27):         merged = self.merge_func(self.tree[child1], self.tree[child2])
 --- modulename: s096658247, funcname: merge_func
s096658247.py(22):         return a | b
s096658247.py(28):         return merged
s096658247.py(49):             if self.tree[parent] == new_data:
s096658247.py(51):             self.tree[parent] = new_data
s096658247.py(52):             parent = (parent-1) // 2
s096658247.py(47):         while parent >= 0:
s096658247.py(48):             new_data = self.merge_child_data(parent)
 --- modulename: s096658247, funcname: merge_child_data
s096658247.py(25):         child1 = node * 2 + 1
s096658247.py(26):         child2 = node * 2 + 2
s096658247.py(27):         merged = self.merge_func(self.tree[child1], self.tree[child2])
 --- modulename: s096658247, funcname: merge_func
s096658247.py(22):         return a | b
s096658247.py(28):         return merged
s096658247.py(49):             if self.tree[parent] == new_data:
s096658247.py(51):             self.tree[parent] = new_data
s096658247.py(52):             parent = (parent-1) // 2
s096658247.py(47):         while parent >= 0:
s096658247.py(92): for _ in range(Q):
s096658247.py(93):     query = input().split()
s096658247.py(94):     if query[0] == '1':
s096658247.py(98):     elif query[0] == '2':
s096658247.py(99):         _from, to = int(query[1])-1, int(query[2])-1
s096658247.py(100):         print(seg_tree.resolve_query(_from, to))
 --- modulename: s096658247, funcname: resolve_query
s096658247.py(55):         def is_in_query(left, right):
s096658247.py(63):         node = 0
s096658247.py(64):         left, right = 0, self.tree_size//2
s096658247.py(65):         todo = [[node, left, right]]
s096658247.py(67):         result = self.no_effect
s096658247.py(68):         while todo:
s096658247.py(69):             node, left, right = todo.pop()
s096658247.py(70):             if is_in_query(left, right) == 1:
 --- modulename: s096658247, funcname: is_in_query
s096658247.py(56):             if _from <= left and right <= to:
s096658247.py(58):             elif to < left or right < _from:
s096658247.py(61):                 return -1
s096658247.py(74):             elif is_in_query(left, right) == 0:
 --- modulename: s096658247, funcname: is_in_query
s096658247.py(56):             if _from <= left and right <= to:
s096658247.py(58):             elif to < left or right < _from:
s096658247.py(61):                 return -1
s096658247.py(78):                 child1 = node * 2 + 1
s096658247.py(79):                 child2 = node * 2 + 2
s096658247.py(80):                 center = (left+right)//2
s096658247.py(81):                 todo.append([child1, left, center])
s096658247.py(82):                 todo.append([child2, center+1, right])
s096658247.py(68):         while todo:
s096658247.py(69):             node, left, right = todo.pop()
s096658247.py(70):             if is_in_query(left, right) == 1:
 --- modulename: s096658247, funcname: is_in_query
s096658247.py(56):             if _from <= left and right <= to:
s096658247.py(58):             elif to < left or right < _from:
s096658247.py(59):                 return 0
s096658247.py(74):             elif is_in_query(left, right) == 0:
 --- modulename: s096658247, funcname: is_in_query
s096658247.py(56):             if _from <= left and right <= to:
s096658247.py(58):             elif to < left or right < _from:
s096658247.py(59):                 return 0
s096658247.py(75):                 continue
s096658247.py(68):         while todo:
s096658247.py(69):             node, left, right = todo.pop()
s096658247.py(70):             if is_in_query(left, right) == 1:
 --- modulename: s096658247, funcname: is_in_query
s096658247.py(56):             if _from <= left and right <= to:
s096658247.py(58):             elif to < left or right < _from:
s096658247.py(61):                 return -1
s096658247.py(74):             elif is_in_query(left, right) == 0:
 --- modulename: s096658247, funcname: is_in_query
s096658247.py(56):             if _from <= left and right <= to:
s096658247.py(58):             elif to < left or right < _from:
s096658247.py(61):                 return -1
s096658247.py(78):                 child1 = node * 2 + 1
s096658247.py(79):                 child2 = node * 2 + 2
s096658247.py(80):                 center = (left+right)//2
s096658247.py(81):                 todo.append([child1, left, center])
s096658247.py(82):                 todo.append([child2, center+1, right])
s096658247.py(68):         while todo:
s096658247.py(69):             node, left, right = todo.pop()
s096658247.py(70):             if is_in_query(left, right) == 1:
 --- modulename: s096658247, funcname: is_in_query
s096658247.py(56):             if _from <= left and right <= to:
s096658247.py(58):             elif to < left or right < _from:
s096658247.py(59):                 return 0
s096658247.py(74):             elif is_in_query(left, right) == 0:
 --- modulename: s096658247, funcname: is_in_query
s096658247.py(56):             if _from <= left and right <= to:
s096658247.py(58):             elif to < left or right < _from:
s096658247.py(59):                 return 0
s096658247.py(75):                 continue
s096658247.py(68):         while todo:
s096658247.py(69):             node, left, right = todo.pop()
s096658247.py(70):             if is_in_query(left, right) == 1:
 --- modulename: s096658247, funcname: is_in_query
s096658247.py(56):             if _from <= left and right <= to:
s096658247.py(58):             elif to < left or right < _from:
s096658247.py(61):                 return -1
s096658247.py(74):             elif is_in_query(left, right) == 0:
 --- modulename: s096658247, funcname: is_in_query
s096658247.py(56):             if _from <= left and right <= to:
s096658247.py(58):             elif to < left or right < _from:
s096658247.py(61):                 return -1
s096658247.py(78):                 child1 = node * 2 + 1
s096658247.py(79):                 child2 = node * 2 + 2
s096658247.py(80):                 center = (left+right)//2
s096658247.py(81):                 todo.append([child1, left, center])
s096658247.py(82):                 todo.append([child2, center+1, right])
s096658247.py(68):         while todo:
s096658247.py(69):             node, left, right = todo.pop()
s096658247.py(70):             if is_in_query(left, right) == 1:
 --- modulename: s096658247, funcname: is_in_query
s096658247.py(56):             if _from <= left and right <= to:
s096658247.py(58):             elif to < left or right < _from:
s096658247.py(59):                 return 0
s096658247.py(74):             elif is_in_query(left, right) == 0:
 --- modulename: s096658247, funcname: is_in_query
s096658247.py(56):             if _from <= left and right <= to:
s096658247.py(58):             elif to < left or right < _from:
s096658247.py(59):                 return 0
s096658247.py(75):                 continue
s096658247.py(68):         while todo:
s096658247.py(69):             node, left, right = todo.pop()
s096658247.py(70):             if is_in_query(left, right) == 1:
 --- modulename: s096658247, funcname: is_in_query
s096658247.py(56):             if _from <= left and right <= to:
s096658247.py(57):                 return 1
s096658247.py(71):                 data = self.tree[node]
s096658247.py(72):                 result = self.merge_func(result, data)
 --- modulename: s096658247, funcname: merge_func
s096658247.py(22):         return a | b
s096658247.py(68):         while todo:
s096658247.py(84):         return bin(result).count('1')
1
s096658247.py(92): for _ in range(Q):
s096658247.py(93):     query = input().split()
s096658247.py(94):     if query[0] == '1':
s096658247.py(95):         index, new = int(query[1])-1, query[2]
s096658247.py(96):         seg_tree.update(new, index)
 --- modulename: s096658247, funcname: update
s096658247.py(40):         leaf = self.tree_size//2 + index
s096658247.py(41):         new_data = self.initialize_func(new_value)
 --- modulename: s096658247, funcname: initialize_func
s096658247.py(18):         return 1 << (ord(value) - ord('a'))
s096658247.py(42):         if self.tree[leaf] == new_data:
s096658247.py(44):         self.tree[leaf] = new_data
s096658247.py(46):         parent = (leaf-1) // 2
s096658247.py(47):         while parent >= 0:
s096658247.py(48):             new_data = self.merge_child_data(parent)
 --- modulename: s096658247, funcname: merge_child_data
s096658247.py(25):         child1 = node * 2 + 1
s096658247.py(26):         child2 = node * 2 + 2
s096658247.py(27):         merged = self.merge_func(self.tree[child1], self.tree[child2])
 --- modulename: s096658247, funcname: merge_func
s096658247.py(22):         return a | b
s096658247.py(28):         return merged
s096658247.py(49):             if self.tree[parent] == new_data:
s096658247.py(51):             self.tree[parent] = new_data
s096658247.py(52):             parent = (parent-1) // 2
s096658247.py(47):         while parent >= 0:
s096658247.py(48):             new_data = self.merge_child_data(parent)
 --- modulename: s096658247, funcname: merge_child_data
s096658247.py(25):         child1 = node * 2 + 1
s096658247.py(26):         child2 = node * 2 + 2
s096658247.py(27):         merged = self.merge_func(self.tree[child1], self.tree[child2])
 --- modulename: s096658247, funcname: merge_func
s096658247.py(22):         return a | b
s096658247.py(28):         return merged
s096658247.py(49):             if self.tree[parent] == new_data:
s096658247.py(51):             self.tree[parent] = new_data
s096658247.py(52):             parent = (parent-1) // 2
s096658247.py(47):         while parent >= 0:
s096658247.py(48):             new_data = self.merge_child_data(parent)
 --- modulename: s096658247, funcname: merge_child_data
s096658247.py(25):         child1 = node * 2 + 1
s096658247.py(26):         child2 = node * 2 + 2
s096658247.py(27):         merged = self.merge_func(self.tree[child1], self.tree[child2])
 --- modulename: s096658247, funcname: merge_func
s096658247.py(22):         return a | b
s096658247.py(28):         return merged
s096658247.py(49):             if self.tree[parent] == new_data:
s096658247.py(50):                 break
s096658247.py(92): for _ in range(Q):
s096658247.py(93):     query = input().split()
s096658247.py(94):     if query[0] == '1':
s096658247.py(95):         index, new = int(query[1])-1, query[2]
s096658247.py(96):         seg_tree.update(new, index)
 --- modulename: s096658247, funcname: update
s096658247.py(40):         leaf = self.tree_size//2 + index
s096658247.py(41):         new_data = self.initialize_func(new_value)
 --- modulename: s096658247, funcname: initialize_func
s096658247.py(18):         return 1 << (ord(value) - ord('a'))
s096658247.py(42):         if self.tree[leaf] == new_data:
s096658247.py(43):             return
s096658247.py(92): for _ in range(Q):
s096658247.py(93):     query = input().split()
s096658247.py(94):     if query[0] == '1':
s096658247.py(98):     elif query[0] == '2':
s096658247.py(99):         _from, to = int(query[1])-1, int(query[2])-1
s096658247.py(100):         print(seg_tree.resolve_query(_from, to))
 --- modulename: s096658247, funcname: resolve_query
s096658247.py(55):         def is_in_query(left, right):
s096658247.py(63):         node = 0
s096658247.py(64):         left, right = 0, self.tree_size//2
s096658247.py(65):         todo = [[node, left, right]]
s096658247.py(67):         result = self.no_effect
s096658247.py(68):         while todo:
s096658247.py(69):             node, left, right = todo.pop()
s096658247.py(70):             if is_in_query(left, right) == 1:
 --- modulename: s096658247, funcname: is_in_query
s096658247.py(56):             if _from <= left and right <= to:
s096658247.py(58):             elif to < left or right < _from:
s096658247.py(61):                 return -1
s096658247.py(74):             elif is_in_query(left, right) == 0:
 --- modulename: s096658247, funcname: is_in_query
s096658247.py(56):             if _from <= left and right <= to:
s096658247.py(58):             elif to < left or right < _from:
s096658247.py(61):                 return -1
s096658247.py(78):                 child1 = node * 2 + 1
s096658247.py(79):                 child2 = node * 2 + 2
s096658247.py(80):                 center = (left+right)//2
s096658247.py(81):                 todo.append([child1, left, center])
s096658247.py(82):                 todo.append([child2, center+1, right])
s096658247.py(68):         while todo:
s096658247.py(69):             node, left, right = todo.pop()
s096658247.py(70):             if is_in_query(left, right) == 1:
 --- modulename: s096658247, funcname: is_in_query
s096658247.py(56):             if _from <= left and right <= to:
s096658247.py(58):             elif to < left or right < _from:
s096658247.py(61):                 return -1
s096658247.py(74):             elif is_in_query(left, right) == 0:
 --- modulename: s096658247, funcname: is_in_query
s096658247.py(56):             if _from <= left and right <= to:
s096658247.py(58):             elif to < left or right < _from:
s096658247.py(61):                 return -1
s096658247.py(78):                 child1 = node * 2 + 1
s096658247.py(79):                 child2 = node * 2 + 2
s096658247.py(80):                 center = (left+right)//2
s096658247.py(81):                 todo.append([child1, left, center])
s096658247.py(82):                 todo.append([child2, center+1, right])
s096658247.py(68):         while todo:
s096658247.py(69):             node, left, right = todo.pop()
s096658247.py(70):             if is_in_query(left, right) == 1:
 --- modulename: s096658247, funcname: is_in_query
s096658247.py(56):             if _from <= left and right <= to:
s096658247.py(58):             elif to < left or right < _from:
s096658247.py(61):                 return -1
s096658247.py(74):             elif is_in_query(left, right) == 0:
 --- modulename: s096658247, funcname: is_in_query
s096658247.py(56):             if _from <= left and right <= to:
s096658247.py(58):             elif to < left or right < _from:
s096658247.py(61):                 return -1
s096658247.py(78):                 child1 = node * 2 + 1
s096658247.py(79):                 child2 = node * 2 + 2
s096658247.py(80):                 center = (left+right)//2
s096658247.py(81):                 todo.append([child1, left, center])
s096658247.py(82):                 todo.append([child2, center+1, right])
s096658247.py(68):         while todo:
s096658247.py(69):             node, left, right = todo.pop()
s096658247.py(70):             if is_in_query(left, right) == 1:
 --- modulename: s096658247, funcname: is_in_query
s096658247.py(56):             if _from <= left and right <= to:
s096658247.py(58):             elif to < left or right < _from:
s096658247.py(59):                 return 0
s096658247.py(74):             elif is_in_query(left, right) == 0:
 --- modulename: s096658247, funcname: is_in_query
s096658247.py(56):             if _from <= left and right <= to:
s096658247.py(58):             elif to < left or right < _from:
s096658247.py(59):                 return 0
s096658247.py(75):                 continue
s096658247.py(68):         while todo:
s096658247.py(69):             node, left, right = todo.pop()
s096658247.py(70):             if is_in_query(left, right) == 1:
 --- modulename: s096658247, funcname: is_in_query
s096658247.py(56):             if _from <= left and right <= to:
s096658247.py(57):                 return 1
s096658247.py(71):                 data = self.tree[node]
s096658247.py(72):                 result = self.merge_func(result, data)
 --- modulename: s096658247, funcname: merge_func
s096658247.py(22):         return a | b
s096658247.py(68):         while todo:
s096658247.py(69):             node, left, right = todo.pop()
s096658247.py(70):             if is_in_query(left, right) == 1:
 --- modulename: s096658247, funcname: is_in_query
s096658247.py(56):             if _from <= left and right <= to:
s096658247.py(57):                 return 1
s096658247.py(71):                 data = self.tree[node]
s096658247.py(72):                 result = self.merge_func(result, data)
 --- modulename: s096658247, funcname: merge_func
s096658247.py(22):         return a | b
s096658247.py(68):         while todo:
s096658247.py(69):             node, left, right = todo.pop()
s096658247.py(70):             if is_in_query(left, right) == 1:
 --- modulename: s096658247, funcname: is_in_query
s096658247.py(56):             if _from <= left and right <= to:
s096658247.py(57):                 return 1
s096658247.py(71):                 data = self.tree[node]
s096658247.py(72):                 result = self.merge_func(result, data)
 --- modulename: s096658247, funcname: merge_func
s096658247.py(22):         return a | b
s096658247.py(68):         while todo:
s096658247.py(84):         return bin(result).count('1')
5
s096658247.py(92): for _ in range(Q):
