 --- modulename: s097435205, funcname: <module>
s097435205.py(1): import sys
s097435205.py(3): sys.setrecursionlimit(10 ** 6)
s097435205.py(4): int1 = lambda x: int(x) - 1
s097435205.py(5): p2D = lambda x: print(*x, sep="\n")
s097435205.py(6): def II(): return int(sys.stdin.readline())
s097435205.py(7): def MI(): return map(int, sys.stdin.readline().split())
s097435205.py(8): def LI(): return list(map(int, sys.stdin.readline().split()))
s097435205.py(9): def LI1(): return list(map(int1, sys.stdin.readline().split()))
s097435205.py(10): def LII(rows_number): return [II() for _ in range(rows_number)]
s097435205.py(11): def LLI(rows_number): return [LI() for _ in range(rows_number)]
s097435205.py(12): def LLI1(rows_number): return [LI1() for _ in range(rows_number)]
s097435205.py(14): def main():
s097435205.py(32): main()
 --- modulename: s097435205, funcname: main
s097435205.py(15): 	N = II()
 --- modulename: s097435205, funcname: II
s097435205.py(6): def II(): return int(sys.stdin.readline())
 --- modulename: codecs, funcname: getstate
codecs.py(333):         return (self.buffer, 0)
 --- modulename: codecs, funcname: decode
codecs.py(321):         data = self.buffer + input
codecs.py(322):         (result, consumed) = self._buffer_decode(data, self.errors, final)
codecs.py(324):         self.buffer = data[consumed:]
codecs.py(325):         return result
s097435205.py(16): 	S = LII(N)
 --- modulename: s097435205, funcname: LII
s097435205.py(10): def LII(rows_number): return [II() for _ in range(rows_number)]
 --- modulename: s097435205, funcname: <listcomp>
s097435205.py(10): def LII(rows_number): return [II() for _ in range(rows_number)]
 --- modulename: s097435205, funcname: II
s097435205.py(6): def II(): return int(sys.stdin.readline())
s097435205.py(10): def LII(rows_number): return [II() for _ in range(rows_number)]
 --- modulename: s097435205, funcname: II
s097435205.py(6): def II(): return int(sys.stdin.readline())
s097435205.py(10): def LII(rows_number): return [II() for _ in range(rows_number)]
 --- modulename: s097435205, funcname: II
s097435205.py(6): def II(): return int(sys.stdin.readline())
s097435205.py(10): def LII(rows_number): return [II() for _ in range(rows_number)]
s097435205.py(18): 	total_S = sum(S)
s097435205.py(19): 	S.sort()
s097435205.py(20): 	if(total_S % 10 == 0):
s097435205.py(21): 		i = 0
s097435205.py(22): 		for i in range(N):
s097435205.py(23): 			f = False
s097435205.py(24): 			if(S[i]%10!=0): 
s097435205.py(25): 				print(total_S-S[i])
25
s097435205.py(26): 				f=True
s097435205.py(27): 				break
s097435205.py(28): 		if(f==False):print(0)
