 --- modulename: s098682645, funcname: <module>
s098682645.py(1): from collections import*
 --- modulename: _bootstrap, funcname: _handle_fromlist
<frozen importlib._bootstrap>(1043): <frozen importlib._bootstrap>(1044): <frozen importlib._bootstrap>(1051): <frozen importlib._bootstrap>(1052): <frozen importlib._bootstrap>(1053): <frozen importlib._bootstrap>(1054): <frozen importlib._bootstrap>(1053):  --- modulename: _bootstrap, funcname: _handle_fromlist
<frozen importlib._bootstrap>(1043): <frozen importlib._bootstrap>(1044): <frozen importlib._bootstrap>(1051): <frozen importlib._bootstrap>(1055): <frozen importlib._bootstrap>(1043): <frozen importlib._bootstrap>(1044): <frozen importlib._bootstrap>(1051): <frozen importlib._bootstrap>(1055): <frozen importlib._bootstrap>(1043): <frozen importlib._bootstrap>(1044): <frozen importlib._bootstrap>(1051): <frozen importlib._bootstrap>(1055): <frozen importlib._bootstrap>(1043): <frozen importlib._bootstrap>(1044): <frozen importlib._bootstrap>(1051): <frozen importlib._bootstrap>(1055): <frozen importlib._bootstrap>(1043): <frozen importlib._bootstrap>(1044): <frozen importlib._bootstrap>(1051): <frozen importlib._bootstrap>(1055): <frozen importlib._bootstrap>(1043): <frozen importlib._bootstrap>(1044): <frozen importlib._bootstrap>(1051): <frozen importlib._bootstrap>(1055): <frozen importlib._bootstrap>(1043): <frozen importlib._bootstrap>(1044): <frozen importlib._bootstrap>(1051): <frozen importlib._bootstrap>(1055): <frozen importlib._bootstrap>(1043): <frozen importlib._bootstrap>(1044): <frozen importlib._bootstrap>(1051): <frozen importlib._bootstrap>(1055): <frozen importlib._bootstrap>(1043): <frozen importlib._bootstrap>(1044): <frozen importlib._bootstrap>(1051): <frozen importlib._bootstrap>(1055): <frozen importlib._bootstrap>(1043): <frozen importlib._bootstrap>(1067): <frozen importlib._bootstrap>(1043): <frozen importlib._bootstrap>(1067): s098682645.py(2): class UnionFind():
 --- modulename: s098682645, funcname: UnionFind
s098682645.py(2): class UnionFind():
s098682645.py(3):     def __init__(self,size):
s098682645.py(5):     def root(self,x):
s098682645.py(9):     def unite(self,x,y):
s098682645.py(18):     def same(self,x,y):
s098682645.py(20):     def size(self,x):
s098682645.py(22): input=open(0).readline
 --- modulename: _bootlocale, funcname: getpreferredencoding
_bootlocale.py(12):         if sys.flags.utf8_mode:
_bootlocale.py(14):         return _locale._getdefaultlocale()[1]
 --- modulename: codecs, funcname: __init__
codecs.py(310):         IncrementalDecoder.__init__(self, errors)
 --- modulename: codecs, funcname: __init__
codecs.py(268):         self.errors = errors
codecs.py(312):         self.buffer = b""
s098682645.py(23): n,k,l=map(int,input().split())
 --- modulename: codecs, funcname: getstate
codecs.py(333):         return (self.buffer, 0)
 --- modulename: codecs, funcname: decode
codecs.py(321):         data = self.buffer + input
codecs.py(322):         (result, consumed) = self._buffer_decode(data, self.errors, final)
codecs.py(324):         self.buffer = data[consumed:]
codecs.py(325):         return result
s098682645.py(24): u=UnionFind(n)
 --- modulename: s098682645, funcname: __init__
s098682645.py(4):         self.table=[-1]*size
s098682645.py(25): v=UnionFind(n)
 --- modulename: s098682645, funcname: __init__
s098682645.py(4):         self.table=[-1]*size
s098682645.py(26): for _ in range(k):
s098682645.py(27):     p,q=map(int,input().split())
s098682645.py(28):     u.unite(p-1,q-1)
 --- modulename: s098682645, funcname: unite
s098682645.py(10):         s1=self.root(x)
 --- modulename: s098682645, funcname: root
s098682645.py(6):         while self.table[x]>=0:
s098682645.py(8):         return x
s098682645.py(11):         s2=self.root(y)
 --- modulename: s098682645, funcname: root
s098682645.py(6):         while self.table[x]>=0:
s098682645.py(8):         return x
s098682645.py(12):         if s1!=s2:
s098682645.py(13):             if self.table[s1]>self.table[s2]:
s098682645.py(15):             self.table[s1]+=self.table[s2]
s098682645.py(16):             self.table[s2]=s1
s098682645.py(17):         return
s098682645.py(26): for _ in range(k):
s098682645.py(27):     p,q=map(int,input().split())
s098682645.py(28):     u.unite(p-1,q-1)
 --- modulename: s098682645, funcname: unite
s098682645.py(10):         s1=self.root(x)
 --- modulename: s098682645, funcname: root
s098682645.py(6):         while self.table[x]>=0:
s098682645.py(7):             x=self.table[x]
s098682645.py(6):         while self.table[x]>=0:
s098682645.py(8):         return x
s098682645.py(11):         s2=self.root(y)
 --- modulename: s098682645, funcname: root
s098682645.py(6):         while self.table[x]>=0:
s098682645.py(8):         return x
s098682645.py(12):         if s1!=s2:
s098682645.py(13):             if self.table[s1]>self.table[s2]:
s098682645.py(15):             self.table[s1]+=self.table[s2]
s098682645.py(16):             self.table[s2]=s1
s098682645.py(17):         return
s098682645.py(26): for _ in range(k):
s098682645.py(27):     p,q=map(int,input().split())
s098682645.py(28):     u.unite(p-1,q-1)
 --- modulename: s098682645, funcname: unite
s098682645.py(10):         s1=self.root(x)
 --- modulename: s098682645, funcname: root
s098682645.py(6):         while self.table[x]>=0:
s098682645.py(7):             x=self.table[x]
s098682645.py(6):         while self.table[x]>=0:
s098682645.py(8):         return x
s098682645.py(11):         s2=self.root(y)
 --- modulename: s098682645, funcname: root
s098682645.py(6):         while self.table[x]>=0:
s098682645.py(8):         return x
s098682645.py(12):         if s1!=s2:
s098682645.py(13):             if self.table[s1]>self.table[s2]:
s098682645.py(15):             self.table[s1]+=self.table[s2]
s098682645.py(16):             self.table[s2]=s1
s098682645.py(17):         return
s098682645.py(26): for _ in range(k):
s098682645.py(29): for _ in range(l):
s098682645.py(30):     r,s=map(int,input().split())
s098682645.py(31):     v.unite(r-1,s-1)
 --- modulename: s098682645, funcname: unite
s098682645.py(10):         s1=self.root(x)
 --- modulename: s098682645, funcname: root
s098682645.py(6):         while self.table[x]>=0:
s098682645.py(8):         return x
s098682645.py(11):         s2=self.root(y)
 --- modulename: s098682645, funcname: root
s098682645.py(6):         while self.table[x]>=0:
s098682645.py(8):         return x
s098682645.py(12):         if s1!=s2:
s098682645.py(13):             if self.table[s1]>self.table[s2]:
s098682645.py(15):             self.table[s1]+=self.table[s2]
s098682645.py(16):             self.table[s2]=s1
s098682645.py(17):         return
s098682645.py(29): for _ in range(l):
s098682645.py(32): d=defaultdict(int)
s098682645.py(33): a=[]
s098682645.py(34): for i in range(n):
s098682645.py(35):     t=(u.root(i),v.root(i))
 --- modulename: s098682645, funcname: root
s098682645.py(6):         while self.table[x]>=0:
s098682645.py(8):         return x
 --- modulename: s098682645, funcname: root
s098682645.py(6):         while self.table[x]>=0:
s098682645.py(8):         return x
s098682645.py(36):     d[t]+=1
s098682645.py(37):     a.append(t)
s098682645.py(34): for i in range(n):
s098682645.py(35):     t=(u.root(i),v.root(i))
 --- modulename: s098682645, funcname: root
s098682645.py(6):         while self.table[x]>=0:
s098682645.py(7):             x=self.table[x]
s098682645.py(6):         while self.table[x]>=0:
s098682645.py(8):         return x
 --- modulename: s098682645, funcname: root
s098682645.py(6):         while self.table[x]>=0:
s098682645.py(8):         return x
s098682645.py(36):     d[t]+=1
s098682645.py(37):     a.append(t)
s098682645.py(34): for i in range(n):
s098682645.py(35):     t=(u.root(i),v.root(i))
 --- modulename: s098682645, funcname: root
s098682645.py(6):         while self.table[x]>=0:
s098682645.py(7):             x=self.table[x]
s098682645.py(6):         while self.table[x]>=0:
s098682645.py(8):         return x
 --- modulename: s098682645, funcname: root
s098682645.py(6):         while self.table[x]>=0:
s098682645.py(7):             x=self.table[x]
s098682645.py(6):         while self.table[x]>=0:
s098682645.py(8):         return x
s098682645.py(36):     d[t]+=1
s098682645.py(37):     a.append(t)
s098682645.py(34): for i in range(n):
s098682645.py(35):     t=(u.root(i),v.root(i))
 --- modulename: s098682645, funcname: root
s098682645.py(6):         while self.table[x]>=0:
s098682645.py(7):             x=self.table[x]
s098682645.py(6):         while self.table[x]>=0:
s098682645.py(8):         return x
 --- modulename: s098682645, funcname: root
s098682645.py(6):         while self.table[x]>=0:
s098682645.py(8):         return x
s098682645.py(36):     d[t]+=1
s098682645.py(37):     a.append(t)
s098682645.py(34): for i in range(n):
s098682645.py(38): print(*[d[i]for i in a])
 --- modulename: s098682645, funcname: <listcomp>
s098682645.py(38): print(*[d[i]for i in a])
s098682645.py(38): print(*[d[i]for i in a])
s098682645.py(38): print(*[d[i]for i in a])
s098682645.py(38): print(*[d[i]for i in a])
s098682645.py(38): print(*[d[i]for i in a])
1 2 2 1
