 --- modulename: s043089401, funcname: <module>
s043089401.py(2): class BinaryIndexedTree:
 --- modulename: s043089401, funcname: BinaryIndexedTree
s043089401.py(2): class BinaryIndexedTree:
s043089401.py(3):     def __init__(self, n):
s043089401.py(12):     def sum(self, i):
s043089401.py(21):     def add(self, i, x):
s043089401.py(28):     def get(self, l, r=None):
s043089401.py(37):     def update(self, i, x):
s043089401.py(41):     def bisearch_fore(self, l, r, x):
s043089401.py(57): def resolve():
s043089401.py(90): if __name__ == "__main__":
s043089401.py(91):     resolve()
 --- modulename: s043089401, funcname: resolve
s043089401.py(58):     N, Q = map(int, input().split())
 --- modulename: codecs, funcname: getstate
codecs.py(333):         return (self.buffer, 0)
 --- modulename: codecs, funcname: decode
codecs.py(321):         data = self.buffer + input
codecs.py(322):         (result, consumed) = self._buffer_decode(data, self.errors, final)
codecs.py(324):         self.buffer = data[consumed:]
codecs.py(325):         return result
s043089401.py(59):     A = list(map(int, input().split()))
s043089401.py(62):     pi = [-1] * (N + 1)  # 各数について最後に出てきた場所
s043089401.py(63):     ps = [[] for i in range(N)]
 --- modulename: s043089401, funcname: <listcomp>
s043089401.py(63):     ps = [[] for i in range(N)]
s043089401.py(63):     ps = [[] for i in range(N)]
s043089401.py(63):     ps = [[] for i in range(N)]
s043089401.py(63):     ps = [[] for i in range(N)]
s043089401.py(63):     ps = [[] for i in range(N)]
s043089401.py(65):     for i in range(N):
s043089401.py(66):         l = pi[A[i]]
s043089401.py(67):         if l != -1:
s043089401.py(69):         pi[A[i]] = i
s043089401.py(65):     for i in range(N):
s043089401.py(66):         l = pi[A[i]]
s043089401.py(67):         if l != -1:
s043089401.py(69):         pi[A[i]] = i
s043089401.py(65):     for i in range(N):
s043089401.py(66):         l = pi[A[i]]
s043089401.py(67):         if l != -1:
s043089401.py(68):             ps[l].append(i)
s043089401.py(69):         pi[A[i]] = i
s043089401.py(65):     for i in range(N):
s043089401.py(66):         l = pi[A[i]]
s043089401.py(67):         if l != -1:
s043089401.py(69):         pi[A[i]] = i
s043089401.py(65):     for i in range(N):
s043089401.py(71):     qs = [[] for i in range(N)]
 --- modulename: s043089401, funcname: <listcomp>
s043089401.py(71):     qs = [[] for i in range(N)]
s043089401.py(71):     qs = [[] for i in range(N)]
s043089401.py(71):     qs = [[] for i in range(N)]
s043089401.py(71):     qs = [[] for i in range(N)]
s043089401.py(71):     qs = [[] for i in range(N)]
s043089401.py(72):     for i in range(Q):
s043089401.py(73):         l, r = map(lambda x:int(x)-1, input().split())
 --- modulename: s043089401, funcname: <lambda>
s043089401.py(73):         l, r = map(lambda x:int(x)-1, input().split())
 --- modulename: s043089401, funcname: <lambda>
s043089401.py(73):         l, r = map(lambda x:int(x)-1, input().split())
s043089401.py(74):         qs[l].append((r, i))
s043089401.py(72):     for i in range(Q):
s043089401.py(73):         l, r = map(lambda x:int(x)-1, input().split())
 --- modulename: s043089401, funcname: <lambda>
s043089401.py(73):         l, r = map(lambda x:int(x)-1, input().split())
 --- modulename: s043089401, funcname: <lambda>
s043089401.py(73):         l, r = map(lambda x:int(x)-1, input().split())
s043089401.py(74):         qs[l].append((r, i))
s043089401.py(72):     for i in range(Q):
s043089401.py(73):         l, r = map(lambda x:int(x)-1, input().split())
 --- modulename: s043089401, funcname: <lambda>
s043089401.py(73):         l, r = map(lambda x:int(x)-1, input().split())
 --- modulename: s043089401, funcname: <lambda>
s043089401.py(73):         l, r = map(lambda x:int(x)-1, input().split())
s043089401.py(74):         qs[l].append((r, i))
s043089401.py(72):     for i in range(Q):
s043089401.py(76):     BIT = BinaryIndexedTree(N + 1)
 --- modulename: s043089401, funcname: __init__
s043089401.py(5):         n += 1
s043089401.py(6):         nv = 1
s043089401.py(7):         while nv < n:
s043089401.py(8):             nv *= 2
s043089401.py(7):         while nv < n:
s043089401.py(8):             nv *= 2
s043089401.py(7):         while nv < n:
s043089401.py(8):             nv *= 2
s043089401.py(7):         while nv < n:
s043089401.py(9):         self.size = nv
s043089401.py(10):         self.tree = [0] * nv
s043089401.py(77):     ans = [0] * Q
s043089401.py(79):     for x in range(N - 1, -1, -1):
s043089401.py(80):         for y in ps[x]:
s043089401.py(83):         for r, i in qs[x]:
s043089401.py(79):     for x in range(N - 1, -1, -1):
s043089401.py(80):         for y in ps[x]:
s043089401.py(83):         for r, i in qs[x]:
s043089401.py(84):             ans[i] = (r - x + 1) - BIT.sum(r)
 --- modulename: s043089401, funcname: sum
s043089401.py(14):         s = 0
s043089401.py(15):         i += 1
s043089401.py(16):         while i > 0:
s043089401.py(17):             s += self.tree[i - 1]
s043089401.py(18):             i -= i & -i
s043089401.py(16):         while i > 0:
s043089401.py(17):             s += self.tree[i - 1]
s043089401.py(18):             i -= i & -i
s043089401.py(16):         while i > 0:
s043089401.py(19):         return s
s043089401.py(83):         for r, i in qs[x]:
s043089401.py(79):     for x in range(N - 1, -1, -1):
s043089401.py(80):         for y in ps[x]:
s043089401.py(83):         for r, i in qs[x]:
s043089401.py(84):             ans[i] = (r - x + 1) - BIT.sum(r)
 --- modulename: s043089401, funcname: sum
s043089401.py(14):         s = 0
s043089401.py(15):         i += 1
s043089401.py(16):         while i > 0:
s043089401.py(17):             s += self.tree[i - 1]
s043089401.py(18):             i -= i & -i
s043089401.py(16):         while i > 0:
s043089401.py(19):         return s
s043089401.py(83):         for r, i in qs[x]:
s043089401.py(79):     for x in range(N - 1, -1, -1):
s043089401.py(80):         for y in ps[x]:
s043089401.py(81):             BIT.add(y, 1)
 --- modulename: s043089401, funcname: add
s043089401.py(23):         i += 1
s043089401.py(24):         while i <= self.size:
s043089401.py(25):             self.tree[i - 1] += x
s043089401.py(26):             i += i & -i
s043089401.py(24):         while i <= self.size:
s043089401.py(25):             self.tree[i - 1] += x
s043089401.py(26):             i += i & -i
s043089401.py(24):         while i <= self.size:
s043089401.py(25):             self.tree[i - 1] += x
s043089401.py(26):             i += i & -i
s043089401.py(24):         while i <= self.size:
s043089401.py(80):         for y in ps[x]:
s043089401.py(83):         for r, i in qs[x]:
s043089401.py(84):             ans[i] = (r - x + 1) - BIT.sum(r)
 --- modulename: s043089401, funcname: sum
s043089401.py(14):         s = 0
s043089401.py(15):         i += 1
s043089401.py(16):         while i > 0:
s043089401.py(17):             s += self.tree[i - 1]
s043089401.py(18):             i -= i & -i
s043089401.py(16):         while i > 0:
s043089401.py(17):             s += self.tree[i - 1]
s043089401.py(18):             i -= i & -i
s043089401.py(16):         while i > 0:
s043089401.py(19):         return s
s043089401.py(83):         for r, i in qs[x]:
s043089401.py(79):     for x in range(N - 1, -1, -1):
s043089401.py(86):     print(*ans, sep="\n")
2
3
1
