 --- modulename: s053375588, funcname: <module>
s053375588.py(3): import sys
s053375588.py(26): def main():
s053375588.py(53): if __name__ == "__main__":
s053375588.py(54):     main()
 --- modulename: s053375588, funcname: main
s053375588.py(27):     mod = 1000000007                # 10^9+7
s053375588.py(28):     inf = float('inf')              # sys.float_info.max = 1.79...e+308
s053375588.py(30):     sys.setrecursionlimit(10**6)    # 1000 -> 1000000
s053375588.py(31):     def input(): return sys.stdin.readline().rstrip()
s053375588.py(32):     def ii():    return int(input())
s053375588.py(33):     def mi():    return map(int, input().split())
s053375588.py(34):     def mi_0():  return map(lambda x: int(x)-1, input().split())
s053375588.py(35):     def lmi():   return list(map(int, input().split()))
s053375588.py(36):     def lmi_0(): return list(map(lambda x: int(x)-1, input().split()))
s053375588.py(37):     def li():    return list(input())
s053375588.py(40):     n, k = mi()
 --- modulename: s053375588, funcname: mi
s053375588.py(33):     def mi():    return map(int, input().split())
 --- modulename: s053375588, funcname: input
s053375588.py(31):     def input(): return sys.stdin.readline().rstrip()
 --- modulename: codecs, funcname: getstate
codecs.py(333):         return (self.buffer, 0)
 --- modulename: codecs, funcname: decode
codecs.py(321):         data = self.buffer + input
codecs.py(322):         (result, consumed) = self._buffer_decode(data, self.errors, final)
codecs.py(324):         self.buffer = data[consumed:]
codecs.py(325):         return result
s053375588.py(41):     L = lmi()
 --- modulename: s053375588, funcname: lmi
s053375588.py(35):     def lmi():   return list(map(int, input().split()))
 --- modulename: s053375588, funcname: input
s053375588.py(31):     def input(): return sys.stdin.readline().rstrip()
s053375588.py(42):     ans = 2 ** 64 - 1
s053375588.py(43):     for i in range(n - (k - 1)):
s053375588.py(44):         if L[i+k-1] <= 0:
s053375588.py(46):         elif L[i] >= 0:
s053375588.py(49):             cost = L[i+k-1] - L[i] + min(abs(L[i]), L[i+k-1])
s053375588.py(50):         ans = min(ans, cost)
s053375588.py(43):     for i in range(n - (k - 1)):
s053375588.py(44):         if L[i+k-1] <= 0:
s053375588.py(46):         elif L[i] >= 0:
s053375588.py(49):             cost = L[i+k-1] - L[i] + min(abs(L[i]), L[i+k-1])
s053375588.py(50):         ans = min(ans, cost)
s053375588.py(43):     for i in range(n - (k - 1)):
s053375588.py(44):         if L[i+k-1] <= 0:
s053375588.py(46):         elif L[i] >= 0:
s053375588.py(47):             cost = L[i+k-1]
s053375588.py(50):         ans = min(ans, cost)
s053375588.py(43):     for i in range(n - (k - 1)):
s053375588.py(51):     print(ans)
40
