 --- modulename: s565131715, funcname: <module>
s565131715.py(1): import sys
s565131715.py(2): sys.setrecursionlimit(10**9)
s565131715.py(3): INF=10**18
s565131715.py(4): MOD=10**9+7
s565131715.py(5): def input(): return sys.stdin.readline().rstrip()
s565131715.py(7): def main():
s565131715.py(39): if __name__ == '__main__':
s565131715.py(40):     main()
 --- modulename: s565131715, funcname: main
s565131715.py(8):     N,a,b=map(int,input().split())
 --- modulename: s565131715, funcname: input
s565131715.py(5): def input(): return sys.stdin.readline().rstrip()
 --- modulename: codecs, funcname: getstate
codecs.py(333):         return (self.buffer, 0)
 --- modulename: codecs, funcname: decode
codecs.py(321):         data = self.buffer + input
codecs.py(322):         (result, consumed) = self._buffer_decode(data, self.errors, final)
codecs.py(324):         self.buffer = data[consumed:]
codecs.py(325):         return result
s565131715.py(9):     def modinv(a, mod):
s565131715.py(22):     def COM(N,k):
s565131715.py(33):     ans=pow(2,N,MOD)-1-COM(N,a)-COM(N,b)
 --- modulename: s565131715, funcname: COM
s565131715.py(23):         tmp=1
s565131715.py(24):         k=min(k,N-k)
s565131715.py(25):         for i in range(N,N-k,-1):
s565131715.py(26):             tmp*=i
s565131715.py(27):             tmp%=MOD
s565131715.py(25):         for i in range(N,N-k,-1):
s565131715.py(28):         for i in range(1,k+1):
s565131715.py(29):             tmp*=modinv(i,MOD)
 --- modulename: s565131715, funcname: modinv
s565131715.py(10):         b,u,v = mod,1,0
s565131715.py(11):         while b:
s565131715.py(12):             t=a//b
s565131715.py(13):             a-=t*b
s565131715.py(14):             a,b=b,a
s565131715.py(15):             u-=t*v
s565131715.py(16):             u,v=v,u
s565131715.py(11):         while b:
s565131715.py(12):             t=a//b
s565131715.py(13):             a-=t*b
s565131715.py(14):             a,b=b,a
s565131715.py(15):             u-=t*v
s565131715.py(16):             u,v=v,u
s565131715.py(11):         while b:
s565131715.py(17):         u%=mod
s565131715.py(18):         if u < 0:
s565131715.py(20):         return u
s565131715.py(30):             tmp%=MOD
s565131715.py(28):         for i in range(1,k+1):
s565131715.py(31):         return tmp
 --- modulename: s565131715, funcname: COM
s565131715.py(23):         tmp=1
s565131715.py(24):         k=min(k,N-k)
s565131715.py(25):         for i in range(N,N-k,-1):
s565131715.py(26):             tmp*=i
s565131715.py(27):             tmp%=MOD
s565131715.py(25):         for i in range(N,N-k,-1):
s565131715.py(28):         for i in range(1,k+1):
s565131715.py(29):             tmp*=modinv(i,MOD)
 --- modulename: s565131715, funcname: modinv
s565131715.py(10):         b,u,v = mod,1,0
s565131715.py(11):         while b:
s565131715.py(12):             t=a//b
s565131715.py(13):             a-=t*b
s565131715.py(14):             a,b=b,a
s565131715.py(15):             u-=t*v
s565131715.py(16):             u,v=v,u
s565131715.py(11):         while b:
s565131715.py(12):             t=a//b
s565131715.py(13):             a-=t*b
s565131715.py(14):             a,b=b,a
s565131715.py(15):             u-=t*v
s565131715.py(16):             u,v=v,u
s565131715.py(11):         while b:
s565131715.py(17):         u%=mod
s565131715.py(18):         if u < 0:
s565131715.py(20):         return u
s565131715.py(30):             tmp%=MOD
s565131715.py(28):         for i in range(1,k+1):
s565131715.py(31):         return tmp
s565131715.py(34):     while ans<0:
s565131715.py(36):     print(ans)
7
