 --- modulename: s566664126, funcname: <module>
s566664126.py(2): import sys
s566664126.py(3): INF = float("inf")
s566664126.py(6): def solve(N: int, M: int, A: "List[int]", B: "List[int]", C: "List[int]"):
s566664126.py(25): def main():
s566664126.py(43): if __name__ == '__main__':
s566664126.py(44):     main()
 --- modulename: s566664126, funcname: main
s566664126.py(27):     def iterate_tokens():
s566664126.py(31):     tokens = iterate_tokens()
s566664126.py(32):     N = int(next(tokens))  # type: int
 --- modulename: s566664126, funcname: iterate_tokens
s566664126.py(28):         for line in sys.stdin:
 --- modulename: codecs, funcname: decode
codecs.py(321):         data = self.buffer + input
codecs.py(322):         (result, consumed) = self._buffer_decode(data, self.errors, final)
codecs.py(324):         self.buffer = data[consumed:]
codecs.py(325):         return result
s566664126.py(29):             for word in line.split():
s566664126.py(30):                 yield word
s566664126.py(33):     M = int(next(tokens))  # type: int
 --- modulename: s566664126, funcname: iterate_tokens
s566664126.py(29):             for word in line.split():
s566664126.py(30):                 yield word
s566664126.py(34):     A = [int(next(tokens)) for _ in range(N)]  # type: "List[int]"
 --- modulename: s566664126, funcname: <listcomp>
s566664126.py(34):     A = [int(next(tokens)) for _ in range(N)]  # type: "List[int]"
 --- modulename: s566664126, funcname: iterate_tokens
s566664126.py(29):             for word in line.split():
s566664126.py(28):         for line in sys.stdin:
s566664126.py(29):             for word in line.split():
s566664126.py(30):                 yield word
s566664126.py(34):     A = [int(next(tokens)) for _ in range(N)]  # type: "List[int]"
 --- modulename: s566664126, funcname: iterate_tokens
s566664126.py(29):             for word in line.split():
s566664126.py(30):                 yield word
s566664126.py(34):     A = [int(next(tokens)) for _ in range(N)]  # type: "List[int]"
 --- modulename: s566664126, funcname: iterate_tokens
s566664126.py(29):             for word in line.split():
s566664126.py(30):                 yield word
s566664126.py(34):     A = [int(next(tokens)) for _ in range(N)]  # type: "List[int]"
s566664126.py(35):     B = [int()] * (M)  # type: "List[int]"
s566664126.py(36):     C = [int()] * (M)  # type: "List[int]"
s566664126.py(37):     for i in range(M):
s566664126.py(38):         B[i] = int(next(tokens))
 --- modulename: s566664126, funcname: iterate_tokens
s566664126.py(29):             for word in line.split():
s566664126.py(28):         for line in sys.stdin:
s566664126.py(29):             for word in line.split():
s566664126.py(30):                 yield word
s566664126.py(39):         C[i] = int(next(tokens))
 --- modulename: s566664126, funcname: iterate_tokens
s566664126.py(29):             for word in line.split():
s566664126.py(30):                 yield word
s566664126.py(37):     for i in range(M):
s566664126.py(38):         B[i] = int(next(tokens))
 --- modulename: s566664126, funcname: iterate_tokens
s566664126.py(29):             for word in line.split():
s566664126.py(28):         for line in sys.stdin:
s566664126.py(29):             for word in line.split():
s566664126.py(30):                 yield word
s566664126.py(39):         C[i] = int(next(tokens))
 --- modulename: s566664126, funcname: iterate_tokens
s566664126.py(29):             for word in line.split():
s566664126.py(30):                 yield word
s566664126.py(37):     for i in range(M):
s566664126.py(40):     solve(N, M, A, B, C)
 --- modulename: s566664126, funcname: solve
s566664126.py(7):     A.sort()                    # 昇順 O(NlongN)
s566664126.py(8):     BC = list(zip(B, C))
s566664126.py(9):     BC.sort(key=lambda x: x[1])  # 昇順 MlogM
 --- modulename: s566664126, funcname: <lambda>
s566664126.py(9):     BC.sort(key=lambda x: x[1])  # 昇順 MlogM
 --- modulename: s566664126, funcname: <lambda>
s566664126.py(9):     BC.sort(key=lambda x: x[1])  # 昇順 MlogM
s566664126.py(11):     s = 0
s566664126.py(12):     Cs = []
s566664126.py(13):     for i, a in enumerate(A):
s566664126.py(14):         if len(Cs) == 0:
s566664126.py(15):             if len(BC) == 0:
s566664126.py(18):             b, c = BC.pop(-1)
s566664126.py(19):             Cs.extend([c]*b)
s566664126.py(20):         s += max(Cs.pop(), a)
s566664126.py(13):     for i, a in enumerate(A):
s566664126.py(14):         if len(Cs) == 0:
s566664126.py(15):             if len(BC) == 0:
s566664126.py(18):             b, c = BC.pop(-1)
s566664126.py(19):             Cs.extend([c]*b)
s566664126.py(20):         s += max(Cs.pop(), a)
s566664126.py(13):     for i, a in enumerate(A):
s566664126.py(14):         if len(Cs) == 0:
s566664126.py(20):         s += max(Cs.pop(), a)
s566664126.py(13):     for i, a in enumerate(A):
s566664126.py(21):     print(s)
14
s566664126.py(22):     return
 --- modulename: s566664126, funcname: iterate_tokens
