 --- modulename: s571857355, funcname: <module>
s571857355.py(1): mod = 1000000007
s571857355.py(3): def add(a, b):
s571857355.py(6): def sub(a, b):
s571857355.py(9): def mul(a, b):
s571857355.py(12): a = []
s571857355.py(13): N, M = map(int, input().split())
 --- modulename: codecs, funcname: getstate
codecs.py(333):         return (self.buffer, 0)
 --- modulename: codecs, funcname: decode
codecs.py(321):         data = self.buffer + input
codecs.py(322):         (result, consumed) = self._buffer_decode(data, self.errors, final)
codecs.py(324):         self.buffer = data[consumed:]
codecs.py(325):         return result
s571857355.py(14): for i in range(M):
s571857355.py(15):     a.append(int(input()))
s571857355.py(14): for i in range(M):
s571857355.py(17): def main():
s571857355.py(58): if __name__ == "__main__":
s571857355.py(59):   main()
 --- modulename: s571857355, funcname: main
s571857355.py(18):   results = []
s571857355.py(20):   flag = True
s571857355.py(22):   for m in range(1, M):
s571857355.py(27):   flag_end = True
s571857355.py(28):   if M == 0:
s571857355.py(31):   def Fib(n):
s571857355.py(42):   if flag and flag_end:
s571857355.py(43):       for m in range(M):
s571857355.py(44):           if m == 0:
s571857355.py(45):               results.append(Fib(a[m] + 1))
 --- modulename: s571857355, funcname: Fib
s571857355.py(32):       a, b = 0, 1
s571857355.py(33):       if n == 1:
s571857355.py(35):       elif n == 2:
s571857355.py(38):           for i in range(n-2):
s571857355.py(39):               a, b = b, a + b
s571857355.py(38):           for i in range(n-2):
s571857355.py(39):               a, b = b, a + b
s571857355.py(38):           for i in range(n-2):
s571857355.py(40):           return b
s571857355.py(43):       for m in range(M):
s571857355.py(48):       results.append(Fib(N - a[m] + 1))
 --- modulename: s571857355, funcname: Fib
s571857355.py(32):       a, b = 0, 1
s571857355.py(33):       if n == 1:
s571857355.py(35):       elif n == 2:
s571857355.py(38):           for i in range(n-2):
s571857355.py(39):               a, b = b, a + b
s571857355.py(38):           for i in range(n-2):
s571857355.py(39):               a, b = b, a + b
s571857355.py(38):           for i in range(n-2):
s571857355.py(40):           return b
s571857355.py(49):       result = 1
s571857355.py(50):       for i in range(len(results)):
s571857355.py(51):           result = mul(result, results[i])
 --- modulename: s571857355, funcname: mul
s571857355.py(10):     return ((a % mod) * (b % mod)) % mod
s571857355.py(50):       for i in range(len(results)):
s571857355.py(51):           result = mul(result, results[i])
 --- modulename: s571857355, funcname: mul
s571857355.py(10):     return ((a % mod) * (b % mod)) % mod
s571857355.py(50):       for i in range(len(results)):
s571857355.py(52):       print(result % mod)
4
