 --- modulename: s574901434, funcname: <module>
s574901434.py(1): import sys
s574901434.py(3): def LI(): return list(map(int,sys.stdin.readline().rstrip().split()))  #空白あり
s574901434.py(5): N,M,P = LI()
 --- modulename: s574901434, funcname: LI
s574901434.py(3): def LI(): return list(map(int,sys.stdin.readline().rstrip().split()))  #空白あり
 --- modulename: codecs, funcname: getstate
codecs.py(333):         return (self.buffer, 0)
 --- modulename: codecs, funcname: decode
codecs.py(321):         data = self.buffer + input
codecs.py(322):         (result, consumed) = self._buffer_decode(data, self.errors, final)
codecs.py(324):         self.buffer = data[consumed:]
codecs.py(325):         return result
s574901434.py(7): import collections
s574901434.py(9): class BellmanFord():
 --- modulename: s574901434, funcname: BellmanFord
s574901434.py(9): class BellmanFord():
s574901434.py(10):     def __init__(self,N):  # Nは頂点の個数
s574901434.py(13):     def add(self,u,v,d,directed = False):
s574901434.py(19):     def BellmanFord_negative_bool2(self,s,t):  # sから辿り着ける負の閉路で、tにたどり着けるものは存在するか
s574901434.py(41): G = BellmanFord(N)
 --- modulename: s574901434, funcname: __init__
s574901434.py(11):         self.N = N
s574901434.py(12):         self.e = collections.defaultdict(list)
s574901434.py(43): for i in range(M):
s574901434.py(44):     a,b,c = LI()
 --- modulename: s574901434, funcname: LI
s574901434.py(3): def LI(): return list(map(int,sys.stdin.readline().rstrip().split()))  #空白あり
s574901434.py(45):     G.add(a,b,P-c,directed=True)
 --- modulename: s574901434, funcname: add
s574901434.py(14):         if directed is False:  # 無向グラフの場合
s574901434.py(18):             self.e[u].append((v,d))
s574901434.py(43): for i in range(M):
s574901434.py(44):     a,b,c = LI()
 --- modulename: s574901434, funcname: LI
s574901434.py(3): def LI(): return list(map(int,sys.stdin.readline().rstrip().split()))  #空白あり
s574901434.py(45):     G.add(a,b,P-c,directed=True)
 --- modulename: s574901434, funcname: add
s574901434.py(14):         if directed is False:  # 無向グラフの場合
s574901434.py(18):             self.e[u].append((v,d))
s574901434.py(43): for i in range(M):
s574901434.py(44):     a,b,c = LI()
 --- modulename: s574901434, funcname: LI
s574901434.py(3): def LI(): return list(map(int,sys.stdin.readline().rstrip().split()))  #空白あり
s574901434.py(45):     G.add(a,b,P-c,directed=True)
 --- modulename: s574901434, funcname: add
s574901434.py(14):         if directed is False:  # 無向グラフの場合
s574901434.py(18):             self.e[u].append((v,d))
s574901434.py(43): for i in range(M):
s574901434.py(47): bool,d = G.BellmanFord_negative_bool2(1,N)
 --- modulename: s574901434, funcname: BellmanFord_negative_bool2
s574901434.py(20):         d = collections.defaultdict(lambda: float('inf'))
s574901434.py(21):         d[s] = 0
s574901434.py(22):         for i in range(self.N):
s574901434.py(23):             for u in self.e.keys():
s574901434.py(24):                 for v,c in self.e[u]:
s574901434.py(25):                     if d[v] > d[u] + c:
 --- modulename: s574901434, funcname: <lambda>
s574901434.py(20):         d = collections.defaultdict(lambda: float('inf'))
s574901434.py(26):                         if i != self.N - 1:
s574901434.py(27):                             d[v] = d[u] + c
s574901434.py(24):                 for v,c in self.e[u]:
s574901434.py(25):                     if d[v] > d[u] + c:
 --- modulename: s574901434, funcname: <lambda>
s574901434.py(20):         d = collections.defaultdict(lambda: float('inf'))
s574901434.py(26):                         if i != self.N - 1:
s574901434.py(27):                             d[v] = d[u] + c
s574901434.py(24):                 for v,c in self.e[u]:
s574901434.py(23):             for u in self.e.keys():
s574901434.py(24):                 for v,c in self.e[u]:
s574901434.py(25):                     if d[v] > d[u] + c:
s574901434.py(24):                 for v,c in self.e[u]:
s574901434.py(23):             for u in self.e.keys():
s574901434.py(22):         for i in range(self.N):
s574901434.py(23):             for u in self.e.keys():
s574901434.py(24):                 for v,c in self.e[u]:
s574901434.py(25):                     if d[v] > d[u] + c:
s574901434.py(24):                 for v,c in self.e[u]:
s574901434.py(25):                     if d[v] > d[u] + c:
s574901434.py(24):                 for v,c in self.e[u]:
s574901434.py(23):             for u in self.e.keys():
s574901434.py(24):                 for v,c in self.e[u]:
s574901434.py(25):                     if d[v] > d[u] + c:
s574901434.py(24):                 for v,c in self.e[u]:
s574901434.py(23):             for u in self.e.keys():
s574901434.py(22):         for i in range(self.N):
s574901434.py(23):             for u in self.e.keys():
s574901434.py(24):                 for v,c in self.e[u]:
s574901434.py(25):                     if d[v] > d[u] + c:
s574901434.py(24):                 for v,c in self.e[u]:
s574901434.py(25):                     if d[v] > d[u] + c:
s574901434.py(24):                 for v,c in self.e[u]:
s574901434.py(23):             for u in self.e.keys():
s574901434.py(24):                 for v,c in self.e[u]:
s574901434.py(25):                     if d[v] > d[u] + c:
s574901434.py(24):                 for v,c in self.e[u]:
s574901434.py(23):             for u in self.e.keys():
s574901434.py(22):         for i in range(self.N):
s574901434.py(39):         return False,d
s574901434.py(49): if not bool:
s574901434.py(50):     print(max(0,-d[N]))
35
