 --- modulename: s576213323, funcname: <module>
s576213323.py(1): import sys
s576213323.py(2): stdin = sys.stdin
s576213323.py(4): sys.setrecursionlimit(10 ** 7)
s576213323.py(6): def li(): return map(int, stdin.readline().split())
s576213323.py(7): def li_(): return map(lambda x: int(x) - 1, stdin.readline().split())
s576213323.py(8): def lf(): return map(float, stdin.readline().split())
s576213323.py(9): def ls(): return stdin.readline().split()
s576213323.py(10): def ns(): return stdin.readline().rstrip()
s576213323.py(11): def lc(): return list(ns())
s576213323.py(12): def ni(): return int(stdin.readline())
s576213323.py(13): def nf(): return float(stdin.readline())
s576213323.py(16): def dfs(graph: list, node: int, start: int) -> list:
s576213323.py(39): n, m, p = li()
 --- modulename: s576213323, funcname: li
s576213323.py(6): def li(): return map(int, stdin.readline().split())
 --- modulename: codecs, funcname: getstate
codecs.py(333):         return (self.buffer, 0)
 --- modulename: codecs, funcname: decode
codecs.py(321):         data = self.buffer + input
codecs.py(322):         (result, consumed) = self._buffer_decode(data, self.errors, final)
codecs.py(324):         self.buffer = data[consumed:]
codecs.py(325):         return result
s576213323.py(40): edges = []
s576213323.py(41): for _ in range(m):
s576213323.py(42):     ai, bi, ci = li()
 --- modulename: s576213323, funcname: li
s576213323.py(6): def li(): return map(int, stdin.readline().split())
s576213323.py(43):     ai -= 1
s576213323.py(44):     bi -= 1
s576213323.py(45):     ci -= p
s576213323.py(46):     edges.append((ai, bi, ci))
s576213323.py(41): for _ in range(m):
s576213323.py(42):     ai, bi, ci = li()
 --- modulename: s576213323, funcname: li
s576213323.py(6): def li(): return map(int, stdin.readline().split())
s576213323.py(43):     ai -= 1
s576213323.py(44):     bi -= 1
s576213323.py(45):     ci -= p
s576213323.py(46):     edges.append((ai, bi, ci))
s576213323.py(41): for _ in range(m):
s576213323.py(42):     ai, bi, ci = li()
 --- modulename: s576213323, funcname: li
s576213323.py(6): def li(): return map(int, stdin.readline().split())
s576213323.py(43):     ai -= 1
s576213323.py(44):     bi -= 1
s576213323.py(45):     ci -= p
s576213323.py(46):     edges.append((ai, bi, ci))
s576213323.py(41): for _ in range(m):
s576213323.py(49): one2n = [[] for _ in range(n)]
 --- modulename: s576213323, funcname: <listcomp>
s576213323.py(49): one2n = [[] for _ in range(n)]
s576213323.py(49): one2n = [[] for _ in range(n)]
s576213323.py(49): one2n = [[] for _ in range(n)]
s576213323.py(49): one2n = [[] for _ in range(n)]
s576213323.py(50): n2one = [[] for _ in range(n)]
 --- modulename: s576213323, funcname: <listcomp>
s576213323.py(50): n2one = [[] for _ in range(n)]
s576213323.py(50): n2one = [[] for _ in range(n)]
s576213323.py(50): n2one = [[] for _ in range(n)]
s576213323.py(50): n2one = [[] for _ in range(n)]
s576213323.py(51): for ai, bi, _ in edges:
s576213323.py(52):     one2n[ai].append((ci, bi))
s576213323.py(53):     n2one[bi].append((ci, ai))
s576213323.py(51): for ai, bi, _ in edges:
s576213323.py(52):     one2n[ai].append((ci, bi))
s576213323.py(53):     n2one[bi].append((ci, ai))
s576213323.py(51): for ai, bi, _ in edges:
s576213323.py(52):     one2n[ai].append((ci, bi))
s576213323.py(53):     n2one[bi].append((ci, ai))
s576213323.py(51): for ai, bi, _ in edges:
s576213323.py(56): one2n_dist = dfs(one2n, n, 0)
 --- modulename: s576213323, funcname: dfs
s576213323.py(18):     INF = float("inf")
s576213323.py(19):     dist = [INF] * node
s576213323.py(22):     dist[start] = 0
s576213323.py(23):     stack = [(0, start)]
s576213323.py(25):     while stack:
s576213323.py(26):         cost, cur_node = stack.pop()
s576213323.py(29):         for nex_cost, nex_node in graph[cur_node]:
s576213323.py(30):             if dist[nex_node] != INF:
s576213323.py(33):                 dist[nex_node] = dist[cur_node] + nex_cost
s576213323.py(34):                 stack.append((dist[nex_node], nex_node))
s576213323.py(29):         for nex_cost, nex_node in graph[cur_node]:
s576213323.py(30):             if dist[nex_node] != INF:
s576213323.py(33):                 dist[nex_node] = dist[cur_node] + nex_cost
s576213323.py(34):                 stack.append((dist[nex_node], nex_node))
s576213323.py(29):         for nex_cost, nex_node in graph[cur_node]:
s576213323.py(25):     while stack:
s576213323.py(26):         cost, cur_node = stack.pop()
s576213323.py(29):         for nex_cost, nex_node in graph[cur_node]:
s576213323.py(25):     while stack:
s576213323.py(26):         cost, cur_node = stack.pop()
s576213323.py(29):         for nex_cost, nex_node in graph[cur_node]:
s576213323.py(30):             if dist[nex_node] != INF:
s576213323.py(31):                 continue
s576213323.py(29):         for nex_cost, nex_node in graph[cur_node]:
s576213323.py(25):     while stack:
s576213323.py(36):     return dist
s576213323.py(57): one2n_reachable = set()
s576213323.py(58): for i, di in enumerate(one2n_dist):
s576213323.py(59):     if di != float('inf'):
s576213323.py(60):         one2n_reachable.add(i)
s576213323.py(58): for i, di in enumerate(one2n_dist):
s576213323.py(59):     if di != float('inf'):
s576213323.py(60):         one2n_reachable.add(i)
s576213323.py(58): for i, di in enumerate(one2n_dist):
s576213323.py(59):     if di != float('inf'):
s576213323.py(60):         one2n_reachable.add(i)
s576213323.py(58): for i, di in enumerate(one2n_dist):
s576213323.py(63): n2one_dist = dfs(n2one, n, n-1)
 --- modulename: s576213323, funcname: dfs
s576213323.py(18):     INF = float("inf")
s576213323.py(19):     dist = [INF] * node
s576213323.py(22):     dist[start] = 0
s576213323.py(23):     stack = [(0, start)]
s576213323.py(25):     while stack:
s576213323.py(26):         cost, cur_node = stack.pop()
s576213323.py(29):         for nex_cost, nex_node in graph[cur_node]:
s576213323.py(30):             if dist[nex_node] != INF:
s576213323.py(33):                 dist[nex_node] = dist[cur_node] + nex_cost
s576213323.py(34):                 stack.append((dist[nex_node], nex_node))
s576213323.py(29):         for nex_cost, nex_node in graph[cur_node]:
s576213323.py(30):             if dist[nex_node] != INF:
s576213323.py(33):                 dist[nex_node] = dist[cur_node] + nex_cost
s576213323.py(34):                 stack.append((dist[nex_node], nex_node))
s576213323.py(29):         for nex_cost, nex_node in graph[cur_node]:
s576213323.py(25):     while stack:
s576213323.py(26):         cost, cur_node = stack.pop()
s576213323.py(29):         for nex_cost, nex_node in graph[cur_node]:
s576213323.py(25):     while stack:
s576213323.py(26):         cost, cur_node = stack.pop()
s576213323.py(29):         for nex_cost, nex_node in graph[cur_node]:
s576213323.py(30):             if dist[nex_node] != INF:
s576213323.py(31):                 continue
s576213323.py(29):         for nex_cost, nex_node in graph[cur_node]:
s576213323.py(25):     while stack:
s576213323.py(36):     return dist
s576213323.py(64): n2one_reachable = set()
s576213323.py(65): for i, di in enumerate(n2one_dist):
s576213323.py(66):     if di != float('inf'):
s576213323.py(67):         n2one_reachable.add(i)
s576213323.py(65): for i, di in enumerate(n2one_dist):
s576213323.py(66):     if di != float('inf'):
s576213323.py(67):         n2one_reachable.add(i)
s576213323.py(65): for i, di in enumerate(n2one_dist):
s576213323.py(66):     if di != float('inf'):
s576213323.py(67):         n2one_reachable.add(i)
s576213323.py(65): for i, di in enumerate(n2one_dist):
s576213323.py(69): one2n_path = one2n_reachable & n2one_reachable
s576213323.py(73): INF = float('inf')
s576213323.py(74): dist = [-INF]*n
s576213323.py(75): dist[0] = 0
s576213323.py(77): for _ in range(n):
s576213323.py(78):     for ai, bi, ci in edges:
s576213323.py(79):         if ai in one2n_path and bi in one2n_path and dist[ai] + ci > dist[bi]:
s576213323.py(80):             dist[bi] = dist[ai] + ci
s576213323.py(78):     for ai, bi, ci in edges:
s576213323.py(79):         if ai in one2n_path and bi in one2n_path and dist[ai] + ci > dist[bi]:
s576213323.py(80):             dist[bi] = dist[ai] + ci
s576213323.py(78):     for ai, bi, ci in edges:
s576213323.py(79):         if ai in one2n_path and bi in one2n_path and dist[ai] + ci > dist[bi]:
s576213323.py(80):             dist[bi] = dist[ai] + ci
s576213323.py(78):     for ai, bi, ci in edges:
s576213323.py(77): for _ in range(n):
s576213323.py(78):     for ai, bi, ci in edges:
s576213323.py(79):         if ai in one2n_path and bi in one2n_path and dist[ai] + ci > dist[bi]:
s576213323.py(78):     for ai, bi, ci in edges:
s576213323.py(79):         if ai in one2n_path and bi in one2n_path and dist[ai] + ci > dist[bi]:
s576213323.py(78):     for ai, bi, ci in edges:
s576213323.py(79):         if ai in one2n_path and bi in one2n_path and dist[ai] + ci > dist[bi]:
s576213323.py(78):     for ai, bi, ci in edges:
s576213323.py(77): for _ in range(n):
s576213323.py(78):     for ai, bi, ci in edges:
s576213323.py(79):         if ai in one2n_path and bi in one2n_path and dist[ai] + ci > dist[bi]:
s576213323.py(78):     for ai, bi, ci in edges:
s576213323.py(79):         if ai in one2n_path and bi in one2n_path and dist[ai] + ci > dist[bi]:
s576213323.py(78):     for ai, bi, ci in edges:
s576213323.py(79):         if ai in one2n_path and bi in one2n_path and dist[ai] + ci > dist[bi]:
s576213323.py(78):     for ai, bi, ci in edges:
s576213323.py(77): for _ in range(n):
s576213323.py(82): aftern = dist[n-1]
s576213323.py(84): modified = False
s576213323.py(85): for _ in range(n):
s576213323.py(86):     for ai, bi, ci in edges:
s576213323.py(87):         if ai in one2n_path and bi in one2n_path and dist[ai] + ci > dist[bi]:
s576213323.py(86):     for ai, bi, ci in edges:
s576213323.py(87):         if ai in one2n_path and bi in one2n_path and dist[ai] + ci > dist[bi]:
s576213323.py(86):     for ai, bi, ci in edges:
s576213323.py(87):         if ai in one2n_path and bi in one2n_path and dist[ai] + ci > dist[bi]:
s576213323.py(86):     for ai, bi, ci in edges:
s576213323.py(85): for _ in range(n):
s576213323.py(86):     for ai, bi, ci in edges:
s576213323.py(87):         if ai in one2n_path and bi in one2n_path and dist[ai] + ci > dist[bi]:
s576213323.py(86):     for ai, bi, ci in edges:
s576213323.py(87):         if ai in one2n_path and bi in one2n_path and dist[ai] + ci > dist[bi]:
s576213323.py(86):     for ai, bi, ci in edges:
s576213323.py(87):         if ai in one2n_path and bi in one2n_path and dist[ai] + ci > dist[bi]:
s576213323.py(86):     for ai, bi, ci in edges:
s576213323.py(85): for _ in range(n):
s576213323.py(86):     for ai, bi, ci in edges:
s576213323.py(87):         if ai in one2n_path and bi in one2n_path and dist[ai] + ci > dist[bi]:
s576213323.py(86):     for ai, bi, ci in edges:
s576213323.py(87):         if ai in one2n_path and bi in one2n_path and dist[ai] + ci > dist[bi]:
s576213323.py(86):     for ai, bi, ci in edges:
s576213323.py(87):         if ai in one2n_path and bi in one2n_path and dist[ai] + ci > dist[bi]:
s576213323.py(86):     for ai, bi, ci in edges:
s576213323.py(85): for _ in range(n):
s576213323.py(92): if modified:
s576213323.py(95):     print(max(0, aftern))
35
