 --- modulename: s578247325, funcname: <module>
s578247325.py(4): n,q=map(int,input().split())
 --- modulename: codecs, funcname: getstate
codecs.py(333):         return (self.buffer, 0)
 --- modulename: codecs, funcname: decode
codecs.py(321):         data = self.buffer + input
codecs.py(322):         (result, consumed) = self._buffer_decode(data, self.errors, final)
codecs.py(324):         self.buffer = data[consumed:]
codecs.py(325):         return result
s578247325.py(5): parents=[i for i in range(n)]
 --- modulename: s578247325, funcname: <listcomp>
s578247325.py(5): parents=[i for i in range(n)]
s578247325.py(5): parents=[i for i in range(n)]
s578247325.py(5): parents=[i for i in range(n)]
s578247325.py(5): parents=[i for i in range(n)]
s578247325.py(5): parents=[i for i in range(n)]
s578247325.py(5): parents=[i for i in range(n)]
s578247325.py(6): deepth=[0 for _ in range(n)]
 --- modulename: s578247325, funcname: <listcomp>
s578247325.py(6): deepth=[0 for _ in range(n)]
s578247325.py(6): deepth=[0 for _ in range(n)]
s578247325.py(6): deepth=[0 for _ in range(n)]
s578247325.py(6): deepth=[0 for _ in range(n)]
s578247325.py(6): deepth=[0 for _ in range(n)]
s578247325.py(6): deepth=[0 for _ in range(n)]
s578247325.py(8): def find(x):
s578247325.py(13): def unite(x,y):
s578247325.py(23): def same(x,y):
s578247325.py(29): for _ in range(q):
s578247325.py(30):     com,x,y=map(int,input().split())
s578247325.py(31):     if com==0:
s578247325.py(32):         unite(x,y)
 --- modulename: s578247325, funcname: unite
s578247325.py(14):     px=find(x)
 --- modulename: s578247325, funcname: find
s578247325.py(9):     if parents[x]==x:
s578247325.py(10):         return x
s578247325.py(15):     py=find(y)
 --- modulename: s578247325, funcname: find
s578247325.py(9):     if parents[x]==x:
s578247325.py(10):         return x
s578247325.py(16):     if deepth[px]>deepth[py]:
s578247325.py(20):         parents[px]=py
s578247325.py(21):         deepth[py]=max(deepth[py],deepth[px]+1)
s578247325.py(33):     if com==1:
s578247325.py(29): for _ in range(q):
s578247325.py(30):     com,x,y=map(int,input().split())
s578247325.py(31):     if com==0:
s578247325.py(32):         unite(x,y)
 --- modulename: s578247325, funcname: unite
s578247325.py(14):     px=find(x)
 --- modulename: s578247325, funcname: find
s578247325.py(9):     if parents[x]==x:
s578247325.py(10):         return x
s578247325.py(15):     py=find(y)
 --- modulename: s578247325, funcname: find
s578247325.py(9):     if parents[x]==x:
s578247325.py(10):         return x
s578247325.py(16):     if deepth[px]>deepth[py]:
s578247325.py(20):         parents[px]=py
s578247325.py(21):         deepth[py]=max(deepth[py],deepth[px]+1)
s578247325.py(33):     if com==1:
s578247325.py(29): for _ in range(q):
s578247325.py(30):     com,x,y=map(int,input().split())
s578247325.py(31):     if com==0:
s578247325.py(33):     if com==1:
s578247325.py(34):         if same(x,y):
 --- modulename: s578247325, funcname: same
s578247325.py(24):     if find(x)==find(y):
 --- modulename: s578247325, funcname: find
s578247325.py(9):     if parents[x]==x:
s578247325.py(11):     return find(parents[x])
 --- modulename: s578247325, funcname: find
s578247325.py(9):     if parents[x]==x:
s578247325.py(10):         return x
 --- modulename: s578247325, funcname: find
s578247325.py(9):     if parents[x]==x:
s578247325.py(11):     return find(parents[x])
 --- modulename: s578247325, funcname: find
s578247325.py(9):     if parents[x]==x:
s578247325.py(10):         return x
s578247325.py(27):         return False
s578247325.py(37):             print(0)
0
s578247325.py(29): for _ in range(q):
s578247325.py(30):     com,x,y=map(int,input().split())
s578247325.py(31):     if com==0:
s578247325.py(33):     if com==1:
s578247325.py(34):         if same(x,y):
 --- modulename: s578247325, funcname: same
s578247325.py(24):     if find(x)==find(y):
 --- modulename: s578247325, funcname: find
s578247325.py(9):     if parents[x]==x:
s578247325.py(10):         return x
 --- modulename: s578247325, funcname: find
s578247325.py(9):     if parents[x]==x:
s578247325.py(10):         return x
s578247325.py(27):         return False
s578247325.py(37):             print(0)
0
s578247325.py(29): for _ in range(q):
s578247325.py(30):     com,x,y=map(int,input().split())
s578247325.py(31):     if com==0:
s578247325.py(33):     if com==1:
s578247325.py(34):         if same(x,y):
 --- modulename: s578247325, funcname: same
s578247325.py(24):     if find(x)==find(y):
 --- modulename: s578247325, funcname: find
s578247325.py(9):     if parents[x]==x:
s578247325.py(11):     return find(parents[x])
 --- modulename: s578247325, funcname: find
s578247325.py(9):     if parents[x]==x:
s578247325.py(10):         return x
 --- modulename: s578247325, funcname: find
s578247325.py(9):     if parents[x]==x:
s578247325.py(10):         return x
s578247325.py(25):         return True
s578247325.py(35):             print(1)
1
s578247325.py(29): for _ in range(q):
s578247325.py(30):     com,x,y=map(int,input().split())
s578247325.py(31):     if com==0:
s578247325.py(33):     if com==1:
s578247325.py(34):         if same(x,y):
 --- modulename: s578247325, funcname: same
s578247325.py(24):     if find(x)==find(y):
 --- modulename: s578247325, funcname: find
s578247325.py(9):     if parents[x]==x:
s578247325.py(10):         return x
 --- modulename: s578247325, funcname: find
s578247325.py(9):     if parents[x]==x:
s578247325.py(11):     return find(parents[x])
 --- modulename: s578247325, funcname: find
s578247325.py(9):     if parents[x]==x:
s578247325.py(10):         return x
s578247325.py(25):         return True
s578247325.py(35):             print(1)
1
s578247325.py(29): for _ in range(q):
s578247325.py(30):     com,x,y=map(int,input().split())
s578247325.py(31):     if com==0:
s578247325.py(32):         unite(x,y)
 --- modulename: s578247325, funcname: unite
s578247325.py(14):     px=find(x)
 --- modulename: s578247325, funcname: find
s578247325.py(9):     if parents[x]==x:
s578247325.py(11):     return find(parents[x])
 --- modulename: s578247325, funcname: find
s578247325.py(9):     if parents[x]==x:
s578247325.py(10):         return x
s578247325.py(15):     py=find(y)
 --- modulename: s578247325, funcname: find
s578247325.py(9):     if parents[x]==x:
s578247325.py(10):         return x
s578247325.py(16):     if deepth[px]>deepth[py]:
s578247325.py(20):         parents[px]=py
s578247325.py(21):         deepth[py]=max(deepth[py],deepth[px]+1)
s578247325.py(33):     if com==1:
s578247325.py(29): for _ in range(q):
s578247325.py(30):     com,x,y=map(int,input().split())
s578247325.py(31):     if com==0:
s578247325.py(33):     if com==1:
s578247325.py(34):         if same(x,y):
 --- modulename: s578247325, funcname: same
s578247325.py(24):     if find(x)==find(y):
 --- modulename: s578247325, funcname: find
s578247325.py(9):     if parents[x]==x:
s578247325.py(11):     return find(parents[x])
 --- modulename: s578247325, funcname: find
s578247325.py(9):     if parents[x]==x:
s578247325.py(10):         return x
 --- modulename: s578247325, funcname: find
s578247325.py(9):     if parents[x]==x:
s578247325.py(11):     return find(parents[x])
 --- modulename: s578247325, funcname: find
s578247325.py(9):     if parents[x]==x:
s578247325.py(10):         return x
s578247325.py(25):         return True
s578247325.py(35):             print(1)
1
s578247325.py(29): for _ in range(q):
s578247325.py(30):     com,x,y=map(int,input().split())
s578247325.py(31):     if com==0:
s578247325.py(33):     if com==1:
s578247325.py(34):         if same(x,y):
 --- modulename: s578247325, funcname: same
s578247325.py(24):     if find(x)==find(y):
 --- modulename: s578247325, funcname: find
s578247325.py(9):     if parents[x]==x:
s578247325.py(10):         return x
 --- modulename: s578247325, funcname: find
s578247325.py(9):     if parents[x]==x:
s578247325.py(10):         return x
s578247325.py(27):         return False
s578247325.py(37):             print(0)
0
s578247325.py(29): for _ in range(q):
s578247325.py(30):     com,x,y=map(int,input().split())
s578247325.py(31):     if com==0:
s578247325.py(32):         unite(x,y)
 --- modulename: s578247325, funcname: unite
s578247325.py(14):     px=find(x)
 --- modulename: s578247325, funcname: find
s578247325.py(9):     if parents[x]==x:
s578247325.py(10):         return x
s578247325.py(15):     py=find(y)
 --- modulename: s578247325, funcname: find
s578247325.py(9):     if parents[x]==x:
s578247325.py(11):     return find(parents[x])
 --- modulename: s578247325, funcname: find
s578247325.py(9):     if parents[x]==x:
s578247325.py(10):         return x
s578247325.py(16):     if deepth[px]>deepth[py]:
s578247325.py(20):         parents[px]=py
s578247325.py(21):         deepth[py]=max(deepth[py],deepth[px]+1)
s578247325.py(33):     if com==1:
s578247325.py(29): for _ in range(q):
s578247325.py(30):     com,x,y=map(int,input().split())
s578247325.py(31):     if com==0:
s578247325.py(33):     if com==1:
s578247325.py(34):         if same(x,y):
 --- modulename: s578247325, funcname: same
s578247325.py(24):     if find(x)==find(y):
 --- modulename: s578247325, funcname: find
s578247325.py(9):     if parents[x]==x:
s578247325.py(11):     return find(parents[x])
 --- modulename: s578247325, funcname: find
s578247325.py(9):     if parents[x]==x:
s578247325.py(10):         return x
 --- modulename: s578247325, funcname: find
s578247325.py(9):     if parents[x]==x:
s578247325.py(11):     return find(parents[x])
 --- modulename: s578247325, funcname: find
s578247325.py(9):     if parents[x]==x:
s578247325.py(10):         return x
s578247325.py(25):         return True
s578247325.py(35):             print(1)
1
s578247325.py(29): for _ in range(q):
s578247325.py(30):     com,x,y=map(int,input().split())
s578247325.py(31):     if com==0:
s578247325.py(33):     if com==1:
s578247325.py(34):         if same(x,y):
 --- modulename: s578247325, funcname: same
s578247325.py(24):     if find(x)==find(y):
 --- modulename: s578247325, funcname: find
s578247325.py(9):     if parents[x]==x:
s578247325.py(10):         return x
 --- modulename: s578247325, funcname: find
s578247325.py(9):     if parents[x]==x:
s578247325.py(11):     return find(parents[x])
 --- modulename: s578247325, funcname: find
s578247325.py(9):     if parents[x]==x:
s578247325.py(10):         return x
s578247325.py(25):         return True
s578247325.py(35):             print(1)
1
s578247325.py(29): for _ in range(q):
