 --- modulename: s579501599, funcname: <module>
s579501599.py(1): import sys
s579501599.py(2): from itertools import starmap
s579501599.py(3): readline = sys.stdin.readline
s579501599.py(4): class Segment(object):
 --- modulename: s579501599, funcname: Segment
s579501599.py(4): class Segment(object):
s579501599.py(5):     __slots__ = ('fi', 'se')
s579501599.py(6):     def __init__(self, fi, se):
s579501599.py(9): def cross(a, b):
s579501599.py(11): def dot(a, b):
s579501599.py(13): def norm(base):
s579501599.py(15): def project(s, p2):
s579501599.py(19): def reflect(s, p):
s579501599.py(21): s = Segment(*starmap(complex, zip(*[map(float, readline().split())] * 2)))
 --- modulename: codecs, funcname: getstate
codecs.py(333):         return (self.buffer, 0)
 --- modulename: codecs, funcname: decode
codecs.py(321):         data = self.buffer + input
codecs.py(322):         (result, consumed) = self._buffer_decode(data, self.errors, final)
codecs.py(324):         self.buffer = data[consumed:]
codecs.py(325):         return result
 --- modulename: s579501599, funcname: __init__
s579501599.py(7):         self.fi = fi
s579501599.py(8):         self.se = se
s579501599.py(22): n = int(readline())
s579501599.py(23): for _ in [0] * n:
s579501599.py(24):     p1 = reflect(s, complex(*map(float, readline().split())))
 --- modulename: s579501599, funcname: reflect
s579501599.py(20):     return p + (project(s, p) - p) * 2.0
 --- modulename: s579501599, funcname: project
s579501599.py(16):     base = s.fi - s.se
s579501599.py(17):     r = dot(p2 - s.fi, base) / norm(base)
 --- modulename: s579501599, funcname: dot
s579501599.py(12):     return a.real * b.real + a.imag * b.imag
 --- modulename: s579501599, funcname: norm
s579501599.py(14):     return abs(base) ** 2
s579501599.py(18):     return s.fi + base * r
s579501599.py(25):     print("{0:.10f} {1:.10f}".format(p1.real, p1.imag))
-1.0000000000 -1.0000000000
s579501599.py(23): for _ in [0] * n:
s579501599.py(24):     p1 = reflect(s, complex(*map(float, readline().split())))
 --- modulename: s579501599, funcname: reflect
s579501599.py(20):     return p + (project(s, p) - p) * 2.0
 --- modulename: s579501599, funcname: project
s579501599.py(16):     base = s.fi - s.se
s579501599.py(17):     r = dot(p2 - s.fi, base) / norm(base)
 --- modulename: s579501599, funcname: dot
s579501599.py(12):     return a.real * b.real + a.imag * b.imag
 --- modulename: s579501599, funcname: norm
s579501599.py(14):     return abs(base) ** 2
s579501599.py(18):     return s.fi + base * r
s579501599.py(25):     print("{0:.10f} {1:.10f}".format(p1.real, p1.imag))
0.0000000000 -1.0000000000
s579501599.py(23): for _ in [0] * n:
s579501599.py(24):     p1 = reflect(s, complex(*map(float, readline().split())))
 --- modulename: s579501599, funcname: reflect
s579501599.py(20):     return p + (project(s, p) - p) * 2.0
 --- modulename: s579501599, funcname: project
s579501599.py(16):     base = s.fi - s.se
s579501599.py(17):     r = dot(p2 - s.fi, base) / norm(base)
 --- modulename: s579501599, funcname: dot
s579501599.py(12):     return a.real * b.real + a.imag * b.imag
 --- modulename: s579501599, funcname: norm
s579501599.py(14):     return abs(base) ** 2
s579501599.py(18):     return s.fi + base * r
s579501599.py(25):     print("{0:.10f} {1:.10f}".format(p1.real, p1.imag))
1.0000000000 -1.0000000000
s579501599.py(23): for _ in [0] * n:
