 --- modulename: s579240802, funcname: <module>
s579240802.py(1): import itertools
s579240802.py(2): import heapq
s579240802.py(3): from heapq import heappush, heappop
s579240802.py(6): def input_graph(N):
s579240802.py(29): def prim(V):
s579240802.py(48): def main():
s579240802.py(56): if __name__ == "__main__":
s579240802.py(57):   main()
 --- modulename: s579240802, funcname: main
s579240802.py(50):   N = int(input())
 --- modulename: codecs, funcname: getstate
codecs.py(333):         return (self.buffer, 0)
 --- modulename: codecs, funcname: decode
codecs.py(321):         data = self.buffer + input
codecs.py(322):         (result, consumed) = self._buffer_decode(data, self.errors, final)
codecs.py(324):         self.buffer = data[consumed:]
codecs.py(325):         return result
s579240802.py(51):   G = [[] for _ in range(N)]
 --- modulename: s579240802, funcname: <listcomp>
s579240802.py(51):   G = [[] for _ in range(N)]
s579240802.py(51):   G = [[] for _ in range(N)]
s579240802.py(51):   G = [[] for _ in range(N)]
s579240802.py(51):   G = [[] for _ in range(N)]
s579240802.py(52):   used = [False for _ in range(N)]
 --- modulename: s579240802, funcname: <listcomp>
s579240802.py(52):   used = [False for _ in range(N)]
s579240802.py(52):   used = [False for _ in range(N)]
s579240802.py(52):   used = [False for _ in range(N)]
s579240802.py(52):   used = [False for _ in range(N)]
s579240802.py(53):   input_graph(N)
 --- modulename: s579240802, funcname: input_graph
s579240802.py(8):   inp_x = []
s579240802.py(9):   inp_y = []
s579240802.py(10):   for i in range(N):
s579240802.py(11):     x, y = map(int, input().split())
s579240802.py(12):     inp_x.append((x, i))
s579240802.py(13):     inp_y.append((y, i))
s579240802.py(10):   for i in range(N):
s579240802.py(11):     x, y = map(int, input().split())
s579240802.py(12):     inp_x.append((x, i))
s579240802.py(13):     inp_y.append((y, i))
s579240802.py(10):   for i in range(N):
s579240802.py(11):     x, y = map(int, input().split())
s579240802.py(12):     inp_x.append((x, i))
s579240802.py(13):     inp_y.append((y, i))
s579240802.py(10):   for i in range(N):
s579240802.py(14):   inp_x.sort()
s579240802.py(15):   inp_y.sort()
s579240802.py(16):   for i in range(N-1):
s579240802.py(17):     xa = inp_x[i][1]
s579240802.py(18):     xb = inp_x[i+1][1]
s579240802.py(19):     ya = inp_y[i][1]
s579240802.py(20):     yb = inp_y[i+1][1]
s579240802.py(21):     cost_x = abs(inp_x[i][0]-inp_x[i+1][0])
s579240802.py(22):     cost_y = abs(inp_y[i][0]-inp_y[i+1][0])
s579240802.py(23):     G[xa] += [(cost_x, xb)]
s579240802.py(24):     G[xb] += [(cost_x, xa)]
s579240802.py(25):     G[ya] += [(cost_y, yb)]
s579240802.py(26):     G[yb] += [(cost_y, ya)]
s579240802.py(16):   for i in range(N-1):
s579240802.py(17):     xa = inp_x[i][1]
s579240802.py(18):     xb = inp_x[i+1][1]
s579240802.py(19):     ya = inp_y[i][1]
s579240802.py(20):     yb = inp_y[i+1][1]
s579240802.py(21):     cost_x = abs(inp_x[i][0]-inp_x[i+1][0])
s579240802.py(22):     cost_y = abs(inp_y[i][0]-inp_y[i+1][0])
s579240802.py(23):     G[xa] += [(cost_x, xb)]
s579240802.py(24):     G[xb] += [(cost_x, xa)]
s579240802.py(25):     G[ya] += [(cost_y, yb)]
s579240802.py(26):     G[yb] += [(cost_y, ya)]
s579240802.py(16):   for i in range(N-1):
s579240802.py(54):   print(prim(N))
 --- modulename: s579240802, funcname: prim
s579240802.py(31):   edgelist = []
s579240802.py(32):   for e in G[0]:
s579240802.py(33):     heappush(edgelist, e)
s579240802.py(32):   for e in G[0]:
s579240802.py(33):     heappush(edgelist, e)
s579240802.py(32):   for e in G[0]:
s579240802.py(34):   used[0] = True
s579240802.py(35):   res = 0
s579240802.py(36):   while edgelist:
s579240802.py(37):     minedge = heappop(edgelist)
s579240802.py(38):     if used[minedge[1]]:
s579240802.py(40):     v = minedge[1]
s579240802.py(41):     used[v] = True 
s579240802.py(42):     for e in G[v]:
s579240802.py(43):       if not used[e[1]]:
s579240802.py(42):     for e in G[v]:
s579240802.py(43):       if not used[e[1]]:
s579240802.py(44):         heappush(edgelist, e)
s579240802.py(42):     for e in G[v]:
s579240802.py(43):       if not used[e[1]]:
s579240802.py(44):         heappush(edgelist, e)
s579240802.py(42):     for e in G[v]:
s579240802.py(45):     res += minedge[0]
s579240802.py(36):   while edgelist:
s579240802.py(37):     minedge = heappop(edgelist)
s579240802.py(38):     if used[minedge[1]]:
s579240802.py(40):     v = minedge[1]
s579240802.py(41):     used[v] = True 
s579240802.py(42):     for e in G[v]:
s579240802.py(43):       if not used[e[1]]:
s579240802.py(42):     for e in G[v]:
s579240802.py(43):       if not used[e[1]]:
s579240802.py(42):     for e in G[v]:
s579240802.py(43):       if not used[e[1]]:
s579240802.py(42):     for e in G[v]:
s579240802.py(45):     res += minedge[0]
s579240802.py(36):   while edgelist:
s579240802.py(37):     minedge = heappop(edgelist)
s579240802.py(38):     if used[minedge[1]]:
s579240802.py(39):       continue 
s579240802.py(36):   while edgelist:
s579240802.py(37):     minedge = heappop(edgelist)
s579240802.py(38):     if used[minedge[1]]:
s579240802.py(39):       continue 
s579240802.py(36):   while edgelist:
s579240802.py(46):   return res
3
