 --- modulename: s752905628, funcname: <module>
s752905628.py(4): """076-c"""
s752905628.py(7): import sys
s752905628.py(9): def kmp(T, P):
s752905628.py(26): def kmp_fail(P):
s752905628.py(43): def main():
s752905628.py(68): if __name__ == '__main__':
s752905628.py(69):     sys.exit(main())
 --- modulename: s752905628, funcname: main
s752905628.py(45):     S_p = input()
 --- modulename: codecs, funcname: getstate
codecs.py(333):         return (self.buffer, 0)
 --- modulename: codecs, funcname: decode
codecs.py(321):         data = self.buffer + input
codecs.py(322):         (result, consumed) = self._buffer_decode(data, self.errors, final)
codecs.py(324):         self.buffer = data[consumed:]
codecs.py(325):         return result
s752905628.py(46):     T = input()
s752905628.py(48):     pos = kmp(S_p, T)
 --- modulename: s752905628, funcname: kmp
s752905628.py(10):     n, m = len(T), len(P)
s752905628.py(11):     j = 0
s752905628.py(12):     k = 0
s752905628.py(13):     fail = kmp_fail(P)
 --- modulename: s752905628, funcname: kmp_fail
s752905628.py(27):     n = len(P)
s752905628.py(28):     fail = [0] * n
s752905628.py(29):     j = 1
s752905628.py(30):     k = 0
s752905628.py(31):     while j < n:
s752905628.py(32):         if P[j] == P[k]:
s752905628.py(36):         elif k > 0:
s752905628.py(39):             j += 1
s752905628.py(31):     while j < n:
s752905628.py(32):         if P[j] == P[k]:
s752905628.py(36):         elif k > 0:
s752905628.py(39):             j += 1
s752905628.py(31):     while j < n:
s752905628.py(32):         if P[j] == P[k]:
s752905628.py(36):         elif k > 0:
s752905628.py(39):             j += 1
s752905628.py(31):     while j < n:
s752905628.py(32):         if P[j] == P[k]:
s752905628.py(36):         elif k > 0:
s752905628.py(39):             j += 1
s752905628.py(31):     while j < n:
s752905628.py(40):     return fail
s752905628.py(14):     while j < n:
s752905628.py(15):         if T[j] == P[k] or T[j] == '?':
s752905628.py(16):             if k == m - 1:
s752905628.py(18):             j += 1
s752905628.py(19):             k += 1
s752905628.py(14):     while j < n:
s752905628.py(15):         if T[j] == P[k] or T[j] == '?':
s752905628.py(20):         elif k > 0:
s752905628.py(21):             k = fail[k-1]
s752905628.py(14):     while j < n:
s752905628.py(15):         if T[j] == P[k] or T[j] == '?':
s752905628.py(20):         elif k > 0:
s752905628.py(23):             j += 1
s752905628.py(14):     while j < n:
s752905628.py(15):         if T[j] == P[k] or T[j] == '?':
s752905628.py(16):             if k == m - 1:
s752905628.py(18):             j += 1
s752905628.py(19):             k += 1
s752905628.py(14):     while j < n:
s752905628.py(15):         if T[j] == P[k] or T[j] == '?':
s752905628.py(16):             if k == m - 1:
s752905628.py(18):             j += 1
s752905628.py(19):             k += 1
s752905628.py(14):     while j < n:
s752905628.py(15):         if T[j] == P[k] or T[j] == '?':
s752905628.py(16):             if k == m - 1:
s752905628.py(18):             j += 1
s752905628.py(19):             k += 1
s752905628.py(14):     while j < n:
s752905628.py(15):         if T[j] == P[k] or T[j] == '?':
s752905628.py(16):             if k == m - 1:
s752905628.py(18):             j += 1
s752905628.py(19):             k += 1
s752905628.py(14):     while j < n:
s752905628.py(15):         if T[j] == P[k] or T[j] == '?':
s752905628.py(16):             if k == m - 1:
s752905628.py(17):                 return j - m + 1
s752905628.py(50):     if pos < 0:
s752905628.py(54):     S_cand = S_p[:pos] + T + S_p[pos+len(T):]
s752905628.py(55):     S_cand = S_cand.replace('?', 'a')
s752905628.py(57):     pos_ = 0
s752905628.py(58):     while pos_ >= 0:
s752905628.py(59):         pos_ = kmp(S_p[pos+1:], T)
 --- modulename: s752905628, funcname: kmp
s752905628.py(10):     n, m = len(T), len(P)
s752905628.py(11):     j = 0
s752905628.py(12):     k = 0
s752905628.py(13):     fail = kmp_fail(P)
 --- modulename: s752905628, funcname: kmp_fail
s752905628.py(27):     n = len(P)
s752905628.py(28):     fail = [0] * n
s752905628.py(29):     j = 1
s752905628.py(30):     k = 0
s752905628.py(31):     while j < n:
s752905628.py(32):         if P[j] == P[k]:
s752905628.py(36):         elif k > 0:
s752905628.py(39):             j += 1
s752905628.py(31):     while j < n:
s752905628.py(32):         if P[j] == P[k]:
s752905628.py(36):         elif k > 0:
s752905628.py(39):             j += 1
s752905628.py(31):     while j < n:
s752905628.py(32):         if P[j] == P[k]:
s752905628.py(36):         elif k > 0:
s752905628.py(39):             j += 1
s752905628.py(31):     while j < n:
s752905628.py(32):         if P[j] == P[k]:
s752905628.py(36):         elif k > 0:
s752905628.py(39):             j += 1
s752905628.py(31):     while j < n:
s752905628.py(40):     return fail
s752905628.py(14):     while j < n:
s752905628.py(15):         if T[j] == P[k] or T[j] == '?':
s752905628.py(16):             if k == m - 1:
s752905628.py(18):             j += 1
s752905628.py(19):             k += 1
s752905628.py(14):     while j < n:
s752905628.py(15):         if T[j] == P[k] or T[j] == '?':
s752905628.py(16):             if k == m - 1:
s752905628.py(18):             j += 1
s752905628.py(19):             k += 1
s752905628.py(14):     while j < n:
s752905628.py(15):         if T[j] == P[k] or T[j] == '?':
s752905628.py(16):             if k == m - 1:
s752905628.py(18):             j += 1
s752905628.py(19):             k += 1
s752905628.py(14):     while j < n:
s752905628.py(15):         if T[j] == P[k] or T[j] == '?':
s752905628.py(16):             if k == m - 1:
s752905628.py(18):             j += 1
s752905628.py(19):             k += 1
s752905628.py(14):     while j < n:
s752905628.py(24):     return -1
s752905628.py(60):         if pos_ >= 0:
s752905628.py(58):     while pos_ >= 0:
s752905628.py(66):     print(S_cand)
atcoder
