 --- modulename: s759259227, funcname: <module>
s759259227.py(1): import sys
s759259227.py(4): def input():
s759259227.py(8): sys.setrecursionlimit(20000000)
s759259227.py(11): class WeightedUnionFind:
 --- modulename: s759259227, funcname: WeightedUnionFind
s759259227.py(11): class WeightedUnionFind:
s759259227.py(12):     def __init__(self, n_nodes):
s759259227.py(20):     def find(self, x):
s759259227.py(30):     def unite(self, x, y, w):
s759259227.py(46):     def check(self, x, y):
s759259227.py(49):     def diff(self, x, y):
s759259227.py(52):     def get_parent_list(self):
s759259227.py(55):     def get_n_groups(self):
s759259227.py(58):     def get_members(self, x):
s759259227.py(62):     def get_members_dict(self):
s759259227.py(66): def main():
s759259227.py(82): if __name__ == "__main__":
s759259227.py(83):     main()
 --- modulename: s759259227, funcname: main
s759259227.py(67):     N, M = map(int, input().split())
 --- modulename: s759259227, funcname: input
s759259227.py(5):     return sys.stdin.readline().strip()
 --- modulename: codecs, funcname: getstate
codecs.py(333):         return (self.buffer, 0)
 --- modulename: codecs, funcname: decode
codecs.py(321):         data = self.buffer + input
codecs.py(322):         (result, consumed) = self._buffer_decode(data, self.errors, final)
codecs.py(324):         self.buffer = data[consumed:]
codecs.py(325):         return result
s759259227.py(68):     Tree = WeightedUnionFind(N)
 --- modulename: s759259227, funcname: __init__
s759259227.py(13):         self.n_nodes = n_nodes
s759259227.py(14):         self.parent = [i for i in range(n_nodes)]
 --- modulename: s759259227, funcname: <listcomp>
s759259227.py(14):         self.parent = [i for i in range(n_nodes)]
s759259227.py(14):         self.parent = [i for i in range(n_nodes)]
s759259227.py(14):         self.parent = [i for i in range(n_nodes)]
s759259227.py(14):         self.parent = [i for i in range(n_nodes)]
s759259227.py(15):         self.rank = [1] * n_nodes
s759259227.py(16):         self.size = [1] * n_nodes
s759259227.py(18):         self.weight = [0] * n_nodes
s759259227.py(69):     for _ in range(M):
s759259227.py(70):         L, R, D = map(int, input().split())
 --- modulename: s759259227, funcname: input
s759259227.py(5):     return sys.stdin.readline().strip()
s759259227.py(71):         if Tree.check(L - 1, R - 1):
 --- modulename: s759259227, funcname: check
s759259227.py(47):         return self.find(x) == self.find(y)
 --- modulename: s759259227, funcname: find
s759259227.py(21):         if self.parent[x] == x:
s759259227.py(22):             return x
 --- modulename: s759259227, funcname: find
s759259227.py(21):         if self.parent[x] == x:
s759259227.py(22):             return x
s759259227.py(78):             Tree.unite(L - 1, R - 1, D)
 --- modulename: s759259227, funcname: unite
s759259227.py(31):         px = self.find(x)
 --- modulename: s759259227, funcname: find
s759259227.py(21):         if self.parent[x] == x:
s759259227.py(22):             return x
s759259227.py(32):         py = self.find(y)
 --- modulename: s759259227, funcname: find
s759259227.py(21):         if self.parent[x] == x:
s759259227.py(22):             return x
s759259227.py(33):         if px == py:
s759259227.py(35):         if self.rank[px] > self.rank[py]:
s759259227.py(40):             self.parent[px] = py
s759259227.py(41):             self.size[py] += self.size[px]
s759259227.py(42):             self.weight[px] = w - self.weight[x] + self.weight[y]
s759259227.py(43):             if self.rank[px] == self.rank[py]:
s759259227.py(44):                 self.rank[py] += 1
s759259227.py(69):     for _ in range(M):
s759259227.py(70):         L, R, D = map(int, input().split())
 --- modulename: s759259227, funcname: input
s759259227.py(5):     return sys.stdin.readline().strip()
s759259227.py(71):         if Tree.check(L - 1, R - 1):
 --- modulename: s759259227, funcname: check
s759259227.py(47):         return self.find(x) == self.find(y)
 --- modulename: s759259227, funcname: find
s759259227.py(21):         if self.parent[x] == x:
s759259227.py(22):             return x
 --- modulename: s759259227, funcname: find
s759259227.py(21):         if self.parent[x] == x:
s759259227.py(22):             return x
s759259227.py(78):             Tree.unite(L - 1, R - 1, D)
 --- modulename: s759259227, funcname: unite
s759259227.py(31):         px = self.find(x)
 --- modulename: s759259227, funcname: find
s759259227.py(21):         if self.parent[x] == x:
s759259227.py(22):             return x
s759259227.py(32):         py = self.find(y)
 --- modulename: s759259227, funcname: find
s759259227.py(21):         if self.parent[x] == x:
s759259227.py(22):             return x
s759259227.py(33):         if px == py:
s759259227.py(35):         if self.rank[px] > self.rank[py]:
s759259227.py(36):             self.parent[py] = px
s759259227.py(37):             self.size[px] += self.size[py]
s759259227.py(38):             self.weight[py] = -w - self.weight[y] + self.weight[x]
s759259227.py(69):     for _ in range(M):
s759259227.py(70):         L, R, D = map(int, input().split())
 --- modulename: s759259227, funcname: input
s759259227.py(5):     return sys.stdin.readline().strip()
s759259227.py(71):         if Tree.check(L - 1, R - 1):
 --- modulename: s759259227, funcname: check
s759259227.py(47):         return self.find(x) == self.find(y)
 --- modulename: s759259227, funcname: find
s759259227.py(21):         if self.parent[x] == x:
s759259227.py(24):             y = self.find(self.parent[x])
 --- modulename: s759259227, funcname: find
s759259227.py(21):         if self.parent[x] == x:
s759259227.py(22):             return x
s759259227.py(26):             self.weight[x] += self.weight[self.parent[x]]
s759259227.py(27):             self.parent[x] = y
s759259227.py(28):             return self.parent[x]
 --- modulename: s759259227, funcname: find
s759259227.py(21):         if self.parent[x] == x:
s759259227.py(24):             y = self.find(self.parent[x])
 --- modulename: s759259227, funcname: find
s759259227.py(21):         if self.parent[x] == x:
s759259227.py(22):             return x
s759259227.py(26):             self.weight[x] += self.weight[self.parent[x]]
s759259227.py(27):             self.parent[x] = y
s759259227.py(28):             return self.parent[x]
s759259227.py(72):             if Tree.diff(L - 1, R - 1) == D:
 --- modulename: s759259227, funcname: diff
s759259227.py(50):         return self.weight[x] - self.weight[y]
s759259227.py(73):                 continue
s759259227.py(69):     for _ in range(M):
s759259227.py(79):     print("Yes")
Yes
