 --- modulename: s759798245, funcname: <module>
s759798245.py(1): import sys
s759798245.py(2): sys.setrecursionlimit(100000)
s759798245.py(3): input = sys.stdin.readline
s759798245.py(4): def ii(): return int(input())
s759798245.py(5): def mi(): return map(int, input().rstrip().split())
s759798245.py(6): def lmi(): return list(map(int, input().rstrip().split()))
s759798245.py(7): def li(): return list(input().rstrip())
s759798245.py(16): def dfs_tree(G,v,p):
s759798245.py(22): def main1():
s759798245.py(35): depth = [0] * (10 ** 5 + 10)
s759798245.py(36): subtree_size = [0] * (10 ** 5 + 10)
s759798245.py(38): def dfs_tree_kai(G, v, p, d):
s759798245.py(55): def main2():
s759798245.py(72): def EDPC_P():
s759798245.py(99): if __name__ == '__main__':
s759798245.py(100):     EDPC_P()
 --- modulename: s759798245, funcname: EDPC_P
s759798245.py(73):     N = ii()
 --- modulename: s759798245, funcname: ii
s759798245.py(4): def ii(): return int(input())
 --- modulename: codecs, funcname: getstate
codecs.py(333):         return (self.buffer, 0)
 --- modulename: codecs, funcname: decode
codecs.py(321):         data = self.buffer + input
codecs.py(322):         (result, consumed) = self._buffer_decode(data, self.errors, final)
codecs.py(324):         self.buffer = data[consumed:]
codecs.py(325):         return result
s759798245.py(74):     dp = [[1, 1] for _ in range(N)]
 --- modulename: s759798245, funcname: <listcomp>
s759798245.py(74):     dp = [[1, 1] for _ in range(N)]
s759798245.py(74):     dp = [[1, 1] for _ in range(N)]
s759798245.py(74):     dp = [[1, 1] for _ in range(N)]
s759798245.py(74):     dp = [[1, 1] for _ in range(N)]
s759798245.py(75):     G = [[] for i in range(N)]
 --- modulename: s759798245, funcname: <listcomp>
s759798245.py(75):     G = [[] for i in range(N)]
s759798245.py(75):     G = [[] for i in range(N)]
s759798245.py(75):     G = [[] for i in range(N)]
s759798245.py(75):     G = [[] for i in range(N)]
s759798245.py(76):     for i in range(N - 1):
s759798245.py(77):         a, b = mi()
 --- modulename: s759798245, funcname: mi
s759798245.py(5): def mi(): return map(int, input().rstrip().split())
s759798245.py(78):         a -= 1
s759798245.py(79):         b -= 1
s759798245.py(80):         G[a].append(b)
s759798245.py(81):         G[b].append(a)
s759798245.py(76):     for i in range(N - 1):
s759798245.py(77):         a, b = mi()
 --- modulename: s759798245, funcname: mi
s759798245.py(5): def mi(): return map(int, input().rstrip().split())
s759798245.py(78):         a -= 1
s759798245.py(79):         b -= 1
s759798245.py(80):         G[a].append(b)
s759798245.py(81):         G[b].append(a)
s759798245.py(76):     for i in range(N - 1):
s759798245.py(82):     depth = [0]*N
s759798245.py(83):     def dfs_EDPC_P(G, v, p, d):
s759798245.py(94):     dfs_EDPC_P(G,0,-1,0)
 --- modulename: s759798245, funcname: dfs_EDPC_P
s759798245.py(84):         depth[v] = d
s759798245.py(85):         for nv in G[v]:
s759798245.py(86):             if nv == p:
s759798245.py(88):             dfs_EDPC_P(G, nv, v, d + 1)
 --- modulename: s759798245, funcname: dfs_EDPC_P
s759798245.py(84):         depth[v] = d
s759798245.py(85):         for nv in G[v]:
s759798245.py(86):             if nv == p:
s759798245.py(87):                 continue
s759798245.py(85):         for nv in G[v]:
s759798245.py(86):             if nv == p:
s759798245.py(88):             dfs_EDPC_P(G, nv, v, d + 1)
 --- modulename: s759798245, funcname: dfs_EDPC_P
s759798245.py(84):         depth[v] = d
s759798245.py(85):         for nv in G[v]:
s759798245.py(86):             if nv == p:
s759798245.py(87):                 continue
s759798245.py(85):         for nv in G[v]:
s759798245.py(89):         for c in G[v]:
s759798245.py(90):             if c == p:
s759798245.py(91):                 continue
s759798245.py(89):         for c in G[v]:
s759798245.py(85):         for nv in G[v]:
s759798245.py(89):         for c in G[v]:
s759798245.py(90):             if c == p:
s759798245.py(91):                 continue
s759798245.py(89):         for c in G[v]:
s759798245.py(90):             if c == p:
s759798245.py(92):             dp[v][0] *= (dp[c][0] + dp[c][1]) % (10 ** 9 + 7)
s759798245.py(93):             dp[v][1] *= dp[c][0]
s759798245.py(89):         for c in G[v]:
s759798245.py(85):         for nv in G[v]:
s759798245.py(89):         for c in G[v]:
s759798245.py(90):             if c == p:
s759798245.py(92):             dp[v][0] *= (dp[c][0] + dp[c][1]) % (10 ** 9 + 7)
s759798245.py(93):             dp[v][1] *= dp[c][0]
s759798245.py(89):         for c in G[v]:
s759798245.py(95):     print((dp[0][0]+dp[0][1])%(10**9+7))
5
