 --- modulename: s767388861, funcname: <module>
s767388861.py(2): import sys
s767388861.py(5): def solve(N: int, K: int):
s767388861.py(16): def main():
s767388861.py(26): if __name__ == '__main__':
s767388861.py(27):     main()
 --- modulename: s767388861, funcname: main
s767388861.py(17):     def iterate_tokens():
s767388861.py(21):     tokens = iterate_tokens()
s767388861.py(22):     N = int(next(tokens))  # type: int
 --- modulename: s767388861, funcname: iterate_tokens
s767388861.py(18):         for line in sys.stdin:
 --- modulename: codecs, funcname: decode
codecs.py(321):         data = self.buffer + input
codecs.py(322):         (result, consumed) = self._buffer_decode(data, self.errors, final)
codecs.py(324):         self.buffer = data[consumed:]
codecs.py(325):         return result
s767388861.py(19):             for word in line.split():
s767388861.py(20):                 yield word
s767388861.py(23):     K = int(next(tokens))  # type: int
 --- modulename: s767388861, funcname: iterate_tokens
s767388861.py(19):             for word in line.split():
s767388861.py(20):                 yield word
s767388861.py(24):     solve(N, K)
 --- modulename: s767388861, funcname: solve
s767388861.py(6):     n = N
s767388861.py(7):     k = K
s767388861.py(8):     mi = n//k
s767388861.py(9):     ma = mi+1
s767388861.py(10):     res1 = abs(n - k*mi)
s767388861.py(11):     res2 = abs(n-k*ma)
s767388861.py(12):     print(res1 if res1 < res2 else res2)
1
 --- modulename: s767388861, funcname: iterate_tokens
