 --- modulename: s769777168, funcname: <module>
s769777168.py(1): class Dice:
 --- modulename: s769777168, funcname: Dice
s769777168.py(1): class Dice:
s769777168.py(2):     def __init__(self):
s769777168.py(5):     def setState(self, li):  # [top, S, E, W, N, under]
s769777168.py(8):     def move(self, str_direction):
s769777168.py(22):     def rotate(self):
s769777168.py(26):     def sameDice1(self, dice1):
s769777168.py(47): def main():
s769777168.py(67): if __name__ == "__main__":
s769777168.py(68):     main()
 --- modulename: s769777168, funcname: main
s769777168.py(48):     n = int(input())
 --- modulename: codecs, funcname: getstate
codecs.py(333):         return (self.buffer, 0)
 --- modulename: codecs, funcname: decode
codecs.py(321):         data = self.buffer + input
codecs.py(322):         (result, consumed) = self._buffer_decode(data, self.errors, final)
codecs.py(324):         self.buffer = data[consumed:]
codecs.py(325):         return result
s769777168.py(49):     dices = []
s769777168.py(50):     for i in range(n):
s769777168.py(51):         dices.append(Dice())
 --- modulename: s769777168, funcname: __init__
s769777168.py(3):         self.state =[1, 2, 3, 4, 5, 6]
s769777168.py(52):         dices[i].setState(list(map(int, input().split())))
 --- modulename: s769777168, funcname: setState
s769777168.py(6):         self.state = li
s769777168.py(50):     for i in range(n):
s769777168.py(51):         dices.append(Dice())
 --- modulename: s769777168, funcname: __init__
s769777168.py(3):         self.state =[1, 2, 3, 4, 5, 6]
s769777168.py(52):         dices[i].setState(list(map(int, input().split())))
 --- modulename: s769777168, funcname: setState
s769777168.py(6):         self.state = li
s769777168.py(50):     for i in range(n):
s769777168.py(51):         dices.append(Dice())
 --- modulename: s769777168, funcname: __init__
s769777168.py(3):         self.state =[1, 2, 3, 4, 5, 6]
s769777168.py(52):         dices[i].setState(list(map(int, input().split())))
 --- modulename: s769777168, funcname: setState
s769777168.py(6):         self.state = li
s769777168.py(50):     for i in range(n):
s769777168.py(53):     bl = False
s769777168.py(54):     result = "Yes"
s769777168.py(55):     for i in range(n):
s769777168.py(56):         for j in range(n):
s769777168.py(57):             if i == j:
s769777168.py(58):                 break
s769777168.py(63):         if bl:
s769777168.py(55):     for i in range(n):
s769777168.py(56):         for j in range(n):
s769777168.py(57):             if i == j:
s769777168.py(59):             if dices[i].sameDice1(dices[j]) == "Yes":
 --- modulename: s769777168, funcname: sameDice1
s769777168.py(27):         set1 = list()
s769777168.py(28):         for _ in range(4):
s769777168.py(29):             for __ in range(4):
s769777168.py(30):                 set1.append(self.state)
s769777168.py(31):                 self.rotate()
 --- modulename: s769777168, funcname: rotate
s769777168.py(23):         self.state = [self.state[0], self.state[2], self.state[4],
s769777168.py(24):                       self.state[1], self.state[3], self.state[5]]
s769777168.py(23):         self.state = [self.state[0], self.state[2], self.state[4],
s769777168.py(29):             for __ in range(4):
s769777168.py(30):                 set1.append(self.state)
s769777168.py(31):                 self.rotate()
 --- modulename: s769777168, funcname: rotate
s769777168.py(23):         self.state = [self.state[0], self.state[2], self.state[4],
s769777168.py(24):                       self.state[1], self.state[3], self.state[5]]
s769777168.py(23):         self.state = [self.state[0], self.state[2], self.state[4],
s769777168.py(29):             for __ in range(4):
s769777168.py(30):                 set1.append(self.state)
s769777168.py(31):                 self.rotate()
 --- modulename: s769777168, funcname: rotate
s769777168.py(23):         self.state = [self.state[0], self.state[2], self.state[4],
s769777168.py(24):                       self.state[1], self.state[3], self.state[5]]
s769777168.py(23):         self.state = [self.state[0], self.state[2], self.state[4],
s769777168.py(29):             for __ in range(4):
s769777168.py(30):                 set1.append(self.state)
s769777168.py(31):                 self.rotate()
 --- modulename: s769777168, funcname: rotate
s769777168.py(23):         self.state = [self.state[0], self.state[2], self.state[4],
s769777168.py(24):                       self.state[1], self.state[3], self.state[5]]
s769777168.py(23):         self.state = [self.state[0], self.state[2], self.state[4],
s769777168.py(29):             for __ in range(4):
s769777168.py(32):             self.move("N")
 --- modulename: s769777168, funcname: move
s769777168.py(9):         if str_direction == "N":
s769777168.py(10):             self.state = [self.state[1], self.state[5],self.state[2],
s769777168.py(11):                           self.state[3], self.state[0], self.state[4]]
s769777168.py(10):             self.state = [self.state[1], self.state[5],self.state[2],
s769777168.py(12):         if str_direction == "W":
s769777168.py(15):         if str_direction == "E":
s769777168.py(18):         if str_direction == "S":
s769777168.py(28):         for _ in range(4):
s769777168.py(29):             for __ in range(4):
s769777168.py(30):                 set1.append(self.state)
s769777168.py(31):                 self.rotate()
 --- modulename: s769777168, funcname: rotate
s769777168.py(23):         self.state = [self.state[0], self.state[2], self.state[4],
s769777168.py(24):                       self.state[1], self.state[3], self.state[5]]
s769777168.py(23):         self.state = [self.state[0], self.state[2], self.state[4],
s769777168.py(29):             for __ in range(4):
s769777168.py(30):                 set1.append(self.state)
s769777168.py(31):                 self.rotate()
 --- modulename: s769777168, funcname: rotate
s769777168.py(23):         self.state = [self.state[0], self.state[2], self.state[4],
s769777168.py(24):                       self.state[1], self.state[3], self.state[5]]
s769777168.py(23):         self.state = [self.state[0], self.state[2], self.state[4],
s769777168.py(29):             for __ in range(4):
s769777168.py(30):                 set1.append(self.state)
s769777168.py(31):                 self.rotate()
 --- modulename: s769777168, funcname: rotate
s769777168.py(23):         self.state = [self.state[0], self.state[2], self.state[4],
s769777168.py(24):                       self.state[1], self.state[3], self.state[5]]
s769777168.py(23):         self.state = [self.state[0], self.state[2], self.state[4],
s769777168.py(29):             for __ in range(4):
s769777168.py(30):                 set1.append(self.state)
s769777168.py(31):                 self.rotate()
 --- modulename: s769777168, funcname: rotate
s769777168.py(23):         self.state = [self.state[0], self.state[2], self.state[4],
s769777168.py(24):                       self.state[1], self.state[3], self.state[5]]
s769777168.py(23):         self.state = [self.state[0], self.state[2], self.state[4],
s769777168.py(29):             for __ in range(4):
s769777168.py(32):             self.move("N")
 --- modulename: s769777168, funcname: move
s769777168.py(9):         if str_direction == "N":
s769777168.py(10):             self.state = [self.state[1], self.state[5],self.state[2],
s769777168.py(11):                           self.state[3], self.state[0], self.state[4]]
s769777168.py(10):             self.state = [self.state[1], self.state[5],self.state[2],
s769777168.py(12):         if str_direction == "W":
s769777168.py(15):         if str_direction == "E":
s769777168.py(18):         if str_direction == "S":
s769777168.py(28):         for _ in range(4):
s769777168.py(29):             for __ in range(4):
s769777168.py(30):                 set1.append(self.state)
s769777168.py(31):                 self.rotate()
 --- modulename: s769777168, funcname: rotate
s769777168.py(23):         self.state = [self.state[0], self.state[2], self.state[4],
s769777168.py(24):                       self.state[1], self.state[3], self.state[5]]
s769777168.py(23):         self.state = [self.state[0], self.state[2], self.state[4],
s769777168.py(29):             for __ in range(4):
s769777168.py(30):                 set1.append(self.state)
s769777168.py(31):                 self.rotate()
 --- modulename: s769777168, funcname: rotate
s769777168.py(23):         self.state = [self.state[0], self.state[2], self.state[4],
s769777168.py(24):                       self.state[1], self.state[3], self.state[5]]
s769777168.py(23):         self.state = [self.state[0], self.state[2], self.state[4],
s769777168.py(29):             for __ in range(4):
s769777168.py(30):                 set1.append(self.state)
s769777168.py(31):                 self.rotate()
 --- modulename: s769777168, funcname: rotate
s769777168.py(23):         self.state = [self.state[0], self.state[2], self.state[4],
s769777168.py(24):                       self.state[1], self.state[3], self.state[5]]
s769777168.py(23):         self.state = [self.state[0], self.state[2], self.state[4],
s769777168.py(29):             for __ in range(4):
s769777168.py(30):                 set1.append(self.state)
s769777168.py(31):                 self.rotate()
 --- modulename: s769777168, funcname: rotate
s769777168.py(23):         self.state = [self.state[0], self.state[2], self.state[4],
s769777168.py(24):                       self.state[1], self.state[3], self.state[5]]
s769777168.py(23):         self.state = [self.state[0], self.state[2], self.state[4],
s769777168.py(29):             for __ in range(4):
s769777168.py(32):             self.move("N")
 --- modulename: s769777168, funcname: move
s769777168.py(9):         if str_direction == "N":
s769777168.py(10):             self.state = [self.state[1], self.state[5],self.state[2],
s769777168.py(11):                           self.state[3], self.state[0], self.state[4]]
s769777168.py(10):             self.state = [self.state[1], self.state[5],self.state[2],
s769777168.py(12):         if str_direction == "W":
s769777168.py(15):         if str_direction == "E":
s769777168.py(18):         if str_direction == "S":
s769777168.py(28):         for _ in range(4):
s769777168.py(29):             for __ in range(4):
s769777168.py(30):                 set1.append(self.state)
s769777168.py(31):                 self.rotate()
 --- modulename: s769777168, funcname: rotate
s769777168.py(23):         self.state = [self.state[0], self.state[2], self.state[4],
s769777168.py(24):                       self.state[1], self.state[3], self.state[5]]
s769777168.py(23):         self.state = [self.state[0], self.state[2], self.state[4],
s769777168.py(29):             for __ in range(4):
s769777168.py(30):                 set1.append(self.state)
s769777168.py(31):                 self.rotate()
 --- modulename: s769777168, funcname: rotate
s769777168.py(23):         self.state = [self.state[0], self.state[2], self.state[4],
s769777168.py(24):                       self.state[1], self.state[3], self.state[5]]
s769777168.py(23):         self.state = [self.state[0], self.state[2], self.state[4],
s769777168.py(29):             for __ in range(4):
s769777168.py(30):                 set1.append(self.state)
s769777168.py(31):                 self.rotate()
 --- modulename: s769777168, funcname: rotate
s769777168.py(23):         self.state = [self.state[0], self.state[2], self.state[4],
s769777168.py(24):                       self.state[1], self.state[3], self.state[5]]
s769777168.py(23):         self.state = [self.state[0], self.state[2], self.state[4],
s769777168.py(29):             for __ in range(4):
s769777168.py(30):                 set1.append(self.state)
s769777168.py(31):                 self.rotate()
 --- modulename: s769777168, funcname: rotate
s769777168.py(23):         self.state = [self.state[0], self.state[2], self.state[4],
s769777168.py(24):                       self.state[1], self.state[3], self.state[5]]
s769777168.py(23):         self.state = [self.state[0], self.state[2], self.state[4],
s769777168.py(29):             for __ in range(4):
s769777168.py(32):             self.move("N")
 --- modulename: s769777168, funcname: move
s769777168.py(9):         if str_direction == "N":
s769777168.py(10):             self.state = [self.state[1], self.state[5],self.state[2],
s769777168.py(11):                           self.state[3], self.state[0], self.state[4]]
s769777168.py(10):             self.state = [self.state[1], self.state[5],self.state[2],
s769777168.py(12):         if str_direction == "W":
s769777168.py(15):         if str_direction == "E":
s769777168.py(18):         if str_direction == "S":
s769777168.py(28):         for _ in range(4):
s769777168.py(33):         self.move("E")
 --- modulename: s769777168, funcname: move
s769777168.py(9):         if str_direction == "N":
s769777168.py(12):         if str_direction == "W":
s769777168.py(15):         if str_direction == "E":
s769777168.py(16):             self.state = [self.state[3], self.state[1], self.state[0],
s769777168.py(17):                           self.state[5], self.state[4], self.state[2]]
s769777168.py(16):             self.state = [self.state[3], self.state[1], self.state[0],
s769777168.py(18):         if str_direction == "S":
s769777168.py(34):         for _ in range(4):
s769777168.py(35):             set1.append(self.state)
s769777168.py(36):             self.rotate()
 --- modulename: s769777168, funcname: rotate
s769777168.py(23):         self.state = [self.state[0], self.state[2], self.state[4],
s769777168.py(24):                       self.state[1], self.state[3], self.state[5]]
s769777168.py(23):         self.state = [self.state[0], self.state[2], self.state[4],
s769777168.py(34):         for _ in range(4):
s769777168.py(35):             set1.append(self.state)
s769777168.py(36):             self.rotate()
 --- modulename: s769777168, funcname: rotate
s769777168.py(23):         self.state = [self.state[0], self.state[2], self.state[4],
s769777168.py(24):                       self.state[1], self.state[3], self.state[5]]
s769777168.py(23):         self.state = [self.state[0], self.state[2], self.state[4],
s769777168.py(34):         for _ in range(4):
s769777168.py(35):             set1.append(self.state)
s769777168.py(36):             self.rotate()
 --- modulename: s769777168, funcname: rotate
s769777168.py(23):         self.state = [self.state[0], self.state[2], self.state[4],
s769777168.py(24):                       self.state[1], self.state[3], self.state[5]]
s769777168.py(23):         self.state = [self.state[0], self.state[2], self.state[4],
s769777168.py(34):         for _ in range(4):
s769777168.py(35):             set1.append(self.state)
s769777168.py(36):             self.rotate()
 --- modulename: s769777168, funcname: rotate
s769777168.py(23):         self.state = [self.state[0], self.state[2], self.state[4],
s769777168.py(24):                       self.state[1], self.state[3], self.state[5]]
s769777168.py(23):         self.state = [self.state[0], self.state[2], self.state[4],
s769777168.py(34):         for _ in range(4):
s769777168.py(37):         self.move("E")
 --- modulename: s769777168, funcname: move
s769777168.py(9):         if str_direction == "N":
s769777168.py(12):         if str_direction == "W":
s769777168.py(15):         if str_direction == "E":
s769777168.py(16):             self.state = [self.state[3], self.state[1], self.state[0],
s769777168.py(17):                           self.state[5], self.state[4], self.state[2]]
s769777168.py(16):             self.state = [self.state[3], self.state[1], self.state[0],
s769777168.py(18):         if str_direction == "S":
s769777168.py(38):         self.move("E")
 --- modulename: s769777168, funcname: move
s769777168.py(9):         if str_direction == "N":
s769777168.py(12):         if str_direction == "W":
s769777168.py(15):         if str_direction == "E":
s769777168.py(16):             self.state = [self.state[3], self.state[1], self.state[0],
s769777168.py(17):                           self.state[5], self.state[4], self.state[2]]
s769777168.py(16):             self.state = [self.state[3], self.state[1], self.state[0],
s769777168.py(18):         if str_direction == "S":
s769777168.py(39):         for _ in range(4):
s769777168.py(40):             set1.append(self.state)
s769777168.py(41):             self.rotate()
 --- modulename: s769777168, funcname: rotate
s769777168.py(23):         self.state = [self.state[0], self.state[2], self.state[4],
s769777168.py(24):                       self.state[1], self.state[3], self.state[5]]
s769777168.py(23):         self.state = [self.state[0], self.state[2], self.state[4],
s769777168.py(39):         for _ in range(4):
s769777168.py(40):             set1.append(self.state)
s769777168.py(41):             self.rotate()
 --- modulename: s769777168, funcname: rotate
s769777168.py(23):         self.state = [self.state[0], self.state[2], self.state[4],
s769777168.py(24):                       self.state[1], self.state[3], self.state[5]]
s769777168.py(23):         self.state = [self.state[0], self.state[2], self.state[4],
s769777168.py(39):         for _ in range(4):
s769777168.py(40):             set1.append(self.state)
s769777168.py(41):             self.rotate()
 --- modulename: s769777168, funcname: rotate
s769777168.py(23):         self.state = [self.state[0], self.state[2], self.state[4],
s769777168.py(24):                       self.state[1], self.state[3], self.state[5]]
s769777168.py(23):         self.state = [self.state[0], self.state[2], self.state[4],
s769777168.py(39):         for _ in range(4):
s769777168.py(40):             set1.append(self.state)
s769777168.py(41):             self.rotate()
 --- modulename: s769777168, funcname: rotate
s769777168.py(23):         self.state = [self.state[0], self.state[2], self.state[4],
s769777168.py(24):                       self.state[1], self.state[3], self.state[5]]
s769777168.py(23):         self.state = [self.state[0], self.state[2], self.state[4],
s769777168.py(39):         for _ in range(4):
s769777168.py(42):         if dice1.state in set1:
s769777168.py(43):             return "Yes"
s769777168.py(60):                 result = "No"
s769777168.py(61):                 bl = True
s769777168.py(62):                 break
s769777168.py(63):         if bl:
s769777168.py(64):             break
s769777168.py(65):     print(result)
No
