 --- modulename: s772485720, funcname: <module>
s772485720.py(3): def DFS(adj, start):
s772485720.py(44): def next(adj, u):
s772485720.py(51): def main():
s772485720.py(69): if __name__ == "__main__":
s772485720.py(70):     main()    
 --- modulename: s772485720, funcname: main
s772485720.py(53):     n = int(input())
 --- modulename: codecs, funcname: getstate
codecs.py(333):         return (self.buffer, 0)
 --- modulename: codecs, funcname: decode
codecs.py(321):         data = self.buffer + input
codecs.py(322):         (result, consumed) = self._buffer_decode(data, self.errors, final)
codecs.py(324):         self.buffer = data[consumed:]
codecs.py(325):         return result
s772485720.py(54):     adj = [[0 for i in range(n)] for j in range(n)]
 --- modulename: s772485720, funcname: <listcomp>
s772485720.py(54):     adj = [[0 for i in range(n)] for j in range(n)]
 --- modulename: s772485720, funcname: <listcomp>
s772485720.py(54):     adj = [[0 for i in range(n)] for j in range(n)]
s772485720.py(54):     adj = [[0 for i in range(n)] for j in range(n)]
s772485720.py(54):     adj = [[0 for i in range(n)] for j in range(n)]
s772485720.py(54):     adj = [[0 for i in range(n)] for j in range(n)]
s772485720.py(54):     adj = [[0 for i in range(n)] for j in range(n)]
s772485720.py(54):     adj = [[0 for i in range(n)] for j in range(n)]
 --- modulename: s772485720, funcname: <listcomp>
s772485720.py(54):     adj = [[0 for i in range(n)] for j in range(n)]
s772485720.py(54):     adj = [[0 for i in range(n)] for j in range(n)]
s772485720.py(54):     adj = [[0 for i in range(n)] for j in range(n)]
s772485720.py(54):     adj = [[0 for i in range(n)] for j in range(n)]
s772485720.py(54):     adj = [[0 for i in range(n)] for j in range(n)]
s772485720.py(54):     adj = [[0 for i in range(n)] for j in range(n)]
 --- modulename: s772485720, funcname: <listcomp>
s772485720.py(54):     adj = [[0 for i in range(n)] for j in range(n)]
s772485720.py(54):     adj = [[0 for i in range(n)] for j in range(n)]
s772485720.py(54):     adj = [[0 for i in range(n)] for j in range(n)]
s772485720.py(54):     adj = [[0 for i in range(n)] for j in range(n)]
s772485720.py(54):     adj = [[0 for i in range(n)] for j in range(n)]
s772485720.py(54):     adj = [[0 for i in range(n)] for j in range(n)]
 --- modulename: s772485720, funcname: <listcomp>
s772485720.py(54):     adj = [[0 for i in range(n)] for j in range(n)]
s772485720.py(54):     adj = [[0 for i in range(n)] for j in range(n)]
s772485720.py(54):     adj = [[0 for i in range(n)] for j in range(n)]
s772485720.py(54):     adj = [[0 for i in range(n)] for j in range(n)]
s772485720.py(54):     adj = [[0 for i in range(n)] for j in range(n)]
s772485720.py(54):     adj = [[0 for i in range(n)] for j in range(n)]
s772485720.py(56):     for i in range(n):
s772485720.py(57):         tmp = list(map(int, input().split()))
s772485720.py(58):         u = tmp[0]
s772485720.py(59):         u = u -1
s772485720.py(60):         k = tmp[1]
s772485720.py(61):         v = tmp[2:]
s772485720.py(62):         for j in range(k):
s772485720.py(63):             adj[u][v[j]-1] = 1
s772485720.py(62):         for j in range(k):
s772485720.py(56):     for i in range(n):
s772485720.py(57):         tmp = list(map(int, input().split()))
s772485720.py(58):         u = tmp[0]
s772485720.py(59):         u = u -1
s772485720.py(60):         k = tmp[1]
s772485720.py(61):         v = tmp[2:]
s772485720.py(62):         for j in range(k):
s772485720.py(63):             adj[u][v[j]-1] = 1
s772485720.py(62):         for j in range(k):
s772485720.py(56):     for i in range(n):
s772485720.py(57):         tmp = list(map(int, input().split()))
s772485720.py(58):         u = tmp[0]
s772485720.py(59):         u = u -1
s772485720.py(60):         k = tmp[1]
s772485720.py(61):         v = tmp[2:]
s772485720.py(62):         for j in range(k):
s772485720.py(56):     for i in range(n):
s772485720.py(57):         tmp = list(map(int, input().split()))
s772485720.py(58):         u = tmp[0]
s772485720.py(59):         u = u -1
s772485720.py(60):         k = tmp[1]
s772485720.py(61):         v = tmp[2:]
s772485720.py(62):         for j in range(k):
s772485720.py(63):             adj[u][v[j]-1] = 1
s772485720.py(62):         for j in range(k):
s772485720.py(56):     for i in range(n):
s772485720.py(65):     d, f = DFS(adj, 0)
 --- modulename: s772485720, funcname: DFS
s772485720.py(4):     n = len(adj)
s772485720.py(5):     d = [0] * n
s772485720.py(6):     f = [0] * n
s772485720.py(7):     flag = [0] * n
s772485720.py(8):     S = []
s772485720.py(9):     time = 1
s772485720.py(11):     S.append(start)
s772485720.py(12):     flag[start] = 1
s772485720.py(13):     d[start] = time
s772485720.py(14):     time = time + 1
s772485720.py(16):     while flag.count(2) != n: # ??¨????????????????????¢?´¢????????????????????§
s772485720.py(17):         if len(S) != 0:
s772485720.py(18):             u = S.pop()
s772485720.py(19):             v = next(adj, u)
 --- modulename: s772485720, funcname: next
s772485720.py(48):     return [i for i, x in enumerate(adj[u]) if x == 1]
 --- modulename: s772485720, funcname: <listcomp>
s772485720.py(48):     return [i for i, x in enumerate(adj[u]) if x == 1]
s772485720.py(48):     return [i for i, x in enumerate(adj[u]) if x == 1]
s772485720.py(48):     return [i for i, x in enumerate(adj[u]) if x == 1]
s772485720.py(48):     return [i for i, x in enumerate(adj[u]) if x == 1]
s772485720.py(48):     return [i for i, x in enumerate(adj[u]) if x == 1]
s772485720.py(20):             v = [i for i in v if flag[i] == 0] # v <= ??£??\???????????????????????¢?´¢??????????????????
 --- modulename: s772485720, funcname: <listcomp>
s772485720.py(20):             v = [i for i in v if flag[i] == 0] # v <= ??£??\???????????????????????¢?´¢??????????????????
s772485720.py(20):             v = [i for i in v if flag[i] == 0] # v <= ??£??\???????????????????????¢?´¢??????????????????
s772485720.py(21):             if len(v) != 0:
s772485720.py(22):                 S.append(u)
s772485720.py(23):                 S.append(v[0])
s772485720.py(24):                 flag[v[0]] = 1
s772485720.py(25):                 d[v[0]] = time
s772485720.py(26):                 time = time + 1
s772485720.py(16):     while flag.count(2) != n: # ??¨????????????????????¢?´¢????????????????????§
s772485720.py(17):         if len(S) != 0:
s772485720.py(18):             u = S.pop()
s772485720.py(19):             v = next(adj, u)
 --- modulename: s772485720, funcname: next
s772485720.py(48):     return [i for i, x in enumerate(adj[u]) if x == 1]
 --- modulename: s772485720, funcname: <listcomp>
s772485720.py(48):     return [i for i, x in enumerate(adj[u]) if x == 1]
s772485720.py(48):     return [i for i, x in enumerate(adj[u]) if x == 1]
s772485720.py(48):     return [i for i, x in enumerate(adj[u]) if x == 1]
s772485720.py(48):     return [i for i, x in enumerate(adj[u]) if x == 1]
s772485720.py(48):     return [i for i, x in enumerate(adj[u]) if x == 1]
s772485720.py(20):             v = [i for i in v if flag[i] == 0] # v <= ??£??\???????????????????????¢?´¢??????????????????
 --- modulename: s772485720, funcname: <listcomp>
s772485720.py(20):             v = [i for i in v if flag[i] == 0] # v <= ??£??\???????????????????????¢?´¢??????????????????
s772485720.py(20):             v = [i for i in v if flag[i] == 0] # v <= ??£??\???????????????????????¢?´¢??????????????????
s772485720.py(21):             if len(v) != 0:
s772485720.py(22):                 S.append(u)
s772485720.py(23):                 S.append(v[0])
s772485720.py(24):                 flag[v[0]] = 1
s772485720.py(25):                 d[v[0]] = time
s772485720.py(26):                 time = time + 1
s772485720.py(16):     while flag.count(2) != n: # ??¨????????????????????¢?´¢????????????????????§
s772485720.py(17):         if len(S) != 0:
s772485720.py(18):             u = S.pop()
s772485720.py(19):             v = next(adj, u)
 --- modulename: s772485720, funcname: next
s772485720.py(48):     return [i for i, x in enumerate(adj[u]) if x == 1]
 --- modulename: s772485720, funcname: <listcomp>
s772485720.py(48):     return [i for i, x in enumerate(adj[u]) if x == 1]
s772485720.py(48):     return [i for i, x in enumerate(adj[u]) if x == 1]
s772485720.py(48):     return [i for i, x in enumerate(adj[u]) if x == 1]
s772485720.py(48):     return [i for i, x in enumerate(adj[u]) if x == 1]
s772485720.py(48):     return [i for i, x in enumerate(adj[u]) if x == 1]
s772485720.py(20):             v = [i for i in v if flag[i] == 0] # v <= ??£??\???????????????????????¢?´¢??????????????????
 --- modulename: s772485720, funcname: <listcomp>
s772485720.py(20):             v = [i for i in v if flag[i] == 0] # v <= ??£??\???????????????????????¢?´¢??????????????????
s772485720.py(20):             v = [i for i in v if flag[i] == 0] # v <= ??£??\???????????????????????¢?´¢??????????????????
s772485720.py(21):             if len(v) != 0:
s772485720.py(22):                 S.append(u)
s772485720.py(23):                 S.append(v[0])
s772485720.py(24):                 flag[v[0]] = 1
s772485720.py(25):                 d[v[0]] = time
s772485720.py(26):                 time = time + 1
s772485720.py(16):     while flag.count(2) != n: # ??¨????????????????????¢?´¢????????????????????§
s772485720.py(17):         if len(S) != 0:
s772485720.py(18):             u = S.pop()
s772485720.py(19):             v = next(adj, u)
 --- modulename: s772485720, funcname: next
s772485720.py(48):     return [i for i, x in enumerate(adj[u]) if x == 1]
 --- modulename: s772485720, funcname: <listcomp>
s772485720.py(48):     return [i for i, x in enumerate(adj[u]) if x == 1]
s772485720.py(48):     return [i for i, x in enumerate(adj[u]) if x == 1]
s772485720.py(48):     return [i for i, x in enumerate(adj[u]) if x == 1]
s772485720.py(48):     return [i for i, x in enumerate(adj[u]) if x == 1]
s772485720.py(48):     return [i for i, x in enumerate(adj[u]) if x == 1]
s772485720.py(20):             v = [i for i in v if flag[i] == 0] # v <= ??£??\???????????????????????¢?´¢??????????????????
 --- modulename: s772485720, funcname: <listcomp>
s772485720.py(20):             v = [i for i in v if flag[i] == 0] # v <= ??£??\???????????????????????¢?´¢??????????????????
s772485720.py(21):             if len(v) != 0:
s772485720.py(29):                 flag[u] = 2
s772485720.py(30):                 f[u] = time
s772485720.py(31):                 time = time + 1
s772485720.py(16):     while flag.count(2) != n: # ??¨????????????????????¢?´¢????????????????????§
s772485720.py(17):         if len(S) != 0:
s772485720.py(18):             u = S.pop()
s772485720.py(19):             v = next(adj, u)
 --- modulename: s772485720, funcname: next
s772485720.py(48):     return [i for i, x in enumerate(adj[u]) if x == 1]
 --- modulename: s772485720, funcname: <listcomp>
s772485720.py(48):     return [i for i, x in enumerate(adj[u]) if x == 1]
s772485720.py(48):     return [i for i, x in enumerate(adj[u]) if x == 1]
s772485720.py(48):     return [i for i, x in enumerate(adj[u]) if x == 1]
s772485720.py(48):     return [i for i, x in enumerate(adj[u]) if x == 1]
s772485720.py(48):     return [i for i, x in enumerate(adj[u]) if x == 1]
s772485720.py(20):             v = [i for i in v if flag[i] == 0] # v <= ??£??\???????????????????????¢?´¢??????????????????
 --- modulename: s772485720, funcname: <listcomp>
s772485720.py(20):             v = [i for i in v if flag[i] == 0] # v <= ??£??\???????????????????????¢?´¢??????????????????
s772485720.py(20):             v = [i for i in v if flag[i] == 0] # v <= ??£??\???????????????????????¢?´¢??????????????????
s772485720.py(21):             if len(v) != 0:
s772485720.py(29):                 flag[u] = 2
s772485720.py(30):                 f[u] = time
s772485720.py(31):                 time = time + 1
s772485720.py(16):     while flag.count(2) != n: # ??¨????????????????????¢?´¢????????????????????§
s772485720.py(17):         if len(S) != 0:
s772485720.py(18):             u = S.pop()
s772485720.py(19):             v = next(adj, u)
 --- modulename: s772485720, funcname: next
s772485720.py(48):     return [i for i, x in enumerate(adj[u]) if x == 1]
 --- modulename: s772485720, funcname: <listcomp>
s772485720.py(48):     return [i for i, x in enumerate(adj[u]) if x == 1]
s772485720.py(48):     return [i for i, x in enumerate(adj[u]) if x == 1]
s772485720.py(48):     return [i for i, x in enumerate(adj[u]) if x == 1]
s772485720.py(48):     return [i for i, x in enumerate(adj[u]) if x == 1]
s772485720.py(48):     return [i for i, x in enumerate(adj[u]) if x == 1]
s772485720.py(20):             v = [i for i in v if flag[i] == 0] # v <= ??£??\???????????????????????¢?´¢??????????????????
 --- modulename: s772485720, funcname: <listcomp>
s772485720.py(20):             v = [i for i in v if flag[i] == 0] # v <= ??£??\???????????????????????¢?´¢??????????????????
s772485720.py(20):             v = [i for i in v if flag[i] == 0] # v <= ??£??\???????????????????????¢?´¢??????????????????
s772485720.py(21):             if len(v) != 0:
s772485720.py(29):                 flag[u] = 2
s772485720.py(30):                 f[u] = time
s772485720.py(31):                 time = time + 1
s772485720.py(16):     while flag.count(2) != n: # ??¨????????????????????¢?´¢????????????????????§
s772485720.py(17):         if len(S) != 0:
s772485720.py(18):             u = S.pop()
s772485720.py(19):             v = next(adj, u)
 --- modulename: s772485720, funcname: next
s772485720.py(48):     return [i for i, x in enumerate(adj[u]) if x == 1]
 --- modulename: s772485720, funcname: <listcomp>
s772485720.py(48):     return [i for i, x in enumerate(adj[u]) if x == 1]
s772485720.py(48):     return [i for i, x in enumerate(adj[u]) if x == 1]
s772485720.py(48):     return [i for i, x in enumerate(adj[u]) if x == 1]
s772485720.py(48):     return [i for i, x in enumerate(adj[u]) if x == 1]
s772485720.py(48):     return [i for i, x in enumerate(adj[u]) if x == 1]
s772485720.py(20):             v = [i for i in v if flag[i] == 0] # v <= ??£??\???????????????????????¢?´¢??????????????????
 --- modulename: s772485720, funcname: <listcomp>
s772485720.py(20):             v = [i for i in v if flag[i] == 0] # v <= ??£??\???????????????????????¢?´¢??????????????????
s772485720.py(20):             v = [i for i in v if flag[i] == 0] # v <= ??£??\???????????????????????¢?´¢??????????????????
s772485720.py(21):             if len(v) != 0:
s772485720.py(29):                 flag[u] = 2
s772485720.py(30):                 f[u] = time
s772485720.py(31):                 time = time + 1
s772485720.py(16):     while flag.count(2) != n: # ??¨????????????????????¢?´¢????????????????????§
s772485720.py(40):     return d, f
s772485720.py(66):     for i in range(n):
s772485720.py(67):         print(i+1, d[i], f[i])
1 1 8
s772485720.py(66):     for i in range(n):
s772485720.py(67):         print(i+1, d[i], f[i])
2 2 7
s772485720.py(66):     for i in range(n):
s772485720.py(67):         print(i+1, d[i], f[i])
3 4 5
s772485720.py(66):     for i in range(n):
s772485720.py(67):         print(i+1, d[i], f[i])
4 3 6
s772485720.py(66):     for i in range(n):
