 --- modulename: s353930236, funcname: <module>
s353930236.py(1): from collections import defaultdict
 --- modulename: _bootstrap, funcname: _handle_fromlist
<frozen importlib._bootstrap>(1043): <frozen importlib._bootstrap>(1044): <frozen importlib._bootstrap>(1051): <frozen importlib._bootstrap>(1055): <frozen importlib._bootstrap>(1043): <frozen importlib._bootstrap>(1067): s353930236.py(3): class LCM_mod:
 --- modulename: s353930236, funcname: LCM_mod
s353930236.py(3): class LCM_mod:
s353930236.py(4):     """
s353930236.py(9):     def __init__(self, max_num, p=10**9+7):
s353930236.py(16):     def rep_sqr(self, base, k):
s353930236.py(25):     def sieve(self):
s353930236.py(38):     def lcm_list_mod(self, arr):
s353930236.py(61): class FLT:
 --- modulename: s353930236, funcname: FLT
s353930236.py(61): class FLT:
s353930236.py(62):     def __init__(self, mod=10**9+7):
s353930236.py(65):     def rep_sqr(self, base, k):
s353930236.py(73):     def inv(self, a):
s353930236.py(77): def main():
s353930236.py(93): main()
 --- modulename: s353930236, funcname: main
s353930236.py(78):     n = int(input())
 --- modulename: codecs, funcname: getstate
codecs.py(333):         return (self.buffer, 0)
 --- modulename: codecs, funcname: decode
codecs.py(321):         data = self.buffer + input
codecs.py(322):         (result, consumed) = self._buffer_decode(data, self.errors, final)
codecs.py(324):         self.buffer = data[consumed:]
codecs.py(325):         return result
s353930236.py(79):     a = list(map(int, input().split()))
s353930236.py(80):     MOD = 10**9+7
s353930236.py(82):     lcm_mod = LCM_mod(max(a), MOD)
 --- modulename: s353930236, funcname: __init__
s353930236.py(10):         self.max_num = max_num + 1
s353930236.py(11):         self.p = p
s353930236.py(12):         self.prime = [0 for _ in range(self.max_num)]
 --- modulename: s353930236, funcname: <listcomp>
s353930236.py(12):         self.prime = [0 for _ in range(self.max_num)]
s353930236.py(12):         self.prime = [0 for _ in range(self.max_num)]
s353930236.py(12):         self.prime = [0 for _ in range(self.max_num)]
s353930236.py(12):         self.prime = [0 for _ in range(self.max_num)]
s353930236.py(12):         self.prime = [0 for _ in range(self.max_num)]
s353930236.py(12):         self.prime = [0 for _ in range(self.max_num)]
s353930236.py(13):         self.max_map = defaultdict(int)
s353930236.py(14):         self.sieve()
 --- modulename: s353930236, funcname: sieve
s353930236.py(30):         self.prime[0], self.prime[1] = 1, 1
s353930236.py(31):         for i in range(2, self.max_num):
s353930236.py(32):             if self.prime[i] == 0:
s353930236.py(33):                 for j in range(i * 2, self.max_num, i):
s353930236.py(34):                     if self.prime[j] == 0:
s353930236.py(35):                         self.prime[j] = i
s353930236.py(33):                 for j in range(i * 2, self.max_num, i):
s353930236.py(36):                 self.prime[i] = i
s353930236.py(31):         for i in range(2, self.max_num):
s353930236.py(32):             if self.prime[i] == 0:
s353930236.py(33):                 for j in range(i * 2, self.max_num, i):
s353930236.py(36):                 self.prime[i] = i
s353930236.py(31):         for i in range(2, self.max_num):
s353930236.py(32):             if self.prime[i] == 0:
s353930236.py(31):         for i in range(2, self.max_num):
s353930236.py(83):     lcm_all = lcm_mod.lcm_list_mod(a)
 --- modulename: s353930236, funcname: lcm_list_mod
s353930236.py(43):         for i in range(len(arr)):
s353930236.py(44):             num = arr[i]
s353930236.py(45):             d = defaultdict(int)
s353930236.py(47):             while num > 1:
s353930236.py(48):                 fact = self.prime[num]
s353930236.py(49):                 d[fact] += 1
s353930236.py(50):                 num //= fact
s353930236.py(47):             while num > 1:
s353930236.py(52):             for i in d.keys():
s353930236.py(53):                 self.max_map[i] = max(self.max_map[i], d[i])
s353930236.py(52):             for i in d.keys():
s353930236.py(43):         for i in range(len(arr)):
s353930236.py(44):             num = arr[i]
s353930236.py(45):             d = defaultdict(int)
s353930236.py(47):             while num > 1:
s353930236.py(48):                 fact = self.prime[num]
s353930236.py(49):                 d[fact] += 1
s353930236.py(50):                 num //= fact
s353930236.py(47):             while num > 1:
s353930236.py(52):             for i in d.keys():
s353930236.py(53):                 self.max_map[i] = max(self.max_map[i], d[i])
s353930236.py(52):             for i in d.keys():
s353930236.py(43):         for i in range(len(arr)):
s353930236.py(44):             num = arr[i]
s353930236.py(45):             d = defaultdict(int)
s353930236.py(47):             while num > 1:
s353930236.py(48):                 fact = self.prime[num]
s353930236.py(49):                 d[fact] += 1
s353930236.py(50):                 num //= fact
s353930236.py(47):             while num > 1:
s353930236.py(48):                 fact = self.prime[num]
s353930236.py(49):                 d[fact] += 1
s353930236.py(50):                 num //= fact
s353930236.py(47):             while num > 1:
s353930236.py(52):             for i in d.keys():
s353930236.py(53):                 self.max_map[i] = max(self.max_map[i], d[i])
s353930236.py(52):             for i in d.keys():
s353930236.py(43):         for i in range(len(arr)):
s353930236.py(55):         ans = 1
s353930236.py(56):         for i in self.max_map.keys():
s353930236.py(57):             ans = (ans * self.rep_sqr(i, self.max_map[i])) % self.p
 --- modulename: s353930236, funcname: rep_sqr
s353930236.py(18):         if k == 0:
s353930236.py(20):         elif k % 2 == 0:
s353930236.py(21):             return (self.rep_sqr(base, k / 2) ** 2) % self.p
 --- modulename: s353930236, funcname: rep_sqr
s353930236.py(18):         if k == 0:
s353930236.py(20):         elif k % 2 == 0:
s353930236.py(23):             return (self.rep_sqr(base, k - 1) * base) % self.p
 --- modulename: s353930236, funcname: rep_sqr
s353930236.py(18):         if k == 0:
s353930236.py(19):             return 1
s353930236.py(56):         for i in self.max_map.keys():
s353930236.py(57):             ans = (ans * self.rep_sqr(i, self.max_map[i])) % self.p
 --- modulename: s353930236, funcname: rep_sqr
s353930236.py(18):         if k == 0:
s353930236.py(20):         elif k % 2 == 0:
s353930236.py(23):             return (self.rep_sqr(base, k - 1) * base) % self.p
 --- modulename: s353930236, funcname: rep_sqr
s353930236.py(18):         if k == 0:
s353930236.py(19):             return 1
s353930236.py(56):         for i in self.max_map.keys():
s353930236.py(58):         return ans
s353930236.py(84):     flt = FLT(MOD)
 --- modulename: s353930236, funcname: __init__
s353930236.py(63):         self.mod = mod
s353930236.py(86):     b = list(map(lambda x: lcm_all * flt.inv(x), a))
 --- modulename: s353930236, funcname: <lambda>
s353930236.py(86):     b = list(map(lambda x: lcm_all * flt.inv(x), a))
 --- modulename: s353930236, funcname: inv
s353930236.py(75):         return self.rep_sqr(a, self.mod-2)
 --- modulename: s353930236, funcname: rep_sqr
s353930236.py(66):         if k == 0:
s353930236.py(68):         elif k % 2 == 0:
s353930236.py(71):             return (self.rep_sqr(base, k - 1) * base) % self.mod
 --- modulename: s353930236, funcname: rep_sqr
s353930236.py(66):         if k == 0:
s353930236.py(68):         elif k % 2 == 0:
s353930236.py(69):             return (self.rep_sqr(base, k // 2) ** 2) % self.mod
 --- modulename: s353930236, funcname: rep_sqr
s353930236.py(66):         if k == 0:
s353930236.py(68):         elif k % 2 == 0:
s353930236.py(69):             return (self.rep_sqr(base, k // 2) ** 2) % self.mod
 --- modulename: s353930236, funcname: rep_sqr
s353930236.py(66):         if k == 0:
s353930236.py(68):         elif k % 2 == 0:
s353930236.py(71):             return (self.rep_sqr(base, k - 1) * base) % self.mod
 --- modulename: s353930236, funcname: rep_sqr
s353930236.py(66):         if k == 0:
s353930236.py(68):         elif k % 2 == 0:
s353930236.py(69):             return (self.rep_sqr(base, k // 2) ** 2) % self.mod
 --- modulename: s353930236, funcname: rep_sqr
s353930236.py(66):         if k == 0:
s353930236.py(68):         elif k % 2 == 0:
s353930236.py(69):             return (self.rep_sqr(base, k // 2) ** 2) % self.mod
 --- modulename: s353930236, funcname: rep_sqr
s353930236.py(66):         if k == 0:
s353930236.py(68):         elif k % 2 == 0:
s353930236.py(69):             return (self.rep_sqr(base, k // 2) ** 2) % self.mod
 --- modulename: s353930236, funcname: rep_sqr
s353930236.py(66):         if k == 0:
s353930236.py(68):         elif k % 2 == 0:
s353930236.py(69):             return (self.rep_sqr(base, k // 2) ** 2) % self.mod
 --- modulename: s353930236, funcname: rep_sqr
s353930236.py(66):         if k == 0:
s353930236.py(68):         elif k % 2 == 0:
s353930236.py(69):             return (self.rep_sqr(base, k // 2) ** 2) % self.mod
 --- modulename: s353930236, funcname: rep_sqr
s353930236.py(66):         if k == 0:
s353930236.py(68):         elif k % 2 == 0:
s353930236.py(69):             return (self.rep_sqr(base, k // 2) ** 2) % self.mod
 --- modulename: s353930236, funcname: rep_sqr
s353930236.py(66):         if k == 0:
s353930236.py(68):         elif k % 2 == 0:
s353930236.py(69):             return (self.rep_sqr(base, k // 2) ** 2) % self.mod
 --- modulename: s353930236, funcname: rep_sqr
s353930236.py(66):         if k == 0:
s353930236.py(68):         elif k % 2 == 0:
s353930236.py(71):             return (self.rep_sqr(base, k - 1) * base) % self.mod
 --- modulename: s353930236, funcname: rep_sqr
s353930236.py(66):         if k == 0:
s353930236.py(68):         elif k % 2 == 0:
s353930236.py(69):             return (self.rep_sqr(base, k // 2) ** 2) % self.mod
 --- modulename: s353930236, funcname: rep_sqr
s353930236.py(66):         if k == 0:
s353930236.py(68):         elif k % 2 == 0:
s353930236.py(69):             return (self.rep_sqr(base, k // 2) ** 2) % self.mod
 --- modulename: s353930236, funcname: rep_sqr
s353930236.py(66):         if k == 0:
s353930236.py(68):         elif k % 2 == 0:
s353930236.py(71):             return (self.rep_sqr(base, k - 1) * base) % self.mod
 --- modulename: s353930236, funcname: rep_sqr
s353930236.py(66):         if k == 0:
s353930236.py(68):         elif k % 2 == 0:
s353930236.py(69):             return (self.rep_sqr(base, k // 2) ** 2) % self.mod
 --- modulename: s353930236, funcname: rep_sqr
s353930236.py(66):         if k == 0:
s353930236.py(68):         elif k % 2 == 0:
s353930236.py(69):             return (self.rep_sqr(base, k // 2) ** 2) % self.mod
 --- modulename: s353930236, funcname: rep_sqr
s353930236.py(66):         if k == 0:
s353930236.py(68):         elif k % 2 == 0:
s353930236.py(69):             return (self.rep_sqr(base, k // 2) ** 2) % self.mod
 --- modulename: s353930236, funcname: rep_sqr
s353930236.py(66):         if k == 0:
s353930236.py(68):         elif k % 2 == 0:
s353930236.py(71):             return (self.rep_sqr(base, k - 1) * base) % self.mod
 --- modulename: s353930236, funcname: rep_sqr
s353930236.py(66):         if k == 0:
s353930236.py(68):         elif k % 2 == 0:
s353930236.py(69):             return (self.rep_sqr(base, k // 2) ** 2) % self.mod
 --- modulename: s353930236, funcname: rep_sqr
s353930236.py(66):         if k == 0:
s353930236.py(68):         elif k % 2 == 0:
s353930236.py(71):             return (self.rep_sqr(base, k - 1) * base) % self.mod
 --- modulename: s353930236, funcname: rep_sqr
s353930236.py(66):         if k == 0:
s353930236.py(68):         elif k % 2 == 0:
s353930236.py(69):             return (self.rep_sqr(base, k // 2) ** 2) % self.mod
 --- modulename: s353930236, funcname: rep_sqr
s353930236.py(66):         if k == 0:
s353930236.py(68):         elif k % 2 == 0:
s353930236.py(69):             return (self.rep_sqr(base, k // 2) ** 2) % self.mod
 --- modulename: s353930236, funcname: rep_sqr
s353930236.py(66):         if k == 0:
s353930236.py(68):         elif k % 2 == 0:
s353930236.py(71):             return (self.rep_sqr(base, k - 1) * base) % self.mod
 --- modulename: s353930236, funcname: rep_sqr
s353930236.py(66):         if k == 0:
s353930236.py(68):         elif k % 2 == 0:
s353930236.py(69):             return (self.rep_sqr(base, k // 2) ** 2) % self.mod
 --- modulename: s353930236, funcname: rep_sqr
s353930236.py(66):         if k == 0:
s353930236.py(68):         elif k % 2 == 0:
s353930236.py(69):             return (self.rep_sqr(base, k // 2) ** 2) % self.mod
 --- modulename: s353930236, funcname: rep_sqr
s353930236.py(66):         if k == 0:
s353930236.py(68):         elif k % 2 == 0:
s353930236.py(71):             return (self.rep_sqr(base, k - 1) * base) % self.mod
 --- modulename: s353930236, funcname: rep_sqr
s353930236.py(66):         if k == 0:
s353930236.py(68):         elif k % 2 == 0:
s353930236.py(69):             return (self.rep_sqr(base, k // 2) ** 2) % self.mod
 --- modulename: s353930236, funcname: rep_sqr
s353930236.py(66):         if k == 0:
s353930236.py(68):         elif k % 2 == 0:
s353930236.py(71):             return (self.rep_sqr(base, k - 1) * base) % self.mod
 --- modulename: s353930236, funcname: rep_sqr
s353930236.py(66):         if k == 0:
s353930236.py(68):         elif k % 2 == 0:
s353930236.py(69):             return (self.rep_sqr(base, k // 2) ** 2) % self.mod
 --- modulename: s353930236, funcname: rep_sqr
s353930236.py(66):         if k == 0:
s353930236.py(68):         elif k % 2 == 0:
s353930236.py(69):             return (self.rep_sqr(base, k // 2) ** 2) % self.mod
 --- modulename: s353930236, funcname: rep_sqr
s353930236.py(66):         if k == 0:
s353930236.py(68):         elif k % 2 == 0:
s353930236.py(69):             return (self.rep_sqr(base, k // 2) ** 2) % self.mod
 --- modulename: s353930236, funcname: rep_sqr
s353930236.py(66):         if k == 0:
s353930236.py(68):         elif k % 2 == 0:
s353930236.py(71):             return (self.rep_sqr(base, k - 1) * base) % self.mod
 --- modulename: s353930236, funcname: rep_sqr
s353930236.py(66):         if k == 0:
s353930236.py(68):         elif k % 2 == 0:
s353930236.py(69):             return (self.rep_sqr(base, k // 2) ** 2) % self.mod
 --- modulename: s353930236, funcname: rep_sqr
s353930236.py(66):         if k == 0:
s353930236.py(68):         elif k % 2 == 0:
s353930236.py(71):             return (self.rep_sqr(base, k - 1) * base) % self.mod
 --- modulename: s353930236, funcname: rep_sqr
s353930236.py(66):         if k == 0:
s353930236.py(68):         elif k % 2 == 0:
s353930236.py(69):             return (self.rep_sqr(base, k // 2) ** 2) % self.mod
 --- modulename: s353930236, funcname: rep_sqr
s353930236.py(66):         if k == 0:
s353930236.py(68):         elif k % 2 == 0:
s353930236.py(71):             return (self.rep_sqr(base, k - 1) * base) % self.mod
 --- modulename: s353930236, funcname: rep_sqr
s353930236.py(66):         if k == 0:
s353930236.py(68):         elif k % 2 == 0:
s353930236.py(69):             return (self.rep_sqr(base, k // 2) ** 2) % self.mod
 --- modulename: s353930236, funcname: rep_sqr
s353930236.py(66):         if k == 0:
s353930236.py(68):         elif k % 2 == 0:
s353930236.py(69):             return (self.rep_sqr(base, k // 2) ** 2) % self.mod
 --- modulename: s353930236, funcname: rep_sqr
s353930236.py(66):         if k == 0:
s353930236.py(68):         elif k % 2 == 0:
s353930236.py(71):             return (self.rep_sqr(base, k - 1) * base) % self.mod
 --- modulename: s353930236, funcname: rep_sqr
s353930236.py(66):         if k == 0:
s353930236.py(68):         elif k % 2 == 0:
s353930236.py(69):             return (self.rep_sqr(base, k // 2) ** 2) % self.mod
 --- modulename: s353930236, funcname: rep_sqr
s353930236.py(66):         if k == 0:
s353930236.py(68):         elif k % 2 == 0:
s353930236.py(71):             return (self.rep_sqr(base, k - 1) * base) % self.mod
 --- modulename: s353930236, funcname: rep_sqr
s353930236.py(66):         if k == 0:
s353930236.py(68):         elif k % 2 == 0:
s353930236.py(69):             return (self.rep_sqr(base, k // 2) ** 2) % self.mod
 --- modulename: s353930236, funcname: rep_sqr
s353930236.py(66):         if k == 0:
s353930236.py(68):         elif k % 2 == 0:
s353930236.py(71):             return (self.rep_sqr(base, k - 1) * base) % self.mod
 --- modulename: s353930236, funcname: rep_sqr
s353930236.py(66):         if k == 0:
s353930236.py(67):             return 1
 --- modulename: s353930236, funcname: <lambda>
s353930236.py(86):     b = list(map(lambda x: lcm_all * flt.inv(x), a))
 --- modulename: s353930236, funcname: inv
s353930236.py(75):         return self.rep_sqr(a, self.mod-2)
 --- modulename: s353930236, funcname: rep_sqr
s353930236.py(66):         if k == 0:
s353930236.py(68):         elif k % 2 == 0:
s353930236.py(71):             return (self.rep_sqr(base, k - 1) * base) % self.mod
 --- modulename: s353930236, funcname: rep_sqr
s353930236.py(66):         if k == 0:
s353930236.py(68):         elif k % 2 == 0:
s353930236.py(69):             return (self.rep_sqr(base, k // 2) ** 2) % self.mod
 --- modulename: s353930236, funcname: rep_sqr
s353930236.py(66):         if k == 0:
s353930236.py(68):         elif k % 2 == 0:
s353930236.py(69):             return (self.rep_sqr(base, k // 2) ** 2) % self.mod
 --- modulename: s353930236, funcname: rep_sqr
s353930236.py(66):         if k == 0:
s353930236.py(68):         elif k % 2 == 0:
s353930236.py(71):             return (self.rep_sqr(base, k - 1) * base) % self.mod
 --- modulename: s353930236, funcname: rep_sqr
s353930236.py(66):         if k == 0:
s353930236.py(68):         elif k % 2 == 0:
s353930236.py(69):             return (self.rep_sqr(base, k // 2) ** 2) % self.mod
 --- modulename: s353930236, funcname: rep_sqr
s353930236.py(66):         if k == 0:
s353930236.py(68):         elif k % 2 == 0:
s353930236.py(69):             return (self.rep_sqr(base, k // 2) ** 2) % self.mod
 --- modulename: s353930236, funcname: rep_sqr
s353930236.py(66):         if k == 0:
s353930236.py(68):         elif k % 2 == 0:
s353930236.py(69):             return (self.rep_sqr(base, k // 2) ** 2) % self.mod
 --- modulename: s353930236, funcname: rep_sqr
s353930236.py(66):         if k == 0:
s353930236.py(68):         elif k % 2 == 0:
s353930236.py(69):             return (self.rep_sqr(base, k // 2) ** 2) % self.mod
 --- modulename: s353930236, funcname: rep_sqr
s353930236.py(66):         if k == 0:
s353930236.py(68):         elif k % 2 == 0:
s353930236.py(69):             return (self.rep_sqr(base, k // 2) ** 2) % self.mod
 --- modulename: s353930236, funcname: rep_sqr
s353930236.py(66):         if k == 0:
s353930236.py(68):         elif k % 2 == 0:
s353930236.py(69):             return (self.rep_sqr(base, k // 2) ** 2) % self.mod
 --- modulename: s353930236, funcname: rep_sqr
s353930236.py(66):         if k == 0:
s353930236.py(68):         elif k % 2 == 0:
s353930236.py(69):             return (self.rep_sqr(base, k // 2) ** 2) % self.mod
 --- modulename: s353930236, funcname: rep_sqr
s353930236.py(66):         if k == 0:
s353930236.py(68):         elif k % 2 == 0:
s353930236.py(71):             return (self.rep_sqr(base, k - 1) * base) % self.mod
 --- modulename: s353930236, funcname: rep_sqr
s353930236.py(66):         if k == 0:
s353930236.py(68):         elif k % 2 == 0:
s353930236.py(69):             return (self.rep_sqr(base, k // 2) ** 2) % self.mod
 --- modulename: s353930236, funcname: rep_sqr
s353930236.py(66):         if k == 0:
s353930236.py(68):         elif k % 2 == 0:
s353930236.py(69):             return (self.rep_sqr(base, k // 2) ** 2) % self.mod
 --- modulename: s353930236, funcname: rep_sqr
s353930236.py(66):         if k == 0:
s353930236.py(68):         elif k % 2 == 0:
s353930236.py(71):             return (self.rep_sqr(base, k - 1) * base) % self.mod
 --- modulename: s353930236, funcname: rep_sqr
s353930236.py(66):         if k == 0:
s353930236.py(68):         elif k % 2 == 0:
s353930236.py(69):             return (self.rep_sqr(base, k // 2) ** 2) % self.mod
 --- modulename: s353930236, funcname: rep_sqr
s353930236.py(66):         if k == 0:
s353930236.py(68):         elif k % 2 == 0:
s353930236.py(69):             return (self.rep_sqr(base, k // 2) ** 2) % self.mod
 --- modulename: s353930236, funcname: rep_sqr
s353930236.py(66):         if k == 0:
s353930236.py(68):         elif k % 2 == 0:
s353930236.py(69):             return (self.rep_sqr(base, k // 2) ** 2) % self.mod
 --- modulename: s353930236, funcname: rep_sqr
s353930236.py(66):         if k == 0:
s353930236.py(68):         elif k % 2 == 0:
s353930236.py(71):             return (self.rep_sqr(base, k - 1) * base) % self.mod
 --- modulename: s353930236, funcname: rep_sqr
s353930236.py(66):         if k == 0:
s353930236.py(68):         elif k % 2 == 0:
s353930236.py(69):             return (self.rep_sqr(base, k // 2) ** 2) % self.mod
 --- modulename: s353930236, funcname: rep_sqr
s353930236.py(66):         if k == 0:
s353930236.py(68):         elif k % 2 == 0:
s353930236.py(71):             return (self.rep_sqr(base, k - 1) * base) % self.mod
 --- modulename: s353930236, funcname: rep_sqr
s353930236.py(66):         if k == 0:
s353930236.py(68):         elif k % 2 == 0:
s353930236.py(69):             return (self.rep_sqr(base, k // 2) ** 2) % self.mod
 --- modulename: s353930236, funcname: rep_sqr
s353930236.py(66):         if k == 0:
s353930236.py(68):         elif k % 2 == 0:
s353930236.py(69):             return (self.rep_sqr(base, k // 2) ** 2) % self.mod
 --- modulename: s353930236, funcname: rep_sqr
s353930236.py(66):         if k == 0:
s353930236.py(68):         elif k % 2 == 0:
s353930236.py(71):             return (self.rep_sqr(base, k - 1) * base) % self.mod
 --- modulename: s353930236, funcname: rep_sqr
s353930236.py(66):         if k == 0:
s353930236.py(68):         elif k % 2 == 0:
s353930236.py(69):             return (self.rep_sqr(base, k // 2) ** 2) % self.mod
 --- modulename: s353930236, funcname: rep_sqr
s353930236.py(66):         if k == 0:
s353930236.py(68):         elif k % 2 == 0:
s353930236.py(69):             return (self.rep_sqr(base, k // 2) ** 2) % self.mod
 --- modulename: s353930236, funcname: rep_sqr
s353930236.py(66):         if k == 0:
s353930236.py(68):         elif k % 2 == 0:
s353930236.py(71):             return (self.rep_sqr(base, k - 1) * base) % self.mod
 --- modulename: s353930236, funcname: rep_sqr
s353930236.py(66):         if k == 0:
s353930236.py(68):         elif k % 2 == 0:
s353930236.py(69):             return (self.rep_sqr(base, k // 2) ** 2) % self.mod
 --- modulename: s353930236, funcname: rep_sqr
s353930236.py(66):         if k == 0:
s353930236.py(68):         elif k % 2 == 0:
s353930236.py(71):             return (self.rep_sqr(base, k - 1) * base) % self.mod
 --- modulename: s353930236, funcname: rep_sqr
s353930236.py(66):         if k == 0:
s353930236.py(68):         elif k % 2 == 0:
s353930236.py(69):             return (self.rep_sqr(base, k // 2) ** 2) % self.mod
 --- modulename: s353930236, funcname: rep_sqr
s353930236.py(66):         if k == 0:
s353930236.py(68):         elif k % 2 == 0:
s353930236.py(69):             return (self.rep_sqr(base, k // 2) ** 2) % self.mod
 --- modulename: s353930236, funcname: rep_sqr
s353930236.py(66):         if k == 0:
s353930236.py(68):         elif k % 2 == 0:
s353930236.py(69):             return (self.rep_sqr(base, k // 2) ** 2) % self.mod
 --- modulename: s353930236, funcname: rep_sqr
s353930236.py(66):         if k == 0:
s353930236.py(68):         elif k % 2 == 0:
s353930236.py(71):             return (self.rep_sqr(base, k - 1) * base) % self.mod
 --- modulename: s353930236, funcname: rep_sqr
s353930236.py(66):         if k == 0:
s353930236.py(68):         elif k % 2 == 0:
s353930236.py(69):             return (self.rep_sqr(base, k // 2) ** 2) % self.mod
 --- modulename: s353930236, funcname: rep_sqr
s353930236.py(66):         if k == 0:
s353930236.py(68):         elif k % 2 == 0:
s353930236.py(71):             return (self.rep_sqr(base, k - 1) * base) % self.mod
 --- modulename: s353930236, funcname: rep_sqr
s353930236.py(66):         if k == 0:
s353930236.py(68):         elif k % 2 == 0:
s353930236.py(69):             return (self.rep_sqr(base, k // 2) ** 2) % self.mod
 --- modulename: s353930236, funcname: rep_sqr
s353930236.py(66):         if k == 0:
s353930236.py(68):         elif k % 2 == 0:
s353930236.py(71):             return (self.rep_sqr(base, k - 1) * base) % self.mod
 --- modulename: s353930236, funcname: rep_sqr
s353930236.py(66):         if k == 0:
s353930236.py(68):         elif k % 2 == 0:
s353930236.py(69):             return (self.rep_sqr(base, k // 2) ** 2) % self.mod
 --- modulename: s353930236, funcname: rep_sqr
s353930236.py(66):         if k == 0:
s353930236.py(68):         elif k % 2 == 0:
s353930236.py(69):             return (self.rep_sqr(base, k // 2) ** 2) % self.mod
 --- modulename: s353930236, funcname: rep_sqr
s353930236.py(66):         if k == 0:
s353930236.py(68):         elif k % 2 == 0:
s353930236.py(71):             return (self.rep_sqr(base, k - 1) * base) % self.mod
 --- modulename: s353930236, funcname: rep_sqr
s353930236.py(66):         if k == 0:
s353930236.py(68):         elif k % 2 == 0:
s353930236.py(69):             return (self.rep_sqr(base, k // 2) ** 2) % self.mod
 --- modulename: s353930236, funcname: rep_sqr
s353930236.py(66):         if k == 0:
s353930236.py(68):         elif k % 2 == 0:
s353930236.py(71):             return (self.rep_sqr(base, k - 1) * base) % self.mod
 --- modulename: s353930236, funcname: rep_sqr
s353930236.py(66):         if k == 0:
s353930236.py(68):         elif k % 2 == 0:
s353930236.py(69):             return (self.rep_sqr(base, k // 2) ** 2) % self.mod
 --- modulename: s353930236, funcname: rep_sqr
s353930236.py(66):         if k == 0:
s353930236.py(68):         elif k % 2 == 0:
s353930236.py(71):             return (self.rep_sqr(base, k - 1) * base) % self.mod
 --- modulename: s353930236, funcname: rep_sqr
s353930236.py(66):         if k == 0:
s353930236.py(67):             return 1
 --- modulename: s353930236, funcname: <lambda>
s353930236.py(86):     b = list(map(lambda x: lcm_all * flt.inv(x), a))
 --- modulename: s353930236, funcname: inv
s353930236.py(75):         return self.rep_sqr(a, self.mod-2)
 --- modulename: s353930236, funcname: rep_sqr
s353930236.py(66):         if k == 0:
s353930236.py(68):         elif k % 2 == 0:
s353930236.py(71):             return (self.rep_sqr(base, k - 1) * base) % self.mod
 --- modulename: s353930236, funcname: rep_sqr
s353930236.py(66):         if k == 0:
s353930236.py(68):         elif k % 2 == 0:
s353930236.py(69):             return (self.rep_sqr(base, k // 2) ** 2) % self.mod
 --- modulename: s353930236, funcname: rep_sqr
s353930236.py(66):         if k == 0:
s353930236.py(68):         elif k % 2 == 0:
s353930236.py(69):             return (self.rep_sqr(base, k // 2) ** 2) % self.mod
 --- modulename: s353930236, funcname: rep_sqr
s353930236.py(66):         if k == 0:
s353930236.py(68):         elif k % 2 == 0:
s353930236.py(71):             return (self.rep_sqr(base, k - 1) * base) % self.mod
 --- modulename: s353930236, funcname: rep_sqr
s353930236.py(66):         if k == 0:
s353930236.py(68):         elif k % 2 == 0:
s353930236.py(69):             return (self.rep_sqr(base, k // 2) ** 2) % self.mod
 --- modulename: s353930236, funcname: rep_sqr
s353930236.py(66):         if k == 0:
s353930236.py(68):         elif k % 2 == 0:
s353930236.py(69):             return (self.rep_sqr(base, k // 2) ** 2) % self.mod
 --- modulename: s353930236, funcname: rep_sqr
s353930236.py(66):         if k == 0:
s353930236.py(68):         elif k % 2 == 0:
s353930236.py(69):             return (self.rep_sqr(base, k // 2) ** 2) % self.mod
 --- modulename: s353930236, funcname: rep_sqr
s353930236.py(66):         if k == 0:
s353930236.py(68):         elif k % 2 == 0:
s353930236.py(69):             return (self.rep_sqr(base, k // 2) ** 2) % self.mod
 --- modulename: s353930236, funcname: rep_sqr
s353930236.py(66):         if k == 0:
s353930236.py(68):         elif k % 2 == 0:
s353930236.py(69):             return (self.rep_sqr(base, k // 2) ** 2) % self.mod
 --- modulename: s353930236, funcname: rep_sqr
s353930236.py(66):         if k == 0:
s353930236.py(68):         elif k % 2 == 0:
s353930236.py(69):             return (self.rep_sqr(base, k // 2) ** 2) % self.mod
 --- modulename: s353930236, funcname: rep_sqr
s353930236.py(66):         if k == 0:
s353930236.py(68):         elif k % 2 == 0:
s353930236.py(69):             return (self.rep_sqr(base, k // 2) ** 2) % self.mod
 --- modulename: s353930236, funcname: rep_sqr
s353930236.py(66):         if k == 0:
s353930236.py(68):         elif k % 2 == 0:
s353930236.py(71):             return (self.rep_sqr(base, k - 1) * base) % self.mod
 --- modulename: s353930236, funcname: rep_sqr
s353930236.py(66):         if k == 0:
s353930236.py(68):         elif k % 2 == 0:
s353930236.py(69):             return (self.rep_sqr(base, k // 2) ** 2) % self.mod
 --- modulename: s353930236, funcname: rep_sqr
s353930236.py(66):         if k == 0:
s353930236.py(68):         elif k % 2 == 0:
s353930236.py(69):             return (self.rep_sqr(base, k // 2) ** 2) % self.mod
 --- modulename: s353930236, funcname: rep_sqr
s353930236.py(66):         if k == 0:
s353930236.py(68):         elif k % 2 == 0:
s353930236.py(71):             return (self.rep_sqr(base, k - 1) * base) % self.mod
 --- modulename: s353930236, funcname: rep_sqr
s353930236.py(66):         if k == 0:
s353930236.py(68):         elif k % 2 == 0:
s353930236.py(69):             return (self.rep_sqr(base, k // 2) ** 2) % self.mod
 --- modulename: s353930236, funcname: rep_sqr
s353930236.py(66):         if k == 0:
s353930236.py(68):         elif k % 2 == 0:
s353930236.py(69):             return (self.rep_sqr(base, k // 2) ** 2) % self.mod
 --- modulename: s353930236, funcname: rep_sqr
s353930236.py(66):         if k == 0:
s353930236.py(68):         elif k % 2 == 0:
s353930236.py(69):             return (self.rep_sqr(base, k // 2) ** 2) % self.mod
 --- modulename: s353930236, funcname: rep_sqr
s353930236.py(66):         if k == 0:
s353930236.py(68):         elif k % 2 == 0:
s353930236.py(71):             return (self.rep_sqr(base, k - 1) * base) % self.mod
 --- modulename: s353930236, funcname: rep_sqr
s353930236.py(66):         if k == 0:
s353930236.py(68):         elif k % 2 == 0:
s353930236.py(69):             return (self.rep_sqr(base, k // 2) ** 2) % self.mod
 --- modulename: s353930236, funcname: rep_sqr
s353930236.py(66):         if k == 0:
s353930236.py(68):         elif k % 2 == 0:
s353930236.py(71):             return (self.rep_sqr(base, k - 1) * base) % self.mod
 --- modulename: s353930236, funcname: rep_sqr
s353930236.py(66):         if k == 0:
s353930236.py(68):         elif k % 2 == 0:
s353930236.py(69):             return (self.rep_sqr(base, k // 2) ** 2) % self.mod
 --- modulename: s353930236, funcname: rep_sqr
s353930236.py(66):         if k == 0:
s353930236.py(68):         elif k % 2 == 0:
s353930236.py(69):             return (self.rep_sqr(base, k // 2) ** 2) % self.mod
 --- modulename: s353930236, funcname: rep_sqr
s353930236.py(66):         if k == 0:
s353930236.py(68):         elif k % 2 == 0:
s353930236.py(71):             return (self.rep_sqr(base, k - 1) * base) % self.mod
 --- modulename: s353930236, funcname: rep_sqr
s353930236.py(66):         if k == 0:
s353930236.py(68):         elif k % 2 == 0:
s353930236.py(69):             return (self.rep_sqr(base, k // 2) ** 2) % self.mod
 --- modulename: s353930236, funcname: rep_sqr
s353930236.py(66):         if k == 0:
s353930236.py(68):         elif k % 2 == 0:
s353930236.py(69):             return (self.rep_sqr(base, k // 2) ** 2) % self.mod
 --- modulename: s353930236, funcname: rep_sqr
s353930236.py(66):         if k == 0:
s353930236.py(68):         elif k % 2 == 0:
s353930236.py(71):             return (self.rep_sqr(base, k - 1) * base) % self.mod
 --- modulename: s353930236, funcname: rep_sqr
s353930236.py(66):         if k == 0:
s353930236.py(68):         elif k % 2 == 0:
s353930236.py(69):             return (self.rep_sqr(base, k // 2) ** 2) % self.mod
 --- modulename: s353930236, funcname: rep_sqr
s353930236.py(66):         if k == 0:
s353930236.py(68):         elif k % 2 == 0:
s353930236.py(71):             return (self.rep_sqr(base, k - 1) * base) % self.mod
 --- modulename: s353930236, funcname: rep_sqr
s353930236.py(66):         if k == 0:
s353930236.py(68):         elif k % 2 == 0:
s353930236.py(69):             return (self.rep_sqr(base, k // 2) ** 2) % self.mod
 --- modulename: s353930236, funcname: rep_sqr
s353930236.py(66):         if k == 0:
s353930236.py(68):         elif k % 2 == 0:
s353930236.py(69):             return (self.rep_sqr(base, k // 2) ** 2) % self.mod
 --- modulename: s353930236, funcname: rep_sqr
s353930236.py(66):         if k == 0:
s353930236.py(68):         elif k % 2 == 0:
s353930236.py(69):             return (self.rep_sqr(base, k // 2) ** 2) % self.mod
 --- modulename: s353930236, funcname: rep_sqr
s353930236.py(66):         if k == 0:
s353930236.py(68):         elif k % 2 == 0:
s353930236.py(71):             return (self.rep_sqr(base, k - 1) * base) % self.mod
 --- modulename: s353930236, funcname: rep_sqr
s353930236.py(66):         if k == 0:
s353930236.py(68):         elif k % 2 == 0:
s353930236.py(69):             return (self.rep_sqr(base, k // 2) ** 2) % self.mod
 --- modulename: s353930236, funcname: rep_sqr
s353930236.py(66):         if k == 0:
s353930236.py(68):         elif k % 2 == 0:
s353930236.py(71):             return (self.rep_sqr(base, k - 1) * base) % self.mod
 --- modulename: s353930236, funcname: rep_sqr
s353930236.py(66):         if k == 0:
s353930236.py(68):         elif k % 2 == 0:
s353930236.py(69):             return (self.rep_sqr(base, k // 2) ** 2) % self.mod
 --- modulename: s353930236, funcname: rep_sqr
s353930236.py(66):         if k == 0:
s353930236.py(68):         elif k % 2 == 0:
s353930236.py(71):             return (self.rep_sqr(base, k - 1) * base) % self.mod
 --- modulename: s353930236, funcname: rep_sqr
s353930236.py(66):         if k == 0:
s353930236.py(68):         elif k % 2 == 0:
s353930236.py(69):             return (self.rep_sqr(base, k // 2) ** 2) % self.mod
 --- modulename: s353930236, funcname: rep_sqr
s353930236.py(66):         if k == 0:
s353930236.py(68):         elif k % 2 == 0:
s353930236.py(69):             return (self.rep_sqr(base, k // 2) ** 2) % self.mod
 --- modulename: s353930236, funcname: rep_sqr
s353930236.py(66):         if k == 0:
s353930236.py(68):         elif k % 2 == 0:
s353930236.py(71):             return (self.rep_sqr(base, k - 1) * base) % self.mod
 --- modulename: s353930236, funcname: rep_sqr
s353930236.py(66):         if k == 0:
s353930236.py(68):         elif k % 2 == 0:
s353930236.py(69):             return (self.rep_sqr(base, k // 2) ** 2) % self.mod
 --- modulename: s353930236, funcname: rep_sqr
s353930236.py(66):         if k == 0:
s353930236.py(68):         elif k % 2 == 0:
s353930236.py(71):             return (self.rep_sqr(base, k - 1) * base) % self.mod
 --- modulename: s353930236, funcname: rep_sqr
s353930236.py(66):         if k == 0:
s353930236.py(68):         elif k % 2 == 0:
s353930236.py(69):             return (self.rep_sqr(base, k // 2) ** 2) % self.mod
 --- modulename: s353930236, funcname: rep_sqr
s353930236.py(66):         if k == 0:
s353930236.py(68):         elif k % 2 == 0:
s353930236.py(71):             return (self.rep_sqr(base, k - 1) * base) % self.mod
 --- modulename: s353930236, funcname: rep_sqr
s353930236.py(66):         if k == 0:
s353930236.py(67):             return 1
s353930236.py(87):     ans = 0
s353930236.py(88):     for i in range(len(b)):
s353930236.py(89):         ans += b[i]
s353930236.py(90):         ans %= MOD
s353930236.py(88):     for i in range(len(b)):
s353930236.py(89):         ans += b[i]
s353930236.py(90):         ans %= MOD
s353930236.py(88):     for i in range(len(b)):
s353930236.py(89):         ans += b[i]
s353930236.py(90):         ans %= MOD
s353930236.py(88):     for i in range(len(b)):
s353930236.py(91):     print(ans)
13
