 --- modulename: s354565816, funcname: <module>
s354565816.py(2): def factorial(a):
s354565816.py(8): def combinations(a, b):
s354565816.py(14): def count(m, a, b):
s354565816.py(23): def COUNT(N,K):
s354565816.py(34): N = int(input())
 --- modulename: codecs, funcname: getstate
codecs.py(333):         return (self.buffer, 0)
 --- modulename: codecs, funcname: decode
codecs.py(321):         data = self.buffer + input
codecs.py(322):         (result, consumed) = self._buffer_decode(data, self.errors, final)
codecs.py(324):         self.buffer = data[consumed:]
codecs.py(325):         return result
s354565816.py(35): K = int(input())
s354565816.py(37): C = 0
s354565816.py(38): while (N>0) and (K>0):
s354565816.py(39):     c, N = COUNT(N, K)
 --- modulename: s354565816, funcname: COUNT
s354565816.py(24):     digit = list(map(int, str(N)))
s354565816.py(25):     M = len(digit)
s354565816.py(26):     C = count(digit[0], M, K)
 --- modulename: s354565816, funcname: count
s354565816.py(17):     r = combinations(a-1, b) + (m-1) * combinations(a-1, b-1)
 --- modulename: s354565816, funcname: combinations
s354565816.py(9):     if a>=0 and b>=0 and a >= b:
s354565816.py(10):         return pow(9, b) * factorial(a) // factorial(b) // factorial(a-b)
 --- modulename: s354565816, funcname: factorial
s354565816.py(3):     r = 1
s354565816.py(4):     for i in range(a):
s354565816.py(5):         r *= i+1
s354565816.py(4):     for i in range(a):
s354565816.py(5):         r *= i+1
s354565816.py(4):     for i in range(a):
s354565816.py(6):     return r
 --- modulename: s354565816, funcname: factorial
s354565816.py(3):     r = 1
s354565816.py(4):     for i in range(a):
s354565816.py(5):         r *= i+1
s354565816.py(4):     for i in range(a):
s354565816.py(6):     return r
 --- modulename: s354565816, funcname: factorial
s354565816.py(3):     r = 1
s354565816.py(4):     for i in range(a):
s354565816.py(5):         r *= i+1
s354565816.py(4):     for i in range(a):
s354565816.py(6):     return r
 --- modulename: s354565816, funcname: combinations
s354565816.py(9):     if a>=0 and b>=0 and a >= b:
s354565816.py(10):         return pow(9, b) * factorial(a) // factorial(b) // factorial(a-b)
 --- modulename: s354565816, funcname: factorial
s354565816.py(3):     r = 1
s354565816.py(4):     for i in range(a):
s354565816.py(5):         r *= i+1
s354565816.py(4):     for i in range(a):
s354565816.py(5):         r *= i+1
s354565816.py(4):     for i in range(a):
s354565816.py(6):     return r
 --- modulename: s354565816, funcname: factorial
s354565816.py(3):     r = 1
s354565816.py(4):     for i in range(a):
s354565816.py(6):     return r
 --- modulename: s354565816, funcname: factorial
s354565816.py(3):     r = 1
s354565816.py(4):     for i in range(a):
s354565816.py(5):         r *= i+1
s354565816.py(4):     for i in range(a):
s354565816.py(5):         r *= i+1
s354565816.py(4):     for i in range(a):
s354565816.py(6):     return r
s354565816.py(18):     if b == 1:
s354565816.py(20):         r += 1
s354565816.py(21):     return r
s354565816.py(27):     if len(digit) > 1:
s354565816.py(28):         N_ = int("".join(map(str, digit[1:])))
s354565816.py(31):     return C, N_
s354565816.py(40):     C+= c
s354565816.py(41):     K-= 1
s354565816.py(38): while (N>0) and (K>0):
s354565816.py(43): print(C)    
19
