 --- modulename: s356545873, funcname: <module>
s356545873.py(1): S = int(input())
 --- modulename: codecs, funcname: getstate
codecs.py(333):         return (self.buffer, 0)
 --- modulename: codecs, funcname: decode
codecs.py(321):         data = self.buffer + input
codecs.py(322):         (result, consumed) = self._buffer_decode(data, self.errors, final)
codecs.py(324):         self.buffer = data[consumed:]
codecs.py(325):         return result
s356545873.py(3): MOD = 10**9 + 7
s356545873.py(4): class Mint:
 --- modulename: s356545873, funcname: Mint
s356545873.py(4): class Mint:
s356545873.py(5):     def __init__(self, value=0):
s356545873.py(9):     @staticmethod
s356545873.py(10):     def get_value(x): return x.value if isinstance(x, Mint) else x
s356545873.py(12):     def inverse(self):
s356545873.py(22):     def __repr__(self): return str(self.value)
s356545873.py(23):     def __eq__(self, other): return self.value == other.value
s356545873.py(24):     def __neg__(self): return Mint(-self.value)
s356545873.py(25):     def __hash__(self): return hash(self.value)
s356545873.py(26):     def __bool__(self): return self.value != 0
s356545873.py(28):     def __iadd__(self, other):
s356545873.py(32):     def __add__(self, other):
s356545873.py(36):     __radd__ = __add__
s356545873.py(38):     def __isub__(self, other):
s356545873.py(43):     def __sub__(self, other):
s356545873.py(48):     def __rsub__(self, other):
s356545873.py(53):     def __imul__(self, other):
s356545873.py(57):     def __mul__(self, other):
s356545873.py(61):     __rmul__ = __mul__
s356545873.py(63):     def __ifloordiv__(self, other):
s356545873.py(68):     def __floordiv__(self, other):
s356545873.py(73):     def __rfloordiv__(self, other):
s356545873.py(78): class FactorialUtils:
 --- modulename: s356545873, funcname: FactorialUtils
s356545873.py(78): class FactorialUtils:
s356545873.py(79):     def __init__(self, n):
s356545873.py(86):     def choose(self, n, r):
s356545873.py(90):     def multichoose(self, u, k):
s356545873.py(93):     def permutation(self, n, r):
s356545873.py(97): fu = FactorialUtils(S)
 --- modulename: s356545873, funcname: __init__
s356545873.py(80):         self.fac = [1] * (n + 1)
s356545873.py(81):         self.ifac = [1] * (n + 1)
s356545873.py(82):         for i in range(2, n + 1): self.fac[i] = self.fac[i - 1] * i % MOD
s356545873.py(82):         for i in range(2, n + 1): self.fac[i] = self.fac[i - 1] * i % MOD
s356545873.py(82):         for i in range(2, n + 1): self.fac[i] = self.fac[i - 1] * i % MOD
s356545873.py(82):         for i in range(2, n + 1): self.fac[i] = self.fac[i - 1] * i % MOD
s356545873.py(82):         for i in range(2, n + 1): self.fac[i] = self.fac[i - 1] * i % MOD
s356545873.py(82):         for i in range(2, n + 1): self.fac[i] = self.fac[i - 1] * i % MOD
s356545873.py(82):         for i in range(2, n + 1): self.fac[i] = self.fac[i - 1] * i % MOD
s356545873.py(83):         self.ifac[n] = pow(self.fac[n], MOD - 2, MOD)
s356545873.py(84):         for i in range(n, 1, -1): self.ifac[i - 1] = self.ifac[i] * i % MOD
s356545873.py(84):         for i in range(n, 1, -1): self.ifac[i - 1] = self.ifac[i] * i % MOD
s356545873.py(84):         for i in range(n, 1, -1): self.ifac[i - 1] = self.ifac[i] * i % MOD
s356545873.py(84):         for i in range(n, 1, -1): self.ifac[i - 1] = self.ifac[i] * i % MOD
s356545873.py(84):         for i in range(n, 1, -1): self.ifac[i - 1] = self.ifac[i] * i % MOD
s356545873.py(84):         for i in range(n, 1, -1): self.ifac[i - 1] = self.ifac[i] * i % MOD
s356545873.py(84):         for i in range(n, 1, -1): self.ifac[i - 1] = self.ifac[i] * i % MOD
s356545873.py(98): ans = Mint()
 --- modulename: s356545873, funcname: __init__
s356545873.py(6):         self.value = value % MOD
s356545873.py(7):         if self.value < 0: self.value += MOD
s356545873.py(99): for n in range(1, S + 1):
s356545873.py(100):     if S < 3 * n: break
s356545873.py(101):     r = S - 3 * n
s356545873.py(102):     ans += fu.multichoose(n, r)
 --- modulename: s356545873, funcname: multichoose
s356545873.py(91):         return (self.fac[u + k - 1] * self.ifac[u - 1] % MOD) * self.ifac[k] % MOD
 --- modulename: s356545873, funcname: __iadd__
s356545873.py(29):         self.value = (self.value + Mint.get_value(other)) % MOD
 --- modulename: s356545873, funcname: get_value
s356545873.py(10):     def get_value(x): return x.value if isinstance(x, Mint) else x
s356545873.py(30):         return self
s356545873.py(99): for n in range(1, S + 1):
s356545873.py(100):     if S < 3 * n: break
s356545873.py(101):     r = S - 3 * n
s356545873.py(102):     ans += fu.multichoose(n, r)
 --- modulename: s356545873, funcname: multichoose
s356545873.py(91):         return (self.fac[u + k - 1] * self.ifac[u - 1] % MOD) * self.ifac[k] % MOD
 --- modulename: s356545873, funcname: __iadd__
s356545873.py(29):         self.value = (self.value + Mint.get_value(other)) % MOD
 --- modulename: s356545873, funcname: get_value
s356545873.py(10):     def get_value(x): return x.value if isinstance(x, Mint) else x
s356545873.py(30):         return self
s356545873.py(99): for n in range(1, S + 1):
s356545873.py(100):     if S < 3 * n: break
s356545873.py(103): print(ans)
 --- modulename: s356545873, funcname: __repr__
s356545873.py(22):     def __repr__(self): return str(self.value)
3
