 --- modulename: s358677427, funcname: <module>
s358677427.py(1): class Point(object):
 --- modulename: s358677427, funcname: Point
s358677427.py(1): class Point(object):
s358677427.py(2):     __slots__ = ["x", "y"]
s358677427.py(4):     def __init__(self, x, y):
s358677427.py(8):     def __iter__(self):
s358677427.py(12):     def __add__(self, other: "Point") -> "Point":
s358677427.py(15):     def __sub__(self, other: "Point") -> "Point":
s358677427.py(18):     def __mul__(self, s: int):
s358677427.py(21):     def project(self, vector: "Vector") -> "Point":
s358677427.py(24):     def reflect(self, vector: "Vector") -> "Point":
s358677427.py(28): class Vector(object):
 --- modulename: s358677427, funcname: Vector
s358677427.py(28): class Vector(object):
s358677427.py(29):     __slots__ = ["p1", "p2", "x", "y", "norm", "abs"]
s358677427.py(31):     def __init__(self, p1: Point, p2: Point):
s358677427.py(39):     def __mul__(self, s):
s358677427.py(42):     def __lt__(self, other: "Vector"):
s358677427.py(45):     def __gt__(self, other: "Vector"):
s358677427.py(48):     def dot(self, other: "Vector"):
s358677427.py(51):     def cross(self, other: "Vector"):
s358677427.py(55): if __name__ == "__main__":
s358677427.py(56):     a = list(map(int, input().split()))
 --- modulename: codecs, funcname: getstate
codecs.py(333):         return (self.buffer, 0)
 --- modulename: codecs, funcname: decode
codecs.py(321):         data = self.buffer + input
codecs.py(322):         (result, consumed) = self._buffer_decode(data, self.errors, final)
codecs.py(324):         self.buffer = data[consumed:]
codecs.py(325):         return result
s358677427.py(57):     p1, p2 = Point(*a[:2]), Point(*a[2:])
 --- modulename: s358677427, funcname: __init__
s358677427.py(5):         self.x = x
s358677427.py(6):         self.y = y
 --- modulename: s358677427, funcname: __init__
s358677427.py(5):         self.x = x
s358677427.py(6):         self.y = y
s358677427.py(58):     vector1 = Vector(p1, p2)
 --- modulename: s358677427, funcname: __init__
s358677427.py(32):         self.p1 = p1
s358677427.py(33):         self.p2 = p2
s358677427.py(34):         self.x = p2.x - p1.x
s358677427.py(35):         self.y = p2.y - p1.y
s358677427.py(36):         self.norm = self.x ** 2 + self.y ** 2
s358677427.py(37):         self.abs = abs(self.x + self.y)
s358677427.py(59):     for p3 in (Point(*map(int, input().split())) for _ in [0]*int(input())):
 --- modulename: s358677427, funcname: <genexpr>
s358677427.py(59):     for p3 in (Point(*map(int, input().split())) for _ in [0]*int(input())):
 --- modulename: s358677427, funcname: __init__
s358677427.py(5):         self.x = x
s358677427.py(6):         self.y = y
s358677427.py(60):         vector2 = Vector(p1, p3)
 --- modulename: s358677427, funcname: __init__
s358677427.py(32):         self.p1 = p1
s358677427.py(33):         self.p2 = p2
s358677427.py(34):         self.x = p2.x - p1.x
s358677427.py(35):         self.y = p2.y - p1.y
s358677427.py(36):         self.norm = self.x ** 2 + self.y ** 2
s358677427.py(37):         self.abs = abs(self.x + self.y)
s358677427.py(61):         if vector1.cross(vector2) > 0:
 --- modulename: s358677427, funcname: cross
s358677427.py(52):         return self.x * other.y - self.y * other.x
s358677427.py(62):             print("COUNTER_CLOCKWISE")
COUNTER_CLOCKWISE
s358677427.py(59):     for p3 in (Point(*map(int, input().split())) for _ in [0]*int(input())):
 --- modulename: s358677427, funcname: <genexpr>
s358677427.py(59):     for p3 in (Point(*map(int, input().split())) for _ in [0]*int(input())):
 --- modulename: s358677427, funcname: __init__
s358677427.py(5):         self.x = x
s358677427.py(6):         self.y = y
s358677427.py(60):         vector2 = Vector(p1, p3)
 --- modulename: s358677427, funcname: __init__
s358677427.py(32):         self.p1 = p1
s358677427.py(33):         self.p2 = p2
s358677427.py(34):         self.x = p2.x - p1.x
s358677427.py(35):         self.y = p2.y - p1.y
s358677427.py(36):         self.norm = self.x ** 2 + self.y ** 2
s358677427.py(37):         self.abs = abs(self.x + self.y)
s358677427.py(61):         if vector1.cross(vector2) > 0:
 --- modulename: s358677427, funcname: cross
s358677427.py(52):         return self.x * other.y - self.y * other.x
s358677427.py(63):         elif vector1.cross(vector2) < 0:
 --- modulename: s358677427, funcname: cross
s358677427.py(52):         return self.x * other.y - self.y * other.x
s358677427.py(64):             print("CLOCKWISE")
CLOCKWISE
s358677427.py(59):     for p3 in (Point(*map(int, input().split())) for _ in [0]*int(input())):
 --- modulename: s358677427, funcname: <genexpr>
s358677427.py(59):     for p3 in (Point(*map(int, input().split())) for _ in [0]*int(input())):
