 --- modulename: s358185666, funcname: <module>
s358185666.py(1): import sys
s358185666.py(2): input = sys.stdin.readline
s358185666.py(3): def main():
s358185666.py(24): class UnionFindTree:
 --- modulename: s358185666, funcname: UnionFindTree
s358185666.py(24): class UnionFindTree:
s358185666.py(25):     def __init__(self, n):
s358185666.py(28):     def root(self, x):
s358185666.py(36):     def same(self, x, y): return self.root(x) == self.root(y)
s358185666.py(38):     def count(self, x): return -self.parent[self.root(x)]
s358185666.py(40):     def unite(self, x, y):
s358185666.py(47): if __name__ == '__main__':
s358185666.py(48):     main()
 --- modulename: s358185666, funcname: main
s358185666.py(4):     N, M, K=map(int, input().split())
 --- modulename: codecs, funcname: getstate
codecs.py(333):         return (self.buffer, 0)
 --- modulename: codecs, funcname: decode
codecs.py(321):         data = self.buffer + input
codecs.py(322):         (result, consumed) = self._buffer_decode(data, self.errors, final)
codecs.py(324):         self.buffer = data[consumed:]
codecs.py(325):         return result
s358185666.py(5):     friend_or_block = [0] * N
s358185666.py(6):     friends_chain = UnionFindTree(N)
 --- modulename: s358185666, funcname: __init__
s358185666.py(26):         self.parent = [-1] * n
s358185666.py(8):     for _ in range(M):
s358185666.py(9):         a, b = map(int, input().split())
s358185666.py(10):         a, b = a-1, b-1
s358185666.py(11):         friends_chain.unite(a, b)
 --- modulename: s358185666, funcname: unite
s358185666.py(41):         xr, yr = self.root(x), self.root(y)
 --- modulename: s358185666, funcname: root
s358185666.py(29):         p, s = self.parent[x], list()
s358185666.py(30):         while p >= 0:
s358185666.py(33):         for c in s: self.parent[c] = x
s358185666.py(34):         return x
 --- modulename: s358185666, funcname: root
s358185666.py(29):         p, s = self.parent[x], list()
s358185666.py(30):         while p >= 0:
s358185666.py(33):         for c in s: self.parent[c] = x
s358185666.py(34):         return x
s358185666.py(42):         if xr == yr: return
s358185666.py(43):         if self.parent[xr] > self.parent[yr]: xr, yr = yr, xr
s358185666.py(44):         self.parent[xr] += self.parent[yr]
s358185666.py(45):         self.parent[yr] = xr
s358185666.py(12):         friend_or_block[a] += 1
s358185666.py(13):         friend_or_block[b] += 1
s358185666.py(8):     for _ in range(M):
s358185666.py(9):         a, b = map(int, input().split())
s358185666.py(10):         a, b = a-1, b-1
s358185666.py(11):         friends_chain.unite(a, b)
 --- modulename: s358185666, funcname: unite
s358185666.py(41):         xr, yr = self.root(x), self.root(y)
 --- modulename: s358185666, funcname: root
s358185666.py(29):         p, s = self.parent[x], list()
s358185666.py(30):         while p >= 0:
s358185666.py(31):             s.append(x)
s358185666.py(32):             x, p = p, self.parent[p]
s358185666.py(30):         while p >= 0:
s358185666.py(33):         for c in s: self.parent[c] = x
s358185666.py(33):         for c in s: self.parent[c] = x
s358185666.py(34):         return x
 --- modulename: s358185666, funcname: root
s358185666.py(29):         p, s = self.parent[x], list()
s358185666.py(30):         while p >= 0:
s358185666.py(33):         for c in s: self.parent[c] = x
s358185666.py(34):         return x
s358185666.py(42):         if xr == yr: return
s358185666.py(43):         if self.parent[xr] > self.parent[yr]: xr, yr = yr, xr
s358185666.py(44):         self.parent[xr] += self.parent[yr]
s358185666.py(45):         self.parent[yr] = xr
s358185666.py(12):         friend_or_block[a] += 1
s358185666.py(13):         friend_or_block[b] += 1
s358185666.py(8):     for _ in range(M):
s358185666.py(9):         a, b = map(int, input().split())
s358185666.py(10):         a, b = a-1, b-1
s358185666.py(11):         friends_chain.unite(a, b)
 --- modulename: s358185666, funcname: unite
s358185666.py(41):         xr, yr = self.root(x), self.root(y)
 --- modulename: s358185666, funcname: root
s358185666.py(29):         p, s = self.parent[x], list()
s358185666.py(30):         while p >= 0:
s358185666.py(31):             s.append(x)
s358185666.py(32):             x, p = p, self.parent[p]
s358185666.py(30):         while p >= 0:
s358185666.py(33):         for c in s: self.parent[c] = x
s358185666.py(33):         for c in s: self.parent[c] = x
s358185666.py(34):         return x
 --- modulename: s358185666, funcname: root
s358185666.py(29):         p, s = self.parent[x], list()
s358185666.py(30):         while p >= 0:
s358185666.py(33):         for c in s: self.parent[c] = x
s358185666.py(34):         return x
s358185666.py(42):         if xr == yr: return
s358185666.py(12):         friend_or_block[a] += 1
s358185666.py(13):         friend_or_block[b] += 1
s358185666.py(8):     for _ in range(M):
s358185666.py(9):         a, b = map(int, input().split())
s358185666.py(10):         a, b = a-1, b-1
s358185666.py(11):         friends_chain.unite(a, b)
 --- modulename: s358185666, funcname: unite
s358185666.py(41):         xr, yr = self.root(x), self.root(y)
 --- modulename: s358185666, funcname: root
s358185666.py(29):         p, s = self.parent[x], list()
s358185666.py(30):         while p >= 0:
s358185666.py(31):             s.append(x)
s358185666.py(32):             x, p = p, self.parent[p]
s358185666.py(30):         while p >= 0:
s358185666.py(33):         for c in s: self.parent[c] = x
s358185666.py(33):         for c in s: self.parent[c] = x
s358185666.py(34):         return x
 --- modulename: s358185666, funcname: root
s358185666.py(29):         p, s = self.parent[x], list()
s358185666.py(30):         while p >= 0:
s358185666.py(33):         for c in s: self.parent[c] = x
s358185666.py(34):         return x
s358185666.py(42):         if xr == yr: return
s358185666.py(43):         if self.parent[xr] > self.parent[yr]: xr, yr = yr, xr
s358185666.py(44):         self.parent[xr] += self.parent[yr]
s358185666.py(45):         self.parent[yr] = xr
s358185666.py(12):         friend_or_block[a] += 1
s358185666.py(13):         friend_or_block[b] += 1
s358185666.py(8):     for _ in range(M):
s358185666.py(15):     for _ in range(K):
s358185666.py(16):         c, d = map(int, input().split())
s358185666.py(17):         c, d = c-1, d-1
s358185666.py(18):         if friends_chain.same(c, d):
 --- modulename: s358185666, funcname: same
s358185666.py(36):     def same(self, x, y): return self.root(x) == self.root(y)
 --- modulename: s358185666, funcname: root
s358185666.py(29):         p, s = self.parent[x], list()
s358185666.py(30):         while p >= 0:
s358185666.py(31):             s.append(x)
s358185666.py(32):             x, p = p, self.parent[p]
s358185666.py(30):         while p >= 0:
s358185666.py(33):         for c in s: self.parent[c] = x
s358185666.py(33):         for c in s: self.parent[c] = x
s358185666.py(34):         return x
 --- modulename: s358185666, funcname: root
s358185666.py(29):         p, s = self.parent[x], list()
s358185666.py(30):         while p >= 0:
s358185666.py(31):             s.append(x)
s358185666.py(32):             x, p = p, self.parent[p]
s358185666.py(30):         while p >= 0:
s358185666.py(33):         for c in s: self.parent[c] = x
s358185666.py(33):         for c in s: self.parent[c] = x
s358185666.py(34):         return x
s358185666.py(19):             friend_or_block[c] += 1
s358185666.py(20):             friend_or_block[d] += 1
s358185666.py(15):     for _ in range(K):
s358185666.py(22):     print(*[friends_chain.count(i) - friend_or_block[i] - 1 for i in range(N)])
 --- modulename: s358185666, funcname: <listcomp>
s358185666.py(22):     print(*[friends_chain.count(i) - friend_or_block[i] - 1 for i in range(N)])
 --- modulename: s358185666, funcname: count
s358185666.py(38):     def count(self, x): return -self.parent[self.root(x)]
 --- modulename: s358185666, funcname: root
s358185666.py(29):         p, s = self.parent[x], list()
s358185666.py(30):         while p >= 0:
s358185666.py(31):             s.append(x)
s358185666.py(32):             x, p = p, self.parent[p]
s358185666.py(30):         while p >= 0:
s358185666.py(33):         for c in s: self.parent[c] = x
s358185666.py(33):         for c in s: self.parent[c] = x
s358185666.py(34):         return x
s358185666.py(22):     print(*[friends_chain.count(i) - friend_or_block[i] - 1 for i in range(N)])
 --- modulename: s358185666, funcname: count
s358185666.py(38):     def count(self, x): return -self.parent[self.root(x)]
 --- modulename: s358185666, funcname: root
s358185666.py(29):         p, s = self.parent[x], list()
s358185666.py(30):         while p >= 0:
s358185666.py(33):         for c in s: self.parent[c] = x
s358185666.py(34):         return x
s358185666.py(22):     print(*[friends_chain.count(i) - friend_or_block[i] - 1 for i in range(N)])
 --- modulename: s358185666, funcname: count
s358185666.py(38):     def count(self, x): return -self.parent[self.root(x)]
 --- modulename: s358185666, funcname: root
s358185666.py(29):         p, s = self.parent[x], list()
s358185666.py(30):         while p >= 0:
s358185666.py(31):             s.append(x)
s358185666.py(32):             x, p = p, self.parent[p]
s358185666.py(30):         while p >= 0:
s358185666.py(33):         for c in s: self.parent[c] = x
s358185666.py(33):         for c in s: self.parent[c] = x
s358185666.py(34):         return x
s358185666.py(22):     print(*[friends_chain.count(i) - friend_or_block[i] - 1 for i in range(N)])
 --- modulename: s358185666, funcname: count
s358185666.py(38):     def count(self, x): return -self.parent[self.root(x)]
 --- modulename: s358185666, funcname: root
s358185666.py(29):         p, s = self.parent[x], list()
s358185666.py(30):         while p >= 0:
s358185666.py(31):             s.append(x)
s358185666.py(32):             x, p = p, self.parent[p]
s358185666.py(30):         while p >= 0:
s358185666.py(33):         for c in s: self.parent[c] = x
s358185666.py(33):         for c in s: self.parent[c] = x
s358185666.py(34):         return x
s358185666.py(22):     print(*[friends_chain.count(i) - friend_or_block[i] - 1 for i in range(N)])
0 1 0 1
