 --- modulename: s362345382, funcname: <module>
s362345382.py(1): import sys
s362345382.py(2): from collections import defaultdict
 --- modulename: _bootstrap, funcname: _handle_fromlist
<frozen importlib._bootstrap>(1043): <frozen importlib._bootstrap>(1044): <frozen importlib._bootstrap>(1051): <frozen importlib._bootstrap>(1055): <frozen importlib._bootstrap>(1043): <frozen importlib._bootstrap>(1067): s362345382.py(4): input = sys.stdin.readline
s362345382.py(7): class UnionFind(object):
 --- modulename: s362345382, funcname: UnionFind
s362345382.py(7): class UnionFind(object):
s362345382.py(8):     def __init__(self, n=1):
s362345382.py(12):     def find(self, x):
s362345382.py(19):     def union(self, x, y):
s362345382.py(29):     def is_same(self, x, y):
s362345382.py(33): N, K, L = map(int, input().split())
 --- modulename: codecs, funcname: getstate
codecs.py(333):         return (self.buffer, 0)
 --- modulename: codecs, funcname: decode
codecs.py(321):         data = self.buffer + input
codecs.py(322):         (result, consumed) = self._buffer_decode(data, self.errors, final)
codecs.py(324):         self.buffer = data[consumed:]
codecs.py(325):         return result
s362345382.py(35): uf1 = UnionFind(N)
 --- modulename: s362345382, funcname: __init__
s362345382.py(9):         self.par = [i for i in range(n)]
 --- modulename: s362345382, funcname: <listcomp>
s362345382.py(9):         self.par = [i for i in range(n)]
s362345382.py(9):         self.par = [i for i in range(n)]
s362345382.py(9):         self.par = [i for i in range(n)]
s362345382.py(9):         self.par = [i for i in range(n)]
s362345382.py(9):         self.par = [i for i in range(n)]
s362345382.py(10):         self.rank = [0 for _ in range(n)]
 --- modulename: s362345382, funcname: <listcomp>
s362345382.py(10):         self.rank = [0 for _ in range(n)]
s362345382.py(10):         self.rank = [0 for _ in range(n)]
s362345382.py(10):         self.rank = [0 for _ in range(n)]
s362345382.py(10):         self.rank = [0 for _ in range(n)]
s362345382.py(10):         self.rank = [0 for _ in range(n)]
s362345382.py(36): for _ in range(K):
s362345382.py(37):     p, q = map(int, input().split())
s362345382.py(38):     uf1.union(p - 1, q - 1)
 --- modulename: s362345382, funcname: union
s362345382.py(20):         x = self.find(x)
 --- modulename: s362345382, funcname: find
s362345382.py(13):         if self.par[x] == x:
s362345382.py(14):             return x
s362345382.py(21):         y = self.find(y)
 --- modulename: s362345382, funcname: find
s362345382.py(13):         if self.par[x] == x:
s362345382.py(14):             return x
s362345382.py(22):         if x != y:
s362345382.py(23):             if self.rank[x] < self.rank[y]:
s362345382.py(25):             if self.rank[x] == self.rank[y]:
s362345382.py(26):                 self.rank[x] += 1
s362345382.py(27):             self.par[y] = x
s362345382.py(36): for _ in range(K):
s362345382.py(37):     p, q = map(int, input().split())
s362345382.py(38):     uf1.union(p - 1, q - 1)
 --- modulename: s362345382, funcname: union
s362345382.py(20):         x = self.find(x)
 --- modulename: s362345382, funcname: find
s362345382.py(13):         if self.par[x] == x:
s362345382.py(16):             self.par[x] = self.find(self.par[x])
 --- modulename: s362345382, funcname: find
s362345382.py(13):         if self.par[x] == x:
s362345382.py(14):             return x
s362345382.py(17):             return self.par[x]
s362345382.py(21):         y = self.find(y)
 --- modulename: s362345382, funcname: find
s362345382.py(13):         if self.par[x] == x:
s362345382.py(14):             return x
s362345382.py(22):         if x != y:
s362345382.py(23):             if self.rank[x] < self.rank[y]:
s362345382.py(25):             if self.rank[x] == self.rank[y]:
s362345382.py(27):             self.par[y] = x
s362345382.py(36): for _ in range(K):
s362345382.py(37):     p, q = map(int, input().split())
s362345382.py(38):     uf1.union(p - 1, q - 1)
 --- modulename: s362345382, funcname: union
s362345382.py(20):         x = self.find(x)
 --- modulename: s362345382, funcname: find
s362345382.py(13):         if self.par[x] == x:
s362345382.py(16):             self.par[x] = self.find(self.par[x])
 --- modulename: s362345382, funcname: find
s362345382.py(13):         if self.par[x] == x:
s362345382.py(14):             return x
s362345382.py(17):             return self.par[x]
s362345382.py(21):         y = self.find(y)
 --- modulename: s362345382, funcname: find
s362345382.py(13):         if self.par[x] == x:
s362345382.py(14):             return x
s362345382.py(22):         if x != y:
s362345382.py(23):             if self.rank[x] < self.rank[y]:
s362345382.py(25):             if self.rank[x] == self.rank[y]:
s362345382.py(27):             self.par[y] = x
s362345382.py(36): for _ in range(K):
s362345382.py(40): uf2 = UnionFind(N)
 --- modulename: s362345382, funcname: __init__
s362345382.py(9):         self.par = [i for i in range(n)]
 --- modulename: s362345382, funcname: <listcomp>
s362345382.py(9):         self.par = [i for i in range(n)]
s362345382.py(9):         self.par = [i for i in range(n)]
s362345382.py(9):         self.par = [i for i in range(n)]
s362345382.py(9):         self.par = [i for i in range(n)]
s362345382.py(9):         self.par = [i for i in range(n)]
s362345382.py(10):         self.rank = [0 for _ in range(n)]
 --- modulename: s362345382, funcname: <listcomp>
s362345382.py(10):         self.rank = [0 for _ in range(n)]
s362345382.py(10):         self.rank = [0 for _ in range(n)]
s362345382.py(10):         self.rank = [0 for _ in range(n)]
s362345382.py(10):         self.rank = [0 for _ in range(n)]
s362345382.py(10):         self.rank = [0 for _ in range(n)]
s362345382.py(41): for _ in range(L):
s362345382.py(42):     s, t = map(int, input().split())
s362345382.py(43):     uf2.union(s - 1, t - 1)
 --- modulename: s362345382, funcname: union
s362345382.py(20):         x = self.find(x)
 --- modulename: s362345382, funcname: find
s362345382.py(13):         if self.par[x] == x:
s362345382.py(14):             return x
s362345382.py(21):         y = self.find(y)
 --- modulename: s362345382, funcname: find
s362345382.py(13):         if self.par[x] == x:
s362345382.py(14):             return x
s362345382.py(22):         if x != y:
s362345382.py(23):             if self.rank[x] < self.rank[y]:
s362345382.py(25):             if self.rank[x] == self.rank[y]:
s362345382.py(26):                 self.rank[x] += 1
s362345382.py(27):             self.par[y] = x
s362345382.py(41): for _ in range(L):
s362345382.py(45): c = defaultdict(int)
s362345382.py(46): for i in range(N):
s362345382.py(47):     x = uf1.find(i)
 --- modulename: s362345382, funcname: find
s362345382.py(13):         if self.par[x] == x:
s362345382.py(14):             return x
s362345382.py(48):     y = uf2.find(i)
 --- modulename: s362345382, funcname: find
s362345382.py(13):         if self.par[x] == x:
s362345382.py(14):             return x
s362345382.py(49):     c[(x, y)] += 1
s362345382.py(46): for i in range(N):
s362345382.py(47):     x = uf1.find(i)
 --- modulename: s362345382, funcname: find
s362345382.py(13):         if self.par[x] == x:
s362345382.py(16):             self.par[x] = self.find(self.par[x])
 --- modulename: s362345382, funcname: find
s362345382.py(13):         if self.par[x] == x:
s362345382.py(14):             return x
s362345382.py(17):             return self.par[x]
s362345382.py(48):     y = uf2.find(i)
 --- modulename: s362345382, funcname: find
s362345382.py(13):         if self.par[x] == x:
s362345382.py(14):             return x
s362345382.py(49):     c[(x, y)] += 1
s362345382.py(46): for i in range(N):
s362345382.py(47):     x = uf1.find(i)
 --- modulename: s362345382, funcname: find
s362345382.py(13):         if self.par[x] == x:
s362345382.py(16):             self.par[x] = self.find(self.par[x])
 --- modulename: s362345382, funcname: find
s362345382.py(13):         if self.par[x] == x:
s362345382.py(14):             return x
s362345382.py(17):             return self.par[x]
s362345382.py(48):     y = uf2.find(i)
 --- modulename: s362345382, funcname: find
s362345382.py(13):         if self.par[x] == x:
s362345382.py(16):             self.par[x] = self.find(self.par[x])
 --- modulename: s362345382, funcname: find
s362345382.py(13):         if self.par[x] == x:
s362345382.py(14):             return x
s362345382.py(17):             return self.par[x]
s362345382.py(49):     c[(x, y)] += 1
s362345382.py(46): for i in range(N):
s362345382.py(47):     x = uf1.find(i)
 --- modulename: s362345382, funcname: find
s362345382.py(13):         if self.par[x] == x:
s362345382.py(16):             self.par[x] = self.find(self.par[x])
 --- modulename: s362345382, funcname: find
s362345382.py(13):         if self.par[x] == x:
s362345382.py(14):             return x
s362345382.py(17):             return self.par[x]
s362345382.py(48):     y = uf2.find(i)
 --- modulename: s362345382, funcname: find
s362345382.py(13):         if self.par[x] == x:
s362345382.py(14):             return x
s362345382.py(49):     c[(x, y)] += 1
s362345382.py(46): for i in range(N):
s362345382.py(51): for i in range(N):
s362345382.py(52):     x = uf1.find(i)
 --- modulename: s362345382, funcname: find
s362345382.py(13):         if self.par[x] == x:
s362345382.py(14):             return x
s362345382.py(53):     y = uf2.find(i)
 --- modulename: s362345382, funcname: find
s362345382.py(13):         if self.par[x] == x:
s362345382.py(14):             return x
s362345382.py(54):     print(c[(x, y)], end=' ')
1 s362345382.py(51): for i in range(N):
s362345382.py(52):     x = uf1.find(i)
 --- modulename: s362345382, funcname: find
s362345382.py(13):         if self.par[x] == x:
s362345382.py(16):             self.par[x] = self.find(self.par[x])
 --- modulename: s362345382, funcname: find
s362345382.py(13):         if self.par[x] == x:
s362345382.py(14):             return x
s362345382.py(17):             return self.par[x]
s362345382.py(53):     y = uf2.find(i)
 --- modulename: s362345382, funcname: find
s362345382.py(13):         if self.par[x] == x:
s362345382.py(14):             return x
s362345382.py(54):     print(c[(x, y)], end=' ')
2 s362345382.py(51): for i in range(N):
s362345382.py(52):     x = uf1.find(i)
 --- modulename: s362345382, funcname: find
s362345382.py(13):         if self.par[x] == x:
s362345382.py(16):             self.par[x] = self.find(self.par[x])
 --- modulename: s362345382, funcname: find
s362345382.py(13):         if self.par[x] == x:
s362345382.py(14):             return x
s362345382.py(17):             return self.par[x]
s362345382.py(53):     y = uf2.find(i)
 --- modulename: s362345382, funcname: find
s362345382.py(13):         if self.par[x] == x:
s362345382.py(16):             self.par[x] = self.find(self.par[x])
 --- modulename: s362345382, funcname: find
s362345382.py(13):         if self.par[x] == x:
s362345382.py(14):             return x
s362345382.py(17):             return self.par[x]
s362345382.py(54):     print(c[(x, y)], end=' ')
2 s362345382.py(51): for i in range(N):
s362345382.py(52):     x = uf1.find(i)
 --- modulename: s362345382, funcname: find
s362345382.py(13):         if self.par[x] == x:
s362345382.py(16):             self.par[x] = self.find(self.par[x])
 --- modulename: s362345382, funcname: find
s362345382.py(13):         if self.par[x] == x:
s362345382.py(14):             return x
s362345382.py(17):             return self.par[x]
s362345382.py(53):     y = uf2.find(i)
 --- modulename: s362345382, funcname: find
s362345382.py(13):         if self.par[x] == x:
s362345382.py(14):             return x
s362345382.py(54):     print(c[(x, y)], end=' ')
1 s362345382.py(51): for i in range(N):
s362345382.py(55): print()

