 --- modulename: s362159264, funcname: <module>
s362159264.py(1): data = input().split()
 --- modulename: codecs, funcname: getstate
codecs.py(333):         return (self.buffer, 0)
 --- modulename: codecs, funcname: decode
codecs.py(321):         data = self.buffer + input
codecs.py(322):         (result, consumed) = self._buffer_decode(data, self.errors, final)
codecs.py(324):         self.buffer = data[consumed:]
codecs.py(325):         return result
s362159264.py(6): n = 1000
s362159264.py(7): S = [0 for i in range(n)]
 --- modulename: s362159264, funcname: <listcomp>
s362159264.py(7): S = [0 for i in range(n)]
s362159264.py(7): S = [0 for i in range(n)]
s362159264.py(7): S = [0 for i in range(n)]
s362159264.py(7): S = [0 for i in range(n)]
s362159264.py(7): S = [0 for i in range(n)]
s362159264.py(7): S = [0 for i in range(n)]
s362159264.py(7): S = [0 for i in range(n)]
s362159264.py(7): S = [0 for i in range(n)]
s362159264.py(7): S = [0 for i in range(n)]
s362159264.py(7): S = [0 for i in range(n)]
s362159264.py(7): S = [0 for i in range(n)]
s362159264.py(7): S = [0 for i in range(n)]
s362159264.py(7): S = [0 for i in range(n)]
s362159264.py(7): S = [0 for i in range(n)]
s362159264.py(7): S = [0 for i in range(n)]
s362159264.py(7): S = [0 for i in range(n)]
s362159264.py(7): S = [0 for i in range(n)]
s362159264.py(7): S = [0 for i in range(n)]
s362159264.py(7): S = [0 for i in range(n)]
s362159264.py(7): S = [0 for i in range(n)]
s362159264.py(7): S = [0 for i in range(n)]
s362159264.py(7): S = [0 for i in range(n)]
s362159264.py(7): S = [0 for i in range(n)]
s362159264.py(7): S = [0 for i in range(n)]
s362159264.py(7): S = [0 for i in range(n)]
s362159264.py(7): S = [0 for i in range(n)]
s362159264.py(7): S = [0 for i in range(n)]
s362159264.py(7): S = [0 for i in range(n)]
s362159264.py(7): S = [0 for i in range(n)]
s362159264.py(7): S = [0 for i in range(n)]
s362159264.py(7): S = [0 for i in range(n)]
s362159264.py(7): S = [0 for i in range(n)]
s362159264.py(7): S = [0 for i in range(n)]
s362159264.py(7): S = [0 for i in range(n)]
s362159264.py(7): S = [0 for i in range(n)]
s362159264.py(7): S = [0 for i in range(n)]
s362159264.py(7): S = [0 for i in range(n)]
s362159264.py(7): S = [0 for i in range(n)]
s362159264.py(7): S = [0 for i in range(n)]
s362159264.py(7): S = [0 for i in range(n)]
s362159264.py(7): S = [0 for i in range(n)]
s362159264.py(7): S = [0 for i in range(n)]
s362159264.py(7): S = [0 for i in range(n)]
s362159264.py(7): S = [0 for i in range(n)]
s362159264.py(7): S = [0 for i in range(n)]
s362159264.py(7): S = [0 for i in range(n)]
s362159264.py(7): S = [0 for i in range(n)]
s362159264.py(7): S = [0 for i in range(n)]
s362159264.py(7): S = [0 for i in range(n)]
s362159264.py(7): S = [0 for i in range(n)]
s362159264.py(7): S = [0 for i in range(n)]
s362159264.py(7): S = [0 for i in range(n)]
s362159264.py(7): S = [0 for i in range(n)]
s362159264.py(7): S = [0 for i in range(n)]
s362159264.py(7): S = [0 for i in range(n)]
s362159264.py(7): S = [0 for i in range(n)]
s362159264.py(7): S = [0 for i in range(n)]
s362159264.py(7): S = [0 for i in range(n)]
s362159264.py(7): S = [0 for i in range(n)]
s362159264.py(7): S = [0 for i in range(n)]
s362159264.py(7): S = [0 for i in range(n)]
s362159264.py(7): S = [0 for i in range(n)]
s362159264.py(7): S = [0 for i in range(n)]
s362159264.py(7): S = [0 for i in range(n)]
s362159264.py(7): S = [0 for i in range(n)]
s362159264.py(7): S = [0 for i in range(n)]
s362159264.py(7): S = [0 for i in range(n)]
s362159264.py(7): S = [0 for i in range(n)]
s362159264.py(7): S = [0 for i in range(n)]
s362159264.py(7): S = [0 for i in range(n)]
s362159264.py(7): S = [0 for i in range(n)]
s362159264.py(7): S = [0 for i in range(n)]
s362159264.py(7): S = [0 for i in range(n)]
s362159264.py(7): S = [0 for i in range(n)]
s362159264.py(7): S = [0 for i in range(n)]
s362159264.py(7): S = [0 for i in range(n)]
s362159264.py(7): S = [0 for i in range(n)]
s362159264.py(7): S = [0 for i in range(n)]
s362159264.py(7): S = [0 for i in range(n)]
s362159264.py(7): S = [0 for i in range(n)]
s362159264.py(7): S = [0 for i in range(n)]
s362159264.py(7): S = [0 for i in range(n)]
s362159264.py(7): S = [0 for i in range(n)]
s362159264.py(7): S = [0 for i in range(n)]
s362159264.py(7): S = [0 for i in range(n)]
s362159264.py(7): S = [0 for i in range(n)]
s362159264.py(7): S = [0 for i in range(n)]
s362159264.py(7): S = [0 for i in range(n)]
s362159264.py(7): S = [0 for i in range(n)]
s362159264.py(7): S = [0 for i in range(n)]
s362159264.py(7): S = [0 for i in range(n)]
s362159264.py(7): S = [0 for i in range(n)]
s362159264.py(7): S = [0 for i in range(n)]
s362159264.py(7): S = [0 for i in range(n)]
s362159264.py(7): S = [0 for i in range(n)]
s362159264.py(7): S = [0 for i in range(n)]
s362159264.py(7): S = [0 for i in range(n)]
s362159264.py(7): S = [0 for i in range(n)]
s362159264.py(7): S = [0 for i in range(n)]
s362159264.py(7): S = [0 for i in range(n)]
s362159264.py(7): S = [0 for i in range(n)]
s362159264.py(7): S = [0 for i in range(n)]
s362159264.py(7): S = [0 for i in range(n)]
s362159264.py(7): S = [0 for i in range(n)]
s362159264.py(7): S = [0 for i in range(n)]
s362159264.py(7): S = [0 for i in range(n)]
s362159264.py(7): S = [0 for i in range(n)]
s362159264.py(7): S = [0 for i in range(n)]
s362159264.py(7): S = [0 for i in range(n)]
s362159264.py(7): S = [0 for i in range(n)]
s362159264.py(7): S = [0 for i in range(n)]
s362159264.py(7): S = [0 for i in range(n)]
s362159264.py(7): S = [0 for i in range(n)]
s362159264.py(7): S = [0 for i in range(n)]
s362159264.py(7): S = [0 for i in range(n)]
s362159264.py(7): S = [0 for i in range(n)]
s362159264.py(7): S = [0 for i in range(n)]
s362159264.py(7): S = [0 for i in range(n)]
s362159264.py(7): S = [0 for i in range(n)]
s362159264.py(7): S = [0 for i in range(n)]
s362159264.py(7): S = [0 for i in range(n)]
s362159264.py(7): S = [0 for i in range(n)]
s362159264.py(7): S = [0 for i in range(n)]
s362159264.py(7): S = [0 for i in range(n)]
s362159264.py(7): S = [0 for i in range(n)]
s362159264.py(7): S = [0 for i in range(n)]
s362159264.py(7): S = [0 for i in range(n)]
s362159264.py(7): S = [0 for i in range(n)]
s362159264.py(7): S = [0 for i in range(n)]
s362159264.py(7): S = [0 for i in range(n)]
s362159264.py(7): S = [0 for i in range(n)]
s362159264.py(7): S = [0 for i in range(n)]
s362159264.py(7): S = [0 for i in range(n)]
s362159264.py(7): S = [0 for i in range(n)]
s362159264.py(7): S = [0 for i in range(n)]
s362159264.py(7): S = [0 for i in range(n)]
s362159264.py(7): S = [0 for i in range(n)]
s362159264.py(7): S = [0 for i in range(n)]
s362159264.py(7): S = [0 for i in range(n)]
s362159264.py(7): S = [0 for i in range(n)]
s362159264.py(7): S = [0 for i in range(n)]
s362159264.py(7): S = [0 for i in range(n)]
s362159264.py(7): S = [0 for i in range(n)]
s362159264.py(7): S = [0 for i in range(n)]
s362159264.py(7): S = [0 for i in range(n)]
s362159264.py(7): S = [0 for i in range(n)]
s362159264.py(7): S = [0 for i in range(n)]
s362159264.py(7): S = [0 for i in range(n)]
s362159264.py(7): S = [0 for i in range(n)]
s362159264.py(7): S = [0 for i in range(n)]
s362159264.py(7): S = [0 for i in range(n)]
s362159264.py(7): S = [0 for i in range(n)]
s362159264.py(7): S = [0 for i in range(n)]
s362159264.py(7): S = [0 for i in range(n)]
s362159264.py(7): S = [0 for i in range(n)]
s362159264.py(7): S = [0 for i in range(n)]
s362159264.py(7): S = [0 for i in range(n)]
s362159264.py(7): S = [0 for i in range(n)]
s362159264.py(7): S = [0 for i in range(n)]
s362159264.py(7): S = [0 for i in range(n)]
s362159264.py(7): S = [0 for i in range(n)]
s362159264.py(7): S = [0 for i in range(n)]
s362159264.py(7): S = [0 for i in range(n)]
s362159264.py(7): S = [0 for i in range(n)]
s362159264.py(7): S = [0 for i in range(n)]
s362159264.py(7): S = [0 for i in range(n)]
s362159264.py(7): S = [0 for i in range(n)]
s362159264.py(7): S = [0 for i in range(n)]
s362159264.py(7): S = [0 for i in range(n)]
s362159264.py(7): S = [0 for i in range(n)]
s362159264.py(7): S = [0 for i in range(n)]
s362159264.py(7): S = [0 for i in range(n)]
s362159264.py(7): S = [0 for i in range(n)]
s362159264.py(7): S = [0 for i in range(n)]
s362159264.py(7): S = [0 for i in range(n)]
s362159264.py(7): S = [0 for i in range(n)]
s362159264.py(7): S = [0 for i in range(n)]
s362159264.py(7): S = [0 for i in range(n)]
s362159264.py(7): S = [0 for i in range(n)]
s362159264.py(7): S = [0 for i in range(n)]
s362159264.py(7): S = [0 for i in range(n)]
s362159264.py(7): S = [0 for i in range(n)]
s362159264.py(7): S = [0 for i in range(n)]
s362159264.py(7): S = [0 for i in range(n)]
s362159264.py(7): S = [0 for i in range(n)]
s362159264.py(7): S = [0 for i in range(n)]
s362159264.py(7): S = [0 for i in range(n)]
s362159264.py(7): S = [0 for i in range(n)]
s362159264.py(7): S = [0 for i in range(n)]
s362159264.py(7): S = [0 for i in range(n)]
s362159264.py(7): S = [0 for i in range(n)]
s362159264.py(7): S = [0 for i in range(n)]
s362159264.py(7): S = [0 for i in range(n)]
s362159264.py(7): S = [0 for i in range(n)]
s362159264.py(7): S = [0 for i in range(n)]
s362159264.py(7): S = [0 for i in range(n)]
s362159264.py(7): S = [0 for i in range(n)]
s362159264.py(7): S = [0 for i in range(n)]
s362159264.py(7): S = [0 for i in range(n)]
s362159264.py(7): S = [0 for i in range(n)]
s362159264.py(7): S = [0 for i in range(n)]
s362159264.py(7): S = [0 for i in range(n)]
s362159264.py(7): S = [0 for i in range(n)]
s362159264.py(7): S = [0 for i in range(n)]
s362159264.py(7): S = [0 for i in range(n)]
s362159264.py(7): S = [0 for i in range(n)]
s362159264.py(7): S = [0 for i in range(n)]
s362159264.py(7): S = [0 for i in range(n)]
s362159264.py(7): S = [0 for i in range(n)]
s362159264.py(7): S = [0 for i in range(n)]
s362159264.py(7): S = [0 for i in range(n)]
s362159264.py(7): S = [0 for i in range(n)]
s362159264.py(7): S = [0 for i in range(n)]
s362159264.py(7): S = [0 for i in range(n)]
s362159264.py(7): S = [0 for i in range(n)]
s362159264.py(7): S = [0 for i in range(n)]
s362159264.py(7): S = [0 for i in range(n)]
s362159264.py(7): S = [0 for i in range(n)]
s362159264.py(7): S = [0 for i in range(n)]
s362159264.py(7): S = [0 for i in range(n)]
s362159264.py(7): S = [0 for i in range(n)]
s362159264.py(7): S = [0 for i in range(n)]
s362159264.py(7): S = [0 for i in range(n)]
s362159264.py(7): S = [0 for i in range(n)]
s362159264.py(7): S = [0 for i in range(n)]
s362159264.py(7): S = [0 for i in range(n)]
s362159264.py(7): S = [0 for i in range(n)]
s362159264.py(7): S = [0 for i in range(n)]
s362159264.py(7): S = [0 for i in range(n)]
s362159264.py(7): S = [0 for i in range(n)]
s362159264.py(7): S = [0 for i in range(n)]
s362159264.py(7): S = [0 for i in range(n)]
s362159264.py(7): S = [0 for i in range(n)]
s362159264.py(7): S = [0 for i in range(n)]
s362159264.py(7): S = [0 for i in range(n)]
s362159264.py(7): S = [0 for i in range(n)]
s362159264.py(7): S = [0 for i in range(n)]
s362159264.py(7): S = [0 for i in range(n)]
s362159264.py(7): S = [0 for i in range(n)]
s362159264.py(7): S = [0 for i in range(n)]
s362159264.py(7): S = [0 for i in range(n)]
s362159264.py(7): S = [0 for i in range(n)]
s362159264.py(7): S = [0 for i in range(n)]
s362159264.py(7): S = [0 for i in range(n)]
s362159264.py(7): S = [0 for i in range(n)]
s362159264.py(7): S = [0 for i in range(n)]
s362159264.py(7): S = [0 for i in range(n)]
s362159264.py(7): S = [0 for i in range(n)]
s362159264.py(7): S = [0 for i in range(n)]
s362159264.py(7): S = [0 for i in range(n)]
s362159264.py(7): S = [0 for i in range(n)]
s362159264.py(7): S = [0 for i in range(n)]
s362159264.py(7): S = [0 for i in range(n)]
s362159264.py(7): S = [0 for i in range(n)]
s362159264.py(7): S = [0 for i in range(n)]
s362159264.py(7): S = [0 for i in range(n)]
s362159264.py(7): S = [0 for i in range(n)]
s362159264.py(7): S = [0 for i in range(n)]
s362159264.py(7): S = [0 for i in range(n)]
s362159264.py(7): S = [0 for i in range(n)]
s362159264.py(7): S = [0 for i in range(n)]
s362159264.py(7): S = [0 for i in range(n)]
s362159264.py(7): S = [0 for i in range(n)]
s362159264.py(7): S = [0 for i in range(n)]
s362159264.py(7): S = [0 for i in range(n)]
s362159264.py(7): S = [0 for i in range(n)]
s362159264.py(7): S = [0 for i in range(n)]
s362159264.py(7): S = [0 for i in range(n)]
s362159264.py(7): S = [0 for i in range(n)]
s362159264.py(7): S = [0 for i in range(n)]
s362159264.py(7): S = [0 for i in range(n)]
s362159264.py(7): S = [0 for i in range(n)]
s362159264.py(7): S = [0 for i in range(n)]
s362159264.py(7): S = [0 for i in range(n)]
s362159264.py(7): S = [0 for i in range(n)]
s362159264.py(7): S = [0 for i in range(n)]
s362159264.py(7): S = [0 for i in range(n)]
s362159264.py(7): S = [0 for i in range(n)]
s362159264.py(7): S = [0 for i in range(n)]
s362159264.py(7): S = [0 for i in range(n)]
s362159264.py(7): S = [0 for i in range(n)]
s362159264.py(7): S = [0 for i in range(n)]
s362159264.py(7): S = [0 for i in range(n)]
s362159264.py(7): S = [0 for i in range(n)]
s362159264.py(7): S = [0 for i in range(n)]
s362159264.py(7): S = [0 for i in range(n)]
s362159264.py(7): S = [0 for i in range(n)]
s362159264.py(7): S = [0 for i in range(n)]
s362159264.py(7): S = [0 for i in range(n)]
s362159264.py(7): S = [0 for i in range(n)]
s362159264.py(7): S = [0 for i in range(n)]
s362159264.py(7): S = [0 for i in range(n)]
s362159264.py(7): S = [0 for i in range(n)]
s362159264.py(7): S = [0 for i in range(n)]
s362159264.py(7): S = [0 for i in range(n)]
s362159264.py(7): S = [0 for i in range(n)]
s362159264.py(7): S = [0 for i in range(n)]
s362159264.py(7): S = [0 for i in range(n)]
s362159264.py(7): S = [0 for i in range(n)]
s362159264.py(7): S = [0 for i in range(n)]
s362159264.py(7): S = [0 for i in range(n)]
s362159264.py(7): S = [0 for i in range(n)]
s362159264.py(7): S = [0 for i in range(n)]
s362159264.py(7): S = [0 for i in range(n)]
s362159264.py(7): S = [0 for i in range(n)]
s362159264.py(7): S = [0 for i in range(n)]
s362159264.py(7): S = [0 for i in range(n)]
s362159264.py(7): S = [0 for i in range(n)]
s362159264.py(7): S = [0 for i in range(n)]
s362159264.py(7): S = [0 for i in range(n)]
s362159264.py(7): S = [0 for i in range(n)]
s362159264.py(7): S = [0 for i in range(n)]
s362159264.py(7): S = [0 for i in range(n)]
s362159264.py(7): S = [0 for i in range(n)]
s362159264.py(7): S = [0 for i in range(n)]
s362159264.py(7): S = [0 for i in range(n)]
s362159264.py(7): S = [0 for i in range(n)]
s362159264.py(7): S = [0 for i in range(n)]
s362159264.py(7): S = [0 for i in range(n)]
s362159264.py(7): S = [0 for i in range(n)]
s362159264.py(7): S = [0 for i in range(n)]
s362159264.py(7): S = [0 for i in range(n)]
s362159264.py(7): S = [0 for i in range(n)]
s362159264.py(7): S = [0 for i in range(n)]
s362159264.py(7): S = [0 for i in range(n)]
s362159264.py(7): S = [0 for i in range(n)]
s362159264.py(7): S = [0 for i in range(n)]
s362159264.py(7): S = [0 for i in range(n)]
s362159264.py(7): S = [0 for i in range(n)]
s362159264.py(7): S = [0 for i in range(n)]
s362159264.py(7): S = [0 for i in range(n)]
s362159264.py(7): S = [0 for i in range(n)]
s362159264.py(7): S = [0 for i in range(n)]
s362159264.py(7): S = [0 for i in range(n)]
s362159264.py(7): S = [0 for i in range(n)]
s362159264.py(7): S = [0 for i in range(n)]
s362159264.py(7): S = [0 for i in range(n)]
s362159264.py(7): S = [0 for i in range(n)]
s362159264.py(7): S = [0 for i in range(n)]
s362159264.py(7): S = [0 for i in range(n)]
s362159264.py(7): S = [0 for i in range(n)]
s362159264.py(7): S = [0 for i in range(n)]
s362159264.py(7): S = [0 for i in range(n)]
s362159264.py(7): S = [0 for i in range(n)]
s362159264.py(7): S = [0 for i in range(n)]
s362159264.py(7): S = [0 for i in range(n)]
s362159264.py(7): S = [0 for i in range(n)]
s362159264.py(7): S = [0 for i in range(n)]
s362159264.py(7): S = [0 for i in range(n)]
s362159264.py(7): S = [0 for i in range(n)]
s362159264.py(7): S = [0 for i in range(n)]
s362159264.py(7): S = [0 for i in range(n)]
s362159264.py(7): S = [0 for i in range(n)]
s362159264.py(7): S = [0 for i in range(n)]
s362159264.py(7): S = [0 for i in range(n)]
s362159264.py(7): S = [0 for i in range(n)]
s362159264.py(7): S = [0 for i in range(n)]
s362159264.py(7): S = [0 for i in range(n)]
s362159264.py(7): S = [0 for i in range(n)]
s362159264.py(7): S = [0 for i in range(n)]
s362159264.py(7): S = [0 for i in range(n)]
s362159264.py(7): S = [0 for i in range(n)]
s362159264.py(7): S = [0 for i in range(n)]
s362159264.py(7): S = [0 for i in range(n)]
s362159264.py(7): S = [0 for i in range(n)]
s362159264.py(7): S = [0 for i in range(n)]
s362159264.py(7): S = [0 for i in range(n)]
s362159264.py(7): S = [0 for i in range(n)]
s362159264.py(7): S = [0 for i in range(n)]
s362159264.py(7): S = [0 for i in range(n)]
s362159264.py(7): S = [0 for i in range(n)]
s362159264.py(7): S = [0 for i in range(n)]
s362159264.py(7): S = [0 for i in range(n)]
s362159264.py(7): S = [0 for i in range(n)]
s362159264.py(7): S = [0 for i in range(n)]
s362159264.py(7): S = [0 for i in range(n)]
s362159264.py(7): S = [0 for i in range(n)]
s362159264.py(7): S = [0 for i in range(n)]
s362159264.py(7): S = [0 for i in range(n)]
s362159264.py(7): S = [0 for i in range(n)]
s362159264.py(7): S = [0 for i in range(n)]
s362159264.py(7): S = [0 for i in range(n)]
s362159264.py(7): S = [0 for i in range(n)]
s362159264.py(7): S = [0 for i in range(n)]
s362159264.py(7): S = [0 for i in range(n)]
s362159264.py(7): S = [0 for i in range(n)]
s362159264.py(7): S = [0 for i in range(n)]
s362159264.py(7): S = [0 for i in range(n)]
s362159264.py(7): S = [0 for i in range(n)]
s362159264.py(7): S = [0 for i in range(n)]
s362159264.py(7): S = [0 for i in range(n)]
s362159264.py(7): S = [0 for i in range(n)]
s362159264.py(7): S = [0 for i in range(n)]
s362159264.py(7): S = [0 for i in range(n)]
s362159264.py(7): S = [0 for i in range(n)]
s362159264.py(7): S = [0 for i in range(n)]
s362159264.py(7): S = [0 for i in range(n)]
s362159264.py(7): S = [0 for i in range(n)]
s362159264.py(7): S = [0 for i in range(n)]
s362159264.py(7): S = [0 for i in range(n)]
s362159264.py(7): S = [0 for i in range(n)]
s362159264.py(7): S = [0 for i in range(n)]
s362159264.py(7): S = [0 for i in range(n)]
s362159264.py(7): S = [0 for i in range(n)]
s362159264.py(7): S = [0 for i in range(n)]
s362159264.py(7): S = [0 for i in range(n)]
s362159264.py(7): S = [0 for i in range(n)]
s362159264.py(7): S = [0 for i in range(n)]
s362159264.py(7): S = [0 for i in range(n)]
s362159264.py(7): S = [0 for i in range(n)]
s362159264.py(7): S = [0 for i in range(n)]
s362159264.py(7): S = [0 for i in range(n)]
s362159264.py(7): S = [0 for i in range(n)]
s362159264.py(7): S = [0 for i in range(n)]
s362159264.py(7): S = [0 for i in range(n)]
s362159264.py(7): S = [0 for i in range(n)]
s362159264.py(7): S = [0 for i in range(n)]
s362159264.py(7): S = [0 for i in range(n)]
s362159264.py(7): S = [0 for i in range(n)]
s362159264.py(7): S = [0 for i in range(n)]
s362159264.py(7): S = [0 for i in range(n)]
s362159264.py(7): S = [0 for i in range(n)]
s362159264.py(7): S = [0 for i in range(n)]
s362159264.py(7): S = [0 for i in range(n)]
s362159264.py(7): S = [0 for i in range(n)]
s362159264.py(7): S = [0 for i in range(n)]
s362159264.py(7): S = [0 for i in range(n)]
s362159264.py(7): S = [0 for i in range(n)]
s362159264.py(7): S = [0 for i in range(n)]
s362159264.py(7): S = [0 for i in range(n)]
s362159264.py(7): S = [0 for i in range(n)]
s362159264.py(7): S = [0 for i in range(n)]
s362159264.py(7): S = [0 for i in range(n)]
s362159264.py(7): S = [0 for i in range(n)]
s362159264.py(7): S = [0 for i in range(n)]
s362159264.py(7): S = [0 for i in range(n)]
s362159264.py(7): S = [0 for i in range(n)]
s362159264.py(7): S = [0 for i in range(n)]
s362159264.py(7): S = [0 for i in range(n)]
s362159264.py(7): S = [0 for i in range(n)]
s362159264.py(7): S = [0 for i in range(n)]
s362159264.py(7): S = [0 for i in range(n)]
s362159264.py(7): S = [0 for i in range(n)]
s362159264.py(7): S = [0 for i in range(n)]
s362159264.py(7): S = [0 for i in range(n)]
s362159264.py(7): S = [0 for i in range(n)]
s362159264.py(7): S = [0 for i in range(n)]
s362159264.py(7): S = [0 for i in range(n)]
s362159264.py(7): S = [0 for i in range(n)]
s362159264.py(7): S = [0 for i in range(n)]
s362159264.py(7): S = [0 for i in range(n)]
s362159264.py(7): S = [0 for i in range(n)]
s362159264.py(7): S = [0 for i in range(n)]
s362159264.py(7): S = [0 for i in range(n)]
s362159264.py(7): S = [0 for i in range(n)]
s362159264.py(7): S = [0 for i in range(n)]
s362159264.py(7): S = [0 for i in range(n)]
s362159264.py(7): S = [0 for i in range(n)]
s362159264.py(7): S = [0 for i in range(n)]
s362159264.py(7): S = [0 for i in range(n)]
s362159264.py(7): S = [0 for i in range(n)]
s362159264.py(7): S = [0 for i in range(n)]
s362159264.py(7): S = [0 for i in range(n)]
s362159264.py(7): S = [0 for i in range(n)]
s362159264.py(7): S = [0 for i in range(n)]
s362159264.py(7): S = [0 for i in range(n)]
s362159264.py(7): S = [0 for i in range(n)]
s362159264.py(7): S = [0 for i in range(n)]
s362159264.py(7): S = [0 for i in range(n)]
s362159264.py(7): S = [0 for i in range(n)]
s362159264.py(7): S = [0 for i in range(n)]
s362159264.py(7): S = [0 for i in range(n)]
s362159264.py(7): S = [0 for i in range(n)]
s362159264.py(7): S = [0 for i in range(n)]
s362159264.py(7): S = [0 for i in range(n)]
s362159264.py(7): S = [0 for i in range(n)]
s362159264.py(7): S = [0 for i in range(n)]
s362159264.py(7): S = [0 for i in range(n)]
s362159264.py(7): S = [0 for i in range(n)]
s362159264.py(7): S = [0 for i in range(n)]
s362159264.py(7): S = [0 for i in range(n)]
s362159264.py(7): S = [0 for i in range(n)]
s362159264.py(7): S = [0 for i in range(n)]
s362159264.py(7): S = [0 for i in range(n)]
s362159264.py(7): S = [0 for i in range(n)]
s362159264.py(7): S = [0 for i in range(n)]
s362159264.py(7): S = [0 for i in range(n)]
s362159264.py(7): S = [0 for i in range(n)]
s362159264.py(7): S = [0 for i in range(n)]
s362159264.py(7): S = [0 for i in range(n)]
s362159264.py(7): S = [0 for i in range(n)]
s362159264.py(7): S = [0 for i in range(n)]
s362159264.py(7): S = [0 for i in range(n)]
s362159264.py(7): S = [0 for i in range(n)]
s362159264.py(7): S = [0 for i in range(n)]
s362159264.py(7): S = [0 for i in range(n)]
s362159264.py(7): S = [0 for i in range(n)]
s362159264.py(7): S = [0 for i in range(n)]
s362159264.py(7): S = [0 for i in range(n)]
s362159264.py(7): S = [0 for i in range(n)]
s362159264.py(7): S = [0 for i in range(n)]
s362159264.py(7): S = [0 for i in range(n)]
s362159264.py(7): S = [0 for i in range(n)]
s362159264.py(7): S = [0 for i in range(n)]
s362159264.py(7): S = [0 for i in range(n)]
s362159264.py(7): S = [0 for i in range(n)]
s362159264.py(7): S = [0 for i in range(n)]
s362159264.py(7): S = [0 for i in range(n)]
s362159264.py(7): S = [0 for i in range(n)]
s362159264.py(7): S = [0 for i in range(n)]
s362159264.py(7): S = [0 for i in range(n)]
s362159264.py(7): S = [0 for i in range(n)]
s362159264.py(7): S = [0 for i in range(n)]
s362159264.py(7): S = [0 for i in range(n)]
s362159264.py(7): S = [0 for i in range(n)]
s362159264.py(7): S = [0 for i in range(n)]
s362159264.py(7): S = [0 for i in range(n)]
s362159264.py(7): S = [0 for i in range(n)]
s362159264.py(7): S = [0 for i in range(n)]
s362159264.py(7): S = [0 for i in range(n)]
s362159264.py(7): S = [0 for i in range(n)]
s362159264.py(7): S = [0 for i in range(n)]
s362159264.py(7): S = [0 for i in range(n)]
s362159264.py(7): S = [0 for i in range(n)]
s362159264.py(7): S = [0 for i in range(n)]
s362159264.py(7): S = [0 for i in range(n)]
s362159264.py(7): S = [0 for i in range(n)]
s362159264.py(7): S = [0 for i in range(n)]
s362159264.py(7): S = [0 for i in range(n)]
s362159264.py(7): S = [0 for i in range(n)]
s362159264.py(7): S = [0 for i in range(n)]
s362159264.py(7): S = [0 for i in range(n)]
s362159264.py(7): S = [0 for i in range(n)]
s362159264.py(7): S = [0 for i in range(n)]
s362159264.py(7): S = [0 for i in range(n)]
s362159264.py(7): S = [0 for i in range(n)]
s362159264.py(7): S = [0 for i in range(n)]
s362159264.py(7): S = [0 for i in range(n)]
s362159264.py(7): S = [0 for i in range(n)]
s362159264.py(7): S = [0 for i in range(n)]
s362159264.py(7): S = [0 for i in range(n)]
s362159264.py(7): S = [0 for i in range(n)]
s362159264.py(7): S = [0 for i in range(n)]
s362159264.py(7): S = [0 for i in range(n)]
s362159264.py(7): S = [0 for i in range(n)]
s362159264.py(7): S = [0 for i in range(n)]
s362159264.py(7): S = [0 for i in range(n)]
s362159264.py(7): S = [0 for i in range(n)]
s362159264.py(7): S = [0 for i in range(n)]
s362159264.py(7): S = [0 for i in range(n)]
s362159264.py(7): S = [0 for i in range(n)]
s362159264.py(7): S = [0 for i in range(n)]
s362159264.py(7): S = [0 for i in range(n)]
s362159264.py(7): S = [0 for i in range(n)]
s362159264.py(7): S = [0 for i in range(n)]
s362159264.py(7): S = [0 for i in range(n)]
s362159264.py(7): S = [0 for i in range(n)]
s362159264.py(7): S = [0 for i in range(n)]
s362159264.py(7): S = [0 for i in range(n)]
s362159264.py(7): S = [0 for i in range(n)]
s362159264.py(7): S = [0 for i in range(n)]
s362159264.py(7): S = [0 for i in range(n)]
s362159264.py(7): S = [0 for i in range(n)]
s362159264.py(7): S = [0 for i in range(n)]
s362159264.py(7): S = [0 for i in range(n)]
s362159264.py(7): S = [0 for i in range(n)]
s362159264.py(7): S = [0 for i in range(n)]
s362159264.py(7): S = [0 for i in range(n)]
s362159264.py(7): S = [0 for i in range(n)]
s362159264.py(7): S = [0 for i in range(n)]
s362159264.py(7): S = [0 for i in range(n)]
s362159264.py(7): S = [0 for i in range(n)]
s362159264.py(7): S = [0 for i in range(n)]
s362159264.py(7): S = [0 for i in range(n)]
s362159264.py(7): S = [0 for i in range(n)]
s362159264.py(7): S = [0 for i in range(n)]
s362159264.py(7): S = [0 for i in range(n)]
s362159264.py(7): S = [0 for i in range(n)]
s362159264.py(7): S = [0 for i in range(n)]
s362159264.py(7): S = [0 for i in range(n)]
s362159264.py(7): S = [0 for i in range(n)]
s362159264.py(7): S = [0 for i in range(n)]
s362159264.py(7): S = [0 for i in range(n)]
s362159264.py(7): S = [0 for i in range(n)]
s362159264.py(7): S = [0 for i in range(n)]
s362159264.py(7): S = [0 for i in range(n)]
s362159264.py(7): S = [0 for i in range(n)]
s362159264.py(7): S = [0 for i in range(n)]
s362159264.py(7): S = [0 for i in range(n)]
s362159264.py(7): S = [0 for i in range(n)]
s362159264.py(7): S = [0 for i in range(n)]
s362159264.py(7): S = [0 for i in range(n)]
s362159264.py(7): S = [0 for i in range(n)]
s362159264.py(7): S = [0 for i in range(n)]
s362159264.py(7): S = [0 for i in range(n)]
s362159264.py(7): S = [0 for i in range(n)]
s362159264.py(7): S = [0 for i in range(n)]
s362159264.py(7): S = [0 for i in range(n)]
s362159264.py(7): S = [0 for i in range(n)]
s362159264.py(7): S = [0 for i in range(n)]
s362159264.py(7): S = [0 for i in range(n)]
s362159264.py(7): S = [0 for i in range(n)]
s362159264.py(7): S = [0 for i in range(n)]
s362159264.py(7): S = [0 for i in range(n)]
s362159264.py(7): S = [0 for i in range(n)]
s362159264.py(7): S = [0 for i in range(n)]
s362159264.py(7): S = [0 for i in range(n)]
s362159264.py(7): S = [0 for i in range(n)]
s362159264.py(7): S = [0 for i in range(n)]
s362159264.py(7): S = [0 for i in range(n)]
s362159264.py(7): S = [0 for i in range(n)]
s362159264.py(7): S = [0 for i in range(n)]
s362159264.py(7): S = [0 for i in range(n)]
s362159264.py(7): S = [0 for i in range(n)]
s362159264.py(7): S = [0 for i in range(n)]
s362159264.py(7): S = [0 for i in range(n)]
s362159264.py(7): S = [0 for i in range(n)]
s362159264.py(7): S = [0 for i in range(n)]
s362159264.py(7): S = [0 for i in range(n)]
s362159264.py(7): S = [0 for i in range(n)]
s362159264.py(7): S = [0 for i in range(n)]
s362159264.py(7): S = [0 for i in range(n)]
s362159264.py(7): S = [0 for i in range(n)]
s362159264.py(7): S = [0 for i in range(n)]
s362159264.py(7): S = [0 for i in range(n)]
s362159264.py(7): S = [0 for i in range(n)]
s362159264.py(7): S = [0 for i in range(n)]
s362159264.py(7): S = [0 for i in range(n)]
s362159264.py(7): S = [0 for i in range(n)]
s362159264.py(7): S = [0 for i in range(n)]
s362159264.py(7): S = [0 for i in range(n)]
s362159264.py(7): S = [0 for i in range(n)]
s362159264.py(7): S = [0 for i in range(n)]
s362159264.py(7): S = [0 for i in range(n)]
s362159264.py(7): S = [0 for i in range(n)]
s362159264.py(7): S = [0 for i in range(n)]
s362159264.py(7): S = [0 for i in range(n)]
s362159264.py(7): S = [0 for i in range(n)]
s362159264.py(7): S = [0 for i in range(n)]
s362159264.py(7): S = [0 for i in range(n)]
s362159264.py(7): S = [0 for i in range(n)]
s362159264.py(7): S = [0 for i in range(n)]
s362159264.py(7): S = [0 for i in range(n)]
s362159264.py(7): S = [0 for i in range(n)]
s362159264.py(7): S = [0 for i in range(n)]
s362159264.py(7): S = [0 for i in range(n)]
s362159264.py(7): S = [0 for i in range(n)]
s362159264.py(7): S = [0 for i in range(n)]
s362159264.py(7): S = [0 for i in range(n)]
s362159264.py(7): S = [0 for i in range(n)]
s362159264.py(7): S = [0 for i in range(n)]
s362159264.py(7): S = [0 for i in range(n)]
s362159264.py(7): S = [0 for i in range(n)]
s362159264.py(7): S = [0 for i in range(n)]
s362159264.py(7): S = [0 for i in range(n)]
s362159264.py(7): S = [0 for i in range(n)]
s362159264.py(7): S = [0 for i in range(n)]
s362159264.py(7): S = [0 for i in range(n)]
s362159264.py(7): S = [0 for i in range(n)]
s362159264.py(7): S = [0 for i in range(n)]
s362159264.py(7): S = [0 for i in range(n)]
s362159264.py(7): S = [0 for i in range(n)]
s362159264.py(7): S = [0 for i in range(n)]
s362159264.py(7): S = [0 for i in range(n)]
s362159264.py(7): S = [0 for i in range(n)]
s362159264.py(7): S = [0 for i in range(n)]
s362159264.py(7): S = [0 for i in range(n)]
s362159264.py(7): S = [0 for i in range(n)]
s362159264.py(7): S = [0 for i in range(n)]
s362159264.py(7): S = [0 for i in range(n)]
s362159264.py(7): S = [0 for i in range(n)]
s362159264.py(7): S = [0 for i in range(n)]
s362159264.py(7): S = [0 for i in range(n)]
s362159264.py(7): S = [0 for i in range(n)]
s362159264.py(7): S = [0 for i in range(n)]
s362159264.py(7): S = [0 for i in range(n)]
s362159264.py(7): S = [0 for i in range(n)]
s362159264.py(7): S = [0 for i in range(n)]
s362159264.py(7): S = [0 for i in range(n)]
s362159264.py(7): S = [0 for i in range(n)]
s362159264.py(7): S = [0 for i in range(n)]
s362159264.py(7): S = [0 for i in range(n)]
s362159264.py(7): S = [0 for i in range(n)]
s362159264.py(7): S = [0 for i in range(n)]
s362159264.py(7): S = [0 for i in range(n)]
s362159264.py(7): S = [0 for i in range(n)]
s362159264.py(7): S = [0 for i in range(n)]
s362159264.py(7): S = [0 for i in range(n)]
s362159264.py(7): S = [0 for i in range(n)]
s362159264.py(7): S = [0 for i in range(n)]
s362159264.py(7): S = [0 for i in range(n)]
s362159264.py(7): S = [0 for i in range(n)]
s362159264.py(7): S = [0 for i in range(n)]
s362159264.py(7): S = [0 for i in range(n)]
s362159264.py(7): S = [0 for i in range(n)]
s362159264.py(7): S = [0 for i in range(n)]
s362159264.py(7): S = [0 for i in range(n)]
s362159264.py(7): S = [0 for i in range(n)]
s362159264.py(7): S = [0 for i in range(n)]
s362159264.py(7): S = [0 for i in range(n)]
s362159264.py(7): S = [0 for i in range(n)]
s362159264.py(7): S = [0 for i in range(n)]
s362159264.py(7): S = [0 for i in range(n)]
s362159264.py(7): S = [0 for i in range(n)]
s362159264.py(7): S = [0 for i in range(n)]
s362159264.py(7): S = [0 for i in range(n)]
s362159264.py(7): S = [0 for i in range(n)]
s362159264.py(7): S = [0 for i in range(n)]
s362159264.py(7): S = [0 for i in range(n)]
s362159264.py(7): S = [0 for i in range(n)]
s362159264.py(7): S = [0 for i in range(n)]
s362159264.py(7): S = [0 for i in range(n)]
s362159264.py(7): S = [0 for i in range(n)]
s362159264.py(7): S = [0 for i in range(n)]
s362159264.py(7): S = [0 for i in range(n)]
s362159264.py(7): S = [0 for i in range(n)]
s362159264.py(7): S = [0 for i in range(n)]
s362159264.py(7): S = [0 for i in range(n)]
s362159264.py(7): S = [0 for i in range(n)]
s362159264.py(7): S = [0 for i in range(n)]
s362159264.py(7): S = [0 for i in range(n)]
s362159264.py(7): S = [0 for i in range(n)]
s362159264.py(7): S = [0 for i in range(n)]
s362159264.py(7): S = [0 for i in range(n)]
s362159264.py(7): S = [0 for i in range(n)]
s362159264.py(7): S = [0 for i in range(n)]
s362159264.py(7): S = [0 for i in range(n)]
s362159264.py(7): S = [0 for i in range(n)]
s362159264.py(7): S = [0 for i in range(n)]
s362159264.py(7): S = [0 for i in range(n)]
s362159264.py(7): S = [0 for i in range(n)]
s362159264.py(7): S = [0 for i in range(n)]
s362159264.py(7): S = [0 for i in range(n)]
s362159264.py(7): S = [0 for i in range(n)]
s362159264.py(7): S = [0 for i in range(n)]
s362159264.py(7): S = [0 for i in range(n)]
s362159264.py(7): S = [0 for i in range(n)]
s362159264.py(7): S = [0 for i in range(n)]
s362159264.py(7): S = [0 for i in range(n)]
s362159264.py(7): S = [0 for i in range(n)]
s362159264.py(7): S = [0 for i in range(n)]
s362159264.py(7): S = [0 for i in range(n)]
s362159264.py(7): S = [0 for i in range(n)]
s362159264.py(7): S = [0 for i in range(n)]
s362159264.py(7): S = [0 for i in range(n)]
s362159264.py(7): S = [0 for i in range(n)]
s362159264.py(7): S = [0 for i in range(n)]
s362159264.py(7): S = [0 for i in range(n)]
s362159264.py(7): S = [0 for i in range(n)]
s362159264.py(7): S = [0 for i in range(n)]
s362159264.py(7): S = [0 for i in range(n)]
s362159264.py(7): S = [0 for i in range(n)]
s362159264.py(7): S = [0 for i in range(n)]
s362159264.py(7): S = [0 for i in range(n)]
s362159264.py(7): S = [0 for i in range(n)]
s362159264.py(7): S = [0 for i in range(n)]
s362159264.py(7): S = [0 for i in range(n)]
s362159264.py(7): S = [0 for i in range(n)]
s362159264.py(7): S = [0 for i in range(n)]
s362159264.py(7): S = [0 for i in range(n)]
s362159264.py(7): S = [0 for i in range(n)]
s362159264.py(7): S = [0 for i in range(n)]
s362159264.py(7): S = [0 for i in range(n)]
s362159264.py(7): S = [0 for i in range(n)]
s362159264.py(7): S = [0 for i in range(n)]
s362159264.py(7): S = [0 for i in range(n)]
s362159264.py(7): S = [0 for i in range(n)]
s362159264.py(7): S = [0 for i in range(n)]
s362159264.py(7): S = [0 for i in range(n)]
s362159264.py(7): S = [0 for i in range(n)]
s362159264.py(7): S = [0 for i in range(n)]
s362159264.py(7): S = [0 for i in range(n)]
s362159264.py(7): S = [0 for i in range(n)]
s362159264.py(7): S = [0 for i in range(n)]
s362159264.py(7): S = [0 for i in range(n)]
s362159264.py(7): S = [0 for i in range(n)]
s362159264.py(7): S = [0 for i in range(n)]
s362159264.py(7): S = [0 for i in range(n)]
s362159264.py(7): S = [0 for i in range(n)]
s362159264.py(7): S = [0 for i in range(n)]
s362159264.py(7): S = [0 for i in range(n)]
s362159264.py(7): S = [0 for i in range(n)]
s362159264.py(7): S = [0 for i in range(n)]
s362159264.py(7): S = [0 for i in range(n)]
s362159264.py(7): S = [0 for i in range(n)]
s362159264.py(7): S = [0 for i in range(n)]
s362159264.py(7): S = [0 for i in range(n)]
s362159264.py(7): S = [0 for i in range(n)]
s362159264.py(7): S = [0 for i in range(n)]
s362159264.py(7): S = [0 for i in range(n)]
s362159264.py(7): S = [0 for i in range(n)]
s362159264.py(7): S = [0 for i in range(n)]
s362159264.py(7): S = [0 for i in range(n)]
s362159264.py(7): S = [0 for i in range(n)]
s362159264.py(7): S = [0 for i in range(n)]
s362159264.py(7): S = [0 for i in range(n)]
s362159264.py(7): S = [0 for i in range(n)]
s362159264.py(7): S = [0 for i in range(n)]
s362159264.py(7): S = [0 for i in range(n)]
s362159264.py(7): S = [0 for i in range(n)]
s362159264.py(7): S = [0 for i in range(n)]
s362159264.py(7): S = [0 for i in range(n)]
s362159264.py(7): S = [0 for i in range(n)]
s362159264.py(7): S = [0 for i in range(n)]
s362159264.py(7): S = [0 for i in range(n)]
s362159264.py(7): S = [0 for i in range(n)]
s362159264.py(7): S = [0 for i in range(n)]
s362159264.py(7): S = [0 for i in range(n)]
s362159264.py(7): S = [0 for i in range(n)]
s362159264.py(7): S = [0 for i in range(n)]
s362159264.py(7): S = [0 for i in range(n)]
s362159264.py(7): S = [0 for i in range(n)]
s362159264.py(7): S = [0 for i in range(n)]
s362159264.py(7): S = [0 for i in range(n)]
s362159264.py(7): S = [0 for i in range(n)]
s362159264.py(7): S = [0 for i in range(n)]
s362159264.py(7): S = [0 for i in range(n)]
s362159264.py(7): S = [0 for i in range(n)]
s362159264.py(7): S = [0 for i in range(n)]
s362159264.py(7): S = [0 for i in range(n)]
s362159264.py(7): S = [0 for i in range(n)]
s362159264.py(7): S = [0 for i in range(n)]
s362159264.py(7): S = [0 for i in range(n)]
s362159264.py(7): S = [0 for i in range(n)]
s362159264.py(7): S = [0 for i in range(n)]
s362159264.py(7): S = [0 for i in range(n)]
s362159264.py(7): S = [0 for i in range(n)]
s362159264.py(7): S = [0 for i in range(n)]
s362159264.py(7): S = [0 for i in range(n)]
s362159264.py(7): S = [0 for i in range(n)]
s362159264.py(7): S = [0 for i in range(n)]
s362159264.py(7): S = [0 for i in range(n)]
s362159264.py(7): S = [0 for i in range(n)]
s362159264.py(7): S = [0 for i in range(n)]
s362159264.py(7): S = [0 for i in range(n)]
s362159264.py(7): S = [0 for i in range(n)]
s362159264.py(7): S = [0 for i in range(n)]
s362159264.py(7): S = [0 for i in range(n)]
s362159264.py(7): S = [0 for i in range(n)]
s362159264.py(7): S = [0 for i in range(n)]
s362159264.py(7): S = [0 for i in range(n)]
s362159264.py(7): S = [0 for i in range(n)]
s362159264.py(7): S = [0 for i in range(n)]
s362159264.py(7): S = [0 for i in range(n)]
s362159264.py(7): S = [0 for i in range(n)]
s362159264.py(7): S = [0 for i in range(n)]
s362159264.py(7): S = [0 for i in range(n)]
s362159264.py(7): S = [0 for i in range(n)]
s362159264.py(7): S = [0 for i in range(n)]
s362159264.py(7): S = [0 for i in range(n)]
s362159264.py(7): S = [0 for i in range(n)]
s362159264.py(7): S = [0 for i in range(n)]
s362159264.py(7): S = [0 for i in range(n)]
s362159264.py(7): S = [0 for i in range(n)]
s362159264.py(7): S = [0 for i in range(n)]
s362159264.py(7): S = [0 for i in range(n)]
s362159264.py(7): S = [0 for i in range(n)]
s362159264.py(7): S = [0 for i in range(n)]
s362159264.py(7): S = [0 for i in range(n)]
s362159264.py(7): S = [0 for i in range(n)]
s362159264.py(7): S = [0 for i in range(n)]
s362159264.py(7): S = [0 for i in range(n)]
s362159264.py(7): S = [0 for i in range(n)]
s362159264.py(7): S = [0 for i in range(n)]
s362159264.py(7): S = [0 for i in range(n)]
s362159264.py(7): S = [0 for i in range(n)]
s362159264.py(7): S = [0 for i in range(n)]
s362159264.py(7): S = [0 for i in range(n)]
s362159264.py(7): S = [0 for i in range(n)]
s362159264.py(7): S = [0 for i in range(n)]
s362159264.py(7): S = [0 for i in range(n)]
s362159264.py(7): S = [0 for i in range(n)]
s362159264.py(7): S = [0 for i in range(n)]
s362159264.py(7): S = [0 for i in range(n)]
s362159264.py(7): S = [0 for i in range(n)]
s362159264.py(7): S = [0 for i in range(n)]
s362159264.py(7): S = [0 for i in range(n)]
s362159264.py(7): S = [0 for i in range(n)]
s362159264.py(7): S = [0 for i in range(n)]
s362159264.py(7): S = [0 for i in range(n)]
s362159264.py(7): S = [0 for i in range(n)]
s362159264.py(7): S = [0 for i in range(n)]
s362159264.py(7): S = [0 for i in range(n)]
s362159264.py(7): S = [0 for i in range(n)]
s362159264.py(7): S = [0 for i in range(n)]
s362159264.py(7): S = [0 for i in range(n)]
s362159264.py(7): S = [0 for i in range(n)]
s362159264.py(7): S = [0 for i in range(n)]
s362159264.py(7): S = [0 for i in range(n)]
s362159264.py(7): S = [0 for i in range(n)]
s362159264.py(7): S = [0 for i in range(n)]
s362159264.py(7): S = [0 for i in range(n)]
s362159264.py(7): S = [0 for i in range(n)]
s362159264.py(7): S = [0 for i in range(n)]
s362159264.py(7): S = [0 for i in range(n)]
s362159264.py(7): S = [0 for i in range(n)]
s362159264.py(7): S = [0 for i in range(n)]
s362159264.py(7): S = [0 for i in range(n)]
s362159264.py(7): S = [0 for i in range(n)]
s362159264.py(7): S = [0 for i in range(n)]
s362159264.py(7): S = [0 for i in range(n)]
s362159264.py(7): S = [0 for i in range(n)]
s362159264.py(7): S = [0 for i in range(n)]
s362159264.py(7): S = [0 for i in range(n)]
s362159264.py(7): S = [0 for i in range(n)]
s362159264.py(7): S = [0 for i in range(n)]
s362159264.py(7): S = [0 for i in range(n)]
s362159264.py(7): S = [0 for i in range(n)]
s362159264.py(7): S = [0 for i in range(n)]
s362159264.py(7): S = [0 for i in range(n)]
s362159264.py(7): S = [0 for i in range(n)]
s362159264.py(7): S = [0 for i in range(n)]
s362159264.py(7): S = [0 for i in range(n)]
s362159264.py(7): S = [0 for i in range(n)]
s362159264.py(7): S = [0 for i in range(n)]
s362159264.py(7): S = [0 for i in range(n)]
s362159264.py(7): S = [0 for i in range(n)]
s362159264.py(7): S = [0 for i in range(n)]
s362159264.py(7): S = [0 for i in range(n)]
s362159264.py(7): S = [0 for i in range(n)]
s362159264.py(7): S = [0 for i in range(n)]
s362159264.py(7): S = [0 for i in range(n)]
s362159264.py(7): S = [0 for i in range(n)]
s362159264.py(7): S = [0 for i in range(n)]
s362159264.py(7): S = [0 for i in range(n)]
s362159264.py(7): S = [0 for i in range(n)]
s362159264.py(7): S = [0 for i in range(n)]
s362159264.py(7): S = [0 for i in range(n)]
s362159264.py(7): S = [0 for i in range(n)]
s362159264.py(7): S = [0 for i in range(n)]
s362159264.py(7): S = [0 for i in range(n)]
s362159264.py(7): S = [0 for i in range(n)]
s362159264.py(7): S = [0 for i in range(n)]
s362159264.py(7): S = [0 for i in range(n)]
s362159264.py(7): S = [0 for i in range(n)]
s362159264.py(7): S = [0 for i in range(n)]
s362159264.py(7): S = [0 for i in range(n)]
s362159264.py(7): S = [0 for i in range(n)]
s362159264.py(7): S = [0 for i in range(n)]
s362159264.py(7): S = [0 for i in range(n)]
s362159264.py(7): S = [0 for i in range(n)]
s362159264.py(7): S = [0 for i in range(n)]
s362159264.py(7): S = [0 for i in range(n)]
s362159264.py(7): S = [0 for i in range(n)]
s362159264.py(7): S = [0 for i in range(n)]
s362159264.py(7): S = [0 for i in range(n)]
s362159264.py(7): S = [0 for i in range(n)]
s362159264.py(7): S = [0 for i in range(n)]
s362159264.py(7): S = [0 for i in range(n)]
s362159264.py(7): S = [0 for i in range(n)]
s362159264.py(7): S = [0 for i in range(n)]
s362159264.py(7): S = [0 for i in range(n)]
s362159264.py(7): S = [0 for i in range(n)]
s362159264.py(7): S = [0 for i in range(n)]
s362159264.py(7): S = [0 for i in range(n)]
s362159264.py(7): S = [0 for i in range(n)]
s362159264.py(7): S = [0 for i in range(n)]
s362159264.py(7): S = [0 for i in range(n)]
s362159264.py(7): S = [0 for i in range(n)]
s362159264.py(7): S = [0 for i in range(n)]
s362159264.py(7): S = [0 for i in range(n)]
s362159264.py(7): S = [0 for i in range(n)]
s362159264.py(7): S = [0 for i in range(n)]
s362159264.py(7): S = [0 for i in range(n)]
s362159264.py(7): S = [0 for i in range(n)]
s362159264.py(7): S = [0 for i in range(n)]
s362159264.py(7): S = [0 for i in range(n)]
s362159264.py(7): S = [0 for i in range(n)]
s362159264.py(7): S = [0 for i in range(n)]
s362159264.py(7): S = [0 for i in range(n)]
s362159264.py(7): S = [0 for i in range(n)]
s362159264.py(7): S = [0 for i in range(n)]
s362159264.py(7): S = [0 for i in range(n)]
s362159264.py(7): S = [0 for i in range(n)]
s362159264.py(7): S = [0 for i in range(n)]
s362159264.py(7): S = [0 for i in range(n)]
s362159264.py(7): S = [0 for i in range(n)]
s362159264.py(7): S = [0 for i in range(n)]
s362159264.py(7): S = [0 for i in range(n)]
s362159264.py(7): S = [0 for i in range(n)]
s362159264.py(7): S = [0 for i in range(n)]
s362159264.py(7): S = [0 for i in range(n)]
s362159264.py(7): S = [0 for i in range(n)]
s362159264.py(7): S = [0 for i in range(n)]
s362159264.py(7): S = [0 for i in range(n)]
s362159264.py(7): S = [0 for i in range(n)]
s362159264.py(7): S = [0 for i in range(n)]
s362159264.py(7): S = [0 for i in range(n)]
s362159264.py(7): S = [0 for i in range(n)]
s362159264.py(7): S = [0 for i in range(n)]
s362159264.py(7): S = [0 for i in range(n)]
s362159264.py(7): S = [0 for i in range(n)]
s362159264.py(7): S = [0 for i in range(n)]
s362159264.py(7): S = [0 for i in range(n)]
s362159264.py(7): S = [0 for i in range(n)]
s362159264.py(7): S = [0 for i in range(n)]
s362159264.py(7): S = [0 for i in range(n)]
s362159264.py(7): S = [0 for i in range(n)]
s362159264.py(7): S = [0 for i in range(n)]
s362159264.py(7): S = [0 for i in range(n)]
s362159264.py(7): S = [0 for i in range(n)]
s362159264.py(9): def isEmpty():
s362159264.py(16): def isFull():
s362159264.py(20): def push(S, x):
s362159264.py(28): def pop(S):
s362159264.py(36): top = 0
s362159264.py(38): for e in data:
s362159264.py(41):     if e.isdigit():
s362159264.py(42):         push(S, e)
 --- modulename: s362159264, funcname: push
s362159264.py(22):     if isFull():
 --- modulename: s362159264, funcname: isFull
s362159264.py(18):     return top > n-1
s362159264.py(25):     top += 1
s362159264.py(26):     S[top] = x
s362159264.py(38): for e in data:
s362159264.py(41):     if e.isdigit():
s362159264.py(42):         push(S, e)
 --- modulename: s362159264, funcname: push
s362159264.py(22):     if isFull():
 --- modulename: s362159264, funcname: isFull
s362159264.py(18):     return top > n-1
s362159264.py(25):     top += 1
s362159264.py(26):     S[top] = x
s362159264.py(38): for e in data:
s362159264.py(41):     if e.isdigit():
s362159264.py(44):         a = int(pop(S))
 --- modulename: s362159264, funcname: pop
s362159264.py(30):     if isEmpty():
 --- modulename: s362159264, funcname: isEmpty
s362159264.py(11):     if (top == 0):
s362159264.py(14):         return False
s362159264.py(33):     top -= 1
s362159264.py(34):     return S[top+1]
s362159264.py(45):         b = int(pop(S))
 --- modulename: s362159264, funcname: pop
s362159264.py(30):     if isEmpty():
 --- modulename: s362159264, funcname: isEmpty
s362159264.py(11):     if (top == 0):
s362159264.py(14):         return False
s362159264.py(33):     top -= 1
s362159264.py(34):     return S[top+1]
s362159264.py(47):         if e == '+':
s362159264.py(48):             push(S, b + a)
 --- modulename: s362159264, funcname: push
s362159264.py(22):     if isFull():
 --- modulename: s362159264, funcname: isFull
s362159264.py(18):     return top > n-1
s362159264.py(25):     top += 1
s362159264.py(26):     S[top] = x
s362159264.py(38): for e in data:
s362159264.py(57): print(S[top])
3
