 --- modulename: s363655761, funcname: <module>
s363655761.py(1): MOD = (10**9) + 7
s363655761.py(4): class modint():
 --- modulename: s363655761, funcname: modint
s363655761.py(4): class modint():
s363655761.py(5):     def __init__(self, value):
s363655761.py(8):     def __int__(self):
s363655761.py(11):     def __float__(self):
s363655761.py(14):     def __str__(self):
s363655761.py(17):     def __repr__(self):
s363655761.py(20):     def __add__(self, other):
s363655761.py(24):     def __sub__(self, other):
s363655761.py(28):     def __mul__(self, other):
s363655761.py(32):     def __truediv__(self, other):
s363655761.py(37):     def __pow__(self, other):
s363655761.py(42):     def __eq__(self, other):
s363655761.py(46):     def __ne__(self, other):
s363655761.py(50):     def __radd__(self, other):
s363655761.py(54):     def __rsub__(self, other):
s363655761.py(58):     def __rmul__(self, other):
s363655761.py(62):     def __rtruediv__(self, other):
s363655761.py(67):     def __rpow__(self, other):
s363655761.py(72):     def modinv(self):
s363655761.py(76): def main():
s363655761.py(99): if __name__ == '__main__':
s363655761.py(100):     main()
 --- modulename: s363655761, funcname: main
s363655761.py(77):     _ = int(input())
 --- modulename: codecs, funcname: getstate
codecs.py(333):         return (self.buffer, 0)
 --- modulename: codecs, funcname: decode
codecs.py(321):         data = self.buffer + input
codecs.py(322):         (result, consumed) = self._buffer_decode(data, self.errors, final)
codecs.py(324):         self.buffer = data[consumed:]
codecs.py(325):         return result
s363655761.py(78):     A = [int(i) for i in input().split()]
 --- modulename: s363655761, funcname: <listcomp>
s363655761.py(78):     A = [int(i) for i in input().split()]
s363655761.py(78):     A = [int(i) for i in input().split()]
s363655761.py(78):     A = [int(i) for i in input().split()]
s363655761.py(78):     A = [int(i) for i in input().split()]
s363655761.py(78):     A = [int(i) for i in input().split()]
s363655761.py(78):     A = [int(i) for i in input().split()]
s363655761.py(78):     A = [int(i) for i in input().split()]
s363655761.py(79):     rgb = [0, 0, 0]
s363655761.py(80):     ans = modint(1)
 --- modulename: s363655761, funcname: __init__
s363655761.py(6):         self.value = value % MOD
s363655761.py(81):     for a in A:
s363655761.py(82):         if rgb[0] == a:
s363655761.py(83):             if rgb[0] == rgb[1] and rgb[0] == rgb[2]:
s363655761.py(84):                 ans *= 3
 --- modulename: s363655761, funcname: __mul__
s363655761.py(29):         return (modint(self.value * other.value) if isinstance(other, modint)
s363655761.py(30):                 else modint(self.value * other))
 --- modulename: s363655761, funcname: __init__
s363655761.py(6):         self.value = value % MOD
s363655761.py(29):         return (modint(self.value * other.value) if isinstance(other, modint)
s363655761.py(87):             rgb[0] += 1
s363655761.py(81):     for a in A:
s363655761.py(82):         if rgb[0] == a:
s363655761.py(83):             if rgb[0] == rgb[1] and rgb[0] == rgb[2]:
s363655761.py(85):             elif rgb[0] == rgb[1]:
s363655761.py(87):             rgb[0] += 1
s363655761.py(81):     for a in A:
s363655761.py(82):         if rgb[0] == a:
s363655761.py(83):             if rgb[0] == rgb[1] and rgb[0] == rgb[2]:
s363655761.py(85):             elif rgb[0] == rgb[1]:
s363655761.py(87):             rgb[0] += 1
s363655761.py(81):     for a in A:
s363655761.py(82):         if rgb[0] == a:
s363655761.py(83):             if rgb[0] == rgb[1] and rgb[0] == rgb[2]:
s363655761.py(85):             elif rgb[0] == rgb[1]:
s363655761.py(87):             rgb[0] += 1
s363655761.py(81):     for a in A:
s363655761.py(82):         if rgb[0] == a:
s363655761.py(83):             if rgb[0] == rgb[1] and rgb[0] == rgb[2]:
s363655761.py(85):             elif rgb[0] == rgb[1]:
s363655761.py(87):             rgb[0] += 1
s363655761.py(81):     for a in A:
s363655761.py(82):         if rgb[0] == a:
s363655761.py(83):             if rgb[0] == rgb[1] and rgb[0] == rgb[2]:
s363655761.py(85):             elif rgb[0] == rgb[1]:
s363655761.py(87):             rgb[0] += 1
s363655761.py(81):     for a in A:
s363655761.py(96):     print(ans)
 --- modulename: s363655761, funcname: __str__
s363655761.py(15):         return str(self.value)
3
