 --- modulename: s364815285, funcname: <module>
s364815285.py(2): import sys
s364815285.py(5): def solve(N: int, K: int, x: "List[int]"):
s364815285.py(15): def main():
s364815285.py(26): if __name__ == '__main__':
s364815285.py(27):     main()
 --- modulename: s364815285, funcname: main
s364815285.py(16):     def iterate_tokens():
s364815285.py(20):     tokens = iterate_tokens()
s364815285.py(21):     N = int(next(tokens))  # type: int
 --- modulename: s364815285, funcname: iterate_tokens
s364815285.py(17):         for line in sys.stdin:
 --- modulename: codecs, funcname: decode
codecs.py(321):         data = self.buffer + input
codecs.py(322):         (result, consumed) = self._buffer_decode(data, self.errors, final)
codecs.py(324):         self.buffer = data[consumed:]
codecs.py(325):         return result
s364815285.py(18):             for word in line.split():
s364815285.py(19):                 yield word
s364815285.py(22):     K = int(next(tokens))  # type: int
 --- modulename: s364815285, funcname: iterate_tokens
s364815285.py(18):             for word in line.split():
s364815285.py(17):         for line in sys.stdin:
s364815285.py(18):             for word in line.split():
s364815285.py(19):                 yield word
s364815285.py(23):     x = [int(next(tokens)) for _ in range(N)]  # type: "List[int]"
 --- modulename: s364815285, funcname: <listcomp>
s364815285.py(23):     x = [int(next(tokens)) for _ in range(N)]  # type: "List[int]"
 --- modulename: s364815285, funcname: iterate_tokens
s364815285.py(18):             for word in line.split():
s364815285.py(17):         for line in sys.stdin:
s364815285.py(18):             for word in line.split():
s364815285.py(19):                 yield word
s364815285.py(23):     x = [int(next(tokens)) for _ in range(N)]  # type: "List[int]"
s364815285.py(24):     solve(N, K, x)
 --- modulename: s364815285, funcname: solve
s364815285.py(6):     ans = 0
s364815285.py(7):     for i in range(N):
s364815285.py(8):        ans += min(x[i], abs(K - x[i])) * 2
s364815285.py(7):     for i in range(N):
s364815285.py(9):     print(ans)
4
s364815285.py(11):     return
 --- modulename: s364815285, funcname: iterate_tokens
