 --- modulename: s365295693, funcname: <module>
s365295693.py(1): import heapq
s365295693.py(2): import sys
s365295693.py(3): input = sys.stdin.readline
s365295693.py(4): class UnionFind:
 --- modulename: s365295693, funcname: UnionFind
s365295693.py(4): class UnionFind:
s365295693.py(5):     def __init__(self, n):
s365295693.py(9):     def find(self, x):
s365295693.py(16):     def union(self, x, y):
s365295693.py(26):     def same_check(self, x, y):
s365295693.py(29): def solve():
s365295693.py(67): solve()
 --- modulename: s365295693, funcname: solve
s365295693.py(30):   n = int(input())
 --- modulename: codecs, funcname: getstate
codecs.py(333):         return (self.buffer, 0)
 --- modulename: codecs, funcname: decode
codecs.py(321):         data = self.buffer + input
codecs.py(322):         (result, consumed) = self._buffer_decode(data, self.errors, final)
codecs.py(324):         self.buffer = data[consumed:]
codecs.py(325):         return result
s365295693.py(31):   query = []
s365295693.py(32):   xquery = []
s365295693.py(33):   yquery = []
s365295693.py(34):   for i in range(n):
s365295693.py(35):     x,y = (int(i) for i in input().split())
 --- modulename: s365295693, funcname: <genexpr>
s365295693.py(35):     x,y = (int(i) for i in input().split())
 --- modulename: s365295693, funcname: <genexpr>
s365295693.py(35):     x,y = (int(i) for i in input().split())
 --- modulename: s365295693, funcname: <genexpr>
s365295693.py(35):     x,y = (int(i) for i in input().split())
s365295693.py(36):     xquery.append((x,y,i))
s365295693.py(37):     yquery.append((y,x,i))
s365295693.py(34):   for i in range(n):
s365295693.py(35):     x,y = (int(i) for i in input().split())
 --- modulename: s365295693, funcname: <genexpr>
s365295693.py(35):     x,y = (int(i) for i in input().split())
 --- modulename: s365295693, funcname: <genexpr>
s365295693.py(35):     x,y = (int(i) for i in input().split())
 --- modulename: s365295693, funcname: <genexpr>
s365295693.py(35):     x,y = (int(i) for i in input().split())
s365295693.py(36):     xquery.append((x,y,i))
s365295693.py(37):     yquery.append((y,x,i))
s365295693.py(34):   for i in range(n):
s365295693.py(35):     x,y = (int(i) for i in input().split())
 --- modulename: s365295693, funcname: <genexpr>
s365295693.py(35):     x,y = (int(i) for i in input().split())
 --- modulename: s365295693, funcname: <genexpr>
s365295693.py(35):     x,y = (int(i) for i in input().split())
 --- modulename: s365295693, funcname: <genexpr>
s365295693.py(35):     x,y = (int(i) for i in input().split())
s365295693.py(36):     xquery.append((x,y,i))
s365295693.py(37):     yquery.append((y,x,i))
s365295693.py(34):   for i in range(n):
s365295693.py(38):   xquery.sort()
s365295693.py(39):   yquery.sort()
s365295693.py(40):   for i in range(n-1):
s365295693.py(41):     tx,ty,place = xquery[i]
s365295693.py(42):     tx2,ty2,place2 = xquery[i+1]
s365295693.py(43):     cost = min(abs(tx2-tx),abs(ty2-ty))
s365295693.py(44):     if place > place2:
s365295693.py(46):     heapq.heappush(query,(cost,place,place2))
s365295693.py(48):     ty,tx,place = yquery[i]
s365295693.py(49):     ty2,tx2,place2 = yquery[i+1]
s365295693.py(50):     cost = min(abs(tx2-tx),abs(ty2-ty))
s365295693.py(51):     if place > place2:
s365295693.py(53):     heapq.heappush(query,(cost,place,place2))
s365295693.py(40):   for i in range(n-1):
s365295693.py(41):     tx,ty,place = xquery[i]
s365295693.py(42):     tx2,ty2,place2 = xquery[i+1]
s365295693.py(43):     cost = min(abs(tx2-tx),abs(ty2-ty))
s365295693.py(44):     if place > place2:
s365295693.py(46):     heapq.heappush(query,(cost,place,place2))
s365295693.py(48):     ty,tx,place = yquery[i]
s365295693.py(49):     ty2,tx2,place2 = yquery[i+1]
s365295693.py(50):     cost = min(abs(tx2-tx),abs(ty2-ty))
s365295693.py(51):     if place > place2:
s365295693.py(52):       place,place2 = place2,place
s365295693.py(53):     heapq.heappush(query,(cost,place,place2))
s365295693.py(40):   for i in range(n-1):
s365295693.py(54):   ct = 0
s365295693.py(55):   uf = UnionFind(n)
 --- modulename: s365295693, funcname: __init__
s365295693.py(6):         self.par = [i for i in range(n+1)]
 --- modulename: s365295693, funcname: <listcomp>
s365295693.py(6):         self.par = [i for i in range(n+1)]
s365295693.py(6):         self.par = [i for i in range(n+1)]
s365295693.py(6):         self.par = [i for i in range(n+1)]
s365295693.py(6):         self.par = [i for i in range(n+1)]
s365295693.py(6):         self.par = [i for i in range(n+1)]
s365295693.py(7):         self.rank = [0] * (n+1)
s365295693.py(57):   while len(query) > 0:
s365295693.py(58):     cost,place1,place2 = heapq.heappop(query)
s365295693.py(59):     if uf.same_check(place1,place2):
 --- modulename: s365295693, funcname: same_check
s365295693.py(27):         return self.find(x) == self.find(y)
 --- modulename: s365295693, funcname: find
s365295693.py(10):         if self.par[x] == x:
s365295693.py(11):             return x
 --- modulename: s365295693, funcname: find
s365295693.py(10):         if self.par[x] == x:
s365295693.py(11):             return x
s365295693.py(62):       uf.union(int(place1),int(place2))
 --- modulename: s365295693, funcname: union
s365295693.py(17):         x = self.find(x)
 --- modulename: s365295693, funcname: find
s365295693.py(10):         if self.par[x] == x:
s365295693.py(11):             return x
s365295693.py(18):         y = self.find(y)
 --- modulename: s365295693, funcname: find
s365295693.py(10):         if self.par[x] == x:
s365295693.py(11):             return x
s365295693.py(19):         if self.rank[x] < self.rank[y]:
s365295693.py(22):             self.par[y] = x
s365295693.py(23):             if self.rank[x] == self.rank[y]:
s365295693.py(24):                 self.rank[x] += 1
s365295693.py(63):       ct += cost
s365295693.py(57):   while len(query) > 0:
s365295693.py(58):     cost,place1,place2 = heapq.heappop(query)
s365295693.py(59):     if uf.same_check(place1,place2):
 --- modulename: s365295693, funcname: same_check
s365295693.py(27):         return self.find(x) == self.find(y)
 --- modulename: s365295693, funcname: find
s365295693.py(10):         if self.par[x] == x:
s365295693.py(11):             return x
 --- modulename: s365295693, funcname: find
s365295693.py(10):         if self.par[x] == x:
s365295693.py(13):             self.par[x] = self.find(self.par[x])
 --- modulename: s365295693, funcname: find
s365295693.py(10):         if self.par[x] == x:
s365295693.py(11):             return x
s365295693.py(14):             return self.par[x]
s365295693.py(60):       continue
s365295693.py(57):   while len(query) > 0:
s365295693.py(58):     cost,place1,place2 = heapq.heappop(query)
s365295693.py(59):     if uf.same_check(place1,place2):
 --- modulename: s365295693, funcname: same_check
s365295693.py(27):         return self.find(x) == self.find(y)
 --- modulename: s365295693, funcname: find
s365295693.py(10):         if self.par[x] == x:
s365295693.py(11):             return x
 --- modulename: s365295693, funcname: find
s365295693.py(10):         if self.par[x] == x:
s365295693.py(11):             return x
s365295693.py(62):       uf.union(int(place1),int(place2))
 --- modulename: s365295693, funcname: union
s365295693.py(17):         x = self.find(x)
 --- modulename: s365295693, funcname: find
s365295693.py(10):         if self.par[x] == x:
s365295693.py(11):             return x
s365295693.py(18):         y = self.find(y)
 --- modulename: s365295693, funcname: find
s365295693.py(10):         if self.par[x] == x:
s365295693.py(11):             return x
s365295693.py(19):         if self.rank[x] < self.rank[y]:
s365295693.py(20):             self.par[x] = y
s365295693.py(63):       ct += cost
s365295693.py(57):   while len(query) > 0:
s365295693.py(58):     cost,place1,place2 = heapq.heappop(query)
s365295693.py(59):     if uf.same_check(place1,place2):
 --- modulename: s365295693, funcname: same_check
s365295693.py(27):         return self.find(x) == self.find(y)
 --- modulename: s365295693, funcname: find
s365295693.py(10):         if self.par[x] == x:
s365295693.py(13):             self.par[x] = self.find(self.par[x])
 --- modulename: s365295693, funcname: find
s365295693.py(10):         if self.par[x] == x:
s365295693.py(11):             return x
s365295693.py(14):             return self.par[x]
 --- modulename: s365295693, funcname: find
s365295693.py(10):         if self.par[x] == x:
s365295693.py(13):             self.par[x] = self.find(self.par[x])
 --- modulename: s365295693, funcname: find
s365295693.py(10):         if self.par[x] == x:
s365295693.py(11):             return x
s365295693.py(14):             return self.par[x]
s365295693.py(60):       continue
s365295693.py(57):   while len(query) > 0:
s365295693.py(64):   print(ct)
3
