 --- modulename: s367928227, funcname: <module>
s367928227.py(2): import sys
s367928227.py(3): sys.setrecursionlimit(300000)
s367928227.py(4): from itertools import permutations
s367928227.py(6): def solve(N, M, a, b, c):
s367928227.py(23): def main():
s367928227.py(43): if __name__ == '__main__':
s367928227.py(44):     main()
 --- modulename: s367928227, funcname: main
s367928227.py(24):     def iterate_tokens():
s367928227.py(28):     tokens = iterate_tokens()
s367928227.py(29):     N = int(next(tokens))  # type: int
 --- modulename: s367928227, funcname: iterate_tokens
s367928227.py(25):         for line in sys.stdin:
 --- modulename: codecs, funcname: decode
codecs.py(321):         data = self.buffer + input
codecs.py(322):         (result, consumed) = self._buffer_decode(data, self.errors, final)
codecs.py(324):         self.buffer = data[consumed:]
codecs.py(325):         return result
s367928227.py(26):             for word in line.split():
s367928227.py(27):                 yield word
s367928227.py(30):     M = int(next(tokens))  # type: int
 --- modulename: s367928227, funcname: iterate_tokens
s367928227.py(26):             for word in line.split():
s367928227.py(27):                 yield word
s367928227.py(31):     a = []
s367928227.py(32):     b = []
s367928227.py(33):     c = []
s367928227.py(34):     for i in range(M):
s367928227.py(35):         A = int(next(tokens))  # type: int
 --- modulename: s367928227, funcname: iterate_tokens
s367928227.py(26):             for word in line.split():
s367928227.py(25):         for line in sys.stdin:
s367928227.py(26):             for word in line.split():
s367928227.py(27):                 yield word
s367928227.py(36):         B = int(next(tokens))  # type: int
 --- modulename: s367928227, funcname: iterate_tokens
s367928227.py(26):             for word in line.split():
s367928227.py(27):                 yield word
s367928227.py(37):         a.append(A)
s367928227.py(38):         b.append(B)
s367928227.py(39):         c.append([ int(next(tokens)) for _ in range(B) ])
 --- modulename: s367928227, funcname: <listcomp>
s367928227.py(39):         c.append([ int(next(tokens)) for _ in range(B) ])
 --- modulename: s367928227, funcname: iterate_tokens
s367928227.py(26):             for word in line.split():
s367928227.py(25):         for line in sys.stdin:
s367928227.py(26):             for word in line.split():
s367928227.py(27):                 yield word
s367928227.py(39):         c.append([ int(next(tokens)) for _ in range(B) ])
s367928227.py(34):     for i in range(M):
s367928227.py(35):         A = int(next(tokens))  # type: int
 --- modulename: s367928227, funcname: iterate_tokens
s367928227.py(26):             for word in line.split():
s367928227.py(25):         for line in sys.stdin:
s367928227.py(26):             for word in line.split():
s367928227.py(27):                 yield word
s367928227.py(36):         B = int(next(tokens))  # type: int
 --- modulename: s367928227, funcname: iterate_tokens
s367928227.py(26):             for word in line.split():
s367928227.py(27):                 yield word
s367928227.py(37):         a.append(A)
s367928227.py(38):         b.append(B)
s367928227.py(39):         c.append([ int(next(tokens)) for _ in range(B) ])
 --- modulename: s367928227, funcname: <listcomp>
s367928227.py(39):         c.append([ int(next(tokens)) for _ in range(B) ])
 --- modulename: s367928227, funcname: iterate_tokens
s367928227.py(26):             for word in line.split():
s367928227.py(25):         for line in sys.stdin:
s367928227.py(26):             for word in line.split():
s367928227.py(27):                 yield word
s367928227.py(39):         c.append([ int(next(tokens)) for _ in range(B) ])
s367928227.py(34):     for i in range(M):
s367928227.py(35):         A = int(next(tokens))  # type: int
 --- modulename: s367928227, funcname: iterate_tokens
s367928227.py(26):             for word in line.split():
s367928227.py(25):         for line in sys.stdin:
s367928227.py(26):             for word in line.split():
s367928227.py(27):                 yield word
s367928227.py(36):         B = int(next(tokens))  # type: int
 --- modulename: s367928227, funcname: iterate_tokens
s367928227.py(26):             for word in line.split():
s367928227.py(27):                 yield word
s367928227.py(37):         a.append(A)
s367928227.py(38):         b.append(B)
s367928227.py(39):         c.append([ int(next(tokens)) for _ in range(B) ])
 --- modulename: s367928227, funcname: <listcomp>
s367928227.py(39):         c.append([ int(next(tokens)) for _ in range(B) ])
 --- modulename: s367928227, funcname: iterate_tokens
s367928227.py(26):             for word in line.split():
s367928227.py(25):         for line in sys.stdin:
s367928227.py(26):             for word in line.split():
s367928227.py(27):                 yield word
s367928227.py(39):         c.append([ int(next(tokens)) for _ in range(B) ])
 --- modulename: s367928227, funcname: iterate_tokens
s367928227.py(26):             for word in line.split():
s367928227.py(27):                 yield word
s367928227.py(39):         c.append([ int(next(tokens)) for _ in range(B) ])
s367928227.py(34):     for i in range(M):
s367928227.py(40):     solve(N, M, a, b, c)
 --- modulename: s367928227, funcname: solve
s367928227.py(7):     MAX = 2 ** N - 1
s367928227.py(8):     INF = float('inf')
s367928227.py(9):     dp = [INF] * (2 ** N)
s367928227.py(10):     dp[0] = 0
s367928227.py(11):     for i in range(M):
s367928227.py(12):         bits = 0
s367928227.py(13):         for j in c[i]:
s367928227.py(14):             bits += (1 << (j - 1))
s367928227.py(13):         for j in c[i]:
s367928227.py(15):         for b in range(2 ** N):
s367928227.py(16):             dp[b | bits] = min(dp[b | bits], dp[b] + a[i])
s367928227.py(15):         for b in range(2 ** N):
s367928227.py(16):             dp[b | bits] = min(dp[b | bits], dp[b] + a[i])
s367928227.py(15):         for b in range(2 ** N):
s367928227.py(16):             dp[b | bits] = min(dp[b | bits], dp[b] + a[i])
s367928227.py(15):         for b in range(2 ** N):
s367928227.py(16):             dp[b | bits] = min(dp[b | bits], dp[b] + a[i])
s367928227.py(15):         for b in range(2 ** N):
s367928227.py(11):     for i in range(M):
s367928227.py(12):         bits = 0
s367928227.py(13):         for j in c[i]:
s367928227.py(14):             bits += (1 << (j - 1))
s367928227.py(13):         for j in c[i]:
s367928227.py(15):         for b in range(2 ** N):
s367928227.py(16):             dp[b | bits] = min(dp[b | bits], dp[b] + a[i])
s367928227.py(15):         for b in range(2 ** N):
s367928227.py(16):             dp[b | bits] = min(dp[b | bits], dp[b] + a[i])
s367928227.py(15):         for b in range(2 ** N):
s367928227.py(16):             dp[b | bits] = min(dp[b | bits], dp[b] + a[i])
s367928227.py(15):         for b in range(2 ** N):
s367928227.py(16):             dp[b | bits] = min(dp[b | bits], dp[b] + a[i])
s367928227.py(15):         for b in range(2 ** N):
s367928227.py(11):     for i in range(M):
s367928227.py(12):         bits = 0
s367928227.py(13):         for j in c[i]:
s367928227.py(14):             bits += (1 << (j - 1))
s367928227.py(13):         for j in c[i]:
s367928227.py(14):             bits += (1 << (j - 1))
s367928227.py(13):         for j in c[i]:
s367928227.py(15):         for b in range(2 ** N):
s367928227.py(16):             dp[b | bits] = min(dp[b | bits], dp[b] + a[i])
s367928227.py(15):         for b in range(2 ** N):
s367928227.py(16):             dp[b | bits] = min(dp[b | bits], dp[b] + a[i])
s367928227.py(15):         for b in range(2 ** N):
s367928227.py(16):             dp[b | bits] = min(dp[b | bits], dp[b] + a[i])
s367928227.py(15):         for b in range(2 ** N):
s367928227.py(16):             dp[b | bits] = min(dp[b | bits], dp[b] + a[i])
s367928227.py(15):         for b in range(2 ** N):
s367928227.py(11):     for i in range(M):
s367928227.py(17):     if dp[MAX] < INF:
s367928227.py(18):         print(dp[MAX])
25
s367928227.py(21):     return
 --- modulename: s367928227, funcname: iterate_tokens
