 --- modulename: s368649975, funcname: <module>
s368649975.py(1): import sys
s368649975.py(2): sys.setrecursionlimit(10**9)
s368649975.py(3): def ii(): return int(sys.stdin.readline())
s368649975.py(4): def mi(): return map(int, sys.stdin.readline().split())
s368649975.py(5): def li(): return list(map(int, sys.stdin.readline().split()))
s368649975.py(6): def li2(N): return [list(map(int, sys.stdin.readline().split())) for i in range(N)]
s368649975.py(7): def dp2(ini, i, j): return [[ini]*i for i2 in range(j)]
s368649975.py(8): def dp3(ini, i, j, k): return [[[ini]*i for i2 in range(j)] for i3 in range(k)]
s368649975.py(67): H, W = mi()
 --- modulename: s368649975, funcname: mi
s368649975.py(4): def mi(): return map(int, sys.stdin.readline().split())
 --- modulename: codecs, funcname: getstate
codecs.py(333):         return (self.buffer, 0)
 --- modulename: codecs, funcname: decode
codecs.py(321):         data = self.buffer + input
codecs.py(322):         (result, consumed) = self._buffer_decode(data, self.errors, final)
codecs.py(324):         self.buffer = data[consumed:]
codecs.py(325):         return result
s368649975.py(68): C = li2(10)
 --- modulename: s368649975, funcname: li2
s368649975.py(6): def li2(N): return [list(map(int, sys.stdin.readline().split())) for i in range(N)]
 --- modulename: s368649975, funcname: <listcomp>
s368649975.py(6): def li2(N): return [list(map(int, sys.stdin.readline().split())) for i in range(N)]
s368649975.py(6): def li2(N): return [list(map(int, sys.stdin.readline().split())) for i in range(N)]
s368649975.py(6): def li2(N): return [list(map(int, sys.stdin.readline().split())) for i in range(N)]
s368649975.py(6): def li2(N): return [list(map(int, sys.stdin.readline().split())) for i in range(N)]
s368649975.py(6): def li2(N): return [list(map(int, sys.stdin.readline().split())) for i in range(N)]
s368649975.py(6): def li2(N): return [list(map(int, sys.stdin.readline().split())) for i in range(N)]
s368649975.py(6): def li2(N): return [list(map(int, sys.stdin.readline().split())) for i in range(N)]
s368649975.py(6): def li2(N): return [list(map(int, sys.stdin.readline().split())) for i in range(N)]
s368649975.py(6): def li2(N): return [list(map(int, sys.stdin.readline().split())) for i in range(N)]
s368649975.py(6): def li2(N): return [list(map(int, sys.stdin.readline().split())) for i in range(N)]
s368649975.py(6): def li2(N): return [list(map(int, sys.stdin.readline().split())) for i in range(N)]
s368649975.py(69): a = li2(H)
 --- modulename: s368649975, funcname: li2
s368649975.py(6): def li2(N): return [list(map(int, sys.stdin.readline().split())) for i in range(N)]
 --- modulename: s368649975, funcname: <listcomp>
s368649975.py(6): def li2(N): return [list(map(int, sys.stdin.readline().split())) for i in range(N)]
s368649975.py(6): def li2(N): return [list(map(int, sys.stdin.readline().split())) for i in range(N)]
s368649975.py(6): def li2(N): return [list(map(int, sys.stdin.readline().split())) for i in range(N)]
s368649975.py(70): memo = [C[i][1] for i in range(10)]
 --- modulename: s368649975, funcname: <listcomp>
s368649975.py(70): memo = [C[i][1] for i in range(10)]
s368649975.py(70): memo = [C[i][1] for i in range(10)]
s368649975.py(70): memo = [C[i][1] for i in range(10)]
s368649975.py(70): memo = [C[i][1] for i in range(10)]
s368649975.py(70): memo = [C[i][1] for i in range(10)]
s368649975.py(70): memo = [C[i][1] for i in range(10)]
s368649975.py(70): memo = [C[i][1] for i in range(10)]
s368649975.py(70): memo = [C[i][1] for i in range(10)]
s368649975.py(70): memo = [C[i][1] for i in range(10)]
s368649975.py(70): memo = [C[i][1] for i in range(10)]
s368649975.py(70): memo = [C[i][1] for i in range(10)]
s368649975.py(71): flag = -1
s368649975.py(73): def dfs(column, m):
s368649975.py(83): for i in range(10):
s368649975.py(84):     if i != 1:
s368649975.py(85):         dfs(i, C[i][1])
 --- modulename: s368649975, funcname: dfs
s368649975.py(75):     if column == 1:
s368649975.py(78):     for i in range(10):
s368649975.py(79):         if i!=column and C[column][i] < m:
s368649975.py(78):     for i in range(10):
s368649975.py(79):         if i!=column and C[column][i] < m:
s368649975.py(78):     for i in range(10):
s368649975.py(79):         if i!=column and C[column][i] < m:
s368649975.py(78):     for i in range(10):
s368649975.py(79):         if i!=column and C[column][i] < m:
s368649975.py(78):     for i in range(10):
s368649975.py(79):         if i!=column and C[column][i] < m:
s368649975.py(78):     for i in range(10):
s368649975.py(79):         if i!=column and C[column][i] < m:
s368649975.py(78):     for i in range(10):
s368649975.py(79):         if i!=column and C[column][i] < m:
s368649975.py(78):     for i in range(10):
s368649975.py(79):         if i!=column and C[column][i] < m:
s368649975.py(78):     for i in range(10):
s368649975.py(79):         if i!=column and C[column][i] < m:
s368649975.py(78):     for i in range(10):
s368649975.py(79):         if i!=column and C[column][i] < m:
s368649975.py(78):     for i in range(10):
s368649975.py(81):     return False
s368649975.py(87):         if flag != -1:
s368649975.py(90):         flag = -1
s368649975.py(83): for i in range(10):
s368649975.py(84):     if i != 1:
s368649975.py(83): for i in range(10):
s368649975.py(84):     if i != 1:
s368649975.py(85):         dfs(i, C[i][1])
 --- modulename: s368649975, funcname: dfs
s368649975.py(75):     if column == 1:
s368649975.py(78):     for i in range(10):
s368649975.py(79):         if i!=column and C[column][i] < m:
s368649975.py(78):     for i in range(10):
s368649975.py(79):         if i!=column and C[column][i] < m:
s368649975.py(78):     for i in range(10):
s368649975.py(79):         if i!=column and C[column][i] < m:
s368649975.py(78):     for i in range(10):
s368649975.py(79):         if i!=column and C[column][i] < m:
s368649975.py(78):     for i in range(10):
s368649975.py(79):         if i!=column and C[column][i] < m:
s368649975.py(78):     for i in range(10):
s368649975.py(79):         if i!=column and C[column][i] < m:
s368649975.py(78):     for i in range(10):
s368649975.py(79):         if i!=column and C[column][i] < m:
s368649975.py(78):     for i in range(10):
s368649975.py(79):         if i!=column and C[column][i] < m:
s368649975.py(78):     for i in range(10):
s368649975.py(79):         if i!=column and C[column][i] < m:
s368649975.py(78):     for i in range(10):
s368649975.py(79):         if i!=column and C[column][i] < m:
s368649975.py(78):     for i in range(10):
s368649975.py(81):     return False
s368649975.py(87):         if flag != -1:
s368649975.py(90):         flag = -1
s368649975.py(83): for i in range(10):
s368649975.py(84):     if i != 1:
s368649975.py(85):         dfs(i, C[i][1])
 --- modulename: s368649975, funcname: dfs
s368649975.py(75):     if column == 1:
s368649975.py(78):     for i in range(10):
s368649975.py(79):         if i!=column and C[column][i] < m:
s368649975.py(78):     for i in range(10):
s368649975.py(79):         if i!=column and C[column][i] < m:
s368649975.py(78):     for i in range(10):
s368649975.py(79):         if i!=column and C[column][i] < m:
s368649975.py(78):     for i in range(10):
s368649975.py(79):         if i!=column and C[column][i] < m:
s368649975.py(78):     for i in range(10):
s368649975.py(79):         if i!=column and C[column][i] < m:
s368649975.py(78):     for i in range(10):
s368649975.py(79):         if i!=column and C[column][i] < m:
s368649975.py(78):     for i in range(10):
s368649975.py(79):         if i!=column and C[column][i] < m:
s368649975.py(78):     for i in range(10):
s368649975.py(79):         if i!=column and C[column][i] < m:
s368649975.py(78):     for i in range(10):
s368649975.py(79):         if i!=column and C[column][i] < m:
s368649975.py(78):     for i in range(10):
s368649975.py(79):         if i!=column and C[column][i] < m:
s368649975.py(78):     for i in range(10):
s368649975.py(81):     return False
s368649975.py(87):         if flag != -1:
s368649975.py(90):         flag = -1
s368649975.py(83): for i in range(10):
s368649975.py(84):     if i != 1:
s368649975.py(85):         dfs(i, C[i][1])
 --- modulename: s368649975, funcname: dfs
s368649975.py(75):     if column == 1:
s368649975.py(78):     for i in range(10):
s368649975.py(79):         if i!=column and C[column][i] < m:
s368649975.py(78):     for i in range(10):
s368649975.py(79):         if i!=column and C[column][i] < m:
s368649975.py(78):     for i in range(10):
s368649975.py(79):         if i!=column and C[column][i] < m:
s368649975.py(78):     for i in range(10):
s368649975.py(79):         if i!=column and C[column][i] < m:
s368649975.py(78):     for i in range(10):
s368649975.py(79):         if i!=column and C[column][i] < m:
s368649975.py(78):     for i in range(10):
s368649975.py(79):         if i!=column and C[column][i] < m:
s368649975.py(78):     for i in range(10):
s368649975.py(79):         if i!=column and C[column][i] < m:
s368649975.py(78):     for i in range(10):
s368649975.py(79):         if i!=column and C[column][i] < m:
s368649975.py(78):     for i in range(10):
s368649975.py(79):         if i!=column and C[column][i] < m:
s368649975.py(78):     for i in range(10):
s368649975.py(79):         if i!=column and C[column][i] < m:
s368649975.py(80):             dfs(i, m-C[column][i])
 --- modulename: s368649975, funcname: dfs
s368649975.py(75):     if column == 1:
s368649975.py(78):     for i in range(10):
s368649975.py(79):         if i!=column and C[column][i] < m:
s368649975.py(78):     for i in range(10):
s368649975.py(79):         if i!=column and C[column][i] < m:
s368649975.py(80):             dfs(i, m-C[column][i])
 --- modulename: s368649975, funcname: dfs
s368649975.py(75):     if column == 1:
s368649975.py(77):         flag = max(m, flag)
s368649975.py(78):     for i in range(10):
s368649975.py(79):         if i!=column and C[column][i] < m:
s368649975.py(78):     for i in range(10):
s368649975.py(79):         if i!=column and C[column][i] < m:
s368649975.py(78):     for i in range(10):
s368649975.py(79):         if i!=column and C[column][i] < m:
s368649975.py(78):     for i in range(10):
s368649975.py(79):         if i!=column and C[column][i] < m:
s368649975.py(78):     for i in range(10):
s368649975.py(79):         if i!=column and C[column][i] < m:
s368649975.py(78):     for i in range(10):
s368649975.py(79):         if i!=column and C[column][i] < m:
s368649975.py(78):     for i in range(10):
s368649975.py(79):         if i!=column and C[column][i] < m:
s368649975.py(78):     for i in range(10):
s368649975.py(79):         if i!=column and C[column][i] < m:
s368649975.py(78):     for i in range(10):
s368649975.py(79):         if i!=column and C[column][i] < m:
s368649975.py(78):     for i in range(10):
s368649975.py(79):         if i!=column and C[column][i] < m:
s368649975.py(78):     for i in range(10):
s368649975.py(81):     return False
s368649975.py(78):     for i in range(10):
s368649975.py(79):         if i!=column and C[column][i] < m:
s368649975.py(78):     for i in range(10):
s368649975.py(79):         if i!=column and C[column][i] < m:
s368649975.py(78):     for i in range(10):
s368649975.py(79):         if i!=column and C[column][i] < m:
s368649975.py(78):     for i in range(10):
s368649975.py(79):         if i!=column and C[column][i] < m:
s368649975.py(78):     for i in range(10):
s368649975.py(79):         if i!=column and C[column][i] < m:
s368649975.py(78):     for i in range(10):
s368649975.py(79):         if i!=column and C[column][i] < m:
s368649975.py(78):     for i in range(10):
s368649975.py(79):         if i!=column and C[column][i] < m:
s368649975.py(78):     for i in range(10):
s368649975.py(79):         if i!=column and C[column][i] < m:
s368649975.py(78):     for i in range(10):
s368649975.py(81):     return False
s368649975.py(78):     for i in range(10):
s368649975.py(81):     return False
s368649975.py(87):         if flag != -1:
s368649975.py(88):             memo[i] = C[i][1]-flag
s368649975.py(90):         flag = -1
s368649975.py(83): for i in range(10):
s368649975.py(84):     if i != 1:
s368649975.py(85):         dfs(i, C[i][1])
 --- modulename: s368649975, funcname: dfs
s368649975.py(75):     if column == 1:
s368649975.py(78):     for i in range(10):
s368649975.py(79):         if i!=column and C[column][i] < m:
s368649975.py(78):     for i in range(10):
s368649975.py(79):         if i!=column and C[column][i] < m:
s368649975.py(78):     for i in range(10):
s368649975.py(79):         if i!=column and C[column][i] < m:
s368649975.py(78):     for i in range(10):
s368649975.py(79):         if i!=column and C[column][i] < m:
s368649975.py(78):     for i in range(10):
s368649975.py(79):         if i!=column and C[column][i] < m:
s368649975.py(78):     for i in range(10):
s368649975.py(79):         if i!=column and C[column][i] < m:
s368649975.py(78):     for i in range(10):
s368649975.py(79):         if i!=column and C[column][i] < m:
s368649975.py(78):     for i in range(10):
s368649975.py(79):         if i!=column and C[column][i] < m:
s368649975.py(78):     for i in range(10):
s368649975.py(79):         if i!=column and C[column][i] < m:
s368649975.py(78):     for i in range(10):
s368649975.py(79):         if i!=column and C[column][i] < m:
s368649975.py(78):     for i in range(10):
s368649975.py(81):     return False
s368649975.py(87):         if flag != -1:
s368649975.py(90):         flag = -1
s368649975.py(83): for i in range(10):
s368649975.py(84):     if i != 1:
s368649975.py(85):         dfs(i, C[i][1])
 --- modulename: s368649975, funcname: dfs
s368649975.py(75):     if column == 1:
s368649975.py(78):     for i in range(10):
s368649975.py(79):         if i!=column and C[column][i] < m:
s368649975.py(78):     for i in range(10):
s368649975.py(79):         if i!=column and C[column][i] < m:
s368649975.py(78):     for i in range(10):
s368649975.py(79):         if i!=column and C[column][i] < m:
s368649975.py(78):     for i in range(10):
s368649975.py(79):         if i!=column and C[column][i] < m:
s368649975.py(78):     for i in range(10):
s368649975.py(79):         if i!=column and C[column][i] < m:
s368649975.py(78):     for i in range(10):
s368649975.py(79):         if i!=column and C[column][i] < m:
s368649975.py(78):     for i in range(10):
s368649975.py(79):         if i!=column and C[column][i] < m:
s368649975.py(78):     for i in range(10):
s368649975.py(79):         if i!=column and C[column][i] < m:
s368649975.py(78):     for i in range(10):
s368649975.py(79):         if i!=column and C[column][i] < m:
s368649975.py(78):     for i in range(10):
s368649975.py(79):         if i!=column and C[column][i] < m:
s368649975.py(78):     for i in range(10):
s368649975.py(81):     return False
s368649975.py(87):         if flag != -1:
s368649975.py(90):         flag = -1
s368649975.py(83): for i in range(10):
s368649975.py(84):     if i != 1:
s368649975.py(85):         dfs(i, C[i][1])
 --- modulename: s368649975, funcname: dfs
s368649975.py(75):     if column == 1:
s368649975.py(78):     for i in range(10):
s368649975.py(79):         if i!=column and C[column][i] < m:
s368649975.py(78):     for i in range(10):
s368649975.py(79):         if i!=column and C[column][i] < m:
s368649975.py(78):     for i in range(10):
s368649975.py(79):         if i!=column and C[column][i] < m:
s368649975.py(78):     for i in range(10):
s368649975.py(79):         if i!=column and C[column][i] < m:
s368649975.py(78):     for i in range(10):
s368649975.py(79):         if i!=column and C[column][i] < m:
s368649975.py(78):     for i in range(10):
s368649975.py(79):         if i!=column and C[column][i] < m:
s368649975.py(78):     for i in range(10):
s368649975.py(79):         if i!=column and C[column][i] < m:
s368649975.py(78):     for i in range(10):
s368649975.py(79):         if i!=column and C[column][i] < m:
s368649975.py(78):     for i in range(10):
s368649975.py(79):         if i!=column and C[column][i] < m:
s368649975.py(78):     for i in range(10):
s368649975.py(79):         if i!=column and C[column][i] < m:
s368649975.py(78):     for i in range(10):
s368649975.py(81):     return False
s368649975.py(87):         if flag != -1:
s368649975.py(90):         flag = -1
s368649975.py(83): for i in range(10):
s368649975.py(84):     if i != 1:
s368649975.py(85):         dfs(i, C[i][1])
 --- modulename: s368649975, funcname: dfs
s368649975.py(75):     if column == 1:
s368649975.py(78):     for i in range(10):
s368649975.py(79):         if i!=column and C[column][i] < m:
s368649975.py(78):     for i in range(10):
s368649975.py(79):         if i!=column and C[column][i] < m:
s368649975.py(78):     for i in range(10):
s368649975.py(79):         if i!=column and C[column][i] < m:
s368649975.py(78):     for i in range(10):
s368649975.py(79):         if i!=column and C[column][i] < m:
s368649975.py(78):     for i in range(10):
s368649975.py(79):         if i!=column and C[column][i] < m:
s368649975.py(80):             dfs(i, m-C[column][i])
 --- modulename: s368649975, funcname: dfs
s368649975.py(75):     if column == 1:
s368649975.py(78):     for i in range(10):
s368649975.py(79):         if i!=column and C[column][i] < m:
s368649975.py(78):     for i in range(10):
s368649975.py(79):         if i!=column and C[column][i] < m:
s368649975.py(78):     for i in range(10):
s368649975.py(79):         if i!=column and C[column][i] < m:
s368649975.py(78):     for i in range(10):
s368649975.py(79):         if i!=column and C[column][i] < m:
s368649975.py(78):     for i in range(10):
s368649975.py(79):         if i!=column and C[column][i] < m:
s368649975.py(78):     for i in range(10):
s368649975.py(79):         if i!=column and C[column][i] < m:
s368649975.py(78):     for i in range(10):
s368649975.py(79):         if i!=column and C[column][i] < m:
s368649975.py(78):     for i in range(10):
s368649975.py(79):         if i!=column and C[column][i] < m:
s368649975.py(78):     for i in range(10):
s368649975.py(79):         if i!=column and C[column][i] < m:
s368649975.py(78):     for i in range(10):
s368649975.py(79):         if i!=column and C[column][i] < m:
s368649975.py(80):             dfs(i, m-C[column][i])
 --- modulename: s368649975, funcname: dfs
s368649975.py(75):     if column == 1:
s368649975.py(78):     for i in range(10):
s368649975.py(79):         if i!=column and C[column][i] < m:
s368649975.py(78):     for i in range(10):
s368649975.py(79):         if i!=column and C[column][i] < m:
s368649975.py(80):             dfs(i, m-C[column][i])
 --- modulename: s368649975, funcname: dfs
s368649975.py(75):     if column == 1:
s368649975.py(77):         flag = max(m, flag)
s368649975.py(78):     for i in range(10):
s368649975.py(79):         if i!=column and C[column][i] < m:
s368649975.py(78):     for i in range(10):
s368649975.py(79):         if i!=column and C[column][i] < m:
s368649975.py(78):     for i in range(10):
s368649975.py(79):         if i!=column and C[column][i] < m:
s368649975.py(78):     for i in range(10):
s368649975.py(79):         if i!=column and C[column][i] < m:
s368649975.py(78):     for i in range(10):
s368649975.py(79):         if i!=column and C[column][i] < m:
s368649975.py(78):     for i in range(10):
s368649975.py(79):         if i!=column and C[column][i] < m:
s368649975.py(78):     for i in range(10):
s368649975.py(79):         if i!=column and C[column][i] < m:
s368649975.py(78):     for i in range(10):
s368649975.py(79):         if i!=column and C[column][i] < m:
s368649975.py(78):     for i in range(10):
s368649975.py(79):         if i!=column and C[column][i] < m:
s368649975.py(78):     for i in range(10):
s368649975.py(79):         if i!=column and C[column][i] < m:
s368649975.py(78):     for i in range(10):
s368649975.py(81):     return False
s368649975.py(78):     for i in range(10):
s368649975.py(79):         if i!=column and C[column][i] < m:
s368649975.py(78):     for i in range(10):
s368649975.py(79):         if i!=column and C[column][i] < m:
s368649975.py(78):     for i in range(10):
s368649975.py(79):         if i!=column and C[column][i] < m:
s368649975.py(78):     for i in range(10):
s368649975.py(79):         if i!=column and C[column][i] < m:
s368649975.py(78):     for i in range(10):
s368649975.py(79):         if i!=column and C[column][i] < m:
s368649975.py(78):     for i in range(10):
s368649975.py(79):         if i!=column and C[column][i] < m:
s368649975.py(78):     for i in range(10):
s368649975.py(79):         if i!=column and C[column][i] < m:
s368649975.py(78):     for i in range(10):
s368649975.py(79):         if i!=column and C[column][i] < m:
s368649975.py(78):     for i in range(10):
s368649975.py(81):     return False
s368649975.py(78):     for i in range(10):
s368649975.py(81):     return False
s368649975.py(78):     for i in range(10):
s368649975.py(79):         if i!=column and C[column][i] < m:
s368649975.py(78):     for i in range(10):
s368649975.py(79):         if i!=column and C[column][i] < m:
s368649975.py(78):     for i in range(10):
s368649975.py(79):         if i!=column and C[column][i] < m:
s368649975.py(78):     for i in range(10):
s368649975.py(79):         if i!=column and C[column][i] < m:
s368649975.py(78):     for i in range(10):
s368649975.py(79):         if i!=column and C[column][i] < m:
s368649975.py(78):     for i in range(10):
s368649975.py(81):     return False
s368649975.py(87):         if flag != -1:
s368649975.py(88):             memo[i] = C[i][1]-flag
s368649975.py(90):         flag = -1
s368649975.py(83): for i in range(10):
s368649975.py(84):     if i != 1:
s368649975.py(85):         dfs(i, C[i][1])
 --- modulename: s368649975, funcname: dfs
s368649975.py(75):     if column == 1:
s368649975.py(78):     for i in range(10):
s368649975.py(79):         if i!=column and C[column][i] < m:
s368649975.py(78):     for i in range(10):
s368649975.py(79):         if i!=column and C[column][i] < m:
s368649975.py(78):     for i in range(10):
s368649975.py(79):         if i!=column and C[column][i] < m:
s368649975.py(78):     for i in range(10):
s368649975.py(79):         if i!=column and C[column][i] < m:
s368649975.py(78):     for i in range(10):
s368649975.py(79):         if i!=column and C[column][i] < m:
s368649975.py(78):     for i in range(10):
s368649975.py(79):         if i!=column and C[column][i] < m:
s368649975.py(78):     for i in range(10):
s368649975.py(79):         if i!=column and C[column][i] < m:
s368649975.py(78):     for i in range(10):
s368649975.py(79):         if i!=column and C[column][i] < m:
s368649975.py(78):     for i in range(10):
s368649975.py(79):         if i!=column and C[column][i] < m:
s368649975.py(78):     for i in range(10):
s368649975.py(79):         if i!=column and C[column][i] < m:
s368649975.py(78):     for i in range(10):
s368649975.py(81):     return False
s368649975.py(87):         if flag != -1:
s368649975.py(90):         flag = -1
s368649975.py(83): for i in range(10):
s368649975.py(93): ans = 0
s368649975.py(95): for i in range(H):
s368649975.py(96):     for j in range(W):
s368649975.py(97):         if abs(a[i][j]) != 1:
s368649975.py(96):     for j in range(W):
s368649975.py(97):         if abs(a[i][j]) != 1:
s368649975.py(96):     for j in range(W):
s368649975.py(97):         if abs(a[i][j]) != 1:
s368649975.py(96):     for j in range(W):
s368649975.py(97):         if abs(a[i][j]) != 1:
s368649975.py(96):     for j in range(W):
s368649975.py(95): for i in range(H):
s368649975.py(96):     for j in range(W):
s368649975.py(97):         if abs(a[i][j]) != 1:
s368649975.py(98):             ans += memo[a[i][j]]
s368649975.py(96):     for j in range(W):
s368649975.py(97):         if abs(a[i][j]) != 1:
s368649975.py(96):     for j in range(W):
s368649975.py(97):         if abs(a[i][j]) != 1:
s368649975.py(96):     for j in range(W):
s368649975.py(97):         if abs(a[i][j]) != 1:
s368649975.py(98):             ans += memo[a[i][j]]
s368649975.py(96):     for j in range(W):
s368649975.py(95): for i in range(H):
s368649975.py(100): print(ans)
12
