 --- modulename: s369313962, funcname: <module>
s369313962.py(2): import sys
s369313962.py(5): def solve(N: int, M: int, A: "List[int]"):
s369313962.py(14): def main():
s369313962.py(26): if __name__ == '__main__':
s369313962.py(27):     main()
 --- modulename: s369313962, funcname: main
s369313962.py(15):     def iterate_tokens():
s369313962.py(19):     tokens = iterate_tokens()
s369313962.py(20):     N = int(next(tokens))  # type: int
 --- modulename: s369313962, funcname: iterate_tokens
s369313962.py(16):         for line in sys.stdin:
 --- modulename: codecs, funcname: decode
codecs.py(321):         data = self.buffer + input
codecs.py(322):         (result, consumed) = self._buffer_decode(data, self.errors, final)
codecs.py(324):         self.buffer = data[consumed:]
codecs.py(325):         return result
s369313962.py(17):             for word in line.split():
s369313962.py(18):                 yield word
s369313962.py(21):     M = int(next(tokens))  # type: int
 --- modulename: s369313962, funcname: iterate_tokens
s369313962.py(17):             for word in line.split():
s369313962.py(18):                 yield word
s369313962.py(22):     A = [int(next(tokens)) for _ in range(M)]  # type: "List[int]"
 --- modulename: s369313962, funcname: <listcomp>
s369313962.py(22):     A = [int(next(tokens)) for _ in range(M)]  # type: "List[int]"
 --- modulename: s369313962, funcname: iterate_tokens
s369313962.py(17):             for word in line.split():
s369313962.py(16):         for line in sys.stdin:
s369313962.py(17):             for word in line.split():
s369313962.py(18):                 yield word
s369313962.py(22):     A = [int(next(tokens)) for _ in range(M)]  # type: "List[int]"
 --- modulename: s369313962, funcname: iterate_tokens
s369313962.py(17):             for word in line.split():
s369313962.py(18):                 yield word
s369313962.py(22):     A = [int(next(tokens)) for _ in range(M)]  # type: "List[int]"
s369313962.py(23):     solve(N, M, A)
 --- modulename: s369313962, funcname: solve
s369313962.py(6):     total = sum(A)
s369313962.py(7):     if N - total >= 0:
s369313962.py(8):         print(N - total)
30
 --- modulename: s369313962, funcname: iterate_tokens
