 --- modulename: s370940502, funcname: <module>
s370940502.py(1): import math
 --- modulename: _bootstrap, funcname: _find_and_load
<frozen importlib._bootstrap>(1004):  --- modulename: _bootstrap, funcname: __init__
<frozen importlib._bootstrap>(153): <frozen importlib._bootstrap>(154):  --- modulename: _bootstrap, funcname: __enter__
<frozen importlib._bootstrap>(157):  --- modulename: _bootstrap, funcname: _get_module_lock
<frozen importlib._bootstrap>(172): <frozen importlib._bootstrap>(173): <frozen importlib._bootstrap>(174): <frozen importlib._bootstrap>(175): <frozen importlib._bootstrap>(176): <frozen importlib._bootstrap>(177): <frozen importlib._bootstrap>(179): <frozen importlib._bootstrap>(180): <frozen importlib._bootstrap>(183):  --- modulename: _bootstrap, funcname: __init__
<frozen importlib._bootstrap>(59): <frozen importlib._bootstrap>(60): <frozen importlib._bootstrap>(61): <frozen importlib._bootstrap>(62): <frozen importlib._bootstrap>(63): <frozen importlib._bootstrap>(64): <frozen importlib._bootstrap>(185): <frozen importlib._bootstrap>(196): <frozen importlib._bootstrap>(198): <frozen importlib._bootstrap>(200): <frozen importlib._bootstrap>(158):  --- modulename: _bootstrap, funcname: acquire
<frozen importlib._bootstrap>(93): <frozen importlib._bootstrap>(94): <frozen importlib._bootstrap>(95): <frozen importlib._bootstrap>(97): <frozen importlib._bootstrap>(98): <frozen importlib._bootstrap>(99): <frozen importlib._bootstrap>(100): <frozen importlib._bootstrap>(101): <frozen importlib._bootstrap>(110): <frozen importlib._bootstrap>(101): <frozen importlib._bootstrap>(1005): <frozen importlib._bootstrap>(1006): <frozen importlib._bootstrap>(1007):  --- modulename: _bootstrap, funcname: _find_and_load_unlocked
<frozen importlib._bootstrap>(968): <frozen importlib._bootstrap>(969): <frozen importlib._bootstrap>(970): <frozen importlib._bootstrap>(982):  --- modulename: _bootstrap, funcname: _find_spec
<frozen importlib._bootstrap>(903): <frozen importlib._bootstrap>(904): <frozen importlib._bootstrap>(909): <frozen importlib._bootstrap>(915): <frozen importlib._bootstrap>(916): <frozen importlib._bootstrap>(917):  --- modulename: _bootstrap, funcname: __enter__
<frozen importlib._bootstrap>(876): <frozen importlib._bootstrap>(918): <frozen importlib._bootstrap>(919): <frozen importlib._bootstrap>(925):  --- modulename: __init__, funcname: find_spec
__init__.py(104):         if path is not None and not fullname.startswith('test.'):
__init__.py(107):         method_name = 'spec_for_{fullname}'.format(**locals())
__init__.py(108):         method = getattr(self, method_name, lambda: None)
__init__.py(109):         return method()
 --- modulename: __init__, funcname: <lambda>
__init__.py(108):         method = getattr(self, method_name, lambda: None)
 --- modulename: _bootstrap, funcname: __exit__
<frozen importlib._bootstrap>(880): <frozen importlib._bootstrap>(926): <frozen importlib._bootstrap>(916): <frozen importlib._bootstrap>(917):  --- modulename: _bootstrap, funcname: __enter__
<frozen importlib._bootstrap>(876): <frozen importlib._bootstrap>(918): <frozen importlib._bootstrap>(919): <frozen importlib._bootstrap>(925):  --- modulename: _virtualenv, funcname: find_spec
_virtualenv.py(53):         if fullname in _DISTUTILS_PATCH and self.fullname is None:  # noqa: PLR1702
_virtualenv.py(87):         return None
 --- modulename: _bootstrap, funcname: __exit__
<frozen importlib._bootstrap>(880): <frozen importlib._bootstrap>(926): <frozen importlib._bootstrap>(916): <frozen importlib._bootstrap>(917):  --- modulename: _bootstrap, funcname: __enter__
<frozen importlib._bootstrap>(876): <frozen importlib._bootstrap>(918): <frozen importlib._bootstrap>(919): <frozen importlib._bootstrap>(925):  --- modulename: _bootstrap, funcname: find_spec
<frozen importlib._bootstrap>(738): <frozen importlib._bootstrap>(740): <frozen importlib._bootstrap>(741):  --- modulename: _bootstrap, funcname: spec_from_loader
<frozen importlib._bootstrap>(417): <frozen importlib._bootstrap>(428): <frozen importlib._bootstrap>(429): <frozen importlib._bootstrap>(430): <frozen importlib._bootstrap>(431):  --- modulename: _bootstrap, funcname: _requires_builtin_wrapper
<frozen importlib._bootstrap>(242): <frozen importlib._bootstrap>(245):  --- modulename: _bootstrap, funcname: is_package
<frozen importlib._bootstrap>(786): <frozen importlib._bootstrap>(438):  --- modulename: _bootstrap, funcname: __init__
<frozen importlib._bootstrap>(353): <frozen importlib._bootstrap>(354): <frozen importlib._bootstrap>(355): <frozen importlib._bootstrap>(356): <frozen importlib._bootstrap>(357): <frozen importlib._bootstrap>(360): <frozen importlib._bootstrap>(361):  --- modulename: _bootstrap, funcname: __exit__
<frozen importlib._bootstrap>(880): <frozen importlib._bootstrap>(926): <frozen importlib._bootstrap>(928): <frozen importlib._bootstrap>(943): <frozen importlib._bootstrap>(983): <frozen importlib._bootstrap>(986):  --- modulename: _bootstrap, funcname: _load_unlocked
<frozen importlib._bootstrap>(661): <frozen importlib._bootstrap>(663): <frozen importlib._bootstrap>(666):  --- modulename: _bootstrap, funcname: module_from_spec
<frozen importlib._bootstrap>(561): <frozen importlib._bootstrap>(562): <frozen importlib._bootstrap>(565):  --- modulename: _bootstrap, funcname: create_module
<frozen importlib._bootstrap>(760): <frozen importlib._bootstrap>(763):  --- modulename: _bootstrap, funcname: _call_with_frames_removed
<frozen importlib._bootstrap>(228): <frozen importlib._bootstrap>(569): <frozen importlib._bootstrap>(571):  --- modulename: _bootstrap, funcname: _init_module_attrs
<frozen importlib._bootstrap>(490): <frozen importlib._bootstrap>(496): <frozen importlib._bootstrap>(497): <frozen importlib._bootstrap>(498): <frozen importlib._bootstrap>(519): <frozen importlib._bootstrap>(520): <frozen importlib._bootstrap>(524): <frozen importlib._bootstrap>(525): <frozen importlib._bootstrap>(526):  --- modulename: _bootstrap, funcname: parent
<frozen importlib._bootstrap>(401): <frozen importlib._bootstrap>(402): <frozen importlib._bootstrap>(530): <frozen importlib._bootstrap>(531): <frozen importlib._bootstrap>(535): <frozen importlib._bootstrap>(536): <frozen importlib._bootstrap>(542):  --- modulename: _bootstrap, funcname: has_location
<frozen importlib._bootstrap>(408): <frozen importlib._bootstrap>(555): <frozen importlib._bootstrap>(572): <frozen importlib._bootstrap>(671): <frozen importlib._bootstrap>(672): <frozen importlib._bootstrap>(673): <frozen importlib._bootstrap>(674): <frozen importlib._bootstrap>(675): <frozen importlib._bootstrap>(680):  --- modulename: _bootstrap, funcname: exec_module
<frozen importlib._bootstrap>(768):  --- modulename: _bootstrap, funcname: _call_with_frames_removed
<frozen importlib._bootstrap>(228): <frozen importlib._bootstrap>(691): <frozen importlib._bootstrap>(692): <frozen importlib._bootstrap>(693):  --- modulename: _bootstrap, funcname: _verbose_message
<frozen importlib._bootstrap>(233): <frozen importlib._bootstrap>(695): <frozen importlib._bootstrap>(697): <frozen importlib._bootstrap>(987): <frozen importlib._bootstrap>(996):  --- modulename: _bootstrap, funcname: __exit__
<frozen importlib._bootstrap>(161):  --- modulename: _bootstrap, funcname: release
<frozen importlib._bootstrap>(113): <frozen importlib._bootstrap>(114): <frozen importlib._bootstrap>(115): <frozen importlib._bootstrap>(117): <frozen importlib._bootstrap>(118): <frozen importlib._bootstrap>(119): <frozen importlib._bootstrap>(120): <frozen importlib._bootstrap>(121):  --- modulename: _bootstrap, funcname: cb
<frozen importlib._bootstrap>(186): <frozen importlib._bootstrap>(187): <frozen importlib._bootstrap>(191): <frozen importlib._bootstrap>(192): <frozen importlib._bootstrap>(194): s370940502.py(3): def partition(A, p, r):
s370940502.py(14): def quicksort(A, p, r):
s370940502.py(21): def merge(A, left, mid, right):
s370940502.py(56): def merge_sort(A, left, right):
s370940502.py(66): if __name__ == "__main__":
s370940502.py(67):     n = int(input())
 --- modulename: codecs, funcname: getstate
codecs.py(333):         return (self.buffer, 0)
 --- modulename: codecs, funcname: decode
codecs.py(321):         data = self.buffer + input
codecs.py(322):         (result, consumed) = self._buffer_decode(data, self.errors, final)
codecs.py(324):         self.buffer = data[consumed:]
codecs.py(325):         return result
s370940502.py(68):     cards = []
s370940502.py(69):     for i in range(n):
s370940502.py(70):         cards.append(input())
s370940502.py(69):     for i in range(n):
s370940502.py(70):         cards.append(input())
s370940502.py(69):     for i in range(n):
s370940502.py(70):         cards.append(input())
s370940502.py(69):     for i in range(n):
s370940502.py(70):         cards.append(input())
s370940502.py(69):     for i in range(n):
s370940502.py(70):         cards.append(input())
s370940502.py(69):     for i in range(n):
s370940502.py(70):         cards.append(input())
s370940502.py(69):     for i in range(n):
s370940502.py(72):     reference = merge_sort(cards.copy(), 0, n)
 --- modulename: s370940502, funcname: merge_sort
s370940502.py(57):     if left + 1 < right:
s370940502.py(58):         mid = (left + right) // 2
s370940502.py(59):         merge_sort(A, left, mid)
 --- modulename: s370940502, funcname: merge_sort
s370940502.py(57):     if left + 1 < right:
s370940502.py(58):         mid = (left + right) // 2
s370940502.py(59):         merge_sort(A, left, mid)
 --- modulename: s370940502, funcname: merge_sort
s370940502.py(57):     if left + 1 < right:
s370940502.py(63):     return A
s370940502.py(60):         merge_sort(A, mid, right)
 --- modulename: s370940502, funcname: merge_sort
s370940502.py(57):     if left + 1 < right:
s370940502.py(58):         mid = (left + right) // 2
s370940502.py(59):         merge_sort(A, left, mid)
 --- modulename: s370940502, funcname: merge_sort
s370940502.py(57):     if left + 1 < right:
s370940502.py(63):     return A
s370940502.py(60):         merge_sort(A, mid, right)
 --- modulename: s370940502, funcname: merge_sort
s370940502.py(57):     if left + 1 < right:
s370940502.py(63):     return A
s370940502.py(61):         merge(A, left, mid, right)
 --- modulename: s370940502, funcname: merge
s370940502.py(22):     n1 = mid - left
s370940502.py(23):     n2 = right - mid
s370940502.py(24):     L = [None for _ in range(n1+1)]
 --- modulename: s370940502, funcname: <listcomp>
s370940502.py(24):     L = [None for _ in range(n1+1)]
s370940502.py(24):     L = [None for _ in range(n1+1)]
s370940502.py(24):     L = [None for _ in range(n1+1)]
s370940502.py(25):     R = [None for _ in range(n2+1)]
 --- modulename: s370940502, funcname: <listcomp>
s370940502.py(25):     R = [None for _ in range(n2+1)]
s370940502.py(25):     R = [None for _ in range(n2+1)]
s370940502.py(25):     R = [None for _ in range(n2+1)]
s370940502.py(26):     for i in range(n1):
s370940502.py(27):         L[i] = A[left + i]
s370940502.py(26):     for i in range(n1):
s370940502.py(28):     for i in range(n2):
s370940502.py(29):         R[i] = A[mid + i]
s370940502.py(28):     for i in range(n2):
s370940502.py(31):     L[n1] = math.inf
s370940502.py(32):     R[n2] = math.inf
s370940502.py(34):     i = 0
s370940502.py(35):     j = 0
s370940502.py(37):     for k in range(left, right):
s370940502.py(38):         try:
s370940502.py(39):             v1 = int(L[i][2:])
s370940502.py(43):         try:
s370940502.py(44):             v2 = int(R[j][2:])
s370940502.py(48):         if v1 <= v2:
s370940502.py(52):             A[k] = R[j]
s370940502.py(53):             j += 1
s370940502.py(37):     for k in range(left, right):
s370940502.py(38):         try:
s370940502.py(39):             v1 = int(L[i][2:])
s370940502.py(43):         try:
s370940502.py(44):             v2 = int(R[j][2:])
s370940502.py(45):         except:
s370940502.py(46):             v2 = R[j]
s370940502.py(48):         if v1 <= v2:
s370940502.py(49):             A[k] = L[i]
s370940502.py(50):             i += 1
s370940502.py(37):     for k in range(left, right):
s370940502.py(63):     return A
s370940502.py(61):         merge(A, left, mid, right)
 --- modulename: s370940502, funcname: merge
s370940502.py(22):     n1 = mid - left
s370940502.py(23):     n2 = right - mid
s370940502.py(24):     L = [None for _ in range(n1+1)]
 --- modulename: s370940502, funcname: <listcomp>
s370940502.py(24):     L = [None for _ in range(n1+1)]
s370940502.py(24):     L = [None for _ in range(n1+1)]
s370940502.py(24):     L = [None for _ in range(n1+1)]
s370940502.py(25):     R = [None for _ in range(n2+1)]
 --- modulename: s370940502, funcname: <listcomp>
s370940502.py(25):     R = [None for _ in range(n2+1)]
s370940502.py(25):     R = [None for _ in range(n2+1)]
s370940502.py(25):     R = [None for _ in range(n2+1)]
s370940502.py(25):     R = [None for _ in range(n2+1)]
s370940502.py(26):     for i in range(n1):
s370940502.py(27):         L[i] = A[left + i]
s370940502.py(26):     for i in range(n1):
s370940502.py(28):     for i in range(n2):
s370940502.py(29):         R[i] = A[mid + i]
s370940502.py(28):     for i in range(n2):
s370940502.py(29):         R[i] = A[mid + i]
s370940502.py(28):     for i in range(n2):
s370940502.py(31):     L[n1] = math.inf
s370940502.py(32):     R[n2] = math.inf
s370940502.py(34):     i = 0
s370940502.py(35):     j = 0
s370940502.py(37):     for k in range(left, right):
s370940502.py(38):         try:
s370940502.py(39):             v1 = int(L[i][2:])
s370940502.py(43):         try:
s370940502.py(44):             v2 = int(R[j][2:])
s370940502.py(48):         if v1 <= v2:
s370940502.py(52):             A[k] = R[j]
s370940502.py(53):             j += 1
s370940502.py(37):     for k in range(left, right):
s370940502.py(38):         try:
s370940502.py(39):             v1 = int(L[i][2:])
s370940502.py(43):         try:
s370940502.py(44):             v2 = int(R[j][2:])
s370940502.py(48):         if v1 <= v2:
s370940502.py(52):             A[k] = R[j]
s370940502.py(53):             j += 1
s370940502.py(37):     for k in range(left, right):
s370940502.py(38):         try:
s370940502.py(39):             v1 = int(L[i][2:])
s370940502.py(43):         try:
s370940502.py(44):             v2 = int(R[j][2:])
s370940502.py(45):         except:
s370940502.py(46):             v2 = R[j]
s370940502.py(48):         if v1 <= v2:
s370940502.py(49):             A[k] = L[i]
s370940502.py(50):             i += 1
s370940502.py(37):     for k in range(left, right):
s370940502.py(63):     return A
s370940502.py(60):         merge_sort(A, mid, right)
 --- modulename: s370940502, funcname: merge_sort
s370940502.py(57):     if left + 1 < right:
s370940502.py(58):         mid = (left + right) // 2
s370940502.py(59):         merge_sort(A, left, mid)
 --- modulename: s370940502, funcname: merge_sort
s370940502.py(57):     if left + 1 < right:
s370940502.py(63):     return A
s370940502.py(60):         merge_sort(A, mid, right)
 --- modulename: s370940502, funcname: merge_sort
s370940502.py(57):     if left + 1 < right:
s370940502.py(58):         mid = (left + right) // 2
s370940502.py(59):         merge_sort(A, left, mid)
 --- modulename: s370940502, funcname: merge_sort
s370940502.py(57):     if left + 1 < right:
s370940502.py(63):     return A
s370940502.py(60):         merge_sort(A, mid, right)
 --- modulename: s370940502, funcname: merge_sort
s370940502.py(57):     if left + 1 < right:
s370940502.py(63):     return A
s370940502.py(61):         merge(A, left, mid, right)
 --- modulename: s370940502, funcname: merge
s370940502.py(22):     n1 = mid - left
s370940502.py(23):     n2 = right - mid
s370940502.py(24):     L = [None for _ in range(n1+1)]
 --- modulename: s370940502, funcname: <listcomp>
s370940502.py(24):     L = [None for _ in range(n1+1)]
s370940502.py(24):     L = [None for _ in range(n1+1)]
s370940502.py(24):     L = [None for _ in range(n1+1)]
s370940502.py(25):     R = [None for _ in range(n2+1)]
 --- modulename: s370940502, funcname: <listcomp>
s370940502.py(25):     R = [None for _ in range(n2+1)]
s370940502.py(25):     R = [None for _ in range(n2+1)]
s370940502.py(25):     R = [None for _ in range(n2+1)]
s370940502.py(26):     for i in range(n1):
s370940502.py(27):         L[i] = A[left + i]
s370940502.py(26):     for i in range(n1):
s370940502.py(28):     for i in range(n2):
s370940502.py(29):         R[i] = A[mid + i]
s370940502.py(28):     for i in range(n2):
s370940502.py(31):     L[n1] = math.inf
s370940502.py(32):     R[n2] = math.inf
s370940502.py(34):     i = 0
s370940502.py(35):     j = 0
s370940502.py(37):     for k in range(left, right):
s370940502.py(38):         try:
s370940502.py(39):             v1 = int(L[i][2:])
s370940502.py(43):         try:
s370940502.py(44):             v2 = int(R[j][2:])
s370940502.py(48):         if v1 <= v2:
s370940502.py(52):             A[k] = R[j]
s370940502.py(53):             j += 1
s370940502.py(37):     for k in range(left, right):
s370940502.py(38):         try:
s370940502.py(39):             v1 = int(L[i][2:])
s370940502.py(43):         try:
s370940502.py(44):             v2 = int(R[j][2:])
s370940502.py(45):         except:
s370940502.py(46):             v2 = R[j]
s370940502.py(48):         if v1 <= v2:
s370940502.py(49):             A[k] = L[i]
s370940502.py(50):             i += 1
s370940502.py(37):     for k in range(left, right):
s370940502.py(63):     return A
s370940502.py(61):         merge(A, left, mid, right)
 --- modulename: s370940502, funcname: merge
s370940502.py(22):     n1 = mid - left
s370940502.py(23):     n2 = right - mid
s370940502.py(24):     L = [None for _ in range(n1+1)]
 --- modulename: s370940502, funcname: <listcomp>
s370940502.py(24):     L = [None for _ in range(n1+1)]
s370940502.py(24):     L = [None for _ in range(n1+1)]
s370940502.py(24):     L = [None for _ in range(n1+1)]
s370940502.py(25):     R = [None for _ in range(n2+1)]
 --- modulename: s370940502, funcname: <listcomp>
s370940502.py(25):     R = [None for _ in range(n2+1)]
s370940502.py(25):     R = [None for _ in range(n2+1)]
s370940502.py(25):     R = [None for _ in range(n2+1)]
s370940502.py(25):     R = [None for _ in range(n2+1)]
s370940502.py(26):     for i in range(n1):
s370940502.py(27):         L[i] = A[left + i]
s370940502.py(26):     for i in range(n1):
s370940502.py(28):     for i in range(n2):
s370940502.py(29):         R[i] = A[mid + i]
s370940502.py(28):     for i in range(n2):
s370940502.py(29):         R[i] = A[mid + i]
s370940502.py(28):     for i in range(n2):
s370940502.py(31):     L[n1] = math.inf
s370940502.py(32):     R[n2] = math.inf
s370940502.py(34):     i = 0
s370940502.py(35):     j = 0
s370940502.py(37):     for k in range(left, right):
s370940502.py(38):         try:
s370940502.py(39):             v1 = int(L[i][2:])
s370940502.py(43):         try:
s370940502.py(44):             v2 = int(R[j][2:])
s370940502.py(48):         if v1 <= v2:
s370940502.py(52):             A[k] = R[j]
s370940502.py(53):             j += 1
s370940502.py(37):     for k in range(left, right):
s370940502.py(38):         try:
s370940502.py(39):             v1 = int(L[i][2:])
s370940502.py(43):         try:
s370940502.py(44):             v2 = int(R[j][2:])
s370940502.py(48):         if v1 <= v2:
s370940502.py(52):             A[k] = R[j]
s370940502.py(53):             j += 1
s370940502.py(37):     for k in range(left, right):
s370940502.py(38):         try:
s370940502.py(39):             v1 = int(L[i][2:])
s370940502.py(43):         try:
s370940502.py(44):             v2 = int(R[j][2:])
s370940502.py(45):         except:
s370940502.py(46):             v2 = R[j]
s370940502.py(48):         if v1 <= v2:
s370940502.py(49):             A[k] = L[i]
s370940502.py(50):             i += 1
s370940502.py(37):     for k in range(left, right):
s370940502.py(63):     return A
s370940502.py(61):         merge(A, left, mid, right)
 --- modulename: s370940502, funcname: merge
s370940502.py(22):     n1 = mid - left
s370940502.py(23):     n2 = right - mid
s370940502.py(24):     L = [None for _ in range(n1+1)]
 --- modulename: s370940502, funcname: <listcomp>
s370940502.py(24):     L = [None for _ in range(n1+1)]
s370940502.py(24):     L = [None for _ in range(n1+1)]
s370940502.py(24):     L = [None for _ in range(n1+1)]
s370940502.py(24):     L = [None for _ in range(n1+1)]
s370940502.py(24):     L = [None for _ in range(n1+1)]
s370940502.py(25):     R = [None for _ in range(n2+1)]
 --- modulename: s370940502, funcname: <listcomp>
s370940502.py(25):     R = [None for _ in range(n2+1)]
s370940502.py(25):     R = [None for _ in range(n2+1)]
s370940502.py(25):     R = [None for _ in range(n2+1)]
s370940502.py(25):     R = [None for _ in range(n2+1)]
s370940502.py(25):     R = [None for _ in range(n2+1)]
s370940502.py(26):     for i in range(n1):
s370940502.py(27):         L[i] = A[left + i]
s370940502.py(26):     for i in range(n1):
s370940502.py(27):         L[i] = A[left + i]
s370940502.py(26):     for i in range(n1):
s370940502.py(27):         L[i] = A[left + i]
s370940502.py(26):     for i in range(n1):
s370940502.py(28):     for i in range(n2):
s370940502.py(29):         R[i] = A[mid + i]
s370940502.py(28):     for i in range(n2):
s370940502.py(29):         R[i] = A[mid + i]
s370940502.py(28):     for i in range(n2):
s370940502.py(29):         R[i] = A[mid + i]
s370940502.py(28):     for i in range(n2):
s370940502.py(31):     L[n1] = math.inf
s370940502.py(32):     R[n2] = math.inf
s370940502.py(34):     i = 0
s370940502.py(35):     j = 0
s370940502.py(37):     for k in range(left, right):
s370940502.py(38):         try:
s370940502.py(39):             v1 = int(L[i][2:])
s370940502.py(43):         try:
s370940502.py(44):             v2 = int(R[j][2:])
s370940502.py(48):         if v1 <= v2:
s370940502.py(49):             A[k] = L[i]
s370940502.py(50):             i += 1
s370940502.py(37):     for k in range(left, right):
s370940502.py(38):         try:
s370940502.py(39):             v1 = int(L[i][2:])
s370940502.py(43):         try:
s370940502.py(44):             v2 = int(R[j][2:])
s370940502.py(48):         if v1 <= v2:
s370940502.py(52):             A[k] = R[j]
s370940502.py(53):             j += 1
s370940502.py(37):     for k in range(left, right):
s370940502.py(38):         try:
s370940502.py(39):             v1 = int(L[i][2:])
s370940502.py(43):         try:
s370940502.py(44):             v2 = int(R[j][2:])
s370940502.py(48):         if v1 <= v2:
s370940502.py(49):             A[k] = L[i]
s370940502.py(50):             i += 1
s370940502.py(37):     for k in range(left, right):
s370940502.py(38):         try:
s370940502.py(39):             v1 = int(L[i][2:])
s370940502.py(43):         try:
s370940502.py(44):             v2 = int(R[j][2:])
s370940502.py(48):         if v1 <= v2:
s370940502.py(52):             A[k] = R[j]
s370940502.py(53):             j += 1
s370940502.py(37):     for k in range(left, right):
s370940502.py(38):         try:
s370940502.py(39):             v1 = int(L[i][2:])
s370940502.py(43):         try:
s370940502.py(44):             v2 = int(R[j][2:])
s370940502.py(48):         if v1 <= v2:
s370940502.py(49):             A[k] = L[i]
s370940502.py(50):             i += 1
s370940502.py(37):     for k in range(left, right):
s370940502.py(38):         try:
s370940502.py(39):             v1 = int(L[i][2:])
s370940502.py(40):         except:
s370940502.py(41):             v1 = L[i]
s370940502.py(43):         try:
s370940502.py(44):             v2 = int(R[j][2:])
s370940502.py(48):         if v1 <= v2:
s370940502.py(52):             A[k] = R[j]
s370940502.py(53):             j += 1
s370940502.py(37):     for k in range(left, right):
s370940502.py(63):     return A
s370940502.py(73):     quicksort(cards, 0, n-1)
 --- modulename: s370940502, funcname: quicksort
s370940502.py(15):     if p < r:
s370940502.py(16):         q = partition(A, p, r)
 --- modulename: s370940502, funcname: partition
s370940502.py(4):     x = int(A[r][2:])
s370940502.py(5):     i = p-1
s370940502.py(6):     for j in range(p, r):
s370940502.py(7):         if int(A[j][2:]) <= x:
s370940502.py(6):     for j in range(p, r):
s370940502.py(7):         if int(A[j][2:]) <= x:
s370940502.py(6):     for j in range(p, r):
s370940502.py(7):         if int(A[j][2:]) <= x:
s370940502.py(8):             i += 1
s370940502.py(9):             A[i], A[j] = A[j], A[i]
s370940502.py(6):     for j in range(p, r):
s370940502.py(7):         if int(A[j][2:]) <= x:
s370940502.py(6):     for j in range(p, r):
s370940502.py(7):         if int(A[j][2:]) <= x:
s370940502.py(6):     for j in range(p, r):
s370940502.py(10):     A[i+1], A[r] = A[r], A[i+1]
s370940502.py(12):     return i+1
s370940502.py(17):         quicksort(A, p, q-1)
 --- modulename: s370940502, funcname: quicksort
s370940502.py(15):     if p < r:
s370940502.py(18):         quicksort(A, q+1, r)
 --- modulename: s370940502, funcname: quicksort
s370940502.py(15):     if p < r:
s370940502.py(16):         q = partition(A, p, r)
 --- modulename: s370940502, funcname: partition
s370940502.py(4):     x = int(A[r][2:])
s370940502.py(5):     i = p-1
s370940502.py(6):     for j in range(p, r):
s370940502.py(7):         if int(A[j][2:]) <= x:
s370940502.py(6):     for j in range(p, r):
s370940502.py(7):         if int(A[j][2:]) <= x:
s370940502.py(6):     for j in range(p, r):
s370940502.py(7):         if int(A[j][2:]) <= x:
s370940502.py(8):             i += 1
s370940502.py(9):             A[i], A[j] = A[j], A[i]
s370940502.py(6):     for j in range(p, r):
s370940502.py(10):     A[i+1], A[r] = A[r], A[i+1]
s370940502.py(12):     return i+1
s370940502.py(17):         quicksort(A, p, q-1)
 --- modulename: s370940502, funcname: quicksort
s370940502.py(15):     if p < r:
s370940502.py(18):         quicksort(A, q+1, r)
 --- modulename: s370940502, funcname: quicksort
s370940502.py(15):     if p < r:
s370940502.py(16):         q = partition(A, p, r)
 --- modulename: s370940502, funcname: partition
s370940502.py(4):     x = int(A[r][2:])
s370940502.py(5):     i = p-1
s370940502.py(6):     for j in range(p, r):
s370940502.py(7):         if int(A[j][2:]) <= x:
s370940502.py(8):             i += 1
s370940502.py(9):             A[i], A[j] = A[j], A[i]
s370940502.py(6):     for j in range(p, r):
s370940502.py(10):     A[i+1], A[r] = A[r], A[i+1]
s370940502.py(12):     return i+1
s370940502.py(17):         quicksort(A, p, q-1)
 --- modulename: s370940502, funcname: quicksort
s370940502.py(15):     if p < r:
s370940502.py(18):         quicksort(A, q+1, r)
 --- modulename: s370940502, funcname: quicksort
s370940502.py(15):     if p < r:
s370940502.py(75):     if cards == reference:
s370940502.py(78):         print('Not stable')
Not stable
s370940502.py(80):     for card in cards:
s370940502.py(81):         print(card)
D 1
s370940502.py(80):     for card in cards:
s370940502.py(81):         print(card)
C 1
s370940502.py(80):     for card in cards:
s370940502.py(81):         print(card)
D 2
s370940502.py(80):     for card in cards:
s370940502.py(81):         print(card)
H 2
s370940502.py(80):     for card in cards:
s370940502.py(81):         print(card)
D 3
s370940502.py(80):     for card in cards:
s370940502.py(81):         print(card)
S 3
s370940502.py(80):     for card in cards:
