 --- modulename: s024632045, funcname: <module>
s024632045.py(2): import sys
s024632045.py(5): def solve(H: int, W: int, S: "List[str]"):
s024632045.py(43): def main():
s024632045.py(54): if __name__ == '__main__':
s024632045.py(55):     main()
 --- modulename: s024632045, funcname: main
s024632045.py(44):     def iterate_tokens():
s024632045.py(48):     tokens = iterate_tokens()
s024632045.py(49):     H = int(next(tokens))  # type: int
 --- modulename: s024632045, funcname: iterate_tokens
s024632045.py(45):         for line in sys.stdin:
 --- modulename: codecs, funcname: decode
codecs.py(321):         data = self.buffer + input
codecs.py(322):         (result, consumed) = self._buffer_decode(data, self.errors, final)
codecs.py(324):         self.buffer = data[consumed:]
codecs.py(325):         return result
s024632045.py(46):             for word in line.split():
s024632045.py(47):                 yield word
s024632045.py(50):     W = int(next(tokens))  # type: int
 --- modulename: s024632045, funcname: iterate_tokens
s024632045.py(46):             for word in line.split():
s024632045.py(47):                 yield word
s024632045.py(51):     S = [ next(tokens) for _ in range(H) ]  # type: "List[str]"
 --- modulename: s024632045, funcname: <listcomp>
s024632045.py(51):     S = [ next(tokens) for _ in range(H) ]  # type: "List[str]"
 --- modulename: s024632045, funcname: iterate_tokens
s024632045.py(46):             for word in line.split():
s024632045.py(45):         for line in sys.stdin:
s024632045.py(46):             for word in line.split():
s024632045.py(47):                 yield word
s024632045.py(51):     S = [ next(tokens) for _ in range(H) ]  # type: "List[str]"
 --- modulename: s024632045, funcname: iterate_tokens
s024632045.py(46):             for word in line.split():
s024632045.py(45):         for line in sys.stdin:
s024632045.py(46):             for word in line.split():
s024632045.py(47):                 yield word
s024632045.py(51):     S = [ next(tokens) for _ in range(H) ]  # type: "List[str]"
 --- modulename: s024632045, funcname: iterate_tokens
s024632045.py(46):             for word in line.split():
s024632045.py(45):         for line in sys.stdin:
s024632045.py(46):             for word in line.split():
s024632045.py(47):                 yield word
s024632045.py(51):     S = [ next(tokens) for _ in range(H) ]  # type: "List[str]"
 --- modulename: s024632045, funcname: iterate_tokens
s024632045.py(46):             for word in line.split():
s024632045.py(45):         for line in sys.stdin:
s024632045.py(46):             for word in line.split():
s024632045.py(47):                 yield word
s024632045.py(51):     S = [ next(tokens) for _ in range(H) ]  # type: "List[str]"
s024632045.py(52):     solve(H, W, S)
 --- modulename: s024632045, funcname: solve
s024632045.py(6):     L = [[0 for _ in range(W)] for _ in range(H)]
 --- modulename: s024632045, funcname: <listcomp>
s024632045.py(6):     L = [[0 for _ in range(W)] for _ in range(H)]
 --- modulename: s024632045, funcname: <listcomp>
s024632045.py(6):     L = [[0 for _ in range(W)] for _ in range(H)]
s024632045.py(6):     L = [[0 for _ in range(W)] for _ in range(H)]
s024632045.py(6):     L = [[0 for _ in range(W)] for _ in range(H)]
s024632045.py(6):     L = [[0 for _ in range(W)] for _ in range(H)]
s024632045.py(6):     L = [[0 for _ in range(W)] for _ in range(H)]
s024632045.py(6):     L = [[0 for _ in range(W)] for _ in range(H)]
s024632045.py(6):     L = [[0 for _ in range(W)] for _ in range(H)]
s024632045.py(6):     L = [[0 for _ in range(W)] for _ in range(H)]
 --- modulename: s024632045, funcname: <listcomp>
s024632045.py(6):     L = [[0 for _ in range(W)] for _ in range(H)]
s024632045.py(6):     L = [[0 for _ in range(W)] for _ in range(H)]
s024632045.py(6):     L = [[0 for _ in range(W)] for _ in range(H)]
s024632045.py(6):     L = [[0 for _ in range(W)] for _ in range(H)]
s024632045.py(6):     L = [[0 for _ in range(W)] for _ in range(H)]
s024632045.py(6):     L = [[0 for _ in range(W)] for _ in range(H)]
s024632045.py(6):     L = [[0 for _ in range(W)] for _ in range(H)]
s024632045.py(6):     L = [[0 for _ in range(W)] for _ in range(H)]
 --- modulename: s024632045, funcname: <listcomp>
s024632045.py(6):     L = [[0 for _ in range(W)] for _ in range(H)]
s024632045.py(6):     L = [[0 for _ in range(W)] for _ in range(H)]
s024632045.py(6):     L = [[0 for _ in range(W)] for _ in range(H)]
s024632045.py(6):     L = [[0 for _ in range(W)] for _ in range(H)]
s024632045.py(6):     L = [[0 for _ in range(W)] for _ in range(H)]
s024632045.py(6):     L = [[0 for _ in range(W)] for _ in range(H)]
s024632045.py(6):     L = [[0 for _ in range(W)] for _ in range(H)]
s024632045.py(6):     L = [[0 for _ in range(W)] for _ in range(H)]
 --- modulename: s024632045, funcname: <listcomp>
s024632045.py(6):     L = [[0 for _ in range(W)] for _ in range(H)]
s024632045.py(6):     L = [[0 for _ in range(W)] for _ in range(H)]
s024632045.py(6):     L = [[0 for _ in range(W)] for _ in range(H)]
s024632045.py(6):     L = [[0 for _ in range(W)] for _ in range(H)]
s024632045.py(6):     L = [[0 for _ in range(W)] for _ in range(H)]
s024632045.py(6):     L = [[0 for _ in range(W)] for _ in range(H)]
s024632045.py(6):     L = [[0 for _ in range(W)] for _ in range(H)]
s024632045.py(6):     L = [[0 for _ in range(W)] for _ in range(H)]
s024632045.py(7):     R = [[0 for _ in range(W)] for _ in range(H)]
 --- modulename: s024632045, funcname: <listcomp>
s024632045.py(7):     R = [[0 for _ in range(W)] for _ in range(H)]
 --- modulename: s024632045, funcname: <listcomp>
s024632045.py(7):     R = [[0 for _ in range(W)] for _ in range(H)]
s024632045.py(7):     R = [[0 for _ in range(W)] for _ in range(H)]
s024632045.py(7):     R = [[0 for _ in range(W)] for _ in range(H)]
s024632045.py(7):     R = [[0 for _ in range(W)] for _ in range(H)]
s024632045.py(7):     R = [[0 for _ in range(W)] for _ in range(H)]
s024632045.py(7):     R = [[0 for _ in range(W)] for _ in range(H)]
s024632045.py(7):     R = [[0 for _ in range(W)] for _ in range(H)]
s024632045.py(7):     R = [[0 for _ in range(W)] for _ in range(H)]
 --- modulename: s024632045, funcname: <listcomp>
s024632045.py(7):     R = [[0 for _ in range(W)] for _ in range(H)]
s024632045.py(7):     R = [[0 for _ in range(W)] for _ in range(H)]
s024632045.py(7):     R = [[0 for _ in range(W)] for _ in range(H)]
s024632045.py(7):     R = [[0 for _ in range(W)] for _ in range(H)]
s024632045.py(7):     R = [[0 for _ in range(W)] for _ in range(H)]
s024632045.py(7):     R = [[0 for _ in range(W)] for _ in range(H)]
s024632045.py(7):     R = [[0 for _ in range(W)] for _ in range(H)]
s024632045.py(7):     R = [[0 for _ in range(W)] for _ in range(H)]
 --- modulename: s024632045, funcname: <listcomp>
s024632045.py(7):     R = [[0 for _ in range(W)] for _ in range(H)]
s024632045.py(7):     R = [[0 for _ in range(W)] for _ in range(H)]
s024632045.py(7):     R = [[0 for _ in range(W)] for _ in range(H)]
s024632045.py(7):     R = [[0 for _ in range(W)] for _ in range(H)]
s024632045.py(7):     R = [[0 for _ in range(W)] for _ in range(H)]
s024632045.py(7):     R = [[0 for _ in range(W)] for _ in range(H)]
s024632045.py(7):     R = [[0 for _ in range(W)] for _ in range(H)]
s024632045.py(7):     R = [[0 for _ in range(W)] for _ in range(H)]
 --- modulename: s024632045, funcname: <listcomp>
s024632045.py(7):     R = [[0 for _ in range(W)] for _ in range(H)]
s024632045.py(7):     R = [[0 for _ in range(W)] for _ in range(H)]
s024632045.py(7):     R = [[0 for _ in range(W)] for _ in range(H)]
s024632045.py(7):     R = [[0 for _ in range(W)] for _ in range(H)]
s024632045.py(7):     R = [[0 for _ in range(W)] for _ in range(H)]
s024632045.py(7):     R = [[0 for _ in range(W)] for _ in range(H)]
s024632045.py(7):     R = [[0 for _ in range(W)] for _ in range(H)]
s024632045.py(7):     R = [[0 for _ in range(W)] for _ in range(H)]
s024632045.py(8):     D = [[0 for _ in range(W)] for _ in range(H)]
 --- modulename: s024632045, funcname: <listcomp>
s024632045.py(8):     D = [[0 for _ in range(W)] for _ in range(H)]
 --- modulename: s024632045, funcname: <listcomp>
s024632045.py(8):     D = [[0 for _ in range(W)] for _ in range(H)]
s024632045.py(8):     D = [[0 for _ in range(W)] for _ in range(H)]
s024632045.py(8):     D = [[0 for _ in range(W)] for _ in range(H)]
s024632045.py(8):     D = [[0 for _ in range(W)] for _ in range(H)]
s024632045.py(8):     D = [[0 for _ in range(W)] for _ in range(H)]
s024632045.py(8):     D = [[0 for _ in range(W)] for _ in range(H)]
s024632045.py(8):     D = [[0 for _ in range(W)] for _ in range(H)]
s024632045.py(8):     D = [[0 for _ in range(W)] for _ in range(H)]
 --- modulename: s024632045, funcname: <listcomp>
s024632045.py(8):     D = [[0 for _ in range(W)] for _ in range(H)]
s024632045.py(8):     D = [[0 for _ in range(W)] for _ in range(H)]
s024632045.py(8):     D = [[0 for _ in range(W)] for _ in range(H)]
s024632045.py(8):     D = [[0 for _ in range(W)] for _ in range(H)]
s024632045.py(8):     D = [[0 for _ in range(W)] for _ in range(H)]
s024632045.py(8):     D = [[0 for _ in range(W)] for _ in range(H)]
s024632045.py(8):     D = [[0 for _ in range(W)] for _ in range(H)]
s024632045.py(8):     D = [[0 for _ in range(W)] for _ in range(H)]
 --- modulename: s024632045, funcname: <listcomp>
s024632045.py(8):     D = [[0 for _ in range(W)] for _ in range(H)]
s024632045.py(8):     D = [[0 for _ in range(W)] for _ in range(H)]
s024632045.py(8):     D = [[0 for _ in range(W)] for _ in range(H)]
s024632045.py(8):     D = [[0 for _ in range(W)] for _ in range(H)]
s024632045.py(8):     D = [[0 for _ in range(W)] for _ in range(H)]
s024632045.py(8):     D = [[0 for _ in range(W)] for _ in range(H)]
s024632045.py(8):     D = [[0 for _ in range(W)] for _ in range(H)]
s024632045.py(8):     D = [[0 for _ in range(W)] for _ in range(H)]
 --- modulename: s024632045, funcname: <listcomp>
s024632045.py(8):     D = [[0 for _ in range(W)] for _ in range(H)]
s024632045.py(8):     D = [[0 for _ in range(W)] for _ in range(H)]
s024632045.py(8):     D = [[0 for _ in range(W)] for _ in range(H)]
s024632045.py(8):     D = [[0 for _ in range(W)] for _ in range(H)]
s024632045.py(8):     D = [[0 for _ in range(W)] for _ in range(H)]
s024632045.py(8):     D = [[0 for _ in range(W)] for _ in range(H)]
s024632045.py(8):     D = [[0 for _ in range(W)] for _ in range(H)]
s024632045.py(8):     D = [[0 for _ in range(W)] for _ in range(H)]
s024632045.py(9):     U = [[0 for _ in range(W)] for _ in range(H)]
 --- modulename: s024632045, funcname: <listcomp>
s024632045.py(9):     U = [[0 for _ in range(W)] for _ in range(H)]
 --- modulename: s024632045, funcname: <listcomp>
s024632045.py(9):     U = [[0 for _ in range(W)] for _ in range(H)]
s024632045.py(9):     U = [[0 for _ in range(W)] for _ in range(H)]
s024632045.py(9):     U = [[0 for _ in range(W)] for _ in range(H)]
s024632045.py(9):     U = [[0 for _ in range(W)] for _ in range(H)]
s024632045.py(9):     U = [[0 for _ in range(W)] for _ in range(H)]
s024632045.py(9):     U = [[0 for _ in range(W)] for _ in range(H)]
s024632045.py(9):     U = [[0 for _ in range(W)] for _ in range(H)]
s024632045.py(9):     U = [[0 for _ in range(W)] for _ in range(H)]
 --- modulename: s024632045, funcname: <listcomp>
s024632045.py(9):     U = [[0 for _ in range(W)] for _ in range(H)]
s024632045.py(9):     U = [[0 for _ in range(W)] for _ in range(H)]
s024632045.py(9):     U = [[0 for _ in range(W)] for _ in range(H)]
s024632045.py(9):     U = [[0 for _ in range(W)] for _ in range(H)]
s024632045.py(9):     U = [[0 for _ in range(W)] for _ in range(H)]
s024632045.py(9):     U = [[0 for _ in range(W)] for _ in range(H)]
s024632045.py(9):     U = [[0 for _ in range(W)] for _ in range(H)]
s024632045.py(9):     U = [[0 for _ in range(W)] for _ in range(H)]
 --- modulename: s024632045, funcname: <listcomp>
s024632045.py(9):     U = [[0 for _ in range(W)] for _ in range(H)]
s024632045.py(9):     U = [[0 for _ in range(W)] for _ in range(H)]
s024632045.py(9):     U = [[0 for _ in range(W)] for _ in range(H)]
s024632045.py(9):     U = [[0 for _ in range(W)] for _ in range(H)]
s024632045.py(9):     U = [[0 for _ in range(W)] for _ in range(H)]
s024632045.py(9):     U = [[0 for _ in range(W)] for _ in range(H)]
s024632045.py(9):     U = [[0 for _ in range(W)] for _ in range(H)]
s024632045.py(9):     U = [[0 for _ in range(W)] for _ in range(H)]
 --- modulename: s024632045, funcname: <listcomp>
s024632045.py(9):     U = [[0 for _ in range(W)] for _ in range(H)]
s024632045.py(9):     U = [[0 for _ in range(W)] for _ in range(H)]
s024632045.py(9):     U = [[0 for _ in range(W)] for _ in range(H)]
s024632045.py(9):     U = [[0 for _ in range(W)] for _ in range(H)]
s024632045.py(9):     U = [[0 for _ in range(W)] for _ in range(H)]
s024632045.py(9):     U = [[0 for _ in range(W)] for _ in range(H)]
s024632045.py(9):     U = [[0 for _ in range(W)] for _ in range(H)]
s024632045.py(9):     U = [[0 for _ in range(W)] for _ in range(H)]
s024632045.py(10):     for i in range(H):
s024632045.py(11):         for j in range(W):
s024632045.py(12):             if S[i][j] != '#':
s024632045.py(17):             jj = W - 1 - j
s024632045.py(18):             if S[i][jj] != '#':
s024632045.py(19):                 if jj == W-1:
s024632045.py(20):                     R[i][jj] = 1
s024632045.py(23):             if S[i][j] != '#':
s024632045.py(28):             ii = H - 1 - i
s024632045.py(29):             if S[ii][j] != '#':
s024632045.py(11):         for j in range(W):
s024632045.py(12):             if S[i][j] != '#':
s024632045.py(13):                 if j == 0:
s024632045.py(16):                     L[i][j] = L[i][j-1] + 1
s024632045.py(17):             jj = W - 1 - j
s024632045.py(18):             if S[i][jj] != '#':
s024632045.py(19):                 if jj == W-1:
s024632045.py(22):                     R[i][jj] = R[i][jj+1] + 1
s024632045.py(23):             if S[i][j] != '#':
s024632045.py(24):                 if i == 0:
s024632045.py(25):                     D[i][j] = 1
s024632045.py(28):             ii = H - 1 - i
s024632045.py(29):             if S[ii][j] != '#':
s024632045.py(30):                 if ii == H-1:
s024632045.py(31):                     U[ii][j] = 1
s024632045.py(11):         for j in range(W):
s024632045.py(12):             if S[i][j] != '#':
s024632045.py(13):                 if j == 0:
s024632045.py(16):                     L[i][j] = L[i][j-1] + 1
s024632045.py(17):             jj = W - 1 - j
s024632045.py(18):             if S[i][jj] != '#':
s024632045.py(23):             if S[i][j] != '#':
s024632045.py(24):                 if i == 0:
s024632045.py(25):                     D[i][j] = 1
s024632045.py(28):             ii = H - 1 - i
s024632045.py(29):             if S[ii][j] != '#':
s024632045.py(11):         for j in range(W):
s024632045.py(12):             if S[i][j] != '#':
s024632045.py(17):             jj = W - 1 - j
s024632045.py(18):             if S[i][jj] != '#':
s024632045.py(19):                 if jj == W-1:
s024632045.py(22):                     R[i][jj] = R[i][jj+1] + 1
s024632045.py(23):             if S[i][j] != '#':
s024632045.py(28):             ii = H - 1 - i
s024632045.py(29):             if S[ii][j] != '#':
s024632045.py(30):                 if ii == H-1:
s024632045.py(31):                     U[ii][j] = 1
s024632045.py(11):         for j in range(W):
s024632045.py(12):             if S[i][j] != '#':
s024632045.py(13):                 if j == 0:
s024632045.py(16):                     L[i][j] = L[i][j-1] + 1
s024632045.py(17):             jj = W - 1 - j
s024632045.py(18):             if S[i][jj] != '#':
s024632045.py(19):                 if jj == W-1:
s024632045.py(22):                     R[i][jj] = R[i][jj+1] + 1
s024632045.py(23):             if S[i][j] != '#':
s024632045.py(24):                 if i == 0:
s024632045.py(25):                     D[i][j] = 1
s024632045.py(28):             ii = H - 1 - i
s024632045.py(29):             if S[ii][j] != '#':
s024632045.py(30):                 if ii == H-1:
s024632045.py(31):                     U[ii][j] = 1
s024632045.py(11):         for j in range(W):
s024632045.py(12):             if S[i][j] != '#':
s024632045.py(13):                 if j == 0:
s024632045.py(16):                     L[i][j] = L[i][j-1] + 1
s024632045.py(17):             jj = W - 1 - j
s024632045.py(18):             if S[i][jj] != '#':
s024632045.py(23):             if S[i][j] != '#':
s024632045.py(24):                 if i == 0:
s024632045.py(25):                     D[i][j] = 1
s024632045.py(28):             ii = H - 1 - i
s024632045.py(29):             if S[ii][j] != '#':
s024632045.py(30):                 if ii == H-1:
s024632045.py(31):                     U[ii][j] = 1
s024632045.py(11):         for j in range(W):
s024632045.py(10):     for i in range(H):
s024632045.py(11):         for j in range(W):
s024632045.py(12):             if S[i][j] != '#':
s024632045.py(13):                 if j == 0:
s024632045.py(14):                     L[i][j] = 1
s024632045.py(17):             jj = W - 1 - j
s024632045.py(18):             if S[i][jj] != '#':
s024632045.py(23):             if S[i][j] != '#':
s024632045.py(24):                 if i == 0:
s024632045.py(27):                     D[i][j] = D[i-1][j] + 1
s024632045.py(28):             ii = H - 1 - i
s024632045.py(29):             if S[ii][j] != '#':
s024632045.py(30):                 if ii == H-1:
s024632045.py(33):                     U[ii][j] = U[ii+1][j] + 1
s024632045.py(11):         for j in range(W):
s024632045.py(12):             if S[i][j] != '#':
s024632045.py(13):                 if j == 0:
s024632045.py(16):                     L[i][j] = L[i][j-1] + 1
s024632045.py(17):             jj = W - 1 - j
s024632045.py(18):             if S[i][jj] != '#':
s024632045.py(19):                 if jj == W-1:
s024632045.py(22):                     R[i][jj] = R[i][jj+1] + 1
s024632045.py(23):             if S[i][j] != '#':
s024632045.py(24):                 if i == 0:
s024632045.py(27):                     D[i][j] = D[i-1][j] + 1
s024632045.py(28):             ii = H - 1 - i
s024632045.py(29):             if S[ii][j] != '#':
s024632045.py(30):                 if ii == H-1:
s024632045.py(33):                     U[ii][j] = U[ii+1][j] + 1
s024632045.py(11):         for j in range(W):
s024632045.py(12):             if S[i][j] != '#':
s024632045.py(13):                 if j == 0:
s024632045.py(16):                     L[i][j] = L[i][j-1] + 1
s024632045.py(17):             jj = W - 1 - j
s024632045.py(18):             if S[i][jj] != '#':
s024632045.py(19):                 if jj == W-1:
s024632045.py(22):                     R[i][jj] = R[i][jj+1] + 1
s024632045.py(23):             if S[i][j] != '#':
s024632045.py(24):                 if i == 0:
s024632045.py(27):                     D[i][j] = D[i-1][j] + 1
s024632045.py(28):             ii = H - 1 - i
s024632045.py(29):             if S[ii][j] != '#':
s024632045.py(30):                 if ii == H-1:
s024632045.py(33):                     U[ii][j] = U[ii+1][j] + 1
s024632045.py(11):         for j in range(W):
s024632045.py(12):             if S[i][j] != '#':
s024632045.py(13):                 if j == 0:
s024632045.py(16):                     L[i][j] = L[i][j-1] + 1
s024632045.py(17):             jj = W - 1 - j
s024632045.py(18):             if S[i][jj] != '#':
s024632045.py(19):                 if jj == W-1:
s024632045.py(22):                     R[i][jj] = R[i][jj+1] + 1
s024632045.py(23):             if S[i][j] != '#':
s024632045.py(24):                 if i == 0:
s024632045.py(27):                     D[i][j] = D[i-1][j] + 1
s024632045.py(28):             ii = H - 1 - i
s024632045.py(29):             if S[ii][j] != '#':
s024632045.py(30):                 if ii == H-1:
s024632045.py(33):                     U[ii][j] = U[ii+1][j] + 1
s024632045.py(11):         for j in range(W):
s024632045.py(12):             if S[i][j] != '#':
s024632045.py(13):                 if j == 0:
s024632045.py(16):                     L[i][j] = L[i][j-1] + 1
s024632045.py(17):             jj = W - 1 - j
s024632045.py(18):             if S[i][jj] != '#':
s024632045.py(19):                 if jj == W-1:
s024632045.py(22):                     R[i][jj] = R[i][jj+1] + 1
s024632045.py(23):             if S[i][j] != '#':
s024632045.py(24):                 if i == 0:
s024632045.py(27):                     D[i][j] = D[i-1][j] + 1
s024632045.py(28):             ii = H - 1 - i
s024632045.py(29):             if S[ii][j] != '#':
s024632045.py(11):         for j in range(W):
s024632045.py(12):             if S[i][j] != '#':
s024632045.py(17):             jj = W - 1 - j
s024632045.py(18):             if S[i][jj] != '#':
s024632045.py(19):                 if jj == W-1:
s024632045.py(22):                     R[i][jj] = R[i][jj+1] + 1
s024632045.py(23):             if S[i][j] != '#':
s024632045.py(28):             ii = H - 1 - i
s024632045.py(29):             if S[ii][j] != '#':
s024632045.py(30):                 if ii == H-1:
s024632045.py(33):                     U[ii][j] = U[ii+1][j] + 1
s024632045.py(11):         for j in range(W):
s024632045.py(10):     for i in range(H):
s024632045.py(11):         for j in range(W):
s024632045.py(12):             if S[i][j] != '#':
s024632045.py(13):                 if j == 0:
s024632045.py(14):                     L[i][j] = 1
s024632045.py(17):             jj = W - 1 - j
s024632045.py(18):             if S[i][jj] != '#':
s024632045.py(19):                 if jj == W-1:
s024632045.py(20):                     R[i][jj] = 1
s024632045.py(23):             if S[i][j] != '#':
s024632045.py(24):                 if i == 0:
s024632045.py(27):                     D[i][j] = D[i-1][j] + 1
s024632045.py(28):             ii = H - 1 - i
s024632045.py(29):             if S[ii][j] != '#':
s024632045.py(30):                 if ii == H-1:
s024632045.py(33):                     U[ii][j] = U[ii+1][j] + 1
s024632045.py(11):         for j in range(W):
s024632045.py(12):             if S[i][j] != '#':
s024632045.py(13):                 if j == 0:
s024632045.py(16):                     L[i][j] = L[i][j-1] + 1
s024632045.py(17):             jj = W - 1 - j
s024632045.py(18):             if S[i][jj] != '#':
s024632045.py(23):             if S[i][j] != '#':
s024632045.py(24):                 if i == 0:
s024632045.py(27):                     D[i][j] = D[i-1][j] + 1
s024632045.py(28):             ii = H - 1 - i
s024632045.py(29):             if S[ii][j] != '#':
s024632045.py(30):                 if ii == H-1:
s024632045.py(33):                     U[ii][j] = U[ii+1][j] + 1
s024632045.py(11):         for j in range(W):
s024632045.py(12):             if S[i][j] != '#':
s024632045.py(13):                 if j == 0:
s024632045.py(16):                     L[i][j] = L[i][j-1] + 1
s024632045.py(17):             jj = W - 1 - j
s024632045.py(18):             if S[i][jj] != '#':
s024632045.py(19):                 if jj == W-1:
s024632045.py(22):                     R[i][jj] = R[i][jj+1] + 1
s024632045.py(23):             if S[i][j] != '#':
s024632045.py(24):                 if i == 0:
s024632045.py(27):                     D[i][j] = D[i-1][j] + 1
s024632045.py(28):             ii = H - 1 - i
s024632045.py(29):             if S[ii][j] != '#':
s024632045.py(30):                 if ii == H-1:
s024632045.py(33):                     U[ii][j] = U[ii+1][j] + 1
s024632045.py(11):         for j in range(W):
s024632045.py(12):             if S[i][j] != '#':
s024632045.py(13):                 if j == 0:
s024632045.py(16):                     L[i][j] = L[i][j-1] + 1
s024632045.py(17):             jj = W - 1 - j
s024632045.py(18):             if S[i][jj] != '#':
s024632045.py(19):                 if jj == W-1:
s024632045.py(22):                     R[i][jj] = R[i][jj+1] + 1
s024632045.py(23):             if S[i][j] != '#':
s024632045.py(24):                 if i == 0:
s024632045.py(27):                     D[i][j] = D[i-1][j] + 1
s024632045.py(28):             ii = H - 1 - i
s024632045.py(29):             if S[ii][j] != '#':
s024632045.py(30):                 if ii == H-1:
s024632045.py(33):                     U[ii][j] = U[ii+1][j] + 1
s024632045.py(11):         for j in range(W):
s024632045.py(12):             if S[i][j] != '#':
s024632045.py(17):             jj = W - 1 - j
s024632045.py(18):             if S[i][jj] != '#':
s024632045.py(19):                 if jj == W-1:
s024632045.py(22):                     R[i][jj] = R[i][jj+1] + 1
s024632045.py(23):             if S[i][j] != '#':
s024632045.py(28):             ii = H - 1 - i
s024632045.py(29):             if S[ii][j] != '#':
s024632045.py(30):                 if ii == H-1:
s024632045.py(33):                     U[ii][j] = U[ii+1][j] + 1
s024632045.py(11):         for j in range(W):
s024632045.py(12):             if S[i][j] != '#':
s024632045.py(13):                 if j == 0:
s024632045.py(16):                     L[i][j] = L[i][j-1] + 1
s024632045.py(17):             jj = W - 1 - j
s024632045.py(18):             if S[i][jj] != '#':
s024632045.py(19):                 if jj == W-1:
s024632045.py(22):                     R[i][jj] = R[i][jj+1] + 1
s024632045.py(23):             if S[i][j] != '#':
s024632045.py(24):                 if i == 0:
s024632045.py(27):                     D[i][j] = D[i-1][j] + 1
s024632045.py(28):             ii = H - 1 - i
s024632045.py(29):             if S[ii][j] != '#':
s024632045.py(11):         for j in range(W):
s024632045.py(10):     for i in range(H):
s024632045.py(11):         for j in range(W):
s024632045.py(12):             if S[i][j] != '#':
s024632045.py(17):             jj = W - 1 - j
s024632045.py(18):             if S[i][jj] != '#':
s024632045.py(19):                 if jj == W-1:
s024632045.py(20):                     R[i][jj] = 1
s024632045.py(23):             if S[i][j] != '#':
s024632045.py(28):             ii = H - 1 - i
s024632045.py(29):             if S[ii][j] != '#':
s024632045.py(11):         for j in range(W):
s024632045.py(12):             if S[i][j] != '#':
s024632045.py(13):                 if j == 0:
s024632045.py(16):                     L[i][j] = L[i][j-1] + 1
s024632045.py(17):             jj = W - 1 - j
s024632045.py(18):             if S[i][jj] != '#':
s024632045.py(19):                 if jj == W-1:
s024632045.py(22):                     R[i][jj] = R[i][jj+1] + 1
s024632045.py(23):             if S[i][j] != '#':
s024632045.py(24):                 if i == 0:
s024632045.py(27):                     D[i][j] = D[i-1][j] + 1
s024632045.py(28):             ii = H - 1 - i
s024632045.py(29):             if S[ii][j] != '#':
s024632045.py(30):                 if ii == H-1:
s024632045.py(33):                     U[ii][j] = U[ii+1][j] + 1
s024632045.py(11):         for j in range(W):
s024632045.py(12):             if S[i][j] != '#':
s024632045.py(17):             jj = W - 1 - j
s024632045.py(18):             if S[i][jj] != '#':
s024632045.py(19):                 if jj == W-1:
s024632045.py(22):                     R[i][jj] = R[i][jj+1] + 1
s024632045.py(23):             if S[i][j] != '#':
s024632045.py(28):             ii = H - 1 - i
s024632045.py(29):             if S[ii][j] != '#':
s024632045.py(30):                 if ii == H-1:
s024632045.py(33):                     U[ii][j] = U[ii+1][j] + 1
s024632045.py(11):         for j in range(W):
s024632045.py(12):             if S[i][j] != '#':
s024632045.py(13):                 if j == 0:
s024632045.py(16):                     L[i][j] = L[i][j-1] + 1
s024632045.py(17):             jj = W - 1 - j
s024632045.py(18):             if S[i][jj] != '#':
s024632045.py(23):             if S[i][j] != '#':
s024632045.py(24):                 if i == 0:
s024632045.py(27):                     D[i][j] = D[i-1][j] + 1
s024632045.py(28):             ii = H - 1 - i
s024632045.py(29):             if S[ii][j] != '#':
s024632045.py(11):         for j in range(W):
s024632045.py(12):             if S[i][j] != '#':
s024632045.py(13):                 if j == 0:
s024632045.py(16):                     L[i][j] = L[i][j-1] + 1
s024632045.py(17):             jj = W - 1 - j
s024632045.py(18):             if S[i][jj] != '#':
s024632045.py(19):                 if jj == W-1:
s024632045.py(22):                     R[i][jj] = R[i][jj+1] + 1
s024632045.py(23):             if S[i][j] != '#':
s024632045.py(24):                 if i == 0:
s024632045.py(27):                     D[i][j] = D[i-1][j] + 1
s024632045.py(28):             ii = H - 1 - i
s024632045.py(29):             if S[ii][j] != '#':
s024632045.py(30):                 if ii == H-1:
s024632045.py(33):                     U[ii][j] = U[ii+1][j] + 1
s024632045.py(11):         for j in range(W):
s024632045.py(12):             if S[i][j] != '#':
s024632045.py(13):                 if j == 0:
s024632045.py(16):                     L[i][j] = L[i][j-1] + 1
s024632045.py(17):             jj = W - 1 - j
s024632045.py(18):             if S[i][jj] != '#':
s024632045.py(23):             if S[i][j] != '#':
s024632045.py(24):                 if i == 0:
s024632045.py(27):                     D[i][j] = D[i-1][j] + 1
s024632045.py(28):             ii = H - 1 - i
s024632045.py(29):             if S[ii][j] != '#':
s024632045.py(30):                 if ii == H-1:
s024632045.py(33):                     U[ii][j] = U[ii+1][j] + 1
s024632045.py(11):         for j in range(W):
s024632045.py(10):     for i in range(H):
s024632045.py(34):     mx = 0 
s024632045.py(35):     for i in range(H):
s024632045.py(36):         for j in range(W):
s024632045.py(37):             m = L[i][j] + R[i][j] + U[i][j] + D[i][j] - 3
s024632045.py(38):             if mx < m:
s024632045.py(36):         for j in range(W):
s024632045.py(37):             m = L[i][j] + R[i][j] + U[i][j] + D[i][j] - 3
s024632045.py(38):             if mx < m:
s024632045.py(39):                 mx = m
s024632045.py(36):         for j in range(W):
s024632045.py(37):             m = L[i][j] + R[i][j] + U[i][j] + D[i][j] - 3
s024632045.py(38):             if mx < m:
s024632045.py(36):         for j in range(W):
s024632045.py(37):             m = L[i][j] + R[i][j] + U[i][j] + D[i][j] - 3
s024632045.py(38):             if mx < m:
s024632045.py(36):         for j in range(W):
s024632045.py(37):             m = L[i][j] + R[i][j] + U[i][j] + D[i][j] - 3
s024632045.py(38):             if mx < m:
s024632045.py(36):         for j in range(W):
s024632045.py(37):             m = L[i][j] + R[i][j] + U[i][j] + D[i][j] - 3
s024632045.py(38):             if mx < m:
s024632045.py(36):         for j in range(W):
s024632045.py(35):     for i in range(H):
s024632045.py(36):         for j in range(W):
s024632045.py(37):             m = L[i][j] + R[i][j] + U[i][j] + D[i][j] - 3
s024632045.py(38):             if mx < m:
s024632045.py(39):                 mx = m
s024632045.py(36):         for j in range(W):
s024632045.py(37):             m = L[i][j] + R[i][j] + U[i][j] + D[i][j] - 3
s024632045.py(38):             if mx < m:
s024632045.py(39):                 mx = m
s024632045.py(36):         for j in range(W):
s024632045.py(37):             m = L[i][j] + R[i][j] + U[i][j] + D[i][j] - 3
s024632045.py(38):             if mx < m:
s024632045.py(36):         for j in range(W):
s024632045.py(37):             m = L[i][j] + R[i][j] + U[i][j] + D[i][j] - 3
s024632045.py(38):             if mx < m:
s024632045.py(36):         for j in range(W):
s024632045.py(37):             m = L[i][j] + R[i][j] + U[i][j] + D[i][j] - 3
s024632045.py(38):             if mx < m:
s024632045.py(36):         for j in range(W):
s024632045.py(37):             m = L[i][j] + R[i][j] + U[i][j] + D[i][j] - 3
s024632045.py(38):             if mx < m:
s024632045.py(36):         for j in range(W):
s024632045.py(35):     for i in range(H):
s024632045.py(36):         for j in range(W):
s024632045.py(37):             m = L[i][j] + R[i][j] + U[i][j] + D[i][j] - 3
s024632045.py(38):             if mx < m:
s024632045.py(36):         for j in range(W):
s024632045.py(37):             m = L[i][j] + R[i][j] + U[i][j] + D[i][j] - 3
s024632045.py(38):             if mx < m:
s024632045.py(36):         for j in range(W):
s024632045.py(37):             m = L[i][j] + R[i][j] + U[i][j] + D[i][j] - 3
s024632045.py(38):             if mx < m:
s024632045.py(36):         for j in range(W):
s024632045.py(37):             m = L[i][j] + R[i][j] + U[i][j] + D[i][j] - 3
s024632045.py(38):             if mx < m:
s024632045.py(36):         for j in range(W):
s024632045.py(37):             m = L[i][j] + R[i][j] + U[i][j] + D[i][j] - 3
s024632045.py(38):             if mx < m:
s024632045.py(36):         for j in range(W):
s024632045.py(37):             m = L[i][j] + R[i][j] + U[i][j] + D[i][j] - 3
s024632045.py(38):             if mx < m:
s024632045.py(36):         for j in range(W):
s024632045.py(35):     for i in range(H):
s024632045.py(36):         for j in range(W):
s024632045.py(37):             m = L[i][j] + R[i][j] + U[i][j] + D[i][j] - 3
s024632045.py(38):             if mx < m:
s024632045.py(36):         for j in range(W):
s024632045.py(37):             m = L[i][j] + R[i][j] + U[i][j] + D[i][j] - 3
s024632045.py(38):             if mx < m:
s024632045.py(36):         for j in range(W):
s024632045.py(37):             m = L[i][j] + R[i][j] + U[i][j] + D[i][j] - 3
s024632045.py(38):             if mx < m:
s024632045.py(36):         for j in range(W):
s024632045.py(37):             m = L[i][j] + R[i][j] + U[i][j] + D[i][j] - 3
s024632045.py(38):             if mx < m:
s024632045.py(36):         for j in range(W):
s024632045.py(37):             m = L[i][j] + R[i][j] + U[i][j] + D[i][j] - 3
s024632045.py(38):             if mx < m:
s024632045.py(36):         for j in range(W):
s024632045.py(37):             m = L[i][j] + R[i][j] + U[i][j] + D[i][j] - 3
s024632045.py(38):             if mx < m:
s024632045.py(36):         for j in range(W):
s024632045.py(35):     for i in range(H):
s024632045.py(40):     print(int(mx))
8
 --- modulename: s024632045, funcname: iterate_tokens
