 --- modulename: s026052760, funcname: <module>
s026052760.py(1): import sys
s026052760.py(2): sys.setrecursionlimit(10**7)
s026052760.py(3): def LI(): return [int(x) for x in sys.stdin.readline().split()]
s026052760.py(4): def LI_(): return [int(x) - 1 for x in sys.stdin.readline().split()]
s026052760.py(5): def LF(): return [float(x) for x in sys.stdin.readline().split()]
s026052760.py(6): def LS(): return sys.stdin.readline().split()
s026052760.py(7): def II(): return int(sys.stdin.readline())
s026052760.py(8): def SI(): return sys.stdin.readline().strip()
s026052760.py(9): INF = 10 ** 18
s026052760.py(10): MOD = 10 ** 9 + 7
s026052760.py(12): debug = True
s026052760.py(13): debug = False
s026052760.py(15): def dprint(*objects):
s026052760.py(20): def solve():
s026052760.py(24): solve()
 --- modulename: s026052760, funcname: solve
s026052760.py(21):     N = II()
 --- modulename: s026052760, funcname: II
s026052760.py(7): def II(): return int(sys.stdin.readline())
 --- modulename: codecs, funcname: getstate
codecs.py(333):         return (self.buffer, 0)
 --- modulename: codecs, funcname: decode
codecs.py(321):         data = self.buffer + input
codecs.py(322):         (result, consumed) = self._buffer_decode(data, self.errors, final)
codecs.py(324):         self.buffer = data[consumed:]
codecs.py(325):         return result
s026052760.py(22):     print(int(N*(N-1)//2))
1
