 --- modulename: s030278542, funcname: <module>
s030278542.py(1): from functools import reduce
s030278542.py(2): N = int(input())
 --- modulename: codecs, funcname: getstate
codecs.py(333):         return (self.buffer, 0)
 --- modulename: codecs, funcname: decode
codecs.py(321):         data = self.buffer + input
codecs.py(322):         (result, consumed) = self._buffer_decode(data, self.errors, final)
codecs.py(324):         self.buffer = data[consumed:]
codecs.py(325):         return result
s030278542.py(3): g = 10 ** 9 + 7
s030278542.py(5): def add(a, b):
s030278542.py(7): def mul(a, b):
s030278542.py(10): def adda(a, p1, p2):
s030278542.py(14): d = []
s030278542.py(15): DP = [[0 for _ in range(N+1)] for _ in range(N+1)]
 --- modulename: s030278542, funcname: <listcomp>
s030278542.py(15): DP = [[0 for _ in range(N+1)] for _ in range(N+1)]
 --- modulename: s030278542, funcname: <listcomp>
s030278542.py(15): DP = [[0 for _ in range(N+1)] for _ in range(N+1)]
s030278542.py(15): DP = [[0 for _ in range(N+1)] for _ in range(N+1)]
s030278542.py(15): DP = [[0 for _ in range(N+1)] for _ in range(N+1)]
s030278542.py(15): DP = [[0 for _ in range(N+1)] for _ in range(N+1)]
s030278542.py(15): DP = [[0 for _ in range(N+1)] for _ in range(N+1)]
s030278542.py(15): DP = [[0 for _ in range(N+1)] for _ in range(N+1)]
 --- modulename: s030278542, funcname: <listcomp>
s030278542.py(15): DP = [[0 for _ in range(N+1)] for _ in range(N+1)]
s030278542.py(15): DP = [[0 for _ in range(N+1)] for _ in range(N+1)]
s030278542.py(15): DP = [[0 for _ in range(N+1)] for _ in range(N+1)]
s030278542.py(15): DP = [[0 for _ in range(N+1)] for _ in range(N+1)]
s030278542.py(15): DP = [[0 for _ in range(N+1)] for _ in range(N+1)]
s030278542.py(15): DP = [[0 for _ in range(N+1)] for _ in range(N+1)]
 --- modulename: s030278542, funcname: <listcomp>
s030278542.py(15): DP = [[0 for _ in range(N+1)] for _ in range(N+1)]
s030278542.py(15): DP = [[0 for _ in range(N+1)] for _ in range(N+1)]
s030278542.py(15): DP = [[0 for _ in range(N+1)] for _ in range(N+1)]
s030278542.py(15): DP = [[0 for _ in range(N+1)] for _ in range(N+1)]
s030278542.py(15): DP = [[0 for _ in range(N+1)] for _ in range(N+1)]
s030278542.py(15): DP = [[0 for _ in range(N+1)] for _ in range(N+1)]
 --- modulename: s030278542, funcname: <listcomp>
s030278542.py(15): DP = [[0 for _ in range(N+1)] for _ in range(N+1)]
s030278542.py(15): DP = [[0 for _ in range(N+1)] for _ in range(N+1)]
s030278542.py(15): DP = [[0 for _ in range(N+1)] for _ in range(N+1)]
s030278542.py(15): DP = [[0 for _ in range(N+1)] for _ in range(N+1)]
s030278542.py(15): DP = [[0 for _ in range(N+1)] for _ in range(N+1)]
s030278542.py(15): DP = [[0 for _ in range(N+1)] for _ in range(N+1)]
s030278542.py(16): ans = [0 for _ in range(N+1)]
 --- modulename: s030278542, funcname: <listcomp>
s030278542.py(16): ans = [0 for _ in range(N+1)]
s030278542.py(16): ans = [0 for _ in range(N+1)]
s030278542.py(16): ans = [0 for _ in range(N+1)]
s030278542.py(16): ans = [0 for _ in range(N+1)]
s030278542.py(16): ans = [0 for _ in range(N+1)]
s030278542.py(17): for i in range(2, N+1):
s030278542.py(18):   for j in (x for x in d if x * x <= N):
 --- modulename: s030278542, funcname: <genexpr>
s030278542.py(18):   for j in (x for x in d if x * x <= N):
s030278542.py(23):     d.append(i)
s030278542.py(24):     DP[i][i] = 1
s030278542.py(25):   adda(ans, ans, DP[i])
 --- modulename: s030278542, funcname: adda
s030278542.py(11):     for x in range(len(a)):
s030278542.py(12):         a[x] = add(p1[x], p2[x])
 --- modulename: s030278542, funcname: add
s030278542.py(6):   return (a + b) % g
s030278542.py(11):     for x in range(len(a)):
s030278542.py(12):         a[x] = add(p1[x], p2[x])
 --- modulename: s030278542, funcname: add
s030278542.py(6):   return (a + b) % g
s030278542.py(11):     for x in range(len(a)):
s030278542.py(12):         a[x] = add(p1[x], p2[x])
 --- modulename: s030278542, funcname: add
s030278542.py(6):   return (a + b) % g
s030278542.py(11):     for x in range(len(a)):
s030278542.py(12):         a[x] = add(p1[x], p2[x])
 --- modulename: s030278542, funcname: add
s030278542.py(6):   return (a + b) % g
s030278542.py(11):     for x in range(len(a)):
s030278542.py(17): for i in range(2, N+1):
s030278542.py(18):   for j in (x for x in d if x * x <= N):
 --- modulename: s030278542, funcname: <genexpr>
s030278542.py(18):   for j in (x for x in d if x * x <= N):
s030278542.py(18):   for j in (x for x in d if x * x <= N):
s030278542.py(23):     d.append(i)
s030278542.py(24):     DP[i][i] = 1
s030278542.py(25):   adda(ans, ans, DP[i])
 --- modulename: s030278542, funcname: adda
s030278542.py(11):     for x in range(len(a)):
s030278542.py(12):         a[x] = add(p1[x], p2[x])
 --- modulename: s030278542, funcname: add
s030278542.py(6):   return (a + b) % g
s030278542.py(11):     for x in range(len(a)):
s030278542.py(12):         a[x] = add(p1[x], p2[x])
 --- modulename: s030278542, funcname: add
s030278542.py(6):   return (a + b) % g
s030278542.py(11):     for x in range(len(a)):
s030278542.py(12):         a[x] = add(p1[x], p2[x])
 --- modulename: s030278542, funcname: add
s030278542.py(6):   return (a + b) % g
s030278542.py(11):     for x in range(len(a)):
s030278542.py(12):         a[x] = add(p1[x], p2[x])
 --- modulename: s030278542, funcname: add
s030278542.py(6):   return (a + b) % g
s030278542.py(11):     for x in range(len(a)):
s030278542.py(17): for i in range(2, N+1):
s030278542.py(27): print(reduce(mul, [x + 1 for x in ans[1:N+1]]))
 --- modulename: s030278542, funcname: <listcomp>
s030278542.py(27): print(reduce(mul, [x + 1 for x in ans[1:N+1]]))
s030278542.py(27): print(reduce(mul, [x + 1 for x in ans[1:N+1]]))
s030278542.py(27): print(reduce(mul, [x + 1 for x in ans[1:N+1]]))
s030278542.py(27): print(reduce(mul, [x + 1 for x in ans[1:N+1]]))
 --- modulename: s030278542, funcname: mul
s030278542.py(8):   return (a * b) % g
 --- modulename: s030278542, funcname: mul
s030278542.py(8):   return (a * b) % g
4
