 --- modulename: s038218223, funcname: <module>
s038218223.py(1): import sys
s038218223.py(2): sys.setrecursionlimit(100000)
s038218223.py(3): class P_UnionFind:
 --- modulename: s038218223, funcname: P_UnionFind
s038218223.py(3): class P_UnionFind:
s038218223.py(4):     def __init__(self, n):
s038218223.py(9):     def root(self,x):
s038218223.py(18):     def weight(self,x):
s038218223.py(22):     def diff(self,x,y):
s038218223.py(25):     def uni(self,x,y,w):
s038218223.py(43):     def same(self,x,y):
s038218223.py(47): n,m=map(int,input().split())
 --- modulename: codecs, funcname: getstate
codecs.py(333):         return (self.buffer, 0)
 --- modulename: codecs, funcname: decode
codecs.py(321):         data = self.buffer + input
codecs.py(322):         (result, consumed) = self._buffer_decode(data, self.errors, final)
codecs.py(324):         self.buffer = data[consumed:]
codecs.py(325):         return result
s038218223.py(48): uf=P_UnionFind(n)
 --- modulename: s038218223, funcname: __init__
s038218223.py(5):         self.p=[i for i in range(n)]
 --- modulename: s038218223, funcname: <listcomp>
s038218223.py(5):         self.p=[i for i in range(n)]
s038218223.py(5):         self.p=[i for i in range(n)]
s038218223.py(5):         self.p=[i for i in range(n)]
s038218223.py(5):         self.p=[i for i in range(n)]
s038218223.py(6):         self.r=[0 for i in range(n)]
 --- modulename: s038218223, funcname: <listcomp>
s038218223.py(6):         self.r=[0 for i in range(n)]
s038218223.py(6):         self.r=[0 for i in range(n)]
s038218223.py(6):         self.r=[0 for i in range(n)]
s038218223.py(6):         self.r=[0 for i in range(n)]
s038218223.py(7):         self.d=[0 for i in range(n)]
 --- modulename: s038218223, funcname: <listcomp>
s038218223.py(7):         self.d=[0 for i in range(n)]
s038218223.py(7):         self.d=[0 for i in range(n)]
s038218223.py(7):         self.d=[0 for i in range(n)]
s038218223.py(7):         self.d=[0 for i in range(n)]
s038218223.py(49): d=[-1 for i in range(n)]
 --- modulename: s038218223, funcname: <listcomp>
s038218223.py(49): d=[-1 for i in range(n)]
s038218223.py(49): d=[-1 for i in range(n)]
s038218223.py(49): d=[-1 for i in range(n)]
s038218223.py(49): d=[-1 for i in range(n)]
s038218223.py(50): d[0]=0
s038218223.py(51): data=[]
s038218223.py(52): for i in range(m):
s038218223.py(53):     a,b,c=map(int,input().split())
s038218223.py(54):     if uf.uni(a-1,b-1,c) == False:
 --- modulename: s038218223, funcname: uni
s038218223.py(26):         if self.same(x,y) and self.diff(x,y)!=w:
 --- modulename: s038218223, funcname: same
s038218223.py(44):         return self.root(x)==self.root(y)
 --- modulename: s038218223, funcname: root
s038218223.py(10):         if self.p[x]==x:
s038218223.py(11):             return x
 --- modulename: s038218223, funcname: root
s038218223.py(10):         if self.p[x]==x:
s038218223.py(11):             return x
s038218223.py(28):         w+=self.weight(x)
 --- modulename: s038218223, funcname: weight
s038218223.py(19):         self.root(x)
 --- modulename: s038218223, funcname: root
s038218223.py(10):         if self.p[x]==x:
s038218223.py(11):             return x
s038218223.py(20):         return self.d[x]
s038218223.py(29):         w-=self.weight(y)
 --- modulename: s038218223, funcname: weight
s038218223.py(19):         self.root(x)
 --- modulename: s038218223, funcname: root
s038218223.py(10):         if self.p[x]==x:
s038218223.py(11):             return x
s038218223.py(20):         return self.d[x]
s038218223.py(30):         x=self.root(x)
 --- modulename: s038218223, funcname: root
s038218223.py(10):         if self.p[x]==x:
s038218223.py(11):             return x
s038218223.py(31):         y=self.root(y)
 --- modulename: s038218223, funcname: root
s038218223.py(10):         if self.p[x]==x:
s038218223.py(11):             return x
s038218223.py(32):         if(x==y):
s038218223.py(34):         if self.r[x]<self.r[y]:
s038218223.py(38):             self.p[y]=x
s038218223.py(39):             self.d[y]=w
s038218223.py(40):             if self.r[x]==self.r[y]:
s038218223.py(41):                 self.r[x]+=1
s038218223.py(52): for i in range(m):
s038218223.py(53):     a,b,c=map(int,input().split())
s038218223.py(54):     if uf.uni(a-1,b-1,c) == False:
 --- modulename: s038218223, funcname: uni
s038218223.py(26):         if self.same(x,y) and self.diff(x,y)!=w:
 --- modulename: s038218223, funcname: same
s038218223.py(44):         return self.root(x)==self.root(y)
 --- modulename: s038218223, funcname: root
s038218223.py(10):         if self.p[x]==x:
s038218223.py(13):             tmp = self.root(self.p[x])
 --- modulename: s038218223, funcname: root
s038218223.py(10):         if self.p[x]==x:
s038218223.py(11):             return x
s038218223.py(14):             self.d[x] += self.d[self.p[x]]
s038218223.py(15):             self.p[x] = tmp
s038218223.py(16):             return self.p[x]
 --- modulename: s038218223, funcname: root
s038218223.py(10):         if self.p[x]==x:
s038218223.py(11):             return x
s038218223.py(28):         w+=self.weight(x)
 --- modulename: s038218223, funcname: weight
s038218223.py(19):         self.root(x)
 --- modulename: s038218223, funcname: root
s038218223.py(10):         if self.p[x]==x:
s038218223.py(13):             tmp = self.root(self.p[x])
 --- modulename: s038218223, funcname: root
s038218223.py(10):         if self.p[x]==x:
s038218223.py(11):             return x
s038218223.py(14):             self.d[x] += self.d[self.p[x]]
s038218223.py(15):             self.p[x] = tmp
s038218223.py(16):             return self.p[x]
s038218223.py(20):         return self.d[x]
s038218223.py(29):         w-=self.weight(y)
 --- modulename: s038218223, funcname: weight
s038218223.py(19):         self.root(x)
 --- modulename: s038218223, funcname: root
s038218223.py(10):         if self.p[x]==x:
s038218223.py(11):             return x
s038218223.py(20):         return self.d[x]
s038218223.py(30):         x=self.root(x)
 --- modulename: s038218223, funcname: root
s038218223.py(10):         if self.p[x]==x:
s038218223.py(13):             tmp = self.root(self.p[x])
 --- modulename: s038218223, funcname: root
s038218223.py(10):         if self.p[x]==x:
s038218223.py(11):             return x
s038218223.py(14):             self.d[x] += self.d[self.p[x]]
s038218223.py(15):             self.p[x] = tmp
s038218223.py(16):             return self.p[x]
s038218223.py(31):         y=self.root(y)
 --- modulename: s038218223, funcname: root
s038218223.py(10):         if self.p[x]==x:
s038218223.py(11):             return x
s038218223.py(32):         if(x==y):
s038218223.py(34):         if self.r[x]<self.r[y]:
s038218223.py(38):             self.p[y]=x
s038218223.py(39):             self.d[y]=w
s038218223.py(40):             if self.r[x]==self.r[y]:
s038218223.py(52): for i in range(m):
s038218223.py(53):     a,b,c=map(int,input().split())
s038218223.py(54):     if uf.uni(a-1,b-1,c) == False:
 --- modulename: s038218223, funcname: uni
s038218223.py(26):         if self.same(x,y) and self.diff(x,y)!=w:
 --- modulename: s038218223, funcname: same
s038218223.py(44):         return self.root(x)==self.root(y)
 --- modulename: s038218223, funcname: root
s038218223.py(10):         if self.p[x]==x:
s038218223.py(11):             return x
 --- modulename: s038218223, funcname: root
s038218223.py(10):         if self.p[x]==x:
s038218223.py(13):             tmp = self.root(self.p[x])
 --- modulename: s038218223, funcname: root
s038218223.py(10):         if self.p[x]==x:
s038218223.py(11):             return x
s038218223.py(14):             self.d[x] += self.d[self.p[x]]
s038218223.py(15):             self.p[x] = tmp
s038218223.py(16):             return self.p[x]
 --- modulename: s038218223, funcname: diff
s038218223.py(23):         return self.weight(y)-self.weight(x)
 --- modulename: s038218223, funcname: weight
s038218223.py(19):         self.root(x)
 --- modulename: s038218223, funcname: root
s038218223.py(10):         if self.p[x]==x:
s038218223.py(13):             tmp = self.root(self.p[x])
 --- modulename: s038218223, funcname: root
s038218223.py(10):         if self.p[x]==x:
s038218223.py(11):             return x
s038218223.py(14):             self.d[x] += self.d[self.p[x]]
s038218223.py(15):             self.p[x] = tmp
s038218223.py(16):             return self.p[x]
s038218223.py(20):         return self.d[x]
 --- modulename: s038218223, funcname: weight
s038218223.py(19):         self.root(x)
 --- modulename: s038218223, funcname: root
s038218223.py(10):         if self.p[x]==x:
s038218223.py(11):             return x
s038218223.py(20):         return self.d[x]
s038218223.py(28):         w+=self.weight(x)
 --- modulename: s038218223, funcname: weight
s038218223.py(19):         self.root(x)
 --- modulename: s038218223, funcname: root
s038218223.py(10):         if self.p[x]==x:
s038218223.py(11):             return x
s038218223.py(20):         return self.d[x]
s038218223.py(29):         w-=self.weight(y)
 --- modulename: s038218223, funcname: weight
s038218223.py(19):         self.root(x)
 --- modulename: s038218223, funcname: root
s038218223.py(10):         if self.p[x]==x:
s038218223.py(13):             tmp = self.root(self.p[x])
 --- modulename: s038218223, funcname: root
s038218223.py(10):         if self.p[x]==x:
s038218223.py(11):             return x
s038218223.py(14):             self.d[x] += self.d[self.p[x]]
s038218223.py(15):             self.p[x] = tmp
s038218223.py(16):             return self.p[x]
s038218223.py(20):         return self.d[x]
s038218223.py(30):         x=self.root(x)
 --- modulename: s038218223, funcname: root
s038218223.py(10):         if self.p[x]==x:
s038218223.py(11):             return x
s038218223.py(31):         y=self.root(y)
 --- modulename: s038218223, funcname: root
s038218223.py(10):         if self.p[x]==x:
s038218223.py(13):             tmp = self.root(self.p[x])
 --- modulename: s038218223, funcname: root
s038218223.py(10):         if self.p[x]==x:
s038218223.py(11):             return x
s038218223.py(14):             self.d[x] += self.d[self.p[x]]
s038218223.py(15):             self.p[x] = tmp
s038218223.py(16):             return self.p[x]
s038218223.py(32):         if(x==y):
s038218223.py(33):             return
s038218223.py(52): for i in range(m):
s038218223.py(57): print('Yes')
Yes
