 --- modulename: s039581054, funcname: <module>
s039581054.py(2): import sys
s039581054.py(4): YES = "Yes"  # type: str
s039581054.py(5): NO = "No"  # type: str
s039581054.py(7): def solve(H: int, W: int, s: "List[str]"):
s039581054.py(25): def main():
s039581054.py(36): if __name__ == '__main__':
s039581054.py(37):     main()
 --- modulename: s039581054, funcname: main
s039581054.py(26):     def iterate_tokens():
s039581054.py(30):     tokens = iterate_tokens()
s039581054.py(31):     H = int(next(tokens))  # type: int
 --- modulename: s039581054, funcname: iterate_tokens
s039581054.py(27):         for line in sys.stdin:
 --- modulename: codecs, funcname: decode
codecs.py(321):         data = self.buffer + input
codecs.py(322):         (result, consumed) = self._buffer_decode(data, self.errors, final)
codecs.py(324):         self.buffer = data[consumed:]
codecs.py(325):         return result
s039581054.py(28):             for word in line.split():
s039581054.py(29):                 yield word
s039581054.py(32):     W = int(next(tokens))  # type: int
 --- modulename: s039581054, funcname: iterate_tokens
s039581054.py(28):             for word in line.split():
s039581054.py(29):                 yield word
s039581054.py(33):     s = [ next(tokens) for _ in range(H) ]  # type: "List[str]"
 --- modulename: s039581054, funcname: <listcomp>
s039581054.py(33):     s = [ next(tokens) for _ in range(H) ]  # type: "List[str]"
 --- modulename: s039581054, funcname: iterate_tokens
s039581054.py(28):             for word in line.split():
s039581054.py(27):         for line in sys.stdin:
s039581054.py(28):             for word in line.split():
s039581054.py(29):                 yield word
s039581054.py(33):     s = [ next(tokens) for _ in range(H) ]  # type: "List[str]"
 --- modulename: s039581054, funcname: iterate_tokens
s039581054.py(28):             for word in line.split():
s039581054.py(27):         for line in sys.stdin:
s039581054.py(28):             for word in line.split():
s039581054.py(29):                 yield word
s039581054.py(33):     s = [ next(tokens) for _ in range(H) ]  # type: "List[str]"
 --- modulename: s039581054, funcname: iterate_tokens
s039581054.py(28):             for word in line.split():
s039581054.py(27):         for line in sys.stdin:
s039581054.py(28):             for word in line.split():
s039581054.py(29):                 yield word
s039581054.py(33):     s = [ next(tokens) for _ in range(H) ]  # type: "List[str]"
s039581054.py(34):     solve(H, W, s)
 --- modulename: s039581054, funcname: solve
s039581054.py(8):     def is_valid(i, j):
s039581054.py(16):     for i, R in enumerate(s):
s039581054.py(17):         for j, c in enumerate(R):
s039581054.py(18):             if c == '#' and not is_valid(i, j):
s039581054.py(17):         for j, c in enumerate(R):
s039581054.py(18):             if c == '#' and not is_valid(i, j):
 --- modulename: s039581054, funcname: is_valid
s039581054.py(9):         if (i > 0 and s[i - 1][j] == '#' or 
s039581054.py(10):             i < H - 1 and s[i + 1][j] == '#' or 
s039581054.py(10):             i < H - 1 and s[i + 1][j] == '#' or 
s039581054.py(13):             return True
s039581054.py(17):         for j, c in enumerate(R):
s039581054.py(18):             if c == '#' and not is_valid(i, j):
s039581054.py(17):         for j, c in enumerate(R):
s039581054.py(16):     for i, R in enumerate(s):
s039581054.py(17):         for j, c in enumerate(R):
s039581054.py(18):             if c == '#' and not is_valid(i, j):
 --- modulename: s039581054, funcname: is_valid
s039581054.py(9):         if (i > 0 and s[i - 1][j] == '#' or 
s039581054.py(10):             i < H - 1 and s[i + 1][j] == '#' or 
s039581054.py(10):             i < H - 1 and s[i + 1][j] == '#' or 
s039581054.py(11):             j > 0 and s[i][j - 1] == '#' or 
s039581054.py(12):             j < W - 1 and s[i][j + 1] == '#'):
s039581054.py(12):             j < W - 1 and s[i][j + 1] == '#'):
s039581054.py(13):             return True
s039581054.py(17):         for j, c in enumerate(R):
s039581054.py(18):             if c == '#' and not is_valid(i, j):
 --- modulename: s039581054, funcname: is_valid
s039581054.py(9):         if (i > 0 and s[i - 1][j] == '#' or 
s039581054.py(13):             return True
s039581054.py(17):         for j, c in enumerate(R):
s039581054.py(18):             if c == '#' and not is_valid(i, j):
 --- modulename: s039581054, funcname: is_valid
s039581054.py(9):         if (i > 0 and s[i - 1][j] == '#' or 
s039581054.py(10):             i < H - 1 and s[i + 1][j] == '#' or 
s039581054.py(10):             i < H - 1 and s[i + 1][j] == '#' or 
s039581054.py(11):             j > 0 and s[i][j - 1] == '#' or 
s039581054.py(11):             j > 0 and s[i][j - 1] == '#' or 
s039581054.py(13):             return True
s039581054.py(17):         for j, c in enumerate(R):
s039581054.py(16):     for i, R in enumerate(s):
s039581054.py(17):         for j, c in enumerate(R):
s039581054.py(18):             if c == '#' and not is_valid(i, j):
s039581054.py(17):         for j, c in enumerate(R):
s039581054.py(18):             if c == '#' and not is_valid(i, j):
 --- modulename: s039581054, funcname: is_valid
s039581054.py(9):         if (i > 0 and s[i - 1][j] == '#' or 
s039581054.py(13):             return True
s039581054.py(17):         for j, c in enumerate(R):
s039581054.py(18):             if c == '#' and not is_valid(i, j):
s039581054.py(17):         for j, c in enumerate(R):
s039581054.py(16):     for i, R in enumerate(s):
s039581054.py(21):     print(YES)
Yes
s039581054.py(22):     return
 --- modulename: s039581054, funcname: iterate_tokens
