 --- modulename: s668506599, funcname: <module>
s668506599.py(1): def bubble_sort(c, n):
s668506599.py(10): def selection_sort(a, n):
s668506599.py(21): def print_list(a):
s668506599.py(25): def is_stable(l1, l2):
s668506599.py(46): n = int(input())
 --- modulename: codecs, funcname: getstate
codecs.py(333):         return (self.buffer, 0)
 --- modulename: codecs, funcname: decode
codecs.py(321):         data = self.buffer + input
codecs.py(322):         (result, consumed) = self._buffer_decode(data, self.errors, final)
codecs.py(324):         self.buffer = data[consumed:]
codecs.py(325):         return result
s668506599.py(47): tmp = input().split()
s668506599.py(48): a = []
s668506599.py(49): for v in tmp:
s668506599.py(50):     a.append((v[0], v[1]))
s668506599.py(49): for v in tmp:
s668506599.py(50):     a.append((v[0], v[1]))
s668506599.py(49): for v in tmp:
s668506599.py(50):     a.append((v[0], v[1]))
s668506599.py(49): for v in tmp:
s668506599.py(50):     a.append((v[0], v[1]))
s668506599.py(49): for v in tmp:
s668506599.py(50):     a.append((v[0], v[1]))
s668506599.py(49): for v in tmp:
s668506599.py(52): bs_result = bubble_sort(a, n)
 --- modulename: s668506599, funcname: bubble_sort
s668506599.py(2):     c = c.copy()
s668506599.py(3):     for i in range(n):
s668506599.py(4):         for j in range(0, n - 1):
s668506599.py(5):             if c[j][1] > c[j + 1][1]:
s668506599.py(4):         for j in range(0, n - 1):
s668506599.py(5):             if c[j][1] > c[j + 1][1]:
s668506599.py(6):                 c[j], c[j + 1] = c[j + 1], c[j]
s668506599.py(4):         for j in range(0, n - 1):
s668506599.py(5):             if c[j][1] > c[j + 1][1]:
s668506599.py(6):                 c[j], c[j + 1] = c[j + 1], c[j]
s668506599.py(4):         for j in range(0, n - 1):
s668506599.py(5):             if c[j][1] > c[j + 1][1]:
s668506599.py(6):                 c[j], c[j + 1] = c[j + 1], c[j]
s668506599.py(4):         for j in range(0, n - 1):
s668506599.py(3):     for i in range(n):
s668506599.py(4):         for j in range(0, n - 1):
s668506599.py(5):             if c[j][1] > c[j + 1][1]:
s668506599.py(4):         for j in range(0, n - 1):
s668506599.py(5):             if c[j][1] > c[j + 1][1]:
s668506599.py(6):                 c[j], c[j + 1] = c[j + 1], c[j]
s668506599.py(4):         for j in range(0, n - 1):
s668506599.py(5):             if c[j][1] > c[j + 1][1]:
s668506599.py(6):                 c[j], c[j + 1] = c[j + 1], c[j]
s668506599.py(4):         for j in range(0, n - 1):
s668506599.py(5):             if c[j][1] > c[j + 1][1]:
s668506599.py(4):         for j in range(0, n - 1):
s668506599.py(3):     for i in range(n):
s668506599.py(4):         for j in range(0, n - 1):
s668506599.py(5):             if c[j][1] > c[j + 1][1]:
s668506599.py(6):                 c[j], c[j + 1] = c[j + 1], c[j]
s668506599.py(4):         for j in range(0, n - 1):
s668506599.py(5):             if c[j][1] > c[j + 1][1]:
s668506599.py(6):                 c[j], c[j + 1] = c[j + 1], c[j]
s668506599.py(4):         for j in range(0, n - 1):
s668506599.py(5):             if c[j][1] > c[j + 1][1]:
s668506599.py(4):         for j in range(0, n - 1):
s668506599.py(5):             if c[j][1] > c[j + 1][1]:
s668506599.py(4):         for j in range(0, n - 1):
s668506599.py(3):     for i in range(n):
s668506599.py(4):         for j in range(0, n - 1):
s668506599.py(5):             if c[j][1] > c[j + 1][1]:
s668506599.py(4):         for j in range(0, n - 1):
s668506599.py(5):             if c[j][1] > c[j + 1][1]:
s668506599.py(4):         for j in range(0, n - 1):
s668506599.py(5):             if c[j][1] > c[j + 1][1]:
s668506599.py(4):         for j in range(0, n - 1):
s668506599.py(5):             if c[j][1] > c[j + 1][1]:
s668506599.py(4):         for j in range(0, n - 1):
s668506599.py(3):     for i in range(n):
s668506599.py(4):         for j in range(0, n - 1):
s668506599.py(5):             if c[j][1] > c[j + 1][1]:
s668506599.py(4):         for j in range(0, n - 1):
s668506599.py(5):             if c[j][1] > c[j + 1][1]:
s668506599.py(4):         for j in range(0, n - 1):
s668506599.py(5):             if c[j][1] > c[j + 1][1]:
s668506599.py(4):         for j in range(0, n - 1):
s668506599.py(5):             if c[j][1] > c[j + 1][1]:
s668506599.py(4):         for j in range(0, n - 1):
s668506599.py(3):     for i in range(n):
s668506599.py(7):     return c
s668506599.py(53): ss_result = selection_sort(a, n)
 --- modulename: s668506599, funcname: selection_sort
s668506599.py(11):     a = a.copy()
s668506599.py(12):     for i in range(n):
s668506599.py(13):         min_index = i
s668506599.py(14):         for j in range(i, n):
s668506599.py(15):             if a[j][1] < a[min_index][1]:
s668506599.py(14):         for j in range(i, n):
s668506599.py(15):             if a[j][1] < a[min_index][1]:
s668506599.py(14):         for j in range(i, n):
s668506599.py(15):             if a[j][1] < a[min_index][1]:
s668506599.py(14):         for j in range(i, n):
s668506599.py(15):             if a[j][1] < a[min_index][1]:
s668506599.py(16):                 min_index = j
s668506599.py(14):         for j in range(i, n):
s668506599.py(15):             if a[j][1] < a[min_index][1]:
s668506599.py(14):         for j in range(i, n):
s668506599.py(17):         a[i], a[min_index] = a[min_index], a[i]
s668506599.py(12):     for i in range(n):
s668506599.py(13):         min_index = i
s668506599.py(14):         for j in range(i, n):
s668506599.py(15):             if a[j][1] < a[min_index][1]:
s668506599.py(14):         for j in range(i, n):
s668506599.py(15):             if a[j][1] < a[min_index][1]:
s668506599.py(16):                 min_index = j
s668506599.py(14):         for j in range(i, n):
s668506599.py(15):             if a[j][1] < a[min_index][1]:
s668506599.py(14):         for j in range(i, n):
s668506599.py(15):             if a[j][1] < a[min_index][1]:
s668506599.py(16):                 min_index = j
s668506599.py(14):         for j in range(i, n):
s668506599.py(17):         a[i], a[min_index] = a[min_index], a[i]
s668506599.py(12):     for i in range(n):
s668506599.py(13):         min_index = i
s668506599.py(14):         for j in range(i, n):
s668506599.py(15):             if a[j][1] < a[min_index][1]:
s668506599.py(14):         for j in range(i, n):
s668506599.py(15):             if a[j][1] < a[min_index][1]:
s668506599.py(14):         for j in range(i, n):
s668506599.py(15):             if a[j][1] < a[min_index][1]:
s668506599.py(14):         for j in range(i, n):
s668506599.py(17):         a[i], a[min_index] = a[min_index], a[i]
s668506599.py(12):     for i in range(n):
s668506599.py(13):         min_index = i
s668506599.py(14):         for j in range(i, n):
s668506599.py(15):             if a[j][1] < a[min_index][1]:
s668506599.py(14):         for j in range(i, n):
s668506599.py(15):             if a[j][1] < a[min_index][1]:
s668506599.py(14):         for j in range(i, n):
s668506599.py(17):         a[i], a[min_index] = a[min_index], a[i]
s668506599.py(12):     for i in range(n):
s668506599.py(13):         min_index = i
s668506599.py(14):         for j in range(i, n):
s668506599.py(15):             if a[j][1] < a[min_index][1]:
s668506599.py(14):         for j in range(i, n):
s668506599.py(17):         a[i], a[min_index] = a[min_index], a[i]
s668506599.py(12):     for i in range(n):
s668506599.py(18):     return a
s668506599.py(55): print_list(bs_result)
 --- modulename: s668506599, funcname: print_list
s668506599.py(22):     print(" ".join([s + v for s, v in a]))
 --- modulename: s668506599, funcname: <listcomp>
s668506599.py(22):     print(" ".join([s + v for s, v in a]))
s668506599.py(22):     print(" ".join([s + v for s, v in a]))
s668506599.py(22):     print(" ".join([s + v for s, v in a]))
s668506599.py(22):     print(" ".join([s + v for s, v in a]))
s668506599.py(22):     print(" ".join([s + v for s, v in a]))
s668506599.py(22):     print(" ".join([s + v for s, v in a]))
D2 C3 H4 S4 C9
s668506599.py(56): if is_stable(a, bs_result):
 --- modulename: s668506599, funcname: is_stable
s668506599.py(26):     def get_original_index(v):
s668506599.py(32):     before = l2[0]
s668506599.py(33):     for e in l2[1:]:
s668506599.py(34):         if before[1] == e[1]:
s668506599.py(41):         before = e
s668506599.py(33):     for e in l2[1:]:
s668506599.py(34):         if before[1] == e[1]:
s668506599.py(41):         before = e
s668506599.py(33):     for e in l2[1:]:
s668506599.py(34):         if before[1] == e[1]:
s668506599.py(36):             bi = get_original_index(before)
 --- modulename: s668506599, funcname: get_original_index
s668506599.py(27):         for i, e in enumerate(l1):
s668506599.py(28):             if v == e:
s668506599.py(29):                 return i
s668506599.py(37):             ei = get_original_index(e)
 --- modulename: s668506599, funcname: get_original_index
s668506599.py(27):         for i, e in enumerate(l1):
s668506599.py(28):             if v == e:
s668506599.py(27):         for i, e in enumerate(l1):
s668506599.py(28):             if v == e:
s668506599.py(27):         for i, e in enumerate(l1):
s668506599.py(28):             if v == e:
s668506599.py(29):                 return i
s668506599.py(39):             if bi > ei:
s668506599.py(41):         before = e
s668506599.py(33):     for e in l2[1:]:
s668506599.py(34):         if before[1] == e[1]:
s668506599.py(41):         before = e
s668506599.py(33):     for e in l2[1:]:
s668506599.py(43):     return True
s668506599.py(57):     print("Stable")
Stable
s668506599.py(61): print_list(ss_result)
 --- modulename: s668506599, funcname: print_list
s668506599.py(22):     print(" ".join([s + v for s, v in a]))
 --- modulename: s668506599, funcname: <listcomp>
s668506599.py(22):     print(" ".join([s + v for s, v in a]))
s668506599.py(22):     print(" ".join([s + v for s, v in a]))
s668506599.py(22):     print(" ".join([s + v for s, v in a]))
s668506599.py(22):     print(" ".join([s + v for s, v in a]))
s668506599.py(22):     print(" ".join([s + v for s, v in a]))
s668506599.py(22):     print(" ".join([s + v for s, v in a]))
D2 C3 S4 H4 C9
s668506599.py(62): if is_stable(a, ss_result):
 --- modulename: s668506599, funcname: is_stable
s668506599.py(26):     def get_original_index(v):
s668506599.py(32):     before = l2[0]
s668506599.py(33):     for e in l2[1:]:
s668506599.py(34):         if before[1] == e[1]:
s668506599.py(41):         before = e
s668506599.py(33):     for e in l2[1:]:
s668506599.py(34):         if before[1] == e[1]:
s668506599.py(41):         before = e
s668506599.py(33):     for e in l2[1:]:
s668506599.py(34):         if before[1] == e[1]:
s668506599.py(36):             bi = get_original_index(before)
 --- modulename: s668506599, funcname: get_original_index
s668506599.py(27):         for i, e in enumerate(l1):
s668506599.py(28):             if v == e:
s668506599.py(27):         for i, e in enumerate(l1):
s668506599.py(28):             if v == e:
s668506599.py(27):         for i, e in enumerate(l1):
s668506599.py(28):             if v == e:
s668506599.py(29):                 return i
s668506599.py(37):             ei = get_original_index(e)
 --- modulename: s668506599, funcname: get_original_index
s668506599.py(27):         for i, e in enumerate(l1):
s668506599.py(28):             if v == e:
s668506599.py(29):                 return i
s668506599.py(39):             if bi > ei:
s668506599.py(40):                 return False
s668506599.py(65):     print("Not stable")
Not stable
