 --- modulename: s672684637, funcname: <module>
s672684637.py(1): import sys
s672684637.py(2): input=sys.stdin.readline
s672684637.py(5): def get_candidate(K):
s672684637.py(15): def get_ans(K, l):
s672684637.py(31): def solve():
s672684637.py(40): if __name__ == "__main__":
s672684637.py(41):     solve()
 --- modulename: s672684637, funcname: solve
s672684637.py(32):     N, K = map(int, input().split())
 --- modulename: codecs, funcname: getstate
codecs.py(333):         return (self.buffer, 0)
 --- modulename: codecs, funcname: decode
codecs.py(321):         data = self.buffer + input
codecs.py(322):         (result, consumed) = self._buffer_decode(data, self.errors, final)
codecs.py(324):         self.buffer = data[consumed:]
codecs.py(325):         return result
s672684637.py(33):     l = [tuple(map(int, input().split())) for _ in range(N)]
 --- modulename: s672684637, funcname: <listcomp>
s672684637.py(33):     l = [tuple(map(int, input().split())) for _ in range(N)]
s672684637.py(33):     l = [tuple(map(int, input().split())) for _ in range(N)]
s672684637.py(33):     l = [tuple(map(int, input().split())) for _ in range(N)]
s672684637.py(33):     l = [tuple(map(int, input().split())) for _ in range(N)]
s672684637.py(34):     ans = 0
s672684637.py(35):     for k in get_candidate(K):
 --- modulename: s672684637, funcname: get_candidate
s672684637.py(6):     l = []
s672684637.py(7):     b = 0
s672684637.py(8):     for i in range(30)[::-1]:
s672684637.py(9):         if (K&(1<<i)):
s672684637.py(8):     for i in range(30)[::-1]:
s672684637.py(9):         if (K&(1<<i)):
s672684637.py(8):     for i in range(30)[::-1]:
s672684637.py(9):         if (K&(1<<i)):
s672684637.py(8):     for i in range(30)[::-1]:
s672684637.py(9):         if (K&(1<<i)):
s672684637.py(8):     for i in range(30)[::-1]:
s672684637.py(9):         if (K&(1<<i)):
s672684637.py(8):     for i in range(30)[::-1]:
s672684637.py(9):         if (K&(1<<i)):
s672684637.py(8):     for i in range(30)[::-1]:
s672684637.py(9):         if (K&(1<<i)):
s672684637.py(8):     for i in range(30)[::-1]:
s672684637.py(9):         if (K&(1<<i)):
s672684637.py(8):     for i in range(30)[::-1]:
s672684637.py(9):         if (K&(1<<i)):
s672684637.py(8):     for i in range(30)[::-1]:
s672684637.py(9):         if (K&(1<<i)):
s672684637.py(8):     for i in range(30)[::-1]:
s672684637.py(9):         if (K&(1<<i)):
s672684637.py(8):     for i in range(30)[::-1]:
s672684637.py(9):         if (K&(1<<i)):
s672684637.py(8):     for i in range(30)[::-1]:
s672684637.py(9):         if (K&(1<<i)):
s672684637.py(8):     for i in range(30)[::-1]:
s672684637.py(9):         if (K&(1<<i)):
s672684637.py(8):     for i in range(30)[::-1]:
s672684637.py(9):         if (K&(1<<i)):
s672684637.py(8):     for i in range(30)[::-1]:
s672684637.py(9):         if (K&(1<<i)):
s672684637.py(8):     for i in range(30)[::-1]:
s672684637.py(9):         if (K&(1<<i)):
s672684637.py(8):     for i in range(30)[::-1]:
s672684637.py(9):         if (K&(1<<i)):
s672684637.py(8):     for i in range(30)[::-1]:
s672684637.py(9):         if (K&(1<<i)):
s672684637.py(8):     for i in range(30)[::-1]:
s672684637.py(9):         if (K&(1<<i)):
s672684637.py(8):     for i in range(30)[::-1]:
s672684637.py(9):         if (K&(1<<i)):
s672684637.py(8):     for i in range(30)[::-1]:
s672684637.py(9):         if (K&(1<<i)):
s672684637.py(8):     for i in range(30)[::-1]:
s672684637.py(9):         if (K&(1<<i)):
s672684637.py(8):     for i in range(30)[::-1]:
s672684637.py(9):         if (K&(1<<i)):
s672684637.py(8):     for i in range(30)[::-1]:
s672684637.py(9):         if (K&(1<<i)):
s672684637.py(8):     for i in range(30)[::-1]:
s672684637.py(9):         if (K&(1<<i)):
s672684637.py(8):     for i in range(30)[::-1]:
s672684637.py(9):         if (K&(1<<i)):
s672684637.py(8):     for i in range(30)[::-1]:
s672684637.py(9):         if (K&(1<<i)):
s672684637.py(10):             l.append(b + (1<<i) - 1)
s672684637.py(11):             b += (1<<i)
s672684637.py(8):     for i in range(30)[::-1]:
s672684637.py(9):         if (K&(1<<i)):
s672684637.py(8):     for i in range(30)[::-1]:
s672684637.py(9):         if (K&(1<<i)):
s672684637.py(10):             l.append(b + (1<<i) - 1)
s672684637.py(11):             b += (1<<i)
s672684637.py(8):     for i in range(30)[::-1]:
s672684637.py(12):     return l+[K]
s672684637.py(36):         ans = max(ans, get_ans(k, l))
 --- modulename: s672684637, funcname: get_ans
s672684637.py(16):     bit = [None]*30
s672684637.py(17):     for i in range(30):
s672684637.py(18):         bit[i] = (K&(1<<i))>>i
s672684637.py(17):     for i in range(30):
s672684637.py(18):         bit[i] = (K&(1<<i))>>i
s672684637.py(17):     for i in range(30):
s672684637.py(18):         bit[i] = (K&(1<<i))>>i
s672684637.py(17):     for i in range(30):
s672684637.py(18):         bit[i] = (K&(1<<i))>>i
s672684637.py(17):     for i in range(30):
s672684637.py(18):         bit[i] = (K&(1<<i))>>i
s672684637.py(17):     for i in range(30):
s672684637.py(18):         bit[i] = (K&(1<<i))>>i
s672684637.py(17):     for i in range(30):
s672684637.py(18):         bit[i] = (K&(1<<i))>>i
s672684637.py(17):     for i in range(30):
s672684637.py(18):         bit[i] = (K&(1<<i))>>i
s672684637.py(17):     for i in range(30):
s672684637.py(18):         bit[i] = (K&(1<<i))>>i
s672684637.py(17):     for i in range(30):
s672684637.py(18):         bit[i] = (K&(1<<i))>>i
s672684637.py(17):     for i in range(30):
s672684637.py(18):         bit[i] = (K&(1<<i))>>i
s672684637.py(17):     for i in range(30):
s672684637.py(18):         bit[i] = (K&(1<<i))>>i
s672684637.py(17):     for i in range(30):
s672684637.py(18):         bit[i] = (K&(1<<i))>>i
s672684637.py(17):     for i in range(30):
s672684637.py(18):         bit[i] = (K&(1<<i))>>i
s672684637.py(17):     for i in range(30):
s672684637.py(18):         bit[i] = (K&(1<<i))>>i
s672684637.py(17):     for i in range(30):
s672684637.py(18):         bit[i] = (K&(1<<i))>>i
s672684637.py(17):     for i in range(30):
s672684637.py(18):         bit[i] = (K&(1<<i))>>i
s672684637.py(17):     for i in range(30):
s672684637.py(18):         bit[i] = (K&(1<<i))>>i
s672684637.py(17):     for i in range(30):
s672684637.py(18):         bit[i] = (K&(1<<i))>>i
s672684637.py(17):     for i in range(30):
s672684637.py(18):         bit[i] = (K&(1<<i))>>i
s672684637.py(17):     for i in range(30):
s672684637.py(18):         bit[i] = (K&(1<<i))>>i
s672684637.py(17):     for i in range(30):
s672684637.py(18):         bit[i] = (K&(1<<i))>>i
s672684637.py(17):     for i in range(30):
s672684637.py(18):         bit[i] = (K&(1<<i))>>i
s672684637.py(17):     for i in range(30):
s672684637.py(18):         bit[i] = (K&(1<<i))>>i
s672684637.py(17):     for i in range(30):
s672684637.py(18):         bit[i] = (K&(1<<i))>>i
s672684637.py(17):     for i in range(30):
s672684637.py(18):         bit[i] = (K&(1<<i))>>i
s672684637.py(17):     for i in range(30):
s672684637.py(18):         bit[i] = (K&(1<<i))>>i
s672684637.py(17):     for i in range(30):
s672684637.py(18):         bit[i] = (K&(1<<i))>>i
s672684637.py(17):     for i in range(30):
s672684637.py(18):         bit[i] = (K&(1<<i))>>i
s672684637.py(17):     for i in range(30):
s672684637.py(18):         bit[i] = (K&(1<<i))>>i
s672684637.py(17):     for i in range(30):
s672684637.py(20):     ans = 0
s672684637.py(21):     for i, j in l:
s672684637.py(22):         for k in range(30):
s672684637.py(23):             b = (i&(1<<k))>>k
s672684637.py(24):             if not ((bit[k]==1) or (b==0 and bit[k]==0)):
s672684637.py(22):         for k in range(30):
s672684637.py(23):             b = (i&(1<<k))>>k
s672684637.py(24):             if not ((bit[k]==1) or (b==0 and bit[k]==0)):
s672684637.py(22):         for k in range(30):
s672684637.py(23):             b = (i&(1<<k))>>k
s672684637.py(24):             if not ((bit[k]==1) or (b==0 and bit[k]==0)):
s672684637.py(22):         for k in range(30):
s672684637.py(23):             b = (i&(1<<k))>>k
s672684637.py(24):             if not ((bit[k]==1) or (b==0 and bit[k]==0)):
s672684637.py(22):         for k in range(30):
s672684637.py(23):             b = (i&(1<<k))>>k
s672684637.py(24):             if not ((bit[k]==1) or (b==0 and bit[k]==0)):
s672684637.py(22):         for k in range(30):
s672684637.py(23):             b = (i&(1<<k))>>k
s672684637.py(24):             if not ((bit[k]==1) or (b==0 and bit[k]==0)):
s672684637.py(22):         for k in range(30):
s672684637.py(23):             b = (i&(1<<k))>>k
s672684637.py(24):             if not ((bit[k]==1) or (b==0 and bit[k]==0)):
s672684637.py(22):         for k in range(30):
s672684637.py(23):             b = (i&(1<<k))>>k
s672684637.py(24):             if not ((bit[k]==1) or (b==0 and bit[k]==0)):
s672684637.py(22):         for k in range(30):
s672684637.py(23):             b = (i&(1<<k))>>k
s672684637.py(24):             if not ((bit[k]==1) or (b==0 and bit[k]==0)):
s672684637.py(22):         for k in range(30):
s672684637.py(23):             b = (i&(1<<k))>>k
s672684637.py(24):             if not ((bit[k]==1) or (b==0 and bit[k]==0)):
s672684637.py(22):         for k in range(30):
s672684637.py(23):             b = (i&(1<<k))>>k
s672684637.py(24):             if not ((bit[k]==1) or (b==0 and bit[k]==0)):
s672684637.py(22):         for k in range(30):
s672684637.py(23):             b = (i&(1<<k))>>k
s672684637.py(24):             if not ((bit[k]==1) or (b==0 and bit[k]==0)):
s672684637.py(22):         for k in range(30):
s672684637.py(23):             b = (i&(1<<k))>>k
s672684637.py(24):             if not ((bit[k]==1) or (b==0 and bit[k]==0)):
s672684637.py(22):         for k in range(30):
s672684637.py(23):             b = (i&(1<<k))>>k
s672684637.py(24):             if not ((bit[k]==1) or (b==0 and bit[k]==0)):
s672684637.py(22):         for k in range(30):
s672684637.py(23):             b = (i&(1<<k))>>k
s672684637.py(24):             if not ((bit[k]==1) or (b==0 and bit[k]==0)):
s672684637.py(22):         for k in range(30):
s672684637.py(23):             b = (i&(1<<k))>>k
s672684637.py(24):             if not ((bit[k]==1) or (b==0 and bit[k]==0)):
s672684637.py(22):         for k in range(30):
s672684637.py(23):             b = (i&(1<<k))>>k
s672684637.py(24):             if not ((bit[k]==1) or (b==0 and bit[k]==0)):
s672684637.py(22):         for k in range(30):
s672684637.py(23):             b = (i&(1<<k))>>k
s672684637.py(24):             if not ((bit[k]==1) or (b==0 and bit[k]==0)):
s672684637.py(22):         for k in range(30):
s672684637.py(23):             b = (i&(1<<k))>>k
s672684637.py(24):             if not ((bit[k]==1) or (b==0 and bit[k]==0)):
s672684637.py(22):         for k in range(30):
s672684637.py(23):             b = (i&(1<<k))>>k
s672684637.py(24):             if not ((bit[k]==1) or (b==0 and bit[k]==0)):
s672684637.py(22):         for k in range(30):
s672684637.py(23):             b = (i&(1<<k))>>k
s672684637.py(24):             if not ((bit[k]==1) or (b==0 and bit[k]==0)):
s672684637.py(22):         for k in range(30):
s672684637.py(23):             b = (i&(1<<k))>>k
s672684637.py(24):             if not ((bit[k]==1) or (b==0 and bit[k]==0)):
s672684637.py(22):         for k in range(30):
s672684637.py(23):             b = (i&(1<<k))>>k
s672684637.py(24):             if not ((bit[k]==1) or (b==0 and bit[k]==0)):
s672684637.py(22):         for k in range(30):
s672684637.py(23):             b = (i&(1<<k))>>k
s672684637.py(24):             if not ((bit[k]==1) or (b==0 and bit[k]==0)):
s672684637.py(22):         for k in range(30):
s672684637.py(23):             b = (i&(1<<k))>>k
s672684637.py(24):             if not ((bit[k]==1) or (b==0 and bit[k]==0)):
s672684637.py(22):         for k in range(30):
s672684637.py(23):             b = (i&(1<<k))>>k
s672684637.py(24):             if not ((bit[k]==1) or (b==0 and bit[k]==0)):
s672684637.py(22):         for k in range(30):
s672684637.py(23):             b = (i&(1<<k))>>k
s672684637.py(24):             if not ((bit[k]==1) or (b==0 and bit[k]==0)):
s672684637.py(22):         for k in range(30):
s672684637.py(23):             b = (i&(1<<k))>>k
s672684637.py(24):             if not ((bit[k]==1) or (b==0 and bit[k]==0)):
s672684637.py(22):         for k in range(30):
s672684637.py(23):             b = (i&(1<<k))>>k
s672684637.py(24):             if not ((bit[k]==1) or (b==0 and bit[k]==0)):
s672684637.py(22):         for k in range(30):
s672684637.py(23):             b = (i&(1<<k))>>k
s672684637.py(24):             if not ((bit[k]==1) or (b==0 and bit[k]==0)):
s672684637.py(22):         for k in range(30):
s672684637.py(27):             ans += j
s672684637.py(21):     for i, j in l:
s672684637.py(22):         for k in range(30):
s672684637.py(23):             b = (i&(1<<k))>>k
s672684637.py(24):             if not ((bit[k]==1) or (b==0 and bit[k]==0)):
s672684637.py(22):         for k in range(30):
s672684637.py(23):             b = (i&(1<<k))>>k
s672684637.py(24):             if not ((bit[k]==1) or (b==0 and bit[k]==0)):
s672684637.py(22):         for k in range(30):
s672684637.py(23):             b = (i&(1<<k))>>k
s672684637.py(24):             if not ((bit[k]==1) or (b==0 and bit[k]==0)):
s672684637.py(25):                 break
s672684637.py(21):     for i, j in l:
s672684637.py(22):         for k in range(30):
s672684637.py(23):             b = (i&(1<<k))>>k
s672684637.py(24):             if not ((bit[k]==1) or (b==0 and bit[k]==0)):
s672684637.py(22):         for k in range(30):
s672684637.py(23):             b = (i&(1<<k))>>k
s672684637.py(24):             if not ((bit[k]==1) or (b==0 and bit[k]==0)):
s672684637.py(22):         for k in range(30):
s672684637.py(23):             b = (i&(1<<k))>>k
s672684637.py(24):             if not ((bit[k]==1) or (b==0 and bit[k]==0)):
s672684637.py(22):         for k in range(30):
s672684637.py(23):             b = (i&(1<<k))>>k
s672684637.py(24):             if not ((bit[k]==1) or (b==0 and bit[k]==0)):
s672684637.py(22):         for k in range(30):
s672684637.py(23):             b = (i&(1<<k))>>k
s672684637.py(24):             if not ((bit[k]==1) or (b==0 and bit[k]==0)):
s672684637.py(22):         for k in range(30):
s672684637.py(23):             b = (i&(1<<k))>>k
s672684637.py(24):             if not ((bit[k]==1) or (b==0 and bit[k]==0)):
s672684637.py(22):         for k in range(30):
s672684637.py(23):             b = (i&(1<<k))>>k
s672684637.py(24):             if not ((bit[k]==1) or (b==0 and bit[k]==0)):
s672684637.py(22):         for k in range(30):
s672684637.py(23):             b = (i&(1<<k))>>k
s672684637.py(24):             if not ((bit[k]==1) or (b==0 and bit[k]==0)):
s672684637.py(22):         for k in range(30):
s672684637.py(23):             b = (i&(1<<k))>>k
s672684637.py(24):             if not ((bit[k]==1) or (b==0 and bit[k]==0)):
s672684637.py(22):         for k in range(30):
s672684637.py(23):             b = (i&(1<<k))>>k
s672684637.py(24):             if not ((bit[k]==1) or (b==0 and bit[k]==0)):
s672684637.py(22):         for k in range(30):
s672684637.py(23):             b = (i&(1<<k))>>k
s672684637.py(24):             if not ((bit[k]==1) or (b==0 and bit[k]==0)):
s672684637.py(22):         for k in range(30):
s672684637.py(23):             b = (i&(1<<k))>>k
s672684637.py(24):             if not ((bit[k]==1) or (b==0 and bit[k]==0)):
s672684637.py(22):         for k in range(30):
s672684637.py(23):             b = (i&(1<<k))>>k
s672684637.py(24):             if not ((bit[k]==1) or (b==0 and bit[k]==0)):
s672684637.py(22):         for k in range(30):
s672684637.py(23):             b = (i&(1<<k))>>k
s672684637.py(24):             if not ((bit[k]==1) or (b==0 and bit[k]==0)):
s672684637.py(22):         for k in range(30):
s672684637.py(23):             b = (i&(1<<k))>>k
s672684637.py(24):             if not ((bit[k]==1) or (b==0 and bit[k]==0)):
s672684637.py(22):         for k in range(30):
s672684637.py(23):             b = (i&(1<<k))>>k
s672684637.py(24):             if not ((bit[k]==1) or (b==0 and bit[k]==0)):
s672684637.py(22):         for k in range(30):
s672684637.py(23):             b = (i&(1<<k))>>k
s672684637.py(24):             if not ((bit[k]==1) or (b==0 and bit[k]==0)):
s672684637.py(22):         for k in range(30):
s672684637.py(23):             b = (i&(1<<k))>>k
s672684637.py(24):             if not ((bit[k]==1) or (b==0 and bit[k]==0)):
s672684637.py(22):         for k in range(30):
s672684637.py(23):             b = (i&(1<<k))>>k
s672684637.py(24):             if not ((bit[k]==1) or (b==0 and bit[k]==0)):
s672684637.py(22):         for k in range(30):
s672684637.py(23):             b = (i&(1<<k))>>k
s672684637.py(24):             if not ((bit[k]==1) or (b==0 and bit[k]==0)):
s672684637.py(22):         for k in range(30):
s672684637.py(23):             b = (i&(1<<k))>>k
s672684637.py(24):             if not ((bit[k]==1) or (b==0 and bit[k]==0)):
s672684637.py(22):         for k in range(30):
s672684637.py(23):             b = (i&(1<<k))>>k
s672684637.py(24):             if not ((bit[k]==1) or (b==0 and bit[k]==0)):
s672684637.py(22):         for k in range(30):
s672684637.py(23):             b = (i&(1<<k))>>k
s672684637.py(24):             if not ((bit[k]==1) or (b==0 and bit[k]==0)):
s672684637.py(22):         for k in range(30):
s672684637.py(23):             b = (i&(1<<k))>>k
s672684637.py(24):             if not ((bit[k]==1) or (b==0 and bit[k]==0)):
s672684637.py(22):         for k in range(30):
s672684637.py(23):             b = (i&(1<<k))>>k
s672684637.py(24):             if not ((bit[k]==1) or (b==0 and bit[k]==0)):
s672684637.py(22):         for k in range(30):
s672684637.py(23):             b = (i&(1<<k))>>k
s672684637.py(24):             if not ((bit[k]==1) or (b==0 and bit[k]==0)):
s672684637.py(22):         for k in range(30):
s672684637.py(23):             b = (i&(1<<k))>>k
s672684637.py(24):             if not ((bit[k]==1) or (b==0 and bit[k]==0)):
s672684637.py(22):         for k in range(30):
s672684637.py(23):             b = (i&(1<<k))>>k
s672684637.py(24):             if not ((bit[k]==1) or (b==0 and bit[k]==0)):
s672684637.py(22):         for k in range(30):
s672684637.py(23):             b = (i&(1<<k))>>k
s672684637.py(24):             if not ((bit[k]==1) or (b==0 and bit[k]==0)):
s672684637.py(22):         for k in range(30):
s672684637.py(23):             b = (i&(1<<k))>>k
s672684637.py(24):             if not ((bit[k]==1) or (b==0 and bit[k]==0)):
s672684637.py(22):         for k in range(30):
s672684637.py(27):             ans += j
s672684637.py(21):     for i, j in l:
s672684637.py(28):     return ans
s672684637.py(35):     for k in get_candidate(K):
s672684637.py(36):         ans = max(ans, get_ans(k, l))
 --- modulename: s672684637, funcname: get_ans
s672684637.py(16):     bit = [None]*30
s672684637.py(17):     for i in range(30):
s672684637.py(18):         bit[i] = (K&(1<<i))>>i
s672684637.py(17):     for i in range(30):
s672684637.py(18):         bit[i] = (K&(1<<i))>>i
s672684637.py(17):     for i in range(30):
s672684637.py(18):         bit[i] = (K&(1<<i))>>i
s672684637.py(17):     for i in range(30):
s672684637.py(18):         bit[i] = (K&(1<<i))>>i
s672684637.py(17):     for i in range(30):
s672684637.py(18):         bit[i] = (K&(1<<i))>>i
s672684637.py(17):     for i in range(30):
s672684637.py(18):         bit[i] = (K&(1<<i))>>i
s672684637.py(17):     for i in range(30):
s672684637.py(18):         bit[i] = (K&(1<<i))>>i
s672684637.py(17):     for i in range(30):
s672684637.py(18):         bit[i] = (K&(1<<i))>>i
s672684637.py(17):     for i in range(30):
s672684637.py(18):         bit[i] = (K&(1<<i))>>i
s672684637.py(17):     for i in range(30):
s672684637.py(18):         bit[i] = (K&(1<<i))>>i
s672684637.py(17):     for i in range(30):
s672684637.py(18):         bit[i] = (K&(1<<i))>>i
s672684637.py(17):     for i in range(30):
s672684637.py(18):         bit[i] = (K&(1<<i))>>i
s672684637.py(17):     for i in range(30):
s672684637.py(18):         bit[i] = (K&(1<<i))>>i
s672684637.py(17):     for i in range(30):
s672684637.py(18):         bit[i] = (K&(1<<i))>>i
s672684637.py(17):     for i in range(30):
s672684637.py(18):         bit[i] = (K&(1<<i))>>i
s672684637.py(17):     for i in range(30):
s672684637.py(18):         bit[i] = (K&(1<<i))>>i
s672684637.py(17):     for i in range(30):
s672684637.py(18):         bit[i] = (K&(1<<i))>>i
s672684637.py(17):     for i in range(30):
s672684637.py(18):         bit[i] = (K&(1<<i))>>i
s672684637.py(17):     for i in range(30):
s672684637.py(18):         bit[i] = (K&(1<<i))>>i
s672684637.py(17):     for i in range(30):
s672684637.py(18):         bit[i] = (K&(1<<i))>>i
s672684637.py(17):     for i in range(30):
s672684637.py(18):         bit[i] = (K&(1<<i))>>i
s672684637.py(17):     for i in range(30):
s672684637.py(18):         bit[i] = (K&(1<<i))>>i
s672684637.py(17):     for i in range(30):
s672684637.py(18):         bit[i] = (K&(1<<i))>>i
s672684637.py(17):     for i in range(30):
s672684637.py(18):         bit[i] = (K&(1<<i))>>i
s672684637.py(17):     for i in range(30):
s672684637.py(18):         bit[i] = (K&(1<<i))>>i
s672684637.py(17):     for i in range(30):
s672684637.py(18):         bit[i] = (K&(1<<i))>>i
s672684637.py(17):     for i in range(30):
s672684637.py(18):         bit[i] = (K&(1<<i))>>i
s672684637.py(17):     for i in range(30):
s672684637.py(18):         bit[i] = (K&(1<<i))>>i
s672684637.py(17):     for i in range(30):
s672684637.py(18):         bit[i] = (K&(1<<i))>>i
s672684637.py(17):     for i in range(30):
s672684637.py(18):         bit[i] = (K&(1<<i))>>i
s672684637.py(17):     for i in range(30):
s672684637.py(20):     ans = 0
s672684637.py(21):     for i, j in l:
s672684637.py(22):         for k in range(30):
s672684637.py(23):             b = (i&(1<<k))>>k
s672684637.py(24):             if not ((bit[k]==1) or (b==0 and bit[k]==0)):
s672684637.py(25):                 break
s672684637.py(21):     for i, j in l:
s672684637.py(22):         for k in range(30):
s672684637.py(23):             b = (i&(1<<k))>>k
s672684637.py(24):             if not ((bit[k]==1) or (b==0 and bit[k]==0)):
s672684637.py(22):         for k in range(30):
s672684637.py(23):             b = (i&(1<<k))>>k
s672684637.py(24):             if not ((bit[k]==1) or (b==0 and bit[k]==0)):
s672684637.py(22):         for k in range(30):
s672684637.py(23):             b = (i&(1<<k))>>k
s672684637.py(24):             if not ((bit[k]==1) or (b==0 and bit[k]==0)):
s672684637.py(22):         for k in range(30):
s672684637.py(23):             b = (i&(1<<k))>>k
s672684637.py(24):             if not ((bit[k]==1) or (b==0 and bit[k]==0)):
s672684637.py(22):         for k in range(30):
s672684637.py(23):             b = (i&(1<<k))>>k
s672684637.py(24):             if not ((bit[k]==1) or (b==0 and bit[k]==0)):
s672684637.py(22):         for k in range(30):
s672684637.py(23):             b = (i&(1<<k))>>k
s672684637.py(24):             if not ((bit[k]==1) or (b==0 and bit[k]==0)):
s672684637.py(22):         for k in range(30):
s672684637.py(23):             b = (i&(1<<k))>>k
s672684637.py(24):             if not ((bit[k]==1) or (b==0 and bit[k]==0)):
s672684637.py(22):         for k in range(30):
s672684637.py(23):             b = (i&(1<<k))>>k
s672684637.py(24):             if not ((bit[k]==1) or (b==0 and bit[k]==0)):
s672684637.py(22):         for k in range(30):
s672684637.py(23):             b = (i&(1<<k))>>k
s672684637.py(24):             if not ((bit[k]==1) or (b==0 and bit[k]==0)):
s672684637.py(22):         for k in range(30):
s672684637.py(23):             b = (i&(1<<k))>>k
s672684637.py(24):             if not ((bit[k]==1) or (b==0 and bit[k]==0)):
s672684637.py(22):         for k in range(30):
s672684637.py(23):             b = (i&(1<<k))>>k
s672684637.py(24):             if not ((bit[k]==1) or (b==0 and bit[k]==0)):
s672684637.py(22):         for k in range(30):
s672684637.py(23):             b = (i&(1<<k))>>k
s672684637.py(24):             if not ((bit[k]==1) or (b==0 and bit[k]==0)):
s672684637.py(22):         for k in range(30):
s672684637.py(23):             b = (i&(1<<k))>>k
s672684637.py(24):             if not ((bit[k]==1) or (b==0 and bit[k]==0)):
s672684637.py(22):         for k in range(30):
s672684637.py(23):             b = (i&(1<<k))>>k
s672684637.py(24):             if not ((bit[k]==1) or (b==0 and bit[k]==0)):
s672684637.py(22):         for k in range(30):
s672684637.py(23):             b = (i&(1<<k))>>k
s672684637.py(24):             if not ((bit[k]==1) or (b==0 and bit[k]==0)):
s672684637.py(22):         for k in range(30):
s672684637.py(23):             b = (i&(1<<k))>>k
s672684637.py(24):             if not ((bit[k]==1) or (b==0 and bit[k]==0)):
s672684637.py(22):         for k in range(30):
s672684637.py(23):             b = (i&(1<<k))>>k
s672684637.py(24):             if not ((bit[k]==1) or (b==0 and bit[k]==0)):
s672684637.py(22):         for k in range(30):
s672684637.py(23):             b = (i&(1<<k))>>k
s672684637.py(24):             if not ((bit[k]==1) or (b==0 and bit[k]==0)):
s672684637.py(22):         for k in range(30):
s672684637.py(23):             b = (i&(1<<k))>>k
s672684637.py(24):             if not ((bit[k]==1) or (b==0 and bit[k]==0)):
s672684637.py(22):         for k in range(30):
s672684637.py(23):             b = (i&(1<<k))>>k
s672684637.py(24):             if not ((bit[k]==1) or (b==0 and bit[k]==0)):
s672684637.py(22):         for k in range(30):
s672684637.py(23):             b = (i&(1<<k))>>k
s672684637.py(24):             if not ((bit[k]==1) or (b==0 and bit[k]==0)):
s672684637.py(22):         for k in range(30):
s672684637.py(23):             b = (i&(1<<k))>>k
s672684637.py(24):             if not ((bit[k]==1) or (b==0 and bit[k]==0)):
s672684637.py(22):         for k in range(30):
s672684637.py(23):             b = (i&(1<<k))>>k
s672684637.py(24):             if not ((bit[k]==1) or (b==0 and bit[k]==0)):
s672684637.py(22):         for k in range(30):
s672684637.py(23):             b = (i&(1<<k))>>k
s672684637.py(24):             if not ((bit[k]==1) or (b==0 and bit[k]==0)):
s672684637.py(22):         for k in range(30):
s672684637.py(23):             b = (i&(1<<k))>>k
s672684637.py(24):             if not ((bit[k]==1) or (b==0 and bit[k]==0)):
s672684637.py(22):         for k in range(30):
s672684637.py(23):             b = (i&(1<<k))>>k
s672684637.py(24):             if not ((bit[k]==1) or (b==0 and bit[k]==0)):
s672684637.py(22):         for k in range(30):
s672684637.py(23):             b = (i&(1<<k))>>k
s672684637.py(24):             if not ((bit[k]==1) or (b==0 and bit[k]==0)):
s672684637.py(22):         for k in range(30):
s672684637.py(23):             b = (i&(1<<k))>>k
s672684637.py(24):             if not ((bit[k]==1) or (b==0 and bit[k]==0)):
s672684637.py(22):         for k in range(30):
s672684637.py(23):             b = (i&(1<<k))>>k
s672684637.py(24):             if not ((bit[k]==1) or (b==0 and bit[k]==0)):
s672684637.py(22):         for k in range(30):
s672684637.py(23):             b = (i&(1<<k))>>k
s672684637.py(24):             if not ((bit[k]==1) or (b==0 and bit[k]==0)):
s672684637.py(22):         for k in range(30):
s672684637.py(27):             ans += j
s672684637.py(21):     for i, j in l:
s672684637.py(22):         for k in range(30):
s672684637.py(23):             b = (i&(1<<k))>>k
s672684637.py(24):             if not ((bit[k]==1) or (b==0 and bit[k]==0)):
s672684637.py(22):         for k in range(30):
s672684637.py(23):             b = (i&(1<<k))>>k
s672684637.py(24):             if not ((bit[k]==1) or (b==0 and bit[k]==0)):
s672684637.py(25):                 break
s672684637.py(21):     for i, j in l:
s672684637.py(28):     return ans
s672684637.py(35):     for k in get_candidate(K):
s672684637.py(36):         ans = max(ans, get_ans(k, l))
 --- modulename: s672684637, funcname: get_ans
s672684637.py(16):     bit = [None]*30
s672684637.py(17):     for i in range(30):
s672684637.py(18):         bit[i] = (K&(1<<i))>>i
s672684637.py(17):     for i in range(30):
s672684637.py(18):         bit[i] = (K&(1<<i))>>i
s672684637.py(17):     for i in range(30):
s672684637.py(18):         bit[i] = (K&(1<<i))>>i
s672684637.py(17):     for i in range(30):
s672684637.py(18):         bit[i] = (K&(1<<i))>>i
s672684637.py(17):     for i in range(30):
s672684637.py(18):         bit[i] = (K&(1<<i))>>i
s672684637.py(17):     for i in range(30):
s672684637.py(18):         bit[i] = (K&(1<<i))>>i
s672684637.py(17):     for i in range(30):
s672684637.py(18):         bit[i] = (K&(1<<i))>>i
s672684637.py(17):     for i in range(30):
s672684637.py(18):         bit[i] = (K&(1<<i))>>i
s672684637.py(17):     for i in range(30):
s672684637.py(18):         bit[i] = (K&(1<<i))>>i
s672684637.py(17):     for i in range(30):
s672684637.py(18):         bit[i] = (K&(1<<i))>>i
s672684637.py(17):     for i in range(30):
s672684637.py(18):         bit[i] = (K&(1<<i))>>i
s672684637.py(17):     for i in range(30):
s672684637.py(18):         bit[i] = (K&(1<<i))>>i
s672684637.py(17):     for i in range(30):
s672684637.py(18):         bit[i] = (K&(1<<i))>>i
s672684637.py(17):     for i in range(30):
s672684637.py(18):         bit[i] = (K&(1<<i))>>i
s672684637.py(17):     for i in range(30):
s672684637.py(18):         bit[i] = (K&(1<<i))>>i
s672684637.py(17):     for i in range(30):
s672684637.py(18):         bit[i] = (K&(1<<i))>>i
s672684637.py(17):     for i in range(30):
s672684637.py(18):         bit[i] = (K&(1<<i))>>i
s672684637.py(17):     for i in range(30):
s672684637.py(18):         bit[i] = (K&(1<<i))>>i
s672684637.py(17):     for i in range(30):
s672684637.py(18):         bit[i] = (K&(1<<i))>>i
s672684637.py(17):     for i in range(30):
s672684637.py(18):         bit[i] = (K&(1<<i))>>i
s672684637.py(17):     for i in range(30):
s672684637.py(18):         bit[i] = (K&(1<<i))>>i
s672684637.py(17):     for i in range(30):
s672684637.py(18):         bit[i] = (K&(1<<i))>>i
s672684637.py(17):     for i in range(30):
s672684637.py(18):         bit[i] = (K&(1<<i))>>i
s672684637.py(17):     for i in range(30):
s672684637.py(18):         bit[i] = (K&(1<<i))>>i
s672684637.py(17):     for i in range(30):
s672684637.py(18):         bit[i] = (K&(1<<i))>>i
s672684637.py(17):     for i in range(30):
s672684637.py(18):         bit[i] = (K&(1<<i))>>i
s672684637.py(17):     for i in range(30):
s672684637.py(18):         bit[i] = (K&(1<<i))>>i
s672684637.py(17):     for i in range(30):
s672684637.py(18):         bit[i] = (K&(1<<i))>>i
s672684637.py(17):     for i in range(30):
s672684637.py(18):         bit[i] = (K&(1<<i))>>i
s672684637.py(17):     for i in range(30):
s672684637.py(18):         bit[i] = (K&(1<<i))>>i
s672684637.py(17):     for i in range(30):
s672684637.py(20):     ans = 0
s672684637.py(21):     for i, j in l:
s672684637.py(22):         for k in range(30):
s672684637.py(23):             b = (i&(1<<k))>>k
s672684637.py(24):             if not ((bit[k]==1) or (b==0 and bit[k]==0)):
s672684637.py(22):         for k in range(30):
s672684637.py(23):             b = (i&(1<<k))>>k
s672684637.py(24):             if not ((bit[k]==1) or (b==0 and bit[k]==0)):
s672684637.py(25):                 break
s672684637.py(21):     for i, j in l:
s672684637.py(22):         for k in range(30):
s672684637.py(23):             b = (i&(1<<k))>>k
s672684637.py(24):             if not ((bit[k]==1) or (b==0 and bit[k]==0)):
s672684637.py(22):         for k in range(30):
s672684637.py(23):             b = (i&(1<<k))>>k
s672684637.py(24):             if not ((bit[k]==1) or (b==0 and bit[k]==0)):
s672684637.py(22):         for k in range(30):
s672684637.py(23):             b = (i&(1<<k))>>k
s672684637.py(24):             if not ((bit[k]==1) or (b==0 and bit[k]==0)):
s672684637.py(22):         for k in range(30):
s672684637.py(23):             b = (i&(1<<k))>>k
s672684637.py(24):             if not ((bit[k]==1) or (b==0 and bit[k]==0)):
s672684637.py(22):         for k in range(30):
s672684637.py(23):             b = (i&(1<<k))>>k
s672684637.py(24):             if not ((bit[k]==1) or (b==0 and bit[k]==0)):
s672684637.py(22):         for k in range(30):
s672684637.py(23):             b = (i&(1<<k))>>k
s672684637.py(24):             if not ((bit[k]==1) or (b==0 and bit[k]==0)):
s672684637.py(22):         for k in range(30):
s672684637.py(23):             b = (i&(1<<k))>>k
s672684637.py(24):             if not ((bit[k]==1) or (b==0 and bit[k]==0)):
s672684637.py(22):         for k in range(30):
s672684637.py(23):             b = (i&(1<<k))>>k
s672684637.py(24):             if not ((bit[k]==1) or (b==0 and bit[k]==0)):
s672684637.py(22):         for k in range(30):
s672684637.py(23):             b = (i&(1<<k))>>k
s672684637.py(24):             if not ((bit[k]==1) or (b==0 and bit[k]==0)):
s672684637.py(22):         for k in range(30):
s672684637.py(23):             b = (i&(1<<k))>>k
s672684637.py(24):             if not ((bit[k]==1) or (b==0 and bit[k]==0)):
s672684637.py(22):         for k in range(30):
s672684637.py(23):             b = (i&(1<<k))>>k
s672684637.py(24):             if not ((bit[k]==1) or (b==0 and bit[k]==0)):
s672684637.py(22):         for k in range(30):
s672684637.py(23):             b = (i&(1<<k))>>k
s672684637.py(24):             if not ((bit[k]==1) or (b==0 and bit[k]==0)):
s672684637.py(22):         for k in range(30):
s672684637.py(23):             b = (i&(1<<k))>>k
s672684637.py(24):             if not ((bit[k]==1) or (b==0 and bit[k]==0)):
s672684637.py(22):         for k in range(30):
s672684637.py(23):             b = (i&(1<<k))>>k
s672684637.py(24):             if not ((bit[k]==1) or (b==0 and bit[k]==0)):
s672684637.py(22):         for k in range(30):
s672684637.py(23):             b = (i&(1<<k))>>k
s672684637.py(24):             if not ((bit[k]==1) or (b==0 and bit[k]==0)):
s672684637.py(22):         for k in range(30):
s672684637.py(23):             b = (i&(1<<k))>>k
s672684637.py(24):             if not ((bit[k]==1) or (b==0 and bit[k]==0)):
s672684637.py(22):         for k in range(30):
s672684637.py(23):             b = (i&(1<<k))>>k
s672684637.py(24):             if not ((bit[k]==1) or (b==0 and bit[k]==0)):
s672684637.py(22):         for k in range(30):
s672684637.py(23):             b = (i&(1<<k))>>k
s672684637.py(24):             if not ((bit[k]==1) or (b==0 and bit[k]==0)):
s672684637.py(22):         for k in range(30):
s672684637.py(23):             b = (i&(1<<k))>>k
s672684637.py(24):             if not ((bit[k]==1) or (b==0 and bit[k]==0)):
s672684637.py(22):         for k in range(30):
s672684637.py(23):             b = (i&(1<<k))>>k
s672684637.py(24):             if not ((bit[k]==1) or (b==0 and bit[k]==0)):
s672684637.py(22):         for k in range(30):
s672684637.py(23):             b = (i&(1<<k))>>k
s672684637.py(24):             if not ((bit[k]==1) or (b==0 and bit[k]==0)):
s672684637.py(22):         for k in range(30):
s672684637.py(23):             b = (i&(1<<k))>>k
s672684637.py(24):             if not ((bit[k]==1) or (b==0 and bit[k]==0)):
s672684637.py(22):         for k in range(30):
s672684637.py(23):             b = (i&(1<<k))>>k
s672684637.py(24):             if not ((bit[k]==1) or (b==0 and bit[k]==0)):
s672684637.py(22):         for k in range(30):
s672684637.py(23):             b = (i&(1<<k))>>k
s672684637.py(24):             if not ((bit[k]==1) or (b==0 and bit[k]==0)):
s672684637.py(22):         for k in range(30):
s672684637.py(23):             b = (i&(1<<k))>>k
s672684637.py(24):             if not ((bit[k]==1) or (b==0 and bit[k]==0)):
s672684637.py(22):         for k in range(30):
s672684637.py(23):             b = (i&(1<<k))>>k
s672684637.py(24):             if not ((bit[k]==1) or (b==0 and bit[k]==0)):
s672684637.py(22):         for k in range(30):
s672684637.py(23):             b = (i&(1<<k))>>k
s672684637.py(24):             if not ((bit[k]==1) or (b==0 and bit[k]==0)):
s672684637.py(22):         for k in range(30):
s672684637.py(23):             b = (i&(1<<k))>>k
s672684637.py(24):             if not ((bit[k]==1) or (b==0 and bit[k]==0)):
s672684637.py(22):         for k in range(30):
s672684637.py(23):             b = (i&(1<<k))>>k
s672684637.py(24):             if not ((bit[k]==1) or (b==0 and bit[k]==0)):
s672684637.py(22):         for k in range(30):
s672684637.py(23):             b = (i&(1<<k))>>k
s672684637.py(24):             if not ((bit[k]==1) or (b==0 and bit[k]==0)):
s672684637.py(22):         for k in range(30):
s672684637.py(27):             ans += j
s672684637.py(21):     for i, j in l:
s672684637.py(22):         for k in range(30):
s672684637.py(23):             b = (i&(1<<k))>>k
s672684637.py(24):             if not ((bit[k]==1) or (b==0 and bit[k]==0)):
s672684637.py(22):         for k in range(30):
s672684637.py(23):             b = (i&(1<<k))>>k
s672684637.py(24):             if not ((bit[k]==1) or (b==0 and bit[k]==0)):
s672684637.py(25):                 break
s672684637.py(21):     for i, j in l:
s672684637.py(28):     return ans
s672684637.py(35):     for k in get_candidate(K):
s672684637.py(37):     print(ans)
8
