 --- modulename: s672357854, funcname: <module>
s672357854.py(1): from collections import defaultdict
 --- modulename: _bootstrap, funcname: _handle_fromlist
<frozen importlib._bootstrap>(1043): <frozen importlib._bootstrap>(1044): <frozen importlib._bootstrap>(1051): <frozen importlib._bootstrap>(1055): <frozen importlib._bootstrap>(1043): <frozen importlib._bootstrap>(1067): s672357854.py(2): from heapq import heappop, heappush
s672357854.py(3): from itertools import combinations
s672357854.py(5): class Graph:
 --- modulename: s672357854, funcname: Graph
s672357854.py(5): class Graph:
s672357854.py(6):     def __init__(self, n, edges, weight=False):
s672357854.py(26):     def dijkstra(self, start, goal=None):  # O((n+m)log(n))
s672357854.py(57):     def warshall_floyd(self):  # O(n^3)
s672357854.py(73): n = int(input())
 --- modulename: codecs, funcname: getstate
codecs.py(333):         return (self.buffer, 0)
 --- modulename: codecs, funcname: decode
codecs.py(321):         data = self.buffer + input
codecs.py(322):         (result, consumed) = self._buffer_decode(data, self.errors, final)
codecs.py(324):         self.buffer = data[consumed:]
codecs.py(325):         return result
s672357854.py(74): A = [tuple(int(x) for x in input().split()) for _ in range(n)]
 --- modulename: s672357854, funcname: <listcomp>
s672357854.py(74): A = [tuple(int(x) for x in input().split()) for _ in range(n)]
 --- modulename: s672357854, funcname: <genexpr>
s672357854.py(74): A = [tuple(int(x) for x in input().split()) for _ in range(n)]
 --- modulename: s672357854, funcname: <genexpr>
s672357854.py(74): A = [tuple(int(x) for x in input().split()) for _ in range(n)]
 --- modulename: s672357854, funcname: <genexpr>
s672357854.py(74): A = [tuple(int(x) for x in input().split()) for _ in range(n)]
 --- modulename: s672357854, funcname: <genexpr>
s672357854.py(74): A = [tuple(int(x) for x in input().split()) for _ in range(n)]
s672357854.py(74): A = [tuple(int(x) for x in input().split()) for _ in range(n)]
 --- modulename: s672357854, funcname: <genexpr>
s672357854.py(74): A = [tuple(int(x) for x in input().split()) for _ in range(n)]
 --- modulename: s672357854, funcname: <genexpr>
s672357854.py(74): A = [tuple(int(x) for x in input().split()) for _ in range(n)]
 --- modulename: s672357854, funcname: <genexpr>
s672357854.py(74): A = [tuple(int(x) for x in input().split()) for _ in range(n)]
 --- modulename: s672357854, funcname: <genexpr>
s672357854.py(74): A = [tuple(int(x) for x in input().split()) for _ in range(n)]
s672357854.py(74): A = [tuple(int(x) for x in input().split()) for _ in range(n)]
 --- modulename: s672357854, funcname: <genexpr>
s672357854.py(74): A = [tuple(int(x) for x in input().split()) for _ in range(n)]
 --- modulename: s672357854, funcname: <genexpr>
s672357854.py(74): A = [tuple(int(x) for x in input().split()) for _ in range(n)]
 --- modulename: s672357854, funcname: <genexpr>
s672357854.py(74): A = [tuple(int(x) for x in input().split()) for _ in range(n)]
 --- modulename: s672357854, funcname: <genexpr>
s672357854.py(74): A = [tuple(int(x) for x in input().split()) for _ in range(n)]
s672357854.py(74): A = [tuple(int(x) for x in input().split()) for _ in range(n)]
s672357854.py(75): dist = []
s672357854.py(76): for i in range(n):
s672357854.py(77):     for j in range(n):
s672357854.py(78):         if i < j:
s672357854.py(77):     for j in range(n):
s672357854.py(78):         if i < j:
s672357854.py(79):             dist.append((i, j, A[i][j]))
s672357854.py(77):     for j in range(n):
s672357854.py(78):         if i < j:
s672357854.py(79):             dist.append((i, j, A[i][j]))
s672357854.py(77):     for j in range(n):
s672357854.py(76): for i in range(n):
s672357854.py(77):     for j in range(n):
s672357854.py(78):         if i < j:
s672357854.py(77):     for j in range(n):
s672357854.py(78):         if i < j:
s672357854.py(77):     for j in range(n):
s672357854.py(78):         if i < j:
s672357854.py(79):             dist.append((i, j, A[i][j]))
s672357854.py(77):     for j in range(n):
s672357854.py(76): for i in range(n):
s672357854.py(77):     for j in range(n):
s672357854.py(78):         if i < j:
s672357854.py(77):     for j in range(n):
s672357854.py(78):         if i < j:
s672357854.py(77):     for j in range(n):
s672357854.py(78):         if i < j:
s672357854.py(77):     for j in range(n):
s672357854.py(76): for i in range(n):
s672357854.py(81): G = Graph(n, dist, weight=True)
 --- modulename: s672357854, funcname: __init__
s672357854.py(7):         self.n = n
s672357854.py(8):         self.adj = [[] for _ in range(n)]
 --- modulename: s672357854, funcname: <listcomp>
s672357854.py(8):         self.adj = [[] for _ in range(n)]
s672357854.py(8):         self.adj = [[] for _ in range(n)]
s672357854.py(8):         self.adj = [[] for _ in range(n)]
s672357854.py(8):         self.adj = [[] for _ in range(n)]
s672357854.py(9):         self.degree = [0] * n
s672357854.py(10):         self.weight = defaultdict(lambda: 10**18)
s672357854.py(11):         if weight:
s672357854.py(12):             for u, v, weight in edges:
s672357854.py(13):                 self.adj[u].append(v)
s672357854.py(14):                 self.adj[v].append(u)
s672357854.py(15):                 self.degree[v] += 1
s672357854.py(16):                 self.weight[(u, v)] = weight
s672357854.py(17):                 self.weight[(v, u)] = weight
s672357854.py(12):             for u, v, weight in edges:
s672357854.py(13):                 self.adj[u].append(v)
s672357854.py(14):                 self.adj[v].append(u)
s672357854.py(15):                 self.degree[v] += 1
s672357854.py(16):                 self.weight[(u, v)] = weight
s672357854.py(17):                 self.weight[(v, u)] = weight
s672357854.py(12):             for u, v, weight in edges:
s672357854.py(13):                 self.adj[u].append(v)
s672357854.py(14):                 self.adj[v].append(u)
s672357854.py(15):                 self.degree[v] += 1
s672357854.py(16):                 self.weight[(u, v)] = weight
s672357854.py(17):                 self.weight[(v, u)] = weight
s672357854.py(12):             for u, v, weight in edges:
s672357854.py(82): wf = G.warshall_floyd()
 --- modulename: s672357854, funcname: warshall_floyd
s672357854.py(59):         INF = 10**18
s672357854.py(60):         dist = [[INF] * self.n for _ in range(self.n)]
 --- modulename: s672357854, funcname: <listcomp>
s672357854.py(60):         dist = [[INF] * self.n for _ in range(self.n)]
s672357854.py(60):         dist = [[INF] * self.n for _ in range(self.n)]
s672357854.py(60):         dist = [[INF] * self.n for _ in range(self.n)]
s672357854.py(60):         dist = [[INF] * self.n for _ in range(self.n)]
s672357854.py(61):         for u in range(self.n):
s672357854.py(62):             dist[u][u] = 0
s672357854.py(63):             for v in self.adj[u]:
s672357854.py(64):                 dist[u][v] = self.weight[(u, v)]
s672357854.py(63):             for v in self.adj[u]:
s672357854.py(64):                 dist[u][v] = self.weight[(u, v)]
s672357854.py(63):             for v in self.adj[u]:
s672357854.py(61):         for u in range(self.n):
s672357854.py(62):             dist[u][u] = 0
s672357854.py(63):             for v in self.adj[u]:
s672357854.py(64):                 dist[u][v] = self.weight[(u, v)]
s672357854.py(63):             for v in self.adj[u]:
s672357854.py(64):                 dist[u][v] = self.weight[(u, v)]
s672357854.py(63):             for v in self.adj[u]:
s672357854.py(61):         for u in range(self.n):
s672357854.py(62):             dist[u][u] = 0
s672357854.py(63):             for v in self.adj[u]:
s672357854.py(64):                 dist[u][v] = self.weight[(u, v)]
s672357854.py(63):             for v in self.adj[u]:
s672357854.py(64):                 dist[u][v] = self.weight[(u, v)]
s672357854.py(63):             for v in self.adj[u]:
s672357854.py(61):         for u in range(self.n):
s672357854.py(65):         for k in range(self.n):
s672357854.py(66):             for u in range(self.n):
s672357854.py(67):                 for v in range(self.n):
s672357854.py(68):                     dist[u][v] = min(dist[u][v], dist[u][k] + dist[k][v])
s672357854.py(67):                 for v in range(self.n):
s672357854.py(68):                     dist[u][v] = min(dist[u][v], dist[u][k] + dist[k][v])
s672357854.py(67):                 for v in range(self.n):
s672357854.py(68):                     dist[u][v] = min(dist[u][v], dist[u][k] + dist[k][v])
s672357854.py(67):                 for v in range(self.n):
s672357854.py(66):             for u in range(self.n):
s672357854.py(67):                 for v in range(self.n):
s672357854.py(68):                     dist[u][v] = min(dist[u][v], dist[u][k] + dist[k][v])
s672357854.py(67):                 for v in range(self.n):
s672357854.py(68):                     dist[u][v] = min(dist[u][v], dist[u][k] + dist[k][v])
s672357854.py(67):                 for v in range(self.n):
s672357854.py(68):                     dist[u][v] = min(dist[u][v], dist[u][k] + dist[k][v])
s672357854.py(67):                 for v in range(self.n):
s672357854.py(66):             for u in range(self.n):
s672357854.py(67):                 for v in range(self.n):
s672357854.py(68):                     dist[u][v] = min(dist[u][v], dist[u][k] + dist[k][v])
s672357854.py(67):                 for v in range(self.n):
s672357854.py(68):                     dist[u][v] = min(dist[u][v], dist[u][k] + dist[k][v])
s672357854.py(67):                 for v in range(self.n):
s672357854.py(68):                     dist[u][v] = min(dist[u][v], dist[u][k] + dist[k][v])
s672357854.py(67):                 for v in range(self.n):
s672357854.py(66):             for u in range(self.n):
s672357854.py(65):         for k in range(self.n):
s672357854.py(66):             for u in range(self.n):
s672357854.py(67):                 for v in range(self.n):
s672357854.py(68):                     dist[u][v] = min(dist[u][v], dist[u][k] + dist[k][v])
s672357854.py(67):                 for v in range(self.n):
s672357854.py(68):                     dist[u][v] = min(dist[u][v], dist[u][k] + dist[k][v])
s672357854.py(67):                 for v in range(self.n):
s672357854.py(68):                     dist[u][v] = min(dist[u][v], dist[u][k] + dist[k][v])
s672357854.py(67):                 for v in range(self.n):
s672357854.py(66):             for u in range(self.n):
s672357854.py(67):                 for v in range(self.n):
s672357854.py(68):                     dist[u][v] = min(dist[u][v], dist[u][k] + dist[k][v])
s672357854.py(67):                 for v in range(self.n):
s672357854.py(68):                     dist[u][v] = min(dist[u][v], dist[u][k] + dist[k][v])
s672357854.py(67):                 for v in range(self.n):
s672357854.py(68):                     dist[u][v] = min(dist[u][v], dist[u][k] + dist[k][v])
s672357854.py(67):                 for v in range(self.n):
s672357854.py(66):             for u in range(self.n):
s672357854.py(67):                 for v in range(self.n):
s672357854.py(68):                     dist[u][v] = min(dist[u][v], dist[u][k] + dist[k][v])
s672357854.py(67):                 for v in range(self.n):
s672357854.py(68):                     dist[u][v] = min(dist[u][v], dist[u][k] + dist[k][v])
s672357854.py(67):                 for v in range(self.n):
s672357854.py(68):                     dist[u][v] = min(dist[u][v], dist[u][k] + dist[k][v])
s672357854.py(67):                 for v in range(self.n):
s672357854.py(66):             for u in range(self.n):
s672357854.py(65):         for k in range(self.n):
s672357854.py(66):             for u in range(self.n):
s672357854.py(67):                 for v in range(self.n):
s672357854.py(68):                     dist[u][v] = min(dist[u][v], dist[u][k] + dist[k][v])
s672357854.py(67):                 for v in range(self.n):
s672357854.py(68):                     dist[u][v] = min(dist[u][v], dist[u][k] + dist[k][v])
s672357854.py(67):                 for v in range(self.n):
s672357854.py(68):                     dist[u][v] = min(dist[u][v], dist[u][k] + dist[k][v])
s672357854.py(67):                 for v in range(self.n):
s672357854.py(66):             for u in range(self.n):
s672357854.py(67):                 for v in range(self.n):
s672357854.py(68):                     dist[u][v] = min(dist[u][v], dist[u][k] + dist[k][v])
s672357854.py(67):                 for v in range(self.n):
s672357854.py(68):                     dist[u][v] = min(dist[u][v], dist[u][k] + dist[k][v])
s672357854.py(67):                 for v in range(self.n):
s672357854.py(68):                     dist[u][v] = min(dist[u][v], dist[u][k] + dist[k][v])
s672357854.py(67):                 for v in range(self.n):
s672357854.py(66):             for u in range(self.n):
s672357854.py(67):                 for v in range(self.n):
s672357854.py(68):                     dist[u][v] = min(dist[u][v], dist[u][k] + dist[k][v])
s672357854.py(67):                 for v in range(self.n):
s672357854.py(68):                     dist[u][v] = min(dist[u][v], dist[u][k] + dist[k][v])
s672357854.py(67):                 for v in range(self.n):
s672357854.py(68):                     dist[u][v] = min(dist[u][v], dist[u][k] + dist[k][v])
s672357854.py(67):                 for v in range(self.n):
s672357854.py(66):             for u in range(self.n):
s672357854.py(65):         for k in range(self.n):
s672357854.py(69):         return dist
s672357854.py(84): for i in range(n):
s672357854.py(85):     for j in range(n):
s672357854.py(86):         if A[i][j] != wf[i][j]:
s672357854.py(85):     for j in range(n):
s672357854.py(86):         if A[i][j] != wf[i][j]:
s672357854.py(85):     for j in range(n):
s672357854.py(86):         if A[i][j] != wf[i][j]:
s672357854.py(85):     for j in range(n):
s672357854.py(84): for i in range(n):
s672357854.py(85):     for j in range(n):
s672357854.py(86):         if A[i][j] != wf[i][j]:
s672357854.py(85):     for j in range(n):
s672357854.py(86):         if A[i][j] != wf[i][j]:
s672357854.py(85):     for j in range(n):
s672357854.py(86):         if A[i][j] != wf[i][j]:
s672357854.py(85):     for j in range(n):
s672357854.py(84): for i in range(n):
s672357854.py(85):     for j in range(n):
s672357854.py(86):         if A[i][j] != wf[i][j]:
s672357854.py(85):     for j in range(n):
s672357854.py(86):         if A[i][j] != wf[i][j]:
s672357854.py(85):     for j in range(n):
s672357854.py(86):         if A[i][j] != wf[i][j]:
s672357854.py(85):     for j in range(n):
s672357854.py(84): for i in range(n):
s672357854.py(90): ans = 0
s672357854.py(91): for i, j in combinations(range(n), 2):
s672357854.py(92):     for k in range(n):
s672357854.py(93):         if i == k or j == k:
s672357854.py(92):     for k in range(n):
s672357854.py(93):         if i == k or j == k:
s672357854.py(94):             continue
s672357854.py(92):     for k in range(n):
s672357854.py(93):         if i == k or j == k:
s672357854.py(95):         if A[i][j] == A[i][k] + A[k][j]:
s672357854.py(92):     for k in range(n):
s672357854.py(98):         ans += A[i][j]
s672357854.py(91): for i, j in combinations(range(n), 2):
s672357854.py(92):     for k in range(n):
s672357854.py(93):         if i == k or j == k:
s672357854.py(92):     for k in range(n):
s672357854.py(93):         if i == k or j == k:
s672357854.py(95):         if A[i][j] == A[i][k] + A[k][j]:
s672357854.py(96):             break
s672357854.py(91): for i, j in combinations(range(n), 2):
s672357854.py(92):     for k in range(n):
s672357854.py(93):         if i == k or j == k:
s672357854.py(95):         if A[i][j] == A[i][k] + A[k][j]:
s672357854.py(92):     for k in range(n):
s672357854.py(93):         if i == k or j == k:
s672357854.py(92):     for k in range(n):
s672357854.py(93):         if i == k or j == k:
s672357854.py(94):             continue
s672357854.py(92):     for k in range(n):
s672357854.py(98):         ans += A[i][j]
s672357854.py(91): for i, j in combinations(range(n), 2):
s672357854.py(100): print(ans)
3
