 --- modulename: s676760882, funcname: <module>
s676760882.py(3): class WeightedUnionFind:
 --- modulename: s676760882, funcname: WeightedUnionFind
s676760882.py(3): class WeightedUnionFind:
s676760882.py(4):     def __init__(self, n):
s676760882.py(11):     def find(self, x):
s676760882.py(22):     def union(self, x, y, w):
s676760882.py(38):     def same(self, x, y):
s676760882.py(42):     def diff(self, x, y):
s676760882.py(48): N, M = map(int, input().split())
 --- modulename: codecs, funcname: getstate
codecs.py(333):         return (self.buffer, 0)
 --- modulename: codecs, funcname: decode
codecs.py(321):         data = self.buffer + input
codecs.py(322):         (result, consumed) = self._buffer_decode(data, self.errors, final)
codecs.py(324):         self.buffer = data[consumed:]
codecs.py(325):         return result
s676760882.py(49): wuf = WeightedUnionFind(N)
 --- modulename: s676760882, funcname: __init__
s676760882.py(5):         self.par = [i for i in range(n + 1)]
 --- modulename: s676760882, funcname: <listcomp>
s676760882.py(5):         self.par = [i for i in range(n + 1)]
s676760882.py(5):         self.par = [i for i in range(n + 1)]
s676760882.py(5):         self.par = [i for i in range(n + 1)]
s676760882.py(5):         self.par = [i for i in range(n + 1)]
s676760882.py(5):         self.par = [i for i in range(n + 1)]
s676760882.py(6):         self.rank = [0] * (n + 1)
s676760882.py(8):         self.weight = [0] * (n + 1)
s676760882.py(51): for _ in range(M):
s676760882.py(52):     l, r, d = map(int, input().split())
s676760882.py(53):     if wuf.same(l, r):
 --- modulename: s676760882, funcname: same
s676760882.py(39):         return self.find(x) == self.find(y)
 --- modulename: s676760882, funcname: find
s676760882.py(12):         if self.par[x] == x:
s676760882.py(13):             return x
 --- modulename: s676760882, funcname: find
s676760882.py(12):         if self.par[x] == x:
s676760882.py(13):             return x
s676760882.py(60):         wuf.union(l, r, d)
 --- modulename: s676760882, funcname: union
s676760882.py(23):         rx = self.find(x)
 --- modulename: s676760882, funcname: find
s676760882.py(12):         if self.par[x] == x:
s676760882.py(13):             return x
s676760882.py(24):         ry = self.find(y)
 --- modulename: s676760882, funcname: find
s676760882.py(12):         if self.par[x] == x:
s676760882.py(13):             return x
s676760882.py(26):         if self.rank[rx] < self.rank[ry]:
s676760882.py(31):             self.par[ry] = rx
s676760882.py(32):             self.weight[ry] = -w - self.weight[y] + self.weight[x]
s676760882.py(34):             if self.rank[rx] == self.rank[ry]:
s676760882.py(35):                 self.rank[rx] += 1
s676760882.py(51): for _ in range(M):
s676760882.py(52):     l, r, d = map(int, input().split())
s676760882.py(53):     if wuf.same(l, r):
 --- modulename: s676760882, funcname: same
s676760882.py(39):         return self.find(x) == self.find(y)
 --- modulename: s676760882, funcname: find
s676760882.py(12):         if self.par[x] == x:
s676760882.py(15):             y = self.find(self.par[x])
 --- modulename: s676760882, funcname: find
s676760882.py(12):         if self.par[x] == x:
s676760882.py(13):             return x
s676760882.py(17):             self.weight[x] += self.weight[self.par[x]]
s676760882.py(18):             self.par[x] = y
s676760882.py(19):             return y
 --- modulename: s676760882, funcname: find
s676760882.py(12):         if self.par[x] == x:
s676760882.py(13):             return x
s676760882.py(60):         wuf.union(l, r, d)
 --- modulename: s676760882, funcname: union
s676760882.py(23):         rx = self.find(x)
 --- modulename: s676760882, funcname: find
s676760882.py(12):         if self.par[x] == x:
s676760882.py(15):             y = self.find(self.par[x])
 --- modulename: s676760882, funcname: find
s676760882.py(12):         if self.par[x] == x:
s676760882.py(13):             return x
s676760882.py(17):             self.weight[x] += self.weight[self.par[x]]
s676760882.py(18):             self.par[x] = y
s676760882.py(19):             return y
s676760882.py(24):         ry = self.find(y)
 --- modulename: s676760882, funcname: find
s676760882.py(12):         if self.par[x] == x:
s676760882.py(13):             return x
s676760882.py(26):         if self.rank[rx] < self.rank[ry]:
s676760882.py(31):             self.par[ry] = rx
s676760882.py(32):             self.weight[ry] = -w - self.weight[y] + self.weight[x]
s676760882.py(34):             if self.rank[rx] == self.rank[ry]:
s676760882.py(51): for _ in range(M):
s676760882.py(52):     l, r, d = map(int, input().split())
s676760882.py(53):     if wuf.same(l, r):
 --- modulename: s676760882, funcname: same
s676760882.py(39):         return self.find(x) == self.find(y)
 --- modulename: s676760882, funcname: find
s676760882.py(12):         if self.par[x] == x:
s676760882.py(13):             return x
 --- modulename: s676760882, funcname: find
s676760882.py(12):         if self.par[x] == x:
s676760882.py(15):             y = self.find(self.par[x])
 --- modulename: s676760882, funcname: find
s676760882.py(12):         if self.par[x] == x:
s676760882.py(13):             return x
s676760882.py(17):             self.weight[x] += self.weight[self.par[x]]
s676760882.py(18):             self.par[x] = y
s676760882.py(19):             return y
s676760882.py(55):         if wuf.diff(l, r) != d:
 --- modulename: s676760882, funcname: diff
s676760882.py(43):         return self.weight[x] - self.weight[y]
s676760882.py(51): for _ in range(M):
s676760882.py(62): print("Yes")
Yes
