 --- modulename: s681321624, funcname: <module>
s681321624.py(3): import sys
s681321624.py(5): def input(): return sys.stdin.readline().strip()
s681321624.py(6): def list2d(a, b, c): return [[c] * b for i in range(a)]
s681321624.py(7): def list3d(a, b, c, d): return [[[d] * c for j in range(b)] for i in range(a)]
s681321624.py(8): def list4d(a, b, c, d, e): return [[[[e] * d for j in range(c)] for j in range(b)] for i in range(a)]
s681321624.py(9): def ceil(x, y=1): return int(-(-x // y))
s681321624.py(10): def INT(): return int(input())
s681321624.py(11): def MAP(): return map(int, input().split())
s681321624.py(12): def LIST(N=None): return list(MAP()) if N is None else [INT() for i in range(N)]
s681321624.py(13): def Yes(): print('Yes')
s681321624.py(14): def No(): print('No')
s681321624.py(15): def YES(): print('YES')
s681321624.py(16): def NO(): print('NO')
s681321624.py(17): sys.setrecursionlimit(10 ** 9)
s681321624.py(18): INF = 10 ** 18
s681321624.py(19): MOD = 10 ** 9 + 7
s681321624.py(21): class ModTools:
 --- modulename: s681321624, funcname: ModTools
s681321624.py(21): class ModTools:
s681321624.py(22):     """ 階乗たくさん使う時用のテーブル準備 """
s681321624.py(24):     def __init__(self, MAX, MOD):
s681321624.py(45):     def nCr(self, n, r):
s681321624.py(57): H, W, K = MAP()
 --- modulename: s681321624, funcname: MAP
s681321624.py(11): def MAP(): return map(int, input().split())
 --- modulename: s681321624, funcname: input
s681321624.py(5): def input(): return sys.stdin.readline().strip()
 --- modulename: codecs, funcname: getstate
codecs.py(333):         return (self.buffer, 0)
 --- modulename: codecs, funcname: decode
codecs.py(321):         data = self.buffer + input
codecs.py(322):         (result, consumed) = self._buffer_decode(data, self.errors, final)
codecs.py(324):         self.buffer = data[consumed:]
codecs.py(325):         return result
s681321624.py(59): N = H * W
s681321624.py(60): mt = ModTools(N, MOD)
 --- modulename: s681321624, funcname: __init__
s681321624.py(27):         MAX += 1
s681321624.py(28):         self.MAX = MAX
s681321624.py(29):         self.MOD = MOD
s681321624.py(31):         factorial = [1] * MAX
s681321624.py(32):         factorial[0] = factorial[1] = 1
s681321624.py(33):         for i in range(2, MAX):
s681321624.py(34):             factorial[i] = factorial[i-1] * i % MOD
s681321624.py(33):         for i in range(2, MAX):
s681321624.py(34):             factorial[i] = factorial[i-1] * i % MOD
s681321624.py(33):         for i in range(2, MAX):
s681321624.py(34):             factorial[i] = factorial[i-1] * i % MOD
s681321624.py(33):         for i in range(2, MAX):
s681321624.py(36):         inverse = [1] * MAX
s681321624.py(38):         inverse[MAX-1] = pow(factorial[MAX-1], MOD-2, MOD)
s681321624.py(39):         for i in range(MAX-2, 0, -1):
s681321624.py(41):             inverse[i] = inverse[i+1] * (i+1) % MOD
s681321624.py(39):         for i in range(MAX-2, 0, -1):
s681321624.py(41):             inverse[i] = inverse[i+1] * (i+1) % MOD
s681321624.py(39):         for i in range(MAX-2, 0, -1):
s681321624.py(41):             inverse[i] = inverse[i+1] * (i+1) % MOD
s681321624.py(39):         for i in range(MAX-2, 0, -1):
s681321624.py(42):         self.fact = factorial
s681321624.py(43):         self.inv = inverse
s681321624.py(62): ansh = 0
s681321624.py(63): for i in range(1, H+1):
s681321624.py(64):     ansh += i * (H-i) * pow(W, 2, MOD)
s681321624.py(65):     ansh %= MOD
s681321624.py(63): for i in range(1, H+1):
s681321624.py(64):     ansh += i * (H-i) * pow(W, 2, MOD)
s681321624.py(65):     ansh %= MOD
s681321624.py(63): for i in range(1, H+1):
s681321624.py(66): ansh *= mt.nCr(N-2, K-2)
 --- modulename: s681321624, funcname: nCr
s681321624.py(48):         if n < r: return 0
s681321624.py(50):         r = min(r, n-r)
s681321624.py(52):         numerator = self.fact[n]
s681321624.py(54):         denominator = self.inv[r] * self.inv[n-r] % self.MOD
s681321624.py(55):         return numerator * denominator % self.MOD
s681321624.py(67): ansh %= MOD
s681321624.py(69): answ = 0
s681321624.py(70): for i in range(1, W+1):
s681321624.py(71):     answ += i * (W-i) * pow(H, 2, MOD)
s681321624.py(72):     answ %= MOD
s681321624.py(70): for i in range(1, W+1):
s681321624.py(71):     answ += i * (W-i) * pow(H, 2, MOD)
s681321624.py(72):     answ %= MOD
s681321624.py(70): for i in range(1, W+1):
s681321624.py(73): answ *= mt.nCr(N-2, K-2)
 --- modulename: s681321624, funcname: nCr
s681321624.py(48):         if n < r: return 0
s681321624.py(50):         r = min(r, n-r)
s681321624.py(52):         numerator = self.fact[n]
s681321624.py(54):         denominator = self.inv[r] * self.inv[n-r] % self.MOD
s681321624.py(55):         return numerator * denominator % self.MOD
s681321624.py(74): answ %= MOD
s681321624.py(76): print((ansh + answ) % MOD)
8
