 --- modulename: s687426733, funcname: <module>
s687426733.py(3): import sys
s687426733.py(5): debug = False
s687426733.py(7): def log(text):
s687426733.py(11): def parse_input(lines_as_string = None):
s687426733.py(30): def solve(a, p):
s687426733.py(38): def main():
s687426733.py(43): if __name__ == '__main__':
s687426733.py(45):     main()
 --- modulename: s687426733, funcname: main
s687426733.py(41):     print("%s" % solve(*parse_input()))
 --- modulename: s687426733, funcname: parse_input
s687426733.py(14):     lines = []
s687426733.py(15):     if lines_as_string is None:
s687426733.py(16):         debug = False
s687426733.py(17):         lines.append(input())
 --- modulename: codecs, funcname: getstate
codecs.py(333):         return (self.buffer, 0)
 --- modulename: codecs, funcname: decode
codecs.py(321):         data = self.buffer + input
codecs.py(322):         (result, consumed) = self._buffer_decode(data, self.errors, final)
codecs.py(324):         self.buffer = data[consumed:]
codecs.py(325):         return result
s687426733.py(23):     token = lines[0].split()
s687426733.py(24):     a = int(token[0])
s687426733.py(25):     p = int(token[1])
s687426733.py(27):     return (a, p)
 --- modulename: s687426733, funcname: solve
s687426733.py(33):     return int((3 * a + p) / 2)
3
