 --- modulename: s688623985, funcname: <module>
s688623985.py(1): import sys
s688623985.py(3): input_methods=['clipboard','file','key']
s688623985.py(4): using_method=0
s688623985.py(5): input_method=input_methods[using_method]
s688623985.py(7): IN=lambda : map(int, input().split())
s688623985.py(8): mod=1000000007
s688623985.py(12): def main():
s688623985.py(25): isTest=False
s688623985.py(27): def pa(v):
s688623985.py(31): def input_clipboard():
s688623985.py(38): if __name__ == "__main__":
s688623985.py(39): 	if sys.platform =='ios':
s688623985.py(52): 	ret = main()
 --- modulename: s688623985, funcname: main
s688623985.py(14): 	n,l = IN()
 --- modulename: s688623985, funcname: <lambda>
s688623985.py(7): IN=lambda : map(int, input().split())
 --- modulename: codecs, funcname: getstate
codecs.py(333):         return (self.buffer, 0)
 --- modulename: codecs, funcname: decode
codecs.py(321):         data = self.buffer + input
codecs.py(322):         (result, consumed) = self._buffer_decode(data, self.errors, final)
codecs.py(324):         self.buffer = data[consumed:]
codecs.py(325):         return result
s688623985.py(15): 	ss=[]
s688623985.py(16): 	for _ in range(n):
s688623985.py(17): 		s = input()
s688623985.py(18): 		ss.append(s)
s688623985.py(16): 	for _ in range(n):
s688623985.py(17): 		s = input()
s688623985.py(18): 		ss.append(s)
s688623985.py(16): 	for _ in range(n):
s688623985.py(17): 		s = input()
s688623985.py(18): 		ss.append(s)
s688623985.py(16): 	for _ in range(n):
s688623985.py(19): 	ss.sort()
s688623985.py(20): 	return ''.join(ss)
s688623985.py(53): 	if ret is not None:
s688623985.py(54): 		print(ret)
axxcxxdxx
