 --- modulename: s816624428, funcname: <module>
s816624428.py(1): INF = 10**10
s816624428.py(2): N,M=map(int,input().split())
 --- modulename: codecs, funcname: getstate
codecs.py(333):         return (self.buffer, 0)
 --- modulename: codecs, funcname: decode
codecs.py(321):         data = self.buffer + input
codecs.py(322):         (result, consumed) = self._buffer_decode(data, self.errors, final)
codecs.py(324):         self.buffer = data[consumed:]
codecs.py(325):         return result
s816624428.py(3): e=[]
s816624428.py(4): w=[[INF for j in range(N)]for i in range(N)]
 --- modulename: s816624428, funcname: <listcomp>
s816624428.py(4): w=[[INF for j in range(N)]for i in range(N)]
 --- modulename: s816624428, funcname: <listcomp>
s816624428.py(4): w=[[INF for j in range(N)]for i in range(N)]
s816624428.py(4): w=[[INF for j in range(N)]for i in range(N)]
s816624428.py(4): w=[[INF for j in range(N)]for i in range(N)]
s816624428.py(4): w=[[INF for j in range(N)]for i in range(N)]
s816624428.py(4): w=[[INF for j in range(N)]for i in range(N)]
 --- modulename: s816624428, funcname: <listcomp>
s816624428.py(4): w=[[INF for j in range(N)]for i in range(N)]
s816624428.py(4): w=[[INF for j in range(N)]for i in range(N)]
s816624428.py(4): w=[[INF for j in range(N)]for i in range(N)]
s816624428.py(4): w=[[INF for j in range(N)]for i in range(N)]
s816624428.py(4): w=[[INF for j in range(N)]for i in range(N)]
 --- modulename: s816624428, funcname: <listcomp>
s816624428.py(4): w=[[INF for j in range(N)]for i in range(N)]
s816624428.py(4): w=[[INF for j in range(N)]for i in range(N)]
s816624428.py(4): w=[[INF for j in range(N)]for i in range(N)]
s816624428.py(4): w=[[INF for j in range(N)]for i in range(N)]
s816624428.py(4): w=[[INF for j in range(N)]for i in range(N)]
s816624428.py(5): for _ in range(M):
s816624428.py(6):     a,b,c = map(int,input().split())
s816624428.py(7):     w[a-1][b-1]=c
s816624428.py(8):     w[b-1][a-1]=c
s816624428.py(9):     e.append((a-1,b-1,c))
s816624428.py(5): for _ in range(M):
s816624428.py(6):     a,b,c = map(int,input().split())
s816624428.py(7):     w[a-1][b-1]=c
s816624428.py(8):     w[b-1][a-1]=c
s816624428.py(9):     e.append((a-1,b-1,c))
s816624428.py(5): for _ in range(M):
s816624428.py(6):     a,b,c = map(int,input().split())
s816624428.py(7):     w[a-1][b-1]=c
s816624428.py(8):     w[b-1][a-1]=c
s816624428.py(9):     e.append((a-1,b-1,c))
s816624428.py(5): for _ in range(M):
s816624428.py(11): class lheapq():
 --- modulename: s816624428, funcname: lheapq
s816624428.py(11): class lheapq():
s816624428.py(13):     def __init__(self,p):
s816624428.py(19):     def heappush(self,a):
s816624428.py(29):     def heappop(self):
s816624428.py(61):     def isnotblank(self):
s816624428.py(65): def dijkstra(s,g,N,e):
s816624428.py(80): for k in range(N):
s816624428.py(81):     for i in range(N):
s816624428.py(82):         for j in range(N):
s816624428.py(83):             w[i][j] = min(w[i][j],w[i][k]+w[k][j])
s816624428.py(82):         for j in range(N):
s816624428.py(83):             w[i][j] = min(w[i][j],w[i][k]+w[k][j])
s816624428.py(82):         for j in range(N):
s816624428.py(83):             w[i][j] = min(w[i][j],w[i][k]+w[k][j])
s816624428.py(82):         for j in range(N):
s816624428.py(81):     for i in range(N):
s816624428.py(82):         for j in range(N):
s816624428.py(83):             w[i][j] = min(w[i][j],w[i][k]+w[k][j])
s816624428.py(82):         for j in range(N):
s816624428.py(83):             w[i][j] = min(w[i][j],w[i][k]+w[k][j])
s816624428.py(82):         for j in range(N):
s816624428.py(83):             w[i][j] = min(w[i][j],w[i][k]+w[k][j])
s816624428.py(82):         for j in range(N):
s816624428.py(81):     for i in range(N):
s816624428.py(82):         for j in range(N):
s816624428.py(83):             w[i][j] = min(w[i][j],w[i][k]+w[k][j])
s816624428.py(82):         for j in range(N):
s816624428.py(83):             w[i][j] = min(w[i][j],w[i][k]+w[k][j])
s816624428.py(82):         for j in range(N):
s816624428.py(83):             w[i][j] = min(w[i][j],w[i][k]+w[k][j])
s816624428.py(82):         for j in range(N):
s816624428.py(81):     for i in range(N):
s816624428.py(80): for k in range(N):
s816624428.py(81):     for i in range(N):
s816624428.py(82):         for j in range(N):
s816624428.py(83):             w[i][j] = min(w[i][j],w[i][k]+w[k][j])
s816624428.py(82):         for j in range(N):
s816624428.py(83):             w[i][j] = min(w[i][j],w[i][k]+w[k][j])
s816624428.py(82):         for j in range(N):
s816624428.py(83):             w[i][j] = min(w[i][j],w[i][k]+w[k][j])
s816624428.py(82):         for j in range(N):
s816624428.py(81):     for i in range(N):
s816624428.py(82):         for j in range(N):
s816624428.py(83):             w[i][j] = min(w[i][j],w[i][k]+w[k][j])
s816624428.py(82):         for j in range(N):
s816624428.py(83):             w[i][j] = min(w[i][j],w[i][k]+w[k][j])
s816624428.py(82):         for j in range(N):
s816624428.py(83):             w[i][j] = min(w[i][j],w[i][k]+w[k][j])
s816624428.py(82):         for j in range(N):
s816624428.py(81):     for i in range(N):
s816624428.py(82):         for j in range(N):
s816624428.py(83):             w[i][j] = min(w[i][j],w[i][k]+w[k][j])
s816624428.py(82):         for j in range(N):
s816624428.py(83):             w[i][j] = min(w[i][j],w[i][k]+w[k][j])
s816624428.py(82):         for j in range(N):
s816624428.py(83):             w[i][j] = min(w[i][j],w[i][k]+w[k][j])
s816624428.py(82):         for j in range(N):
s816624428.py(81):     for i in range(N):
s816624428.py(80): for k in range(N):
s816624428.py(81):     for i in range(N):
s816624428.py(82):         for j in range(N):
s816624428.py(83):             w[i][j] = min(w[i][j],w[i][k]+w[k][j])
s816624428.py(82):         for j in range(N):
s816624428.py(83):             w[i][j] = min(w[i][j],w[i][k]+w[k][j])
s816624428.py(82):         for j in range(N):
s816624428.py(83):             w[i][j] = min(w[i][j],w[i][k]+w[k][j])
s816624428.py(82):         for j in range(N):
s816624428.py(81):     for i in range(N):
s816624428.py(82):         for j in range(N):
s816624428.py(83):             w[i][j] = min(w[i][j],w[i][k]+w[k][j])
s816624428.py(82):         for j in range(N):
s816624428.py(83):             w[i][j] = min(w[i][j],w[i][k]+w[k][j])
s816624428.py(82):         for j in range(N):
s816624428.py(83):             w[i][j] = min(w[i][j],w[i][k]+w[k][j])
s816624428.py(82):         for j in range(N):
s816624428.py(81):     for i in range(N):
s816624428.py(82):         for j in range(N):
s816624428.py(83):             w[i][j] = min(w[i][j],w[i][k]+w[k][j])
s816624428.py(82):         for j in range(N):
s816624428.py(83):             w[i][j] = min(w[i][j],w[i][k]+w[k][j])
s816624428.py(82):         for j in range(N):
s816624428.py(83):             w[i][j] = min(w[i][j],w[i][k]+w[k][j])
s816624428.py(82):         for j in range(N):
s816624428.py(81):     for i in range(N):
s816624428.py(80): for k in range(N):
s816624428.py(85): res = 0
s816624428.py(86): for i in range(M):
s816624428.py(87):     g=[[] for _ in range(N)]
 --- modulename: s816624428, funcname: <listcomp>
s816624428.py(87):     g=[[] for _ in range(N)]
s816624428.py(87):     g=[[] for _ in range(N)]
s816624428.py(87):     g=[[] for _ in range(N)]
s816624428.py(87):     g=[[] for _ in range(N)]
s816624428.py(88):     for j in range(M):
s816624428.py(89):         if j!=i:
s816624428.py(88):     for j in range(M):
s816624428.py(89):         if j!=i:
s816624428.py(90):             a,b,c = e[j][0],e[j][1],e[j][2]
s816624428.py(91):             g[a].append((b,c))
s816624428.py(92):             g[b].append((a,c))
s816624428.py(88):     for j in range(M):
s816624428.py(89):         if j!=i:
s816624428.py(90):             a,b,c = e[j][0],e[j][1],e[j][2]
s816624428.py(91):             g[a].append((b,c))
s816624428.py(92):             g[b].append((a,c))
s816624428.py(88):     for j in range(M):
s816624428.py(93):     a,b,c = e[i][0],e[i][1],e[i][2]
s816624428.py(94):     if c != w[a][b] and dijkstra(a,b,N,g) == w[a][b]:
s816624428.py(86): for i in range(M):
s816624428.py(87):     g=[[] for _ in range(N)]
 --- modulename: s816624428, funcname: <listcomp>
s816624428.py(87):     g=[[] for _ in range(N)]
s816624428.py(87):     g=[[] for _ in range(N)]
s816624428.py(87):     g=[[] for _ in range(N)]
s816624428.py(87):     g=[[] for _ in range(N)]
s816624428.py(88):     for j in range(M):
s816624428.py(89):         if j!=i:
s816624428.py(90):             a,b,c = e[j][0],e[j][1],e[j][2]
s816624428.py(91):             g[a].append((b,c))
s816624428.py(92):             g[b].append((a,c))
s816624428.py(88):     for j in range(M):
s816624428.py(89):         if j!=i:
s816624428.py(88):     for j in range(M):
s816624428.py(89):         if j!=i:
s816624428.py(90):             a,b,c = e[j][0],e[j][1],e[j][2]
s816624428.py(91):             g[a].append((b,c))
s816624428.py(92):             g[b].append((a,c))
s816624428.py(88):     for j in range(M):
s816624428.py(93):     a,b,c = e[i][0],e[i][1],e[i][2]
s816624428.py(94):     if c != w[a][b] and dijkstra(a,b,N,g) == w[a][b]:
s816624428.py(86): for i in range(M):
s816624428.py(87):     g=[[] for _ in range(N)]
 --- modulename: s816624428, funcname: <listcomp>
s816624428.py(87):     g=[[] for _ in range(N)]
s816624428.py(87):     g=[[] for _ in range(N)]
s816624428.py(87):     g=[[] for _ in range(N)]
s816624428.py(87):     g=[[] for _ in range(N)]
s816624428.py(88):     for j in range(M):
s816624428.py(89):         if j!=i:
s816624428.py(90):             a,b,c = e[j][0],e[j][1],e[j][2]
s816624428.py(91):             g[a].append((b,c))
s816624428.py(92):             g[b].append((a,c))
s816624428.py(88):     for j in range(M):
s816624428.py(89):         if j!=i:
s816624428.py(90):             a,b,c = e[j][0],e[j][1],e[j][2]
s816624428.py(91):             g[a].append((b,c))
s816624428.py(92):             g[b].append((a,c))
s816624428.py(88):     for j in range(M):
s816624428.py(89):         if j!=i:
s816624428.py(88):     for j in range(M):
s816624428.py(93):     a,b,c = e[i][0],e[i][1],e[i][2]
s816624428.py(94):     if c != w[a][b] and dijkstra(a,b,N,g) == w[a][b]:
 --- modulename: s816624428, funcname: dijkstra
s816624428.py(66):     INF =10**10
s816624428.py(67):     res = [INF for _ in range(N)]
 --- modulename: s816624428, funcname: <listcomp>
s816624428.py(67):     res = [INF for _ in range(N)]
s816624428.py(67):     res = [INF for _ in range(N)]
s816624428.py(67):     res = [INF for _ in range(N)]
s816624428.py(67):     res = [INF for _ in range(N)]
s816624428.py(68):     q=lheapq([(s,0)])
 --- modulename: s816624428, funcname: __init__
s816624428.py(14):         self.l = []
s816624428.py(15):         if p:
s816624428.py(16):             for sp in p:
s816624428.py(17):                 self.heappush(sp)
 --- modulename: s816624428, funcname: heappush
s816624428.py(20):         n=len(self.l)
s816624428.py(21):         self.l.append(a)
s816624428.py(22):         t = n
s816624428.py(23):         while t != 0:
s816624428.py(16):             for sp in p:
s816624428.py(69):     while q.isnotblank():
 --- modulename: s816624428, funcname: isnotblank
s816624428.py(62):         if self.l:return True
s816624428.py(70):         while q.isnotblank():
 --- modulename: s816624428, funcname: isnotblank
s816624428.py(62):         if self.l:return True
s816624428.py(71):             des,dis = q.heappop()
 --- modulename: s816624428, funcname: heappop
s816624428.py(30):         n=len(self.l)
s816624428.py(31):         if n == 0:
s816624428.py(33):         if n == 1:
s816624428.py(34):             return self.l.pop()
s816624428.py(72):             if res[des] == INF:
s816624428.py(73):                 res[des] = dis
s816624428.py(74):                 break
s816624428.py(75):         for se in e[des]:
s816624428.py(76):             if res[se[0]] == INF:
s816624428.py(77):                 q.heappush((se[0],se[1]+res[des]))
 --- modulename: s816624428, funcname: heappush
s816624428.py(20):         n=len(self.l)
s816624428.py(21):         self.l.append(a)
s816624428.py(22):         t = n
s816624428.py(23):         while t != 0:
s816624428.py(75):         for se in e[des]:
s816624428.py(69):     while q.isnotblank():
 --- modulename: s816624428, funcname: isnotblank
s816624428.py(62):         if self.l:return True
s816624428.py(70):         while q.isnotblank():
 --- modulename: s816624428, funcname: isnotblank
s816624428.py(62):         if self.l:return True
s816624428.py(71):             des,dis = q.heappop()
 --- modulename: s816624428, funcname: heappop
s816624428.py(30):         n=len(self.l)
s816624428.py(31):         if n == 0:
s816624428.py(33):         if n == 1:
s816624428.py(34):             return self.l.pop()
s816624428.py(72):             if res[des] == INF:
s816624428.py(73):                 res[des] = dis
s816624428.py(74):                 break
s816624428.py(75):         for se in e[des]:
s816624428.py(76):             if res[se[0]] == INF:
s816624428.py(75):         for se in e[des]:
s816624428.py(76):             if res[se[0]] == INF:
s816624428.py(77):                 q.heappush((se[0],se[1]+res[des]))
 --- modulename: s816624428, funcname: heappush
s816624428.py(20):         n=len(self.l)
s816624428.py(21):         self.l.append(a)
s816624428.py(22):         t = n
s816624428.py(23):         while t != 0:
s816624428.py(75):         for se in e[des]:
s816624428.py(69):     while q.isnotblank():
 --- modulename: s816624428, funcname: isnotblank
s816624428.py(62):         if self.l:return True
s816624428.py(70):         while q.isnotblank():
 --- modulename: s816624428, funcname: isnotblank
s816624428.py(62):         if self.l:return True
s816624428.py(71):             des,dis = q.heappop()
 --- modulename: s816624428, funcname: heappop
s816624428.py(30):         n=len(self.l)
s816624428.py(31):         if n == 0:
s816624428.py(33):         if n == 1:
s816624428.py(34):             return self.l.pop()
s816624428.py(72):             if res[des] == INF:
s816624428.py(73):                 res[des] = dis
s816624428.py(74):                 break
s816624428.py(75):         for se in e[des]:
s816624428.py(76):             if res[se[0]] == INF:
s816624428.py(75):         for se in e[des]:
s816624428.py(69):     while q.isnotblank():
 --- modulename: s816624428, funcname: isnotblank
s816624428.py(62):         if self.l:return True
s816624428.py(63):         else:return False
s816624428.py(78):     return res[g]
s816624428.py(95):         res += 1
s816624428.py(86): for i in range(M):
s816624428.py(97): print(res)
1
