 --- modulename: s818989594, funcname: <module>
s818989594.py(1): import sys
s818989594.py(2): input=sys.stdin.readline
s818989594.py(3): from operator import itemgetter
s818989594.py(4): n,q=map(int,input().split())
 --- modulename: codecs, funcname: getstate
codecs.py(333):         return (self.buffer, 0)
 --- modulename: codecs, funcname: decode
codecs.py(321):         data = self.buffer + input
codecs.py(322):         (result, consumed) = self._buffer_decode(data, self.errors, final)
codecs.py(324):         self.buffer = data[consumed:]
codecs.py(325):         return result
s818989594.py(5): c=list(map(int,input().split()))
s818989594.py(6): l=[list(map(int,input().split())) for i in range(q)]
 --- modulename: s818989594, funcname: <listcomp>
s818989594.py(6): l=[list(map(int,input().split())) for i in range(q)]
s818989594.py(6): l=[list(map(int,input().split())) for i in range(q)]
s818989594.py(6): l=[list(map(int,input().split())) for i in range(q)]
s818989594.py(6): l=[list(map(int,input().split())) for i in range(q)]
s818989594.py(7): for i in range(q):
s818989594.py(8):   l[i].append(i)
s818989594.py(7): for i in range(q):
s818989594.py(8):   l[i].append(i)
s818989594.py(7): for i in range(q):
s818989594.py(8):   l[i].append(i)
s818989594.py(7): for i in range(q):
s818989594.py(9): l.sort(key=itemgetter(1))
s818989594.py(11): L=[-1]*(5*10**5+1)
s818989594.py(13): class Bit:
 --- modulename: s818989594, funcname: Bit
s818989594.py(13): class Bit:
s818989594.py(14):   def __init__(self,n):
s818989594.py(19):   def sum(self,i):
s818989594.py(26):   def add(self,i,x):
s818989594.py(31): BIT=Bit(n+1)
 --- modulename: s818989594, funcname: __init__
s818989594.py(15):     self.size=n
s818989594.py(16):     self.tree=[0]*(n + 1)
s818989594.py(17):     self.depth=n.bit_length()
s818989594.py(33): ans=[0]*q
s818989594.py(34): ct=0
s818989594.py(35): for i in range(q):
s818989594.py(36):   while ct<=l[i][1]:
s818989594.py(37):     if L[c[ct-1]-1]!=-1:
s818989594.py(39):     L[c[ct-1]-1]=ct+1
s818989594.py(40):     BIT.add(ct+1,1)
 --- modulename: s818989594, funcname: add
s818989594.py(27):     while i<=self.size:
s818989594.py(28):       self.tree[i]+=x
s818989594.py(29):       i+=i&-i
s818989594.py(27):     while i<=self.size:
s818989594.py(28):       self.tree[i]+=x
s818989594.py(29):       i+=i&-i
s818989594.py(27):     while i<=self.size:
s818989594.py(28):       self.tree[i]+=x
s818989594.py(29):       i+=i&-i
s818989594.py(27):     while i<=self.size:
s818989594.py(41):     ct+=1
s818989594.py(36):   while ct<=l[i][1]:
s818989594.py(37):     if L[c[ct-1]-1]!=-1:
s818989594.py(39):     L[c[ct-1]-1]=ct+1
s818989594.py(40):     BIT.add(ct+1,1)
 --- modulename: s818989594, funcname: add
s818989594.py(27):     while i<=self.size:
s818989594.py(28):       self.tree[i]+=x
s818989594.py(29):       i+=i&-i
s818989594.py(27):     while i<=self.size:
s818989594.py(28):       self.tree[i]+=x
s818989594.py(29):       i+=i&-i
s818989594.py(27):     while i<=self.size:
s818989594.py(41):     ct+=1
s818989594.py(36):   while ct<=l[i][1]:
s818989594.py(37):     if L[c[ct-1]-1]!=-1:
s818989594.py(39):     L[c[ct-1]-1]=ct+1
s818989594.py(40):     BIT.add(ct+1,1)
 --- modulename: s818989594, funcname: add
s818989594.py(27):     while i<=self.size:
s818989594.py(28):       self.tree[i]+=x
s818989594.py(29):       i+=i&-i
s818989594.py(27):     while i<=self.size:
s818989594.py(28):       self.tree[i]+=x
s818989594.py(29):       i+=i&-i
s818989594.py(27):     while i<=self.size:
s818989594.py(41):     ct+=1
s818989594.py(36):   while ct<=l[i][1]:
s818989594.py(37):     if L[c[ct-1]-1]!=-1:
s818989594.py(38):       BIT.add(L[c[ct-1]-1],-1)
 --- modulename: s818989594, funcname: add
s818989594.py(27):     while i<=self.size:
s818989594.py(28):       self.tree[i]+=x
s818989594.py(29):       i+=i&-i
s818989594.py(27):     while i<=self.size:
s818989594.py(28):       self.tree[i]+=x
s818989594.py(29):       i+=i&-i
s818989594.py(27):     while i<=self.size:
s818989594.py(39):     L[c[ct-1]-1]=ct+1
s818989594.py(40):     BIT.add(ct+1,1)
 --- modulename: s818989594, funcname: add
s818989594.py(27):     while i<=self.size:
s818989594.py(28):       self.tree[i]+=x
s818989594.py(29):       i+=i&-i
s818989594.py(27):     while i<=self.size:
s818989594.py(41):     ct+=1
s818989594.py(36):   while ct<=l[i][1]:
s818989594.py(42):   ans[l[i][2]]=BIT.sum(l[i][1]+1)-BIT.sum(l[i][0])
 --- modulename: s818989594, funcname: sum
s818989594.py(20):     s=0
s818989594.py(21):     while i>0:
s818989594.py(22):       s+=self.tree[i]
s818989594.py(23):       i-=i&-i
s818989594.py(21):     while i>0:
s818989594.py(24):     return s
 --- modulename: s818989594, funcname: sum
s818989594.py(20):     s=0
s818989594.py(21):     while i>0:
s818989594.py(22):       s+=self.tree[i]
s818989594.py(23):       i-=i&-i
s818989594.py(21):     while i>0:
s818989594.py(24):     return s
s818989594.py(35): for i in range(q):
s818989594.py(36):   while ct<=l[i][1]:
s818989594.py(42):   ans[l[i][2]]=BIT.sum(l[i][1]+1)-BIT.sum(l[i][0])
 --- modulename: s818989594, funcname: sum
s818989594.py(20):     s=0
s818989594.py(21):     while i>0:
s818989594.py(22):       s+=self.tree[i]
s818989594.py(23):       i-=i&-i
s818989594.py(21):     while i>0:
s818989594.py(24):     return s
 --- modulename: s818989594, funcname: sum
s818989594.py(20):     s=0
s818989594.py(21):     while i>0:
s818989594.py(22):       s+=self.tree[i]
s818989594.py(23):       i-=i&-i
s818989594.py(21):     while i>0:
s818989594.py(22):       s+=self.tree[i]
s818989594.py(23):       i-=i&-i
s818989594.py(21):     while i>0:
s818989594.py(24):     return s
s818989594.py(35): for i in range(q):
s818989594.py(36):   while ct<=l[i][1]:
s818989594.py(37):     if L[c[ct-1]-1]!=-1:
s818989594.py(38):       BIT.add(L[c[ct-1]-1],-1)
 --- modulename: s818989594, funcname: add
s818989594.py(27):     while i<=self.size:
s818989594.py(28):       self.tree[i]+=x
s818989594.py(29):       i+=i&-i
s818989594.py(27):     while i<=self.size:
s818989594.py(28):       self.tree[i]+=x
s818989594.py(29):       i+=i&-i
s818989594.py(27):     while i<=self.size:
s818989594.py(28):       self.tree[i]+=x
s818989594.py(29):       i+=i&-i
s818989594.py(27):     while i<=self.size:
s818989594.py(39):     L[c[ct-1]-1]=ct+1
s818989594.py(40):     BIT.add(ct+1,1)
 --- modulename: s818989594, funcname: add
s818989594.py(27):     while i<=self.size:
s818989594.py(28):       self.tree[i]+=x
s818989594.py(29):       i+=i&-i
s818989594.py(27):     while i<=self.size:
s818989594.py(41):     ct+=1
s818989594.py(36):   while ct<=l[i][1]:
s818989594.py(42):   ans[l[i][2]]=BIT.sum(l[i][1]+1)-BIT.sum(l[i][0])
 --- modulename: s818989594, funcname: sum
s818989594.py(20):     s=0
s818989594.py(21):     while i>0:
s818989594.py(22):       s+=self.tree[i]
s818989594.py(23):       i-=i&-i
s818989594.py(21):     while i>0:
s818989594.py(22):       s+=self.tree[i]
s818989594.py(23):       i-=i&-i
s818989594.py(21):     while i>0:
s818989594.py(24):     return s
 --- modulename: s818989594, funcname: sum
s818989594.py(20):     s=0
s818989594.py(21):     while i>0:
s818989594.py(22):       s+=self.tree[i]
s818989594.py(23):       i-=i&-i
s818989594.py(21):     while i>0:
s818989594.py(24):     return s
s818989594.py(35): for i in range(q):
s818989594.py(44): for i in range(q):
s818989594.py(45):   print(ans[i])
2
s818989594.py(44): for i in range(q):
s818989594.py(45):   print(ans[i])
3
s818989594.py(44): for i in range(q):
s818989594.py(45):   print(ans[i])
1
s818989594.py(44): for i in range(q):
