 --- modulename: s822548963, funcname: <module>
s822548963.py(1): import sys
s822548963.py(2): input = sys.stdin.buffer.readline
s822548963.py(7): def RD(): return input().rstrip().decode()
s822548963.py(8): def II(): return int(input())
s822548963.py(9): def FI(): return int(input())
s822548963.py(10): def MI(): return map(int,input().split())
s822548963.py(11): def MF(): return map(float,input().split())
s822548963.py(12): def LI(): return list(map(int,input().split()))
s822548963.py(13): def LF(): return list(map(float,input().split()))
s822548963.py(14): def TI(): return tuple(map(int,input().split()))
s822548963.py(17): from collections import deque
 --- modulename: _bootstrap, funcname: _handle_fromlist
<frozen importlib._bootstrap>(1043): <frozen importlib._bootstrap>(1044): <frozen importlib._bootstrap>(1051): <frozen importlib._bootstrap>(1055): <frozen importlib._bootstrap>(1043): <frozen importlib._bootstrap>(1067): s822548963.py(19): def main():
s822548963.py(76): if __name__ == "__main__":
s822548963.py(77): 	main()
 --- modulename: s822548963, funcname: main
s822548963.py(20): 	h,w=MI()
 --- modulename: s822548963, funcname: MI
s822548963.py(10): def MI(): return map(int,input().split())
s822548963.py(21): 	ch,cw=MI()
 --- modulename: s822548963, funcname: MI
s822548963.py(10): def MI(): return map(int,input().split())
s822548963.py(22): 	dh,dw=MI()
 --- modulename: s822548963, funcname: MI
s822548963.py(10): def MI(): return map(int,input().split())
s822548963.py(23): 	ch+=1
s822548963.py(24): 	cw+=1
s822548963.py(25): 	dh+=1
s822548963.py(26): 	dw+=1
s822548963.py(28): 	S=[["#"]*(w+4)]
s822548963.py(29): 	S.append(["#"]*(w+4))
s822548963.py(30): 	for _ in range(h):
s822548963.py(31): 		S.append(["#"]*2+list(RD())+["#"]*2)
 --- modulename: s822548963, funcname: RD
s822548963.py(7): def RD(): return input().rstrip().decode()
s822548963.py(30): 	for _ in range(h):
s822548963.py(31): 		S.append(["#"]*2+list(RD())+["#"]*2)
 --- modulename: s822548963, funcname: RD
s822548963.py(7): def RD(): return input().rstrip().decode()
s822548963.py(30): 	for _ in range(h):
s822548963.py(31): 		S.append(["#"]*2+list(RD())+["#"]*2)
 --- modulename: s822548963, funcname: RD
s822548963.py(7): def RD(): return input().rstrip().decode()
s822548963.py(30): 	for _ in range(h):
s822548963.py(31): 		S.append(["#"]*2+list(RD())+["#"]*2)
 --- modulename: s822548963, funcname: RD
s822548963.py(7): def RD(): return input().rstrip().decode()
s822548963.py(30): 	for _ in range(h):
s822548963.py(32): 	S.append(["#"]*(w+4))
s822548963.py(33): 	S.append(["#"]*(w+4))
s822548963.py(37): 	S[ch][cw]=0
s822548963.py(38): 	Q=deque()
s822548963.py(39): 	Q.append([0,ch,cw])
s822548963.py(42): 	d1=[(0,1),(0,-1),(-1,0),(1,0)]
s822548963.py(43): 	d2=[(i,j) for i in range(-2,3) for j in range(-2,3)]
 --- modulename: s822548963, funcname: <listcomp>
s822548963.py(43): 	d2=[(i,j) for i in range(-2,3) for j in range(-2,3)]
s822548963.py(43): 	d2=[(i,j) for i in range(-2,3) for j in range(-2,3)]
s822548963.py(43): 	d2=[(i,j) for i in range(-2,3) for j in range(-2,3)]
s822548963.py(43): 	d2=[(i,j) for i in range(-2,3) for j in range(-2,3)]
s822548963.py(43): 	d2=[(i,j) for i in range(-2,3) for j in range(-2,3)]
s822548963.py(43): 	d2=[(i,j) for i in range(-2,3) for j in range(-2,3)]
s822548963.py(43): 	d2=[(i,j) for i in range(-2,3) for j in range(-2,3)]
s822548963.py(43): 	d2=[(i,j) for i in range(-2,3) for j in range(-2,3)]
s822548963.py(43): 	d2=[(i,j) for i in range(-2,3) for j in range(-2,3)]
s822548963.py(43): 	d2=[(i,j) for i in range(-2,3) for j in range(-2,3)]
s822548963.py(43): 	d2=[(i,j) for i in range(-2,3) for j in range(-2,3)]
s822548963.py(43): 	d2=[(i,j) for i in range(-2,3) for j in range(-2,3)]
s822548963.py(43): 	d2=[(i,j) for i in range(-2,3) for j in range(-2,3)]
s822548963.py(43): 	d2=[(i,j) for i in range(-2,3) for j in range(-2,3)]
s822548963.py(43): 	d2=[(i,j) for i in range(-2,3) for j in range(-2,3)]
s822548963.py(43): 	d2=[(i,j) for i in range(-2,3) for j in range(-2,3)]
s822548963.py(43): 	d2=[(i,j) for i in range(-2,3) for j in range(-2,3)]
s822548963.py(43): 	d2=[(i,j) for i in range(-2,3) for j in range(-2,3)]
s822548963.py(43): 	d2=[(i,j) for i in range(-2,3) for j in range(-2,3)]
s822548963.py(43): 	d2=[(i,j) for i in range(-2,3) for j in range(-2,3)]
s822548963.py(43): 	d2=[(i,j) for i in range(-2,3) for j in range(-2,3)]
s822548963.py(43): 	d2=[(i,j) for i in range(-2,3) for j in range(-2,3)]
s822548963.py(43): 	d2=[(i,j) for i in range(-2,3) for j in range(-2,3)]
s822548963.py(43): 	d2=[(i,j) for i in range(-2,3) for j in range(-2,3)]
s822548963.py(43): 	d2=[(i,j) for i in range(-2,3) for j in range(-2,3)]
s822548963.py(43): 	d2=[(i,j) for i in range(-2,3) for j in range(-2,3)]
s822548963.py(43): 	d2=[(i,j) for i in range(-2,3) for j in range(-2,3)]
s822548963.py(43): 	d2=[(i,j) for i in range(-2,3) for j in range(-2,3)]
s822548963.py(43): 	d2=[(i,j) for i in range(-2,3) for j in range(-2,3)]
s822548963.py(43): 	d2=[(i,j) for i in range(-2,3) for j in range(-2,3)]
s822548963.py(43): 	d2=[(i,j) for i in range(-2,3) for j in range(-2,3)]
s822548963.py(45): 	while Q:
s822548963.py(47): 		d,x,y=Q.popleft()
s822548963.py(49): 		for xx,yy in d1:
s822548963.py(50): 			if S[x+xx][y+yy]==".":
s822548963.py(51): 				S[x+xx][y+yy]=d
s822548963.py(52): 				Q.appendleft([d,x+xx,y+yy])
s822548963.py(49): 		for xx,yy in d1:
s822548963.py(50): 			if S[x+xx][y+yy]==".":
s822548963.py(53): 			elif S[x+xx][y+yy]=="#":
s822548963.py(54): 				continue
s822548963.py(49): 		for xx,yy in d1:
s822548963.py(50): 			if S[x+xx][y+yy]==".":
s822548963.py(53): 			elif S[x+xx][y+yy]=="#":
s822548963.py(54): 				continue
s822548963.py(49): 		for xx,yy in d1:
s822548963.py(50): 			if S[x+xx][y+yy]==".":
s822548963.py(51): 				S[x+xx][y+yy]=d
s822548963.py(52): 				Q.appendleft([d,x+xx,y+yy])
s822548963.py(49): 		for xx,yy in d1:
s822548963.py(59): 		for xx,yy in d2:
s822548963.py(60): 			if S[x+xx][y+yy]==".":
s822548963.py(63): 			elif S[x+xx][y+yy]=="#":
s822548963.py(64): 				continue
s822548963.py(59): 		for xx,yy in d2:
s822548963.py(60): 			if S[x+xx][y+yy]==".":
s822548963.py(63): 			elif S[x+xx][y+yy]=="#":
s822548963.py(64): 				continue
s822548963.py(59): 		for xx,yy in d2:
s822548963.py(60): 			if S[x+xx][y+yy]==".":
s822548963.py(63): 			elif S[x+xx][y+yy]=="#":
s822548963.py(64): 				continue
s822548963.py(59): 		for xx,yy in d2:
s822548963.py(60): 			if S[x+xx][y+yy]==".":
s822548963.py(63): 			elif S[x+xx][y+yy]=="#":
s822548963.py(64): 				continue
s822548963.py(59): 		for xx,yy in d2:
s822548963.py(60): 			if S[x+xx][y+yy]==".":
s822548963.py(63): 			elif S[x+xx][y+yy]=="#":
s822548963.py(64): 				continue
s822548963.py(59): 		for xx,yy in d2:
s822548963.py(60): 			if S[x+xx][y+yy]==".":
s822548963.py(63): 			elif S[x+xx][y+yy]=="#":
s822548963.py(64): 				continue
s822548963.py(59): 		for xx,yy in d2:
s822548963.py(60): 			if S[x+xx][y+yy]==".":
s822548963.py(63): 			elif S[x+xx][y+yy]=="#":
s822548963.py(64): 				continue
s822548963.py(59): 		for xx,yy in d2:
s822548963.py(60): 			if S[x+xx][y+yy]==".":
s822548963.py(63): 			elif S[x+xx][y+yy]=="#":
s822548963.py(64): 				continue
s822548963.py(59): 		for xx,yy in d2:
s822548963.py(60): 			if S[x+xx][y+yy]==".":
s822548963.py(63): 			elif S[x+xx][y+yy]=="#":
s822548963.py(64): 				continue
s822548963.py(59): 		for xx,yy in d2:
s822548963.py(60): 			if S[x+xx][y+yy]==".":
s822548963.py(63): 			elif S[x+xx][y+yy]=="#":
s822548963.py(64): 				continue
s822548963.py(59): 		for xx,yy in d2:
s822548963.py(60): 			if S[x+xx][y+yy]==".":
s822548963.py(63): 			elif S[x+xx][y+yy]=="#":
s822548963.py(64): 				continue
s822548963.py(59): 		for xx,yy in d2:
s822548963.py(60): 			if S[x+xx][y+yy]==".":
s822548963.py(63): 			elif S[x+xx][y+yy]=="#":
s822548963.py(64): 				continue
s822548963.py(59): 		for xx,yy in d2:
s822548963.py(60): 			if S[x+xx][y+yy]==".":
s822548963.py(63): 			elif S[x+xx][y+yy]=="#":
s822548963.py(65): 			elif S[x+xx][y+yy]>d+1:
s822548963.py(59): 		for xx,yy in d2:
s822548963.py(60): 			if S[x+xx][y+yy]==".":
s822548963.py(63): 			elif S[x+xx][y+yy]=="#":
s822548963.py(65): 			elif S[x+xx][y+yy]>d+1:
s822548963.py(59): 		for xx,yy in d2:
s822548963.py(60): 			if S[x+xx][y+yy]==".":
s822548963.py(63): 			elif S[x+xx][y+yy]=="#":
s822548963.py(64): 				continue
s822548963.py(59): 		for xx,yy in d2:
s822548963.py(60): 			if S[x+xx][y+yy]==".":
s822548963.py(63): 			elif S[x+xx][y+yy]=="#":
s822548963.py(64): 				continue
s822548963.py(59): 		for xx,yy in d2:
s822548963.py(60): 			if S[x+xx][y+yy]==".":
s822548963.py(63): 			elif S[x+xx][y+yy]=="#":
s822548963.py(64): 				continue
s822548963.py(59): 		for xx,yy in d2:
s822548963.py(60): 			if S[x+xx][y+yy]==".":
s822548963.py(63): 			elif S[x+xx][y+yy]=="#":
s822548963.py(65): 			elif S[x+xx][y+yy]>d+1:
s822548963.py(59): 		for xx,yy in d2:
s822548963.py(60): 			if S[x+xx][y+yy]==".":
s822548963.py(61): 				S[x+xx][y+yy]=d+1
s822548963.py(62): 				Q.append([d+1,x+xx,y+yy])
s822548963.py(59): 		for xx,yy in d2:
s822548963.py(60): 			if S[x+xx][y+yy]==".":
s822548963.py(63): 			elif S[x+xx][y+yy]=="#":
s822548963.py(64): 				continue
s822548963.py(59): 		for xx,yy in d2:
s822548963.py(60): 			if S[x+xx][y+yy]==".":
s822548963.py(63): 			elif S[x+xx][y+yy]=="#":
s822548963.py(64): 				continue
s822548963.py(59): 		for xx,yy in d2:
s822548963.py(60): 			if S[x+xx][y+yy]==".":
s822548963.py(63): 			elif S[x+xx][y+yy]=="#":
s822548963.py(64): 				continue
s822548963.py(59): 		for xx,yy in d2:
s822548963.py(60): 			if S[x+xx][y+yy]==".":
s822548963.py(61): 				S[x+xx][y+yy]=d+1
s822548963.py(62): 				Q.append([d+1,x+xx,y+yy])
s822548963.py(59): 		for xx,yy in d2:
s822548963.py(60): 			if S[x+xx][y+yy]==".":
s822548963.py(63): 			elif S[x+xx][y+yy]=="#":
s822548963.py(64): 				continue
s822548963.py(59): 		for xx,yy in d2:
s822548963.py(60): 			if S[x+xx][y+yy]==".":
s822548963.py(61): 				S[x+xx][y+yy]=d+1
s822548963.py(62): 				Q.append([d+1,x+xx,y+yy])
s822548963.py(59): 		for xx,yy in d2:
s822548963.py(45): 	while Q:
s822548963.py(47): 		d,x,y=Q.popleft()
s822548963.py(49): 		for xx,yy in d1:
s822548963.py(50): 			if S[x+xx][y+yy]==".":
s822548963.py(53): 			elif S[x+xx][y+yy]=="#":
s822548963.py(55): 			elif S[x+xx][y+yy]>d:
s822548963.py(56): 				S[x+xx][y+yy]=d
s822548963.py(57): 				Q.appendleft([d,x+xx,y+yy])
s822548963.py(49): 		for xx,yy in d1:
s822548963.py(50): 			if S[x+xx][y+yy]==".":
s822548963.py(53): 			elif S[x+xx][y+yy]=="#":
s822548963.py(54): 				continue
s822548963.py(49): 		for xx,yy in d1:
s822548963.py(50): 			if S[x+xx][y+yy]==".":
s822548963.py(53): 			elif S[x+xx][y+yy]=="#":
s822548963.py(55): 			elif S[x+xx][y+yy]>d:
s822548963.py(49): 		for xx,yy in d1:
s822548963.py(50): 			if S[x+xx][y+yy]==".":
s822548963.py(53): 			elif S[x+xx][y+yy]=="#":
s822548963.py(55): 			elif S[x+xx][y+yy]>d:
s822548963.py(56): 				S[x+xx][y+yy]=d
s822548963.py(57): 				Q.appendleft([d,x+xx,y+yy])
s822548963.py(49): 		for xx,yy in d1:
s822548963.py(59): 		for xx,yy in d2:
s822548963.py(60): 			if S[x+xx][y+yy]==".":
s822548963.py(63): 			elif S[x+xx][y+yy]=="#":
s822548963.py(64): 				continue
s822548963.py(59): 		for xx,yy in d2:
s822548963.py(60): 			if S[x+xx][y+yy]==".":
s822548963.py(63): 			elif S[x+xx][y+yy]=="#":
s822548963.py(64): 				continue
s822548963.py(59): 		for xx,yy in d2:
s822548963.py(60): 			if S[x+xx][y+yy]==".":
s822548963.py(63): 			elif S[x+xx][y+yy]=="#":
s822548963.py(64): 				continue
s822548963.py(59): 		for xx,yy in d2:
s822548963.py(60): 			if S[x+xx][y+yy]==".":
s822548963.py(63): 			elif S[x+xx][y+yy]=="#":
s822548963.py(64): 				continue
s822548963.py(59): 		for xx,yy in d2:
s822548963.py(60): 			if S[x+xx][y+yy]==".":
s822548963.py(63): 			elif S[x+xx][y+yy]=="#":
s822548963.py(64): 				continue
s822548963.py(59): 		for xx,yy in d2:
s822548963.py(60): 			if S[x+xx][y+yy]==".":
s822548963.py(63): 			elif S[x+xx][y+yy]=="#":
s822548963.py(64): 				continue
s822548963.py(59): 		for xx,yy in d2:
s822548963.py(60): 			if S[x+xx][y+yy]==".":
s822548963.py(63): 			elif S[x+xx][y+yy]=="#":
s822548963.py(64): 				continue
s822548963.py(59): 		for xx,yy in d2:
s822548963.py(60): 			if S[x+xx][y+yy]==".":
s822548963.py(63): 			elif S[x+xx][y+yy]=="#":
s822548963.py(65): 			elif S[x+xx][y+yy]>d+1:
s822548963.py(59): 		for xx,yy in d2:
s822548963.py(60): 			if S[x+xx][y+yy]==".":
s822548963.py(63): 			elif S[x+xx][y+yy]=="#":
s822548963.py(65): 			elif S[x+xx][y+yy]>d+1:
s822548963.py(59): 		for xx,yy in d2:
s822548963.py(60): 			if S[x+xx][y+yy]==".":
s822548963.py(63): 			elif S[x+xx][y+yy]=="#":
s822548963.py(64): 				continue
s822548963.py(59): 		for xx,yy in d2:
s822548963.py(60): 			if S[x+xx][y+yy]==".":
s822548963.py(63): 			elif S[x+xx][y+yy]=="#":
s822548963.py(64): 				continue
s822548963.py(59): 		for xx,yy in d2:
s822548963.py(60): 			if S[x+xx][y+yy]==".":
s822548963.py(63): 			elif S[x+xx][y+yy]=="#":
s822548963.py(64): 				continue
s822548963.py(59): 		for xx,yy in d2:
s822548963.py(60): 			if S[x+xx][y+yy]==".":
s822548963.py(63): 			elif S[x+xx][y+yy]=="#":
s822548963.py(65): 			elif S[x+xx][y+yy]>d+1:
s822548963.py(59): 		for xx,yy in d2:
s822548963.py(60): 			if S[x+xx][y+yy]==".":
s822548963.py(63): 			elif S[x+xx][y+yy]=="#":
s822548963.py(65): 			elif S[x+xx][y+yy]>d+1:
s822548963.py(59): 		for xx,yy in d2:
s822548963.py(60): 			if S[x+xx][y+yy]==".":
s822548963.py(63): 			elif S[x+xx][y+yy]=="#":
s822548963.py(64): 				continue
s822548963.py(59): 		for xx,yy in d2:
s822548963.py(60): 			if S[x+xx][y+yy]==".":
s822548963.py(63): 			elif S[x+xx][y+yy]=="#":
s822548963.py(64): 				continue
s822548963.py(59): 		for xx,yy in d2:
s822548963.py(60): 			if S[x+xx][y+yy]==".":
s822548963.py(63): 			elif S[x+xx][y+yy]=="#":
s822548963.py(64): 				continue
s822548963.py(59): 		for xx,yy in d2:
s822548963.py(60): 			if S[x+xx][y+yy]==".":
s822548963.py(63): 			elif S[x+xx][y+yy]=="#":
s822548963.py(65): 			elif S[x+xx][y+yy]>d+1:
s822548963.py(59): 		for xx,yy in d2:
s822548963.py(60): 			if S[x+xx][y+yy]==".":
s822548963.py(63): 			elif S[x+xx][y+yy]=="#":
s822548963.py(64): 				continue
s822548963.py(59): 		for xx,yy in d2:
s822548963.py(60): 			if S[x+xx][y+yy]==".":
s822548963.py(63): 			elif S[x+xx][y+yy]=="#":
s822548963.py(65): 			elif S[x+xx][y+yy]>d+1:
s822548963.py(59): 		for xx,yy in d2:
s822548963.py(60): 			if S[x+xx][y+yy]==".":
s822548963.py(63): 			elif S[x+xx][y+yy]=="#":
s822548963.py(64): 				continue
s822548963.py(59): 		for xx,yy in d2:
s822548963.py(60): 			if S[x+xx][y+yy]==".":
s822548963.py(63): 			elif S[x+xx][y+yy]=="#":
s822548963.py(64): 				continue
s822548963.py(59): 		for xx,yy in d2:
s822548963.py(60): 			if S[x+xx][y+yy]==".":
s822548963.py(61): 				S[x+xx][y+yy]=d+1
s822548963.py(62): 				Q.append([d+1,x+xx,y+yy])
s822548963.py(59): 		for xx,yy in d2:
s822548963.py(60): 			if S[x+xx][y+yy]==".":
s822548963.py(63): 			elif S[x+xx][y+yy]=="#":
s822548963.py(64): 				continue
s822548963.py(59): 		for xx,yy in d2:
s822548963.py(60): 			if S[x+xx][y+yy]==".":
s822548963.py(61): 				S[x+xx][y+yy]=d+1
s822548963.py(62): 				Q.append([d+1,x+xx,y+yy])
s822548963.py(59): 		for xx,yy in d2:
s822548963.py(45): 	while Q:
s822548963.py(47): 		d,x,y=Q.popleft()
s822548963.py(49): 		for xx,yy in d1:
s822548963.py(50): 			if S[x+xx][y+yy]==".":
s822548963.py(53): 			elif S[x+xx][y+yy]=="#":
s822548963.py(54): 				continue
s822548963.py(49): 		for xx,yy in d1:
s822548963.py(50): 			if S[x+xx][y+yy]==".":
s822548963.py(53): 			elif S[x+xx][y+yy]=="#":
s822548963.py(54): 				continue
s822548963.py(49): 		for xx,yy in d1:
s822548963.py(50): 			if S[x+xx][y+yy]==".":
s822548963.py(53): 			elif S[x+xx][y+yy]=="#":
s822548963.py(55): 			elif S[x+xx][y+yy]>d:
s822548963.py(49): 		for xx,yy in d1:
s822548963.py(50): 			if S[x+xx][y+yy]==".":
s822548963.py(53): 			elif S[x+xx][y+yy]=="#":
s822548963.py(55): 			elif S[x+xx][y+yy]>d:
s822548963.py(56): 				S[x+xx][y+yy]=d
s822548963.py(57): 				Q.appendleft([d,x+xx,y+yy])
s822548963.py(49): 		for xx,yy in d1:
s822548963.py(59): 		for xx,yy in d2:
s822548963.py(60): 			if S[x+xx][y+yy]==".":
s822548963.py(63): 			elif S[x+xx][y+yy]=="#":
s822548963.py(64): 				continue
s822548963.py(59): 		for xx,yy in d2:
s822548963.py(60): 			if S[x+xx][y+yy]==".":
s822548963.py(63): 			elif S[x+xx][y+yy]=="#":
s822548963.py(64): 				continue
s822548963.py(59): 		for xx,yy in d2:
s822548963.py(60): 			if S[x+xx][y+yy]==".":
s822548963.py(63): 			elif S[x+xx][y+yy]=="#":
s822548963.py(65): 			elif S[x+xx][y+yy]>d+1:
s822548963.py(59): 		for xx,yy in d2:
s822548963.py(60): 			if S[x+xx][y+yy]==".":
s822548963.py(63): 			elif S[x+xx][y+yy]=="#":
s822548963.py(65): 			elif S[x+xx][y+yy]>d+1:
s822548963.py(59): 		for xx,yy in d2:
s822548963.py(60): 			if S[x+xx][y+yy]==".":
s822548963.py(63): 			elif S[x+xx][y+yy]=="#":
s822548963.py(64): 				continue
s822548963.py(59): 		for xx,yy in d2:
s822548963.py(60): 			if S[x+xx][y+yy]==".":
s822548963.py(63): 			elif S[x+xx][y+yy]=="#":
s822548963.py(64): 				continue
s822548963.py(59): 		for xx,yy in d2:
s822548963.py(60): 			if S[x+xx][y+yy]==".":
s822548963.py(63): 			elif S[x+xx][y+yy]=="#":
s822548963.py(64): 				continue
s822548963.py(59): 		for xx,yy in d2:
s822548963.py(60): 			if S[x+xx][y+yy]==".":
s822548963.py(63): 			elif S[x+xx][y+yy]=="#":
s822548963.py(65): 			elif S[x+xx][y+yy]>d+1:
s822548963.py(59): 		for xx,yy in d2:
s822548963.py(60): 			if S[x+xx][y+yy]==".":
s822548963.py(63): 			elif S[x+xx][y+yy]=="#":
s822548963.py(65): 			elif S[x+xx][y+yy]>d+1:
s822548963.py(59): 		for xx,yy in d2:
s822548963.py(60): 			if S[x+xx][y+yy]==".":
s822548963.py(63): 			elif S[x+xx][y+yy]=="#":
s822548963.py(64): 				continue
s822548963.py(59): 		for xx,yy in d2:
s822548963.py(60): 			if S[x+xx][y+yy]==".":
s822548963.py(63): 			elif S[x+xx][y+yy]=="#":
s822548963.py(64): 				continue
s822548963.py(59): 		for xx,yy in d2:
s822548963.py(60): 			if S[x+xx][y+yy]==".":
s822548963.py(63): 			elif S[x+xx][y+yy]=="#":
s822548963.py(64): 				continue
s822548963.py(59): 		for xx,yy in d2:
s822548963.py(60): 			if S[x+xx][y+yy]==".":
s822548963.py(63): 			elif S[x+xx][y+yy]=="#":
s822548963.py(65): 			elif S[x+xx][y+yy]>d+1:
s822548963.py(59): 		for xx,yy in d2:
s822548963.py(60): 			if S[x+xx][y+yy]==".":
s822548963.py(63): 			elif S[x+xx][y+yy]=="#":
s822548963.py(64): 				continue
s822548963.py(59): 		for xx,yy in d2:
s822548963.py(60): 			if S[x+xx][y+yy]==".":
s822548963.py(63): 			elif S[x+xx][y+yy]=="#":
s822548963.py(65): 			elif S[x+xx][y+yy]>d+1:
s822548963.py(59): 		for xx,yy in d2:
s822548963.py(60): 			if S[x+xx][y+yy]==".":
s822548963.py(63): 			elif S[x+xx][y+yy]=="#":
s822548963.py(64): 				continue
s822548963.py(59): 		for xx,yy in d2:
s822548963.py(60): 			if S[x+xx][y+yy]==".":
s822548963.py(63): 			elif S[x+xx][y+yy]=="#":
s822548963.py(64): 				continue
s822548963.py(59): 		for xx,yy in d2:
s822548963.py(60): 			if S[x+xx][y+yy]==".":
s822548963.py(63): 			elif S[x+xx][y+yy]=="#":
s822548963.py(65): 			elif S[x+xx][y+yy]>d+1:
s822548963.py(59): 		for xx,yy in d2:
s822548963.py(60): 			if S[x+xx][y+yy]==".":
s822548963.py(63): 			elif S[x+xx][y+yy]=="#":
s822548963.py(64): 				continue
s822548963.py(59): 		for xx,yy in d2:
s822548963.py(60): 			if S[x+xx][y+yy]==".":
s822548963.py(63): 			elif S[x+xx][y+yy]=="#":
s822548963.py(65): 			elif S[x+xx][y+yy]>d+1:
s822548963.py(59): 		for xx,yy in d2:
s822548963.py(60): 			if S[x+xx][y+yy]==".":
s822548963.py(63): 			elif S[x+xx][y+yy]=="#":
s822548963.py(64): 				continue
s822548963.py(59): 		for xx,yy in d2:
s822548963.py(60): 			if S[x+xx][y+yy]==".":
s822548963.py(63): 			elif S[x+xx][y+yy]=="#":
s822548963.py(64): 				continue
s822548963.py(59): 		for xx,yy in d2:
s822548963.py(60): 			if S[x+xx][y+yy]==".":
s822548963.py(63): 			elif S[x+xx][y+yy]=="#":
s822548963.py(64): 				continue
s822548963.py(59): 		for xx,yy in d2:
s822548963.py(60): 			if S[x+xx][y+yy]==".":
s822548963.py(63): 			elif S[x+xx][y+yy]=="#":
s822548963.py(64): 				continue
s822548963.py(59): 		for xx,yy in d2:
s822548963.py(60): 			if S[x+xx][y+yy]==".":
s822548963.py(63): 			elif S[x+xx][y+yy]=="#":
s822548963.py(64): 				continue
s822548963.py(59): 		for xx,yy in d2:
s822548963.py(45): 	while Q:
s822548963.py(47): 		d,x,y=Q.popleft()
s822548963.py(49): 		for xx,yy in d1:
s822548963.py(50): 			if S[x+xx][y+yy]==".":
s822548963.py(53): 			elif S[x+xx][y+yy]=="#":
s822548963.py(54): 				continue
s822548963.py(49): 		for xx,yy in d1:
s822548963.py(50): 			if S[x+xx][y+yy]==".":
s822548963.py(53): 			elif S[x+xx][y+yy]=="#":
s822548963.py(54): 				continue
s822548963.py(49): 		for xx,yy in d1:
s822548963.py(50): 			if S[x+xx][y+yy]==".":
s822548963.py(53): 			elif S[x+xx][y+yy]=="#":
s822548963.py(55): 			elif S[x+xx][y+yy]>d:
s822548963.py(49): 		for xx,yy in d1:
s822548963.py(50): 			if S[x+xx][y+yy]==".":
s822548963.py(53): 			elif S[x+xx][y+yy]=="#":
s822548963.py(54): 				continue
s822548963.py(49): 		for xx,yy in d1:
s822548963.py(59): 		for xx,yy in d2:
s822548963.py(60): 			if S[x+xx][y+yy]==".":
s822548963.py(63): 			elif S[x+xx][y+yy]=="#":
s822548963.py(64): 				continue
s822548963.py(59): 		for xx,yy in d2:
s822548963.py(60): 			if S[x+xx][y+yy]==".":
s822548963.py(63): 			elif S[x+xx][y+yy]=="#":
s822548963.py(64): 				continue
s822548963.py(59): 		for xx,yy in d2:
s822548963.py(60): 			if S[x+xx][y+yy]==".":
s822548963.py(63): 			elif S[x+xx][y+yy]=="#":
s822548963.py(65): 			elif S[x+xx][y+yy]>d+1:
s822548963.py(59): 		for xx,yy in d2:
s822548963.py(60): 			if S[x+xx][y+yy]==".":
s822548963.py(63): 			elif S[x+xx][y+yy]=="#":
s822548963.py(65): 			elif S[x+xx][y+yy]>d+1:
s822548963.py(59): 		for xx,yy in d2:
s822548963.py(60): 			if S[x+xx][y+yy]==".":
s822548963.py(63): 			elif S[x+xx][y+yy]=="#":
s822548963.py(64): 				continue
s822548963.py(59): 		for xx,yy in d2:
s822548963.py(60): 			if S[x+xx][y+yy]==".":
s822548963.py(63): 			elif S[x+xx][y+yy]=="#":
s822548963.py(64): 				continue
s822548963.py(59): 		for xx,yy in d2:
s822548963.py(60): 			if S[x+xx][y+yy]==".":
s822548963.py(63): 			elif S[x+xx][y+yy]=="#":
s822548963.py(64): 				continue
s822548963.py(59): 		for xx,yy in d2:
s822548963.py(60): 			if S[x+xx][y+yy]==".":
s822548963.py(63): 			elif S[x+xx][y+yy]=="#":
s822548963.py(65): 			elif S[x+xx][y+yy]>d+1:
s822548963.py(59): 		for xx,yy in d2:
s822548963.py(60): 			if S[x+xx][y+yy]==".":
s822548963.py(63): 			elif S[x+xx][y+yy]=="#":
s822548963.py(64): 				continue
s822548963.py(59): 		for xx,yy in d2:
s822548963.py(60): 			if S[x+xx][y+yy]==".":
s822548963.py(63): 			elif S[x+xx][y+yy]=="#":
s822548963.py(65): 			elif S[x+xx][y+yy]>d+1:
s822548963.py(59): 		for xx,yy in d2:
s822548963.py(60): 			if S[x+xx][y+yy]==".":
s822548963.py(63): 			elif S[x+xx][y+yy]=="#":
s822548963.py(64): 				continue
s822548963.py(59): 		for xx,yy in d2:
s822548963.py(60): 			if S[x+xx][y+yy]==".":
s822548963.py(63): 			elif S[x+xx][y+yy]=="#":
s822548963.py(64): 				continue
s822548963.py(59): 		for xx,yy in d2:
s822548963.py(60): 			if S[x+xx][y+yy]==".":
s822548963.py(63): 			elif S[x+xx][y+yy]=="#":
s822548963.py(65): 			elif S[x+xx][y+yy]>d+1:
s822548963.py(59): 		for xx,yy in d2:
s822548963.py(60): 			if S[x+xx][y+yy]==".":
s822548963.py(63): 			elif S[x+xx][y+yy]=="#":
s822548963.py(64): 				continue
s822548963.py(59): 		for xx,yy in d2:
s822548963.py(60): 			if S[x+xx][y+yy]==".":
s822548963.py(63): 			elif S[x+xx][y+yy]=="#":
s822548963.py(65): 			elif S[x+xx][y+yy]>d+1:
s822548963.py(59): 		for xx,yy in d2:
s822548963.py(60): 			if S[x+xx][y+yy]==".":
s822548963.py(63): 			elif S[x+xx][y+yy]=="#":
s822548963.py(64): 				continue
s822548963.py(59): 		for xx,yy in d2:
s822548963.py(60): 			if S[x+xx][y+yy]==".":
s822548963.py(63): 			elif S[x+xx][y+yy]=="#":
s822548963.py(64): 				continue
s822548963.py(59): 		for xx,yy in d2:
s822548963.py(60): 			if S[x+xx][y+yy]==".":
s822548963.py(63): 			elif S[x+xx][y+yy]=="#":
s822548963.py(64): 				continue
s822548963.py(59): 		for xx,yy in d2:
s822548963.py(60): 			if S[x+xx][y+yy]==".":
s822548963.py(63): 			elif S[x+xx][y+yy]=="#":
s822548963.py(64): 				continue
s822548963.py(59): 		for xx,yy in d2:
s822548963.py(60): 			if S[x+xx][y+yy]==".":
s822548963.py(63): 			elif S[x+xx][y+yy]=="#":
s822548963.py(64): 				continue
s822548963.py(59): 		for xx,yy in d2:
s822548963.py(60): 			if S[x+xx][y+yy]==".":
s822548963.py(63): 			elif S[x+xx][y+yy]=="#":
s822548963.py(64): 				continue
s822548963.py(59): 		for xx,yy in d2:
s822548963.py(60): 			if S[x+xx][y+yy]==".":
s822548963.py(63): 			elif S[x+xx][y+yy]=="#":
s822548963.py(64): 				continue
s822548963.py(59): 		for xx,yy in d2:
s822548963.py(60): 			if S[x+xx][y+yy]==".":
s822548963.py(63): 			elif S[x+xx][y+yy]=="#":
s822548963.py(64): 				continue
s822548963.py(59): 		for xx,yy in d2:
s822548963.py(60): 			if S[x+xx][y+yy]==".":
s822548963.py(63): 			elif S[x+xx][y+yy]=="#":
s822548963.py(64): 				continue
s822548963.py(59): 		for xx,yy in d2:
s822548963.py(60): 			if S[x+xx][y+yy]==".":
s822548963.py(63): 			elif S[x+xx][y+yy]=="#":
s822548963.py(64): 				continue
s822548963.py(59): 		for xx,yy in d2:
s822548963.py(45): 	while Q:
s822548963.py(47): 		d,x,y=Q.popleft()
s822548963.py(49): 		for xx,yy in d1:
s822548963.py(50): 			if S[x+xx][y+yy]==".":
s822548963.py(53): 			elif S[x+xx][y+yy]=="#":
s822548963.py(54): 				continue
s822548963.py(49): 		for xx,yy in d1:
s822548963.py(50): 			if S[x+xx][y+yy]==".":
s822548963.py(53): 			elif S[x+xx][y+yy]=="#":
s822548963.py(55): 			elif S[x+xx][y+yy]>d:
s822548963.py(49): 		for xx,yy in d1:
s822548963.py(50): 			if S[x+xx][y+yy]==".":
s822548963.py(53): 			elif S[x+xx][y+yy]=="#":
s822548963.py(55): 			elif S[x+xx][y+yy]>d:
s822548963.py(49): 		for xx,yy in d1:
s822548963.py(50): 			if S[x+xx][y+yy]==".":
s822548963.py(53): 			elif S[x+xx][y+yy]=="#":
s822548963.py(54): 				continue
s822548963.py(49): 		for xx,yy in d1:
s822548963.py(59): 		for xx,yy in d2:
s822548963.py(60): 			if S[x+xx][y+yy]==".":
s822548963.py(63): 			elif S[x+xx][y+yy]=="#":
s822548963.py(64): 				continue
s822548963.py(59): 		for xx,yy in d2:
s822548963.py(60): 			if S[x+xx][y+yy]==".":
s822548963.py(63): 			elif S[x+xx][y+yy]=="#":
s822548963.py(64): 				continue
s822548963.py(59): 		for xx,yy in d2:
s822548963.py(60): 			if S[x+xx][y+yy]==".":
s822548963.py(63): 			elif S[x+xx][y+yy]=="#":
s822548963.py(64): 				continue
s822548963.py(59): 		for xx,yy in d2:
s822548963.py(60): 			if S[x+xx][y+yy]==".":
s822548963.py(63): 			elif S[x+xx][y+yy]=="#":
s822548963.py(64): 				continue
s822548963.py(59): 		for xx,yy in d2:
s822548963.py(60): 			if S[x+xx][y+yy]==".":
s822548963.py(63): 			elif S[x+xx][y+yy]=="#":
s822548963.py(64): 				continue
s822548963.py(59): 		for xx,yy in d2:
s822548963.py(60): 			if S[x+xx][y+yy]==".":
s822548963.py(63): 			elif S[x+xx][y+yy]=="#":
s822548963.py(64): 				continue
s822548963.py(59): 		for xx,yy in d2:
s822548963.py(60): 			if S[x+xx][y+yy]==".":
s822548963.py(63): 			elif S[x+xx][y+yy]=="#":
s822548963.py(65): 			elif S[x+xx][y+yy]>d+1:
s822548963.py(59): 		for xx,yy in d2:
s822548963.py(60): 			if S[x+xx][y+yy]==".":
s822548963.py(63): 			elif S[x+xx][y+yy]=="#":
s822548963.py(65): 			elif S[x+xx][y+yy]>d+1:
s822548963.py(59): 		for xx,yy in d2:
s822548963.py(60): 			if S[x+xx][y+yy]==".":
s822548963.py(63): 			elif S[x+xx][y+yy]=="#":
s822548963.py(64): 				continue
s822548963.py(59): 		for xx,yy in d2:
s822548963.py(60): 			if S[x+xx][y+yy]==".":
s822548963.py(61): 				S[x+xx][y+yy]=d+1
s822548963.py(62): 				Q.append([d+1,x+xx,y+yy])
s822548963.py(59): 		for xx,yy in d2:
s822548963.py(60): 			if S[x+xx][y+yy]==".":
s822548963.py(63): 			elif S[x+xx][y+yy]=="#":
s822548963.py(64): 				continue
s822548963.py(59): 		for xx,yy in d2:
s822548963.py(60): 			if S[x+xx][y+yy]==".":
s822548963.py(63): 			elif S[x+xx][y+yy]=="#":
s822548963.py(65): 			elif S[x+xx][y+yy]>d+1:
s822548963.py(59): 		for xx,yy in d2:
s822548963.py(60): 			if S[x+xx][y+yy]==".":
s822548963.py(63): 			elif S[x+xx][y+yy]=="#":
s822548963.py(65): 			elif S[x+xx][y+yy]>d+1:
s822548963.py(59): 		for xx,yy in d2:
s822548963.py(60): 			if S[x+xx][y+yy]==".":
s822548963.py(63): 			elif S[x+xx][y+yy]=="#":
s822548963.py(64): 				continue
s822548963.py(59): 		for xx,yy in d2:
s822548963.py(60): 			if S[x+xx][y+yy]==".":
s822548963.py(61): 				S[x+xx][y+yy]=d+1
s822548963.py(62): 				Q.append([d+1,x+xx,y+yy])
s822548963.py(59): 		for xx,yy in d2:
s822548963.py(60): 			if S[x+xx][y+yy]==".":
s822548963.py(63): 			elif S[x+xx][y+yy]=="#":
s822548963.py(64): 				continue
s822548963.py(59): 		for xx,yy in d2:
s822548963.py(60): 			if S[x+xx][y+yy]==".":
s822548963.py(63): 			elif S[x+xx][y+yy]=="#":
s822548963.py(65): 			elif S[x+xx][y+yy]>d+1:
s822548963.py(59): 		for xx,yy in d2:
s822548963.py(60): 			if S[x+xx][y+yy]==".":
s822548963.py(63): 			elif S[x+xx][y+yy]=="#":
s822548963.py(64): 				continue
s822548963.py(59): 		for xx,yy in d2:
s822548963.py(60): 			if S[x+xx][y+yy]==".":
s822548963.py(63): 			elif S[x+xx][y+yy]=="#":
s822548963.py(65): 			elif S[x+xx][y+yy]>d+1:
s822548963.py(59): 		for xx,yy in d2:
s822548963.py(60): 			if S[x+xx][y+yy]==".":
s822548963.py(61): 				S[x+xx][y+yy]=d+1
s822548963.py(62): 				Q.append([d+1,x+xx,y+yy])
s822548963.py(59): 		for xx,yy in d2:
s822548963.py(60): 			if S[x+xx][y+yy]==".":
s822548963.py(63): 			elif S[x+xx][y+yy]=="#":
s822548963.py(64): 				continue
s822548963.py(59): 		for xx,yy in d2:
s822548963.py(60): 			if S[x+xx][y+yy]==".":
s822548963.py(63): 			elif S[x+xx][y+yy]=="#":
s822548963.py(65): 			elif S[x+xx][y+yy]>d+1:
s822548963.py(59): 		for xx,yy in d2:
s822548963.py(60): 			if S[x+xx][y+yy]==".":
s822548963.py(63): 			elif S[x+xx][y+yy]=="#":
s822548963.py(64): 				continue
s822548963.py(59): 		for xx,yy in d2:
s822548963.py(60): 			if S[x+xx][y+yy]==".":
s822548963.py(63): 			elif S[x+xx][y+yy]=="#":
s822548963.py(65): 			elif S[x+xx][y+yy]>d+1:
s822548963.py(59): 		for xx,yy in d2:
s822548963.py(60): 			if S[x+xx][y+yy]==".":
s822548963.py(61): 				S[x+xx][y+yy]=d+1
s822548963.py(62): 				Q.append([d+1,x+xx,y+yy])
s822548963.py(59): 		for xx,yy in d2:
s822548963.py(45): 	while Q:
s822548963.py(47): 		d,x,y=Q.popleft()
s822548963.py(49): 		for xx,yy in d1:
s822548963.py(50): 			if S[x+xx][y+yy]==".":
s822548963.py(53): 			elif S[x+xx][y+yy]=="#":
s822548963.py(54): 				continue
s822548963.py(49): 		for xx,yy in d1:
s822548963.py(50): 			if S[x+xx][y+yy]==".":
s822548963.py(53): 			elif S[x+xx][y+yy]=="#":
s822548963.py(55): 			elif S[x+xx][y+yy]>d:
s822548963.py(49): 		for xx,yy in d1:
s822548963.py(50): 			if S[x+xx][y+yy]==".":
s822548963.py(53): 			elif S[x+xx][y+yy]=="#":
s822548963.py(54): 				continue
s822548963.py(49): 		for xx,yy in d1:
s822548963.py(50): 			if S[x+xx][y+yy]==".":
s822548963.py(53): 			elif S[x+xx][y+yy]=="#":
s822548963.py(55): 			elif S[x+xx][y+yy]>d:
s822548963.py(49): 		for xx,yy in d1:
s822548963.py(59): 		for xx,yy in d2:
s822548963.py(60): 			if S[x+xx][y+yy]==".":
s822548963.py(63): 			elif S[x+xx][y+yy]=="#":
s822548963.py(64): 				continue
s822548963.py(59): 		for xx,yy in d2:
s822548963.py(60): 			if S[x+xx][y+yy]==".":
s822548963.py(63): 			elif S[x+xx][y+yy]=="#":
s822548963.py(64): 				continue
s822548963.py(59): 		for xx,yy in d2:
s822548963.py(60): 			if S[x+xx][y+yy]==".":
s822548963.py(63): 			elif S[x+xx][y+yy]=="#":
s822548963.py(64): 				continue
s822548963.py(59): 		for xx,yy in d2:
s822548963.py(60): 			if S[x+xx][y+yy]==".":
s822548963.py(63): 			elif S[x+xx][y+yy]=="#":
s822548963.py(64): 				continue
s822548963.py(59): 		for xx,yy in d2:
s822548963.py(60): 			if S[x+xx][y+yy]==".":
s822548963.py(63): 			elif S[x+xx][y+yy]=="#":
s822548963.py(64): 				continue
s822548963.py(59): 		for xx,yy in d2:
s822548963.py(60): 			if S[x+xx][y+yy]==".":
s822548963.py(63): 			elif S[x+xx][y+yy]=="#":
s822548963.py(64): 				continue
s822548963.py(59): 		for xx,yy in d2:
s822548963.py(60): 			if S[x+xx][y+yy]==".":
s822548963.py(63): 			elif S[x+xx][y+yy]=="#":
s822548963.py(64): 				continue
s822548963.py(59): 		for xx,yy in d2:
s822548963.py(60): 			if S[x+xx][y+yy]==".":
s822548963.py(63): 			elif S[x+xx][y+yy]=="#":
s822548963.py(64): 				continue
s822548963.py(59): 		for xx,yy in d2:
s822548963.py(60): 			if S[x+xx][y+yy]==".":
s822548963.py(63): 			elif S[x+xx][y+yy]=="#":
s822548963.py(64): 				continue
s822548963.py(59): 		for xx,yy in d2:
s822548963.py(60): 			if S[x+xx][y+yy]==".":
s822548963.py(63): 			elif S[x+xx][y+yy]=="#":
s822548963.py(64): 				continue
s822548963.py(59): 		for xx,yy in d2:
s822548963.py(60): 			if S[x+xx][y+yy]==".":
s822548963.py(63): 			elif S[x+xx][y+yy]=="#":
s822548963.py(64): 				continue
s822548963.py(59): 		for xx,yy in d2:
s822548963.py(60): 			if S[x+xx][y+yy]==".":
s822548963.py(63): 			elif S[x+xx][y+yy]=="#":
s822548963.py(65): 			elif S[x+xx][y+yy]>d+1:
s822548963.py(59): 		for xx,yy in d2:
s822548963.py(60): 			if S[x+xx][y+yy]==".":
s822548963.py(63): 			elif S[x+xx][y+yy]=="#":
s822548963.py(65): 			elif S[x+xx][y+yy]>d+1:
s822548963.py(59): 		for xx,yy in d2:
s822548963.py(60): 			if S[x+xx][y+yy]==".":
s822548963.py(63): 			elif S[x+xx][y+yy]=="#":
s822548963.py(64): 				continue
s822548963.py(59): 		for xx,yy in d2:
s822548963.py(60): 			if S[x+xx][y+yy]==".":
s822548963.py(63): 			elif S[x+xx][y+yy]=="#":
s822548963.py(65): 			elif S[x+xx][y+yy]>d+1:
s822548963.py(59): 		for xx,yy in d2:
s822548963.py(60): 			if S[x+xx][y+yy]==".":
s822548963.py(63): 			elif S[x+xx][y+yy]=="#":
s822548963.py(64): 				continue
s822548963.py(59): 		for xx,yy in d2:
s822548963.py(60): 			if S[x+xx][y+yy]==".":
s822548963.py(63): 			elif S[x+xx][y+yy]=="#":
s822548963.py(65): 			elif S[x+xx][y+yy]>d+1:
s822548963.py(59): 		for xx,yy in d2:
s822548963.py(60): 			if S[x+xx][y+yy]==".":
s822548963.py(63): 			elif S[x+xx][y+yy]=="#":
s822548963.py(65): 			elif S[x+xx][y+yy]>d+1:
s822548963.py(59): 		for xx,yy in d2:
s822548963.py(60): 			if S[x+xx][y+yy]==".":
s822548963.py(63): 			elif S[x+xx][y+yy]=="#":
s822548963.py(64): 				continue
s822548963.py(59): 		for xx,yy in d2:
s822548963.py(60): 			if S[x+xx][y+yy]==".":
s822548963.py(63): 			elif S[x+xx][y+yy]=="#":
s822548963.py(65): 			elif S[x+xx][y+yy]>d+1:
s822548963.py(59): 		for xx,yy in d2:
s822548963.py(60): 			if S[x+xx][y+yy]==".":
s822548963.py(63): 			elif S[x+xx][y+yy]=="#":
s822548963.py(64): 				continue
s822548963.py(59): 		for xx,yy in d2:
s822548963.py(60): 			if S[x+xx][y+yy]==".":
s822548963.py(63): 			elif S[x+xx][y+yy]=="#":
s822548963.py(65): 			elif S[x+xx][y+yy]>d+1:
s822548963.py(59): 		for xx,yy in d2:
s822548963.py(60): 			if S[x+xx][y+yy]==".":
s822548963.py(63): 			elif S[x+xx][y+yy]=="#":
s822548963.py(64): 				continue
s822548963.py(59): 		for xx,yy in d2:
s822548963.py(60): 			if S[x+xx][y+yy]==".":
s822548963.py(63): 			elif S[x+xx][y+yy]=="#":
s822548963.py(65): 			elif S[x+xx][y+yy]>d+1:
s822548963.py(59): 		for xx,yy in d2:
s822548963.py(60): 			if S[x+xx][y+yy]==".":
s822548963.py(63): 			elif S[x+xx][y+yy]=="#":
s822548963.py(65): 			elif S[x+xx][y+yy]>d+1:
s822548963.py(59): 		for xx,yy in d2:
s822548963.py(45): 	while Q:
s822548963.py(47): 		d,x,y=Q.popleft()
s822548963.py(49): 		for xx,yy in d1:
s822548963.py(50): 			if S[x+xx][y+yy]==".":
s822548963.py(53): 			elif S[x+xx][y+yy]=="#":
s822548963.py(54): 				continue
s822548963.py(49): 		for xx,yy in d1:
s822548963.py(50): 			if S[x+xx][y+yy]==".":
s822548963.py(53): 			elif S[x+xx][y+yy]=="#":
s822548963.py(55): 			elif S[x+xx][y+yy]>d:
s822548963.py(49): 		for xx,yy in d1:
s822548963.py(50): 			if S[x+xx][y+yy]==".":
s822548963.py(53): 			elif S[x+xx][y+yy]=="#":
s822548963.py(55): 			elif S[x+xx][y+yy]>d:
s822548963.py(49): 		for xx,yy in d1:
s822548963.py(50): 			if S[x+xx][y+yy]==".":
s822548963.py(53): 			elif S[x+xx][y+yy]=="#":
s822548963.py(54): 				continue
s822548963.py(49): 		for xx,yy in d1:
s822548963.py(59): 		for xx,yy in d2:
s822548963.py(60): 			if S[x+xx][y+yy]==".":
s822548963.py(63): 			elif S[x+xx][y+yy]=="#":
s822548963.py(64): 				continue
s822548963.py(59): 		for xx,yy in d2:
s822548963.py(60): 			if S[x+xx][y+yy]==".":
s822548963.py(63): 			elif S[x+xx][y+yy]=="#":
s822548963.py(64): 				continue
s822548963.py(59): 		for xx,yy in d2:
s822548963.py(60): 			if S[x+xx][y+yy]==".":
s822548963.py(63): 			elif S[x+xx][y+yy]=="#":
s822548963.py(64): 				continue
s822548963.py(59): 		for xx,yy in d2:
s822548963.py(60): 			if S[x+xx][y+yy]==".":
s822548963.py(63): 			elif S[x+xx][y+yy]=="#":
s822548963.py(64): 				continue
s822548963.py(59): 		for xx,yy in d2:
s822548963.py(60): 			if S[x+xx][y+yy]==".":
s822548963.py(63): 			elif S[x+xx][y+yy]=="#":
s822548963.py(64): 				continue
s822548963.py(59): 		for xx,yy in d2:
s822548963.py(60): 			if S[x+xx][y+yy]==".":
s822548963.py(63): 			elif S[x+xx][y+yy]=="#":
s822548963.py(64): 				continue
s822548963.py(59): 		for xx,yy in d2:
s822548963.py(60): 			if S[x+xx][y+yy]==".":
s822548963.py(63): 			elif S[x+xx][y+yy]=="#":
s822548963.py(65): 			elif S[x+xx][y+yy]>d+1:
s822548963.py(59): 		for xx,yy in d2:
s822548963.py(60): 			if S[x+xx][y+yy]==".":
s822548963.py(63): 			elif S[x+xx][y+yy]=="#":
s822548963.py(65): 			elif S[x+xx][y+yy]>d+1:
s822548963.py(59): 		for xx,yy in d2:
s822548963.py(60): 			if S[x+xx][y+yy]==".":
s822548963.py(63): 			elif S[x+xx][y+yy]=="#":
s822548963.py(64): 				continue
s822548963.py(59): 		for xx,yy in d2:
s822548963.py(60): 			if S[x+xx][y+yy]==".":
s822548963.py(63): 			elif S[x+xx][y+yy]=="#":
s822548963.py(65): 			elif S[x+xx][y+yy]>d+1:
s822548963.py(59): 		for xx,yy in d2:
s822548963.py(60): 			if S[x+xx][y+yy]==".":
s822548963.py(63): 			elif S[x+xx][y+yy]=="#":
s822548963.py(64): 				continue
s822548963.py(59): 		for xx,yy in d2:
s822548963.py(60): 			if S[x+xx][y+yy]==".":
s822548963.py(63): 			elif S[x+xx][y+yy]=="#":
s822548963.py(65): 			elif S[x+xx][y+yy]>d+1:
s822548963.py(59): 		for xx,yy in d2:
s822548963.py(60): 			if S[x+xx][y+yy]==".":
s822548963.py(63): 			elif S[x+xx][y+yy]=="#":
s822548963.py(65): 			elif S[x+xx][y+yy]>d+1:
s822548963.py(59): 		for xx,yy in d2:
s822548963.py(60): 			if S[x+xx][y+yy]==".":
s822548963.py(63): 			elif S[x+xx][y+yy]=="#":
s822548963.py(64): 				continue
s822548963.py(59): 		for xx,yy in d2:
s822548963.py(60): 			if S[x+xx][y+yy]==".":
s822548963.py(63): 			elif S[x+xx][y+yy]=="#":
s822548963.py(65): 			elif S[x+xx][y+yy]>d+1:
s822548963.py(59): 		for xx,yy in d2:
s822548963.py(60): 			if S[x+xx][y+yy]==".":
s822548963.py(63): 			elif S[x+xx][y+yy]=="#":
s822548963.py(64): 				continue
s822548963.py(59): 		for xx,yy in d2:
s822548963.py(60): 			if S[x+xx][y+yy]==".":
s822548963.py(63): 			elif S[x+xx][y+yy]=="#":
s822548963.py(65): 			elif S[x+xx][y+yy]>d+1:
s822548963.py(59): 		for xx,yy in d2:
s822548963.py(60): 			if S[x+xx][y+yy]==".":
s822548963.py(63): 			elif S[x+xx][y+yy]=="#":
s822548963.py(64): 				continue
s822548963.py(59): 		for xx,yy in d2:
s822548963.py(60): 			if S[x+xx][y+yy]==".":
s822548963.py(63): 			elif S[x+xx][y+yy]=="#":
s822548963.py(65): 			elif S[x+xx][y+yy]>d+1:
s822548963.py(59): 		for xx,yy in d2:
s822548963.py(60): 			if S[x+xx][y+yy]==".":
s822548963.py(63): 			elif S[x+xx][y+yy]=="#":
s822548963.py(65): 			elif S[x+xx][y+yy]>d+1:
s822548963.py(59): 		for xx,yy in d2:
s822548963.py(60): 			if S[x+xx][y+yy]==".":
s822548963.py(63): 			elif S[x+xx][y+yy]=="#":
s822548963.py(64): 				continue
s822548963.py(59): 		for xx,yy in d2:
s822548963.py(60): 			if S[x+xx][y+yy]==".":
s822548963.py(63): 			elif S[x+xx][y+yy]=="#":
s822548963.py(65): 			elif S[x+xx][y+yy]>d+1:
s822548963.py(59): 		for xx,yy in d2:
s822548963.py(60): 			if S[x+xx][y+yy]==".":
s822548963.py(63): 			elif S[x+xx][y+yy]=="#":
s822548963.py(64): 				continue
s822548963.py(59): 		for xx,yy in d2:
s822548963.py(60): 			if S[x+xx][y+yy]==".":
s822548963.py(63): 			elif S[x+xx][y+yy]=="#":
s822548963.py(65): 			elif S[x+xx][y+yy]>d+1:
s822548963.py(59): 		for xx,yy in d2:
s822548963.py(60): 			if S[x+xx][y+yy]==".":
s822548963.py(63): 			elif S[x+xx][y+yy]=="#":
s822548963.py(65): 			elif S[x+xx][y+yy]>d+1:
s822548963.py(59): 		for xx,yy in d2:
s822548963.py(45): 	while Q:
s822548963.py(47): 		d,x,y=Q.popleft()
s822548963.py(49): 		for xx,yy in d1:
s822548963.py(50): 			if S[x+xx][y+yy]==".":
s822548963.py(53): 			elif S[x+xx][y+yy]=="#":
s822548963.py(54): 				continue
s822548963.py(49): 		for xx,yy in d1:
s822548963.py(50): 			if S[x+xx][y+yy]==".":
s822548963.py(53): 			elif S[x+xx][y+yy]=="#":
s822548963.py(54): 				continue
s822548963.py(49): 		for xx,yy in d1:
s822548963.py(50): 			if S[x+xx][y+yy]==".":
s822548963.py(53): 			elif S[x+xx][y+yy]=="#":
s822548963.py(55): 			elif S[x+xx][y+yy]>d:
s822548963.py(49): 		for xx,yy in d1:
s822548963.py(50): 			if S[x+xx][y+yy]==".":
s822548963.py(53): 			elif S[x+xx][y+yy]=="#":
s822548963.py(55): 			elif S[x+xx][y+yy]>d:
s822548963.py(49): 		for xx,yy in d1:
s822548963.py(59): 		for xx,yy in d2:
s822548963.py(60): 			if S[x+xx][y+yy]==".":
s822548963.py(63): 			elif S[x+xx][y+yy]=="#":
s822548963.py(64): 				continue
s822548963.py(59): 		for xx,yy in d2:
s822548963.py(60): 			if S[x+xx][y+yy]==".":
s822548963.py(63): 			elif S[x+xx][y+yy]=="#":
s822548963.py(64): 				continue
s822548963.py(59): 		for xx,yy in d2:
s822548963.py(60): 			if S[x+xx][y+yy]==".":
s822548963.py(63): 			elif S[x+xx][y+yy]=="#":
s822548963.py(65): 			elif S[x+xx][y+yy]>d+1:
s822548963.py(59): 		for xx,yy in d2:
s822548963.py(60): 			if S[x+xx][y+yy]==".":
s822548963.py(63): 			elif S[x+xx][y+yy]=="#":
s822548963.py(65): 			elif S[x+xx][y+yy]>d+1:
s822548963.py(59): 		for xx,yy in d2:
s822548963.py(60): 			if S[x+xx][y+yy]==".":
s822548963.py(63): 			elif S[x+xx][y+yy]=="#":
s822548963.py(64): 				continue
s822548963.py(59): 		for xx,yy in d2:
s822548963.py(60): 			if S[x+xx][y+yy]==".":
s822548963.py(63): 			elif S[x+xx][y+yy]=="#":
s822548963.py(64): 				continue
s822548963.py(59): 		for xx,yy in d2:
s822548963.py(60): 			if S[x+xx][y+yy]==".":
s822548963.py(63): 			elif S[x+xx][y+yy]=="#":
s822548963.py(64): 				continue
s822548963.py(59): 		for xx,yy in d2:
s822548963.py(60): 			if S[x+xx][y+yy]==".":
s822548963.py(63): 			elif S[x+xx][y+yy]=="#":
s822548963.py(65): 			elif S[x+xx][y+yy]>d+1:
s822548963.py(59): 		for xx,yy in d2:
s822548963.py(60): 			if S[x+xx][y+yy]==".":
s822548963.py(63): 			elif S[x+xx][y+yy]=="#":
s822548963.py(65): 			elif S[x+xx][y+yy]>d+1:
s822548963.py(59): 		for xx,yy in d2:
s822548963.py(60): 			if S[x+xx][y+yy]==".":
s822548963.py(63): 			elif S[x+xx][y+yy]=="#":
s822548963.py(64): 				continue
s822548963.py(59): 		for xx,yy in d2:
s822548963.py(60): 			if S[x+xx][y+yy]==".":
s822548963.py(63): 			elif S[x+xx][y+yy]=="#":
s822548963.py(64): 				continue
s822548963.py(59): 		for xx,yy in d2:
s822548963.py(60): 			if S[x+xx][y+yy]==".":
s822548963.py(63): 			elif S[x+xx][y+yy]=="#":
s822548963.py(64): 				continue
s822548963.py(59): 		for xx,yy in d2:
s822548963.py(60): 			if S[x+xx][y+yy]==".":
s822548963.py(63): 			elif S[x+xx][y+yy]=="#":
s822548963.py(65): 			elif S[x+xx][y+yy]>d+1:
s822548963.py(59): 		for xx,yy in d2:
s822548963.py(60): 			if S[x+xx][y+yy]==".":
s822548963.py(63): 			elif S[x+xx][y+yy]=="#":
s822548963.py(64): 				continue
s822548963.py(59): 		for xx,yy in d2:
s822548963.py(60): 			if S[x+xx][y+yy]==".":
s822548963.py(63): 			elif S[x+xx][y+yy]=="#":
s822548963.py(65): 			elif S[x+xx][y+yy]>d+1:
s822548963.py(59): 		for xx,yy in d2:
s822548963.py(60): 			if S[x+xx][y+yy]==".":
s822548963.py(63): 			elif S[x+xx][y+yy]=="#":
s822548963.py(64): 				continue
s822548963.py(59): 		for xx,yy in d2:
s822548963.py(60): 			if S[x+xx][y+yy]==".":
s822548963.py(63): 			elif S[x+xx][y+yy]=="#":
s822548963.py(64): 				continue
s822548963.py(59): 		for xx,yy in d2:
s822548963.py(60): 			if S[x+xx][y+yy]==".":
s822548963.py(63): 			elif S[x+xx][y+yy]=="#":
s822548963.py(65): 			elif S[x+xx][y+yy]>d+1:
s822548963.py(59): 		for xx,yy in d2:
s822548963.py(60): 			if S[x+xx][y+yy]==".":
s822548963.py(63): 			elif S[x+xx][y+yy]=="#":
s822548963.py(64): 				continue
s822548963.py(59): 		for xx,yy in d2:
s822548963.py(60): 			if S[x+xx][y+yy]==".":
s822548963.py(63): 			elif S[x+xx][y+yy]=="#":
s822548963.py(65): 			elif S[x+xx][y+yy]>d+1:
s822548963.py(59): 		for xx,yy in d2:
s822548963.py(60): 			if S[x+xx][y+yy]==".":
s822548963.py(63): 			elif S[x+xx][y+yy]=="#":
s822548963.py(64): 				continue
s822548963.py(59): 		for xx,yy in d2:
s822548963.py(60): 			if S[x+xx][y+yy]==".":
s822548963.py(63): 			elif S[x+xx][y+yy]=="#":
s822548963.py(64): 				continue
s822548963.py(59): 		for xx,yy in d2:
s822548963.py(60): 			if S[x+xx][y+yy]==".":
s822548963.py(63): 			elif S[x+xx][y+yy]=="#":
s822548963.py(64): 				continue
s822548963.py(59): 		for xx,yy in d2:
s822548963.py(60): 			if S[x+xx][y+yy]==".":
s822548963.py(63): 			elif S[x+xx][y+yy]=="#":
s822548963.py(64): 				continue
s822548963.py(59): 		for xx,yy in d2:
s822548963.py(60): 			if S[x+xx][y+yy]==".":
s822548963.py(63): 			elif S[x+xx][y+yy]=="#":
s822548963.py(64): 				continue
s822548963.py(59): 		for xx,yy in d2:
s822548963.py(45): 	while Q:
s822548963.py(47): 		d,x,y=Q.popleft()
s822548963.py(49): 		for xx,yy in d1:
s822548963.py(50): 			if S[x+xx][y+yy]==".":
s822548963.py(53): 			elif S[x+xx][y+yy]=="#":
s822548963.py(55): 			elif S[x+xx][y+yy]>d:
s822548963.py(49): 		for xx,yy in d1:
s822548963.py(50): 			if S[x+xx][y+yy]==".":
s822548963.py(53): 			elif S[x+xx][y+yy]=="#":
s822548963.py(54): 				continue
s822548963.py(49): 		for xx,yy in d1:
s822548963.py(50): 			if S[x+xx][y+yy]==".":
s822548963.py(53): 			elif S[x+xx][y+yy]=="#":
s822548963.py(54): 				continue
s822548963.py(49): 		for xx,yy in d1:
s822548963.py(50): 			if S[x+xx][y+yy]==".":
s822548963.py(53): 			elif S[x+xx][y+yy]=="#":
s822548963.py(55): 			elif S[x+xx][y+yy]>d:
s822548963.py(49): 		for xx,yy in d1:
s822548963.py(59): 		for xx,yy in d2:
s822548963.py(60): 			if S[x+xx][y+yy]==".":
s822548963.py(63): 			elif S[x+xx][y+yy]=="#":
s822548963.py(65): 			elif S[x+xx][y+yy]>d+1:
s822548963.py(59): 		for xx,yy in d2:
s822548963.py(60): 			if S[x+xx][y+yy]==".":
s822548963.py(63): 			elif S[x+xx][y+yy]=="#":
s822548963.py(65): 			elif S[x+xx][y+yy]>d+1:
s822548963.py(59): 		for xx,yy in d2:
s822548963.py(60): 			if S[x+xx][y+yy]==".":
s822548963.py(63): 			elif S[x+xx][y+yy]=="#":
s822548963.py(64): 				continue
s822548963.py(59): 		for xx,yy in d2:
s822548963.py(60): 			if S[x+xx][y+yy]==".":
s822548963.py(63): 			elif S[x+xx][y+yy]=="#":
s822548963.py(65): 			elif S[x+xx][y+yy]>d+1:
s822548963.py(59): 		for xx,yy in d2:
s822548963.py(60): 			if S[x+xx][y+yy]==".":
s822548963.py(63): 			elif S[x+xx][y+yy]=="#":
s822548963.py(64): 				continue
s822548963.py(59): 		for xx,yy in d2:
s822548963.py(60): 			if S[x+xx][y+yy]==".":
s822548963.py(63): 			elif S[x+xx][y+yy]=="#":
s822548963.py(65): 			elif S[x+xx][y+yy]>d+1:
s822548963.py(59): 		for xx,yy in d2:
s822548963.py(60): 			if S[x+xx][y+yy]==".":
s822548963.py(63): 			elif S[x+xx][y+yy]=="#":
s822548963.py(65): 			elif S[x+xx][y+yy]>d+1:
s822548963.py(59): 		for xx,yy in d2:
s822548963.py(60): 			if S[x+xx][y+yy]==".":
s822548963.py(63): 			elif S[x+xx][y+yy]=="#":
s822548963.py(64): 				continue
s822548963.py(59): 		for xx,yy in d2:
s822548963.py(60): 			if S[x+xx][y+yy]==".":
s822548963.py(63): 			elif S[x+xx][y+yy]=="#":
s822548963.py(65): 			elif S[x+xx][y+yy]>d+1:
s822548963.py(59): 		for xx,yy in d2:
s822548963.py(60): 			if S[x+xx][y+yy]==".":
s822548963.py(63): 			elif S[x+xx][y+yy]=="#":
s822548963.py(64): 				continue
s822548963.py(59): 		for xx,yy in d2:
s822548963.py(60): 			if S[x+xx][y+yy]==".":
s822548963.py(63): 			elif S[x+xx][y+yy]=="#":
s822548963.py(65): 			elif S[x+xx][y+yy]>d+1:
s822548963.py(59): 		for xx,yy in d2:
s822548963.py(60): 			if S[x+xx][y+yy]==".":
s822548963.py(63): 			elif S[x+xx][y+yy]=="#":
s822548963.py(64): 				continue
s822548963.py(59): 		for xx,yy in d2:
s822548963.py(60): 			if S[x+xx][y+yy]==".":
s822548963.py(63): 			elif S[x+xx][y+yy]=="#":
s822548963.py(65): 			elif S[x+xx][y+yy]>d+1:
s822548963.py(59): 		for xx,yy in d2:
s822548963.py(60): 			if S[x+xx][y+yy]==".":
s822548963.py(63): 			elif S[x+xx][y+yy]=="#":
s822548963.py(65): 			elif S[x+xx][y+yy]>d+1:
s822548963.py(59): 		for xx,yy in d2:
s822548963.py(60): 			if S[x+xx][y+yy]==".":
s822548963.py(63): 			elif S[x+xx][y+yy]=="#":
s822548963.py(64): 				continue
s822548963.py(59): 		for xx,yy in d2:
s822548963.py(60): 			if S[x+xx][y+yy]==".":
s822548963.py(63): 			elif S[x+xx][y+yy]=="#":
s822548963.py(65): 			elif S[x+xx][y+yy]>d+1:
s822548963.py(59): 		for xx,yy in d2:
s822548963.py(60): 			if S[x+xx][y+yy]==".":
s822548963.py(63): 			elif S[x+xx][y+yy]=="#":
s822548963.py(64): 				continue
s822548963.py(59): 		for xx,yy in d2:
s822548963.py(60): 			if S[x+xx][y+yy]==".":
s822548963.py(63): 			elif S[x+xx][y+yy]=="#":
s822548963.py(65): 			elif S[x+xx][y+yy]>d+1:
s822548963.py(59): 		for xx,yy in d2:
s822548963.py(60): 			if S[x+xx][y+yy]==".":
s822548963.py(63): 			elif S[x+xx][y+yy]=="#":
s822548963.py(65): 			elif S[x+xx][y+yy]>d+1:
s822548963.py(59): 		for xx,yy in d2:
s822548963.py(60): 			if S[x+xx][y+yy]==".":
s822548963.py(63): 			elif S[x+xx][y+yy]=="#":
s822548963.py(64): 				continue
s822548963.py(59): 		for xx,yy in d2:
s822548963.py(60): 			if S[x+xx][y+yy]==".":
s822548963.py(63): 			elif S[x+xx][y+yy]=="#":
s822548963.py(64): 				continue
s822548963.py(59): 		for xx,yy in d2:
s822548963.py(60): 			if S[x+xx][y+yy]==".":
s822548963.py(63): 			elif S[x+xx][y+yy]=="#":
s822548963.py(64): 				continue
s822548963.py(59): 		for xx,yy in d2:
s822548963.py(60): 			if S[x+xx][y+yy]==".":
s822548963.py(63): 			elif S[x+xx][y+yy]=="#":
s822548963.py(64): 				continue
s822548963.py(59): 		for xx,yy in d2:
s822548963.py(60): 			if S[x+xx][y+yy]==".":
s822548963.py(63): 			elif S[x+xx][y+yy]=="#":
s822548963.py(64): 				continue
s822548963.py(59): 		for xx,yy in d2:
s822548963.py(60): 			if S[x+xx][y+yy]==".":
s822548963.py(63): 			elif S[x+xx][y+yy]=="#":
s822548963.py(64): 				continue
s822548963.py(59): 		for xx,yy in d2:
s822548963.py(45): 	while Q:
s822548963.py(47): 		d,x,y=Q.popleft()
s822548963.py(49): 		for xx,yy in d1:
s822548963.py(50): 			if S[x+xx][y+yy]==".":
s822548963.py(53): 			elif S[x+xx][y+yy]=="#":
s822548963.py(54): 				continue
s822548963.py(49): 		for xx,yy in d1:
s822548963.py(50): 			if S[x+xx][y+yy]==".":
s822548963.py(53): 			elif S[x+xx][y+yy]=="#":
s822548963.py(54): 				continue
s822548963.py(49): 		for xx,yy in d1:
s822548963.py(50): 			if S[x+xx][y+yy]==".":
s822548963.py(53): 			elif S[x+xx][y+yy]=="#":
s822548963.py(55): 			elif S[x+xx][y+yy]>d:
s822548963.py(49): 		for xx,yy in d1:
s822548963.py(50): 			if S[x+xx][y+yy]==".":
s822548963.py(53): 			elif S[x+xx][y+yy]=="#":
s822548963.py(54): 				continue
s822548963.py(49): 		for xx,yy in d1:
s822548963.py(59): 		for xx,yy in d2:
s822548963.py(60): 			if S[x+xx][y+yy]==".":
s822548963.py(63): 			elif S[x+xx][y+yy]=="#":
s822548963.py(64): 				continue
s822548963.py(59): 		for xx,yy in d2:
s822548963.py(60): 			if S[x+xx][y+yy]==".":
s822548963.py(63): 			elif S[x+xx][y+yy]=="#":
s822548963.py(64): 				continue
s822548963.py(59): 		for xx,yy in d2:
s822548963.py(60): 			if S[x+xx][y+yy]==".":
s822548963.py(63): 			elif S[x+xx][y+yy]=="#":
s822548963.py(65): 			elif S[x+xx][y+yy]>d+1:
s822548963.py(59): 		for xx,yy in d2:
s822548963.py(60): 			if S[x+xx][y+yy]==".":
s822548963.py(63): 			elif S[x+xx][y+yy]=="#":
s822548963.py(65): 			elif S[x+xx][y+yy]>d+1:
s822548963.py(59): 		for xx,yy in d2:
s822548963.py(60): 			if S[x+xx][y+yy]==".":
s822548963.py(63): 			elif S[x+xx][y+yy]=="#":
s822548963.py(64): 				continue
s822548963.py(59): 		for xx,yy in d2:
s822548963.py(60): 			if S[x+xx][y+yy]==".":
s822548963.py(63): 			elif S[x+xx][y+yy]=="#":
s822548963.py(64): 				continue
s822548963.py(59): 		for xx,yy in d2:
s822548963.py(60): 			if S[x+xx][y+yy]==".":
s822548963.py(63): 			elif S[x+xx][y+yy]=="#":
s822548963.py(64): 				continue
s822548963.py(59): 		for xx,yy in d2:
s822548963.py(60): 			if S[x+xx][y+yy]==".":
s822548963.py(63): 			elif S[x+xx][y+yy]=="#":
s822548963.py(65): 			elif S[x+xx][y+yy]>d+1:
s822548963.py(59): 		for xx,yy in d2:
s822548963.py(60): 			if S[x+xx][y+yy]==".":
s822548963.py(63): 			elif S[x+xx][y+yy]=="#":
s822548963.py(64): 				continue
s822548963.py(59): 		for xx,yy in d2:
s822548963.py(60): 			if S[x+xx][y+yy]==".":
s822548963.py(63): 			elif S[x+xx][y+yy]=="#":
s822548963.py(65): 			elif S[x+xx][y+yy]>d+1:
s822548963.py(59): 		for xx,yy in d2:
s822548963.py(60): 			if S[x+xx][y+yy]==".":
s822548963.py(63): 			elif S[x+xx][y+yy]=="#":
s822548963.py(64): 				continue
s822548963.py(59): 		for xx,yy in d2:
s822548963.py(60): 			if S[x+xx][y+yy]==".":
s822548963.py(63): 			elif S[x+xx][y+yy]=="#":
s822548963.py(64): 				continue
s822548963.py(59): 		for xx,yy in d2:
s822548963.py(60): 			if S[x+xx][y+yy]==".":
s822548963.py(63): 			elif S[x+xx][y+yy]=="#":
s822548963.py(65): 			elif S[x+xx][y+yy]>d+1:
s822548963.py(59): 		for xx,yy in d2:
s822548963.py(60): 			if S[x+xx][y+yy]==".":
s822548963.py(63): 			elif S[x+xx][y+yy]=="#":
s822548963.py(64): 				continue
s822548963.py(59): 		for xx,yy in d2:
s822548963.py(60): 			if S[x+xx][y+yy]==".":
s822548963.py(63): 			elif S[x+xx][y+yy]=="#":
s822548963.py(65): 			elif S[x+xx][y+yy]>d+1:
s822548963.py(59): 		for xx,yy in d2:
s822548963.py(60): 			if S[x+xx][y+yy]==".":
s822548963.py(63): 			elif S[x+xx][y+yy]=="#":
s822548963.py(64): 				continue
s822548963.py(59): 		for xx,yy in d2:
s822548963.py(60): 			if S[x+xx][y+yy]==".":
s822548963.py(63): 			elif S[x+xx][y+yy]=="#":
s822548963.py(64): 				continue
s822548963.py(59): 		for xx,yy in d2:
s822548963.py(60): 			if S[x+xx][y+yy]==".":
s822548963.py(63): 			elif S[x+xx][y+yy]=="#":
s822548963.py(64): 				continue
s822548963.py(59): 		for xx,yy in d2:
s822548963.py(60): 			if S[x+xx][y+yy]==".":
s822548963.py(63): 			elif S[x+xx][y+yy]=="#":
s822548963.py(64): 				continue
s822548963.py(59): 		for xx,yy in d2:
s822548963.py(60): 			if S[x+xx][y+yy]==".":
s822548963.py(63): 			elif S[x+xx][y+yy]=="#":
s822548963.py(64): 				continue
s822548963.py(59): 		for xx,yy in d2:
s822548963.py(60): 			if S[x+xx][y+yy]==".":
s822548963.py(63): 			elif S[x+xx][y+yy]=="#":
s822548963.py(64): 				continue
s822548963.py(59): 		for xx,yy in d2:
s822548963.py(60): 			if S[x+xx][y+yy]==".":
s822548963.py(63): 			elif S[x+xx][y+yy]=="#":
s822548963.py(64): 				continue
s822548963.py(59): 		for xx,yy in d2:
s822548963.py(60): 			if S[x+xx][y+yy]==".":
s822548963.py(63): 			elif S[x+xx][y+yy]=="#":
s822548963.py(64): 				continue
s822548963.py(59): 		for xx,yy in d2:
s822548963.py(60): 			if S[x+xx][y+yy]==".":
s822548963.py(63): 			elif S[x+xx][y+yy]=="#":
s822548963.py(64): 				continue
s822548963.py(59): 		for xx,yy in d2:
s822548963.py(60): 			if S[x+xx][y+yy]==".":
s822548963.py(63): 			elif S[x+xx][y+yy]=="#":
s822548963.py(64): 				continue
s822548963.py(59): 		for xx,yy in d2:
s822548963.py(45): 	while Q:
s822548963.py(47): 		d,x,y=Q.popleft()
s822548963.py(49): 		for xx,yy in d1:
s822548963.py(50): 			if S[x+xx][y+yy]==".":
s822548963.py(53): 			elif S[x+xx][y+yy]=="#":
s822548963.py(55): 			elif S[x+xx][y+yy]>d:
s822548963.py(49): 		for xx,yy in d1:
s822548963.py(50): 			if S[x+xx][y+yy]==".":
s822548963.py(53): 			elif S[x+xx][y+yy]=="#":
s822548963.py(54): 				continue
s822548963.py(49): 		for xx,yy in d1:
s822548963.py(50): 			if S[x+xx][y+yy]==".":
s822548963.py(53): 			elif S[x+xx][y+yy]=="#":
s822548963.py(55): 			elif S[x+xx][y+yy]>d:
s822548963.py(49): 		for xx,yy in d1:
s822548963.py(50): 			if S[x+xx][y+yy]==".":
s822548963.py(53): 			elif S[x+xx][y+yy]=="#":
s822548963.py(54): 				continue
s822548963.py(49): 		for xx,yy in d1:
s822548963.py(59): 		for xx,yy in d2:
s822548963.py(60): 			if S[x+xx][y+yy]==".":
s822548963.py(63): 			elif S[x+xx][y+yy]=="#":
s822548963.py(65): 			elif S[x+xx][y+yy]>d+1:
s822548963.py(59): 		for xx,yy in d2:
s822548963.py(60): 			if S[x+xx][y+yy]==".":
s822548963.py(63): 			elif S[x+xx][y+yy]=="#":
s822548963.py(65): 			elif S[x+xx][y+yy]>d+1:
s822548963.py(59): 		for xx,yy in d2:
s822548963.py(60): 			if S[x+xx][y+yy]==".":
s822548963.py(63): 			elif S[x+xx][y+yy]=="#":
s822548963.py(64): 				continue
s822548963.py(59): 		for xx,yy in d2:
s822548963.py(60): 			if S[x+xx][y+yy]==".":
s822548963.py(63): 			elif S[x+xx][y+yy]=="#":
s822548963.py(65): 			elif S[x+xx][y+yy]>d+1:
s822548963.py(59): 		for xx,yy in d2:
s822548963.py(60): 			if S[x+xx][y+yy]==".":
s822548963.py(63): 			elif S[x+xx][y+yy]=="#":
s822548963.py(64): 				continue
s822548963.py(59): 		for xx,yy in d2:
s822548963.py(60): 			if S[x+xx][y+yy]==".":
s822548963.py(63): 			elif S[x+xx][y+yy]=="#":
s822548963.py(65): 			elif S[x+xx][y+yy]>d+1:
s822548963.py(59): 		for xx,yy in d2:
s822548963.py(60): 			if S[x+xx][y+yy]==".":
s822548963.py(63): 			elif S[x+xx][y+yy]=="#":
s822548963.py(64): 				continue
s822548963.py(59): 		for xx,yy in d2:
s822548963.py(60): 			if S[x+xx][y+yy]==".":
s822548963.py(63): 			elif S[x+xx][y+yy]=="#":
s822548963.py(65): 			elif S[x+xx][y+yy]>d+1:
s822548963.py(59): 		for xx,yy in d2:
s822548963.py(60): 			if S[x+xx][y+yy]==".":
s822548963.py(63): 			elif S[x+xx][y+yy]=="#":
s822548963.py(65): 			elif S[x+xx][y+yy]>d+1:
s822548963.py(59): 		for xx,yy in d2:
s822548963.py(60): 			if S[x+xx][y+yy]==".":
s822548963.py(63): 			elif S[x+xx][y+yy]=="#":
s822548963.py(64): 				continue
s822548963.py(59): 		for xx,yy in d2:
s822548963.py(60): 			if S[x+xx][y+yy]==".":
s822548963.py(63): 			elif S[x+xx][y+yy]=="#":
s822548963.py(65): 			elif S[x+xx][y+yy]>d+1:
s822548963.py(59): 		for xx,yy in d2:
s822548963.py(60): 			if S[x+xx][y+yy]==".":
s822548963.py(63): 			elif S[x+xx][y+yy]=="#":
s822548963.py(64): 				continue
s822548963.py(59): 		for xx,yy in d2:
s822548963.py(60): 			if S[x+xx][y+yy]==".":
s822548963.py(63): 			elif S[x+xx][y+yy]=="#":
s822548963.py(65): 			elif S[x+xx][y+yy]>d+1:
s822548963.py(59): 		for xx,yy in d2:
s822548963.py(60): 			if S[x+xx][y+yy]==".":
s822548963.py(63): 			elif S[x+xx][y+yy]=="#":
s822548963.py(65): 			elif S[x+xx][y+yy]>d+1:
s822548963.py(59): 		for xx,yy in d2:
s822548963.py(60): 			if S[x+xx][y+yy]==".":
s822548963.py(63): 			elif S[x+xx][y+yy]=="#":
s822548963.py(64): 				continue
s822548963.py(59): 		for xx,yy in d2:
s822548963.py(60): 			if S[x+xx][y+yy]==".":
s822548963.py(63): 			elif S[x+xx][y+yy]=="#":
s822548963.py(64): 				continue
s822548963.py(59): 		for xx,yy in d2:
s822548963.py(60): 			if S[x+xx][y+yy]==".":
s822548963.py(63): 			elif S[x+xx][y+yy]=="#":
s822548963.py(64): 				continue
s822548963.py(59): 		for xx,yy in d2:
s822548963.py(60): 			if S[x+xx][y+yy]==".":
s822548963.py(63): 			elif S[x+xx][y+yy]=="#":
s822548963.py(64): 				continue
s822548963.py(59): 		for xx,yy in d2:
s822548963.py(60): 			if S[x+xx][y+yy]==".":
s822548963.py(63): 			elif S[x+xx][y+yy]=="#":
s822548963.py(64): 				continue
s822548963.py(59): 		for xx,yy in d2:
s822548963.py(60): 			if S[x+xx][y+yy]==".":
s822548963.py(63): 			elif S[x+xx][y+yy]=="#":
s822548963.py(64): 				continue
s822548963.py(59): 		for xx,yy in d2:
s822548963.py(60): 			if S[x+xx][y+yy]==".":
s822548963.py(63): 			elif S[x+xx][y+yy]=="#":
s822548963.py(64): 				continue
s822548963.py(59): 		for xx,yy in d2:
s822548963.py(60): 			if S[x+xx][y+yy]==".":
s822548963.py(63): 			elif S[x+xx][y+yy]=="#":
s822548963.py(64): 				continue
s822548963.py(59): 		for xx,yy in d2:
s822548963.py(60): 			if S[x+xx][y+yy]==".":
s822548963.py(63): 			elif S[x+xx][y+yy]=="#":
s822548963.py(64): 				continue
s822548963.py(59): 		for xx,yy in d2:
s822548963.py(60): 			if S[x+xx][y+yy]==".":
s822548963.py(63): 			elif S[x+xx][y+yy]=="#":
s822548963.py(64): 				continue
s822548963.py(59): 		for xx,yy in d2:
s822548963.py(60): 			if S[x+xx][y+yy]==".":
s822548963.py(63): 			elif S[x+xx][y+yy]=="#":
s822548963.py(64): 				continue
s822548963.py(59): 		for xx,yy in d2:
s822548963.py(45): 	while Q:
s822548963.py(47): 		d,x,y=Q.popleft()
s822548963.py(49): 		for xx,yy in d1:
s822548963.py(50): 			if S[x+xx][y+yy]==".":
s822548963.py(53): 			elif S[x+xx][y+yy]=="#":
s822548963.py(54): 				continue
s822548963.py(49): 		for xx,yy in d1:
s822548963.py(50): 			if S[x+xx][y+yy]==".":
s822548963.py(53): 			elif S[x+xx][y+yy]=="#":
s822548963.py(54): 				continue
s822548963.py(49): 		for xx,yy in d1:
s822548963.py(50): 			if S[x+xx][y+yy]==".":
s822548963.py(53): 			elif S[x+xx][y+yy]=="#":
s822548963.py(54): 				continue
s822548963.py(49): 		for xx,yy in d1:
s822548963.py(50): 			if S[x+xx][y+yy]==".":
s822548963.py(53): 			elif S[x+xx][y+yy]=="#":
s822548963.py(55): 			elif S[x+xx][y+yy]>d:
s822548963.py(49): 		for xx,yy in d1:
s822548963.py(59): 		for xx,yy in d2:
s822548963.py(60): 			if S[x+xx][y+yy]==".":
s822548963.py(63): 			elif S[x+xx][y+yy]=="#":
s822548963.py(64): 				continue
s822548963.py(59): 		for xx,yy in d2:
s822548963.py(60): 			if S[x+xx][y+yy]==".":
s822548963.py(63): 			elif S[x+xx][y+yy]=="#":
s822548963.py(64): 				continue
s822548963.py(59): 		for xx,yy in d2:
s822548963.py(60): 			if S[x+xx][y+yy]==".":
s822548963.py(63): 			elif S[x+xx][y+yy]=="#":
s822548963.py(64): 				continue
s822548963.py(59): 		for xx,yy in d2:
s822548963.py(60): 			if S[x+xx][y+yy]==".":
s822548963.py(63): 			elif S[x+xx][y+yy]=="#":
s822548963.py(64): 				continue
s822548963.py(59): 		for xx,yy in d2:
s822548963.py(60): 			if S[x+xx][y+yy]==".":
s822548963.py(63): 			elif S[x+xx][y+yy]=="#":
s822548963.py(64): 				continue
s822548963.py(59): 		for xx,yy in d2:
s822548963.py(60): 			if S[x+xx][y+yy]==".":
s822548963.py(63): 			elif S[x+xx][y+yy]=="#":
s822548963.py(64): 				continue
s822548963.py(59): 		for xx,yy in d2:
s822548963.py(60): 			if S[x+xx][y+yy]==".":
s822548963.py(63): 			elif S[x+xx][y+yy]=="#":
s822548963.py(64): 				continue
s822548963.py(59): 		for xx,yy in d2:
s822548963.py(60): 			if S[x+xx][y+yy]==".":
s822548963.py(63): 			elif S[x+xx][y+yy]=="#":
s822548963.py(64): 				continue
s822548963.py(59): 		for xx,yy in d2:
s822548963.py(60): 			if S[x+xx][y+yy]==".":
s822548963.py(63): 			elif S[x+xx][y+yy]=="#":
s822548963.py(64): 				continue
s822548963.py(59): 		for xx,yy in d2:
s822548963.py(60): 			if S[x+xx][y+yy]==".":
s822548963.py(63): 			elif S[x+xx][y+yy]=="#":
s822548963.py(64): 				continue
s822548963.py(59): 		for xx,yy in d2:
s822548963.py(60): 			if S[x+xx][y+yy]==".":
s822548963.py(63): 			elif S[x+xx][y+yy]=="#":
s822548963.py(65): 			elif S[x+xx][y+yy]>d+1:
s822548963.py(59): 		for xx,yy in d2:
s822548963.py(60): 			if S[x+xx][y+yy]==".":
s822548963.py(63): 			elif S[x+xx][y+yy]=="#":
s822548963.py(64): 				continue
s822548963.py(59): 		for xx,yy in d2:
s822548963.py(60): 			if S[x+xx][y+yy]==".":
s822548963.py(63): 			elif S[x+xx][y+yy]=="#":
s822548963.py(65): 			elif S[x+xx][y+yy]>d+1:
s822548963.py(59): 		for xx,yy in d2:
s822548963.py(60): 			if S[x+xx][y+yy]==".":
s822548963.py(63): 			elif S[x+xx][y+yy]=="#":
s822548963.py(64): 				continue
s822548963.py(59): 		for xx,yy in d2:
s822548963.py(60): 			if S[x+xx][y+yy]==".":
s822548963.py(63): 			elif S[x+xx][y+yy]=="#":
s822548963.py(64): 				continue
s822548963.py(59): 		for xx,yy in d2:
s822548963.py(60): 			if S[x+xx][y+yy]==".":
s822548963.py(63): 			elif S[x+xx][y+yy]=="#":
s822548963.py(65): 			elif S[x+xx][y+yy]>d+1:
s822548963.py(59): 		for xx,yy in d2:
s822548963.py(60): 			if S[x+xx][y+yy]==".":
s822548963.py(63): 			elif S[x+xx][y+yy]=="#":
s822548963.py(64): 				continue
s822548963.py(59): 		for xx,yy in d2:
s822548963.py(60): 			if S[x+xx][y+yy]==".":
s822548963.py(63): 			elif S[x+xx][y+yy]=="#":
s822548963.py(65): 			elif S[x+xx][y+yy]>d+1:
s822548963.py(59): 		for xx,yy in d2:
s822548963.py(60): 			if S[x+xx][y+yy]==".":
s822548963.py(63): 			elif S[x+xx][y+yy]=="#":
s822548963.py(64): 				continue
s822548963.py(59): 		for xx,yy in d2:
s822548963.py(60): 			if S[x+xx][y+yy]==".":
s822548963.py(63): 			elif S[x+xx][y+yy]=="#":
s822548963.py(64): 				continue
s822548963.py(59): 		for xx,yy in d2:
s822548963.py(60): 			if S[x+xx][y+yy]==".":
s822548963.py(63): 			elif S[x+xx][y+yy]=="#":
s822548963.py(64): 				continue
s822548963.py(59): 		for xx,yy in d2:
s822548963.py(60): 			if S[x+xx][y+yy]==".":
s822548963.py(63): 			elif S[x+xx][y+yy]=="#":
s822548963.py(65): 			elif S[x+xx][y+yy]>d+1:
s822548963.py(59): 		for xx,yy in d2:
s822548963.py(60): 			if S[x+xx][y+yy]==".":
s822548963.py(63): 			elif S[x+xx][y+yy]=="#":
s822548963.py(65): 			elif S[x+xx][y+yy]>d+1:
s822548963.py(59): 		for xx,yy in d2:
s822548963.py(60): 			if S[x+xx][y+yy]==".":
s822548963.py(63): 			elif S[x+xx][y+yy]=="#":
s822548963.py(64): 				continue
s822548963.py(59): 		for xx,yy in d2:
s822548963.py(60): 			if S[x+xx][y+yy]==".":
s822548963.py(63): 			elif S[x+xx][y+yy]=="#":
s822548963.py(64): 				continue
s822548963.py(59): 		for xx,yy in d2:
s822548963.py(45): 	while Q:
s822548963.py(47): 		d,x,y=Q.popleft()
s822548963.py(49): 		for xx,yy in d1:
s822548963.py(50): 			if S[x+xx][y+yy]==".":
s822548963.py(53): 			elif S[x+xx][y+yy]=="#":
s822548963.py(54): 				continue
s822548963.py(49): 		for xx,yy in d1:
s822548963.py(50): 			if S[x+xx][y+yy]==".":
s822548963.py(53): 			elif S[x+xx][y+yy]=="#":
s822548963.py(54): 				continue
s822548963.py(49): 		for xx,yy in d1:
s822548963.py(50): 			if S[x+xx][y+yy]==".":
s822548963.py(53): 			elif S[x+xx][y+yy]=="#":
s822548963.py(55): 			elif S[x+xx][y+yy]>d:
s822548963.py(49): 		for xx,yy in d1:
s822548963.py(50): 			if S[x+xx][y+yy]==".":
s822548963.py(53): 			elif S[x+xx][y+yy]=="#":
s822548963.py(55): 			elif S[x+xx][y+yy]>d:
s822548963.py(49): 		for xx,yy in d1:
s822548963.py(59): 		for xx,yy in d2:
s822548963.py(60): 			if S[x+xx][y+yy]==".":
s822548963.py(63): 			elif S[x+xx][y+yy]=="#":
s822548963.py(64): 				continue
s822548963.py(59): 		for xx,yy in d2:
s822548963.py(60): 			if S[x+xx][y+yy]==".":
s822548963.py(63): 			elif S[x+xx][y+yy]=="#":
s822548963.py(64): 				continue
s822548963.py(59): 		for xx,yy in d2:
s822548963.py(60): 			if S[x+xx][y+yy]==".":
s822548963.py(63): 			elif S[x+xx][y+yy]=="#":
s822548963.py(64): 				continue
s822548963.py(59): 		for xx,yy in d2:
s822548963.py(60): 			if S[x+xx][y+yy]==".":
s822548963.py(63): 			elif S[x+xx][y+yy]=="#":
s822548963.py(64): 				continue
s822548963.py(59): 		for xx,yy in d2:
s822548963.py(60): 			if S[x+xx][y+yy]==".":
s822548963.py(63): 			elif S[x+xx][y+yy]=="#":
s822548963.py(64): 				continue
s822548963.py(59): 		for xx,yy in d2:
s822548963.py(60): 			if S[x+xx][y+yy]==".":
s822548963.py(63): 			elif S[x+xx][y+yy]=="#":
s822548963.py(65): 			elif S[x+xx][y+yy]>d+1:
s822548963.py(59): 		for xx,yy in d2:
s822548963.py(60): 			if S[x+xx][y+yy]==".":
s822548963.py(63): 			elif S[x+xx][y+yy]=="#":
s822548963.py(64): 				continue
s822548963.py(59): 		for xx,yy in d2:
s822548963.py(60): 			if S[x+xx][y+yy]==".":
s822548963.py(63): 			elif S[x+xx][y+yy]=="#":
s822548963.py(65): 			elif S[x+xx][y+yy]>d+1:
s822548963.py(59): 		for xx,yy in d2:
s822548963.py(60): 			if S[x+xx][y+yy]==".":
s822548963.py(63): 			elif S[x+xx][y+yy]=="#":
s822548963.py(64): 				continue
s822548963.py(59): 		for xx,yy in d2:
s822548963.py(60): 			if S[x+xx][y+yy]==".":
s822548963.py(63): 			elif S[x+xx][y+yy]=="#":
s822548963.py(64): 				continue
s822548963.py(59): 		for xx,yy in d2:
s822548963.py(60): 			if S[x+xx][y+yy]==".":
s822548963.py(63): 			elif S[x+xx][y+yy]=="#":
s822548963.py(65): 			elif S[x+xx][y+yy]>d+1:
s822548963.py(59): 		for xx,yy in d2:
s822548963.py(60): 			if S[x+xx][y+yy]==".":
s822548963.py(63): 			elif S[x+xx][y+yy]=="#":
s822548963.py(64): 				continue
s822548963.py(59): 		for xx,yy in d2:
s822548963.py(60): 			if S[x+xx][y+yy]==".":
s822548963.py(63): 			elif S[x+xx][y+yy]=="#":
s822548963.py(65): 			elif S[x+xx][y+yy]>d+1:
s822548963.py(59): 		for xx,yy in d2:
s822548963.py(60): 			if S[x+xx][y+yy]==".":
s822548963.py(63): 			elif S[x+xx][y+yy]=="#":
s822548963.py(64): 				continue
s822548963.py(59): 		for xx,yy in d2:
s822548963.py(60): 			if S[x+xx][y+yy]==".":
s822548963.py(63): 			elif S[x+xx][y+yy]=="#":
s822548963.py(64): 				continue
s822548963.py(59): 		for xx,yy in d2:
s822548963.py(60): 			if S[x+xx][y+yy]==".":
s822548963.py(63): 			elif S[x+xx][y+yy]=="#":
s822548963.py(64): 				continue
s822548963.py(59): 		for xx,yy in d2:
s822548963.py(60): 			if S[x+xx][y+yy]==".":
s822548963.py(63): 			elif S[x+xx][y+yy]=="#":
s822548963.py(65): 			elif S[x+xx][y+yy]>d+1:
s822548963.py(59): 		for xx,yy in d2:
s822548963.py(60): 			if S[x+xx][y+yy]==".":
s822548963.py(63): 			elif S[x+xx][y+yy]=="#":
s822548963.py(65): 			elif S[x+xx][y+yy]>d+1:
s822548963.py(59): 		for xx,yy in d2:
s822548963.py(60): 			if S[x+xx][y+yy]==".":
s822548963.py(63): 			elif S[x+xx][y+yy]=="#":
s822548963.py(64): 				continue
s822548963.py(59): 		for xx,yy in d2:
s822548963.py(60): 			if S[x+xx][y+yy]==".":
s822548963.py(63): 			elif S[x+xx][y+yy]=="#":
s822548963.py(64): 				continue
s822548963.py(59): 		for xx,yy in d2:
s822548963.py(60): 			if S[x+xx][y+yy]==".":
s822548963.py(63): 			elif S[x+xx][y+yy]=="#":
s822548963.py(64): 				continue
s822548963.py(59): 		for xx,yy in d2:
s822548963.py(60): 			if S[x+xx][y+yy]==".":
s822548963.py(63): 			elif S[x+xx][y+yy]=="#":
s822548963.py(65): 			elif S[x+xx][y+yy]>d+1:
s822548963.py(59): 		for xx,yy in d2:
s822548963.py(60): 			if S[x+xx][y+yy]==".":
s822548963.py(63): 			elif S[x+xx][y+yy]=="#":
s822548963.py(65): 			elif S[x+xx][y+yy]>d+1:
s822548963.py(59): 		for xx,yy in d2:
s822548963.py(60): 			if S[x+xx][y+yy]==".":
s822548963.py(63): 			elif S[x+xx][y+yy]=="#":
s822548963.py(64): 				continue
s822548963.py(59): 		for xx,yy in d2:
s822548963.py(60): 			if S[x+xx][y+yy]==".":
s822548963.py(63): 			elif S[x+xx][y+yy]=="#":
s822548963.py(64): 				continue
s822548963.py(59): 		for xx,yy in d2:
s822548963.py(45): 	while Q:
s822548963.py(47): 		d,x,y=Q.popleft()
s822548963.py(49): 		for xx,yy in d1:
s822548963.py(50): 			if S[x+xx][y+yy]==".":
s822548963.py(53): 			elif S[x+xx][y+yy]=="#":
s822548963.py(54): 				continue
s822548963.py(49): 		for xx,yy in d1:
s822548963.py(50): 			if S[x+xx][y+yy]==".":
s822548963.py(53): 			elif S[x+xx][y+yy]=="#":
s822548963.py(55): 			elif S[x+xx][y+yy]>d:
s822548963.py(49): 		for xx,yy in d1:
s822548963.py(50): 			if S[x+xx][y+yy]==".":
s822548963.py(53): 			elif S[x+xx][y+yy]=="#":
s822548963.py(55): 			elif S[x+xx][y+yy]>d:
s822548963.py(49): 		for xx,yy in d1:
s822548963.py(50): 			if S[x+xx][y+yy]==".":
s822548963.py(53): 			elif S[x+xx][y+yy]=="#":
s822548963.py(55): 			elif S[x+xx][y+yy]>d:
s822548963.py(49): 		for xx,yy in d1:
s822548963.py(59): 		for xx,yy in d2:
s822548963.py(60): 			if S[x+xx][y+yy]==".":
s822548963.py(63): 			elif S[x+xx][y+yy]=="#":
s822548963.py(65): 			elif S[x+xx][y+yy]>d+1:
s822548963.py(59): 		for xx,yy in d2:
s822548963.py(60): 			if S[x+xx][y+yy]==".":
s822548963.py(63): 			elif S[x+xx][y+yy]=="#":
s822548963.py(64): 				continue
s822548963.py(59): 		for xx,yy in d2:
s822548963.py(60): 			if S[x+xx][y+yy]==".":
s822548963.py(63): 			elif S[x+xx][y+yy]=="#":
s822548963.py(65): 			elif S[x+xx][y+yy]>d+1:
s822548963.py(59): 		for xx,yy in d2:
s822548963.py(60): 			if S[x+xx][y+yy]==".":
s822548963.py(63): 			elif S[x+xx][y+yy]=="#":
s822548963.py(64): 				continue
s822548963.py(59): 		for xx,yy in d2:
s822548963.py(60): 			if S[x+xx][y+yy]==".":
s822548963.py(63): 			elif S[x+xx][y+yy]=="#":
s822548963.py(64): 				continue
s822548963.py(59): 		for xx,yy in d2:
s822548963.py(60): 			if S[x+xx][y+yy]==".":
s822548963.py(63): 			elif S[x+xx][y+yy]=="#":
s822548963.py(65): 			elif S[x+xx][y+yy]>d+1:
s822548963.py(59): 		for xx,yy in d2:
s822548963.py(60): 			if S[x+xx][y+yy]==".":
s822548963.py(63): 			elif S[x+xx][y+yy]=="#":
s822548963.py(64): 				continue
s822548963.py(59): 		for xx,yy in d2:
s822548963.py(60): 			if S[x+xx][y+yy]==".":
s822548963.py(63): 			elif S[x+xx][y+yy]=="#":
s822548963.py(65): 			elif S[x+xx][y+yy]>d+1:
s822548963.py(59): 		for xx,yy in d2:
s822548963.py(60): 			if S[x+xx][y+yy]==".":
s822548963.py(63): 			elif S[x+xx][y+yy]=="#":
s822548963.py(64): 				continue
s822548963.py(59): 		for xx,yy in d2:
s822548963.py(60): 			if S[x+xx][y+yy]==".":
s822548963.py(63): 			elif S[x+xx][y+yy]=="#":
s822548963.py(64): 				continue
s822548963.py(59): 		for xx,yy in d2:
s822548963.py(60): 			if S[x+xx][y+yy]==".":
s822548963.py(63): 			elif S[x+xx][y+yy]=="#":
s822548963.py(64): 				continue
s822548963.py(59): 		for xx,yy in d2:
s822548963.py(60): 			if S[x+xx][y+yy]==".":
s822548963.py(63): 			elif S[x+xx][y+yy]=="#":
s822548963.py(65): 			elif S[x+xx][y+yy]>d+1:
s822548963.py(59): 		for xx,yy in d2:
s822548963.py(60): 			if S[x+xx][y+yy]==".":
s822548963.py(63): 			elif S[x+xx][y+yy]=="#":
s822548963.py(65): 			elif S[x+xx][y+yy]>d+1:
s822548963.py(59): 		for xx,yy in d2:
s822548963.py(60): 			if S[x+xx][y+yy]==".":
s822548963.py(63): 			elif S[x+xx][y+yy]=="#":
s822548963.py(64): 				continue
s822548963.py(59): 		for xx,yy in d2:
s822548963.py(60): 			if S[x+xx][y+yy]==".":
s822548963.py(63): 			elif S[x+xx][y+yy]=="#":
s822548963.py(64): 				continue
s822548963.py(59): 		for xx,yy in d2:
s822548963.py(60): 			if S[x+xx][y+yy]==".":
s822548963.py(63): 			elif S[x+xx][y+yy]=="#":
s822548963.py(64): 				continue
s822548963.py(59): 		for xx,yy in d2:
s822548963.py(60): 			if S[x+xx][y+yy]==".":
s822548963.py(63): 			elif S[x+xx][y+yy]=="#":
s822548963.py(65): 			elif S[x+xx][y+yy]>d+1:
s822548963.py(59): 		for xx,yy in d2:
s822548963.py(60): 			if S[x+xx][y+yy]==".":
s822548963.py(63): 			elif S[x+xx][y+yy]=="#":
s822548963.py(65): 			elif S[x+xx][y+yy]>d+1:
s822548963.py(59): 		for xx,yy in d2:
s822548963.py(60): 			if S[x+xx][y+yy]==".":
s822548963.py(63): 			elif S[x+xx][y+yy]=="#":
s822548963.py(64): 				continue
s822548963.py(59): 		for xx,yy in d2:
s822548963.py(60): 			if S[x+xx][y+yy]==".":
s822548963.py(63): 			elif S[x+xx][y+yy]=="#":
s822548963.py(64): 				continue
s822548963.py(59): 		for xx,yy in d2:
s822548963.py(60): 			if S[x+xx][y+yy]==".":
s822548963.py(63): 			elif S[x+xx][y+yy]=="#":
s822548963.py(64): 				continue
s822548963.py(59): 		for xx,yy in d2:
s822548963.py(60): 			if S[x+xx][y+yy]==".":
s822548963.py(63): 			elif S[x+xx][y+yy]=="#":
s822548963.py(64): 				continue
s822548963.py(59): 		for xx,yy in d2:
s822548963.py(60): 			if S[x+xx][y+yy]==".":
s822548963.py(63): 			elif S[x+xx][y+yy]=="#":
s822548963.py(64): 				continue
s822548963.py(59): 		for xx,yy in d2:
s822548963.py(60): 			if S[x+xx][y+yy]==".":
s822548963.py(63): 			elif S[x+xx][y+yy]=="#":
s822548963.py(64): 				continue
s822548963.py(59): 		for xx,yy in d2:
s822548963.py(60): 			if S[x+xx][y+yy]==".":
s822548963.py(63): 			elif S[x+xx][y+yy]=="#":
s822548963.py(64): 				continue
s822548963.py(59): 		for xx,yy in d2:
s822548963.py(45): 	while Q:
s822548963.py(47): 		d,x,y=Q.popleft()
s822548963.py(49): 		for xx,yy in d1:
s822548963.py(50): 			if S[x+xx][y+yy]==".":
s822548963.py(53): 			elif S[x+xx][y+yy]=="#":
s822548963.py(54): 				continue
s822548963.py(49): 		for xx,yy in d1:
s822548963.py(50): 			if S[x+xx][y+yy]==".":
s822548963.py(53): 			elif S[x+xx][y+yy]=="#":
s822548963.py(55): 			elif S[x+xx][y+yy]>d:
s822548963.py(49): 		for xx,yy in d1:
s822548963.py(50): 			if S[x+xx][y+yy]==".":
s822548963.py(53): 			elif S[x+xx][y+yy]=="#":
s822548963.py(55): 			elif S[x+xx][y+yy]>d:
s822548963.py(49): 		for xx,yy in d1:
s822548963.py(50): 			if S[x+xx][y+yy]==".":
s822548963.py(53): 			elif S[x+xx][y+yy]=="#":
s822548963.py(54): 				continue
s822548963.py(49): 		for xx,yy in d1:
s822548963.py(59): 		for xx,yy in d2:
s822548963.py(60): 			if S[x+xx][y+yy]==".":
s822548963.py(63): 			elif S[x+xx][y+yy]=="#":
s822548963.py(65): 			elif S[x+xx][y+yy]>d+1:
s822548963.py(59): 		for xx,yy in d2:
s822548963.py(60): 			if S[x+xx][y+yy]==".":
s822548963.py(63): 			elif S[x+xx][y+yy]=="#":
s822548963.py(64): 				continue
s822548963.py(59): 		for xx,yy in d2:
s822548963.py(60): 			if S[x+xx][y+yy]==".":
s822548963.py(63): 			elif S[x+xx][y+yy]=="#":
s822548963.py(65): 			elif S[x+xx][y+yy]>d+1:
s822548963.py(59): 		for xx,yy in d2:
s822548963.py(60): 			if S[x+xx][y+yy]==".":
s822548963.py(63): 			elif S[x+xx][y+yy]=="#":
s822548963.py(64): 				continue
s822548963.py(59): 		for xx,yy in d2:
s822548963.py(60): 			if S[x+xx][y+yy]==".":
s822548963.py(63): 			elif S[x+xx][y+yy]=="#":
s822548963.py(64): 				continue
s822548963.py(59): 		for xx,yy in d2:
s822548963.py(60): 			if S[x+xx][y+yy]==".":
s822548963.py(63): 			elif S[x+xx][y+yy]=="#":
s822548963.py(64): 				continue
s822548963.py(59): 		for xx,yy in d2:
s822548963.py(60): 			if S[x+xx][y+yy]==".":
s822548963.py(63): 			elif S[x+xx][y+yy]=="#":
s822548963.py(65): 			elif S[x+xx][y+yy]>d+1:
s822548963.py(59): 		for xx,yy in d2:
s822548963.py(60): 			if S[x+xx][y+yy]==".":
s822548963.py(63): 			elif S[x+xx][y+yy]=="#":
s822548963.py(65): 			elif S[x+xx][y+yy]>d+1:
s822548963.py(59): 		for xx,yy in d2:
s822548963.py(60): 			if S[x+xx][y+yy]==".":
s822548963.py(63): 			elif S[x+xx][y+yy]=="#":
s822548963.py(64): 				continue
s822548963.py(59): 		for xx,yy in d2:
s822548963.py(60): 			if S[x+xx][y+yy]==".":
s822548963.py(63): 			elif S[x+xx][y+yy]=="#":
s822548963.py(64): 				continue
s822548963.py(59): 		for xx,yy in d2:
s822548963.py(60): 			if S[x+xx][y+yy]==".":
s822548963.py(63): 			elif S[x+xx][y+yy]=="#":
s822548963.py(64): 				continue
s822548963.py(59): 		for xx,yy in d2:
s822548963.py(60): 			if S[x+xx][y+yy]==".":
s822548963.py(63): 			elif S[x+xx][y+yy]=="#":
s822548963.py(65): 			elif S[x+xx][y+yy]>d+1:
s822548963.py(59): 		for xx,yy in d2:
s822548963.py(60): 			if S[x+xx][y+yy]==".":
s822548963.py(63): 			elif S[x+xx][y+yy]=="#":
s822548963.py(65): 			elif S[x+xx][y+yy]>d+1:
s822548963.py(59): 		for xx,yy in d2:
s822548963.py(60): 			if S[x+xx][y+yy]==".":
s822548963.py(63): 			elif S[x+xx][y+yy]=="#":
s822548963.py(64): 				continue
s822548963.py(59): 		for xx,yy in d2:
s822548963.py(60): 			if S[x+xx][y+yy]==".":
s822548963.py(63): 			elif S[x+xx][y+yy]=="#":
s822548963.py(64): 				continue
s822548963.py(59): 		for xx,yy in d2:
s822548963.py(60): 			if S[x+xx][y+yy]==".":
s822548963.py(63): 			elif S[x+xx][y+yy]=="#":
s822548963.py(64): 				continue
s822548963.py(59): 		for xx,yy in d2:
s822548963.py(60): 			if S[x+xx][y+yy]==".":
s822548963.py(63): 			elif S[x+xx][y+yy]=="#":
s822548963.py(64): 				continue
s822548963.py(59): 		for xx,yy in d2:
s822548963.py(60): 			if S[x+xx][y+yy]==".":
s822548963.py(63): 			elif S[x+xx][y+yy]=="#":
s822548963.py(64): 				continue
s822548963.py(59): 		for xx,yy in d2:
s822548963.py(60): 			if S[x+xx][y+yy]==".":
s822548963.py(63): 			elif S[x+xx][y+yy]=="#":
s822548963.py(64): 				continue
s822548963.py(59): 		for xx,yy in d2:
s822548963.py(60): 			if S[x+xx][y+yy]==".":
s822548963.py(63): 			elif S[x+xx][y+yy]=="#":
s822548963.py(64): 				continue
s822548963.py(59): 		for xx,yy in d2:
s822548963.py(60): 			if S[x+xx][y+yy]==".":
s822548963.py(63): 			elif S[x+xx][y+yy]=="#":
s822548963.py(64): 				continue
s822548963.py(59): 		for xx,yy in d2:
s822548963.py(60): 			if S[x+xx][y+yy]==".":
s822548963.py(63): 			elif S[x+xx][y+yy]=="#":
s822548963.py(64): 				continue
s822548963.py(59): 		for xx,yy in d2:
s822548963.py(60): 			if S[x+xx][y+yy]==".":
s822548963.py(63): 			elif S[x+xx][y+yy]=="#":
s822548963.py(64): 				continue
s822548963.py(59): 		for xx,yy in d2:
s822548963.py(60): 			if S[x+xx][y+yy]==".":
s822548963.py(63): 			elif S[x+xx][y+yy]=="#":
s822548963.py(64): 				continue
s822548963.py(59): 		for xx,yy in d2:
s822548963.py(60): 			if S[x+xx][y+yy]==".":
s822548963.py(63): 			elif S[x+xx][y+yy]=="#":
s822548963.py(64): 				continue
s822548963.py(59): 		for xx,yy in d2:
s822548963.py(45): 	while Q:
s822548963.py(73): 	print(-1 if S[dh][dw]=="." else S[dh][dw])
1
