 --- modulename: s823052028, funcname: <module>
s823052028.py(1): import sys
s823052028.py(3): from collections import deque, defaultdict, Counter; from heapq import heappush, heappop
 --- modulename: _bootstrap, funcname: _handle_fromlist
<frozen importlib._bootstrap>(1043): <frozen importlib._bootstrap>(1044): <frozen importlib._bootstrap>(1051): <frozen importlib._bootstrap>(1055): <frozen importlib._bootstrap>(1043): <frozen importlib._bootstrap>(1044): <frozen importlib._bootstrap>(1051): <frozen importlib._bootstrap>(1055): <frozen importlib._bootstrap>(1043): <frozen importlib._bootstrap>(1044): <frozen importlib._bootstrap>(1051): <frozen importlib._bootstrap>(1055): <frozen importlib._bootstrap>(1043): <frozen importlib._bootstrap>(1067): s823052028.py(7): sys.setrecursionlimit(10 ** 7)
s823052028.py(13): def wi(): return list(map(int, sys.stdin.readline().split()))
s823052028.py(14): def wip(): return [int(x) - 1 for x in sys.stdin.readline().split()]#WideIntPoint
s823052028.py(15): def ws(): return sys.stdin.readline().split()
s823052028.py(16): def i(): return int(sys.stdin.readline())
s823052028.py(17): def s(): return input()
s823052028.py(18): def hi(n): return [i() for _ in range(n)]
s823052028.py(19): def hs(n): return [s() for _ in range(n)]#HeightString
s823052028.py(20): def mi(n): return [wi() for _ in range(n)]#MatrixInt
s823052028.py(21): def mip(n): return [wip() for _ in range(n)]
s823052028.py(22): def ms(n): return [ws() for _ in range(n)]
s823052028.py(24): n, m = wi()
 --- modulename: s823052028, funcname: wi
s823052028.py(13): def wi(): return list(map(int, sys.stdin.readline().split()))
 --- modulename: codecs, funcname: getstate
codecs.py(333):         return (self.buffer, 0)
 --- modulename: codecs, funcname: decode
codecs.py(321):         data = self.buffer + input
codecs.py(322):         (result, consumed) = self._buffer_decode(data, self.errors, final)
codecs.py(324):         self.buffer = data[consumed:]
codecs.py(325):         return result
s823052028.py(25): ab = mi(m)
 --- modulename: s823052028, funcname: mi
s823052028.py(20): def mi(n): return [wi() for _ in range(n)]#MatrixInt
 --- modulename: s823052028, funcname: <listcomp>
s823052028.py(20): def mi(n): return [wi() for _ in range(n)]#MatrixInt
 --- modulename: s823052028, funcname: wi
s823052028.py(13): def wi(): return list(map(int, sys.stdin.readline().split()))
s823052028.py(20): def mi(n): return [wi() for _ in range(n)]#MatrixInt
 --- modulename: s823052028, funcname: wi
s823052028.py(13): def wi(): return list(map(int, sys.stdin.readline().split()))
s823052028.py(20): def mi(n): return [wi() for _ in range(n)]#MatrixInt
 --- modulename: s823052028, funcname: wi
s823052028.py(13): def wi(): return list(map(int, sys.stdin.readline().split()))
s823052028.py(20): def mi(n): return [wi() for _ in range(n)]#MatrixInt
 --- modulename: s823052028, funcname: wi
s823052028.py(13): def wi(): return list(map(int, sys.stdin.readline().split()))
s823052028.py(20): def mi(n): return [wi() for _ in range(n)]#MatrixInt
s823052028.py(27): point = [0 for i in range(n + 1)]
 --- modulename: s823052028, funcname: <listcomp>
s823052028.py(27): point = [0 for i in range(n + 1)]
s823052028.py(27): point = [0 for i in range(n + 1)]
s823052028.py(27): point = [0 for i in range(n + 1)]
s823052028.py(27): point = [0 for i in range(n + 1)]
s823052028.py(27): point = [0 for i in range(n + 1)]
s823052028.py(27): point = [0 for i in range(n + 1)]
s823052028.py(29): for i in range(m):
s823052028.py(30):     point[ab[i][0]] += 1
s823052028.py(31):     point[ab[i][1]] += 1
s823052028.py(29): for i in range(m):
s823052028.py(30):     point[ab[i][0]] += 1
s823052028.py(31):     point[ab[i][1]] += 1
s823052028.py(29): for i in range(m):
s823052028.py(30):     point[ab[i][0]] += 1
s823052028.py(31):     point[ab[i][1]] += 1
s823052028.py(29): for i in range(m):
s823052028.py(30):     point[ab[i][0]] += 1
s823052028.py(31):     point[ab[i][1]] += 1
s823052028.py(29): for i in range(m):
s823052028.py(33): print("YES" if all(i % 2 == 0 for i in point) else "NO")
 --- modulename: s823052028, funcname: <genexpr>
s823052028.py(33): print("YES" if all(i % 2 == 0 for i in point) else "NO")
 --- modulename: s823052028, funcname: <genexpr>
s823052028.py(33): print("YES" if all(i % 2 == 0 for i in point) else "NO")
 --- modulename: s823052028, funcname: <genexpr>
s823052028.py(33): print("YES" if all(i % 2 == 0 for i in point) else "NO")
 --- modulename: s823052028, funcname: <genexpr>
s823052028.py(33): print("YES" if all(i % 2 == 0 for i in point) else "NO")
 --- modulename: s823052028, funcname: <genexpr>
s823052028.py(33): print("YES" if all(i % 2 == 0 for i in point) else "NO")
 --- modulename: s823052028, funcname: <genexpr>
s823052028.py(33): print("YES" if all(i % 2 == 0 for i in point) else "NO")
YES
