 --- modulename: s826279478, funcname: <module>
s826279478.py(1): class SegmentTree():
 --- modulename: s826279478, funcname: SegmentTree
s826279478.py(1): class SegmentTree():
s826279478.py(3):     def __init__(self,init_val,n): #init_valは長さnの配列 O(2*n)
s826279478.py(16):     def update(self,k,x): #k番目の要素をxに変更する O(logN)
s826279478.py(23):     def query(self,p,q): #[p,q)のクエリに答える O(logN)
s826279478.py(49): def main():
s826279478.py(75): if __name__=='__main__':
s826279478.py(76):     main()
 --- modulename: s826279478, funcname: main
s826279478.py(50):     n=int(input())
 --- modulename: codecs, funcname: getstate
codecs.py(333):         return (self.buffer, 0)
 --- modulename: codecs, funcname: decode
codecs.py(321):         data = self.buffer + input
codecs.py(322):         (result, consumed) = self._buffer_decode(data, self.errors, final)
codecs.py(324):         self.buffer = data[consumed:]
codecs.py(325):         return result
s826279478.py(51):     s=input()
s826279478.py(53):     dic={i:j for i,j in zip('abcdefghijklmnopqrstuvwxyz',[2**i for i in range(26)])}
 --- modulename: s826279478, funcname: <listcomp>
s826279478.py(53):     dic={i:j for i,j in zip('abcdefghijklmnopqrstuvwxyz',[2**i for i in range(26)])}
s826279478.py(53):     dic={i:j for i,j in zip('abcdefghijklmnopqrstuvwxyz',[2**i for i in range(26)])}
s826279478.py(53):     dic={i:j for i,j in zip('abcdefghijklmnopqrstuvwxyz',[2**i for i in range(26)])}
s826279478.py(53):     dic={i:j for i,j in zip('abcdefghijklmnopqrstuvwxyz',[2**i for i in range(26)])}
s826279478.py(53):     dic={i:j for i,j in zip('abcdefghijklmnopqrstuvwxyz',[2**i for i in range(26)])}
s826279478.py(53):     dic={i:j for i,j in zip('abcdefghijklmnopqrstuvwxyz',[2**i for i in range(26)])}
s826279478.py(53):     dic={i:j for i,j in zip('abcdefghijklmnopqrstuvwxyz',[2**i for i in range(26)])}
s826279478.py(53):     dic={i:j for i,j in zip('abcdefghijklmnopqrstuvwxyz',[2**i for i in range(26)])}
s826279478.py(53):     dic={i:j for i,j in zip('abcdefghijklmnopqrstuvwxyz',[2**i for i in range(26)])}
s826279478.py(53):     dic={i:j for i,j in zip('abcdefghijklmnopqrstuvwxyz',[2**i for i in range(26)])}
s826279478.py(53):     dic={i:j for i,j in zip('abcdefghijklmnopqrstuvwxyz',[2**i for i in range(26)])}
s826279478.py(53):     dic={i:j for i,j in zip('abcdefghijklmnopqrstuvwxyz',[2**i for i in range(26)])}
s826279478.py(53):     dic={i:j for i,j in zip('abcdefghijklmnopqrstuvwxyz',[2**i for i in range(26)])}
s826279478.py(53):     dic={i:j for i,j in zip('abcdefghijklmnopqrstuvwxyz',[2**i for i in range(26)])}
s826279478.py(53):     dic={i:j for i,j in zip('abcdefghijklmnopqrstuvwxyz',[2**i for i in range(26)])}
s826279478.py(53):     dic={i:j for i,j in zip('abcdefghijklmnopqrstuvwxyz',[2**i for i in range(26)])}
s826279478.py(53):     dic={i:j for i,j in zip('abcdefghijklmnopqrstuvwxyz',[2**i for i in range(26)])}
s826279478.py(53):     dic={i:j for i,j in zip('abcdefghijklmnopqrstuvwxyz',[2**i for i in range(26)])}
s826279478.py(53):     dic={i:j for i,j in zip('abcdefghijklmnopqrstuvwxyz',[2**i for i in range(26)])}
s826279478.py(53):     dic={i:j for i,j in zip('abcdefghijklmnopqrstuvwxyz',[2**i for i in range(26)])}
s826279478.py(53):     dic={i:j for i,j in zip('abcdefghijklmnopqrstuvwxyz',[2**i for i in range(26)])}
s826279478.py(53):     dic={i:j for i,j in zip('abcdefghijklmnopqrstuvwxyz',[2**i for i in range(26)])}
s826279478.py(53):     dic={i:j for i,j in zip('abcdefghijklmnopqrstuvwxyz',[2**i for i in range(26)])}
s826279478.py(53):     dic={i:j for i,j in zip('abcdefghijklmnopqrstuvwxyz',[2**i for i in range(26)])}
s826279478.py(53):     dic={i:j for i,j in zip('abcdefghijklmnopqrstuvwxyz',[2**i for i in range(26)])}
s826279478.py(53):     dic={i:j for i,j in zip('abcdefghijklmnopqrstuvwxyz',[2**i for i in range(26)])}
s826279478.py(53):     dic={i:j for i,j in zip('abcdefghijklmnopqrstuvwxyz',[2**i for i in range(26)])}
 --- modulename: s826279478, funcname: <dictcomp>
s826279478.py(53):     dic={i:j for i,j in zip('abcdefghijklmnopqrstuvwxyz',[2**i for i in range(26)])}
s826279478.py(53):     dic={i:j for i,j in zip('abcdefghijklmnopqrstuvwxyz',[2**i for i in range(26)])}
s826279478.py(53):     dic={i:j for i,j in zip('abcdefghijklmnopqrstuvwxyz',[2**i for i in range(26)])}
s826279478.py(53):     dic={i:j for i,j in zip('abcdefghijklmnopqrstuvwxyz',[2**i for i in range(26)])}
s826279478.py(53):     dic={i:j for i,j in zip('abcdefghijklmnopqrstuvwxyz',[2**i for i in range(26)])}
s826279478.py(53):     dic={i:j for i,j in zip('abcdefghijklmnopqrstuvwxyz',[2**i for i in range(26)])}
s826279478.py(53):     dic={i:j for i,j in zip('abcdefghijklmnopqrstuvwxyz',[2**i for i in range(26)])}
s826279478.py(53):     dic={i:j for i,j in zip('abcdefghijklmnopqrstuvwxyz',[2**i for i in range(26)])}
s826279478.py(53):     dic={i:j for i,j in zip('abcdefghijklmnopqrstuvwxyz',[2**i for i in range(26)])}
s826279478.py(53):     dic={i:j for i,j in zip('abcdefghijklmnopqrstuvwxyz',[2**i for i in range(26)])}
s826279478.py(53):     dic={i:j for i,j in zip('abcdefghijklmnopqrstuvwxyz',[2**i for i in range(26)])}
s826279478.py(53):     dic={i:j for i,j in zip('abcdefghijklmnopqrstuvwxyz',[2**i for i in range(26)])}
s826279478.py(53):     dic={i:j for i,j in zip('abcdefghijklmnopqrstuvwxyz',[2**i for i in range(26)])}
s826279478.py(53):     dic={i:j for i,j in zip('abcdefghijklmnopqrstuvwxyz',[2**i for i in range(26)])}
s826279478.py(53):     dic={i:j for i,j in zip('abcdefghijklmnopqrstuvwxyz',[2**i for i in range(26)])}
s826279478.py(53):     dic={i:j for i,j in zip('abcdefghijklmnopqrstuvwxyz',[2**i for i in range(26)])}
s826279478.py(53):     dic={i:j for i,j in zip('abcdefghijklmnopqrstuvwxyz',[2**i for i in range(26)])}
s826279478.py(53):     dic={i:j for i,j in zip('abcdefghijklmnopqrstuvwxyz',[2**i for i in range(26)])}
s826279478.py(53):     dic={i:j for i,j in zip('abcdefghijklmnopqrstuvwxyz',[2**i for i in range(26)])}
s826279478.py(53):     dic={i:j for i,j in zip('abcdefghijklmnopqrstuvwxyz',[2**i for i in range(26)])}
s826279478.py(53):     dic={i:j for i,j in zip('abcdefghijklmnopqrstuvwxyz',[2**i for i in range(26)])}
s826279478.py(53):     dic={i:j for i,j in zip('abcdefghijklmnopqrstuvwxyz',[2**i for i in range(26)])}
s826279478.py(53):     dic={i:j for i,j in zip('abcdefghijklmnopqrstuvwxyz',[2**i for i in range(26)])}
s826279478.py(53):     dic={i:j for i,j in zip('abcdefghijklmnopqrstuvwxyz',[2**i for i in range(26)])}
s826279478.py(53):     dic={i:j for i,j in zip('abcdefghijklmnopqrstuvwxyz',[2**i for i in range(26)])}
s826279478.py(53):     dic={i:j for i,j in zip('abcdefghijklmnopqrstuvwxyz',[2**i for i in range(26)])}
s826279478.py(53):     dic={i:j for i,j in zip('abcdefghijklmnopqrstuvwxyz',[2**i for i in range(26)])}
s826279478.py(54):     l=[0]*n
s826279478.py(56):     for i in range(n):
s826279478.py(57):         l[i]=dic[s[i]]
s826279478.py(56):     for i in range(n):
s826279478.py(57):         l[i]=dic[s[i]]
s826279478.py(56):     for i in range(n):
s826279478.py(57):         l[i]=dic[s[i]]
s826279478.py(56):     for i in range(n):
s826279478.py(57):         l[i]=dic[s[i]]
s826279478.py(56):     for i in range(n):
s826279478.py(57):         l[i]=dic[s[i]]
s826279478.py(56):     for i in range(n):
s826279478.py(57):         l[i]=dic[s[i]]
s826279478.py(56):     for i in range(n):
s826279478.py(57):         l[i]=dic[s[i]]
s826279478.py(56):     for i in range(n):
s826279478.py(59):     st=SegmentTree(l,n)
 --- modulename: s826279478, funcname: __init__
s826279478.py(4):         self.n=n
s826279478.py(5):         self.ide_ele=0
s826279478.py(6):         self.num=pow(2,n-1).bit_length() #n以上の最小の2のべき乗
s826279478.py(7):         self.seg=[self.ide_ele]*2*self.num #セグメントツリー本体
s826279478.py(9):         for i in range(n):
s826279478.py(10):             self.seg[i+self.num-1]=init_val[i] 
s826279478.py(9):         for i in range(n):
s826279478.py(10):             self.seg[i+self.num-1]=init_val[i] 
s826279478.py(9):         for i in range(n):
s826279478.py(10):             self.seg[i+self.num-1]=init_val[i] 
s826279478.py(9):         for i in range(n):
s826279478.py(10):             self.seg[i+self.num-1]=init_val[i] 
s826279478.py(9):         for i in range(n):
s826279478.py(10):             self.seg[i+self.num-1]=init_val[i] 
s826279478.py(9):         for i in range(n):
s826279478.py(10):             self.seg[i+self.num-1]=init_val[i] 
s826279478.py(9):         for i in range(n):
s826279478.py(10):             self.seg[i+self.num-1]=init_val[i] 
s826279478.py(9):         for i in range(n):
s826279478.py(12):         for i in range(self.num-2,-1,-1):
s826279478.py(13):             self.seg[i]=(self.seg[2*i+1])|(self.seg[2*i+2])        
s826279478.py(12):         for i in range(self.num-2,-1,-1):
s826279478.py(13):             self.seg[i]=(self.seg[2*i+1])|(self.seg[2*i+2])        
s826279478.py(12):         for i in range(self.num-2,-1,-1):
s826279478.py(13):             self.seg[i]=(self.seg[2*i+1])|(self.seg[2*i+2])        
s826279478.py(12):         for i in range(self.num-2,-1,-1):
s826279478.py(13):             self.seg[i]=(self.seg[2*i+1])|(self.seg[2*i+2])        
s826279478.py(12):         for i in range(self.num-2,-1,-1):
s826279478.py(13):             self.seg[i]=(self.seg[2*i+1])|(self.seg[2*i+2])        
s826279478.py(12):         for i in range(self.num-2,-1,-1):
s826279478.py(13):             self.seg[i]=(self.seg[2*i+1])|(self.seg[2*i+2])        
s826279478.py(12):         for i in range(self.num-2,-1,-1):
s826279478.py(61):     q=int(input())
s826279478.py(62):     for _ in range(q):
s826279478.py(63):         a=list(map(str,input().split()))
s826279478.py(64):         a[0]=int(a[0])
s826279478.py(66):         if a[0]==1:
s826279478.py(71):             a[1]=int(a[1])-1
s826279478.py(72):             a[2]=int(a[2])
s826279478.py(73):             print(st.query(a[1],a[2]))
 --- modulename: s826279478, funcname: query
s826279478.py(24):         if q<=p:
s826279478.py(27):         p+=self.num-1
s826279478.py(28):         q+=self.num-2
s826279478.py(29):         res=self.ide_ele
s826279478.py(31):         while q-p>1:
s826279478.py(33):             if (p&1)==0:
s826279478.py(34):                 res|=self.seg[p]
s826279478.py(36):             if (q&1)==1:
s826279478.py(37):                 res|=self.seg[q]
s826279478.py(38):                 q-=1
s826279478.py(39):             p//=2
s826279478.py(40):             q=(q-1)//2
s826279478.py(31):         while q-p>1:
s826279478.py(42):         if p==q:
s826279478.py(43):             res|=self.seg[p]
s826279478.py(47):         return bin(res).count('1')
3
s826279478.py(62):     for _ in range(q):
s826279478.py(63):         a=list(map(str,input().split()))
s826279478.py(64):         a[0]=int(a[0])
s826279478.py(66):         if a[0]==1:
s826279478.py(67):             a[1]=int(a[1])
s826279478.py(68):             st.update(a[1]-1,dic[a[2]])
 --- modulename: s826279478, funcname: update
s826279478.py(17):         k+=self.num-1
s826279478.py(18):         self.seg[k]=x
s826279478.py(19):         while k:
s826279478.py(20):             k=(k-1)//2
s826279478.py(21):             self.seg[k]=(self.seg[2*k+1])|(self.seg[2*k+2])
s826279478.py(19):         while k:
s826279478.py(20):             k=(k-1)//2
s826279478.py(21):             self.seg[k]=(self.seg[2*k+1])|(self.seg[2*k+2])
s826279478.py(19):         while k:
s826279478.py(20):             k=(k-1)//2
s826279478.py(21):             self.seg[k]=(self.seg[2*k+1])|(self.seg[2*k+2])
s826279478.py(19):         while k:
s826279478.py(62):     for _ in range(q):
s826279478.py(63):         a=list(map(str,input().split()))
s826279478.py(64):         a[0]=int(a[0])
s826279478.py(66):         if a[0]==1:
s826279478.py(71):             a[1]=int(a[1])-1
s826279478.py(72):             a[2]=int(a[2])
s826279478.py(73):             print(st.query(a[1],a[2]))
 --- modulename: s826279478, funcname: query
s826279478.py(24):         if q<=p:
s826279478.py(27):         p+=self.num-1
s826279478.py(28):         q+=self.num-2
s826279478.py(29):         res=self.ide_ele
s826279478.py(31):         while q-p>1:
s826279478.py(42):         if p==q:
s826279478.py(43):             res|=self.seg[p]
s826279478.py(47):         return bin(res).count('1')
1
s826279478.py(62):     for _ in range(q):
s826279478.py(63):         a=list(map(str,input().split()))
s826279478.py(64):         a[0]=int(a[0])
s826279478.py(66):         if a[0]==1:
s826279478.py(67):             a[1]=int(a[1])
s826279478.py(68):             st.update(a[1]-1,dic[a[2]])
 --- modulename: s826279478, funcname: update
s826279478.py(17):         k+=self.num-1
s826279478.py(18):         self.seg[k]=x
s826279478.py(19):         while k:
s826279478.py(20):             k=(k-1)//2
s826279478.py(21):             self.seg[k]=(self.seg[2*k+1])|(self.seg[2*k+2])
s826279478.py(19):         while k:
s826279478.py(20):             k=(k-1)//2
s826279478.py(21):             self.seg[k]=(self.seg[2*k+1])|(self.seg[2*k+2])
s826279478.py(19):         while k:
s826279478.py(20):             k=(k-1)//2
s826279478.py(21):             self.seg[k]=(self.seg[2*k+1])|(self.seg[2*k+2])
s826279478.py(19):         while k:
s826279478.py(62):     for _ in range(q):
s826279478.py(63):         a=list(map(str,input().split()))
s826279478.py(64):         a[0]=int(a[0])
s826279478.py(66):         if a[0]==1:
s826279478.py(67):             a[1]=int(a[1])
s826279478.py(68):             st.update(a[1]-1,dic[a[2]])
 --- modulename: s826279478, funcname: update
s826279478.py(17):         k+=self.num-1
s826279478.py(18):         self.seg[k]=x
s826279478.py(19):         while k:
s826279478.py(20):             k=(k-1)//2
s826279478.py(21):             self.seg[k]=(self.seg[2*k+1])|(self.seg[2*k+2])
s826279478.py(19):         while k:
s826279478.py(20):             k=(k-1)//2
s826279478.py(21):             self.seg[k]=(self.seg[2*k+1])|(self.seg[2*k+2])
s826279478.py(19):         while k:
s826279478.py(20):             k=(k-1)//2
s826279478.py(21):             self.seg[k]=(self.seg[2*k+1])|(self.seg[2*k+2])
s826279478.py(19):         while k:
s826279478.py(62):     for _ in range(q):
s826279478.py(63):         a=list(map(str,input().split()))
s826279478.py(64):         a[0]=int(a[0])
s826279478.py(66):         if a[0]==1:
s826279478.py(71):             a[1]=int(a[1])-1
s826279478.py(72):             a[2]=int(a[2])
s826279478.py(73):             print(st.query(a[1],a[2]))
 --- modulename: s826279478, funcname: query
s826279478.py(24):         if q<=p:
s826279478.py(27):         p+=self.num-1
s826279478.py(28):         q+=self.num-2
s826279478.py(29):         res=self.ide_ele
s826279478.py(31):         while q-p>1:
s826279478.py(33):             if (p&1)==0:
s826279478.py(34):                 res|=self.seg[p]
s826279478.py(36):             if (q&1)==1:
s826279478.py(39):             p//=2
s826279478.py(40):             q=(q-1)//2
s826279478.py(31):         while q-p>1:
s826279478.py(33):             if (p&1)==0:
s826279478.py(36):             if (q&1)==1:
s826279478.py(37):                 res|=self.seg[q]
s826279478.py(38):                 q-=1
s826279478.py(39):             p//=2
s826279478.py(40):             q=(q-1)//2
s826279478.py(31):         while q-p>1:
s826279478.py(42):         if p==q:
s826279478.py(43):             res|=self.seg[p]
s826279478.py(47):         return bin(res).count('1')
5
s826279478.py(62):     for _ in range(q):
