 --- modulename: s830107612, funcname: <module>
s830107612.py(1): import sys
s830107612.py(3): inf = (1 << 31) - 1
s830107612.py(5): def solve():
s830107612.py(22): class SegTree:
 --- modulename: s830107612, funcname: SegTree
s830107612.py(22): class SegTree:
s830107612.py(24):     def __init__(self, a):
s830107612.py(38):     def update(self, i, x):
s830107612.py(48):     def find(self, s, t, k, left, right):
s830107612.py(59): if __name__ == '__main__':
s830107612.py(60):     solve()
 --- modulename: s830107612, funcname: solve
s830107612.py(6):     n, q = map(int, sys.stdin.readline().split())
 --- modulename: codecs, funcname: getstate
codecs.py(333):         return (self.buffer, 0)
 --- modulename: codecs, funcname: decode
codecs.py(321):         data = self.buffer + input
codecs.py(322):         (result, consumed) = self._buffer_decode(data, self.errors, final)
codecs.py(324):         self.buffer = data[consumed:]
codecs.py(325):         return result
s830107612.py(8):     a = [inf] * n
s830107612.py(9):     sg = SegTree(a)
 --- modulename: s830107612, funcname: __init__
s830107612.py(25):         self.n = len(a)
s830107612.py(26):         self.depth = 0
s830107612.py(28):         while 2**self.depth < self.n:
s830107612.py(29):             self.depth += 1
s830107612.py(28):         while 2**self.depth < self.n:
s830107612.py(29):             self.depth += 1
s830107612.py(28):         while 2**self.depth < self.n:
s830107612.py(31):         self.dat = [inf] * (2**(self.depth + 1) - 1)
s830107612.py(33):         self.dat[2**self.depth - 1:2**self.depth - 1 + self.n] = a[:]
s830107612.py(35):         for i in range(2**self.depth - 2, -1, -1):
s830107612.py(36):             self.dat[i] = min(self.dat[2*i + 1], self.dat[2*i + 1])
s830107612.py(35):         for i in range(2**self.depth - 2, -1, -1):
s830107612.py(36):             self.dat[i] = min(self.dat[2*i + 1], self.dat[2*i + 1])
s830107612.py(35):         for i in range(2**self.depth - 2, -1, -1):
s830107612.py(36):             self.dat[i] = min(self.dat[2*i + 1], self.dat[2*i + 1])
s830107612.py(35):         for i in range(2**self.depth - 2, -1, -1):
s830107612.py(11):     for qi in range(q):
s830107612.py(12):         c, x, y = map(int, sys.stdin.readline().split())
s830107612.py(14):         if c == 0:
s830107612.py(15):             sg.update(x, y)
 --- modulename: s830107612, funcname: update
s830107612.py(39):         i += 2**self.depth - 1
s830107612.py(40):         self.dat[i] = x
s830107612.py(42):         while i > 0:
s830107612.py(43):             i = (i - 1) // 2
s830107612.py(44):             self.dat[i] = min(self.dat[2*i + 1], self.dat[2*i + 2])
s830107612.py(42):         while i > 0:
s830107612.py(43):             i = (i - 1) // 2
s830107612.py(44):             self.dat[i] = min(self.dat[2*i + 1], self.dat[2*i + 2])
s830107612.py(42):         while i > 0:
s830107612.py(46):         return
s830107612.py(11):     for qi in range(q):
s830107612.py(12):         c, x, y = map(int, sys.stdin.readline().split())
s830107612.py(14):         if c == 0:
s830107612.py(15):             sg.update(x, y)
 --- modulename: s830107612, funcname: update
s830107612.py(39):         i += 2**self.depth - 1
s830107612.py(40):         self.dat[i] = x
s830107612.py(42):         while i > 0:
s830107612.py(43):             i = (i - 1) // 2
s830107612.py(44):             self.dat[i] = min(self.dat[2*i + 1], self.dat[2*i + 2])
s830107612.py(42):         while i > 0:
s830107612.py(43):             i = (i - 1) // 2
s830107612.py(44):             self.dat[i] = min(self.dat[2*i + 1], self.dat[2*i + 2])
s830107612.py(42):         while i > 0:
s830107612.py(46):         return
s830107612.py(11):     for qi in range(q):
s830107612.py(12):         c, x, y = map(int, sys.stdin.readline().split())
s830107612.py(14):         if c == 0:
s830107612.py(15):             sg.update(x, y)
 --- modulename: s830107612, funcname: update
s830107612.py(39):         i += 2**self.depth - 1
s830107612.py(40):         self.dat[i] = x
s830107612.py(42):         while i > 0:
s830107612.py(43):             i = (i - 1) // 2
s830107612.py(44):             self.dat[i] = min(self.dat[2*i + 1], self.dat[2*i + 2])
s830107612.py(42):         while i > 0:
s830107612.py(43):             i = (i - 1) // 2
s830107612.py(44):             self.dat[i] = min(self.dat[2*i + 1], self.dat[2*i + 2])
s830107612.py(42):         while i > 0:
s830107612.py(46):         return
s830107612.py(11):     for qi in range(q):
s830107612.py(12):         c, x, y = map(int, sys.stdin.readline().split())
s830107612.py(14):         if c == 0:
s830107612.py(17):             ans = sg.find(x, y + 1, 0, 0, 2**sg.depth)
 --- modulename: s830107612, funcname: find
s830107612.py(49):         if t <= left or right <= s:
s830107612.py(51):         if s <= left and right <= t:
s830107612.py(54):         vl = self.find(s, t, 2*k + 1, left, (left + right) // 2)
 --- modulename: s830107612, funcname: find
s830107612.py(49):         if t <= left or right <= s:
s830107612.py(51):         if s <= left and right <= t:
s830107612.py(52):             return self.dat[k]
s830107612.py(55):         vr = self.find(s, t, 2*k + 2, (left + right) // 2, right)
 --- modulename: s830107612, funcname: find
s830107612.py(49):         if t <= left or right <= s:
s830107612.py(51):         if s <= left and right <= t:
s830107612.py(54):         vl = self.find(s, t, 2*k + 1, left, (left + right) // 2)
 --- modulename: s830107612, funcname: find
s830107612.py(49):         if t <= left or right <= s:
s830107612.py(51):         if s <= left and right <= t:
s830107612.py(52):             return self.dat[k]
s830107612.py(55):         vr = self.find(s, t, 2*k + 2, (left + right) // 2, right)
 --- modulename: s830107612, funcname: find
s830107612.py(49):         if t <= left or right <= s:
s830107612.py(50):             return inf
s830107612.py(57):         return min(vl, vr)
s830107612.py(57):         return min(vl, vr)
s830107612.py(19):             print(ans)
1
s830107612.py(11):     for qi in range(q):
s830107612.py(12):         c, x, y = map(int, sys.stdin.readline().split())
s830107612.py(14):         if c == 0:
s830107612.py(17):             ans = sg.find(x, y + 1, 0, 0, 2**sg.depth)
 --- modulename: s830107612, funcname: find
s830107612.py(49):         if t <= left or right <= s:
s830107612.py(51):         if s <= left and right <= t:
s830107612.py(54):         vl = self.find(s, t, 2*k + 1, left, (left + right) // 2)
 --- modulename: s830107612, funcname: find
s830107612.py(49):         if t <= left or right <= s:
s830107612.py(51):         if s <= left and right <= t:
s830107612.py(54):         vl = self.find(s, t, 2*k + 1, left, (left + right) // 2)
 --- modulename: s830107612, funcname: find
s830107612.py(49):         if t <= left or right <= s:
s830107612.py(50):             return inf
s830107612.py(55):         vr = self.find(s, t, 2*k + 2, (left + right) // 2, right)
 --- modulename: s830107612, funcname: find
s830107612.py(49):         if t <= left or right <= s:
s830107612.py(51):         if s <= left and right <= t:
s830107612.py(52):             return self.dat[k]
s830107612.py(57):         return min(vl, vr)
s830107612.py(55):         vr = self.find(s, t, 2*k + 2, (left + right) // 2, right)
 --- modulename: s830107612, funcname: find
s830107612.py(49):         if t <= left or right <= s:
s830107612.py(51):         if s <= left and right <= t:
s830107612.py(54):         vl = self.find(s, t, 2*k + 1, left, (left + right) // 2)
 --- modulename: s830107612, funcname: find
s830107612.py(49):         if t <= left or right <= s:
s830107612.py(51):         if s <= left and right <= t:
s830107612.py(52):             return self.dat[k]
s830107612.py(55):         vr = self.find(s, t, 2*k + 2, (left + right) // 2, right)
 --- modulename: s830107612, funcname: find
s830107612.py(49):         if t <= left or right <= s:
s830107612.py(50):             return inf
s830107612.py(57):         return min(vl, vr)
s830107612.py(57):         return min(vl, vr)
s830107612.py(19):             print(ans)
2
s830107612.py(11):     for qi in range(q):
