 --- modulename: s831655687, funcname: <module>
s831655687.py(2): import sys
s831655687.py(4): input = sys.stdin.readline
s831655687.py(7): sys.setrecursionlimit(2147483647)
s831655687.py(10): def split(h):
s831655687.py(24): def f(h):
s831655687.py(46): def main():
s831655687.py(60): if __name__ == '__main__':
s831655687.py(61):     main()
 --- modulename: s831655687, funcname: main
s831655687.py(47):     N = int(input())
 --- modulename: codecs, funcname: getstate
codecs.py(333):         return (self.buffer, 0)
 --- modulename: codecs, funcname: decode
codecs.py(321):         data = self.buffer + input
codecs.py(322):         (result, consumed) = self._buffer_decode(data, self.errors, final)
codecs.py(324):         self.buffer = data[consumed:]
codecs.py(325):         return result
s831655687.py(48):     h = list(map(int, input().split()))
s831655687.py(49):     h = [-i for i in h]
 --- modulename: s831655687, funcname: <listcomp>
s831655687.py(49):     h = [-i for i in h]
s831655687.py(49):     h = [-i for i in h]
s831655687.py(49):     h = [-i for i in h]
s831655687.py(49):     h = [-i for i in h]
s831655687.py(49):     h = [-i for i in h]
s831655687.py(51):     pieces = split(h)
 --- modulename: s831655687, funcname: split
s831655687.py(11):     pieces = []
s831655687.py(12):     tmp = []
s831655687.py(13):     for i in range(len(h)):
s831655687.py(14):         if h[i] == 0:
s831655687.py(18):             tmp.append(h[i])
s831655687.py(13):     for i in range(len(h)):
s831655687.py(14):         if h[i] == 0:
s831655687.py(18):             tmp.append(h[i])
s831655687.py(13):     for i in range(len(h)):
s831655687.py(14):         if h[i] == 0:
s831655687.py(18):             tmp.append(h[i])
s831655687.py(13):     for i in range(len(h)):
s831655687.py(14):         if h[i] == 0:
s831655687.py(18):             tmp.append(h[i])
s831655687.py(13):     for i in range(len(h)):
s831655687.py(20):     pieces.append(tmp)
s831655687.py(21):     return pieces
s831655687.py(53):     m = 0
s831655687.py(54):     for piece in pieces:
s831655687.py(55):         m += f(piece)
 --- modulename: s831655687, funcname: f
s831655687.py(25):     if len(h) == 0:
s831655687.py(28):     ith = 0
s831655687.py(30):         maxh = max(h)
s831655687.py(31):         if maxh == 0:
s831655687.py(33):         for i in range(len(h)):
s831655687.py(34):             h[i] += 1
s831655687.py(33):         for i in range(len(h)):
s831655687.py(34):             h[i] += 1
s831655687.py(33):         for i in range(len(h)):
s831655687.py(34):             h[i] += 1
s831655687.py(33):         for i in range(len(h)):
s831655687.py(34):             h[i] += 1
s831655687.py(33):         for i in range(len(h)):
s831655687.py(35):         ith += 1
s831655687.py(30):         maxh = max(h)
s831655687.py(31):         if maxh == 0:
s831655687.py(32):             break
s831655687.py(37):     pieces = split(h)
 --- modulename: s831655687, funcname: split
s831655687.py(11):     pieces = []
s831655687.py(12):     tmp = []
s831655687.py(13):     for i in range(len(h)):
s831655687.py(14):         if h[i] == 0:
s831655687.py(15):             pieces.append(tmp)
s831655687.py(16):             tmp = []
s831655687.py(13):     for i in range(len(h)):
s831655687.py(14):         if h[i] == 0:
s831655687.py(18):             tmp.append(h[i])
s831655687.py(13):     for i in range(len(h)):
s831655687.py(14):         if h[i] == 0:
s831655687.py(18):             tmp.append(h[i])
s831655687.py(13):     for i in range(len(h)):
s831655687.py(14):         if h[i] == 0:
s831655687.py(15):             pieces.append(tmp)
s831655687.py(16):             tmp = []
s831655687.py(13):     for i in range(len(h)):
s831655687.py(20):     pieces.append(tmp)
s831655687.py(21):     return pieces
s831655687.py(39):     m = 0
s831655687.py(40):     for piece in pieces:
s831655687.py(41):         m += f(piece)
 --- modulename: s831655687, funcname: f
s831655687.py(25):     if len(h) == 0:
s831655687.py(26):         return 0
s831655687.py(40):     for piece in pieces:
s831655687.py(41):         m += f(piece)
 --- modulename: s831655687, funcname: f
s831655687.py(25):     if len(h) == 0:
s831655687.py(28):     ith = 0
s831655687.py(30):         maxh = max(h)
s831655687.py(31):         if maxh == 0:
s831655687.py(33):         for i in range(len(h)):
s831655687.py(34):             h[i] += 1
s831655687.py(33):         for i in range(len(h)):
s831655687.py(34):             h[i] += 1
s831655687.py(33):         for i in range(len(h)):
s831655687.py(35):         ith += 1
s831655687.py(30):         maxh = max(h)
s831655687.py(31):         if maxh == 0:
s831655687.py(32):             break
s831655687.py(37):     pieces = split(h)
 --- modulename: s831655687, funcname: split
s831655687.py(11):     pieces = []
s831655687.py(12):     tmp = []
s831655687.py(13):     for i in range(len(h)):
s831655687.py(14):         if h[i] == 0:
s831655687.py(15):             pieces.append(tmp)
s831655687.py(16):             tmp = []
s831655687.py(13):     for i in range(len(h)):
s831655687.py(14):         if h[i] == 0:
s831655687.py(15):             pieces.append(tmp)
s831655687.py(16):             tmp = []
s831655687.py(13):     for i in range(len(h)):
s831655687.py(20):     pieces.append(tmp)
s831655687.py(21):     return pieces
s831655687.py(39):     m = 0
s831655687.py(40):     for piece in pieces:
s831655687.py(41):         m += f(piece)
 --- modulename: s831655687, funcname: f
s831655687.py(25):     if len(h) == 0:
s831655687.py(26):         return 0
s831655687.py(40):     for piece in pieces:
s831655687.py(41):         m += f(piece)
 --- modulename: s831655687, funcname: f
s831655687.py(25):     if len(h) == 0:
s831655687.py(26):         return 0
s831655687.py(40):     for piece in pieces:
s831655687.py(41):         m += f(piece)
 --- modulename: s831655687, funcname: f
s831655687.py(25):     if len(h) == 0:
s831655687.py(26):         return 0
s831655687.py(40):     for piece in pieces:
s831655687.py(43):     return ith + m
s831655687.py(40):     for piece in pieces:
s831655687.py(41):         m += f(piece)
 --- modulename: s831655687, funcname: f
s831655687.py(25):     if len(h) == 0:
s831655687.py(26):         return 0
s831655687.py(40):     for piece in pieces:
s831655687.py(43):     return ith + m
s831655687.py(54):     for piece in pieces:
s831655687.py(57):     print(m)
2
