 --- modulename: s484900322, funcname: <module>
s484900322.py(1): def dot(a,b):return a[0]*b[0] + a[1]*b[1]
s484900322.py(2): def cross(a,b):return a[0]*b[1] - a[1]*b[0]
s484900322.py(3): def Order(a,b):
s484900322.py(12): x0,y0,x1,y1 = [int(i) for i in input().split()] 
 --- modulename: codecs, funcname: getstate
codecs.py(333):         return (self.buffer, 0)
 --- modulename: codecs, funcname: decode
codecs.py(321):         data = self.buffer + input
codecs.py(322):         (result, consumed) = self._buffer_decode(data, self.errors, final)
codecs.py(324):         self.buffer = data[consumed:]
codecs.py(325):         return result
 --- modulename: s484900322, funcname: <listcomp>
s484900322.py(12): x0,y0,x1,y1 = [int(i) for i in input().split()] 
s484900322.py(12): x0,y0,x1,y1 = [int(i) for i in input().split()] 
s484900322.py(12): x0,y0,x1,y1 = [int(i) for i in input().split()] 
s484900322.py(12): x0,y0,x1,y1 = [int(i) for i in input().split()] 
s484900322.py(12): x0,y0,x1,y1 = [int(i) for i in input().split()] 
s484900322.py(13): a = [x1-x0,y1-y0]
s484900322.py(15): q = int(input())
s484900322.py(16): for i in range(q):
s484900322.py(17):     x2,y2 = [int(i) for i in input().split()]
 --- modulename: s484900322, funcname: <listcomp>
s484900322.py(17):     x2,y2 = [int(i) for i in input().split()]
s484900322.py(17):     x2,y2 = [int(i) for i in input().split()]
s484900322.py(17):     x2,y2 = [int(i) for i in input().split()]
s484900322.py(18):     b = [x2-x0,y2-y0]
s484900322.py(19):     print(Order(a,b))
 --- modulename: s484900322, funcname: Order
s484900322.py(4):     crs = cross(a,b)
 --- modulename: s484900322, funcname: cross
s484900322.py(2): def cross(a,b):return a[0]*b[1] - a[1]*b[0]
s484900322.py(5):     if crs > 0 : return "COUNTER_CLOCKWISE"
COUNTER_CLOCKWISE
s484900322.py(16): for i in range(q):
s484900322.py(17):     x2,y2 = [int(i) for i in input().split()]
 --- modulename: s484900322, funcname: <listcomp>
s484900322.py(17):     x2,y2 = [int(i) for i in input().split()]
s484900322.py(17):     x2,y2 = [int(i) for i in input().split()]
s484900322.py(17):     x2,y2 = [int(i) for i in input().split()]
s484900322.py(18):     b = [x2-x0,y2-y0]
s484900322.py(19):     print(Order(a,b))
 --- modulename: s484900322, funcname: Order
s484900322.py(4):     crs = cross(a,b)
 --- modulename: s484900322, funcname: cross
s484900322.py(2): def cross(a,b):return a[0]*b[1] - a[1]*b[0]
s484900322.py(5):     if crs > 0 : return "COUNTER_CLOCKWISE"
s484900322.py(6):     elif crs < 0 : return "CLOCKWISE"
CLOCKWISE
s484900322.py(16): for i in range(q):
