 --- modulename: s485742433, funcname: <module>
s485742433.py(1): import sys
s485742433.py(3): sys.setrecursionlimit(100000)
s485742433.py(5): tmp=input().split(" ")
 --- modulename: codecs, funcname: getstate
codecs.py(333):         return (self.buffer, 0)
 --- modulename: codecs, funcname: decode
codecs.py(321):         data = self.buffer + input
codecs.py(322):         (result, consumed) = self._buffer_decode(data, self.errors, final)
codecs.py(324):         self.buffer = data[consumed:]
codecs.py(325):         return result
s485742433.py(6): n = int(tmp[0])
s485742433.py(7): m = int(tmp[1])
s485742433.py(9): node_groups = [ i for i in range(n)]
 --- modulename: s485742433, funcname: <listcomp>
s485742433.py(9): node_groups = [ i for i in range(n)]
s485742433.py(9): node_groups = [ i for i in range(n)]
s485742433.py(9): node_groups = [ i for i in range(n)]
s485742433.py(9): node_groups = [ i for i in range(n)]
s485742433.py(9): node_groups = [ i for i in range(n)]
s485742433.py(10): group_sizes = [ 1 for _ in range(n)]
 --- modulename: s485742433, funcname: <listcomp>
s485742433.py(10): group_sizes = [ 1 for _ in range(n)]
s485742433.py(10): group_sizes = [ 1 for _ in range(n)]
s485742433.py(10): group_sizes = [ 1 for _ in range(n)]
s485742433.py(10): group_sizes = [ 1 for _ in range(n)]
s485742433.py(10): group_sizes = [ 1 for _ in range(n)]
s485742433.py(12): edges = []
s485742433.py(13): for i in range(m):
s485742433.py(14):     tmp=input().split(" ")
s485742433.py(15):     edges.append([int(tmp[0])-1, int(tmp[1])-1])
s485742433.py(13): for i in range(m):
s485742433.py(14):     tmp=input().split(" ")
s485742433.py(15):     edges.append([int(tmp[0])-1, int(tmp[1])-1])
s485742433.py(13): for i in range(m):
s485742433.py(14):     tmp=input().split(" ")
s485742433.py(15):     edges.append([int(tmp[0])-1, int(tmp[1])-1])
s485742433.py(13): for i in range(m):
s485742433.py(14):     tmp=input().split(" ")
s485742433.py(15):     edges.append([int(tmp[0])-1, int(tmp[1])-1])
s485742433.py(13): for i in range(m):
s485742433.py(14):     tmp=input().split(" ")
s485742433.py(15):     edges.append([int(tmp[0])-1, int(tmp[1])-1])
s485742433.py(13): for i in range(m):
s485742433.py(17): hubensa_list = [0] * (m + 1)
s485742433.py(18): hubensa_list[m] = n*(n-1)//2
s485742433.py(20): def root(i):
s485742433.py(31): def same(a, b):
s485742433.py(34): def size(i):
s485742433.py(37): def unite(a, b):
s485742433.py(48): for i in range(m-1, -1, -1):
s485742433.py(49):     edge = edges[i]
s485742433.py(52):     node_1 = edge[0]
s485742433.py(53):     node_2 = edge[1]
s485742433.py(55):     root_1 = root(node_1)
 --- modulename: s485742433, funcname: root
s485742433.py(21):     if node_groups[i] == i:
s485742433.py(23):         return i
s485742433.py(56):     root_2 = root(node_2)
 --- modulename: s485742433, funcname: root
s485742433.py(21):     if node_groups[i] == i:
s485742433.py(23):         return i
s485742433.py(57):     if root_1 == root_2:
s485742433.py(62):     hubensa_list[i] = hubensa_list[i+1] - (size(root_1) * size(root_2))
 --- modulename: s485742433, funcname: size
s485742433.py(35):     return group_sizes[root(i)]
 --- modulename: s485742433, funcname: root
s485742433.py(21):     if node_groups[i] == i:
s485742433.py(23):         return i
 --- modulename: s485742433, funcname: size
s485742433.py(35):     return group_sizes[root(i)]
 --- modulename: s485742433, funcname: root
s485742433.py(21):     if node_groups[i] == i:
s485742433.py(23):         return i
s485742433.py(64):     unite(root_1, root_2)
 --- modulename: s485742433, funcname: unite
s485742433.py(38):     a = root(a)
 --- modulename: s485742433, funcname: root
s485742433.py(21):     if node_groups[i] == i:
s485742433.py(23):         return i
s485742433.py(39):     b = root(b)
 --- modulename: s485742433, funcname: root
s485742433.py(21):     if node_groups[i] == i:
s485742433.py(23):         return i
s485742433.py(41):     if a == b:
s485742433.py(44):     group_sizes[a] += size(b)
 --- modulename: s485742433, funcname: size
s485742433.py(35):     return group_sizes[root(i)]
 --- modulename: s485742433, funcname: root
s485742433.py(21):     if node_groups[i] == i:
s485742433.py(23):         return i
s485742433.py(45):     node_groups[b] = a
s485742433.py(48): for i in range(m-1, -1, -1):
s485742433.py(49):     edge = edges[i]
s485742433.py(52):     node_1 = edge[0]
s485742433.py(53):     node_2 = edge[1]
s485742433.py(55):     root_1 = root(node_1)
 --- modulename: s485742433, funcname: root
s485742433.py(21):     if node_groups[i] == i:
s485742433.py(23):         return i
s485742433.py(56):     root_2 = root(node_2)
 --- modulename: s485742433, funcname: root
s485742433.py(21):     if node_groups[i] == i:
s485742433.py(23):         return i
s485742433.py(57):     if root_1 == root_2:
s485742433.py(62):     hubensa_list[i] = hubensa_list[i+1] - (size(root_1) * size(root_2))
 --- modulename: s485742433, funcname: size
s485742433.py(35):     return group_sizes[root(i)]
 --- modulename: s485742433, funcname: root
s485742433.py(21):     if node_groups[i] == i:
s485742433.py(23):         return i
 --- modulename: s485742433, funcname: size
s485742433.py(35):     return group_sizes[root(i)]
 --- modulename: s485742433, funcname: root
s485742433.py(21):     if node_groups[i] == i:
s485742433.py(23):         return i
s485742433.py(64):     unite(root_1, root_2)
 --- modulename: s485742433, funcname: unite
s485742433.py(38):     a = root(a)
 --- modulename: s485742433, funcname: root
s485742433.py(21):     if node_groups[i] == i:
s485742433.py(23):         return i
s485742433.py(39):     b = root(b)
 --- modulename: s485742433, funcname: root
s485742433.py(21):     if node_groups[i] == i:
s485742433.py(23):         return i
s485742433.py(41):     if a == b:
s485742433.py(44):     group_sizes[a] += size(b)
 --- modulename: s485742433, funcname: size
s485742433.py(35):     return group_sizes[root(i)]
 --- modulename: s485742433, funcname: root
s485742433.py(21):     if node_groups[i] == i:
s485742433.py(23):         return i
s485742433.py(45):     node_groups[b] = a
s485742433.py(48): for i in range(m-1, -1, -1):
s485742433.py(49):     edge = edges[i]
s485742433.py(52):     node_1 = edge[0]
s485742433.py(53):     node_2 = edge[1]
s485742433.py(55):     root_1 = root(node_1)
 --- modulename: s485742433, funcname: root
s485742433.py(21):     if node_groups[i] == i:
s485742433.py(23):         return i
s485742433.py(56):     root_2 = root(node_2)
 --- modulename: s485742433, funcname: root
s485742433.py(21):     if node_groups[i] == i:
s485742433.py(26):         node_groups[i] = root(node_groups[i])
 --- modulename: s485742433, funcname: root
s485742433.py(21):     if node_groups[i] == i:
s485742433.py(23):         return i
s485742433.py(29):         return node_groups[i]
s485742433.py(57):     if root_1 == root_2:
s485742433.py(62):     hubensa_list[i] = hubensa_list[i+1] - (size(root_1) * size(root_2))
 --- modulename: s485742433, funcname: size
s485742433.py(35):     return group_sizes[root(i)]
 --- modulename: s485742433, funcname: root
s485742433.py(21):     if node_groups[i] == i:
s485742433.py(23):         return i
 --- modulename: s485742433, funcname: size
s485742433.py(35):     return group_sizes[root(i)]
 --- modulename: s485742433, funcname: root
s485742433.py(21):     if node_groups[i] == i:
s485742433.py(23):         return i
s485742433.py(64):     unite(root_1, root_2)
 --- modulename: s485742433, funcname: unite
s485742433.py(38):     a = root(a)
 --- modulename: s485742433, funcname: root
s485742433.py(21):     if node_groups[i] == i:
s485742433.py(23):         return i
s485742433.py(39):     b = root(b)
 --- modulename: s485742433, funcname: root
s485742433.py(21):     if node_groups[i] == i:
s485742433.py(23):         return i
s485742433.py(41):     if a == b:
s485742433.py(44):     group_sizes[a] += size(b)
 --- modulename: s485742433, funcname: size
s485742433.py(35):     return group_sizes[root(i)]
 --- modulename: s485742433, funcname: root
s485742433.py(21):     if node_groups[i] == i:
s485742433.py(23):         return i
s485742433.py(45):     node_groups[b] = a
s485742433.py(48): for i in range(m-1, -1, -1):
s485742433.py(49):     edge = edges[i]
s485742433.py(52):     node_1 = edge[0]
s485742433.py(53):     node_2 = edge[1]
s485742433.py(55):     root_1 = root(node_1)
 --- modulename: s485742433, funcname: root
s485742433.py(21):     if node_groups[i] == i:
s485742433.py(26):         node_groups[i] = root(node_groups[i])
 --- modulename: s485742433, funcname: root
s485742433.py(21):     if node_groups[i] == i:
s485742433.py(26):         node_groups[i] = root(node_groups[i])
 --- modulename: s485742433, funcname: root
s485742433.py(21):     if node_groups[i] == i:
s485742433.py(23):         return i
s485742433.py(29):         return node_groups[i]
s485742433.py(29):         return node_groups[i]
s485742433.py(56):     root_2 = root(node_2)
 --- modulename: s485742433, funcname: root
s485742433.py(21):     if node_groups[i] == i:
s485742433.py(26):         node_groups[i] = root(node_groups[i])
 --- modulename: s485742433, funcname: root
s485742433.py(21):     if node_groups[i] == i:
s485742433.py(23):         return i
s485742433.py(29):         return node_groups[i]
s485742433.py(57):     if root_1 == root_2:
s485742433.py(58):         hubensa_list[i] = hubensa_list[i+1]
s485742433.py(59):         continue
s485742433.py(48): for i in range(m-1, -1, -1):
s485742433.py(49):     edge = edges[i]
s485742433.py(52):     node_1 = edge[0]
s485742433.py(53):     node_2 = edge[1]
s485742433.py(55):     root_1 = root(node_1)
 --- modulename: s485742433, funcname: root
s485742433.py(21):     if node_groups[i] == i:
s485742433.py(23):         return i
s485742433.py(56):     root_2 = root(node_2)
 --- modulename: s485742433, funcname: root
s485742433.py(21):     if node_groups[i] == i:
s485742433.py(26):         node_groups[i] = root(node_groups[i])
 --- modulename: s485742433, funcname: root
s485742433.py(21):     if node_groups[i] == i:
s485742433.py(23):         return i
s485742433.py(29):         return node_groups[i]
s485742433.py(57):     if root_1 == root_2:
s485742433.py(58):         hubensa_list[i] = hubensa_list[i+1]
s485742433.py(59):         continue
s485742433.py(48): for i in range(m-1, -1, -1):
s485742433.py(69): for i in range(1, m+1):
s485742433.py(70):     print(hubensa_list[i])
0
s485742433.py(69): for i in range(1, m+1):
s485742433.py(70):     print(hubensa_list[i])
0
s485742433.py(69): for i in range(1, m+1):
s485742433.py(70):     print(hubensa_list[i])
4
s485742433.py(69): for i in range(1, m+1):
s485742433.py(70):     print(hubensa_list[i])
5
s485742433.py(69): for i in range(1, m+1):
s485742433.py(70):     print(hubensa_list[i])
6
s485742433.py(69): for i in range(1, m+1):
