 --- modulename: s485942363, funcname: <module>
s485942363.py(1): def primeFactor(N):
s485942363.py(12): def divisors(N):
s485942363.py(23): def f(b, n):
s485942363.py(30): N = int(input())
 --- modulename: codecs, funcname: getstate
codecs.py(333):         return (self.buffer, 0)
 --- modulename: codecs, funcname: decode
codecs.py(321):         data = self.buffer + input
codecs.py(322):         (result, consumed) = self._buffer_decode(data, self.errors, final)
codecs.py(324):         self.buffer = data[consumed:]
codecs.py(325):         return result
s485942363.py(31): S = int(input())
s485942363.py(32): if N < S:
s485942363.py(34): elif N == S:
s485942363.py(37):     for b in divisors(N-S):
 --- modulename: s485942363, funcname: divisors
s485942363.py(13):     pf = primeFactor(N)
 --- modulename: s485942363, funcname: primeFactor
s485942363.py(2):     i, n, ret, d, sq = 2, N, {}, 2, 99
s485942363.py(3):     while i <= sq:
s485942363.py(4):         k = 0
s485942363.py(5):         while n % i == 0: n, k, ret[i] = n//i, k+1, k+1
s485942363.py(5):         while n % i == 0: n, k, ret[i] = n//i, k+1, k+1
s485942363.py(5):         while n % i == 0: n, k, ret[i] = n//i, k+1, k+1
s485942363.py(5):         while n % i == 0: n, k, ret[i] = n//i, k+1, k+1
s485942363.py(6):         if k > 0 or i == 97: sq = int(n**(1/2)+0.5)
s485942363.py(7):         if i < 4: i = i * 2 - 1
s485942363.py(3):     while i <= sq:
s485942363.py(4):         k = 0
s485942363.py(5):         while n % i == 0: n, k, ret[i] = n//i, k+1, k+1
s485942363.py(5):         while n % i == 0: n, k, ret[i] = n//i, k+1, k+1
s485942363.py(5):         while n % i == 0: n, k, ret[i] = n//i, k+1, k+1
s485942363.py(6):         if k > 0 or i == 97: sq = int(n**(1/2)+0.5)
s485942363.py(7):         if i < 4: i = i * 2 - 1
s485942363.py(3):     while i <= sq:
s485942363.py(4):         k = 0
s485942363.py(5):         while n % i == 0: n, k, ret[i] = n//i, k+1, k+1
s485942363.py(6):         if k > 0 or i == 97: sq = int(n**(1/2)+0.5)
s485942363.py(7):         if i < 4: i = i * 2 - 1
s485942363.py(8):         else: i, d = i+d, d^6
s485942363.py(3):     while i <= sq:
s485942363.py(4):         k = 0
s485942363.py(5):         while n % i == 0: n, k, ret[i] = n//i, k+1, k+1
s485942363.py(6):         if k > 0 or i == 97: sq = int(n**(1/2)+0.5)
s485942363.py(7):         if i < 4: i = i * 2 - 1
s485942363.py(8):         else: i, d = i+d, d^6
s485942363.py(3):     while i <= sq:
s485942363.py(4):         k = 0
s485942363.py(5):         while n % i == 0: n, k, ret[i] = n//i, k+1, k+1
s485942363.py(6):         if k > 0 or i == 97: sq = int(n**(1/2)+0.5)
s485942363.py(7):         if i < 4: i = i * 2 - 1
s485942363.py(8):         else: i, d = i+d, d^6
s485942363.py(3):     while i <= sq:
s485942363.py(4):         k = 0
s485942363.py(5):         while n % i == 0: n, k, ret[i] = n//i, k+1, k+1
s485942363.py(6):         if k > 0 or i == 97: sq = int(n**(1/2)+0.5)
s485942363.py(7):         if i < 4: i = i * 2 - 1
s485942363.py(8):         else: i, d = i+d, d^6
s485942363.py(3):     while i <= sq:
s485942363.py(4):         k = 0
s485942363.py(5):         while n % i == 0: n, k, ret[i] = n//i, k+1, k+1
s485942363.py(6):         if k > 0 or i == 97: sq = int(n**(1/2)+0.5)
s485942363.py(7):         if i < 4: i = i * 2 - 1
s485942363.py(8):         else: i, d = i+d, d^6
s485942363.py(3):     while i <= sq:
s485942363.py(4):         k = 0
s485942363.py(5):         while n % i == 0: n, k, ret[i] = n//i, k+1, k+1
s485942363.py(6):         if k > 0 or i == 97: sq = int(n**(1/2)+0.5)
s485942363.py(7):         if i < 4: i = i * 2 - 1
s485942363.py(8):         else: i, d = i+d, d^6
s485942363.py(3):     while i <= sq:
s485942363.py(4):         k = 0
s485942363.py(5):         while n % i == 0: n, k, ret[i] = n//i, k+1, k+1
s485942363.py(6):         if k > 0 or i == 97: sq = int(n**(1/2)+0.5)
s485942363.py(7):         if i < 4: i = i * 2 - 1
s485942363.py(8):         else: i, d = i+d, d^6
s485942363.py(3):     while i <= sq:
s485942363.py(4):         k = 0
s485942363.py(5):         while n % i == 0: n, k, ret[i] = n//i, k+1, k+1
s485942363.py(6):         if k > 0 or i == 97: sq = int(n**(1/2)+0.5)
s485942363.py(7):         if i < 4: i = i * 2 - 1
s485942363.py(8):         else: i, d = i+d, d^6
s485942363.py(3):     while i <= sq:
s485942363.py(4):         k = 0
s485942363.py(5):         while n % i == 0: n, k, ret[i] = n//i, k+1, k+1
s485942363.py(6):         if k > 0 or i == 97: sq = int(n**(1/2)+0.5)
s485942363.py(7):         if i < 4: i = i * 2 - 1
s485942363.py(8):         else: i, d = i+d, d^6
s485942363.py(3):     while i <= sq:
s485942363.py(4):         k = 0
s485942363.py(5):         while n % i == 0: n, k, ret[i] = n//i, k+1, k+1
s485942363.py(6):         if k > 0 or i == 97: sq = int(n**(1/2)+0.5)
s485942363.py(7):         if i < 4: i = i * 2 - 1
s485942363.py(8):         else: i, d = i+d, d^6
s485942363.py(3):     while i <= sq:
s485942363.py(4):         k = 0
s485942363.py(5):         while n % i == 0: n, k, ret[i] = n//i, k+1, k+1
s485942363.py(6):         if k > 0 or i == 97: sq = int(n**(1/2)+0.5)
s485942363.py(7):         if i < 4: i = i * 2 - 1
s485942363.py(8):         else: i, d = i+d, d^6
s485942363.py(3):     while i <= sq:
s485942363.py(9):     if n > 1: ret[n] = 1
s485942363.py(10):     return ret
s485942363.py(14):     ret = [1]
s485942363.py(15):     for p in pf:
s485942363.py(16):         ret_prev = ret
s485942363.py(17):         ret = []
s485942363.py(18):         for i in range(pf[p]+1):
s485942363.py(19):             for r in ret_prev:
s485942363.py(20):                 ret.append(r * (p ** i))
s485942363.py(19):             for r in ret_prev:
s485942363.py(18):         for i in range(pf[p]+1):
s485942363.py(19):             for r in ret_prev:
s485942363.py(20):                 ret.append(r * (p ** i))
s485942363.py(19):             for r in ret_prev:
s485942363.py(18):         for i in range(pf[p]+1):
s485942363.py(19):             for r in ret_prev:
s485942363.py(20):                 ret.append(r * (p ** i))
s485942363.py(19):             for r in ret_prev:
s485942363.py(18):         for i in range(pf[p]+1):
s485942363.py(19):             for r in ret_prev:
s485942363.py(20):                 ret.append(r * (p ** i))
s485942363.py(19):             for r in ret_prev:
s485942363.py(18):         for i in range(pf[p]+1):
s485942363.py(15):     for p in pf:
s485942363.py(16):         ret_prev = ret
s485942363.py(17):         ret = []
s485942363.py(18):         for i in range(pf[p]+1):
s485942363.py(19):             for r in ret_prev:
s485942363.py(20):                 ret.append(r * (p ** i))
s485942363.py(19):             for r in ret_prev:
s485942363.py(20):                 ret.append(r * (p ** i))
s485942363.py(19):             for r in ret_prev:
s485942363.py(20):                 ret.append(r * (p ** i))
s485942363.py(19):             for r in ret_prev:
s485942363.py(20):                 ret.append(r * (p ** i))
s485942363.py(19):             for r in ret_prev:
s485942363.py(18):         for i in range(pf[p]+1):
s485942363.py(19):             for r in ret_prev:
s485942363.py(20):                 ret.append(r * (p ** i))
s485942363.py(19):             for r in ret_prev:
s485942363.py(20):                 ret.append(r * (p ** i))
s485942363.py(19):             for r in ret_prev:
s485942363.py(20):                 ret.append(r * (p ** i))
s485942363.py(19):             for r in ret_prev:
s485942363.py(20):                 ret.append(r * (p ** i))
s485942363.py(19):             for r in ret_prev:
s485942363.py(18):         for i in range(pf[p]+1):
s485942363.py(19):             for r in ret_prev:
s485942363.py(20):                 ret.append(r * (p ** i))
s485942363.py(19):             for r in ret_prev:
s485942363.py(20):                 ret.append(r * (p ** i))
s485942363.py(19):             for r in ret_prev:
s485942363.py(20):                 ret.append(r * (p ** i))
s485942363.py(19):             for r in ret_prev:
s485942363.py(20):                 ret.append(r * (p ** i))
s485942363.py(19):             for r in ret_prev:
s485942363.py(18):         for i in range(pf[p]+1):
s485942363.py(15):     for p in pf:
s485942363.py(16):         ret_prev = ret
s485942363.py(17):         ret = []
s485942363.py(18):         for i in range(pf[p]+1):
s485942363.py(19):             for r in ret_prev:
s485942363.py(20):                 ret.append(r * (p ** i))
s485942363.py(19):             for r in ret_prev:
s485942363.py(20):                 ret.append(r * (p ** i))
s485942363.py(19):             for r in ret_prev:
s485942363.py(20):                 ret.append(r * (p ** i))
s485942363.py(19):             for r in ret_prev:
s485942363.py(20):                 ret.append(r * (p ** i))
s485942363.py(19):             for r in ret_prev:
s485942363.py(20):                 ret.append(r * (p ** i))
s485942363.py(19):             for r in ret_prev:
s485942363.py(20):                 ret.append(r * (p ** i))
s485942363.py(19):             for r in ret_prev:
s485942363.py(20):                 ret.append(r * (p ** i))
s485942363.py(19):             for r in ret_prev:
s485942363.py(20):                 ret.append(r * (p ** i))
s485942363.py(19):             for r in ret_prev:
s485942363.py(20):                 ret.append(r * (p ** i))
s485942363.py(19):             for r in ret_prev:
s485942363.py(20):                 ret.append(r * (p ** i))
s485942363.py(19):             for r in ret_prev:
s485942363.py(20):                 ret.append(r * (p ** i))
s485942363.py(19):             for r in ret_prev:
s485942363.py(20):                 ret.append(r * (p ** i))
s485942363.py(19):             for r in ret_prev:
s485942363.py(18):         for i in range(pf[p]+1):
s485942363.py(19):             for r in ret_prev:
s485942363.py(20):                 ret.append(r * (p ** i))
s485942363.py(19):             for r in ret_prev:
s485942363.py(20):                 ret.append(r * (p ** i))
s485942363.py(19):             for r in ret_prev:
s485942363.py(20):                 ret.append(r * (p ** i))
s485942363.py(19):             for r in ret_prev:
s485942363.py(20):                 ret.append(r * (p ** i))
s485942363.py(19):             for r in ret_prev:
s485942363.py(20):                 ret.append(r * (p ** i))
s485942363.py(19):             for r in ret_prev:
s485942363.py(20):                 ret.append(r * (p ** i))
s485942363.py(19):             for r in ret_prev:
s485942363.py(20):                 ret.append(r * (p ** i))
s485942363.py(19):             for r in ret_prev:
s485942363.py(20):                 ret.append(r * (p ** i))
s485942363.py(19):             for r in ret_prev:
s485942363.py(20):                 ret.append(r * (p ** i))
s485942363.py(19):             for r in ret_prev:
s485942363.py(20):                 ret.append(r * (p ** i))
s485942363.py(19):             for r in ret_prev:
s485942363.py(20):                 ret.append(r * (p ** i))
s485942363.py(19):             for r in ret_prev:
s485942363.py(20):                 ret.append(r * (p ** i))
s485942363.py(19):             for r in ret_prev:
s485942363.py(18):         for i in range(pf[p]+1):
s485942363.py(15):     for p in pf:
s485942363.py(21):     return sorted(ret)
s485942363.py(38):         b += 1
s485942363.py(39):         if f(b, N) == S:
 --- modulename: s485942363, funcname: f
s485942363.py(24):     re = 0
s485942363.py(25):     while n:
s485942363.py(26):         re += n % b
s485942363.py(27):         n //= b
s485942363.py(25):     while n:
s485942363.py(26):         re += n % b
s485942363.py(27):         n //= b
s485942363.py(25):     while n:
s485942363.py(26):         re += n % b
s485942363.py(27):         n //= b
s485942363.py(25):     while n:
s485942363.py(26):         re += n % b
s485942363.py(27):         n //= b
s485942363.py(25):     while n:
s485942363.py(26):         re += n % b
s485942363.py(27):         n //= b
s485942363.py(25):     while n:
s485942363.py(26):         re += n % b
s485942363.py(27):         n //= b
s485942363.py(25):     while n:
s485942363.py(26):         re += n % b
s485942363.py(27):         n //= b
s485942363.py(25):     while n:
s485942363.py(26):         re += n % b
s485942363.py(27):         n //= b
s485942363.py(25):     while n:
s485942363.py(26):         re += n % b
s485942363.py(27):         n //= b
s485942363.py(25):     while n:
s485942363.py(26):         re += n % b
s485942363.py(27):         n //= b
s485942363.py(25):     while n:
s485942363.py(26):         re += n % b
s485942363.py(27):         n //= b
s485942363.py(25):     while n:
s485942363.py(26):         re += n % b
s485942363.py(27):         n //= b
s485942363.py(25):     while n:
s485942363.py(26):         re += n % b
s485942363.py(27):         n //= b
s485942363.py(25):     while n:
s485942363.py(26):         re += n % b
s485942363.py(27):         n //= b
s485942363.py(25):     while n:
s485942363.py(26):         re += n % b
s485942363.py(27):         n //= b
s485942363.py(25):     while n:
s485942363.py(26):         re += n % b
s485942363.py(27):         n //= b
s485942363.py(25):     while n:
s485942363.py(26):         re += n % b
s485942363.py(27):         n //= b
s485942363.py(25):     while n:
s485942363.py(28):     return re
s485942363.py(37):     for b in divisors(N-S):
s485942363.py(38):         b += 1
s485942363.py(39):         if f(b, N) == S:
 --- modulename: s485942363, funcname: f
s485942363.py(24):     re = 0
s485942363.py(25):     while n:
s485942363.py(26):         re += n % b
s485942363.py(27):         n //= b
s485942363.py(25):     while n:
s485942363.py(26):         re += n % b
s485942363.py(27):         n //= b
s485942363.py(25):     while n:
s485942363.py(26):         re += n % b
s485942363.py(27):         n //= b
s485942363.py(25):     while n:
s485942363.py(26):         re += n % b
s485942363.py(27):         n //= b
s485942363.py(25):     while n:
s485942363.py(26):         re += n % b
s485942363.py(27):         n //= b
s485942363.py(25):     while n:
s485942363.py(26):         re += n % b
s485942363.py(27):         n //= b
s485942363.py(25):     while n:
s485942363.py(26):         re += n % b
s485942363.py(27):         n //= b
s485942363.py(25):     while n:
s485942363.py(26):         re += n % b
s485942363.py(27):         n //= b
s485942363.py(25):     while n:
s485942363.py(26):         re += n % b
s485942363.py(27):         n //= b
s485942363.py(25):     while n:
s485942363.py(26):         re += n % b
s485942363.py(27):         n //= b
s485942363.py(25):     while n:
s485942363.py(26):         re += n % b
s485942363.py(27):         n //= b
s485942363.py(25):     while n:
s485942363.py(28):     return re
s485942363.py(37):     for b in divisors(N-S):
s485942363.py(38):         b += 1
s485942363.py(39):         if f(b, N) == S:
 --- modulename: s485942363, funcname: f
s485942363.py(24):     re = 0
s485942363.py(25):     while n:
s485942363.py(26):         re += n % b
s485942363.py(27):         n //= b
s485942363.py(25):     while n:
s485942363.py(26):         re += n % b
s485942363.py(27):         n //= b
s485942363.py(25):     while n:
s485942363.py(26):         re += n % b
s485942363.py(27):         n //= b
s485942363.py(25):     while n:
s485942363.py(26):         re += n % b
s485942363.py(27):         n //= b
s485942363.py(25):     while n:
s485942363.py(26):         re += n % b
s485942363.py(27):         n //= b
s485942363.py(25):     while n:
s485942363.py(26):         re += n % b
s485942363.py(27):         n //= b
s485942363.py(25):     while n:
s485942363.py(26):         re += n % b
s485942363.py(27):         n //= b
s485942363.py(25):     while n:
s485942363.py(26):         re += n % b
s485942363.py(27):         n //= b
s485942363.py(25):     while n:
s485942363.py(26):         re += n % b
s485942363.py(27):         n //= b
s485942363.py(25):     while n:
s485942363.py(28):     return re
s485942363.py(37):     for b in divisors(N-S):
s485942363.py(38):         b += 1
s485942363.py(39):         if f(b, N) == S:
 --- modulename: s485942363, funcname: f
s485942363.py(24):     re = 0
s485942363.py(25):     while n:
s485942363.py(26):         re += n % b
s485942363.py(27):         n //= b
s485942363.py(25):     while n:
s485942363.py(26):         re += n % b
s485942363.py(27):         n //= b
s485942363.py(25):     while n:
s485942363.py(26):         re += n % b
s485942363.py(27):         n //= b
s485942363.py(25):     while n:
s485942363.py(26):         re += n % b
s485942363.py(27):         n //= b
s485942363.py(25):     while n:
s485942363.py(26):         re += n % b
s485942363.py(27):         n //= b
s485942363.py(25):     while n:
s485942363.py(26):         re += n % b
s485942363.py(27):         n //= b
s485942363.py(25):     while n:
s485942363.py(26):         re += n % b
s485942363.py(27):         n //= b
s485942363.py(25):     while n:
s485942363.py(26):         re += n % b
s485942363.py(27):         n //= b
s485942363.py(25):     while n:
s485942363.py(28):     return re
s485942363.py(37):     for b in divisors(N-S):
s485942363.py(38):         b += 1
s485942363.py(39):         if f(b, N) == S:
 --- modulename: s485942363, funcname: f
s485942363.py(24):     re = 0
s485942363.py(25):     while n:
s485942363.py(26):         re += n % b
s485942363.py(27):         n //= b
s485942363.py(25):     while n:
s485942363.py(26):         re += n % b
s485942363.py(27):         n //= b
s485942363.py(25):     while n:
s485942363.py(26):         re += n % b
s485942363.py(27):         n //= b
s485942363.py(25):     while n:
s485942363.py(26):         re += n % b
s485942363.py(27):         n //= b
s485942363.py(25):     while n:
s485942363.py(26):         re += n % b
s485942363.py(27):         n //= b
s485942363.py(25):     while n:
s485942363.py(26):         re += n % b
s485942363.py(27):         n //= b
s485942363.py(25):     while n:
s485942363.py(28):     return re
s485942363.py(37):     for b in divisors(N-S):
s485942363.py(38):         b += 1
s485942363.py(39):         if f(b, N) == S:
 --- modulename: s485942363, funcname: f
s485942363.py(24):     re = 0
s485942363.py(25):     while n:
s485942363.py(26):         re += n % b
s485942363.py(27):         n //= b
s485942363.py(25):     while n:
s485942363.py(26):         re += n % b
s485942363.py(27):         n //= b
s485942363.py(25):     while n:
s485942363.py(26):         re += n % b
s485942363.py(27):         n //= b
s485942363.py(25):     while n:
s485942363.py(26):         re += n % b
s485942363.py(27):         n //= b
s485942363.py(25):     while n:
s485942363.py(26):         re += n % b
s485942363.py(27):         n //= b
s485942363.py(25):     while n:
s485942363.py(26):         re += n % b
s485942363.py(27):         n //= b
s485942363.py(25):     while n:
s485942363.py(28):     return re
s485942363.py(37):     for b in divisors(N-S):
s485942363.py(38):         b += 1
s485942363.py(39):         if f(b, N) == S:
 --- modulename: s485942363, funcname: f
s485942363.py(24):     re = 0
s485942363.py(25):     while n:
s485942363.py(26):         re += n % b
s485942363.py(27):         n //= b
s485942363.py(25):     while n:
s485942363.py(26):         re += n % b
s485942363.py(27):         n //= b
s485942363.py(25):     while n:
s485942363.py(26):         re += n % b
s485942363.py(27):         n //= b
s485942363.py(25):     while n:
s485942363.py(26):         re += n % b
s485942363.py(27):         n //= b
s485942363.py(25):     while n:
s485942363.py(26):         re += n % b
s485942363.py(27):         n //= b
s485942363.py(25):     while n:
s485942363.py(28):     return re
s485942363.py(40):             print(b)
10
s485942363.py(41):             break
