 --- modulename: s487869002, funcname: <module>
s487869002.py(1): class AVLtree:
 --- modulename: s487869002, funcname: AVLtree
s487869002.py(1): class AVLtree:
s487869002.py(2):     """
s487869002.py(11):     def __init__(self):
s487869002.py(15):     def insert(self, x):
s487869002.py(78):     def erase(self, x):
s487869002.py(168):     def lower_bound(self, x):
s487869002.py(180):     def upper_bound(self, x):
s487869002.py(192):     def __str__(self):
s487869002.py(203): class Node:
 --- modulename: s487869002, funcname: Node
s487869002.py(203): class Node:
s487869002.py(204):     def __init__(self, x):
s487869002.py(211):     def _rotateR(self):
s487869002.py(218):     def _rotateL(self):
s487869002.py(225):     def _update_bal(self):
s487869002.py(238):     def _dfs(self):
s487869002.py(248): n,q = map(int, input().split())
 --- modulename: codecs, funcname: getstate
codecs.py(333):         return (self.buffer, 0)
 --- modulename: codecs, funcname: decode
codecs.py(321):         data = self.buffer + input
codecs.py(322):         (result, consumed) = self._buffer_decode(data, self.errors, final)
codecs.py(324):         self.buffer = data[consumed:]
codecs.py(325):         return result
s487869002.py(249): e = []
s487869002.py(250): for i in range(n):
s487869002.py(251):   s,t,x = map(int, input().split())
s487869002.py(252):   e.append((s-x,x,i))
s487869002.py(253):   e.append((t-x,x,i))
s487869002.py(250): for i in range(n):
s487869002.py(251):   s,t,x = map(int, input().split())
s487869002.py(252):   e.append((s-x,x,i))
s487869002.py(253):   e.append((t-x,x,i))
s487869002.py(250): for i in range(n):
s487869002.py(251):   s,t,x = map(int, input().split())
s487869002.py(252):   e.append((s-x,x,i))
s487869002.py(253):   e.append((t-x,x,i))
s487869002.py(250): for i in range(n):
s487869002.py(251):   s,t,x = map(int, input().split())
s487869002.py(252):   e.append((s-x,x,i))
s487869002.py(253):   e.append((t-x,x,i))
s487869002.py(250): for i in range(n):
s487869002.py(254): e.sort(key=lambda x:x[0])
 --- modulename: s487869002, funcname: <lambda>
s487869002.py(254): e.sort(key=lambda x:x[0])
 --- modulename: s487869002, funcname: <lambda>
s487869002.py(254): e.sort(key=lambda x:x[0])
 --- modulename: s487869002, funcname: <lambda>
s487869002.py(254): e.sort(key=lambda x:x[0])
 --- modulename: s487869002, funcname: <lambda>
s487869002.py(254): e.sort(key=lambda x:x[0])
 --- modulename: s487869002, funcname: <lambda>
s487869002.py(254): e.sort(key=lambda x:x[0])
 --- modulename: s487869002, funcname: <lambda>
s487869002.py(254): e.sort(key=lambda x:x[0])
 --- modulename: s487869002, funcname: <lambda>
s487869002.py(254): e.sort(key=lambda x:x[0])
 --- modulename: s487869002, funcname: <lambda>
s487869002.py(254): e.sort(key=lambda x:x[0])
s487869002.py(255): D = [int(input()) for _ in range(q)]
 --- modulename: s487869002, funcname: <listcomp>
s487869002.py(255): D = [int(input()) for _ in range(q)]
s487869002.py(255): D = [int(input()) for _ in range(q)]
s487869002.py(255): D = [int(input()) for _ in range(q)]
s487869002.py(255): D = [int(input()) for _ in range(q)]
s487869002.py(255): D = [int(input()) for _ in range(q)]
s487869002.py(255): D = [int(input()) for _ in range(q)]
s487869002.py(255): D = [int(input()) for _ in range(q)]
s487869002.py(256): avl = AVLtree()
 --- modulename: s487869002, funcname: __init__
s487869002.py(12):         self.root = None
s487869002.py(257): ans = []
s487869002.py(258): f = [0]*n
s487869002.py(259): j = 0
s487869002.py(260): N = 2*n
s487869002.py(261): for d in D:
s487869002.py(262):   while j < N and e[j][0] <= d:
s487869002.py(263):     _,x,i = e[j]
s487869002.py(264):     if f[i]:
s487869002.py(267):       avl.insert((x,i))
 --- modulename: s487869002, funcname: insert
s487869002.py(16):         if self.root is None:
s487869002.py(17):             self.root = Node(x)
 --- modulename: s487869002, funcname: __init__
s487869002.py(205):         self.val = x
s487869002.py(206):         self.left = None
s487869002.py(207):         self.right = None
s487869002.py(208):         self.bal = 0 #1:左1, -1:右1
s487869002.py(18):             return
s487869002.py(268):       f[i] = 1
s487869002.py(269):     j += 1
s487869002.py(262):   while j < N and e[j][0] <= d:
s487869002.py(263):     _,x,i = e[j]
s487869002.py(264):     if f[i]:
s487869002.py(267):       avl.insert((x,i))
 --- modulename: s487869002, funcname: insert
s487869002.py(16):         if self.root is None:
s487869002.py(19):         q = []
s487869002.py(20):         node = self.root
s487869002.py(22):             if node.val == x:
s487869002.py(24):             elif x < node.val:
s487869002.py(25):                 q.append((node, 0))
s487869002.py(26):                 if node.left is None:
s487869002.py(27):                     node.left = Node(x)
 --- modulename: s487869002, funcname: __init__
s487869002.py(205):         self.val = x
s487869002.py(206):         self.left = None
s487869002.py(207):         self.right = None
s487869002.py(208):         self.bal = 0 #1:左1, -1:右1
s487869002.py(28):                     break
s487869002.py(38):         new_node = None
s487869002.py(39):         while q:
s487869002.py(40):             node, key = q.pop()
s487869002.py(41):             if not key:
s487869002.py(42):                 node.bal += 1
s487869002.py(45):             bal = node.bal
s487869002.py(46):             if not bal:
s487869002.py(48):             if bal == 2:
s487869002.py(58):             elif bal == -2:
s487869002.py(39):         while q:
s487869002.py(68):         if q:
s487869002.py(74):         elif new_node is not None:
s487869002.py(268):       f[i] = 1
s487869002.py(269):     j += 1
s487869002.py(262):   while j < N and e[j][0] <= d:
s487869002.py(270):   m = avl.lower_bound((-float("inf"),0))
 --- modulename: s487869002, funcname: lower_bound
s487869002.py(169):         res = float("inf")
s487869002.py(170):         node = self.root
s487869002.py(171):         while node is not None:
s487869002.py(172):             if x <= node.val:
s487869002.py(173):                 res = node.val
s487869002.py(174):                 node = node.left
s487869002.py(171):         while node is not None:
s487869002.py(172):             if x <= node.val:
s487869002.py(173):                 res = node.val
s487869002.py(174):                 node = node.left
s487869002.py(171):         while node is not None:
s487869002.py(177):         return res
s487869002.py(271):   ans.append(m[0] if m != float("inf") else -1)
s487869002.py(261): for d in D:
s487869002.py(262):   while j < N and e[j][0] <= d:
s487869002.py(263):     _,x,i = e[j]
s487869002.py(264):     if f[i]:
s487869002.py(265):       avl.erase((x,i))
 --- modulename: s487869002, funcname: erase
s487869002.py(79):         if self.root is None:
s487869002.py(81):         q = []
s487869002.py(82):         node = self.root
s487869002.py(83):         while node is not None:
s487869002.py(84):             if node.val == x:
s487869002.py(86):             if x < node.val:
s487869002.py(87):                 q.append((node, 0))
s487869002.py(88):                 node = node.left
s487869002.py(83):         while node is not None:
s487869002.py(84):             if node.val == x:
s487869002.py(85):                 break
s487869002.py(94):         if node.left is not None and node.right is not None:
s487869002.py(102):         if q:
s487869002.py(103):             pre, key = q[-1]
s487869002.py(106):         if node.left is None:
s487869002.py(107):             cnode = node.right
s487869002.py(110):         if pre is None:
s487869002.py(113):         if not key:
s487869002.py(114):             pre.left = cnode
s487869002.py(119):         while q:
s487869002.py(120):             new_node = None
s487869002.py(121):             node, key = q.pop()
s487869002.py(122):             if not key:
s487869002.py(123):                 node.bal -= 1
s487869002.py(126):             bal = node.bal
s487869002.py(127):             if bal == 2:
s487869002.py(140):             elif bal == -2:
s487869002.py(153):             elif bal:
s487869002.py(155):             if new_node is not None:
s487869002.py(119):         while q:
s487869002.py(269):     j += 1
s487869002.py(262):   while j < N and e[j][0] <= d:
s487869002.py(263):     _,x,i = e[j]
s487869002.py(264):     if f[i]:
s487869002.py(267):       avl.insert((x,i))
 --- modulename: s487869002, funcname: insert
s487869002.py(16):         if self.root is None:
s487869002.py(19):         q = []
s487869002.py(20):         node = self.root
s487869002.py(22):             if node.val == x:
s487869002.py(24):             elif x < node.val:
s487869002.py(25):                 q.append((node, 0))
s487869002.py(26):                 if node.left is None:
s487869002.py(27):                     node.left = Node(x)
 --- modulename: s487869002, funcname: __init__
s487869002.py(205):         self.val = x
s487869002.py(206):         self.left = None
s487869002.py(207):         self.right = None
s487869002.py(208):         self.bal = 0 #1:左1, -1:右1
s487869002.py(28):                     break
s487869002.py(38):         new_node = None
s487869002.py(39):         while q:
s487869002.py(40):             node, key = q.pop()
s487869002.py(41):             if not key:
s487869002.py(42):                 node.bal += 1
s487869002.py(45):             bal = node.bal
s487869002.py(46):             if not bal:
s487869002.py(48):             if bal == 2:
s487869002.py(58):             elif bal == -2:
s487869002.py(39):         while q:
s487869002.py(68):         if q:
s487869002.py(74):         elif new_node is not None:
s487869002.py(268):       f[i] = 1
s487869002.py(269):     j += 1
s487869002.py(262):   while j < N and e[j][0] <= d:
s487869002.py(270):   m = avl.lower_bound((-float("inf"),0))
 --- modulename: s487869002, funcname: lower_bound
s487869002.py(169):         res = float("inf")
s487869002.py(170):         node = self.root
s487869002.py(171):         while node is not None:
s487869002.py(172):             if x <= node.val:
s487869002.py(173):                 res = node.val
s487869002.py(174):                 node = node.left
s487869002.py(171):         while node is not None:
s487869002.py(172):             if x <= node.val:
s487869002.py(173):                 res = node.val
s487869002.py(174):                 node = node.left
s487869002.py(171):         while node is not None:
s487869002.py(177):         return res
s487869002.py(271):   ans.append(m[0] if m != float("inf") else -1)
s487869002.py(261): for d in D:
s487869002.py(262):   while j < N and e[j][0] <= d:
s487869002.py(263):     _,x,i = e[j]
s487869002.py(264):     if f[i]:
s487869002.py(265):       avl.erase((x,i))
 --- modulename: s487869002, funcname: erase
s487869002.py(79):         if self.root is None:
s487869002.py(81):         q = []
s487869002.py(82):         node = self.root
s487869002.py(83):         while node is not None:
s487869002.py(84):             if node.val == x:
s487869002.py(86):             if x < node.val:
s487869002.py(87):                 q.append((node, 0))
s487869002.py(88):                 node = node.left
s487869002.py(83):         while node is not None:
s487869002.py(84):             if node.val == x:
s487869002.py(85):                 break
s487869002.py(94):         if node.left is not None and node.right is not None:
s487869002.py(102):         if q:
s487869002.py(103):             pre, key = q[-1]
s487869002.py(106):         if node.left is None:
s487869002.py(107):             cnode = node.right
s487869002.py(110):         if pre is None:
s487869002.py(113):         if not key:
s487869002.py(114):             pre.left = cnode
s487869002.py(119):         while q:
s487869002.py(120):             new_node = None
s487869002.py(121):             node, key = q.pop()
s487869002.py(122):             if not key:
s487869002.py(123):                 node.bal -= 1
s487869002.py(126):             bal = node.bal
s487869002.py(127):             if bal == 2:
s487869002.py(140):             elif bal == -2:
s487869002.py(153):             elif bal:
s487869002.py(155):             if new_node is not None:
s487869002.py(119):         while q:
s487869002.py(269):     j += 1
s487869002.py(262):   while j < N and e[j][0] <= d:
s487869002.py(270):   m = avl.lower_bound((-float("inf"),0))
 --- modulename: s487869002, funcname: lower_bound
s487869002.py(169):         res = float("inf")
s487869002.py(170):         node = self.root
s487869002.py(171):         while node is not None:
s487869002.py(172):             if x <= node.val:
s487869002.py(173):                 res = node.val
s487869002.py(174):                 node = node.left
s487869002.py(171):         while node is not None:
s487869002.py(177):         return res
s487869002.py(271):   ans.append(m[0] if m != float("inf") else -1)
s487869002.py(261): for d in D:
s487869002.py(262):   while j < N and e[j][0] <= d:
s487869002.py(263):     _,x,i = e[j]
s487869002.py(264):     if f[i]:
s487869002.py(265):       avl.erase((x,i))
 --- modulename: s487869002, funcname: erase
s487869002.py(79):         if self.root is None:
s487869002.py(81):         q = []
s487869002.py(82):         node = self.root
s487869002.py(83):         while node is not None:
s487869002.py(84):             if node.val == x:
s487869002.py(85):                 break
s487869002.py(94):         if node.left is not None and node.right is not None:
s487869002.py(102):         if q:
s487869002.py(105):             pre = None
s487869002.py(106):         if node.left is None:
s487869002.py(107):             cnode = node.right
s487869002.py(110):         if pre is None:
s487869002.py(111):             self.root = cnode
s487869002.py(112):             return
s487869002.py(269):     j += 1
s487869002.py(262):   while j < N and e[j][0] <= d:
s487869002.py(270):   m = avl.lower_bound((-float("inf"),0))
 --- modulename: s487869002, funcname: lower_bound
s487869002.py(169):         res = float("inf")
s487869002.py(170):         node = self.root
s487869002.py(171):         while node is not None:
s487869002.py(177):         return res
s487869002.py(271):   ans.append(m[0] if m != float("inf") else -1)
s487869002.py(261): for d in D:
s487869002.py(262):   while j < N and e[j][0] <= d:
s487869002.py(263):     _,x,i = e[j]
s487869002.py(264):     if f[i]:
s487869002.py(267):       avl.insert((x,i))
 --- modulename: s487869002, funcname: insert
s487869002.py(16):         if self.root is None:
s487869002.py(17):             self.root = Node(x)
 --- modulename: s487869002, funcname: __init__
s487869002.py(205):         self.val = x
s487869002.py(206):         self.left = None
s487869002.py(207):         self.right = None
s487869002.py(208):         self.bal = 0 #1:左1, -1:右1
s487869002.py(18):             return
s487869002.py(268):       f[i] = 1
s487869002.py(269):     j += 1
s487869002.py(262):   while j < N and e[j][0] <= d:
s487869002.py(270):   m = avl.lower_bound((-float("inf"),0))
 --- modulename: s487869002, funcname: lower_bound
s487869002.py(169):         res = float("inf")
s487869002.py(170):         node = self.root
s487869002.py(171):         while node is not None:
s487869002.py(172):             if x <= node.val:
s487869002.py(173):                 res = node.val
s487869002.py(174):                 node = node.left
s487869002.py(171):         while node is not None:
s487869002.py(177):         return res
s487869002.py(271):   ans.append(m[0] if m != float("inf") else -1)
s487869002.py(261): for d in D:
s487869002.py(262):   while j < N and e[j][0] <= d:
s487869002.py(263):     _,x,i = e[j]
s487869002.py(264):     if f[i]:
s487869002.py(265):       avl.erase((x,i))
 --- modulename: s487869002, funcname: erase
s487869002.py(79):         if self.root is None:
s487869002.py(81):         q = []
s487869002.py(82):         node = self.root
s487869002.py(83):         while node is not None:
s487869002.py(84):             if node.val == x:
s487869002.py(85):                 break
s487869002.py(94):         if node.left is not None and node.right is not None:
s487869002.py(102):         if q:
s487869002.py(105):             pre = None
s487869002.py(106):         if node.left is None:
s487869002.py(107):             cnode = node.right
s487869002.py(110):         if pre is None:
s487869002.py(111):             self.root = cnode
s487869002.py(112):             return
s487869002.py(269):     j += 1
s487869002.py(262):   while j < N and e[j][0] <= d:
s487869002.py(270):   m = avl.lower_bound((-float("inf"),0))
 --- modulename: s487869002, funcname: lower_bound
s487869002.py(169):         res = float("inf")
s487869002.py(170):         node = self.root
s487869002.py(171):         while node is not None:
s487869002.py(177):         return res
s487869002.py(271):   ans.append(m[0] if m != float("inf") else -1)
s487869002.py(261): for d in D:
s487869002.py(273): for i in ans:
s487869002.py(274):   print(i)
2
s487869002.py(273): for i in ans:
s487869002.py(274):   print(i)
2
s487869002.py(273): for i in ans:
s487869002.py(274):   print(i)
10
s487869002.py(273): for i in ans:
s487869002.py(274):   print(i)
-1
s487869002.py(273): for i in ans:
s487869002.py(274):   print(i)
13
s487869002.py(273): for i in ans:
s487869002.py(274):   print(i)
-1
s487869002.py(273): for i in ans:
