 --- modulename: s488115499, funcname: <module>
s488115499.py(1): import itertools
s488115499.py(2): import os
s488115499.py(3): import sys
s488115499.py(5): if os.getenv("LOCAL"):
 --- modulename: os, funcname: getenv
os.py(775):     return environ.get(key, default)
 --- modulename: _collections_abc, funcname: get
_collections_abc.py(762):         try:
_collections_abc.py(763):             return self[key]
 --- modulename: os, funcname: __getitem__
os.py(675):         try:
os.py(676):             value = self._data[self.encodekey(key)]
 --- modulename: os, funcname: encodekey
os.py(747):             return encode(key).upper()
 --- modulename: os, funcname: check_str
os.py(741):             if not isinstance(value, str):
os.py(743):             return value
os.py(677):         except KeyError:
os.py(679):             raise KeyError(key) from None
_collections_abc.py(764):         except KeyError:
_collections_abc.py(765):             return default
s488115499.py(8): sys.setrecursionlimit(10 ** 9)
s488115499.py(9): INF = float("inf")
s488115499.py(10): IINF = 10 ** 18
s488115499.py(11): MOD = 10 ** 9 + 7
s488115499.py(17): def toint(l, r):
s488115499.py(21): def test():
s488115499.py(29): def solve25():
s488115499.py(37): def mod_invs(max, mod):
s488115499.py(50): N, P = list(map(int, sys.stdin.buffer.readline().split()))
s488115499.py(51): S = list(map(int, list(sys.stdin.buffer.readline().decode().rstrip())))
s488115499.py(54): if P in [2, 5]:
s488115499.py(61): powers = []
s488115499.py(62): p = 1
s488115499.py(63): for _ in range(N):
s488115499.py(64):     powers.append(p)
s488115499.py(65):     p = p * 10 % P
s488115499.py(63): for _ in range(N):
s488115499.py(64):     powers.append(p)
s488115499.py(65):     p = p * 10 % P
s488115499.py(63): for _ in range(N):
s488115499.py(64):     powers.append(p)
s488115499.py(65):     p = p * 10 % P
s488115499.py(63): for _ in range(N):
s488115499.py(64):     powers.append(p)
s488115499.py(65):     p = p * 10 % P
s488115499.py(63): for _ in range(N):
s488115499.py(67): s_additions = [0]
s488115499.py(68): s = 0
s488115499.py(69): for i in range(1, N):
s488115499.py(70):     s = (s * 10 + S[i]) % P
s488115499.py(71):     s_additions.append(s)
s488115499.py(69): for i in range(1, N):
s488115499.py(70):     s = (s * 10 + S[i]) % P
s488115499.py(71):     s_additions.append(s)
s488115499.py(69): for i in range(1, N):
s488115499.py(70):     s = (s * 10 + S[i]) % P
s488115499.py(71):     s_additions.append(s)
s488115499.py(69): for i in range(1, N):
s488115499.py(72): invs = mod_invs(max=P - 1, mod=P)
 --- modulename: s488115499, funcname: mod_invs
s488115499.py(43):     invs = [1] * (max + 1)
s488115499.py(44):     invs[0] = 0
s488115499.py(45):     for x in range(2, max + 1):
s488115499.py(46):         invs[x] = (-(mod // x) * invs[mod % x]) % mod
s488115499.py(45):     for x in range(2, max + 1):
s488115499.py(47):     return invs
s488115499.py(75): def to_index(i, p):
s488115499.py(82): mod_counts = [0] * P
s488115499.py(83): ans = 0
s488115499.py(84): for i, c in enumerate(S):
s488115499.py(85):     mod_counts[to_index(i, c)] += 1
 --- modulename: s488115499, funcname: to_index
s488115499.py(77):     if i == 0:
s488115499.py(78):         return p % P
s488115499.py(86):     ans += mod_counts[to_index(i, 0)]
 --- modulename: s488115499, funcname: to_index
s488115499.py(77):     if i == 0:
s488115499.py(78):         return p % P
s488115499.py(84): for i, c in enumerate(S):
s488115499.py(85):     mod_counts[to_index(i, c)] += 1
 --- modulename: s488115499, funcname: to_index
s488115499.py(77):     if i == 0:
s488115499.py(79):     return (p - s_additions[i]) * invs[powers[i]] % P
s488115499.py(86):     ans += mod_counts[to_index(i, 0)]
 --- modulename: s488115499, funcname: to_index
s488115499.py(77):     if i == 0:
s488115499.py(79):     return (p - s_additions[i]) * invs[powers[i]] % P
s488115499.py(84): for i, c in enumerate(S):
s488115499.py(85):     mod_counts[to_index(i, c)] += 1
 --- modulename: s488115499, funcname: to_index
s488115499.py(77):     if i == 0:
s488115499.py(79):     return (p - s_additions[i]) * invs[powers[i]] % P
s488115499.py(86):     ans += mod_counts[to_index(i, 0)]
 --- modulename: s488115499, funcname: to_index
s488115499.py(77):     if i == 0:
s488115499.py(79):     return (p - s_additions[i]) * invs[powers[i]] % P
s488115499.py(84): for i, c in enumerate(S):
s488115499.py(85):     mod_counts[to_index(i, c)] += 1
 --- modulename: s488115499, funcname: to_index
s488115499.py(77):     if i == 0:
s488115499.py(79):     return (p - s_additions[i]) * invs[powers[i]] % P
s488115499.py(86):     ans += mod_counts[to_index(i, 0)]
 --- modulename: s488115499, funcname: to_index
s488115499.py(77):     if i == 0:
s488115499.py(79):     return (p - s_additions[i]) * invs[powers[i]] % P
s488115499.py(84): for i, c in enumerate(S):
s488115499.py(87): print(ans)
6
