 --- modulename: s488677404, funcname: <module>
s488677404.py(1): class lheapq:
 --- modulename: s488677404, funcname: lheapq
s488677404.py(1): class lheapq:
s488677404.py(2):     def __init__(self, p):
s488677404.py(8):     def heappush(self, a):
s488677404.py(19):     def heappop(self):
s488677404.py(53):     def isnotblank(self):
s488677404.py(60): def dijkstra(g, n):
s488677404.py(84): n, m = map(int, input().split())
 --- modulename: codecs, funcname: getstate
codecs.py(333):         return (self.buffer, 0)
 --- modulename: codecs, funcname: decode
codecs.py(321):         data = self.buffer + input
codecs.py(322):         (result, consumed) = self._buffer_decode(data, self.errors, final)
codecs.py(324):         self.buffer = data[consumed:]
codecs.py(325):         return result
s488677404.py(85): g = [[] for _ in range(n)]
 --- modulename: s488677404, funcname: <listcomp>
s488677404.py(85): g = [[] for _ in range(n)]
s488677404.py(85): g = [[] for _ in range(n)]
s488677404.py(85): g = [[] for _ in range(n)]
s488677404.py(85): g = [[] for _ in range(n)]
s488677404.py(85): g = [[] for _ in range(n)]
s488677404.py(86): for i in range(n - 1):
s488677404.py(87):     g[i + 1].append([i, 0])
s488677404.py(86): for i in range(n - 1):
s488677404.py(87):     g[i + 1].append([i, 0])
s488677404.py(86): for i in range(n - 1):
s488677404.py(87):     g[i + 1].append([i, 0])
s488677404.py(86): for i in range(n - 1):
s488677404.py(88): for i in range(m):
s488677404.py(89):     a, b, l = map(int, input().split())
s488677404.py(90):     g[a - 1].append([b - 1, l])
s488677404.py(88): for i in range(m):
s488677404.py(89):     a, b, l = map(int, input().split())
s488677404.py(90):     g[a - 1].append([b - 1, l])
s488677404.py(88): for i in range(m):
s488677404.py(89):     a, b, l = map(int, input().split())
s488677404.py(90):     g[a - 1].append([b - 1, l])
s488677404.py(88): for i in range(m):
s488677404.py(92): print(dijkstra(g, n)[-1])
 --- modulename: s488677404, funcname: dijkstra
s488677404.py(64):     f = [-1 for _ in range(n)]
 --- modulename: s488677404, funcname: <listcomp>
s488677404.py(64):     f = [-1 for _ in range(n)]
s488677404.py(64):     f = [-1 for _ in range(n)]
s488677404.py(64):     f = [-1 for _ in range(n)]
s488677404.py(64):     f = [-1 for _ in range(n)]
s488677404.py(64):     f = [-1 for _ in range(n)]
s488677404.py(66):     s = 0
s488677404.py(67):     f[0] = 0
s488677404.py(68):     q = lheapq(g[0])
 --- modulename: s488677404, funcname: __init__
s488677404.py(3):         self.l = []
s488677404.py(4):         if p:
s488677404.py(5):             for sp in p:
s488677404.py(6):                 self.heappush(sp)
 --- modulename: s488677404, funcname: heappush
s488677404.py(9):         n = len(self.l)
s488677404.py(10):         self.l.append(a)
s488677404.py(11):         t = n
s488677404.py(12):         while t != 0:
s488677404.py(5):             for sp in p:
s488677404.py(6):                 self.heappush(sp)
 --- modulename: s488677404, funcname: heappush
s488677404.py(9):         n = len(self.l)
s488677404.py(10):         self.l.append(a)
s488677404.py(11):         t = n
s488677404.py(12):         while t != 0:
s488677404.py(13):             if self.l[t][1] < self.l[(t - 1) // 2][1]:
s488677404.py(5):             for sp in p:
s488677404.py(70):         kakutei = q.heappop()
 --- modulename: s488677404, funcname: heappop
s488677404.py(20):         n = len(self.l)
s488677404.py(21):         if n == 0:
s488677404.py(23):         if n == 1:
s488677404.py(25):         ret = self.l[0]
s488677404.py(26):         self.l[0] = self.l.pop()
s488677404.py(27):         n -= 1
s488677404.py(28):         t = 0
s488677404.py(29):         while t < n:
s488677404.py(30):             child1 = t * 2 + 1
s488677404.py(31):             child2 = t * 2 + 2
s488677404.py(32):             if child1 >= n:
s488677404.py(33):                 break
s488677404.py(51):         return ret
s488677404.py(71):         if kakutei[0] == -1:
s488677404.py(73):         while f[kakutei[0]] != -1:
s488677404.py(77):         s = kakutei[0]
s488677404.py(78):         f[s] = kakutei[1]
s488677404.py(79):         for sg, sl in g[s]:
s488677404.py(80):             if f[sg] == -1:
s488677404.py(81):                 q.heappush([sg, sl + f[s]])
 --- modulename: s488677404, funcname: heappush
s488677404.py(9):         n = len(self.l)
s488677404.py(10):         self.l.append(a)
s488677404.py(11):         t = n
s488677404.py(12):         while t != 0:
s488677404.py(13):             if self.l[t][1] < self.l[(t - 1) // 2][1]:
s488677404.py(14):                 self.l[t], self.l[(t - 1) // 2] = self.l[(t - 1) // 2], self.l[t]
s488677404.py(15):                 t = (t - 1) // 2
s488677404.py(12):         while t != 0:
s488677404.py(79):         for sg, sl in g[s]:
s488677404.py(70):         kakutei = q.heappop()
 --- modulename: s488677404, funcname: heappop
s488677404.py(20):         n = len(self.l)
s488677404.py(21):         if n == 0:
s488677404.py(23):         if n == 1:
s488677404.py(25):         ret = self.l[0]
s488677404.py(26):         self.l[0] = self.l.pop()
s488677404.py(27):         n -= 1
s488677404.py(28):         t = 0
s488677404.py(29):         while t < n:
s488677404.py(30):             child1 = t * 2 + 1
s488677404.py(31):             child2 = t * 2 + 2
s488677404.py(32):             if child1 >= n:
s488677404.py(33):                 break
s488677404.py(51):         return ret
s488677404.py(71):         if kakutei[0] == -1:
s488677404.py(73):         while f[kakutei[0]] != -1:
s488677404.py(77):         s = kakutei[0]
s488677404.py(78):         f[s] = kakutei[1]
s488677404.py(79):         for sg, sl in g[s]:
s488677404.py(80):             if f[sg] == -1:
s488677404.py(79):         for sg, sl in g[s]:
s488677404.py(80):             if f[sg] == -1:
s488677404.py(81):                 q.heappush([sg, sl + f[s]])
 --- modulename: s488677404, funcname: heappush
s488677404.py(9):         n = len(self.l)
s488677404.py(10):         self.l.append(a)
s488677404.py(11):         t = n
s488677404.py(12):         while t != 0:
s488677404.py(13):             if self.l[t][1] < self.l[(t - 1) // 2][1]:
s488677404.py(14):                 self.l[t], self.l[(t - 1) // 2] = self.l[(t - 1) // 2], self.l[t]
s488677404.py(15):                 t = (t - 1) // 2
s488677404.py(12):         while t != 0:
s488677404.py(79):         for sg, sl in g[s]:
s488677404.py(70):         kakutei = q.heappop()
 --- modulename: s488677404, funcname: heappop
s488677404.py(20):         n = len(self.l)
s488677404.py(21):         if n == 0:
s488677404.py(23):         if n == 1:
s488677404.py(25):         ret = self.l[0]
s488677404.py(26):         self.l[0] = self.l.pop()
s488677404.py(27):         n -= 1
s488677404.py(28):         t = 0
s488677404.py(29):         while t < n:
s488677404.py(30):             child1 = t * 2 + 1
s488677404.py(31):             child2 = t * 2 + 2
s488677404.py(32):             if child1 >= n:
s488677404.py(33):                 break
s488677404.py(51):         return ret
s488677404.py(71):         if kakutei[0] == -1:
s488677404.py(73):         while f[kakutei[0]] != -1:
s488677404.py(77):         s = kakutei[0]
s488677404.py(78):         f[s] = kakutei[1]
s488677404.py(79):         for sg, sl in g[s]:
s488677404.py(80):             if f[sg] == -1:
s488677404.py(79):         for sg, sl in g[s]:
s488677404.py(70):         kakutei = q.heappop()
 --- modulename: s488677404, funcname: heappop
s488677404.py(20):         n = len(self.l)
s488677404.py(21):         if n == 0:
s488677404.py(23):         if n == 1:
s488677404.py(24):             return self.l.pop()
s488677404.py(71):         if kakutei[0] == -1:
s488677404.py(73):         while f[kakutei[0]] != -1:
s488677404.py(74):             kakutei = q.heappop()
 --- modulename: s488677404, funcname: heappop
s488677404.py(20):         n = len(self.l)
s488677404.py(21):         if n == 0:
s488677404.py(22):             return [-1, 0]
s488677404.py(75):             if kakutei[0] == -1:
s488677404.py(76):                 return f
5
