 --- modulename: s491792473, funcname: <module>
s491792473.py(2): from collections import Counter
 --- modulename: _bootstrap, funcname: _handle_fromlist
<frozen importlib._bootstrap>(1043): <frozen importlib._bootstrap>(1044): <frozen importlib._bootstrap>(1051): <frozen importlib._bootstrap>(1055): <frozen importlib._bootstrap>(1043): <frozen importlib._bootstrap>(1067): s491792473.py(5): import sys
s491792473.py(9): class BufferedTokenizer:
 --- modulename: s491792473, funcname: BufferedTokenizer
s491792473.py(9): class BufferedTokenizer:
s491792473.py(10):     pass
s491792473.py(12): def read_ints():
s491792473.py(15): def read_tokens():
s491792473.py(18): def main():
s491792473.py(25): if __name__ == '__main__':
s491792473.py(26):     main()
 --- modulename: s491792473, funcname: main
s491792473.py(19):     N = read_ints()[0]
 --- modulename: s491792473, funcname: read_ints
s491792473.py(13):     return [int(token) for token in input().split()]
 --- modulename: codecs, funcname: getstate
codecs.py(333):         return (self.buffer, 0)
 --- modulename: codecs, funcname: decode
codecs.py(321):         data = self.buffer + input
codecs.py(322):         (result, consumed) = self._buffer_decode(data, self.errors, final)
codecs.py(324):         self.buffer = data[consumed:]
codecs.py(325):         return result
 --- modulename: s491792473, funcname: <listcomp>
s491792473.py(13):     return [int(token) for token in input().split()]
s491792473.py(13):     return [int(token) for token in input().split()]
s491792473.py(20):     votes = Counter(input() for _ in range(N))
 --- modulename: __init__, funcname: __init__
__init__.py(592):         super().__init__()
__init__.py(593):         self.update(iterable, **kwds)
 --- modulename: __init__, funcname: update
__init__.py(669):         if iterable is not None:
__init__.py(670):             if isinstance(iterable, _collections_abc.Mapping):
 --- modulename: abc, funcname: __instancecheck__
abc.py(119):             return _abc_instancecheck(cls, instance)
 --- modulename: abc, funcname: __subclasscheck__
abc.py(123):             return _abc_subclasscheck(cls, subclass)
 --- modulename: _collections_abc, funcname: __subclasshook__
_collections_abc.py(411):         if cls is Collection:
_collections_abc.py(413):         return NotImplemented
 --- modulename: abc, funcname: __subclasscheck__
abc.py(123):             return _abc_subclasscheck(cls, subclass)
 --- modulename: _collections_abc, funcname: __subclasshook__
_collections_abc.py(411):         if cls is Collection:
_collections_abc.py(413):         return NotImplemented
 --- modulename: abc, funcname: __subclasscheck__
abc.py(123):             return _abc_subclasscheck(cls, subclass)
 --- modulename: _collections_abc, funcname: __subclasshook__
_collections_abc.py(411):         if cls is Collection:
_collections_abc.py(413):         return NotImplemented
 --- modulename: abc, funcname: __subclasscheck__
abc.py(123):             return _abc_subclasscheck(cls, subclass)
 --- modulename: _collections_abc, funcname: __subclasshook__
_collections_abc.py(411):         if cls is Collection:
_collections_abc.py(413):         return NotImplemented
 --- modulename: abc, funcname: __subclasscheck__
abc.py(123):             return _abc_subclasscheck(cls, subclass)
 --- modulename: _collections_abc, funcname: __subclasshook__
_collections_abc.py(411):         if cls is Collection:
_collections_abc.py(413):         return NotImplemented
 --- modulename: abc, funcname: __subclasscheck__
abc.py(123):             return _abc_subclasscheck(cls, subclass)
 --- modulename: _collections_abc, funcname: __subclasshook__
_collections_abc.py(411):         if cls is Collection:
_collections_abc.py(413):         return NotImplemented
 --- modulename: abc, funcname: __subclasscheck__
abc.py(123):             return _abc_subclasscheck(cls, subclass)
 --- modulename: _collections_abc, funcname: __subclasshook__
_collections_abc.py(411):         if cls is Collection:
_collections_abc.py(413):         return NotImplemented
__init__.py(679):                 _count_elements(self, iterable)
 --- modulename: s491792473, funcname: <genexpr>
s491792473.py(20):     votes = Counter(input() for _ in range(N))
 --- modulename: s491792473, funcname: <genexpr>
s491792473.py(20):     votes = Counter(input() for _ in range(N))
 --- modulename: s491792473, funcname: <genexpr>
s491792473.py(20):     votes = Counter(input() for _ in range(N))
 --- modulename: s491792473, funcname: <genexpr>
s491792473.py(20):     votes = Counter(input() for _ in range(N))
 --- modulename: s491792473, funcname: <genexpr>
s491792473.py(20):     votes = Counter(input() for _ in range(N))
 --- modulename: s491792473, funcname: <genexpr>
s491792473.py(20):     votes = Counter(input() for _ in range(N))
 --- modulename: s491792473, funcname: <genexpr>
s491792473.py(20):     votes = Counter(input() for _ in range(N))
 --- modulename: s491792473, funcname: <genexpr>
s491792473.py(20):     votes = Counter(input() for _ in range(N))
__init__.py(680):         if kwds:
s491792473.py(21):     best = votes.most_common(1)[0][1]
 --- modulename: __init__, funcname: most_common
__init__.py(609):         if n is None:
__init__.py(611):         return _heapq.nlargest(n, self.items(), key=_itemgetter(1))
 --- modulename: heapq, funcname: nlargest
heapq.py(528):     if n == 1:
heapq.py(529):         it = iter(iterable)
heapq.py(530):         sentinel = object()
heapq.py(531):         result = max(it, default=sentinel, key=key)
heapq.py(532):         return [] if result is sentinel else [result]
s491792473.py(22):     for vote in sorted(v[0] for v in votes.most_common() if v[1] == best):
 --- modulename: __init__, funcname: most_common
__init__.py(609):         if n is None:
__init__.py(610):             return sorted(self.items(), key=_itemgetter(1), reverse=True)
 --- modulename: s491792473, funcname: <genexpr>
s491792473.py(22):     for vote in sorted(v[0] for v in votes.most_common() if v[1] == best):
 --- modulename: s491792473, funcname: <genexpr>
s491792473.py(22):     for vote in sorted(v[0] for v in votes.most_common() if v[1] == best):
 --- modulename: s491792473, funcname: <genexpr>
s491792473.py(22):     for vote in sorted(v[0] for v in votes.most_common() if v[1] == best):
s491792473.py(22):     for vote in sorted(v[0] for v in votes.most_common() if v[1] == best):
s491792473.py(22):     for vote in sorted(v[0] for v in votes.most_common() if v[1] == best):
s491792473.py(22):     for vote in sorted(v[0] for v in votes.most_common() if v[1] == best):
s491792473.py(23):         print(vote)
beet
s491792473.py(22):     for vote in sorted(v[0] for v in votes.most_common() if v[1] == best):
s491792473.py(23):         print(vote)
vet
s491792473.py(22):     for vote in sorted(v[0] for v in votes.most_common() if v[1] == best):
