 --- modulename: s496086227, funcname: <module>
s496086227.py(3): import sys
s496086227.py(5): def input(): return sys.stdin.readline().strip()
s496086227.py(6): def list2d(a, b, c): return [[c] * b for i in range(a)]
s496086227.py(7): def list3d(a, b, c, d): return [[[d] * c for j in range(b)] for i in range(a)]
s496086227.py(8): def ceil(x, y=1): return int(-(-x // y))
s496086227.py(9): def INT(): return int(input())
s496086227.py(10): def MAP(): return map(int, input().split())
s496086227.py(11): def LIST(): return list(map(int, input().split()))
s496086227.py(12): def Yes(): print('Yes')
s496086227.py(13): def No(): print('No')
s496086227.py(14): def YES(): print('YES')
s496086227.py(15): def NO(): print('NO')
s496086227.py(16): sys.setrecursionlimit(10 ** 9)
s496086227.py(17): INF = float('inf')
s496086227.py(18): MOD = 10 ** 9 + 7
s496086227.py(20): W,H=MAP()
 --- modulename: s496086227, funcname: MAP
s496086227.py(10): def MAP(): return map(int, input().split())
 --- modulename: s496086227, funcname: input
s496086227.py(5): def input(): return sys.stdin.readline().strip()
 --- modulename: codecs, funcname: getstate
codecs.py(333):         return (self.buffer, 0)
 --- modulename: codecs, funcname: decode
codecs.py(321):         data = self.buffer + input
codecs.py(322):         (result, consumed) = self._buffer_decode(data, self.errors, final)
codecs.py(324):         self.buffer = data[consumed:]
codecs.py(325):         return result
s496086227.py(21): P=[(INT(), 'p') for i in range(W)]
 --- modulename: s496086227, funcname: <listcomp>
s496086227.py(21): P=[(INT(), 'p') for i in range(W)]
 --- modulename: s496086227, funcname: INT
s496086227.py(9): def INT(): return int(input())
 --- modulename: s496086227, funcname: input
s496086227.py(5): def input(): return sys.stdin.readline().strip()
s496086227.py(21): P=[(INT(), 'p') for i in range(W)]
 --- modulename: s496086227, funcname: INT
s496086227.py(9): def INT(): return int(input())
 --- modulename: s496086227, funcname: input
s496086227.py(5): def input(): return sys.stdin.readline().strip()
s496086227.py(21): P=[(INT(), 'p') for i in range(W)]
s496086227.py(22): Q=[(INT(), 'q') for i in range(H)]
 --- modulename: s496086227, funcname: <listcomp>
s496086227.py(22): Q=[(INT(), 'q') for i in range(H)]
 --- modulename: s496086227, funcname: INT
s496086227.py(9): def INT(): return int(input())
 --- modulename: s496086227, funcname: input
s496086227.py(5): def input(): return sys.stdin.readline().strip()
s496086227.py(22): Q=[(INT(), 'q') for i in range(H)]
 --- modulename: s496086227, funcname: INT
s496086227.py(9): def INT(): return int(input())
 --- modulename: s496086227, funcname: input
s496086227.py(5): def input(): return sys.stdin.readline().strip()
s496086227.py(22): Q=[(INT(), 'q') for i in range(H)]
s496086227.py(25): PQ=P+Q
s496086227.py(26): PQ.sort()
s496086227.py(28): a=H+1
s496086227.py(29): b=W+1
s496086227.py(30): ans=0
s496086227.py(31): for i in range(W+H):
s496086227.py(32):     val,_type=PQ[i]
s496086227.py(33):     if _type=='p':
s496086227.py(39):         ans+=b*val
s496086227.py(40):         a-=1
s496086227.py(31): for i in range(W+H):
s496086227.py(32):     val,_type=PQ[i]
s496086227.py(33):     if _type=='p':
s496086227.py(35):         ans+=a*val
s496086227.py(36):         b-=1
s496086227.py(31): for i in range(W+H):
s496086227.py(32):     val,_type=PQ[i]
s496086227.py(33):     if _type=='p':
s496086227.py(35):         ans+=a*val
s496086227.py(36):         b-=1
s496086227.py(31): for i in range(W+H):
s496086227.py(32):     val,_type=PQ[i]
s496086227.py(33):     if _type=='p':
s496086227.py(39):         ans+=b*val
s496086227.py(40):         a-=1
s496086227.py(31): for i in range(W+H):
s496086227.py(41): print(ans)
29
