 --- modulename: s499065797, funcname: <module>
s499065797.py(1): class UnionFind():
 --- modulename: s499065797, funcname: UnionFind
s499065797.py(1): class UnionFind():
s499065797.py(2):     def __init__(self, n):
s499065797.py(6):     def find(self, x):
s499065797.py(13):     def union(self, x, y):
s499065797.py(26):     def size(self, x):
s499065797.py(29):     def same(self, x, y):
s499065797.py(32):     def members(self, x):
s499065797.py(36):     def roots(self):
s499065797.py(39):     def group_count(self):
s499065797.py(42):     def all_group_members(self):
s499065797.py(45):     def __str__(self):
s499065797.py(49): def main():
s499065797.py(79): if __name__ == '__main__':
s499065797.py(80):     main()
 --- modulename: s499065797, funcname: main
s499065797.py(51):     N, M, K = map(int, input().split())
 --- modulename: codecs, funcname: getstate
codecs.py(333):         return (self.buffer, 0)
 --- modulename: codecs, funcname: decode
codecs.py(321):         data = self.buffer + input
codecs.py(322):         (result, consumed) = self._buffer_decode(data, self.errors, final)
codecs.py(324):         self.buffer = data[consumed:]
codecs.py(325):         return result
s499065797.py(53):     uf = UnionFind(N)
 --- modulename: s499065797, funcname: __init__
s499065797.py(3):         self.n = n
s499065797.py(4):         self.parents = [-1] * n
s499065797.py(54):     friends = [0 for _ in range(N)]
 --- modulename: s499065797, funcname: <listcomp>
s499065797.py(54):     friends = [0 for _ in range(N)]
s499065797.py(54):     friends = [0 for _ in range(N)]
s499065797.py(54):     friends = [0 for _ in range(N)]
s499065797.py(54):     friends = [0 for _ in range(N)]
s499065797.py(54):     friends = [0 for _ in range(N)]
s499065797.py(56):     for _ in range(M):
s499065797.py(57):         a, b = map(int, input().split())
s499065797.py(58):         a, b = a - 1, b - 1
s499065797.py(59):         uf.union(a, b)
 --- modulename: s499065797, funcname: union
s499065797.py(14):         x = self.find(x)
 --- modulename: s499065797, funcname: find
s499065797.py(7):         if self.parents[x] < 0:
s499065797.py(8):             return x
s499065797.py(15):         y = self.find(y)
 --- modulename: s499065797, funcname: find
s499065797.py(7):         if self.parents[x] < 0:
s499065797.py(8):             return x
s499065797.py(17):         if x == y:
s499065797.py(20):         if self.parents[x] > self.parents[y]:
s499065797.py(23):         self.parents[x] += self.parents[y]
s499065797.py(24):         self.parents[y] = x
s499065797.py(60):         friends[a] += 1
s499065797.py(61):         friends[b] += 1
s499065797.py(56):     for _ in range(M):
s499065797.py(57):         a, b = map(int, input().split())
s499065797.py(58):         a, b = a - 1, b - 1
s499065797.py(59):         uf.union(a, b)
 --- modulename: s499065797, funcname: union
s499065797.py(14):         x = self.find(x)
 --- modulename: s499065797, funcname: find
s499065797.py(7):         if self.parents[x] < 0:
s499065797.py(10):             self.parents[x] = self.find(self.parents[x])
 --- modulename: s499065797, funcname: find
s499065797.py(7):         if self.parents[x] < 0:
s499065797.py(8):             return x
s499065797.py(11):             return self.parents[x]
s499065797.py(15):         y = self.find(y)
 --- modulename: s499065797, funcname: find
s499065797.py(7):         if self.parents[x] < 0:
s499065797.py(8):             return x
s499065797.py(17):         if x == y:
s499065797.py(20):         if self.parents[x] > self.parents[y]:
s499065797.py(23):         self.parents[x] += self.parents[y]
s499065797.py(24):         self.parents[y] = x
s499065797.py(60):         friends[a] += 1
s499065797.py(61):         friends[b] += 1
s499065797.py(56):     for _ in range(M):
s499065797.py(57):         a, b = map(int, input().split())
s499065797.py(58):         a, b = a - 1, b - 1
s499065797.py(59):         uf.union(a, b)
 --- modulename: s499065797, funcname: union
s499065797.py(14):         x = self.find(x)
 --- modulename: s499065797, funcname: find
s499065797.py(7):         if self.parents[x] < 0:
s499065797.py(10):             self.parents[x] = self.find(self.parents[x])
 --- modulename: s499065797, funcname: find
s499065797.py(7):         if self.parents[x] < 0:
s499065797.py(8):             return x
s499065797.py(11):             return self.parents[x]
s499065797.py(15):         y = self.find(y)
 --- modulename: s499065797, funcname: find
s499065797.py(7):         if self.parents[x] < 0:
s499065797.py(8):             return x
s499065797.py(17):         if x == y:
s499065797.py(18):             return
s499065797.py(60):         friends[a] += 1
s499065797.py(61):         friends[b] += 1
s499065797.py(56):     for _ in range(M):
s499065797.py(57):         a, b = map(int, input().split())
s499065797.py(58):         a, b = a - 1, b - 1
s499065797.py(59):         uf.union(a, b)
 --- modulename: s499065797, funcname: union
s499065797.py(14):         x = self.find(x)
 --- modulename: s499065797, funcname: find
s499065797.py(7):         if self.parents[x] < 0:
s499065797.py(10):             self.parents[x] = self.find(self.parents[x])
 --- modulename: s499065797, funcname: find
s499065797.py(7):         if self.parents[x] < 0:
s499065797.py(8):             return x
s499065797.py(11):             return self.parents[x]
s499065797.py(15):         y = self.find(y)
 --- modulename: s499065797, funcname: find
s499065797.py(7):         if self.parents[x] < 0:
s499065797.py(8):             return x
s499065797.py(17):         if x == y:
s499065797.py(20):         if self.parents[x] > self.parents[y]:
s499065797.py(23):         self.parents[x] += self.parents[y]
s499065797.py(24):         self.parents[y] = x
s499065797.py(60):         friends[a] += 1
s499065797.py(61):         friends[b] += 1
s499065797.py(56):     for _ in range(M):
s499065797.py(63):     blocks = [0 for _ in range(N)]
 --- modulename: s499065797, funcname: <listcomp>
s499065797.py(63):     blocks = [0 for _ in range(N)]
s499065797.py(63):     blocks = [0 for _ in range(N)]
s499065797.py(63):     blocks = [0 for _ in range(N)]
s499065797.py(63):     blocks = [0 for _ in range(N)]
s499065797.py(63):     blocks = [0 for _ in range(N)]
s499065797.py(64):     for _ in range(K):
s499065797.py(65):         c, d = map(int, input().split())
s499065797.py(66):         c, d = c - 1, d - 1
s499065797.py(67):         if uf.same(c, d):
 --- modulename: s499065797, funcname: same
s499065797.py(30):         return self.find(x) == self.find(y)
 --- modulename: s499065797, funcname: find
s499065797.py(7):         if self.parents[x] < 0:
s499065797.py(10):             self.parents[x] = self.find(self.parents[x])
 --- modulename: s499065797, funcname: find
s499065797.py(7):         if self.parents[x] < 0:
s499065797.py(8):             return x
s499065797.py(11):             return self.parents[x]
 --- modulename: s499065797, funcname: find
s499065797.py(7):         if self.parents[x] < 0:
s499065797.py(10):             self.parents[x] = self.find(self.parents[x])
 --- modulename: s499065797, funcname: find
s499065797.py(7):         if self.parents[x] < 0:
s499065797.py(8):             return x
s499065797.py(11):             return self.parents[x]
s499065797.py(68):             blocks[c] += 1
s499065797.py(69):             blocks[d] += 1
s499065797.py(64):     for _ in range(K):
s499065797.py(71):     for i in range(N - 1):
s499065797.py(72):         ans = uf.size(i) - 1 - friends[i] - blocks[i]
 --- modulename: s499065797, funcname: size
s499065797.py(27):         return -self.parents[self.find(x)]
 --- modulename: s499065797, funcname: find
s499065797.py(7):         if self.parents[x] < 0:
s499065797.py(10):             self.parents[x] = self.find(self.parents[x])
 --- modulename: s499065797, funcname: find
s499065797.py(7):         if self.parents[x] < 0:
s499065797.py(8):             return x
s499065797.py(11):             return self.parents[x]
s499065797.py(73):         print(str(ans) + " ", end="")
0 s499065797.py(71):     for i in range(N - 1):
s499065797.py(72):         ans = uf.size(i) - 1 - friends[i] - blocks[i]
 --- modulename: s499065797, funcname: size
s499065797.py(27):         return -self.parents[self.find(x)]
 --- modulename: s499065797, funcname: find
s499065797.py(7):         if self.parents[x] < 0:
s499065797.py(8):             return x
s499065797.py(73):         print(str(ans) + " ", end="")
1 s499065797.py(71):     for i in range(N - 1):
s499065797.py(72):         ans = uf.size(i) - 1 - friends[i] - blocks[i]
 --- modulename: s499065797, funcname: size
s499065797.py(27):         return -self.parents[self.find(x)]
 --- modulename: s499065797, funcname: find
s499065797.py(7):         if self.parents[x] < 0:
s499065797.py(10):             self.parents[x] = self.find(self.parents[x])
 --- modulename: s499065797, funcname: find
s499065797.py(7):         if self.parents[x] < 0:
s499065797.py(8):             return x
s499065797.py(11):             return self.parents[x]
s499065797.py(73):         print(str(ans) + " ", end="")
0 s499065797.py(71):     for i in range(N - 1):
s499065797.py(75):     ans = uf.size(N - 1) - 1 - friends[N - 1] - blocks[N - 1]
 --- modulename: s499065797, funcname: size
s499065797.py(27):         return -self.parents[self.find(x)]
 --- modulename: s499065797, funcname: find
s499065797.py(7):         if self.parents[x] < 0:
s499065797.py(10):             self.parents[x] = self.find(self.parents[x])
 --- modulename: s499065797, funcname: find
s499065797.py(7):         if self.parents[x] < 0:
s499065797.py(8):             return x
s499065797.py(11):             return self.parents[x]
s499065797.py(76):     print(ans)
1
