 --- modulename: s541100682, funcname: <module>
s541100682.py(8): class LazySegmentTree:
 --- modulename: s541100682, funcname: LazySegmentTree
s541100682.py(8): class LazySegmentTree:
s541100682.py(10):     __slots__ = ["n", "original_size", "log", "data", "lazy", "me", "oe", "fmm", "fmo", "foo"]
s541100682.py(12):     def __init__(self, monoid_data, monoid_identity, operator_identity, func_monoid_monoid, func_monoid_operator, func_operator_operator):
s541100682.py(28):     def replace(self, index, value):
s541100682.py(51):     def effect(self, l, r, operator):
s541100682.py(100):     def folded(self, l, r):
s541100682.py(148): def atc2():
s541100682.py(180): if __name__ == "__main__":
s541100682.py(181):     atc2()
 --- modulename: s541100682, funcname: atc2
s541100682.py(152):     import sys
s541100682.py(153):     input = sys.stdin.buffer.readline
s541100682.py(155):     N, Q = map(int, input().split())
s541100682.py(156):     monoid_data = [(0, 1, 0) if A == b'1' else (1, 0, 0) for A in input().split()]
 --- modulename: s541100682, funcname: <listcomp>
s541100682.py(156):     monoid_data = [(0, 1, 0) if A == b'1' else (1, 0, 0) for A in input().split()]
s541100682.py(156):     monoid_data = [(0, 1, 0) if A == b'1' else (1, 0, 0) for A in input().split()]
s541100682.py(156):     monoid_data = [(0, 1, 0) if A == b'1' else (1, 0, 0) for A in input().split()]
s541100682.py(156):     monoid_data = [(0, 1, 0) if A == b'1' else (1, 0, 0) for A in input().split()]
s541100682.py(156):     monoid_data = [(0, 1, 0) if A == b'1' else (1, 0, 0) for A in input().split()]
s541100682.py(156):     monoid_data = [(0, 1, 0) if A == b'1' else (1, 0, 0) for A in input().split()]
s541100682.py(158):     def fmm(m1, m2):
s541100682.py(161):     def fmo(m1, o1):
s541100682.py(167):     def foo(o1, o2):
s541100682.py(170):     lst = LazySegmentTree(monoid_data, (0, 0, 0), 0, fmm, fmo, foo)
 --- modulename: s541100682, funcname: __init__
s541100682.py(13):         self.me = monoid_identity
s541100682.py(14):         self.oe = operator_identity
s541100682.py(15):         self.fmm = func_monoid_monoid
s541100682.py(16):         self.fmo = func_monoid_operator
s541100682.py(17):         self.foo = func_operator_operator
s541100682.py(19):         self.original_size = len(monoid_data)
s541100682.py(20):         self.log = (self.original_size - 1).bit_length()
s541100682.py(21):         self.n = 1 << self.log
s541100682.py(22):         self.data = [self.me] * self.n + monoid_data + [self.me] * (self.n - self.original_size)
s541100682.py(23):         for i in range(self.n-1, 0, -1):
s541100682.py(24):             self.data[i] = self.fmm(self.data[2*i], self.data[2*i+1])
 --- modulename: s541100682, funcname: fmm
s541100682.py(159):         return (m1[0] + m2[0], m1[1] + m2[1], m1[2] + m2[2] + m1[1] * m2[0])
s541100682.py(23):         for i in range(self.n-1, 0, -1):
s541100682.py(24):             self.data[i] = self.fmm(self.data[2*i], self.data[2*i+1])
 --- modulename: s541100682, funcname: fmm
s541100682.py(159):         return (m1[0] + m2[0], m1[1] + m2[1], m1[2] + m2[2] + m1[1] * m2[0])
s541100682.py(23):         for i in range(self.n-1, 0, -1):
s541100682.py(24):             self.data[i] = self.fmm(self.data[2*i], self.data[2*i+1])
 --- modulename: s541100682, funcname: fmm
s541100682.py(159):         return (m1[0] + m2[0], m1[1] + m2[1], m1[2] + m2[2] + m1[1] * m2[0])
s541100682.py(23):         for i in range(self.n-1, 0, -1):
s541100682.py(24):             self.data[i] = self.fmm(self.data[2*i], self.data[2*i+1])
 --- modulename: s541100682, funcname: fmm
s541100682.py(159):         return (m1[0] + m2[0], m1[1] + m2[1], m1[2] + m2[2] + m1[1] * m2[0])
s541100682.py(23):         for i in range(self.n-1, 0, -1):
s541100682.py(24):             self.data[i] = self.fmm(self.data[2*i], self.data[2*i+1])
 --- modulename: s541100682, funcname: fmm
s541100682.py(159):         return (m1[0] + m2[0], m1[1] + m2[1], m1[2] + m2[2] + m1[1] * m2[0])
s541100682.py(23):         for i in range(self.n-1, 0, -1):
s541100682.py(24):             self.data[i] = self.fmm(self.data[2*i], self.data[2*i+1])
 --- modulename: s541100682, funcname: fmm
s541100682.py(159):         return (m1[0] + m2[0], m1[1] + m2[1], m1[2] + m2[2] + m1[1] * m2[0])
s541100682.py(23):         for i in range(self.n-1, 0, -1):
s541100682.py(24):             self.data[i] = self.fmm(self.data[2*i], self.data[2*i+1])
 --- modulename: s541100682, funcname: fmm
s541100682.py(159):         return (m1[0] + m2[0], m1[1] + m2[1], m1[2] + m2[2] + m1[1] * m2[0])
s541100682.py(23):         for i in range(self.n-1, 0, -1):
s541100682.py(25):         self.lazy = [self.oe] * (self.n * 2)
s541100682.py(171):     ans = []
s541100682.py(172):     for _ in range(Q):
s541100682.py(173):         T, L, R = map(int, input().split())
s541100682.py(174):         if T == 1:
s541100682.py(177):             ans.append(lst.folded(L-1, R)[2])
 --- modulename: s541100682, funcname: folded
s541100682.py(101):         l += self.n
s541100682.py(102):         r += self.n
s541100682.py(105):         indices = []
s541100682.py(106):         l0 = (l // (l & -l))     // 2
s541100682.py(107):         r0 = (r // (r & -r) - 1) // 2
s541100682.py(108):         while r0 > l0:
s541100682.py(109):             indices.append(r0)
s541100682.py(110):             r0 //= 2
s541100682.py(108):         while r0 > l0:
s541100682.py(109):             indices.append(r0)
s541100682.py(110):             r0 //= 2
s541100682.py(108):         while r0 > l0:
s541100682.py(109):             indices.append(r0)
s541100682.py(110):             r0 //= 2
s541100682.py(108):         while r0 > l0:
s541100682.py(111):         while l0 > r0:
s541100682.py(114):         while l0 and l0 != r0:
s541100682.py(121):         while r0:
s541100682.py(126):         for i in reversed(indices):
s541100682.py(127):             self.lazy[2*i]   = self.foo(self.lazy[2*i],   self.lazy[i])
 --- modulename: s541100682, funcname: foo
s541100682.py(168):         return o1 ^ o2
s541100682.py(128):             self.lazy[2*i+1] = self.foo(self.lazy[2*i+1], self.lazy[i])
 --- modulename: s541100682, funcname: foo
s541100682.py(168):         return o1 ^ o2
s541100682.py(129):             self.data[i] = self.fmo(self.data[i], self.lazy[i])
 --- modulename: s541100682, funcname: fmo
s541100682.py(162):         if o1:
s541100682.py(165):             return m1 
s541100682.py(130):             self.lazy[i] = self.oe
s541100682.py(126):         for i in reversed(indices):
s541100682.py(127):             self.lazy[2*i]   = self.foo(self.lazy[2*i],   self.lazy[i])
 --- modulename: s541100682, funcname: foo
s541100682.py(168):         return o1 ^ o2
s541100682.py(128):             self.lazy[2*i+1] = self.foo(self.lazy[2*i+1], self.lazy[i])
 --- modulename: s541100682, funcname: foo
s541100682.py(168):         return o1 ^ o2
s541100682.py(129):             self.data[i] = self.fmo(self.data[i], self.lazy[i])
 --- modulename: s541100682, funcname: fmo
s541100682.py(162):         if o1:
s541100682.py(165):             return m1 
s541100682.py(130):             self.lazy[i] = self.oe
s541100682.py(126):         for i in reversed(indices):
s541100682.py(127):             self.lazy[2*i]   = self.foo(self.lazy[2*i],   self.lazy[i])
 --- modulename: s541100682, funcname: foo
s541100682.py(168):         return o1 ^ o2
s541100682.py(128):             self.lazy[2*i+1] = self.foo(self.lazy[2*i+1], self.lazy[i])
 --- modulename: s541100682, funcname: foo
s541100682.py(168):         return o1 ^ o2
s541100682.py(129):             self.data[i] = self.fmo(self.data[i], self.lazy[i])
 --- modulename: s541100682, funcname: fmo
s541100682.py(162):         if o1:
s541100682.py(165):             return m1 
s541100682.py(130):             self.lazy[i] = self.oe
s541100682.py(126):         for i in reversed(indices):
s541100682.py(133):         left_folded = self.me
s541100682.py(134):         right_folded = self.me
s541100682.py(135):         while l < r:
s541100682.py(136):             if l % 2:
s541100682.py(139):             if r % 2:
s541100682.py(140):                 r -= 1
s541100682.py(141):                 right_folded = self.fmm(self.fmo(self.data[r], self.lazy[r]), right_folded)
 --- modulename: s541100682, funcname: fmo
s541100682.py(162):         if o1:
s541100682.py(165):             return m1 
 --- modulename: s541100682, funcname: fmm
s541100682.py(159):         return (m1[0] + m2[0], m1[1] + m2[1], m1[2] + m2[2] + m1[1] * m2[0])
s541100682.py(142):             l //= 2
s541100682.py(143):             r //= 2
s541100682.py(135):         while l < r:
s541100682.py(136):             if l % 2:
s541100682.py(139):             if r % 2:
s541100682.py(142):             l //= 2
s541100682.py(143):             r //= 2
s541100682.py(135):         while l < r:
s541100682.py(136):             if l % 2:
s541100682.py(139):             if r % 2:
s541100682.py(140):                 r -= 1
s541100682.py(141):                 right_folded = self.fmm(self.fmo(self.data[r], self.lazy[r]), right_folded)
 --- modulename: s541100682, funcname: fmo
s541100682.py(162):         if o1:
s541100682.py(165):             return m1 
 --- modulename: s541100682, funcname: fmm
s541100682.py(159):         return (m1[0] + m2[0], m1[1] + m2[1], m1[2] + m2[2] + m1[1] * m2[0])
s541100682.py(142):             l //= 2
s541100682.py(143):             r //= 2
s541100682.py(135):         while l < r:
s541100682.py(144):         return self.fmm(left_folded, right_folded)
 --- modulename: s541100682, funcname: fmm
s541100682.py(159):         return (m1[0] + m2[0], m1[1] + m2[1], m1[2] + m2[2] + m1[1] * m2[0])
s541100682.py(172):     for _ in range(Q):
s541100682.py(173):         T, L, R = map(int, input().split())
s541100682.py(174):         if T == 1:
s541100682.py(175):             lst.effect(L-1, R, 1)
 --- modulename: s541100682, funcname: effect
s541100682.py(52):         l += self.n
s541100682.py(53):         r += self.n
s541100682.py(56):         indices = []
s541100682.py(57):         l0 = (l // (l & -l))     // 2
s541100682.py(58):         r0 = (r // (r & -r) - 1) // 2
s541100682.py(59):         while r0 > l0:
s541100682.py(62):         while l0 > r0:
s541100682.py(63):             indices.append(l0)
s541100682.py(64):             l0 //= 2
s541100682.py(62):         while l0 > r0:
s541100682.py(65):         while l0 and l0 != r0:
s541100682.py(72):         while r0:
s541100682.py(73):             indices.append(r0)
s541100682.py(74):             r0 //= 2
s541100682.py(72):         while r0:
s541100682.py(77):         for i in reversed(indices):
s541100682.py(78):             self.lazy[2*i]   = self.foo(self.lazy[2*i],   self.lazy[i])
 --- modulename: s541100682, funcname: foo
s541100682.py(168):         return o1 ^ o2
s541100682.py(79):             self.lazy[2*i+1] = self.foo(self.lazy[2*i+1], self.lazy[i])
 --- modulename: s541100682, funcname: foo
s541100682.py(168):         return o1 ^ o2
s541100682.py(80):             self.data[i] = self.fmo(self.data[i], self.lazy[i])
 --- modulename: s541100682, funcname: fmo
s541100682.py(162):         if o1:
s541100682.py(165):             return m1 
s541100682.py(81):             self.lazy[i] = self.oe
s541100682.py(77):         for i in reversed(indices):
s541100682.py(78):             self.lazy[2*i]   = self.foo(self.lazy[2*i],   self.lazy[i])
 --- modulename: s541100682, funcname: foo
s541100682.py(168):         return o1 ^ o2
s541100682.py(79):             self.lazy[2*i+1] = self.foo(self.lazy[2*i+1], self.lazy[i])
 --- modulename: s541100682, funcname: foo
s541100682.py(168):         return o1 ^ o2
s541100682.py(80):             self.data[i] = self.fmo(self.data[i], self.lazy[i])
 --- modulename: s541100682, funcname: fmo
s541100682.py(162):         if o1:
s541100682.py(165):             return m1 
s541100682.py(81):             self.lazy[i] = self.oe
s541100682.py(77):         for i in reversed(indices):
s541100682.py(84):         while l < r:
s541100682.py(85):             if l % 2:
s541100682.py(88):             if r % 2:
s541100682.py(91):             l //= 2
s541100682.py(92):             r //= 2
s541100682.py(84):         while l < r:
s541100682.py(85):             if l % 2:
s541100682.py(86):                 self.lazy[l] = self.foo(self.lazy[l], operator)
 --- modulename: s541100682, funcname: foo
s541100682.py(168):         return o1 ^ o2
s541100682.py(87):                 l += 1
s541100682.py(88):             if r % 2:
s541100682.py(91):             l //= 2
s541100682.py(92):             r //= 2
s541100682.py(84):         while l < r:
s541100682.py(95):         for i in indices:
s541100682.py(96):             self.data[i] = self.fmm( self.fmo(self.data[2*i], self.lazy[2*i]), self.fmo(self.data[2*i+1], self.lazy[2*i+1]) )
 --- modulename: s541100682, funcname: fmo
s541100682.py(162):         if o1:
s541100682.py(165):             return m1 
 --- modulename: s541100682, funcname: fmo
s541100682.py(162):         if o1:
s541100682.py(163):             return (m1[1], m1[0], m1[0] * m1[1] - m1[2])
 --- modulename: s541100682, funcname: fmm
s541100682.py(159):         return (m1[0] + m2[0], m1[1] + m2[1], m1[2] + m2[2] + m1[1] * m2[0])
s541100682.py(97):             self.lazy[i] = self.oe
s541100682.py(95):         for i in indices:
s541100682.py(96):             self.data[i] = self.fmm( self.fmo(self.data[2*i], self.lazy[2*i]), self.fmo(self.data[2*i+1], self.lazy[2*i+1]) )
 --- modulename: s541100682, funcname: fmo
s541100682.py(162):         if o1:
s541100682.py(165):             return m1 
 --- modulename: s541100682, funcname: fmo
s541100682.py(162):         if o1:
s541100682.py(165):             return m1 
 --- modulename: s541100682, funcname: fmm
s541100682.py(159):         return (m1[0] + m2[0], m1[1] + m2[1], m1[2] + m2[2] + m1[1] * m2[0])
s541100682.py(97):             self.lazy[i] = self.oe
s541100682.py(95):         for i in indices:
s541100682.py(172):     for _ in range(Q):
s541100682.py(173):         T, L, R = map(int, input().split())
s541100682.py(174):         if T == 1:
s541100682.py(177):             ans.append(lst.folded(L-1, R)[2])
 --- modulename: s541100682, funcname: folded
s541100682.py(101):         l += self.n
s541100682.py(102):         r += self.n
s541100682.py(105):         indices = []
s541100682.py(106):         l0 = (l // (l & -l))     // 2
s541100682.py(107):         r0 = (r // (r & -r) - 1) // 2
s541100682.py(108):         while r0 > l0:
s541100682.py(109):             indices.append(r0)
s541100682.py(110):             r0 //= 2
s541100682.py(108):         while r0 > l0:
s541100682.py(111):         while l0 > r0:
s541100682.py(112):             indices.append(l0)
s541100682.py(113):             l0 //= 2
s541100682.py(111):         while l0 > r0:
s541100682.py(114):         while l0 and l0 != r0:
s541100682.py(115):             indices.append(r0)
s541100682.py(116):             r0 //= 2
s541100682.py(117):             if l0 == r0:
s541100682.py(119):             indices.append(l0)
s541100682.py(120):             l0 //= 2
s541100682.py(114):         while l0 and l0 != r0:
s541100682.py(121):         while r0:
s541100682.py(122):             indices.append(r0)
s541100682.py(123):             r0 //= 2
s541100682.py(121):         while r0:
s541100682.py(126):         for i in reversed(indices):
s541100682.py(127):             self.lazy[2*i]   = self.foo(self.lazy[2*i],   self.lazy[i])
 --- modulename: s541100682, funcname: foo
s541100682.py(168):         return o1 ^ o2
s541100682.py(128):             self.lazy[2*i+1] = self.foo(self.lazy[2*i+1], self.lazy[i])
 --- modulename: s541100682, funcname: foo
s541100682.py(168):         return o1 ^ o2
s541100682.py(129):             self.data[i] = self.fmo(self.data[i], self.lazy[i])
 --- modulename: s541100682, funcname: fmo
s541100682.py(162):         if o1:
s541100682.py(165):             return m1 
s541100682.py(130):             self.lazy[i] = self.oe
s541100682.py(126):         for i in reversed(indices):
s541100682.py(127):             self.lazy[2*i]   = self.foo(self.lazy[2*i],   self.lazy[i])
 --- modulename: s541100682, funcname: foo
s541100682.py(168):         return o1 ^ o2
s541100682.py(128):             self.lazy[2*i+1] = self.foo(self.lazy[2*i+1], self.lazy[i])
 --- modulename: s541100682, funcname: foo
s541100682.py(168):         return o1 ^ o2
s541100682.py(129):             self.data[i] = self.fmo(self.data[i], self.lazy[i])
 --- modulename: s541100682, funcname: fmo
s541100682.py(162):         if o1:
s541100682.py(165):             return m1 
s541100682.py(130):             self.lazy[i] = self.oe
s541100682.py(126):         for i in reversed(indices):
s541100682.py(127):             self.lazy[2*i]   = self.foo(self.lazy[2*i],   self.lazy[i])
 --- modulename: s541100682, funcname: foo
s541100682.py(168):         return o1 ^ o2
s541100682.py(128):             self.lazy[2*i+1] = self.foo(self.lazy[2*i+1], self.lazy[i])
 --- modulename: s541100682, funcname: foo
s541100682.py(168):         return o1 ^ o2
s541100682.py(129):             self.data[i] = self.fmo(self.data[i], self.lazy[i])
 --- modulename: s541100682, funcname: fmo
s541100682.py(162):         if o1:
s541100682.py(165):             return m1 
s541100682.py(130):             self.lazy[i] = self.oe
s541100682.py(126):         for i in reversed(indices):
s541100682.py(127):             self.lazy[2*i]   = self.foo(self.lazy[2*i],   self.lazy[i])
 --- modulename: s541100682, funcname: foo
s541100682.py(168):         return o1 ^ o2
s541100682.py(128):             self.lazy[2*i+1] = self.foo(self.lazy[2*i+1], self.lazy[i])
 --- modulename: s541100682, funcname: foo
s541100682.py(168):         return o1 ^ o2
s541100682.py(129):             self.data[i] = self.fmo(self.data[i], self.lazy[i])
 --- modulename: s541100682, funcname: fmo
s541100682.py(162):         if o1:
s541100682.py(165):             return m1 
s541100682.py(130):             self.lazy[i] = self.oe
s541100682.py(126):         for i in reversed(indices):
s541100682.py(127):             self.lazy[2*i]   = self.foo(self.lazy[2*i],   self.lazy[i])
 --- modulename: s541100682, funcname: foo
s541100682.py(168):         return o1 ^ o2
s541100682.py(128):             self.lazy[2*i+1] = self.foo(self.lazy[2*i+1], self.lazy[i])
 --- modulename: s541100682, funcname: foo
s541100682.py(168):         return o1 ^ o2
s541100682.py(129):             self.data[i] = self.fmo(self.data[i], self.lazy[i])
 --- modulename: s541100682, funcname: fmo
s541100682.py(162):         if o1:
s541100682.py(165):             return m1 
s541100682.py(130):             self.lazy[i] = self.oe
s541100682.py(126):         for i in reversed(indices):
s541100682.py(133):         left_folded = self.me
s541100682.py(134):         right_folded = self.me
s541100682.py(135):         while l < r:
s541100682.py(136):             if l % 2:
s541100682.py(137):                 left_folded = self.fmm(left_folded, self.fmo(self.data[l], self.lazy[l]))
 --- modulename: s541100682, funcname: fmo
s541100682.py(162):         if o1:
s541100682.py(165):             return m1 
 --- modulename: s541100682, funcname: fmm
s541100682.py(159):         return (m1[0] + m2[0], m1[1] + m2[1], m1[2] + m2[2] + m1[1] * m2[0])
s541100682.py(138):                 l += 1
s541100682.py(139):             if r % 2:
s541100682.py(140):                 r -= 1
s541100682.py(141):                 right_folded = self.fmm(self.fmo(self.data[r], self.lazy[r]), right_folded)
 --- modulename: s541100682, funcname: fmo
s541100682.py(162):         if o1:
s541100682.py(165):             return m1 
 --- modulename: s541100682, funcname: fmm
s541100682.py(159):         return (m1[0] + m2[0], m1[1] + m2[1], m1[2] + m2[2] + m1[1] * m2[0])
s541100682.py(142):             l //= 2
s541100682.py(143):             r //= 2
s541100682.py(135):         while l < r:
s541100682.py(136):             if l % 2:
s541100682.py(137):                 left_folded = self.fmm(left_folded, self.fmo(self.data[l], self.lazy[l]))
 --- modulename: s541100682, funcname: fmo
s541100682.py(162):         if o1:
s541100682.py(163):             return (m1[1], m1[0], m1[0] * m1[1] - m1[2])
 --- modulename: s541100682, funcname: fmm
s541100682.py(159):         return (m1[0] + m2[0], m1[1] + m2[1], m1[2] + m2[2] + m1[1] * m2[0])
s541100682.py(138):                 l += 1
s541100682.py(139):             if r % 2:
s541100682.py(142):             l //= 2
s541100682.py(143):             r //= 2
s541100682.py(135):         while l < r:
s541100682.py(144):         return self.fmm(left_folded, right_folded)
 --- modulename: s541100682, funcname: fmm
s541100682.py(159):         return (m1[0] + m2[0], m1[1] + m2[1], m1[2] + m2[2] + m1[1] * m2[0])
s541100682.py(172):     for _ in range(Q):
s541100682.py(173):         T, L, R = map(int, input().split())
s541100682.py(174):         if T == 1:
s541100682.py(175):             lst.effect(L-1, R, 1)
 --- modulename: s541100682, funcname: effect
s541100682.py(52):         l += self.n
s541100682.py(53):         r += self.n
s541100682.py(56):         indices = []
s541100682.py(57):         l0 = (l // (l & -l))     // 2
s541100682.py(58):         r0 = (r // (r & -r) - 1) // 2
s541100682.py(59):         while r0 > l0:
s541100682.py(60):             indices.append(r0)
s541100682.py(61):             r0 //= 2
s541100682.py(59):         while r0 > l0:
s541100682.py(60):             indices.append(r0)
s541100682.py(61):             r0 //= 2
s541100682.py(59):         while r0 > l0:
s541100682.py(60):             indices.append(r0)
s541100682.py(61):             r0 //= 2
s541100682.py(59):         while r0 > l0:
s541100682.py(62):         while l0 > r0:
s541100682.py(65):         while l0 and l0 != r0:
s541100682.py(72):         while r0:
s541100682.py(77):         for i in reversed(indices):
s541100682.py(78):             self.lazy[2*i]   = self.foo(self.lazy[2*i],   self.lazy[i])
 --- modulename: s541100682, funcname: foo
s541100682.py(168):         return o1 ^ o2
s541100682.py(79):             self.lazy[2*i+1] = self.foo(self.lazy[2*i+1], self.lazy[i])
 --- modulename: s541100682, funcname: foo
s541100682.py(168):         return o1 ^ o2
s541100682.py(80):             self.data[i] = self.fmo(self.data[i], self.lazy[i])
 --- modulename: s541100682, funcname: fmo
s541100682.py(162):         if o1:
s541100682.py(165):             return m1 
s541100682.py(81):             self.lazy[i] = self.oe
s541100682.py(77):         for i in reversed(indices):
s541100682.py(78):             self.lazy[2*i]   = self.foo(self.lazy[2*i],   self.lazy[i])
 --- modulename: s541100682, funcname: foo
s541100682.py(168):         return o1 ^ o2
s541100682.py(79):             self.lazy[2*i+1] = self.foo(self.lazy[2*i+1], self.lazy[i])
 --- modulename: s541100682, funcname: foo
s541100682.py(168):         return o1 ^ o2
s541100682.py(80):             self.data[i] = self.fmo(self.data[i], self.lazy[i])
 --- modulename: s541100682, funcname: fmo
s541100682.py(162):         if o1:
s541100682.py(165):             return m1 
s541100682.py(81):             self.lazy[i] = self.oe
s541100682.py(77):         for i in reversed(indices):
s541100682.py(78):             self.lazy[2*i]   = self.foo(self.lazy[2*i],   self.lazy[i])
 --- modulename: s541100682, funcname: foo
s541100682.py(168):         return o1 ^ o2
s541100682.py(79):             self.lazy[2*i+1] = self.foo(self.lazy[2*i+1], self.lazy[i])
 --- modulename: s541100682, funcname: foo
s541100682.py(168):         return o1 ^ o2
s541100682.py(80):             self.data[i] = self.fmo(self.data[i], self.lazy[i])
 --- modulename: s541100682, funcname: fmo
s541100682.py(162):         if o1:
s541100682.py(163):             return (m1[1], m1[0], m1[0] * m1[1] - m1[2])
s541100682.py(81):             self.lazy[i] = self.oe
s541100682.py(77):         for i in reversed(indices):
s541100682.py(84):         while l < r:
s541100682.py(85):             if l % 2:
s541100682.py(88):             if r % 2:
s541100682.py(89):                 r -= 1
s541100682.py(90):                 self.lazy[r] = self.foo(self.lazy[r], operator)
 --- modulename: s541100682, funcname: foo
s541100682.py(168):         return o1 ^ o2
s541100682.py(91):             l //= 2
s541100682.py(92):             r //= 2
s541100682.py(84):         while l < r:
s541100682.py(85):             if l % 2:
s541100682.py(88):             if r % 2:
s541100682.py(89):                 r -= 1
s541100682.py(90):                 self.lazy[r] = self.foo(self.lazy[r], operator)
 --- modulename: s541100682, funcname: foo
s541100682.py(168):         return o1 ^ o2
s541100682.py(91):             l //= 2
s541100682.py(92):             r //= 2
s541100682.py(84):         while l < r:
s541100682.py(95):         for i in indices:
s541100682.py(96):             self.data[i] = self.fmm( self.fmo(self.data[2*i], self.lazy[2*i]), self.fmo(self.data[2*i+1], self.lazy[2*i+1]) )
 --- modulename: s541100682, funcname: fmo
s541100682.py(162):         if o1:
s541100682.py(165):             return m1 
 --- modulename: s541100682, funcname: fmo
s541100682.py(162):         if o1:
s541100682.py(163):             return (m1[1], m1[0], m1[0] * m1[1] - m1[2])
 --- modulename: s541100682, funcname: fmm
s541100682.py(159):         return (m1[0] + m2[0], m1[1] + m2[1], m1[2] + m2[2] + m1[1] * m2[0])
s541100682.py(97):             self.lazy[i] = self.oe
s541100682.py(95):         for i in indices:
s541100682.py(96):             self.data[i] = self.fmm( self.fmo(self.data[2*i], self.lazy[2*i]), self.fmo(self.data[2*i+1], self.lazy[2*i+1]) )
 --- modulename: s541100682, funcname: fmo
s541100682.py(162):         if o1:
s541100682.py(163):             return (m1[1], m1[0], m1[0] * m1[1] - m1[2])
 --- modulename: s541100682, funcname: fmo
s541100682.py(162):         if o1:
s541100682.py(165):             return m1 
 --- modulename: s541100682, funcname: fmm
s541100682.py(159):         return (m1[0] + m2[0], m1[1] + m2[1], m1[2] + m2[2] + m1[1] * m2[0])
s541100682.py(97):             self.lazy[i] = self.oe
s541100682.py(95):         for i in indices:
s541100682.py(96):             self.data[i] = self.fmm( self.fmo(self.data[2*i], self.lazy[2*i]), self.fmo(self.data[2*i+1], self.lazy[2*i+1]) )
 --- modulename: s541100682, funcname: fmo
s541100682.py(162):         if o1:
s541100682.py(165):             return m1 
 --- modulename: s541100682, funcname: fmo
s541100682.py(162):         if o1:
s541100682.py(165):             return m1 
 --- modulename: s541100682, funcname: fmm
s541100682.py(159):         return (m1[0] + m2[0], m1[1] + m2[1], m1[2] + m2[2] + m1[1] * m2[0])
s541100682.py(97):             self.lazy[i] = self.oe
s541100682.py(95):         for i in indices:
s541100682.py(172):     for _ in range(Q):
s541100682.py(173):         T, L, R = map(int, input().split())
s541100682.py(174):         if T == 1:
s541100682.py(177):             ans.append(lst.folded(L-1, R)[2])
 --- modulename: s541100682, funcname: folded
s541100682.py(101):         l += self.n
s541100682.py(102):         r += self.n
s541100682.py(105):         indices = []
s541100682.py(106):         l0 = (l // (l & -l))     // 2
s541100682.py(107):         r0 = (r // (r & -r) - 1) // 2
s541100682.py(108):         while r0 > l0:
s541100682.py(109):             indices.append(r0)
s541100682.py(110):             r0 //= 2
s541100682.py(108):         while r0 > l0:
s541100682.py(109):             indices.append(r0)
s541100682.py(110):             r0 //= 2
s541100682.py(108):         while r0 > l0:
s541100682.py(111):         while l0 > r0:
s541100682.py(114):         while l0 and l0 != r0:
s541100682.py(121):         while r0:
s541100682.py(126):         for i in reversed(indices):
s541100682.py(127):             self.lazy[2*i]   = self.foo(self.lazy[2*i],   self.lazy[i])
 --- modulename: s541100682, funcname: foo
s541100682.py(168):         return o1 ^ o2
s541100682.py(128):             self.lazy[2*i+1] = self.foo(self.lazy[2*i+1], self.lazy[i])
 --- modulename: s541100682, funcname: foo
s541100682.py(168):         return o1 ^ o2
s541100682.py(129):             self.data[i] = self.fmo(self.data[i], self.lazy[i])
 --- modulename: s541100682, funcname: fmo
s541100682.py(162):         if o1:
s541100682.py(165):             return m1 
s541100682.py(130):             self.lazy[i] = self.oe
s541100682.py(126):         for i in reversed(indices):
s541100682.py(127):             self.lazy[2*i]   = self.foo(self.lazy[2*i],   self.lazy[i])
 --- modulename: s541100682, funcname: foo
s541100682.py(168):         return o1 ^ o2
s541100682.py(128):             self.lazy[2*i+1] = self.foo(self.lazy[2*i+1], self.lazy[i])
 --- modulename: s541100682, funcname: foo
s541100682.py(168):         return o1 ^ o2
s541100682.py(129):             self.data[i] = self.fmo(self.data[i], self.lazy[i])
 --- modulename: s541100682, funcname: fmo
s541100682.py(162):         if o1:
s541100682.py(165):             return m1 
s541100682.py(130):             self.lazy[i] = self.oe
s541100682.py(126):         for i in reversed(indices):
s541100682.py(133):         left_folded = self.me
s541100682.py(134):         right_folded = self.me
s541100682.py(135):         while l < r:
s541100682.py(136):             if l % 2:
s541100682.py(139):             if r % 2:
s541100682.py(142):             l //= 2
s541100682.py(143):             r //= 2
s541100682.py(135):         while l < r:
s541100682.py(136):             if l % 2:
s541100682.py(139):             if r % 2:
s541100682.py(140):                 r -= 1
s541100682.py(141):                 right_folded = self.fmm(self.fmo(self.data[r], self.lazy[r]), right_folded)
 --- modulename: s541100682, funcname: fmo
s541100682.py(162):         if o1:
s541100682.py(163):             return (m1[1], m1[0], m1[0] * m1[1] - m1[2])
 --- modulename: s541100682, funcname: fmm
s541100682.py(159):         return (m1[0] + m2[0], m1[1] + m2[1], m1[2] + m2[2] + m1[1] * m2[0])
s541100682.py(142):             l //= 2
s541100682.py(143):             r //= 2
s541100682.py(135):         while l < r:
s541100682.py(144):         return self.fmm(left_folded, right_folded)
 --- modulename: s541100682, funcname: fmm
s541100682.py(159):         return (m1[0] + m2[0], m1[1] + m2[1], m1[2] + m2[2] + m1[1] * m2[0])
s541100682.py(172):     for _ in range(Q):
s541100682.py(178):     print('\n'.join(map(str, ans)))
2
0
1
