 --- modulename: s544067828, funcname: <module>
s544067828.py(1): import sys
s544067828.py(3): sys.setrecursionlimit(10 ** 6)
s544067828.py(5): def input():
s544067828.py(7): def main():
s544067828.py(30): if __name__ == '__main__':
s544067828.py(31):     main()
 --- modulename: s544067828, funcname: main
s544067828.py(8):     N,Q = map(int,input().split())
 --- modulename: s544067828, funcname: input
s544067828.py(6):     return sys.stdin.readline().strip()
 --- modulename: codecs, funcname: getstate
codecs.py(333):         return (self.buffer, 0)
 --- modulename: codecs, funcname: decode
codecs.py(321):         data = self.buffer + input
codecs.py(322):         (result, consumed) = self._buffer_decode(data, self.errors, final)
codecs.py(324):         self.buffer = data[consumed:]
codecs.py(325):         return result
s544067828.py(9):     K = [[] for _ in range(N+1)]
 --- modulename: s544067828, funcname: <listcomp>
s544067828.py(9):     K = [[] for _ in range(N+1)]
s544067828.py(9):     K = [[] for _ in range(N+1)]
s544067828.py(9):     K = [[] for _ in range(N+1)]
s544067828.py(9):     K = [[] for _ in range(N+1)]
s544067828.py(9):     K = [[] for _ in range(N+1)]
s544067828.py(9):     K = [[] for _ in range(N+1)]
s544067828.py(10):     nums = [0 for _ in range(N+1)]
 --- modulename: s544067828, funcname: <listcomp>
s544067828.py(10):     nums = [0 for _ in range(N+1)]
s544067828.py(10):     nums = [0 for _ in range(N+1)]
s544067828.py(10):     nums = [0 for _ in range(N+1)]
s544067828.py(10):     nums = [0 for _ in range(N+1)]
s544067828.py(10):     nums = [0 for _ in range(N+1)]
s544067828.py(10):     nums = [0 for _ in range(N+1)]
s544067828.py(12):     for _ in range(N-1):
s544067828.py(13):         a,b = map(int,input().split())
 --- modulename: s544067828, funcname: input
s544067828.py(6):     return sys.stdin.readline().strip()
s544067828.py(14):         K[a].append(b)
s544067828.py(15):         K[b].append(a)
s544067828.py(12):     for _ in range(N-1):
s544067828.py(13):         a,b = map(int,input().split())
 --- modulename: s544067828, funcname: input
s544067828.py(6):     return sys.stdin.readline().strip()
s544067828.py(14):         K[a].append(b)
s544067828.py(15):         K[b].append(a)
s544067828.py(12):     for _ in range(N-1):
s544067828.py(13):         a,b = map(int,input().split())
 --- modulename: s544067828, funcname: input
s544067828.py(6):     return sys.stdin.readline().strip()
s544067828.py(14):         K[a].append(b)
s544067828.py(15):         K[b].append(a)
s544067828.py(12):     for _ in range(N-1):
s544067828.py(17):     for _ in range(Q):
s544067828.py(18):         p, x = map(int, input().split())
 --- modulename: s544067828, funcname: input
s544067828.py(6):     return sys.stdin.readline().strip()
s544067828.py(19):         nums[p] += x
s544067828.py(17):     for _ in range(Q):
s544067828.py(18):         p, x = map(int, input().split())
 --- modulename: s544067828, funcname: input
s544067828.py(6):     return sys.stdin.readline().strip()
s544067828.py(19):         nums[p] += x
s544067828.py(17):     for _ in range(Q):
s544067828.py(18):         p, x = map(int, input().split())
 --- modulename: s544067828, funcname: input
s544067828.py(6):     return sys.stdin.readline().strip()
s544067828.py(19):         nums[p] += x
s544067828.py(17):     for _ in range(Q):
s544067828.py(21):     def dfs(now,parent):
s544067828.py(27):     dfs(1,0)
 --- modulename: s544067828, funcname: dfs
s544067828.py(22):         for i in K[now]:
s544067828.py(23):             if i != parent:
s544067828.py(24):                 nums[i] += nums[now]
s544067828.py(25):                 dfs(i,now)
 --- modulename: s544067828, funcname: dfs
s544067828.py(22):         for i in K[now]:
s544067828.py(23):             if i != parent:
s544067828.py(22):         for i in K[now]:
s544067828.py(23):             if i != parent:
s544067828.py(24):                 nums[i] += nums[now]
s544067828.py(25):                 dfs(i,now)
 --- modulename: s544067828, funcname: dfs
s544067828.py(22):         for i in K[now]:
s544067828.py(23):             if i != parent:
s544067828.py(22):         for i in K[now]:
s544067828.py(22):         for i in K[now]:
s544067828.py(23):             if i != parent:
s544067828.py(24):                 nums[i] += nums[now]
s544067828.py(25):                 dfs(i,now)
 --- modulename: s544067828, funcname: dfs
s544067828.py(22):         for i in K[now]:
s544067828.py(23):             if i != parent:
s544067828.py(22):         for i in K[now]:
s544067828.py(22):         for i in K[now]:
s544067828.py(22):         for i in K[now]:
s544067828.py(28):     print(*nums[1:])
100 110 111 110
