 --- modulename: s551401486, funcname: <module>
s551401486.py(1): class BIT:
 --- modulename: s551401486, funcname: BIT
s551401486.py(1): class BIT:
s551401486.py(2):     """
s551401486.py(5):     def __init__(self, n):
s551401486.py(10):     def sum(self, i):
s551401486.py(17):     def add(self, i, x):
s551401486.py(24):     def get(self, i, j=None):
s551401486.py(30): def solve(n, q, c_list, lr_list):
s551401486.py(57): def main():
s551401486.py(66): def test():
s551401486.py(73): if __name__ == "__main__":
s551401486.py(74):     test()
 --- modulename: s551401486, funcname: test
s551401486.py(67):     assert solve(4, 3, [1, 2, 1, 3], [[1, 3], [2, 4], [3, 3]]) == [2, 3, 1]
 --- modulename: s551401486, funcname: solve
s551401486.py(31):     lri_list = [[lr_list[i][0], lr_list[i][1], i] for i in range(q)]
 --- modulename: s551401486, funcname: <listcomp>
s551401486.py(31):     lri_list = [[lr_list[i][0], lr_list[i][1], i] for i in range(q)]
s551401486.py(31):     lri_list = [[lr_list[i][0], lr_list[i][1], i] for i in range(q)]
s551401486.py(31):     lri_list = [[lr_list[i][0], lr_list[i][1], i] for i in range(q)]
s551401486.py(31):     lri_list = [[lr_list[i][0], lr_list[i][1], i] for i in range(q)]
s551401486.py(33):     lri_list_s = sorted(lri_list, key=lambda x: x[1])
 --- modulename: s551401486, funcname: <lambda>
s551401486.py(33):     lri_list_s = sorted(lri_list, key=lambda x: x[1])
 --- modulename: s551401486, funcname: <lambda>
s551401486.py(33):     lri_list_s = sorted(lri_list, key=lambda x: x[1])
 --- modulename: s551401486, funcname: <lambda>
s551401486.py(33):     lri_list_s = sorted(lri_list, key=lambda x: x[1])
s551401486.py(35):     color_index = [0] * (n + 1)
s551401486.py(37):     bit = BIT(n)
 --- modulename: s551401486, funcname: __init__
s551401486.py(6):         self.n = n
s551401486.py(7):         self.data = [0] * (n + 1)
s551401486.py(8):         self.el = [0] * (n + 1)
s551401486.py(39):     res = [0] * q
s551401486.py(41):     r_temp = 0
s551401486.py(42):     for l, r, i in lri_list_s:
s551401486.py(43):         while r > r_temp:
s551401486.py(44):             r_temp += 1
s551401486.py(45):             c = c_list[r_temp - 1]
s551401486.py(46):             c_ind = color_index[c]
s551401486.py(47):             if c_ind > 0:
s551401486.py(49):             color_index[c] = r_temp
s551401486.py(50):             bit.add(r_temp, 1)
 --- modulename: s551401486, funcname: add
s551401486.py(18):         assert i > 0
s551401486.py(19):         self.el[i] += x
s551401486.py(20):         while i <= self.n:
s551401486.py(21):             self.data[i] += x
s551401486.py(22):             i += i & -i
s551401486.py(20):         while i <= self.n:
s551401486.py(21):             self.data[i] += x
s551401486.py(22):             i += i & -i
s551401486.py(20):         while i <= self.n:
s551401486.py(21):             self.data[i] += x
s551401486.py(22):             i += i & -i
s551401486.py(20):         while i <= self.n:
s551401486.py(43):         while r > r_temp:
s551401486.py(44):             r_temp += 1
s551401486.py(45):             c = c_list[r_temp - 1]
s551401486.py(46):             c_ind = color_index[c]
s551401486.py(47):             if c_ind > 0:
s551401486.py(49):             color_index[c] = r_temp
s551401486.py(50):             bit.add(r_temp, 1)
 --- modulename: s551401486, funcname: add
s551401486.py(18):         assert i > 0
s551401486.py(19):         self.el[i] += x
s551401486.py(20):         while i <= self.n:
s551401486.py(21):             self.data[i] += x
s551401486.py(22):             i += i & -i
s551401486.py(20):         while i <= self.n:
s551401486.py(21):             self.data[i] += x
s551401486.py(22):             i += i & -i
s551401486.py(20):         while i <= self.n:
s551401486.py(43):         while r > r_temp:
s551401486.py(44):             r_temp += 1
s551401486.py(45):             c = c_list[r_temp - 1]
s551401486.py(46):             c_ind = color_index[c]
s551401486.py(47):             if c_ind > 0:
s551401486.py(48):                 bit.add(c_ind, -1)
 --- modulename: s551401486, funcname: add
s551401486.py(18):         assert i > 0
s551401486.py(19):         self.el[i] += x
s551401486.py(20):         while i <= self.n:
s551401486.py(21):             self.data[i] += x
s551401486.py(22):             i += i & -i
s551401486.py(20):         while i <= self.n:
s551401486.py(21):             self.data[i] += x
s551401486.py(22):             i += i & -i
s551401486.py(20):         while i <= self.n:
s551401486.py(21):             self.data[i] += x
s551401486.py(22):             i += i & -i
s551401486.py(20):         while i <= self.n:
s551401486.py(49):             color_index[c] = r_temp
s551401486.py(50):             bit.add(r_temp, 1)
 --- modulename: s551401486, funcname: add
s551401486.py(18):         assert i > 0
s551401486.py(19):         self.el[i] += x
s551401486.py(20):         while i <= self.n:
s551401486.py(21):             self.data[i] += x
s551401486.py(22):             i += i & -i
s551401486.py(20):         while i <= self.n:
s551401486.py(21):             self.data[i] += x
s551401486.py(22):             i += i & -i
s551401486.py(20):         while i <= self.n:
s551401486.py(43):         while r > r_temp:
s551401486.py(52):         res[i] = bit.get(l - 1, r)
 --- modulename: s551401486, funcname: get
s551401486.py(25):         if j is None:
s551401486.py(27):         return self.sum(j) - self.sum(i)
 --- modulename: s551401486, funcname: sum
s551401486.py(11):         s = 0
s551401486.py(12):         while i > 0:
s551401486.py(13):             s += self.data[i]
s551401486.py(14):             i -= i & -i
s551401486.py(12):         while i > 0:
s551401486.py(13):             s += self.data[i]
s551401486.py(14):             i -= i & -i
s551401486.py(12):         while i > 0:
s551401486.py(15):         return s
 --- modulename: s551401486, funcname: sum
s551401486.py(11):         s = 0
s551401486.py(12):         while i > 0:
s551401486.py(15):         return s
s551401486.py(42):     for l, r, i in lri_list_s:
s551401486.py(43):         while r > r_temp:
s551401486.py(52):         res[i] = bit.get(l - 1, r)
 --- modulename: s551401486, funcname: get
s551401486.py(25):         if j is None:
s551401486.py(27):         return self.sum(j) - self.sum(i)
 --- modulename: s551401486, funcname: sum
s551401486.py(11):         s = 0
s551401486.py(12):         while i > 0:
s551401486.py(13):             s += self.data[i]
s551401486.py(14):             i -= i & -i
s551401486.py(12):         while i > 0:
s551401486.py(13):             s += self.data[i]
s551401486.py(14):             i -= i & -i
s551401486.py(12):         while i > 0:
s551401486.py(15):         return s
 --- modulename: s551401486, funcname: sum
s551401486.py(11):         s = 0
s551401486.py(12):         while i > 0:
s551401486.py(13):             s += self.data[i]
s551401486.py(14):             i -= i & -i
s551401486.py(12):         while i > 0:
s551401486.py(15):         return s
s551401486.py(42):     for l, r, i in lri_list_s:
s551401486.py(43):         while r > r_temp:
s551401486.py(44):             r_temp += 1
s551401486.py(45):             c = c_list[r_temp - 1]
s551401486.py(46):             c_ind = color_index[c]
s551401486.py(47):             if c_ind > 0:
s551401486.py(49):             color_index[c] = r_temp
s551401486.py(50):             bit.add(r_temp, 1)
 --- modulename: s551401486, funcname: add
s551401486.py(18):         assert i > 0
s551401486.py(19):         self.el[i] += x
s551401486.py(20):         while i <= self.n:
s551401486.py(21):             self.data[i] += x
s551401486.py(22):             i += i & -i
s551401486.py(20):         while i <= self.n:
s551401486.py(43):         while r > r_temp:
s551401486.py(52):         res[i] = bit.get(l - 1, r)
 --- modulename: s551401486, funcname: get
s551401486.py(25):         if j is None:
s551401486.py(27):         return self.sum(j) - self.sum(i)
 --- modulename: s551401486, funcname: sum
s551401486.py(11):         s = 0
s551401486.py(12):         while i > 0:
s551401486.py(13):             s += self.data[i]
s551401486.py(14):             i -= i & -i
s551401486.py(12):         while i > 0:
s551401486.py(15):         return s
 --- modulename: s551401486, funcname: sum
s551401486.py(11):         s = 0
s551401486.py(12):         while i > 0:
s551401486.py(13):             s += self.data[i]
s551401486.py(14):             i -= i & -i
s551401486.py(12):         while i > 0:
s551401486.py(15):         return s
s551401486.py(42):     for l, r, i in lri_list_s:
s551401486.py(54):     return res
s551401486.py(68):     assert solve(10, 10, [2, 5, 6, 5, 2, 1, 7, 9, 7, 2], [
s551401486.py(69):         [5, 5], [2, 4], [6, 7], [2, 2], [7, 8], [7, 9], [1, 8], [6, 9], [8, 10], [6, 8]
s551401486.py(68):     assert solve(10, 10, [2, 5, 6, 5, 2, 1, 7, 9, 7, 2], [
 --- modulename: s551401486, funcname: solve
s551401486.py(31):     lri_list = [[lr_list[i][0], lr_list[i][1], i] for i in range(q)]
 --- modulename: s551401486, funcname: <listcomp>
s551401486.py(31):     lri_list = [[lr_list[i][0], lr_list[i][1], i] for i in range(q)]
s551401486.py(31):     lri_list = [[lr_list[i][0], lr_list[i][1], i] for i in range(q)]
s551401486.py(31):     lri_list = [[lr_list[i][0], lr_list[i][1], i] for i in range(q)]
s551401486.py(31):     lri_list = [[lr_list[i][0], lr_list[i][1], i] for i in range(q)]
s551401486.py(31):     lri_list = [[lr_list[i][0], lr_list[i][1], i] for i in range(q)]
s551401486.py(31):     lri_list = [[lr_list[i][0], lr_list[i][1], i] for i in range(q)]
s551401486.py(31):     lri_list = [[lr_list[i][0], lr_list[i][1], i] for i in range(q)]
s551401486.py(31):     lri_list = [[lr_list[i][0], lr_list[i][1], i] for i in range(q)]
s551401486.py(31):     lri_list = [[lr_list[i][0], lr_list[i][1], i] for i in range(q)]
s551401486.py(31):     lri_list = [[lr_list[i][0], lr_list[i][1], i] for i in range(q)]
s551401486.py(31):     lri_list = [[lr_list[i][0], lr_list[i][1], i] for i in range(q)]
s551401486.py(33):     lri_list_s = sorted(lri_list, key=lambda x: x[1])
 --- modulename: s551401486, funcname: <lambda>
s551401486.py(33):     lri_list_s = sorted(lri_list, key=lambda x: x[1])
 --- modulename: s551401486, funcname: <lambda>
s551401486.py(33):     lri_list_s = sorted(lri_list, key=lambda x: x[1])
 --- modulename: s551401486, funcname: <lambda>
s551401486.py(33):     lri_list_s = sorted(lri_list, key=lambda x: x[1])
 --- modulename: s551401486, funcname: <lambda>
s551401486.py(33):     lri_list_s = sorted(lri_list, key=lambda x: x[1])
 --- modulename: s551401486, funcname: <lambda>
s551401486.py(33):     lri_list_s = sorted(lri_list, key=lambda x: x[1])
 --- modulename: s551401486, funcname: <lambda>
s551401486.py(33):     lri_list_s = sorted(lri_list, key=lambda x: x[1])
 --- modulename: s551401486, funcname: <lambda>
s551401486.py(33):     lri_list_s = sorted(lri_list, key=lambda x: x[1])
 --- modulename: s551401486, funcname: <lambda>
s551401486.py(33):     lri_list_s = sorted(lri_list, key=lambda x: x[1])
 --- modulename: s551401486, funcname: <lambda>
s551401486.py(33):     lri_list_s = sorted(lri_list, key=lambda x: x[1])
 --- modulename: s551401486, funcname: <lambda>
s551401486.py(33):     lri_list_s = sorted(lri_list, key=lambda x: x[1])
s551401486.py(35):     color_index = [0] * (n + 1)
s551401486.py(37):     bit = BIT(n)
 --- modulename: s551401486, funcname: __init__
s551401486.py(6):         self.n = n
s551401486.py(7):         self.data = [0] * (n + 1)
s551401486.py(8):         self.el = [0] * (n + 1)
s551401486.py(39):     res = [0] * q
s551401486.py(41):     r_temp = 0
s551401486.py(42):     for l, r, i in lri_list_s:
s551401486.py(43):         while r > r_temp:
s551401486.py(44):             r_temp += 1
s551401486.py(45):             c = c_list[r_temp - 1]
s551401486.py(46):             c_ind = color_index[c]
s551401486.py(47):             if c_ind > 0:
s551401486.py(49):             color_index[c] = r_temp
s551401486.py(50):             bit.add(r_temp, 1)
 --- modulename: s551401486, funcname: add
s551401486.py(18):         assert i > 0
s551401486.py(19):         self.el[i] += x
s551401486.py(20):         while i <= self.n:
s551401486.py(21):             self.data[i] += x
s551401486.py(22):             i += i & -i
s551401486.py(20):         while i <= self.n:
s551401486.py(21):             self.data[i] += x
s551401486.py(22):             i += i & -i
s551401486.py(20):         while i <= self.n:
s551401486.py(21):             self.data[i] += x
s551401486.py(22):             i += i & -i
s551401486.py(20):         while i <= self.n:
s551401486.py(21):             self.data[i] += x
s551401486.py(22):             i += i & -i
s551401486.py(20):         while i <= self.n:
s551401486.py(43):         while r > r_temp:
s551401486.py(44):             r_temp += 1
s551401486.py(45):             c = c_list[r_temp - 1]
s551401486.py(46):             c_ind = color_index[c]
s551401486.py(47):             if c_ind > 0:
s551401486.py(49):             color_index[c] = r_temp
s551401486.py(50):             bit.add(r_temp, 1)
 --- modulename: s551401486, funcname: add
s551401486.py(18):         assert i > 0
s551401486.py(19):         self.el[i] += x
s551401486.py(20):         while i <= self.n:
s551401486.py(21):             self.data[i] += x
s551401486.py(22):             i += i & -i
s551401486.py(20):         while i <= self.n:
s551401486.py(21):             self.data[i] += x
s551401486.py(22):             i += i & -i
s551401486.py(20):         while i <= self.n:
s551401486.py(21):             self.data[i] += x
s551401486.py(22):             i += i & -i
s551401486.py(20):         while i <= self.n:
s551401486.py(43):         while r > r_temp:
s551401486.py(52):         res[i] = bit.get(l - 1, r)
 --- modulename: s551401486, funcname: get
s551401486.py(25):         if j is None:
s551401486.py(27):         return self.sum(j) - self.sum(i)
 --- modulename: s551401486, funcname: sum
s551401486.py(11):         s = 0
s551401486.py(12):         while i > 0:
s551401486.py(13):             s += self.data[i]
s551401486.py(14):             i -= i & -i
s551401486.py(12):         while i > 0:
s551401486.py(15):         return s
 --- modulename: s551401486, funcname: sum
s551401486.py(11):         s = 0
s551401486.py(12):         while i > 0:
s551401486.py(13):             s += self.data[i]
s551401486.py(14):             i -= i & -i
s551401486.py(12):         while i > 0:
s551401486.py(15):         return s
s551401486.py(42):     for l, r, i in lri_list_s:
s551401486.py(43):         while r > r_temp:
s551401486.py(44):             r_temp += 1
s551401486.py(45):             c = c_list[r_temp - 1]
s551401486.py(46):             c_ind = color_index[c]
s551401486.py(47):             if c_ind > 0:
s551401486.py(49):             color_index[c] = r_temp
s551401486.py(50):             bit.add(r_temp, 1)
 --- modulename: s551401486, funcname: add
s551401486.py(18):         assert i > 0
s551401486.py(19):         self.el[i] += x
s551401486.py(20):         while i <= self.n:
s551401486.py(21):             self.data[i] += x
s551401486.py(22):             i += i & -i
s551401486.py(20):         while i <= self.n:
s551401486.py(21):             self.data[i] += x
s551401486.py(22):             i += i & -i
s551401486.py(20):         while i <= self.n:
s551401486.py(21):             self.data[i] += x
s551401486.py(22):             i += i & -i
s551401486.py(20):         while i <= self.n:
s551401486.py(43):         while r > r_temp:
s551401486.py(44):             r_temp += 1
s551401486.py(45):             c = c_list[r_temp - 1]
s551401486.py(46):             c_ind = color_index[c]
s551401486.py(47):             if c_ind > 0:
s551401486.py(48):                 bit.add(c_ind, -1)
 --- modulename: s551401486, funcname: add
s551401486.py(18):         assert i > 0
s551401486.py(19):         self.el[i] += x
s551401486.py(20):         while i <= self.n:
s551401486.py(21):             self.data[i] += x
s551401486.py(22):             i += i & -i
s551401486.py(20):         while i <= self.n:
s551401486.py(21):             self.data[i] += x
s551401486.py(22):             i += i & -i
s551401486.py(20):         while i <= self.n:
s551401486.py(21):             self.data[i] += x
s551401486.py(22):             i += i & -i
s551401486.py(20):         while i <= self.n:
s551401486.py(49):             color_index[c] = r_temp
s551401486.py(50):             bit.add(r_temp, 1)
 --- modulename: s551401486, funcname: add
s551401486.py(18):         assert i > 0
s551401486.py(19):         self.el[i] += x
s551401486.py(20):         while i <= self.n:
s551401486.py(21):             self.data[i] += x
s551401486.py(22):             i += i & -i
s551401486.py(20):         while i <= self.n:
s551401486.py(21):             self.data[i] += x
s551401486.py(22):             i += i & -i
s551401486.py(20):         while i <= self.n:
s551401486.py(43):         while r > r_temp:
s551401486.py(52):         res[i] = bit.get(l - 1, r)
 --- modulename: s551401486, funcname: get
s551401486.py(25):         if j is None:
s551401486.py(27):         return self.sum(j) - self.sum(i)
 --- modulename: s551401486, funcname: sum
s551401486.py(11):         s = 0
s551401486.py(12):         while i > 0:
s551401486.py(13):             s += self.data[i]
s551401486.py(14):             i -= i & -i
s551401486.py(12):         while i > 0:
s551401486.py(15):         return s
 --- modulename: s551401486, funcname: sum
s551401486.py(11):         s = 0
s551401486.py(12):         while i > 0:
s551401486.py(13):             s += self.data[i]
s551401486.py(14):             i -= i & -i
s551401486.py(12):         while i > 0:
s551401486.py(15):         return s
s551401486.py(42):     for l, r, i in lri_list_s:
s551401486.py(43):         while r > r_temp:
s551401486.py(44):             r_temp += 1
s551401486.py(45):             c = c_list[r_temp - 1]
s551401486.py(46):             c_ind = color_index[c]
s551401486.py(47):             if c_ind > 0:
s551401486.py(48):                 bit.add(c_ind, -1)
 --- modulename: s551401486, funcname: add
s551401486.py(18):         assert i > 0
s551401486.py(19):         self.el[i] += x
s551401486.py(20):         while i <= self.n:
s551401486.py(21):             self.data[i] += x
s551401486.py(22):             i += i & -i
s551401486.py(20):         while i <= self.n:
s551401486.py(21):             self.data[i] += x
s551401486.py(22):             i += i & -i
s551401486.py(20):         while i <= self.n:
s551401486.py(21):             self.data[i] += x
s551401486.py(22):             i += i & -i
s551401486.py(20):         while i <= self.n:
s551401486.py(21):             self.data[i] += x
s551401486.py(22):             i += i & -i
s551401486.py(20):         while i <= self.n:
s551401486.py(49):             color_index[c] = r_temp
s551401486.py(50):             bit.add(r_temp, 1)
 --- modulename: s551401486, funcname: add
s551401486.py(18):         assert i > 0
s551401486.py(19):         self.el[i] += x
s551401486.py(20):         while i <= self.n:
s551401486.py(21):             self.data[i] += x
s551401486.py(22):             i += i & -i
s551401486.py(20):         while i <= self.n:
s551401486.py(21):             self.data[i] += x
s551401486.py(22):             i += i & -i
s551401486.py(20):         while i <= self.n:
s551401486.py(21):             self.data[i] += x
s551401486.py(22):             i += i & -i
s551401486.py(20):         while i <= self.n:
s551401486.py(43):         while r > r_temp:
s551401486.py(52):         res[i] = bit.get(l - 1, r)
 --- modulename: s551401486, funcname: get
s551401486.py(25):         if j is None:
s551401486.py(27):         return self.sum(j) - self.sum(i)
 --- modulename: s551401486, funcname: sum
s551401486.py(11):         s = 0
s551401486.py(12):         while i > 0:
s551401486.py(13):             s += self.data[i]
s551401486.py(14):             i -= i & -i
s551401486.py(12):         while i > 0:
s551401486.py(13):             s += self.data[i]
s551401486.py(14):             i -= i & -i
s551401486.py(12):         while i > 0:
s551401486.py(15):         return s
 --- modulename: s551401486, funcname: sum
s551401486.py(11):         s = 0
s551401486.py(12):         while i > 0:
s551401486.py(13):             s += self.data[i]
s551401486.py(14):             i -= i & -i
s551401486.py(12):         while i > 0:
s551401486.py(15):         return s
s551401486.py(42):     for l, r, i in lri_list_s:
s551401486.py(43):         while r > r_temp:
s551401486.py(44):             r_temp += 1
s551401486.py(45):             c = c_list[r_temp - 1]
s551401486.py(46):             c_ind = color_index[c]
s551401486.py(47):             if c_ind > 0:
s551401486.py(49):             color_index[c] = r_temp
s551401486.py(50):             bit.add(r_temp, 1)
 --- modulename: s551401486, funcname: add
s551401486.py(18):         assert i > 0
s551401486.py(19):         self.el[i] += x
s551401486.py(20):         while i <= self.n:
s551401486.py(21):             self.data[i] += x
s551401486.py(22):             i += i & -i
s551401486.py(20):         while i <= self.n:
s551401486.py(21):             self.data[i] += x
s551401486.py(22):             i += i & -i
s551401486.py(20):         while i <= self.n:
s551401486.py(43):         while r > r_temp:
s551401486.py(44):             r_temp += 1
s551401486.py(45):             c = c_list[r_temp - 1]
s551401486.py(46):             c_ind = color_index[c]
s551401486.py(47):             if c_ind > 0:
s551401486.py(49):             color_index[c] = r_temp
s551401486.py(50):             bit.add(r_temp, 1)
 --- modulename: s551401486, funcname: add
s551401486.py(18):         assert i > 0
s551401486.py(19):         self.el[i] += x
s551401486.py(20):         while i <= self.n:
s551401486.py(21):             self.data[i] += x
s551401486.py(22):             i += i & -i
s551401486.py(20):         while i <= self.n:
s551401486.py(21):             self.data[i] += x
s551401486.py(22):             i += i & -i
s551401486.py(20):         while i <= self.n:
s551401486.py(43):         while r > r_temp:
s551401486.py(52):         res[i] = bit.get(l - 1, r)
 --- modulename: s551401486, funcname: get
s551401486.py(25):         if j is None:
s551401486.py(27):         return self.sum(j) - self.sum(i)
 --- modulename: s551401486, funcname: sum
s551401486.py(11):         s = 0
s551401486.py(12):         while i > 0:
s551401486.py(13):             s += self.data[i]
s551401486.py(14):             i -= i & -i
s551401486.py(12):         while i > 0:
s551401486.py(13):             s += self.data[i]
s551401486.py(14):             i -= i & -i
s551401486.py(12):         while i > 0:
s551401486.py(13):             s += self.data[i]
s551401486.py(14):             i -= i & -i
s551401486.py(12):         while i > 0:
s551401486.py(15):         return s
 --- modulename: s551401486, funcname: sum
s551401486.py(11):         s = 0
s551401486.py(12):         while i > 0:
s551401486.py(13):             s += self.data[i]
s551401486.py(14):             i -= i & -i
s551401486.py(12):         while i > 0:
s551401486.py(13):             s += self.data[i]
s551401486.py(14):             i -= i & -i
s551401486.py(12):         while i > 0:
s551401486.py(15):         return s
s551401486.py(42):     for l, r, i in lri_list_s:
s551401486.py(43):         while r > r_temp:
s551401486.py(44):             r_temp += 1
s551401486.py(45):             c = c_list[r_temp - 1]
s551401486.py(46):             c_ind = color_index[c]
s551401486.py(47):             if c_ind > 0:
s551401486.py(49):             color_index[c] = r_temp
s551401486.py(50):             bit.add(r_temp, 1)
 --- modulename: s551401486, funcname: add
s551401486.py(18):         assert i > 0
s551401486.py(19):         self.el[i] += x
s551401486.py(20):         while i <= self.n:
s551401486.py(21):             self.data[i] += x
s551401486.py(22):             i += i & -i
s551401486.py(20):         while i <= self.n:
s551401486.py(43):         while r > r_temp:
s551401486.py(52):         res[i] = bit.get(l - 1, r)
 --- modulename: s551401486, funcname: get
s551401486.py(25):         if j is None:
s551401486.py(27):         return self.sum(j) - self.sum(i)
 --- modulename: s551401486, funcname: sum
s551401486.py(11):         s = 0
s551401486.py(12):         while i > 0:
s551401486.py(13):             s += self.data[i]
s551401486.py(14):             i -= i & -i
s551401486.py(12):         while i > 0:
s551401486.py(15):         return s
 --- modulename: s551401486, funcname: sum
s551401486.py(11):         s = 0
s551401486.py(12):         while i > 0:
s551401486.py(13):             s += self.data[i]
s551401486.py(14):             i -= i & -i
s551401486.py(12):         while i > 0:
s551401486.py(13):             s += self.data[i]
s551401486.py(14):             i -= i & -i
s551401486.py(12):         while i > 0:
s551401486.py(15):         return s
s551401486.py(42):     for l, r, i in lri_list_s:
s551401486.py(43):         while r > r_temp:
s551401486.py(52):         res[i] = bit.get(l - 1, r)
 --- modulename: s551401486, funcname: get
s551401486.py(25):         if j is None:
s551401486.py(27):         return self.sum(j) - self.sum(i)
 --- modulename: s551401486, funcname: sum
s551401486.py(11):         s = 0
s551401486.py(12):         while i > 0:
s551401486.py(13):             s += self.data[i]
s551401486.py(14):             i -= i & -i
s551401486.py(12):         while i > 0:
s551401486.py(15):         return s
 --- modulename: s551401486, funcname: sum
s551401486.py(11):         s = 0
s551401486.py(12):         while i > 0:
s551401486.py(15):         return s
s551401486.py(42):     for l, r, i in lri_list_s:
s551401486.py(43):         while r > r_temp:
s551401486.py(52):         res[i] = bit.get(l - 1, r)
 --- modulename: s551401486, funcname: get
s551401486.py(25):         if j is None:
s551401486.py(27):         return self.sum(j) - self.sum(i)
 --- modulename: s551401486, funcname: sum
s551401486.py(11):         s = 0
s551401486.py(12):         while i > 0:
s551401486.py(13):             s += self.data[i]
s551401486.py(14):             i -= i & -i
s551401486.py(12):         while i > 0:
s551401486.py(15):         return s
 --- modulename: s551401486, funcname: sum
s551401486.py(11):         s = 0
s551401486.py(12):         while i > 0:
s551401486.py(13):             s += self.data[i]
s551401486.py(14):             i -= i & -i
s551401486.py(12):         while i > 0:
s551401486.py(13):             s += self.data[i]
s551401486.py(14):             i -= i & -i
s551401486.py(12):         while i > 0:
s551401486.py(15):         return s
s551401486.py(42):     for l, r, i in lri_list_s:
s551401486.py(43):         while r > r_temp:
s551401486.py(44):             r_temp += 1
s551401486.py(45):             c = c_list[r_temp - 1]
s551401486.py(46):             c_ind = color_index[c]
s551401486.py(47):             if c_ind > 0:
s551401486.py(48):                 bit.add(c_ind, -1)
 --- modulename: s551401486, funcname: add
s551401486.py(18):         assert i > 0
s551401486.py(19):         self.el[i] += x
s551401486.py(20):         while i <= self.n:
s551401486.py(21):             self.data[i] += x
s551401486.py(22):             i += i & -i
s551401486.py(20):         while i <= self.n:
s551401486.py(21):             self.data[i] += x
s551401486.py(22):             i += i & -i
s551401486.py(20):         while i <= self.n:
s551401486.py(49):             color_index[c] = r_temp
s551401486.py(50):             bit.add(r_temp, 1)
 --- modulename: s551401486, funcname: add
s551401486.py(18):         assert i > 0
s551401486.py(19):         self.el[i] += x
s551401486.py(20):         while i <= self.n:
s551401486.py(21):             self.data[i] += x
s551401486.py(22):             i += i & -i
s551401486.py(20):         while i <= self.n:
s551401486.py(21):             self.data[i] += x
s551401486.py(22):             i += i & -i
s551401486.py(20):         while i <= self.n:
s551401486.py(43):         while r > r_temp:
s551401486.py(52):         res[i] = bit.get(l - 1, r)
 --- modulename: s551401486, funcname: get
s551401486.py(25):         if j is None:
s551401486.py(27):         return self.sum(j) - self.sum(i)
 --- modulename: s551401486, funcname: sum
s551401486.py(11):         s = 0
s551401486.py(12):         while i > 0:
s551401486.py(13):             s += self.data[i]
s551401486.py(14):             i -= i & -i
s551401486.py(12):         while i > 0:
s551401486.py(13):             s += self.data[i]
s551401486.py(14):             i -= i & -i
s551401486.py(12):         while i > 0:
s551401486.py(15):         return s
 --- modulename: s551401486, funcname: sum
s551401486.py(11):         s = 0
s551401486.py(12):         while i > 0:
s551401486.py(13):             s += self.data[i]
s551401486.py(14):             i -= i & -i
s551401486.py(12):         while i > 0:
s551401486.py(13):             s += self.data[i]
s551401486.py(14):             i -= i & -i
s551401486.py(12):         while i > 0:
s551401486.py(15):         return s
s551401486.py(42):     for l, r, i in lri_list_s:
s551401486.py(43):         while r > r_temp:
s551401486.py(52):         res[i] = bit.get(l - 1, r)
 --- modulename: s551401486, funcname: get
s551401486.py(25):         if j is None:
s551401486.py(27):         return self.sum(j) - self.sum(i)
 --- modulename: s551401486, funcname: sum
s551401486.py(11):         s = 0
s551401486.py(12):         while i > 0:
s551401486.py(13):             s += self.data[i]
s551401486.py(14):             i -= i & -i
s551401486.py(12):         while i > 0:
s551401486.py(13):             s += self.data[i]
s551401486.py(14):             i -= i & -i
s551401486.py(12):         while i > 0:
s551401486.py(15):         return s
 --- modulename: s551401486, funcname: sum
s551401486.py(11):         s = 0
s551401486.py(12):         while i > 0:
s551401486.py(13):             s += self.data[i]
s551401486.py(14):             i -= i & -i
s551401486.py(12):         while i > 0:
s551401486.py(13):             s += self.data[i]
s551401486.py(14):             i -= i & -i
s551401486.py(12):         while i > 0:
s551401486.py(15):         return s
s551401486.py(42):     for l, r, i in lri_list_s:
s551401486.py(43):         while r > r_temp:
s551401486.py(44):             r_temp += 1
s551401486.py(45):             c = c_list[r_temp - 1]
s551401486.py(46):             c_ind = color_index[c]
s551401486.py(47):             if c_ind > 0:
s551401486.py(48):                 bit.add(c_ind, -1)
 --- modulename: s551401486, funcname: add
s551401486.py(18):         assert i > 0
s551401486.py(19):         self.el[i] += x
s551401486.py(20):         while i <= self.n:
s551401486.py(21):             self.data[i] += x
s551401486.py(22):             i += i & -i
s551401486.py(20):         while i <= self.n:
s551401486.py(21):             self.data[i] += x
s551401486.py(22):             i += i & -i
s551401486.py(20):         while i <= self.n:
s551401486.py(21):             self.data[i] += x
s551401486.py(22):             i += i & -i
s551401486.py(20):         while i <= self.n:
s551401486.py(49):             color_index[c] = r_temp
s551401486.py(50):             bit.add(r_temp, 1)
 --- modulename: s551401486, funcname: add
s551401486.py(18):         assert i > 0
s551401486.py(19):         self.el[i] += x
s551401486.py(20):         while i <= self.n:
s551401486.py(21):             self.data[i] += x
s551401486.py(22):             i += i & -i
s551401486.py(20):         while i <= self.n:
s551401486.py(43):         while r > r_temp:
s551401486.py(52):         res[i] = bit.get(l - 1, r)
 --- modulename: s551401486, funcname: get
s551401486.py(25):         if j is None:
s551401486.py(27):         return self.sum(j) - self.sum(i)
 --- modulename: s551401486, funcname: sum
s551401486.py(11):         s = 0
s551401486.py(12):         while i > 0:
s551401486.py(13):             s += self.data[i]
s551401486.py(14):             i -= i & -i
s551401486.py(12):         while i > 0:
s551401486.py(13):             s += self.data[i]
s551401486.py(14):             i -= i & -i
s551401486.py(12):         while i > 0:
s551401486.py(15):         return s
 --- modulename: s551401486, funcname: sum
s551401486.py(11):         s = 0
s551401486.py(12):         while i > 0:
s551401486.py(13):             s += self.data[i]
s551401486.py(14):             i -= i & -i
s551401486.py(12):         while i > 0:
s551401486.py(13):             s += self.data[i]
s551401486.py(14):             i -= i & -i
s551401486.py(12):         while i > 0:
s551401486.py(13):             s += self.data[i]
s551401486.py(14):             i -= i & -i
s551401486.py(12):         while i > 0:
s551401486.py(15):         return s
s551401486.py(42):     for l, r, i in lri_list_s:
s551401486.py(54):     return res
s551401486.py(70):     ]) == [1, 2, 2, 1, 2, 2, 6, 3, 3, 3]
s551401486.py(68):     assert solve(10, 10, [2, 5, 6, 5, 2, 1, 7, 9, 7, 2], [
s551401486.py(75):     main()
 --- modulename: s551401486, funcname: main
s551401486.py(58):     n, q = map(int, input().split())
 --- modulename: codecs, funcname: getstate
codecs.py(333):         return (self.buffer, 0)
 --- modulename: codecs, funcname: decode
codecs.py(321):         data = self.buffer + input
codecs.py(322):         (result, consumed) = self._buffer_decode(data, self.errors, final)
codecs.py(324):         self.buffer = data[consumed:]
codecs.py(325):         return result
s551401486.py(59):     c_list = list(map(int, input().split()))
s551401486.py(60):     lr_list = [list(map(int, input().split())) for _ in range(q)]
 --- modulename: s551401486, funcname: <listcomp>
s551401486.py(60):     lr_list = [list(map(int, input().split())) for _ in range(q)]
s551401486.py(60):     lr_list = [list(map(int, input().split())) for _ in range(q)]
s551401486.py(60):     lr_list = [list(map(int, input().split())) for _ in range(q)]
s551401486.py(60):     lr_list = [list(map(int, input().split())) for _ in range(q)]
s551401486.py(61):     res = solve(n, q, c_list, lr_list)
 --- modulename: s551401486, funcname: solve
s551401486.py(31):     lri_list = [[lr_list[i][0], lr_list[i][1], i] for i in range(q)]
 --- modulename: s551401486, funcname: <listcomp>
s551401486.py(31):     lri_list = [[lr_list[i][0], lr_list[i][1], i] for i in range(q)]
s551401486.py(31):     lri_list = [[lr_list[i][0], lr_list[i][1], i] for i in range(q)]
s551401486.py(31):     lri_list = [[lr_list[i][0], lr_list[i][1], i] for i in range(q)]
s551401486.py(31):     lri_list = [[lr_list[i][0], lr_list[i][1], i] for i in range(q)]
s551401486.py(33):     lri_list_s = sorted(lri_list, key=lambda x: x[1])
 --- modulename: s551401486, funcname: <lambda>
s551401486.py(33):     lri_list_s = sorted(lri_list, key=lambda x: x[1])
 --- modulename: s551401486, funcname: <lambda>
s551401486.py(33):     lri_list_s = sorted(lri_list, key=lambda x: x[1])
 --- modulename: s551401486, funcname: <lambda>
s551401486.py(33):     lri_list_s = sorted(lri_list, key=lambda x: x[1])
s551401486.py(35):     color_index = [0] * (n + 1)
s551401486.py(37):     bit = BIT(n)
 --- modulename: s551401486, funcname: __init__
s551401486.py(6):         self.n = n
s551401486.py(7):         self.data = [0] * (n + 1)
s551401486.py(8):         self.el = [0] * (n + 1)
s551401486.py(39):     res = [0] * q
s551401486.py(41):     r_temp = 0
s551401486.py(42):     for l, r, i in lri_list_s:
s551401486.py(43):         while r > r_temp:
s551401486.py(44):             r_temp += 1
s551401486.py(45):             c = c_list[r_temp - 1]
s551401486.py(46):             c_ind = color_index[c]
s551401486.py(47):             if c_ind > 0:
s551401486.py(49):             color_index[c] = r_temp
s551401486.py(50):             bit.add(r_temp, 1)
 --- modulename: s551401486, funcname: add
s551401486.py(18):         assert i > 0
s551401486.py(19):         self.el[i] += x
s551401486.py(20):         while i <= self.n:
s551401486.py(21):             self.data[i] += x
s551401486.py(22):             i += i & -i
s551401486.py(20):         while i <= self.n:
s551401486.py(21):             self.data[i] += x
s551401486.py(22):             i += i & -i
s551401486.py(20):         while i <= self.n:
s551401486.py(21):             self.data[i] += x
s551401486.py(22):             i += i & -i
s551401486.py(20):         while i <= self.n:
s551401486.py(43):         while r > r_temp:
s551401486.py(44):             r_temp += 1
s551401486.py(45):             c = c_list[r_temp - 1]
s551401486.py(46):             c_ind = color_index[c]
s551401486.py(47):             if c_ind > 0:
s551401486.py(49):             color_index[c] = r_temp
s551401486.py(50):             bit.add(r_temp, 1)
 --- modulename: s551401486, funcname: add
s551401486.py(18):         assert i > 0
s551401486.py(19):         self.el[i] += x
s551401486.py(20):         while i <= self.n:
s551401486.py(21):             self.data[i] += x
s551401486.py(22):             i += i & -i
s551401486.py(20):         while i <= self.n:
s551401486.py(21):             self.data[i] += x
s551401486.py(22):             i += i & -i
s551401486.py(20):         while i <= self.n:
s551401486.py(43):         while r > r_temp:
s551401486.py(44):             r_temp += 1
s551401486.py(45):             c = c_list[r_temp - 1]
s551401486.py(46):             c_ind = color_index[c]
s551401486.py(47):             if c_ind > 0:
s551401486.py(48):                 bit.add(c_ind, -1)
 --- modulename: s551401486, funcname: add
s551401486.py(18):         assert i > 0
s551401486.py(19):         self.el[i] += x
s551401486.py(20):         while i <= self.n:
s551401486.py(21):             self.data[i] += x
s551401486.py(22):             i += i & -i
s551401486.py(20):         while i <= self.n:
s551401486.py(21):             self.data[i] += x
s551401486.py(22):             i += i & -i
s551401486.py(20):         while i <= self.n:
s551401486.py(21):             self.data[i] += x
s551401486.py(22):             i += i & -i
s551401486.py(20):         while i <= self.n:
s551401486.py(49):             color_index[c] = r_temp
s551401486.py(50):             bit.add(r_temp, 1)
 --- modulename: s551401486, funcname: add
s551401486.py(18):         assert i > 0
s551401486.py(19):         self.el[i] += x
s551401486.py(20):         while i <= self.n:
s551401486.py(21):             self.data[i] += x
s551401486.py(22):             i += i & -i
s551401486.py(20):         while i <= self.n:
s551401486.py(21):             self.data[i] += x
s551401486.py(22):             i += i & -i
s551401486.py(20):         while i <= self.n:
s551401486.py(43):         while r > r_temp:
s551401486.py(52):         res[i] = bit.get(l - 1, r)
 --- modulename: s551401486, funcname: get
s551401486.py(25):         if j is None:
s551401486.py(27):         return self.sum(j) - self.sum(i)
 --- modulename: s551401486, funcname: sum
s551401486.py(11):         s = 0
s551401486.py(12):         while i > 0:
s551401486.py(13):             s += self.data[i]
s551401486.py(14):             i -= i & -i
s551401486.py(12):         while i > 0:
s551401486.py(13):             s += self.data[i]
s551401486.py(14):             i -= i & -i
s551401486.py(12):         while i > 0:
s551401486.py(15):         return s
 --- modulename: s551401486, funcname: sum
s551401486.py(11):         s = 0
s551401486.py(12):         while i > 0:
s551401486.py(15):         return s
s551401486.py(42):     for l, r, i in lri_list_s:
s551401486.py(43):         while r > r_temp:
s551401486.py(52):         res[i] = bit.get(l - 1, r)
 --- modulename: s551401486, funcname: get
s551401486.py(25):         if j is None:
s551401486.py(27):         return self.sum(j) - self.sum(i)
 --- modulename: s551401486, funcname: sum
s551401486.py(11):         s = 0
s551401486.py(12):         while i > 0:
s551401486.py(13):             s += self.data[i]
s551401486.py(14):             i -= i & -i
s551401486.py(12):         while i > 0:
s551401486.py(13):             s += self.data[i]
s551401486.py(14):             i -= i & -i
s551401486.py(12):         while i > 0:
s551401486.py(15):         return s
 --- modulename: s551401486, funcname: sum
s551401486.py(11):         s = 0
s551401486.py(12):         while i > 0:
s551401486.py(13):             s += self.data[i]
s551401486.py(14):             i -= i & -i
s551401486.py(12):         while i > 0:
s551401486.py(15):         return s
s551401486.py(42):     for l, r, i in lri_list_s:
s551401486.py(43):         while r > r_temp:
s551401486.py(44):             r_temp += 1
s551401486.py(45):             c = c_list[r_temp - 1]
s551401486.py(46):             c_ind = color_index[c]
s551401486.py(47):             if c_ind > 0:
s551401486.py(49):             color_index[c] = r_temp
s551401486.py(50):             bit.add(r_temp, 1)
 --- modulename: s551401486, funcname: add
s551401486.py(18):         assert i > 0
s551401486.py(19):         self.el[i] += x
s551401486.py(20):         while i <= self.n:
s551401486.py(21):             self.data[i] += x
s551401486.py(22):             i += i & -i
s551401486.py(20):         while i <= self.n:
s551401486.py(43):         while r > r_temp:
s551401486.py(52):         res[i] = bit.get(l - 1, r)
 --- modulename: s551401486, funcname: get
s551401486.py(25):         if j is None:
s551401486.py(27):         return self.sum(j) - self.sum(i)
 --- modulename: s551401486, funcname: sum
s551401486.py(11):         s = 0
s551401486.py(12):         while i > 0:
s551401486.py(13):             s += self.data[i]
s551401486.py(14):             i -= i & -i
s551401486.py(12):         while i > 0:
s551401486.py(15):         return s
 --- modulename: s551401486, funcname: sum
s551401486.py(11):         s = 0
s551401486.py(12):         while i > 0:
s551401486.py(13):             s += self.data[i]
s551401486.py(14):             i -= i & -i
s551401486.py(12):         while i > 0:
s551401486.py(15):         return s
s551401486.py(42):     for l, r, i in lri_list_s:
s551401486.py(54):     return res
s551401486.py(62):     for r in res:
s551401486.py(63):         print(r)
2
s551401486.py(62):     for r in res:
s551401486.py(63):         print(r)
3
s551401486.py(62):     for r in res:
s551401486.py(63):         print(r)
1
s551401486.py(62):     for r in res:
