 --- modulename: s552676699, funcname: <module>
s552676699.py(1): def root(x):
s552676699.py(10): def weight(x):
s552676699.py(14): def diff(x,y):
s552676699.py(17): def relate(a,b,w):
s552676699.py(34): def size(a):
s552676699.py(37): def same(a,b):
s552676699.py(40): N,M=map(int,input().split())
 --- modulename: codecs, funcname: getstate
codecs.py(333):         return (self.buffer, 0)
 --- modulename: codecs, funcname: decode
codecs.py(321):         data = self.buffer + input
codecs.py(322):         (result, consumed) = self._buffer_decode(data, self.errors, final)
codecs.py(324):         self.buffer = data[consumed:]
codecs.py(325):         return result
s552676699.py(41): par=[i for i in range(N)]
 --- modulename: s552676699, funcname: <listcomp>
s552676699.py(41): par=[i for i in range(N)]
s552676699.py(41): par=[i for i in range(N)]
s552676699.py(41): par=[i for i in range(N)]
s552676699.py(41): par=[i for i in range(N)]
s552676699.py(42): siz=[1 for _ in range(N)]
 --- modulename: s552676699, funcname: <listcomp>
s552676699.py(42): siz=[1 for _ in range(N)]
s552676699.py(42): siz=[1 for _ in range(N)]
s552676699.py(42): siz=[1 for _ in range(N)]
s552676699.py(42): siz=[1 for _ in range(N)]
s552676699.py(43): rank=[0 for _ in range(N)]
 --- modulename: s552676699, funcname: <listcomp>
s552676699.py(43): rank=[0 for _ in range(N)]
s552676699.py(43): rank=[0 for _ in range(N)]
s552676699.py(43): rank=[0 for _ in range(N)]
s552676699.py(43): rank=[0 for _ in range(N)]
s552676699.py(44): diff_weight=[0 for _ in range(N)]
 --- modulename: s552676699, funcname: <listcomp>
s552676699.py(44): diff_weight=[0 for _ in range(N)]
s552676699.py(44): diff_weight=[0 for _ in range(N)]
s552676699.py(44): diff_weight=[0 for _ in range(N)]
s552676699.py(44): diff_weight=[0 for _ in range(N)]
s552676699.py(46): for i in range(M):
s552676699.py(47):     L,R,D=map(int,input().split())
s552676699.py(48):     L,R=L-1,R-1
s552676699.py(49):     if same(L,R) and diff(L,R)!=D:
 --- modulename: s552676699, funcname: same
s552676699.py(38):     return root(a)==root(b)
 --- modulename: s552676699, funcname: root
s552676699.py(2):     if(par[x]==x):
s552676699.py(3):         return x
 --- modulename: s552676699, funcname: root
s552676699.py(2):     if(par[x]==x):
s552676699.py(3):         return x
s552676699.py(53):         relate(L,R,D)
 --- modulename: s552676699, funcname: relate
s552676699.py(18):     w+=weight(a);w-=weight(b)
 --- modulename: s552676699, funcname: weight
s552676699.py(11):     root(x)
 --- modulename: s552676699, funcname: root
s552676699.py(2):     if(par[x]==x):
s552676699.py(3):         return x
s552676699.py(12):     return diff_weight[x]
 --- modulename: s552676699, funcname: weight
s552676699.py(11):     root(x)
 --- modulename: s552676699, funcname: root
s552676699.py(2):     if(par[x]==x):
s552676699.py(3):         return x
s552676699.py(12):     return diff_weight[x]
s552676699.py(19):     a=root(a)
 --- modulename: s552676699, funcname: root
s552676699.py(2):     if(par[x]==x):
s552676699.py(3):         return x
s552676699.py(20):     b=root(b)
 --- modulename: s552676699, funcname: root
s552676699.py(2):     if(par[x]==x):
s552676699.py(3):         return x
s552676699.py(21):     if(a==b):
s552676699.py(23):     if rank[a]<rank[b]:
s552676699.py(26):     if rank[a]==rank[b]:
s552676699.py(27):         rank[b]+=1
s552676699.py(28):         par[b]=a
s552676699.py(29):     par[b]=a
s552676699.py(30):     diff_weight[b]=w
s552676699.py(31):     siz[a]+=siz[b]
s552676699.py(32):     return True
s552676699.py(46): for i in range(M):
s552676699.py(47):     L,R,D=map(int,input().split())
s552676699.py(48):     L,R=L-1,R-1
s552676699.py(49):     if same(L,R) and diff(L,R)!=D:
 --- modulename: s552676699, funcname: same
s552676699.py(38):     return root(a)==root(b)
 --- modulename: s552676699, funcname: root
s552676699.py(2):     if(par[x]==x):
s552676699.py(5):         r=root(par[x])
 --- modulename: s552676699, funcname: root
s552676699.py(2):     if(par[x]==x):
s552676699.py(3):         return x
s552676699.py(6):         diff_weight[x]+=diff_weight[par[x]]
s552676699.py(7):         par[x]=r
s552676699.py(8):         return r
 --- modulename: s552676699, funcname: root
s552676699.py(2):     if(par[x]==x):
s552676699.py(3):         return x
s552676699.py(53):         relate(L,R,D)
 --- modulename: s552676699, funcname: relate
s552676699.py(18):     w+=weight(a);w-=weight(b)
 --- modulename: s552676699, funcname: weight
s552676699.py(11):     root(x)
 --- modulename: s552676699, funcname: root
s552676699.py(2):     if(par[x]==x):
s552676699.py(5):         r=root(par[x])
 --- modulename: s552676699, funcname: root
s552676699.py(2):     if(par[x]==x):
s552676699.py(3):         return x
s552676699.py(6):         diff_weight[x]+=diff_weight[par[x]]
s552676699.py(7):         par[x]=r
s552676699.py(8):         return r
s552676699.py(12):     return diff_weight[x]
 --- modulename: s552676699, funcname: weight
s552676699.py(11):     root(x)
 --- modulename: s552676699, funcname: root
s552676699.py(2):     if(par[x]==x):
s552676699.py(3):         return x
s552676699.py(12):     return diff_weight[x]
s552676699.py(19):     a=root(a)
 --- modulename: s552676699, funcname: root
s552676699.py(2):     if(par[x]==x):
s552676699.py(5):         r=root(par[x])
 --- modulename: s552676699, funcname: root
s552676699.py(2):     if(par[x]==x):
s552676699.py(3):         return x
s552676699.py(6):         diff_weight[x]+=diff_weight[par[x]]
s552676699.py(7):         par[x]=r
s552676699.py(8):         return r
s552676699.py(20):     b=root(b)
 --- modulename: s552676699, funcname: root
s552676699.py(2):     if(par[x]==x):
s552676699.py(3):         return x
s552676699.py(21):     if(a==b):
s552676699.py(23):     if rank[a]<rank[b]:
s552676699.py(26):     if rank[a]==rank[b]:
s552676699.py(27):         rank[b]+=1
s552676699.py(28):         par[b]=a
s552676699.py(29):     par[b]=a
s552676699.py(30):     diff_weight[b]=w
s552676699.py(31):     siz[a]+=siz[b]
s552676699.py(32):     return True
s552676699.py(46): for i in range(M):
s552676699.py(47):     L,R,D=map(int,input().split())
s552676699.py(48):     L,R=L-1,R-1
s552676699.py(49):     if same(L,R) and diff(L,R)!=D:
 --- modulename: s552676699, funcname: same
s552676699.py(38):     return root(a)==root(b)
 --- modulename: s552676699, funcname: root
s552676699.py(2):     if(par[x]==x):
s552676699.py(3):         return x
 --- modulename: s552676699, funcname: root
s552676699.py(2):     if(par[x]==x):
s552676699.py(5):         r=root(par[x])
 --- modulename: s552676699, funcname: root
s552676699.py(2):     if(par[x]==x):
s552676699.py(3):         return x
s552676699.py(6):         diff_weight[x]+=diff_weight[par[x]]
s552676699.py(7):         par[x]=r
s552676699.py(8):         return r
 --- modulename: s552676699, funcname: diff
s552676699.py(15):     return weight(y)-weight(x)
 --- modulename: s552676699, funcname: weight
s552676699.py(11):     root(x)
 --- modulename: s552676699, funcname: root
s552676699.py(2):     if(par[x]==x):
s552676699.py(5):         r=root(par[x])
 --- modulename: s552676699, funcname: root
s552676699.py(2):     if(par[x]==x):
s552676699.py(3):         return x
s552676699.py(6):         diff_weight[x]+=diff_weight[par[x]]
s552676699.py(7):         par[x]=r
s552676699.py(8):         return r
s552676699.py(12):     return diff_weight[x]
 --- modulename: s552676699, funcname: weight
s552676699.py(11):     root(x)
 --- modulename: s552676699, funcname: root
s552676699.py(2):     if(par[x]==x):
s552676699.py(3):         return x
s552676699.py(12):     return diff_weight[x]
s552676699.py(53):         relate(L,R,D)
 --- modulename: s552676699, funcname: relate
s552676699.py(18):     w+=weight(a);w-=weight(b)
 --- modulename: s552676699, funcname: weight
s552676699.py(11):     root(x)
 --- modulename: s552676699, funcname: root
s552676699.py(2):     if(par[x]==x):
s552676699.py(3):         return x
s552676699.py(12):     return diff_weight[x]
 --- modulename: s552676699, funcname: weight
s552676699.py(11):     root(x)
 --- modulename: s552676699, funcname: root
s552676699.py(2):     if(par[x]==x):
s552676699.py(5):         r=root(par[x])
 --- modulename: s552676699, funcname: root
s552676699.py(2):     if(par[x]==x):
s552676699.py(3):         return x
s552676699.py(6):         diff_weight[x]+=diff_weight[par[x]]
s552676699.py(7):         par[x]=r
s552676699.py(8):         return r
s552676699.py(12):     return diff_weight[x]
s552676699.py(19):     a=root(a)
 --- modulename: s552676699, funcname: root
s552676699.py(2):     if(par[x]==x):
s552676699.py(3):         return x
s552676699.py(20):     b=root(b)
 --- modulename: s552676699, funcname: root
s552676699.py(2):     if(par[x]==x):
s552676699.py(5):         r=root(par[x])
 --- modulename: s552676699, funcname: root
s552676699.py(2):     if(par[x]==x):
s552676699.py(3):         return x
s552676699.py(6):         diff_weight[x]+=diff_weight[par[x]]
s552676699.py(7):         par[x]=r
s552676699.py(8):         return r
s552676699.py(21):     if(a==b):
s552676699.py(22):         return False
s552676699.py(46): for i in range(M):
s552676699.py(54): print('Yes')
Yes
