 --- modulename: s555224142, funcname: <module>
s555224142.py(1): def fact(k, mod):
s555224142.py(8): def power(a, n, mod):    
s555224142.py(17): def inv(a, mod):
s555224142.py(22): n, m, k = [int(i) for i in input().split()]
 --- modulename: codecs, funcname: getstate
codecs.py(333):         return (self.buffer, 0)
 --- modulename: codecs, funcname: decode
codecs.py(321):         data = self.buffer + input
codecs.py(322):         (result, consumed) = self._buffer_decode(data, self.errors, final)
codecs.py(324):         self.buffer = data[consumed:]
codecs.py(325):         return result
 --- modulename: s555224142, funcname: <listcomp>
s555224142.py(22): n, m, k = [int(i) for i in input().split()]
s555224142.py(22): n, m, k = [int(i) for i in input().split()]
s555224142.py(22): n, m, k = [int(i) for i in input().split()]
s555224142.py(22): n, m, k = [int(i) for i in input().split()]
s555224142.py(23): mod = 998244353
s555224142.py(24): res = fact(n - 1, mod)
 --- modulename: s555224142, funcname: fact
s555224142.py(2):     a = [0] * (k + 1)
s555224142.py(3):     a[0] = 1
s555224142.py(4):     for i in range(1, k + 1):
s555224142.py(5):         a[i] = a[i - 1] * i      
s555224142.py(6):         a[i] = a[i] % mod
s555224142.py(4):     for i in range(1, k + 1):
s555224142.py(5):         a[i] = a[i - 1] * i      
s555224142.py(6):         a[i] = a[i] % mod
s555224142.py(4):     for i in range(1, k + 1):
s555224142.py(7):     return a
s555224142.py(25): res2 = inv(res, mod)
 --- modulename: s555224142, funcname: inv
s555224142.py(18):     c = [0] * (len(a))
s555224142.py(19):     for i in range(len(a)):
s555224142.py(20):         c[i] = power(a[i], mod - 2, mod)
 --- modulename: s555224142, funcname: power
s555224142.py(9):     if n == 0:
s555224142.py(11):     if n == 1:
s555224142.py(13):     if n % 2 == 0:
s555224142.py(16):         return ((a % mod) * power(a % mod, n - 1, mod)) % mod
 --- modulename: s555224142, funcname: power
s555224142.py(9):     if n == 0:
s555224142.py(11):     if n == 1:
s555224142.py(13):     if n % 2 == 0:
s555224142.py(14):         return power((a * a) % mod, n // 2, mod) % mod
 --- modulename: s555224142, funcname: power
s555224142.py(9):     if n == 0:
s555224142.py(11):     if n == 1:
s555224142.py(13):     if n % 2 == 0:
s555224142.py(16):         return ((a % mod) * power(a % mod, n - 1, mod)) % mod
 --- modulename: s555224142, funcname: power
s555224142.py(9):     if n == 0:
s555224142.py(11):     if n == 1:
s555224142.py(13):     if n % 2 == 0:
s555224142.py(14):         return power((a * a) % mod, n // 2, mod) % mod
 --- modulename: s555224142, funcname: power
s555224142.py(9):     if n == 0:
s555224142.py(11):     if n == 1:
s555224142.py(13):     if n % 2 == 0:
s555224142.py(16):         return ((a % mod) * power(a % mod, n - 1, mod)) % mod
 --- modulename: s555224142, funcname: power
s555224142.py(9):     if n == 0:
s555224142.py(11):     if n == 1:
s555224142.py(13):     if n % 2 == 0:
s555224142.py(14):         return power((a * a) % mod, n // 2, mod) % mod
 --- modulename: s555224142, funcname: power
s555224142.py(9):     if n == 0:
s555224142.py(11):     if n == 1:
s555224142.py(13):     if n % 2 == 0:
s555224142.py(16):         return ((a % mod) * power(a % mod, n - 1, mod)) % mod
 --- modulename: s555224142, funcname: power
s555224142.py(9):     if n == 0:
s555224142.py(11):     if n == 1:
s555224142.py(13):     if n % 2 == 0:
s555224142.py(14):         return power((a * a) % mod, n // 2, mod) % mod
 --- modulename: s555224142, funcname: power
s555224142.py(9):     if n == 0:
s555224142.py(11):     if n == 1:
s555224142.py(13):     if n % 2 == 0:
s555224142.py(16):         return ((a % mod) * power(a % mod, n - 1, mod)) % mod
 --- modulename: s555224142, funcname: power
s555224142.py(9):     if n == 0:
s555224142.py(11):     if n == 1:
s555224142.py(13):     if n % 2 == 0:
s555224142.py(14):         return power((a * a) % mod, n // 2, mod) % mod
 --- modulename: s555224142, funcname: power
s555224142.py(9):     if n == 0:
s555224142.py(11):     if n == 1:
s555224142.py(13):     if n % 2 == 0:
s555224142.py(16):         return ((a % mod) * power(a % mod, n - 1, mod)) % mod
 --- modulename: s555224142, funcname: power
s555224142.py(9):     if n == 0:
s555224142.py(11):     if n == 1:
s555224142.py(13):     if n % 2 == 0:
s555224142.py(14):         return power((a * a) % mod, n // 2, mod) % mod
 --- modulename: s555224142, funcname: power
s555224142.py(9):     if n == 0:
s555224142.py(11):     if n == 1:
s555224142.py(13):     if n % 2 == 0:
s555224142.py(16):         return ((a % mod) * power(a % mod, n - 1, mod)) % mod
 --- modulename: s555224142, funcname: power
s555224142.py(9):     if n == 0:
s555224142.py(11):     if n == 1:
s555224142.py(13):     if n % 2 == 0:
s555224142.py(14):         return power((a * a) % mod, n // 2, mod) % mod
 --- modulename: s555224142, funcname: power
s555224142.py(9):     if n == 0:
s555224142.py(11):     if n == 1:
s555224142.py(13):     if n % 2 == 0:
s555224142.py(16):         return ((a % mod) * power(a % mod, n - 1, mod)) % mod
 --- modulename: s555224142, funcname: power
s555224142.py(9):     if n == 0:
s555224142.py(11):     if n == 1:
s555224142.py(13):     if n % 2 == 0:
s555224142.py(14):         return power((a * a) % mod, n // 2, mod) % mod
 --- modulename: s555224142, funcname: power
s555224142.py(9):     if n == 0:
s555224142.py(11):     if n == 1:
s555224142.py(13):     if n % 2 == 0:
s555224142.py(16):         return ((a % mod) * power(a % mod, n - 1, mod)) % mod
 --- modulename: s555224142, funcname: power
s555224142.py(9):     if n == 0:
s555224142.py(11):     if n == 1:
s555224142.py(13):     if n % 2 == 0:
s555224142.py(14):         return power((a * a) % mod, n // 2, mod) % mod
 --- modulename: s555224142, funcname: power
s555224142.py(9):     if n == 0:
s555224142.py(11):     if n == 1:
s555224142.py(13):     if n % 2 == 0:
s555224142.py(16):         return ((a % mod) * power(a % mod, n - 1, mod)) % mod
 --- modulename: s555224142, funcname: power
s555224142.py(9):     if n == 0:
s555224142.py(11):     if n == 1:
s555224142.py(13):     if n % 2 == 0:
s555224142.py(14):         return power((a * a) % mod, n // 2, mod) % mod
 --- modulename: s555224142, funcname: power
s555224142.py(9):     if n == 0:
s555224142.py(11):     if n == 1:
s555224142.py(13):     if n % 2 == 0:
s555224142.py(16):         return ((a % mod) * power(a % mod, n - 1, mod)) % mod
 --- modulename: s555224142, funcname: power
s555224142.py(9):     if n == 0:
s555224142.py(11):     if n == 1:
s555224142.py(13):     if n % 2 == 0:
s555224142.py(14):         return power((a * a) % mod, n // 2, mod) % mod
 --- modulename: s555224142, funcname: power
s555224142.py(9):     if n == 0:
s555224142.py(11):     if n == 1:
s555224142.py(13):     if n % 2 == 0:
s555224142.py(16):         return ((a % mod) * power(a % mod, n - 1, mod)) % mod
 --- modulename: s555224142, funcname: power
s555224142.py(9):     if n == 0:
s555224142.py(11):     if n == 1:
s555224142.py(13):     if n % 2 == 0:
s555224142.py(14):         return power((a * a) % mod, n // 2, mod) % mod
 --- modulename: s555224142, funcname: power
s555224142.py(9):     if n == 0:
s555224142.py(11):     if n == 1:
s555224142.py(13):     if n % 2 == 0:
s555224142.py(16):         return ((a % mod) * power(a % mod, n - 1, mod)) % mod
 --- modulename: s555224142, funcname: power
s555224142.py(9):     if n == 0:
s555224142.py(11):     if n == 1:
s555224142.py(13):     if n % 2 == 0:
s555224142.py(14):         return power((a * a) % mod, n // 2, mod) % mod
 --- modulename: s555224142, funcname: power
s555224142.py(9):     if n == 0:
s555224142.py(11):     if n == 1:
s555224142.py(13):     if n % 2 == 0:
s555224142.py(16):         return ((a % mod) * power(a % mod, n - 1, mod)) % mod
 --- modulename: s555224142, funcname: power
s555224142.py(9):     if n == 0:
s555224142.py(11):     if n == 1:
s555224142.py(13):     if n % 2 == 0:
s555224142.py(14):         return power((a * a) % mod, n // 2, mod) % mod
 --- modulename: s555224142, funcname: power
s555224142.py(9):     if n == 0:
s555224142.py(11):     if n == 1:
s555224142.py(13):     if n % 2 == 0:
s555224142.py(16):         return ((a % mod) * power(a % mod, n - 1, mod)) % mod
 --- modulename: s555224142, funcname: power
s555224142.py(9):     if n == 0:
s555224142.py(11):     if n == 1:
s555224142.py(13):     if n % 2 == 0:
s555224142.py(14):         return power((a * a) % mod, n // 2, mod) % mod
 --- modulename: s555224142, funcname: power
s555224142.py(9):     if n == 0:
s555224142.py(11):     if n == 1:
s555224142.py(13):     if n % 2 == 0:
s555224142.py(16):         return ((a % mod) * power(a % mod, n - 1, mod)) % mod
 --- modulename: s555224142, funcname: power
s555224142.py(9):     if n == 0:
s555224142.py(11):     if n == 1:
s555224142.py(13):     if n % 2 == 0:
s555224142.py(14):         return power((a * a) % mod, n // 2, mod) % mod
 --- modulename: s555224142, funcname: power
s555224142.py(9):     if n == 0:
s555224142.py(11):     if n == 1:
s555224142.py(13):     if n % 2 == 0:
s555224142.py(16):         return ((a % mod) * power(a % mod, n - 1, mod)) % mod
 --- modulename: s555224142, funcname: power
s555224142.py(9):     if n == 0:
s555224142.py(11):     if n == 1:
s555224142.py(13):     if n % 2 == 0:
s555224142.py(14):         return power((a * a) % mod, n // 2, mod) % mod
 --- modulename: s555224142, funcname: power
s555224142.py(9):     if n == 0:
s555224142.py(11):     if n == 1:
s555224142.py(13):     if n % 2 == 0:
s555224142.py(16):         return ((a % mod) * power(a % mod, n - 1, mod)) % mod
 --- modulename: s555224142, funcname: power
s555224142.py(9):     if n == 0:
s555224142.py(11):     if n == 1:
s555224142.py(13):     if n % 2 == 0:
s555224142.py(14):         return power((a * a) % mod, n // 2, mod) % mod
 --- modulename: s555224142, funcname: power
s555224142.py(9):     if n == 0:
s555224142.py(11):     if n == 1:
s555224142.py(13):     if n % 2 == 0:
s555224142.py(16):         return ((a % mod) * power(a % mod, n - 1, mod)) % mod
 --- modulename: s555224142, funcname: power
s555224142.py(9):     if n == 0:
s555224142.py(11):     if n == 1:
s555224142.py(13):     if n % 2 == 0:
s555224142.py(14):         return power((a * a) % mod, n // 2, mod) % mod
 --- modulename: s555224142, funcname: power
s555224142.py(9):     if n == 0:
s555224142.py(11):     if n == 1:
s555224142.py(13):     if n % 2 == 0:
s555224142.py(16):         return ((a % mod) * power(a % mod, n - 1, mod)) % mod
 --- modulename: s555224142, funcname: power
s555224142.py(9):     if n == 0:
s555224142.py(11):     if n == 1:
s555224142.py(13):     if n % 2 == 0:
s555224142.py(14):         return power((a * a) % mod, n // 2, mod) % mod
 --- modulename: s555224142, funcname: power
s555224142.py(9):     if n == 0:
s555224142.py(11):     if n == 1:
s555224142.py(13):     if n % 2 == 0:
s555224142.py(16):         return ((a % mod) * power(a % mod, n - 1, mod)) % mod
 --- modulename: s555224142, funcname: power
s555224142.py(9):     if n == 0:
s555224142.py(11):     if n == 1:
s555224142.py(13):     if n % 2 == 0:
s555224142.py(14):         return power((a * a) % mod, n // 2, mod) % mod
 --- modulename: s555224142, funcname: power
s555224142.py(9):     if n == 0:
s555224142.py(11):     if n == 1:
s555224142.py(13):     if n % 2 == 0:
s555224142.py(16):         return ((a % mod) * power(a % mod, n - 1, mod)) % mod
 --- modulename: s555224142, funcname: power
s555224142.py(9):     if n == 0:
s555224142.py(11):     if n == 1:
s555224142.py(13):     if n % 2 == 0:
s555224142.py(14):         return power((a * a) % mod, n // 2, mod) % mod
 --- modulename: s555224142, funcname: power
s555224142.py(9):     if n == 0:
s555224142.py(11):     if n == 1:
s555224142.py(13):     if n % 2 == 0:
s555224142.py(16):         return ((a % mod) * power(a % mod, n - 1, mod)) % mod
 --- modulename: s555224142, funcname: power
s555224142.py(9):     if n == 0:
s555224142.py(11):     if n == 1:
s555224142.py(13):     if n % 2 == 0:
s555224142.py(14):         return power((a * a) % mod, n // 2, mod) % mod
 --- modulename: s555224142, funcname: power
s555224142.py(9):     if n == 0:
s555224142.py(11):     if n == 1:
s555224142.py(13):     if n % 2 == 0:
s555224142.py(14):         return power((a * a) % mod, n // 2, mod) % mod
 --- modulename: s555224142, funcname: power
s555224142.py(9):     if n == 0:
s555224142.py(11):     if n == 1:
s555224142.py(13):     if n % 2 == 0:
s555224142.py(16):         return ((a % mod) * power(a % mod, n - 1, mod)) % mod
 --- modulename: s555224142, funcname: power
s555224142.py(9):     if n == 0:
s555224142.py(11):     if n == 1:
s555224142.py(13):     if n % 2 == 0:
s555224142.py(14):         return power((a * a) % mod, n // 2, mod) % mod
 --- modulename: s555224142, funcname: power
s555224142.py(9):     if n == 0:
s555224142.py(11):     if n == 1:
s555224142.py(13):     if n % 2 == 0:
s555224142.py(16):         return ((a % mod) * power(a % mod, n - 1, mod)) % mod
 --- modulename: s555224142, funcname: power
s555224142.py(9):     if n == 0:
s555224142.py(11):     if n == 1:
s555224142.py(13):     if n % 2 == 0:
s555224142.py(14):         return power((a * a) % mod, n // 2, mod) % mod
 --- modulename: s555224142, funcname: power
s555224142.py(9):     if n == 0:
s555224142.py(11):     if n == 1:
s555224142.py(13):     if n % 2 == 0:
s555224142.py(14):         return power((a * a) % mod, n // 2, mod) % mod
 --- modulename: s555224142, funcname: power
s555224142.py(9):     if n == 0:
s555224142.py(11):     if n == 1:
s555224142.py(13):     if n % 2 == 0:
s555224142.py(16):         return ((a % mod) * power(a % mod, n - 1, mod)) % mod
 --- modulename: s555224142, funcname: power
s555224142.py(9):     if n == 0:
s555224142.py(11):     if n == 1:
s555224142.py(13):     if n % 2 == 0:
s555224142.py(14):         return power((a * a) % mod, n // 2, mod) % mod
 --- modulename: s555224142, funcname: power
s555224142.py(9):     if n == 0:
s555224142.py(11):     if n == 1:
s555224142.py(13):     if n % 2 == 0:
s555224142.py(16):         return ((a % mod) * power(a % mod, n - 1, mod)) % mod
 --- modulename: s555224142, funcname: power
s555224142.py(9):     if n == 0:
s555224142.py(11):     if n == 1:
s555224142.py(13):     if n % 2 == 0:
s555224142.py(14):         return power((a * a) % mod, n // 2, mod) % mod
 --- modulename: s555224142, funcname: power
s555224142.py(9):     if n == 0:
s555224142.py(11):     if n == 1:
s555224142.py(12):         return a % mod
s555224142.py(19):     for i in range(len(a)):
s555224142.py(20):         c[i] = power(a[i], mod - 2, mod)
 --- modulename: s555224142, funcname: power
s555224142.py(9):     if n == 0:
s555224142.py(11):     if n == 1:
s555224142.py(13):     if n % 2 == 0:
s555224142.py(16):         return ((a % mod) * power(a % mod, n - 1, mod)) % mod
 --- modulename: s555224142, funcname: power
s555224142.py(9):     if n == 0:
s555224142.py(11):     if n == 1:
s555224142.py(13):     if n % 2 == 0:
s555224142.py(14):         return power((a * a) % mod, n // 2, mod) % mod
 --- modulename: s555224142, funcname: power
s555224142.py(9):     if n == 0:
s555224142.py(11):     if n == 1:
s555224142.py(13):     if n % 2 == 0:
s555224142.py(16):         return ((a % mod) * power(a % mod, n - 1, mod)) % mod
 --- modulename: s555224142, funcname: power
s555224142.py(9):     if n == 0:
s555224142.py(11):     if n == 1:
s555224142.py(13):     if n % 2 == 0:
s555224142.py(14):         return power((a * a) % mod, n // 2, mod) % mod
 --- modulename: s555224142, funcname: power
s555224142.py(9):     if n == 0:
s555224142.py(11):     if n == 1:
s555224142.py(13):     if n % 2 == 0:
s555224142.py(16):         return ((a % mod) * power(a % mod, n - 1, mod)) % mod
 --- modulename: s555224142, funcname: power
s555224142.py(9):     if n == 0:
s555224142.py(11):     if n == 1:
s555224142.py(13):     if n % 2 == 0:
s555224142.py(14):         return power((a * a) % mod, n // 2, mod) % mod
 --- modulename: s555224142, funcname: power
s555224142.py(9):     if n == 0:
s555224142.py(11):     if n == 1:
s555224142.py(13):     if n % 2 == 0:
s555224142.py(16):         return ((a % mod) * power(a % mod, n - 1, mod)) % mod
 --- modulename: s555224142, funcname: power
s555224142.py(9):     if n == 0:
s555224142.py(11):     if n == 1:
s555224142.py(13):     if n % 2 == 0:
s555224142.py(14):         return power((a * a) % mod, n // 2, mod) % mod
 --- modulename: s555224142, funcname: power
s555224142.py(9):     if n == 0:
s555224142.py(11):     if n == 1:
s555224142.py(13):     if n % 2 == 0:
s555224142.py(16):         return ((a % mod) * power(a % mod, n - 1, mod)) % mod
 --- modulename: s555224142, funcname: power
s555224142.py(9):     if n == 0:
s555224142.py(11):     if n == 1:
s555224142.py(13):     if n % 2 == 0:
s555224142.py(14):         return power((a * a) % mod, n // 2, mod) % mod
 --- modulename: s555224142, funcname: power
s555224142.py(9):     if n == 0:
s555224142.py(11):     if n == 1:
s555224142.py(13):     if n % 2 == 0:
s555224142.py(16):         return ((a % mod) * power(a % mod, n - 1, mod)) % mod
 --- modulename: s555224142, funcname: power
s555224142.py(9):     if n == 0:
s555224142.py(11):     if n == 1:
s555224142.py(13):     if n % 2 == 0:
s555224142.py(14):         return power((a * a) % mod, n // 2, mod) % mod
 --- modulename: s555224142, funcname: power
s555224142.py(9):     if n == 0:
s555224142.py(11):     if n == 1:
s555224142.py(13):     if n % 2 == 0:
s555224142.py(16):         return ((a % mod) * power(a % mod, n - 1, mod)) % mod
 --- modulename: s555224142, funcname: power
s555224142.py(9):     if n == 0:
s555224142.py(11):     if n == 1:
s555224142.py(13):     if n % 2 == 0:
s555224142.py(14):         return power((a * a) % mod, n // 2, mod) % mod
 --- modulename: s555224142, funcname: power
s555224142.py(9):     if n == 0:
s555224142.py(11):     if n == 1:
s555224142.py(13):     if n % 2 == 0:
s555224142.py(16):         return ((a % mod) * power(a % mod, n - 1, mod)) % mod
 --- modulename: s555224142, funcname: power
s555224142.py(9):     if n == 0:
s555224142.py(11):     if n == 1:
s555224142.py(13):     if n % 2 == 0:
s555224142.py(14):         return power((a * a) % mod, n // 2, mod) % mod
 --- modulename: s555224142, funcname: power
s555224142.py(9):     if n == 0:
s555224142.py(11):     if n == 1:
s555224142.py(13):     if n % 2 == 0:
s555224142.py(16):         return ((a % mod) * power(a % mod, n - 1, mod)) % mod
 --- modulename: s555224142, funcname: power
s555224142.py(9):     if n == 0:
s555224142.py(11):     if n == 1:
s555224142.py(13):     if n % 2 == 0:
s555224142.py(14):         return power((a * a) % mod, n // 2, mod) % mod
 --- modulename: s555224142, funcname: power
s555224142.py(9):     if n == 0:
s555224142.py(11):     if n == 1:
s555224142.py(13):     if n % 2 == 0:
s555224142.py(16):         return ((a % mod) * power(a % mod, n - 1, mod)) % mod
 --- modulename: s555224142, funcname: power
s555224142.py(9):     if n == 0:
s555224142.py(11):     if n == 1:
s555224142.py(13):     if n % 2 == 0:
s555224142.py(14):         return power((a * a) % mod, n // 2, mod) % mod
 --- modulename: s555224142, funcname: power
s555224142.py(9):     if n == 0:
s555224142.py(11):     if n == 1:
s555224142.py(13):     if n % 2 == 0:
s555224142.py(16):         return ((a % mod) * power(a % mod, n - 1, mod)) % mod
 --- modulename: s555224142, funcname: power
s555224142.py(9):     if n == 0:
s555224142.py(11):     if n == 1:
s555224142.py(13):     if n % 2 == 0:
s555224142.py(14):         return power((a * a) % mod, n // 2, mod) % mod
 --- modulename: s555224142, funcname: power
s555224142.py(9):     if n == 0:
s555224142.py(11):     if n == 1:
s555224142.py(13):     if n % 2 == 0:
s555224142.py(16):         return ((a % mod) * power(a % mod, n - 1, mod)) % mod
 --- modulename: s555224142, funcname: power
s555224142.py(9):     if n == 0:
s555224142.py(11):     if n == 1:
s555224142.py(13):     if n % 2 == 0:
s555224142.py(14):         return power((a * a) % mod, n // 2, mod) % mod
 --- modulename: s555224142, funcname: power
s555224142.py(9):     if n == 0:
s555224142.py(11):     if n == 1:
s555224142.py(13):     if n % 2 == 0:
s555224142.py(16):         return ((a % mod) * power(a % mod, n - 1, mod)) % mod
 --- modulename: s555224142, funcname: power
s555224142.py(9):     if n == 0:
s555224142.py(11):     if n == 1:
s555224142.py(13):     if n % 2 == 0:
s555224142.py(14):         return power((a * a) % mod, n // 2, mod) % mod
 --- modulename: s555224142, funcname: power
s555224142.py(9):     if n == 0:
s555224142.py(11):     if n == 1:
s555224142.py(13):     if n % 2 == 0:
s555224142.py(16):         return ((a % mod) * power(a % mod, n - 1, mod)) % mod
 --- modulename: s555224142, funcname: power
s555224142.py(9):     if n == 0:
s555224142.py(11):     if n == 1:
s555224142.py(13):     if n % 2 == 0:
s555224142.py(14):         return power((a * a) % mod, n // 2, mod) % mod
 --- modulename: s555224142, funcname: power
s555224142.py(9):     if n == 0:
s555224142.py(11):     if n == 1:
s555224142.py(13):     if n % 2 == 0:
s555224142.py(16):         return ((a % mod) * power(a % mod, n - 1, mod)) % mod
 --- modulename: s555224142, funcname: power
s555224142.py(9):     if n == 0:
s555224142.py(11):     if n == 1:
s555224142.py(13):     if n % 2 == 0:
s555224142.py(14):         return power((a * a) % mod, n // 2, mod) % mod
 --- modulename: s555224142, funcname: power
s555224142.py(9):     if n == 0:
s555224142.py(11):     if n == 1:
s555224142.py(13):     if n % 2 == 0:
s555224142.py(16):         return ((a % mod) * power(a % mod, n - 1, mod)) % mod
 --- modulename: s555224142, funcname: power
s555224142.py(9):     if n == 0:
s555224142.py(11):     if n == 1:
s555224142.py(13):     if n % 2 == 0:
s555224142.py(14):         return power((a * a) % mod, n // 2, mod) % mod
 --- modulename: s555224142, funcname: power
s555224142.py(9):     if n == 0:
s555224142.py(11):     if n == 1:
s555224142.py(13):     if n % 2 == 0:
s555224142.py(16):         return ((a % mod) * power(a % mod, n - 1, mod)) % mod
 --- modulename: s555224142, funcname: power
s555224142.py(9):     if n == 0:
s555224142.py(11):     if n == 1:
s555224142.py(13):     if n % 2 == 0:
s555224142.py(14):         return power((a * a) % mod, n // 2, mod) % mod
 --- modulename: s555224142, funcname: power
s555224142.py(9):     if n == 0:
s555224142.py(11):     if n == 1:
s555224142.py(13):     if n % 2 == 0:
s555224142.py(16):         return ((a % mod) * power(a % mod, n - 1, mod)) % mod
 --- modulename: s555224142, funcname: power
s555224142.py(9):     if n == 0:
s555224142.py(11):     if n == 1:
s555224142.py(13):     if n % 2 == 0:
s555224142.py(14):         return power((a * a) % mod, n // 2, mod) % mod
 --- modulename: s555224142, funcname: power
s555224142.py(9):     if n == 0:
s555224142.py(11):     if n == 1:
s555224142.py(13):     if n % 2 == 0:
s555224142.py(16):         return ((a % mod) * power(a % mod, n - 1, mod)) % mod
 --- modulename: s555224142, funcname: power
s555224142.py(9):     if n == 0:
s555224142.py(11):     if n == 1:
s555224142.py(13):     if n % 2 == 0:
s555224142.py(14):         return power((a * a) % mod, n // 2, mod) % mod
 --- modulename: s555224142, funcname: power
s555224142.py(9):     if n == 0:
s555224142.py(11):     if n == 1:
s555224142.py(13):     if n % 2 == 0:
s555224142.py(16):         return ((a % mod) * power(a % mod, n - 1, mod)) % mod
 --- modulename: s555224142, funcname: power
s555224142.py(9):     if n == 0:
s555224142.py(11):     if n == 1:
s555224142.py(13):     if n % 2 == 0:
s555224142.py(14):         return power((a * a) % mod, n // 2, mod) % mod
 --- modulename: s555224142, funcname: power
s555224142.py(9):     if n == 0:
s555224142.py(11):     if n == 1:
s555224142.py(13):     if n % 2 == 0:
s555224142.py(16):         return ((a % mod) * power(a % mod, n - 1, mod)) % mod
 --- modulename: s555224142, funcname: power
s555224142.py(9):     if n == 0:
s555224142.py(11):     if n == 1:
s555224142.py(13):     if n % 2 == 0:
s555224142.py(14):         return power((a * a) % mod, n // 2, mod) % mod
 --- modulename: s555224142, funcname: power
s555224142.py(9):     if n == 0:
s555224142.py(11):     if n == 1:
s555224142.py(13):     if n % 2 == 0:
s555224142.py(16):         return ((a % mod) * power(a % mod, n - 1, mod)) % mod
 --- modulename: s555224142, funcname: power
s555224142.py(9):     if n == 0:
s555224142.py(11):     if n == 1:
s555224142.py(13):     if n % 2 == 0:
s555224142.py(14):         return power((a * a) % mod, n // 2, mod) % mod
 --- modulename: s555224142, funcname: power
s555224142.py(9):     if n == 0:
s555224142.py(11):     if n == 1:
s555224142.py(13):     if n % 2 == 0:
s555224142.py(16):         return ((a % mod) * power(a % mod, n - 1, mod)) % mod
 --- modulename: s555224142, funcname: power
s555224142.py(9):     if n == 0:
s555224142.py(11):     if n == 1:
s555224142.py(13):     if n % 2 == 0:
s555224142.py(14):         return power((a * a) % mod, n // 2, mod) % mod
 --- modulename: s555224142, funcname: power
s555224142.py(9):     if n == 0:
s555224142.py(11):     if n == 1:
s555224142.py(13):     if n % 2 == 0:
s555224142.py(14):         return power((a * a) % mod, n // 2, mod) % mod
 --- modulename: s555224142, funcname: power
s555224142.py(9):     if n == 0:
s555224142.py(11):     if n == 1:
s555224142.py(13):     if n % 2 == 0:
s555224142.py(16):         return ((a % mod) * power(a % mod, n - 1, mod)) % mod
 --- modulename: s555224142, funcname: power
s555224142.py(9):     if n == 0:
s555224142.py(11):     if n == 1:
s555224142.py(13):     if n % 2 == 0:
s555224142.py(14):         return power((a * a) % mod, n // 2, mod) % mod
 --- modulename: s555224142, funcname: power
s555224142.py(9):     if n == 0:
s555224142.py(11):     if n == 1:
s555224142.py(13):     if n % 2 == 0:
s555224142.py(16):         return ((a % mod) * power(a % mod, n - 1, mod)) % mod
 --- modulename: s555224142, funcname: power
s555224142.py(9):     if n == 0:
s555224142.py(11):     if n == 1:
s555224142.py(13):     if n % 2 == 0:
s555224142.py(14):         return power((a * a) % mod, n // 2, mod) % mod
 --- modulename: s555224142, funcname: power
s555224142.py(9):     if n == 0:
s555224142.py(11):     if n == 1:
s555224142.py(13):     if n % 2 == 0:
s555224142.py(14):         return power((a * a) % mod, n // 2, mod) % mod
 --- modulename: s555224142, funcname: power
s555224142.py(9):     if n == 0:
s555224142.py(11):     if n == 1:
s555224142.py(13):     if n % 2 == 0:
s555224142.py(16):         return ((a % mod) * power(a % mod, n - 1, mod)) % mod
 --- modulename: s555224142, funcname: power
s555224142.py(9):     if n == 0:
s555224142.py(11):     if n == 1:
s555224142.py(13):     if n % 2 == 0:
s555224142.py(14):         return power((a * a) % mod, n // 2, mod) % mod
 --- modulename: s555224142, funcname: power
s555224142.py(9):     if n == 0:
s555224142.py(11):     if n == 1:
s555224142.py(13):     if n % 2 == 0:
s555224142.py(16):         return ((a % mod) * power(a % mod, n - 1, mod)) % mod
 --- modulename: s555224142, funcname: power
s555224142.py(9):     if n == 0:
s555224142.py(11):     if n == 1:
s555224142.py(13):     if n % 2 == 0:
s555224142.py(14):         return power((a * a) % mod, n // 2, mod) % mod
 --- modulename: s555224142, funcname: power
s555224142.py(9):     if n == 0:
s555224142.py(11):     if n == 1:
s555224142.py(12):         return a % mod
s555224142.py(19):     for i in range(len(a)):
s555224142.py(20):         c[i] = power(a[i], mod - 2, mod)
 --- modulename: s555224142, funcname: power
s555224142.py(9):     if n == 0:
s555224142.py(11):     if n == 1:
s555224142.py(13):     if n % 2 == 0:
s555224142.py(16):         return ((a % mod) * power(a % mod, n - 1, mod)) % mod
 --- modulename: s555224142, funcname: power
s555224142.py(9):     if n == 0:
s555224142.py(11):     if n == 1:
s555224142.py(13):     if n % 2 == 0:
s555224142.py(14):         return power((a * a) % mod, n // 2, mod) % mod
 --- modulename: s555224142, funcname: power
s555224142.py(9):     if n == 0:
s555224142.py(11):     if n == 1:
s555224142.py(13):     if n % 2 == 0:
s555224142.py(16):         return ((a % mod) * power(a % mod, n - 1, mod)) % mod
 --- modulename: s555224142, funcname: power
s555224142.py(9):     if n == 0:
s555224142.py(11):     if n == 1:
s555224142.py(13):     if n % 2 == 0:
s555224142.py(14):         return power((a * a) % mod, n // 2, mod) % mod
 --- modulename: s555224142, funcname: power
s555224142.py(9):     if n == 0:
s555224142.py(11):     if n == 1:
s555224142.py(13):     if n % 2 == 0:
s555224142.py(16):         return ((a % mod) * power(a % mod, n - 1, mod)) % mod
 --- modulename: s555224142, funcname: power
s555224142.py(9):     if n == 0:
s555224142.py(11):     if n == 1:
s555224142.py(13):     if n % 2 == 0:
s555224142.py(14):         return power((a * a) % mod, n // 2, mod) % mod
 --- modulename: s555224142, funcname: power
s555224142.py(9):     if n == 0:
s555224142.py(11):     if n == 1:
s555224142.py(13):     if n % 2 == 0:
s555224142.py(16):         return ((a % mod) * power(a % mod, n - 1, mod)) % mod
 --- modulename: s555224142, funcname: power
s555224142.py(9):     if n == 0:
s555224142.py(11):     if n == 1:
s555224142.py(13):     if n % 2 == 0:
s555224142.py(14):         return power((a * a) % mod, n // 2, mod) % mod
 --- modulename: s555224142, funcname: power
s555224142.py(9):     if n == 0:
s555224142.py(11):     if n == 1:
s555224142.py(13):     if n % 2 == 0:
s555224142.py(16):         return ((a % mod) * power(a % mod, n - 1, mod)) % mod
 --- modulename: s555224142, funcname: power
s555224142.py(9):     if n == 0:
s555224142.py(11):     if n == 1:
s555224142.py(13):     if n % 2 == 0:
s555224142.py(14):         return power((a * a) % mod, n // 2, mod) % mod
 --- modulename: s555224142, funcname: power
s555224142.py(9):     if n == 0:
s555224142.py(11):     if n == 1:
s555224142.py(13):     if n % 2 == 0:
s555224142.py(16):         return ((a % mod) * power(a % mod, n - 1, mod)) % mod
 --- modulename: s555224142, funcname: power
s555224142.py(9):     if n == 0:
s555224142.py(11):     if n == 1:
s555224142.py(13):     if n % 2 == 0:
s555224142.py(14):         return power((a * a) % mod, n // 2, mod) % mod
 --- modulename: s555224142, funcname: power
s555224142.py(9):     if n == 0:
s555224142.py(11):     if n == 1:
s555224142.py(13):     if n % 2 == 0:
s555224142.py(16):         return ((a % mod) * power(a % mod, n - 1, mod)) % mod
 --- modulename: s555224142, funcname: power
s555224142.py(9):     if n == 0:
s555224142.py(11):     if n == 1:
s555224142.py(13):     if n % 2 == 0:
s555224142.py(14):         return power((a * a) % mod, n // 2, mod) % mod
 --- modulename: s555224142, funcname: power
s555224142.py(9):     if n == 0:
s555224142.py(11):     if n == 1:
s555224142.py(13):     if n % 2 == 0:
s555224142.py(16):         return ((a % mod) * power(a % mod, n - 1, mod)) % mod
 --- modulename: s555224142, funcname: power
s555224142.py(9):     if n == 0:
s555224142.py(11):     if n == 1:
s555224142.py(13):     if n % 2 == 0:
s555224142.py(14):         return power((a * a) % mod, n // 2, mod) % mod
 --- modulename: s555224142, funcname: power
s555224142.py(9):     if n == 0:
s555224142.py(11):     if n == 1:
s555224142.py(13):     if n % 2 == 0:
s555224142.py(16):         return ((a % mod) * power(a % mod, n - 1, mod)) % mod
 --- modulename: s555224142, funcname: power
s555224142.py(9):     if n == 0:
s555224142.py(11):     if n == 1:
s555224142.py(13):     if n % 2 == 0:
s555224142.py(14):         return power((a * a) % mod, n // 2, mod) % mod
 --- modulename: s555224142, funcname: power
s555224142.py(9):     if n == 0:
s555224142.py(11):     if n == 1:
s555224142.py(13):     if n % 2 == 0:
s555224142.py(16):         return ((a % mod) * power(a % mod, n - 1, mod)) % mod
 --- modulename: s555224142, funcname: power
s555224142.py(9):     if n == 0:
s555224142.py(11):     if n == 1:
s555224142.py(13):     if n % 2 == 0:
s555224142.py(14):         return power((a * a) % mod, n // 2, mod) % mod
 --- modulename: s555224142, funcname: power
s555224142.py(9):     if n == 0:
s555224142.py(11):     if n == 1:
s555224142.py(13):     if n % 2 == 0:
s555224142.py(16):         return ((a % mod) * power(a % mod, n - 1, mod)) % mod
 --- modulename: s555224142, funcname: power
s555224142.py(9):     if n == 0:
s555224142.py(11):     if n == 1:
s555224142.py(13):     if n % 2 == 0:
s555224142.py(14):         return power((a * a) % mod, n // 2, mod) % mod
 --- modulename: s555224142, funcname: power
s555224142.py(9):     if n == 0:
s555224142.py(11):     if n == 1:
s555224142.py(13):     if n % 2 == 0:
s555224142.py(16):         return ((a % mod) * power(a % mod, n - 1, mod)) % mod
 --- modulename: s555224142, funcname: power
s555224142.py(9):     if n == 0:
s555224142.py(11):     if n == 1:
s555224142.py(13):     if n % 2 == 0:
s555224142.py(14):         return power((a * a) % mod, n // 2, mod) % mod
 --- modulename: s555224142, funcname: power
s555224142.py(9):     if n == 0:
s555224142.py(11):     if n == 1:
s555224142.py(13):     if n % 2 == 0:
s555224142.py(16):         return ((a % mod) * power(a % mod, n - 1, mod)) % mod
 --- modulename: s555224142, funcname: power
s555224142.py(9):     if n == 0:
s555224142.py(11):     if n == 1:
s555224142.py(13):     if n % 2 == 0:
s555224142.py(14):         return power((a * a) % mod, n // 2, mod) % mod
 --- modulename: s555224142, funcname: power
s555224142.py(9):     if n == 0:
s555224142.py(11):     if n == 1:
s555224142.py(13):     if n % 2 == 0:
s555224142.py(16):         return ((a % mod) * power(a % mod, n - 1, mod)) % mod
 --- modulename: s555224142, funcname: power
s555224142.py(9):     if n == 0:
s555224142.py(11):     if n == 1:
s555224142.py(13):     if n % 2 == 0:
s555224142.py(14):         return power((a * a) % mod, n // 2, mod) % mod
 --- modulename: s555224142, funcname: power
s555224142.py(9):     if n == 0:
s555224142.py(11):     if n == 1:
s555224142.py(13):     if n % 2 == 0:
s555224142.py(16):         return ((a % mod) * power(a % mod, n - 1, mod)) % mod
 --- modulename: s555224142, funcname: power
s555224142.py(9):     if n == 0:
s555224142.py(11):     if n == 1:
s555224142.py(13):     if n % 2 == 0:
s555224142.py(14):         return power((a * a) % mod, n // 2, mod) % mod
 --- modulename: s555224142, funcname: power
s555224142.py(9):     if n == 0:
s555224142.py(11):     if n == 1:
s555224142.py(13):     if n % 2 == 0:
s555224142.py(16):         return ((a % mod) * power(a % mod, n - 1, mod)) % mod
 --- modulename: s555224142, funcname: power
s555224142.py(9):     if n == 0:
s555224142.py(11):     if n == 1:
s555224142.py(13):     if n % 2 == 0:
s555224142.py(14):         return power((a * a) % mod, n // 2, mod) % mod
 --- modulename: s555224142, funcname: power
s555224142.py(9):     if n == 0:
s555224142.py(11):     if n == 1:
s555224142.py(13):     if n % 2 == 0:
s555224142.py(16):         return ((a % mod) * power(a % mod, n - 1, mod)) % mod
 --- modulename: s555224142, funcname: power
s555224142.py(9):     if n == 0:
s555224142.py(11):     if n == 1:
s555224142.py(13):     if n % 2 == 0:
s555224142.py(14):         return power((a * a) % mod, n // 2, mod) % mod
 --- modulename: s555224142, funcname: power
s555224142.py(9):     if n == 0:
s555224142.py(11):     if n == 1:
s555224142.py(13):     if n % 2 == 0:
s555224142.py(16):         return ((a % mod) * power(a % mod, n - 1, mod)) % mod
 --- modulename: s555224142, funcname: power
s555224142.py(9):     if n == 0:
s555224142.py(11):     if n == 1:
s555224142.py(13):     if n % 2 == 0:
s555224142.py(14):         return power((a * a) % mod, n // 2, mod) % mod
 --- modulename: s555224142, funcname: power
s555224142.py(9):     if n == 0:
s555224142.py(11):     if n == 1:
s555224142.py(13):     if n % 2 == 0:
s555224142.py(16):         return ((a % mod) * power(a % mod, n - 1, mod)) % mod
 --- modulename: s555224142, funcname: power
s555224142.py(9):     if n == 0:
s555224142.py(11):     if n == 1:
s555224142.py(13):     if n % 2 == 0:
s555224142.py(14):         return power((a * a) % mod, n // 2, mod) % mod
 --- modulename: s555224142, funcname: power
s555224142.py(9):     if n == 0:
s555224142.py(11):     if n == 1:
s555224142.py(13):     if n % 2 == 0:
s555224142.py(16):         return ((a % mod) * power(a % mod, n - 1, mod)) % mod
 --- modulename: s555224142, funcname: power
s555224142.py(9):     if n == 0:
s555224142.py(11):     if n == 1:
s555224142.py(13):     if n % 2 == 0:
s555224142.py(14):         return power((a * a) % mod, n // 2, mod) % mod
 --- modulename: s555224142, funcname: power
s555224142.py(9):     if n == 0:
s555224142.py(11):     if n == 1:
s555224142.py(13):     if n % 2 == 0:
s555224142.py(16):         return ((a % mod) * power(a % mod, n - 1, mod)) % mod
 --- modulename: s555224142, funcname: power
s555224142.py(9):     if n == 0:
s555224142.py(11):     if n == 1:
s555224142.py(13):     if n % 2 == 0:
s555224142.py(14):         return power((a * a) % mod, n // 2, mod) % mod
 --- modulename: s555224142, funcname: power
s555224142.py(9):     if n == 0:
s555224142.py(11):     if n == 1:
s555224142.py(13):     if n % 2 == 0:
s555224142.py(16):         return ((a % mod) * power(a % mod, n - 1, mod)) % mod
 --- modulename: s555224142, funcname: power
s555224142.py(9):     if n == 0:
s555224142.py(11):     if n == 1:
s555224142.py(13):     if n % 2 == 0:
s555224142.py(14):         return power((a * a) % mod, n // 2, mod) % mod
 --- modulename: s555224142, funcname: power
s555224142.py(9):     if n == 0:
s555224142.py(11):     if n == 1:
s555224142.py(13):     if n % 2 == 0:
s555224142.py(16):         return ((a % mod) * power(a % mod, n - 1, mod)) % mod
 --- modulename: s555224142, funcname: power
s555224142.py(9):     if n == 0:
s555224142.py(11):     if n == 1:
s555224142.py(13):     if n % 2 == 0:
s555224142.py(14):         return power((a * a) % mod, n // 2, mod) % mod
 --- modulename: s555224142, funcname: power
s555224142.py(9):     if n == 0:
s555224142.py(11):     if n == 1:
s555224142.py(13):     if n % 2 == 0:
s555224142.py(14):         return power((a * a) % mod, n // 2, mod) % mod
 --- modulename: s555224142, funcname: power
s555224142.py(9):     if n == 0:
s555224142.py(11):     if n == 1:
s555224142.py(13):     if n % 2 == 0:
s555224142.py(16):         return ((a % mod) * power(a % mod, n - 1, mod)) % mod
 --- modulename: s555224142, funcname: power
s555224142.py(9):     if n == 0:
s555224142.py(11):     if n == 1:
s555224142.py(13):     if n % 2 == 0:
s555224142.py(14):         return power((a * a) % mod, n // 2, mod) % mod
 --- modulename: s555224142, funcname: power
s555224142.py(9):     if n == 0:
s555224142.py(11):     if n == 1:
s555224142.py(13):     if n % 2 == 0:
s555224142.py(16):         return ((a % mod) * power(a % mod, n - 1, mod)) % mod
 --- modulename: s555224142, funcname: power
s555224142.py(9):     if n == 0:
s555224142.py(11):     if n == 1:
s555224142.py(13):     if n % 2 == 0:
s555224142.py(14):         return power((a * a) % mod, n // 2, mod) % mod
 --- modulename: s555224142, funcname: power
s555224142.py(9):     if n == 0:
s555224142.py(11):     if n == 1:
s555224142.py(13):     if n % 2 == 0:
s555224142.py(14):         return power((a * a) % mod, n // 2, mod) % mod
 --- modulename: s555224142, funcname: power
s555224142.py(9):     if n == 0:
s555224142.py(11):     if n == 1:
s555224142.py(13):     if n % 2 == 0:
s555224142.py(16):         return ((a % mod) * power(a % mod, n - 1, mod)) % mod
 --- modulename: s555224142, funcname: power
s555224142.py(9):     if n == 0:
s555224142.py(11):     if n == 1:
s555224142.py(13):     if n % 2 == 0:
s555224142.py(14):         return power((a * a) % mod, n // 2, mod) % mod
 --- modulename: s555224142, funcname: power
s555224142.py(9):     if n == 0:
s555224142.py(11):     if n == 1:
s555224142.py(13):     if n % 2 == 0:
s555224142.py(16):         return ((a % mod) * power(a % mod, n - 1, mod)) % mod
 --- modulename: s555224142, funcname: power
s555224142.py(9):     if n == 0:
s555224142.py(11):     if n == 1:
s555224142.py(13):     if n % 2 == 0:
s555224142.py(14):         return power((a * a) % mod, n // 2, mod) % mod
 --- modulename: s555224142, funcname: power
s555224142.py(9):     if n == 0:
s555224142.py(11):     if n == 1:
s555224142.py(12):         return a % mod
s555224142.py(19):     for i in range(len(a)):
s555224142.py(21):     return c
s555224142.py(26): total = 0
s555224142.py(27): base = power(m - 1, n - 1 - k, mod)
 --- modulename: s555224142, funcname: power
s555224142.py(9):     if n == 0:
s555224142.py(11):     if n == 1:
s555224142.py(12):         return a % mod
s555224142.py(28): dp = [0] * (k + 1)
s555224142.py(29): dp[0] = base
s555224142.py(30): for i in range(1, k + 1):
s555224142.py(31):     dp[i] = dp[i - 1] * (m - 1)
s555224142.py(32):     dp[i] = dp[i] % mod
s555224142.py(30): for i in range(1, k + 1):
s555224142.py(33): for i in range(k + 1):
s555224142.py(34):     fact = (res2[i] * res2[n - 1 - i] * m) % mod
s555224142.py(35):     total += (res[n - 1] * fact * dp[k - i]) % mod
s555224142.py(36):     total = total % mod
s555224142.py(33): for i in range(k + 1):
s555224142.py(34):     fact = (res2[i] * res2[n - 1 - i] * m) % mod
s555224142.py(35):     total += (res[n - 1] * fact * dp[k - i]) % mod
s555224142.py(36):     total = total % mod
s555224142.py(33): for i in range(k + 1):
s555224142.py(37): print(total)
6
