 --- modulename: s561123792, funcname: <module>
s561123792.py(1): import itertools
s561123792.py(2): results = []
s561123792.py(4): def comb_gen(n):
s561123792.py(25): def combgen(n):
s561123792.py(32): def sum_chk(combs, x):
s561123792.py(46):     n, x = map(int, input().split())
 --- modulename: codecs, funcname: getstate
codecs.py(333):         return (self.buffer, 0)
 --- modulename: codecs, funcname: decode
codecs.py(321):         data = self.buffer + input
codecs.py(322):         (result, consumed) = self._buffer_decode(data, self.errors, final)
codecs.py(324):         self.buffer = data[consumed:]
codecs.py(325):         return result
s561123792.py(47):     if n == 0 and x == 0:
s561123792.py(49):     combs = combgen(n)
 --- modulename: s561123792, funcname: combgen
s561123792.py(26):     nums = [i for i in range(1, n+1)]
 --- modulename: s561123792, funcname: <listcomp>
s561123792.py(26):     nums = [i for i in range(1, n+1)]
s561123792.py(26):     nums = [i for i in range(1, n+1)]
s561123792.py(26):     nums = [i for i in range(1, n+1)]
s561123792.py(26):     nums = [i for i in range(1, n+1)]
s561123792.py(26):     nums = [i for i in range(1, n+1)]
s561123792.py(26):     nums = [i for i in range(1, n+1)]
s561123792.py(27):     combs = []
s561123792.py(28):     for i in itertools.combinations(nums, 3):
s561123792.py(29):         combs.append(i)
s561123792.py(28):     for i in itertools.combinations(nums, 3):
s561123792.py(29):         combs.append(i)
s561123792.py(28):     for i in itertools.combinations(nums, 3):
s561123792.py(29):         combs.append(i)
s561123792.py(28):     for i in itertools.combinations(nums, 3):
s561123792.py(29):         combs.append(i)
s561123792.py(28):     for i in itertools.combinations(nums, 3):
s561123792.py(29):         combs.append(i)
s561123792.py(28):     for i in itertools.combinations(nums, 3):
s561123792.py(29):         combs.append(i)
s561123792.py(28):     for i in itertools.combinations(nums, 3):
s561123792.py(29):         combs.append(i)
s561123792.py(28):     for i in itertools.combinations(nums, 3):
s561123792.py(29):         combs.append(i)
s561123792.py(28):     for i in itertools.combinations(nums, 3):
s561123792.py(29):         combs.append(i)
s561123792.py(28):     for i in itertools.combinations(nums, 3):
s561123792.py(29):         combs.append(i)
s561123792.py(28):     for i in itertools.combinations(nums, 3):
s561123792.py(30):     return combs
s561123792.py(50):     result = sum_chk(combs, x)
 --- modulename: s561123792, funcname: sum_chk
s561123792.py(33):     combs = combs
s561123792.py(34):     res = 0
s561123792.py(35):     for i in range(len(combs)):
s561123792.py(37):         if sum(combs[i]) == x:
s561123792.py(35):     for i in range(len(combs)):
s561123792.py(37):         if sum(combs[i]) == x:
s561123792.py(35):     for i in range(len(combs)):
s561123792.py(37):         if sum(combs[i]) == x:
s561123792.py(35):     for i in range(len(combs)):
s561123792.py(37):         if sum(combs[i]) == x:
s561123792.py(35):     for i in range(len(combs)):
s561123792.py(37):         if sum(combs[i]) == x:
s561123792.py(39):             res += 1
s561123792.py(35):     for i in range(len(combs)):
s561123792.py(37):         if sum(combs[i]) == x:
s561123792.py(35):     for i in range(len(combs)):
s561123792.py(37):         if sum(combs[i]) == x:
s561123792.py(39):             res += 1
s561123792.py(35):     for i in range(len(combs)):
s561123792.py(37):         if sum(combs[i]) == x:
s561123792.py(35):     for i in range(len(combs)):
s561123792.py(37):         if sum(combs[i]) == x:
s561123792.py(35):     for i in range(len(combs)):
s561123792.py(37):         if sum(combs[i]) == x:
s561123792.py(35):     for i in range(len(combs)):
s561123792.py(40):     return res
s561123792.py(51):     results. append(result)
s561123792.py(46):     n, x = map(int, input().split())
s561123792.py(47):     if n == 0 and x == 0:
s561123792.py(48):         break
s561123792.py(53): for i in range(len(results)):
s561123792.py(54):     print(results[i])
2
s561123792.py(53): for i in range(len(results)):
