 --- modulename: s152762008, funcname: <module>
s152762008.py(1): class Dice:
 --- modulename: s152762008, funcname: Dice
s152762008.py(1): class Dice:
s152762008.py(3):     __top = 0
s152762008.py(4):     __front = 1
s152762008.py(5):     __right = 2
s152762008.py(6):     __left = 3
s152762008.py(7):     __back = 4
s152762008.py(8):     __bottom = 5
s152762008.py(10):     def __init__(self, a, b, c, d, e, f):
s152762008.py(13):     def S(self):
s152762008.py(22):     def E(self):
s152762008.py(31):     def W(self):
s152762008.py(40):     def N(self):
s152762008.py(49):     def turn(self):
s152762008.py(58):     def top(self):
s152762008.py(61):     def front(self):
s152762008.py(64):     def right(self):
s152762008.py(67):     def left(self):
s152762008.py(70):     def back(self):
s152762008.py(73):     def bottom(self):
s152762008.py(76):     def compare(self, dice):
s152762008.py(87):     def print(self):
s152762008.py(96): def S(dice, top):
s152762008.py(103): def turn(dice, front):
s152762008.py(111): n = int(input())
 --- modulename: codecs, funcname: getstate
codecs.py(333):         return (self.buffer, 0)
 --- modulename: codecs, funcname: decode
codecs.py(321):         data = self.buffer + input
codecs.py(322):         (result, consumed) = self._buffer_decode(data, self.errors, final)
codecs.py(324):         self.buffer = data[consumed:]
codecs.py(325):         return result
s152762008.py(112): dice = []
s152762008.py(114): a, b, c, d, e, f = input().split()
s152762008.py(115): top = max(a,b,c,d,e,f)
s152762008.py(116): dice1 = Dice(a, b, c, d, e, f)
 --- modulename: s152762008, funcname: __init__
s152762008.py(11):         self.__dice = [a,b,c,d,e,f]
s152762008.py(117): dice1 = S(dice1, top)
 --- modulename: s152762008, funcname: S
s152762008.py(97):     for t in range(4):
s152762008.py(98):         if dice.top() == top:
 --- modulename: s152762008, funcname: top
s152762008.py(59):         return(self.__dice[Dice.__top])
s152762008.py(100):         dice.S()
 --- modulename: s152762008, funcname: S
s152762008.py(14):         dice_before = self.__dice[:]
s152762008.py(15):         self.__dice[Dice.__top]    = dice_before[Dice.__back]
s152762008.py(16):         self.__dice[Dice.__front]  = dice_before[Dice.__top]
s152762008.py(17):         self.__dice[Dice.__right]  = dice_before[Dice.__right]
s152762008.py(18):         self.__dice[Dice.__left]   = dice_before[Dice.__left]
s152762008.py(19):         self.__dice[Dice.__back]   = dice_before[Dice.__bottom]
s152762008.py(20):         self.__dice[Dice.__bottom] = dice_before[Dice.__front]
s152762008.py(97):     for t in range(4):
s152762008.py(98):         if dice.top() == top:
 --- modulename: s152762008, funcname: top
s152762008.py(59):         return(self.__dice[Dice.__top])
s152762008.py(100):         dice.S()
 --- modulename: s152762008, funcname: S
s152762008.py(14):         dice_before = self.__dice[:]
s152762008.py(15):         self.__dice[Dice.__top]    = dice_before[Dice.__back]
s152762008.py(16):         self.__dice[Dice.__front]  = dice_before[Dice.__top]
s152762008.py(17):         self.__dice[Dice.__right]  = dice_before[Dice.__right]
s152762008.py(18):         self.__dice[Dice.__left]   = dice_before[Dice.__left]
s152762008.py(19):         self.__dice[Dice.__back]   = dice_before[Dice.__bottom]
s152762008.py(20):         self.__dice[Dice.__bottom] = dice_before[Dice.__front]
s152762008.py(97):     for t in range(4):
s152762008.py(98):         if dice.top() == top:
 --- modulename: s152762008, funcname: top
s152762008.py(59):         return(self.__dice[Dice.__top])
s152762008.py(99):             return dice
s152762008.py(119): for i in range(n - 1):
s152762008.py(120):     a, b, c, d, e, f = input().split()
s152762008.py(121):     dice.append(Dice(a, b, c, d, e, f))
 --- modulename: s152762008, funcname: __init__
s152762008.py(11):         self.__dice = [a,b,c,d,e,f]
s152762008.py(119): for i in range(n - 1):
s152762008.py(120):     a, b, c, d, e, f = input().split()
s152762008.py(121):     dice.append(Dice(a, b, c, d, e, f))
 --- modulename: s152762008, funcname: __init__
s152762008.py(11):         self.__dice = [a,b,c,d,e,f]
s152762008.py(119): for i in range(n - 1):
s152762008.py(123): for i in range(len(dice)):
s152762008.py(124):     for to in range(2):
s152762008.py(125):         dice[i] = S(dice[i], top)
 --- modulename: s152762008, funcname: S
s152762008.py(97):     for t in range(4):
s152762008.py(98):         if dice.top() == top:
 --- modulename: s152762008, funcname: top
s152762008.py(59):         return(self.__dice[Dice.__top])
s152762008.py(99):             return dice
s152762008.py(126):         if dice[i].top() == top:
 --- modulename: s152762008, funcname: top
s152762008.py(59):         return(self.__dice[Dice.__top])
s152762008.py(127):             break
s152762008.py(131):     front = dice1.front()
 --- modulename: s152762008, funcname: front
s152762008.py(62):         return(self.__dice[Dice.__front])
s152762008.py(132):     for fr in range(4):
s152762008.py(133):         dice[i] = turn(dice[i], front)
 --- modulename: s152762008, funcname: turn
s152762008.py(104):     for t in range(4):
s152762008.py(105):         if dice.front() == front:
 --- modulename: s152762008, funcname: front
s152762008.py(62):         return(self.__dice[Dice.__front])
s152762008.py(107):         dice.turn()
 --- modulename: s152762008, funcname: turn
s152762008.py(50):         dice_before = self.__dice[:]
s152762008.py(51):         self.__dice[Dice.__top]    = dice_before[Dice.__top]
s152762008.py(52):         self.__dice[Dice.__front]  = dice_before[Dice.__right]
s152762008.py(53):         self.__dice[Dice.__right]  = dice_before[Dice.__back]
s152762008.py(54):         self.__dice[Dice.__left]   = dice_before[Dice.__front]
s152762008.py(55):         self.__dice[Dice.__back]   = dice_before[Dice.__left]
s152762008.py(56):         self.__dice[Dice.__bottom] = dice_before[Dice.__bottom]
s152762008.py(104):     for t in range(4):
s152762008.py(105):         if dice.front() == front:
 --- modulename: s152762008, funcname: front
s152762008.py(62):         return(self.__dice[Dice.__front])
s152762008.py(107):         dice.turn()
 --- modulename: s152762008, funcname: turn
s152762008.py(50):         dice_before = self.__dice[:]
s152762008.py(51):         self.__dice[Dice.__top]    = dice_before[Dice.__top]
s152762008.py(52):         self.__dice[Dice.__front]  = dice_before[Dice.__right]
s152762008.py(53):         self.__dice[Dice.__right]  = dice_before[Dice.__back]
s152762008.py(54):         self.__dice[Dice.__left]   = dice_before[Dice.__front]
s152762008.py(55):         self.__dice[Dice.__back]   = dice_before[Dice.__left]
s152762008.py(56):         self.__dice[Dice.__bottom] = dice_before[Dice.__bottom]
s152762008.py(104):     for t in range(4):
s152762008.py(105):         if dice.front() == front:
 --- modulename: s152762008, funcname: front
s152762008.py(62):         return(self.__dice[Dice.__front])
s152762008.py(106):             return dice
s152762008.py(134):         if dice[i].front() == front:
 --- modulename: s152762008, funcname: front
s152762008.py(62):         return(self.__dice[Dice.__front])
s152762008.py(135):             break
s152762008.py(137):     if (dice1.compare(dice[i]) == 'Match'):
 --- modulename: s152762008, funcname: compare
s152762008.py(77):         if (self.__dice[Dice.__top]    == dice.__dice[Dice.__top] and
s152762008.py(78):             self.__dice[Dice.__front]  == dice.__dice[Dice.__front] and
s152762008.py(79):             self.__dice[Dice.__right]  == dice.__dice[Dice.__right] and
s152762008.py(80):             self.__dice[Dice.__left]   == dice.__dice[Dice.__left] and
s152762008.py(81):             self.__dice[Dice.__back]   == dice.__dice[Dice.__back] and
s152762008.py(82):             self.__dice[Dice.__bottom] == dice.__dice[Dice.__bottom]):
s152762008.py(83):             return("Match")
s152762008.py(138):         print("No")
No
s152762008.py(139):         exit()
 --- modulename: _sitebuiltins, funcname: __call__
_sitebuiltins.py(22):         try:
_sitebuiltins.py(23):             sys.stdin.close()
_sitebuiltins.py(26):         raise SystemExit(code)
