 --- modulename: s156085057, funcname: <module>
s156085057.py(2): import sys
s156085057.py(3): from collections import defaultdict
 --- modulename: _bootstrap, funcname: _handle_fromlist
<frozen importlib._bootstrap>(1043): <frozen importlib._bootstrap>(1044): <frozen importlib._bootstrap>(1051): <frozen importlib._bootstrap>(1055): <frozen importlib._bootstrap>(1043): <frozen importlib._bootstrap>(1067): s156085057.py(4): input = sys.stdin.readline
s156085057.py(7): def main():
s156085057.py(35): def make_union_find(a, b, n):
s156085057.py(47): def root(union_find_tree, target):
s156085057.py(56): if __name__ == '__main__':
s156085057.py(57):     main()
 --- modulename: s156085057, funcname: main
s156085057.py(8):     n, k, l = map(int, input().split())
 --- modulename: codecs, funcname: getstate
codecs.py(333):         return (self.buffer, 0)
 --- modulename: codecs, funcname: decode
codecs.py(321):         data = self.buffer + input
codecs.py(322):         (result, consumed) = self._buffer_decode(data, self.errors, final)
codecs.py(324):         self.buffer = data[consumed:]
codecs.py(325):         return result
s156085057.py(9):     p, q = [], []
s156085057.py(10):     for _ in range(k):
s156085057.py(11):         pi, qi = map(int, input().split())
s156085057.py(12):         p.append(pi)
s156085057.py(13):         q.append(qi)
s156085057.py(10):     for _ in range(k):
s156085057.py(11):         pi, qi = map(int, input().split())
s156085057.py(12):         p.append(pi)
s156085057.py(13):         q.append(qi)
s156085057.py(10):     for _ in range(k):
s156085057.py(11):         pi, qi = map(int, input().split())
s156085057.py(12):         p.append(pi)
s156085057.py(13):         q.append(qi)
s156085057.py(10):     for _ in range(k):
s156085057.py(14):     r, s = [], []
s156085057.py(15):     for _ in range(l):
s156085057.py(16):         ri, si = map(int, input().split())
s156085057.py(17):         r.append(ri)
s156085057.py(18):         s.append(si)
s156085057.py(15):     for _ in range(l):
s156085057.py(20):     road_tree = make_union_find(p, q, n)
 --- modulename: s156085057, funcname: make_union_find
s156085057.py(36):     union_find_tree = [i for i in range(n)]
 --- modulename: s156085057, funcname: <listcomp>
s156085057.py(36):     union_find_tree = [i for i in range(n)]
s156085057.py(36):     union_find_tree = [i for i in range(n)]
s156085057.py(36):     union_find_tree = [i for i in range(n)]
s156085057.py(36):     union_find_tree = [i for i in range(n)]
s156085057.py(36):     union_find_tree = [i for i in range(n)]
s156085057.py(38):     for i in range(len(a)):
s156085057.py(39):         x = root(union_find_tree, a[i] - 1)
 --- modulename: s156085057, funcname: root
s156085057.py(48):     if union_find_tree[target] == target:
s156085057.py(49):         return target
s156085057.py(40):         y = root(union_find_tree, b[i] - 1)
 --- modulename: s156085057, funcname: root
s156085057.py(48):     if union_find_tree[target] == target:
s156085057.py(49):         return target
s156085057.py(41):         if x != y:
s156085057.py(42):             union_find_tree[x] = y
s156085057.py(38):     for i in range(len(a)):
s156085057.py(39):         x = root(union_find_tree, a[i] - 1)
 --- modulename: s156085057, funcname: root
s156085057.py(48):     if union_find_tree[target] == target:
s156085057.py(49):         return target
s156085057.py(40):         y = root(union_find_tree, b[i] - 1)
 --- modulename: s156085057, funcname: root
s156085057.py(48):     if union_find_tree[target] == target:
s156085057.py(49):         return target
s156085057.py(41):         if x != y:
s156085057.py(42):             union_find_tree[x] = y
s156085057.py(38):     for i in range(len(a)):
s156085057.py(39):         x = root(union_find_tree, a[i] - 1)
 --- modulename: s156085057, funcname: root
s156085057.py(48):     if union_find_tree[target] == target:
s156085057.py(49):         return target
s156085057.py(40):         y = root(union_find_tree, b[i] - 1)
 --- modulename: s156085057, funcname: root
s156085057.py(48):     if union_find_tree[target] == target:
s156085057.py(49):         return target
s156085057.py(41):         if x != y:
s156085057.py(42):             union_find_tree[x] = y
s156085057.py(38):     for i in range(len(a)):
s156085057.py(44):     return union_find_tree
s156085057.py(21):     rail_tree = make_union_find(r, s, n)
 --- modulename: s156085057, funcname: make_union_find
s156085057.py(36):     union_find_tree = [i for i in range(n)]
 --- modulename: s156085057, funcname: <listcomp>
s156085057.py(36):     union_find_tree = [i for i in range(n)]
s156085057.py(36):     union_find_tree = [i for i in range(n)]
s156085057.py(36):     union_find_tree = [i for i in range(n)]
s156085057.py(36):     union_find_tree = [i for i in range(n)]
s156085057.py(36):     union_find_tree = [i for i in range(n)]
s156085057.py(38):     for i in range(len(a)):
s156085057.py(39):         x = root(union_find_tree, a[i] - 1)
 --- modulename: s156085057, funcname: root
s156085057.py(48):     if union_find_tree[target] == target:
s156085057.py(49):         return target
s156085057.py(40):         y = root(union_find_tree, b[i] - 1)
 --- modulename: s156085057, funcname: root
s156085057.py(48):     if union_find_tree[target] == target:
s156085057.py(49):         return target
s156085057.py(41):         if x != y:
s156085057.py(42):             union_find_tree[x] = y
s156085057.py(38):     for i in range(len(a)):
s156085057.py(44):     return union_find_tree
s156085057.py(23):     a, b = [], []
s156085057.py(24):     x = defaultdict(int)
s156085057.py(25):     for i in range(n):
s156085057.py(26):         a.append(root(road_tree, i))
 --- modulename: s156085057, funcname: root
s156085057.py(48):     if union_find_tree[target] == target:
s156085057.py(51):         union_find_tree[target] = root(
s156085057.py(52):             union_find_tree, union_find_tree[target])
s156085057.py(51):         union_find_tree[target] = root(
 --- modulename: s156085057, funcname: root
s156085057.py(48):     if union_find_tree[target] == target:
s156085057.py(51):         union_find_tree[target] = root(
s156085057.py(52):             union_find_tree, union_find_tree[target])
s156085057.py(51):         union_find_tree[target] = root(
 --- modulename: s156085057, funcname: root
s156085057.py(48):     if union_find_tree[target] == target:
s156085057.py(51):         union_find_tree[target] = root(
s156085057.py(52):             union_find_tree, union_find_tree[target])
s156085057.py(51):         union_find_tree[target] = root(
 --- modulename: s156085057, funcname: root
s156085057.py(48):     if union_find_tree[target] == target:
s156085057.py(49):         return target
s156085057.py(53):         return union_find_tree[target]
s156085057.py(53):         return union_find_tree[target]
s156085057.py(53):         return union_find_tree[target]
s156085057.py(27):         b.append(root(rail_tree, i))
 --- modulename: s156085057, funcname: root
s156085057.py(48):     if union_find_tree[target] == target:
s156085057.py(49):         return target
s156085057.py(28):         key = (a[i], b[i])
s156085057.py(29):         x[key] += 1
s156085057.py(25):     for i in range(n):
s156085057.py(26):         a.append(root(road_tree, i))
 --- modulename: s156085057, funcname: root
s156085057.py(48):     if union_find_tree[target] == target:
s156085057.py(51):         union_find_tree[target] = root(
s156085057.py(52):             union_find_tree, union_find_tree[target])
s156085057.py(51):         union_find_tree[target] = root(
 --- modulename: s156085057, funcname: root
s156085057.py(48):     if union_find_tree[target] == target:
s156085057.py(49):         return target
s156085057.py(53):         return union_find_tree[target]
s156085057.py(27):         b.append(root(rail_tree, i))
 --- modulename: s156085057, funcname: root
s156085057.py(48):     if union_find_tree[target] == target:
s156085057.py(51):         union_find_tree[target] = root(
s156085057.py(52):             union_find_tree, union_find_tree[target])
s156085057.py(51):         union_find_tree[target] = root(
 --- modulename: s156085057, funcname: root
s156085057.py(48):     if union_find_tree[target] == target:
s156085057.py(49):         return target
s156085057.py(53):         return union_find_tree[target]
s156085057.py(28):         key = (a[i], b[i])
s156085057.py(29):         x[key] += 1
s156085057.py(25):     for i in range(n):
s156085057.py(26):         a.append(root(road_tree, i))
 --- modulename: s156085057, funcname: root
s156085057.py(48):     if union_find_tree[target] == target:
s156085057.py(51):         union_find_tree[target] = root(
s156085057.py(52):             union_find_tree, union_find_tree[target])
s156085057.py(51):         union_find_tree[target] = root(
 --- modulename: s156085057, funcname: root
s156085057.py(48):     if union_find_tree[target] == target:
s156085057.py(49):         return target
s156085057.py(53):         return union_find_tree[target]
s156085057.py(27):         b.append(root(rail_tree, i))
 --- modulename: s156085057, funcname: root
s156085057.py(48):     if union_find_tree[target] == target:
s156085057.py(49):         return target
s156085057.py(28):         key = (a[i], b[i])
s156085057.py(29):         x[key] += 1
s156085057.py(25):     for i in range(n):
s156085057.py(26):         a.append(root(road_tree, i))
 --- modulename: s156085057, funcname: root
s156085057.py(48):     if union_find_tree[target] == target:
s156085057.py(49):         return target
s156085057.py(27):         b.append(root(rail_tree, i))
 --- modulename: s156085057, funcname: root
s156085057.py(48):     if union_find_tree[target] == target:
s156085057.py(49):         return target
s156085057.py(28):         key = (a[i], b[i])
s156085057.py(29):         x[key] += 1
s156085057.py(25):     for i in range(n):
s156085057.py(31):     for i in range(n):
s156085057.py(32):         print(x[(a[i], b[i])], end=' ')
1 s156085057.py(31):     for i in range(n):
s156085057.py(32):         print(x[(a[i], b[i])], end=' ')
2 s156085057.py(31):     for i in range(n):
s156085057.py(32):         print(x[(a[i], b[i])], end=' ')
2 s156085057.py(31):     for i in range(n):
s156085057.py(32):         print(x[(a[i], b[i])], end=' ')
1 s156085057.py(31):     for i in range(n):
