 --- modulename: s157383903, funcname: <module>
s157383903.py(1): import sys
s157383903.py(3): sys.setrecursionlimit(10 ** 6)
s157383903.py(4): int1 = lambda x: int(x) - 1
s157383903.py(5): p2D = lambda x: print(*x, sep="\n")
s157383903.py(6): def IS(): return sys.stdin.readline()
s157383903.py(7): def II(): return int(sys.stdin.readline())
s157383903.py(8): def MI(): return map(int, sys.stdin.readline().split())
s157383903.py(9): def LI(): return list(map(int, sys.stdin.readline().split()))
s157383903.py(10): def LI1(): return list(map(int1, sys.stdin.readline().split()))
s157383903.py(11): def LII(rows_number): return [II() for _ in range(rows_number)]
s157383903.py(12): def LLI(rows_number): return [LI() for _ in range(rows_number)]
s157383903.py(13): def LLI1(rows_number): return [LI1() for _ in range(rows_number)]
s157383903.py(15): def main():
s157383903.py(19): main()
 --- modulename: s157383903, funcname: main
s157383903.py(16): 	r = II()
 --- modulename: s157383903, funcname: II
s157383903.py(7): def II(): return int(sys.stdin.readline())
 --- modulename: codecs, funcname: getstate
codecs.py(333):         return (self.buffer, 0)
 --- modulename: codecs, funcname: decode
codecs.py(321):         data = self.buffer + input
codecs.py(322):         (result, consumed) = self._buffer_decode(data, self.errors, final)
codecs.py(324):         self.buffer = data[consumed:]
codecs.py(325):         return result
s157383903.py(17): 	print(r*r)
4
