 --- modulename: s162424298, funcname: <module>
s162424298.py(5): import sys
s162424298.py(6): input = sys.stdin.buffer.readline
s162424298.py(9): class DiGraph:
 --- modulename: s162424298, funcname: DiGraph
s162424298.py(9): class DiGraph:
s162424298.py(10):     def __init__(self, n, decrement=True, destroy=False, edges=[]):
s162424298.py(22):     def add_edge(self, x, y):
s162424298.py(29):     def topological_sort(self):
s162424298.py(44):     def draw(self):
s162424298.py(64): def main():
s162424298.py(80): if __name__ == '__main__':
s162424298.py(81):     main()
 --- modulename: s162424298, funcname: main
s162424298.py(65):     N, M = map(int, input().split())
s162424298.py(67):     M = N - 1 + M
s162424298.py(68):     graph = DiGraph(N, decrement=True, destroy=False)
 --- modulename: s162424298, funcname: __init__
s162424298.py(14):         self.n = n
s162424298.py(15):         self.decrement = decrement
s162424298.py(16):         self.destroy = destroy
s162424298.py(17):         self.edges = [set() for _ in range(self.n)]
 --- modulename: s162424298, funcname: <listcomp>
s162424298.py(17):         self.edges = [set() for _ in range(self.n)]
s162424298.py(17):         self.edges = [set() for _ in range(self.n)]
s162424298.py(17):         self.edges = [set() for _ in range(self.n)]
s162424298.py(17):         self.edges = [set() for _ in range(self.n)]
s162424298.py(18):         self.incs = [0]*self.n
s162424298.py(19):         for x, y in edges:
s162424298.py(69):     for _ in range(M):
s162424298.py(70):         A, B = map(int, input().split())
s162424298.py(71):         graph.add_edge(A, B)
 --- modulename: s162424298, funcname: add_edge
s162424298.py(23):         if self.decrement:
s162424298.py(24):             x -= 1
s162424298.py(25):             y -= 1
s162424298.py(26):         self.edges[x].add(y)
s162424298.py(27):         self.incs[y] += 1
s162424298.py(69):     for _ in range(M):
s162424298.py(70):         A, B = map(int, input().split())
s162424298.py(71):         graph.add_edge(A, B)
 --- modulename: s162424298, funcname: add_edge
s162424298.py(23):         if self.decrement:
s162424298.py(24):             x -= 1
s162424298.py(25):             y -= 1
s162424298.py(26):         self.edges[x].add(y)
s162424298.py(27):         self.incs[y] += 1
s162424298.py(69):     for _ in range(M):
s162424298.py(70):         A, B = map(int, input().split())
s162424298.py(71):         graph.add_edge(A, B)
 --- modulename: s162424298, funcname: add_edge
s162424298.py(23):         if self.decrement:
s162424298.py(24):             x -= 1
s162424298.py(25):             y -= 1
s162424298.py(26):         self.edges[x].add(y)
s162424298.py(27):         self.incs[y] += 1
s162424298.py(69):     for _ in range(M):
s162424298.py(73):     temp = graph.topological_sort()
 --- modulename: s162424298, funcname: topological_sort
s162424298.py(30):         next_set = {p for p, inc in enumerate(self.incs) if inc == 0}
 --- modulename: s162424298, funcname: <setcomp>
s162424298.py(30):         next_set = {p for p, inc in enumerate(self.incs) if inc == 0}
s162424298.py(30):         next_set = {p for p, inc in enumerate(self.incs) if inc == 0}
s162424298.py(30):         next_set = {p for p, inc in enumerate(self.incs) if inc == 0}
s162424298.py(30):         next_set = {p for p, inc in enumerate(self.incs) if inc == 0}
s162424298.py(31):         res = []
s162424298.py(32):         while next_set:
s162424298.py(33):             p = next_set.pop()
s162424298.py(34):             res.append(p+self.decrement)
s162424298.py(35):             for q in self.edges[p]:
s162424298.py(36):                 self.incs[q] -= 1
s162424298.py(37):                 if self.incs[q] == 0:
s162424298.py(38):                     next_set.add(q)
s162424298.py(35):             for q in self.edges[p]:
s162424298.py(36):                 self.incs[q] -= 1
s162424298.py(37):                 if self.incs[q] == 0:
s162424298.py(35):             for q in self.edges[p]:
s162424298.py(32):         while next_set:
s162424298.py(33):             p = next_set.pop()
s162424298.py(34):             res.append(p+self.decrement)
s162424298.py(35):             for q in self.edges[p]:
s162424298.py(36):                 self.incs[q] -= 1
s162424298.py(37):                 if self.incs[q] == 0:
s162424298.py(38):                     next_set.add(q)
s162424298.py(35):             for q in self.edges[p]:
s162424298.py(32):         while next_set:
s162424298.py(33):             p = next_set.pop()
s162424298.py(34):             res.append(p+self.decrement)
s162424298.py(35):             for q in self.edges[p]:
s162424298.py(32):         while next_set:
s162424298.py(39):         if len(res) == self.n:
s162424298.py(40):             return res
s162424298.py(74):     res = [0]*N
s162424298.py(75):     for p in temp:
s162424298.py(76):         for q in graph.edges[p-1]:
s162424298.py(77):             res[q] = p
s162424298.py(76):         for q in graph.edges[p-1]:
s162424298.py(77):             res[q] = p
s162424298.py(76):         for q in graph.edges[p-1]:
s162424298.py(75):     for p in temp:
s162424298.py(76):         for q in graph.edges[p-1]:
s162424298.py(77):             res[q] = p
s162424298.py(76):         for q in graph.edges[p-1]:
s162424298.py(75):     for p in temp:
s162424298.py(76):         for q in graph.edges[p-1]:
s162424298.py(75):     for p in temp:
s162424298.py(78):     print(*res, sep="\n")
0
1
2
