 --- modulename: s162820675, funcname: <module>
s162820675.py(1): __author__ = 'zhewang711'
s162820675.py(2): import sys
s162820675.py(3): sys.setrecursionlimit(200000)
s162820675.py(4): class Graph:
 --- modulename: s162820675, funcname: Graph
s162820675.py(4): class Graph:
s162820675.py(5):     def __init__(self):
s162820675.py(12):     def insert_vertice(self):
s162820675.py(17):     def insert_edge(self, s, d):
s162820675.py(24):     def get_input(self):
s162820675.py(42):     def read_input(self, filename):
s162820675.py(63):     def DFS(self, root):
s162820675.py(77):     def _critical_points(self, root):
s162820675.py(89): g = Graph()
 --- modulename: s162820675, funcname: __init__
s162820675.py(6):         self.vertices = 0
s162820675.py(7):         self.outgoing = {}
s162820675.py(8):         self.root_cnt = 0
s162820675.py(10):         self.result = set()
s162820675.py(90): g.get_input()
 --- modulename: s162820675, funcname: get_input
s162820675.py(25):         s = input()
 --- modulename: codecs, funcname: getstate
codecs.py(333):         return (self.buffer, 0)
 --- modulename: codecs, funcname: decode
codecs.py(321):         data = self.buffer + input
codecs.py(322):         (result, consumed) = self._buffer_decode(data, self.errors, final)
codecs.py(324):         self.buffer = data[consumed:]
codecs.py(325):         return result
s162820675.py(26):         V, E = int(s.split()[0]), int(s.split()[1])
s162820675.py(27):         self.discovery = [None for i in range(V)]
 --- modulename: s162820675, funcname: <listcomp>
s162820675.py(27):         self.discovery = [None for i in range(V)]
s162820675.py(27):         self.discovery = [None for i in range(V)]
s162820675.py(27):         self.discovery = [None for i in range(V)]
s162820675.py(27):         self.discovery = [None for i in range(V)]
s162820675.py(27):         self.discovery = [None for i in range(V)]
s162820675.py(28):         self.clock = 0
s162820675.py(29):         self.explored = [False for i in range(V)]
 --- modulename: s162820675, funcname: <listcomp>
s162820675.py(29):         self.explored = [False for i in range(V)]
s162820675.py(29):         self.explored = [False for i in range(V)]
s162820675.py(29):         self.explored = [False for i in range(V)]
s162820675.py(29):         self.explored = [False for i in range(V)]
s162820675.py(29):         self.explored = [False for i in range(V)]
s162820675.py(30):         self.father = [None for i in range(V)]
 --- modulename: s162820675, funcname: <listcomp>
s162820675.py(30):         self.father = [None for i in range(V)]
s162820675.py(30):         self.father = [None for i in range(V)]
s162820675.py(30):         self.father = [None for i in range(V)]
s162820675.py(30):         self.father = [None for i in range(V)]
s162820675.py(30):         self.father = [None for i in range(V)]
s162820675.py(31):         self.backing = [None for i in range(V)]
 --- modulename: s162820675, funcname: <listcomp>
s162820675.py(31):         self.backing = [None for i in range(V)]
s162820675.py(31):         self.backing = [None for i in range(V)]
s162820675.py(31):         self.backing = [None for i in range(V)]
s162820675.py(31):         self.backing = [None for i in range(V)]
s162820675.py(31):         self.backing = [None for i in range(V)]
s162820675.py(32):         self.sub_have_backing = [None for i in range(V)]
 --- modulename: s162820675, funcname: <listcomp>
s162820675.py(32):         self.sub_have_backing = [None for i in range(V)]
s162820675.py(32):         self.sub_have_backing = [None for i in range(V)]
s162820675.py(32):         self.sub_have_backing = [None for i in range(V)]
s162820675.py(32):         self.sub_have_backing = [None for i in range(V)]
s162820675.py(32):         self.sub_have_backing = [None for i in range(V)]
s162820675.py(33):         self.is_leaf = [None for i in range(V)]
 --- modulename: s162820675, funcname: <listcomp>
s162820675.py(33):         self.is_leaf = [None for i in range(V)]
s162820675.py(33):         self.is_leaf = [None for i in range(V)]
s162820675.py(33):         self.is_leaf = [None for i in range(V)]
s162820675.py(33):         self.is_leaf = [None for i in range(V)]
s162820675.py(33):         self.is_leaf = [None for i in range(V)]
s162820675.py(34):         for i in range(V):
s162820675.py(35):             self.insert_vertice()
 --- modulename: s162820675, funcname: insert_vertice
s162820675.py(13):         self.vertices += 1
s162820675.py(14):         self.outgoing[self.vertices - 1] = []
s162820675.py(34):         for i in range(V):
s162820675.py(35):             self.insert_vertice()
 --- modulename: s162820675, funcname: insert_vertice
s162820675.py(13):         self.vertices += 1
s162820675.py(14):         self.outgoing[self.vertices - 1] = []
s162820675.py(34):         for i in range(V):
s162820675.py(35):             self.insert_vertice()
 --- modulename: s162820675, funcname: insert_vertice
s162820675.py(13):         self.vertices += 1
s162820675.py(14):         self.outgoing[self.vertices - 1] = []
s162820675.py(34):         for i in range(V):
s162820675.py(35):             self.insert_vertice()
 --- modulename: s162820675, funcname: insert_vertice
s162820675.py(13):         self.vertices += 1
s162820675.py(14):         self.outgoing[self.vertices - 1] = []
s162820675.py(34):         for i in range(V):
s162820675.py(36):         for i in range(E):
s162820675.py(37):             s = input()
s162820675.py(38):             self.insert_edge(int(s.split()[0]), int(s.split()[1]))
 --- modulename: s162820675, funcname: insert_edge
s162820675.py(18):         if s >= self.vertices or d >= self.vertices:
s162820675.py(21):             self.outgoing[s].append(d)
s162820675.py(22):             self.outgoing[d].append(s)
s162820675.py(36):         for i in range(E):
s162820675.py(37):             s = input()
s162820675.py(38):             self.insert_edge(int(s.split()[0]), int(s.split()[1]))
 --- modulename: s162820675, funcname: insert_edge
s162820675.py(18):         if s >= self.vertices or d >= self.vertices:
s162820675.py(21):             self.outgoing[s].append(d)
s162820675.py(22):             self.outgoing[d].append(s)
s162820675.py(36):         for i in range(E):
s162820675.py(37):             s = input()
s162820675.py(38):             self.insert_edge(int(s.split()[0]), int(s.split()[1]))
 --- modulename: s162820675, funcname: insert_edge
s162820675.py(18):         if s >= self.vertices or d >= self.vertices:
s162820675.py(21):             self.outgoing[s].append(d)
s162820675.py(22):             self.outgoing[d].append(s)
s162820675.py(36):         for i in range(E):
s162820675.py(37):             s = input()
s162820675.py(38):             self.insert_edge(int(s.split()[0]), int(s.split()[1]))
 --- modulename: s162820675, funcname: insert_edge
s162820675.py(18):         if s >= self.vertices or d >= self.vertices:
s162820675.py(21):             self.outgoing[s].append(d)
s162820675.py(22):             self.outgoing[d].append(s)
s162820675.py(36):         for i in range(E):
s162820675.py(92): g.DFS(0)
 --- modulename: s162820675, funcname: DFS
s162820675.py(64):         self.explored[root] = True
s162820675.py(65):         self.discovery[root] = self.clock
s162820675.py(66):         self.backing[root] = self.clock
s162820675.py(67):         self.clock += 1
s162820675.py(68):         self.is_leaf[root] = True
s162820675.py(69):         for ver in self.outgoing[root]:
s162820675.py(70):             if not self.explored[ver]:
s162820675.py(71):                 self.is_leaf[root] = False
s162820675.py(72):                 self.DFS(ver)
 --- modulename: s162820675, funcname: DFS
s162820675.py(64):         self.explored[root] = True
s162820675.py(65):         self.discovery[root] = self.clock
s162820675.py(66):         self.backing[root] = self.clock
s162820675.py(67):         self.clock += 1
s162820675.py(68):         self.is_leaf[root] = True
s162820675.py(69):         for ver in self.outgoing[root]:
s162820675.py(70):             if not self.explored[ver]:
s162820675.py(75):                 self.backing[root] = min(self.backing[root], self.discovery[ver])
s162820675.py(69):         for ver in self.outgoing[root]:
s162820675.py(70):             if not self.explored[ver]:
s162820675.py(71):                 self.is_leaf[root] = False
s162820675.py(72):                 self.DFS(ver)
 --- modulename: s162820675, funcname: DFS
s162820675.py(64):         self.explored[root] = True
s162820675.py(65):         self.discovery[root] = self.clock
s162820675.py(66):         self.backing[root] = self.clock
s162820675.py(67):         self.clock += 1
s162820675.py(68):         self.is_leaf[root] = True
s162820675.py(69):         for ver in self.outgoing[root]:
s162820675.py(70):             if not self.explored[ver]:
s162820675.py(75):                 self.backing[root] = min(self.backing[root], self.discovery[ver])
s162820675.py(69):         for ver in self.outgoing[root]:
s162820675.py(70):             if not self.explored[ver]:
s162820675.py(75):                 self.backing[root] = min(self.backing[root], self.discovery[ver])
s162820675.py(69):         for ver in self.outgoing[root]:
s162820675.py(70):             if not self.explored[ver]:
s162820675.py(71):                 self.is_leaf[root] = False
s162820675.py(72):                 self.DFS(ver)
 --- modulename: s162820675, funcname: DFS
s162820675.py(64):         self.explored[root] = True
s162820675.py(65):         self.discovery[root] = self.clock
s162820675.py(66):         self.backing[root] = self.clock
s162820675.py(67):         self.clock += 1
s162820675.py(68):         self.is_leaf[root] = True
s162820675.py(69):         for ver in self.outgoing[root]:
s162820675.py(70):             if not self.explored[ver]:
s162820675.py(75):                 self.backing[root] = min(self.backing[root], self.discovery[ver])
s162820675.py(69):         for ver in self.outgoing[root]:
s162820675.py(73):                 self.backing[root] = min(self.backing[root], self.backing[ver])
s162820675.py(69):         for ver in self.outgoing[root]:
s162820675.py(73):                 self.backing[root] = min(self.backing[root], self.backing[ver])
s162820675.py(69):         for ver in self.outgoing[root]:
s162820675.py(73):                 self.backing[root] = min(self.backing[root], self.backing[ver])
s162820675.py(69):         for ver in self.outgoing[root]:
s162820675.py(70):             if not self.explored[ver]:
s162820675.py(75):                 self.backing[root] = min(self.backing[root], self.discovery[ver])
s162820675.py(69):         for ver in self.outgoing[root]:
s162820675.py(93): g.clock = 0
s162820675.py(94): g.discovery = [None for i in range(g.vertices)]
 --- modulename: s162820675, funcname: <listcomp>
s162820675.py(94): g.discovery = [None for i in range(g.vertices)]
s162820675.py(94): g.discovery = [None for i in range(g.vertices)]
s162820675.py(94): g.discovery = [None for i in range(g.vertices)]
s162820675.py(94): g.discovery = [None for i in range(g.vertices)]
s162820675.py(94): g.discovery = [None for i in range(g.vertices)]
s162820675.py(95): g.explored = [False for i in range(g.vertices)]
 --- modulename: s162820675, funcname: <listcomp>
s162820675.py(95): g.explored = [False for i in range(g.vertices)]
s162820675.py(95): g.explored = [False for i in range(g.vertices)]
s162820675.py(95): g.explored = [False for i in range(g.vertices)]
s162820675.py(95): g.explored = [False for i in range(g.vertices)]
s162820675.py(95): g.explored = [False for i in range(g.vertices)]
s162820675.py(96): g._critical_points(0)
 --- modulename: s162820675, funcname: _critical_points
s162820675.py(78):         self.explored[root] = True
s162820675.py(79):         self.discovery[root] = self.clock
s162820675.py(80):         self.clock += 1
s162820675.py(81):         for ver in self.outgoing[root]:
s162820675.py(82):             if not self.explored[ver]:
s162820675.py(83):                 if root == 0:
s162820675.py(84):                     self.root_cnt += 1
s162820675.py(85):                 if self.backing[ver] >= self.discovery[root] and root !=0 and not self.is_leaf[root]:
s162820675.py(87):                 self._critical_points(ver)
 --- modulename: s162820675, funcname: _critical_points
s162820675.py(78):         self.explored[root] = True
s162820675.py(79):         self.discovery[root] = self.clock
s162820675.py(80):         self.clock += 1
s162820675.py(81):         for ver in self.outgoing[root]:
s162820675.py(82):             if not self.explored[ver]:
s162820675.py(81):         for ver in self.outgoing[root]:
s162820675.py(82):             if not self.explored[ver]:
s162820675.py(83):                 if root == 0:
s162820675.py(85):                 if self.backing[ver] >= self.discovery[root] and root !=0 and not self.is_leaf[root]:
s162820675.py(87):                 self._critical_points(ver)
 --- modulename: s162820675, funcname: _critical_points
s162820675.py(78):         self.explored[root] = True
s162820675.py(79):         self.discovery[root] = self.clock
s162820675.py(80):         self.clock += 1
s162820675.py(81):         for ver in self.outgoing[root]:
s162820675.py(82):             if not self.explored[ver]:
s162820675.py(81):         for ver in self.outgoing[root]:
s162820675.py(82):             if not self.explored[ver]:
s162820675.py(81):         for ver in self.outgoing[root]:
s162820675.py(82):             if not self.explored[ver]:
s162820675.py(83):                 if root == 0:
s162820675.py(85):                 if self.backing[ver] >= self.discovery[root] and root !=0 and not self.is_leaf[root]:
s162820675.py(86):                     self.result.add(root)
s162820675.py(87):                 self._critical_points(ver)
 --- modulename: s162820675, funcname: _critical_points
s162820675.py(78):         self.explored[root] = True
s162820675.py(79):         self.discovery[root] = self.clock
s162820675.py(80):         self.clock += 1
s162820675.py(81):         for ver in self.outgoing[root]:
s162820675.py(82):             if not self.explored[ver]:
s162820675.py(81):         for ver in self.outgoing[root]:
s162820675.py(81):         for ver in self.outgoing[root]:
s162820675.py(81):         for ver in self.outgoing[root]:
s162820675.py(81):         for ver in self.outgoing[root]:
s162820675.py(82):             if not self.explored[ver]:
s162820675.py(81):         for ver in self.outgoing[root]:
s162820675.py(97): if g.root_cnt >= 2:
s162820675.py(99): l = sorted(g.result)
s162820675.py(100): for i in l:
s162820675.py(101):     print(i)
2
s162820675.py(100): for i in l:
